2025-07-01T14:43:50.8684727Z Current runner version: '2.325.0'
2025-07-01T14:43:50.8709384Z ##[group]Runner Image Provisioner
2025-07-01T14:43:50.8710404Z Hosted Compute Agent
2025-07-01T14:43:50.8711016Z Version: 20250620.352
2025-07-01T14:43:50.8711663Z Commit: f262f3aba23b10ea191b2a62bdee1ca4c3d344da
2025-07-01T14:43:50.8712436Z Build Date: 2025-06-20T19:27:17Z
2025-07-01T14:43:50.8713062Z ##[endgroup]
2025-07-01T14:43:50.8713629Z ##[group]Operating System
2025-07-01T14:43:50.8714291Z Ubuntu
2025-07-01T14:43:50.8714761Z 24.04.2
2025-07-01T14:43:50.8715241Z LTS
2025-07-01T14:43:50.8715802Z ##[endgroup]
2025-07-01T14:43:50.8716341Z ##[group]Runner Image
2025-07-01T14:43:50.8716923Z Image: ubuntu-24.04
2025-07-01T14:43:50.8717552Z Version: 20250622.1.0
2025-07-01T14:43:50.8718947Z Included Software: https://github.com/actions/runner-images/blob/ubuntu24/20250622.1/images/ubuntu/Ubuntu2404-Readme.md
2025-07-01T14:43:50.8720633Z Image Release: https://github.com/actions/runner-images/releases/tag/ubuntu24%2F20250622.1
2025-07-01T14:43:50.8721693Z ##[endgroup]
2025-07-01T14:43:50.8724273Z ##[group]GITHUB_TOKEN Permissions
2025-07-01T14:43:50.8726670Z Actions: write
2025-07-01T14:43:50.8727339Z Attestations: write
2025-07-01T14:43:50.8728179Z Checks: write
2025-07-01T14:43:50.8728744Z Contents: write
2025-07-01T14:43:50.8729326Z Deployments: write
2025-07-01T14:43:50.8729914Z Discussions: write
2025-07-01T14:43:50.8730517Z Issues: write
2025-07-01T14:43:50.8731068Z Metadata: read
2025-07-01T14:43:50.8731640Z Models: read
2025-07-01T14:43:50.8732179Z Packages: write
2025-07-01T14:43:50.8732775Z Pages: write
2025-07-01T14:43:50.8733325Z PullRequests: write
2025-07-01T14:43:50.8733916Z RepositoryProjects: write
2025-07-01T14:43:50.8734594Z SecurityEvents: write
2025-07-01T14:43:50.8735273Z Statuses: write
2025-07-01T14:43:50.8735793Z ##[endgroup]
2025-07-01T14:43:50.8738251Z Secret source: Actions
2025-07-01T14:43:50.8739044Z Prepare workflow directory
2025-07-01T14:43:50.9055535Z Prepare all required actions
2025-07-01T14:43:50.9092669Z Getting action download info
2025-07-01T14:43:51.3882497Z ##[group]Download immutable action package 'actions/checkout@v4'
2025-07-01T14:43:51.3883617Z Version: 4.2.2
2025-07-01T14:43:51.3884686Z Digest: sha256:ccb2698953eaebd21c7bf6268a94f9c26518a7e38e27e0b83c1fe1ad049819b1
2025-07-01T14:43:51.3885822Z Source commit SHA: 11bd71901bbe5b1630ceea73d27597364c9af683
2025-07-01T14:43:51.3886596Z ##[endgroup]
2025-07-01T14:43:51.4791357Z ##[group]Download immutable action package 'actions/setup-go@v5'
2025-07-01T14:43:51.4792162Z Version: 5.5.0
2025-07-01T14:43:51.4793033Z Digest: sha256:f5eeb2233d0c6714b5236de9b44ad0b935014e15eeab3c28d73dc44c1c641ebb
2025-07-01T14:43:51.4793993Z Source commit SHA: d35c59abb061a4a6fb18e82ac0862c26744d6ab5
2025-07-01T14:43:51.4794675Z ##[endgroup]
2025-07-01T14:43:51.8046442Z Download action repository 'ava-labs/avalanchego@092cf182dd92b66a8ab882b657d3ae52b174c913' (SHA:092cf182dd92b66a8ab882b657d3ae52b174c913)
2025-07-01T14:43:53.0611375Z Getting action download info
2025-07-01T14:43:53.2484894Z Download action repository 'cachix/install-nix-action@02a151ada4993995686f9ed4f1be7cfbb229e56f' (SHA:02a151ada4993995686f9ed4f1be7cfbb229e56f)
2025-07-01T14:43:53.7154523Z ##[group]Download immutable action package 'actions/upload-artifact@v4'
2025-07-01T14:43:53.7154983Z Version: 4.6.2
2025-07-01T14:43:53.7155374Z Digest: sha256:290722aa3281d5caf23d0acdc3dbeb3424786a1a01a9cc97e72f147225e37c38
2025-07-01T14:43:53.7155870Z Source commit SHA: ea165f8d65b6e75b540449e92b4886f43607fa02
2025-07-01T14:43:53.7156210Z ##[endgroup]
2025-07-01T14:43:53.8585511Z Complete job name: e2e load tests
2025-07-01T14:43:53.9285077Z ##[group]Run actions/checkout@v4
2025-07-01T14:43:53.9285733Z with:
2025-07-01T14:43:53.9285995Z   fetch-depth: 0
2025-07-01T14:43:53.9286285Z   repository: ava-labs/subnet-evm
2025-07-01T14:43:53.9286755Z   token: ***
2025-07-01T14:43:53.9287022Z   ssh-strict: true
2025-07-01T14:43:53.9287285Z   ssh-user: git
2025-07-01T14:43:53.9287564Z   persist-credentials: true
2025-07-01T14:43:53.9288030Z   clean: true
2025-07-01T14:43:53.9288554Z   sparse-checkout-cone-mode: true
2025-07-01T14:43:53.9288872Z   fetch-tags: false
2025-07-01T14:43:53.9289141Z   show-progress: true
2025-07-01T14:43:53.9289401Z   lfs: false
2025-07-01T14:43:53.9289652Z   submodules: false
2025-07-01T14:43:53.9289924Z   set-safe-directory: true
2025-07-01T14:43:53.9290503Z ##[endgroup]
2025-07-01T14:43:54.0353223Z Syncing repository: ava-labs/subnet-evm
2025-07-01T14:43:54.0354687Z ##[group]Getting Git version info
2025-07-01T14:43:54.0355164Z Working directory is '/home/runner/work/subnet-evm/subnet-evm'
2025-07-01T14:43:54.0355883Z [command]/usr/bin/git version
2025-07-01T14:43:54.0446318Z git version 2.49.0
2025-07-01T14:43:54.0472997Z ##[endgroup]
2025-07-01T14:43:54.0487107Z Temporarily overriding HOME='/home/runner/work/_temp/7ced98a0-001a-45dd-8f42-f9a1aa97320f' before making global git config changes
2025-07-01T14:43:54.0488435Z Adding repository directory to the temporary git global config as a safe directory
2025-07-01T14:43:54.0492523Z [command]/usr/bin/git config --global --add safe.directory /home/runner/work/subnet-evm/subnet-evm
2025-07-01T14:43:54.0527310Z Deleting the contents of '/home/runner/work/subnet-evm/subnet-evm'
2025-07-01T14:43:54.0531063Z ##[group]Initializing the repository
2025-07-01T14:43:54.0534718Z [command]/usr/bin/git init /home/runner/work/subnet-evm/subnet-evm
2025-07-01T14:43:54.0604246Z hint: Using 'master' as the name for the initial branch. This default branch name
2025-07-01T14:43:54.0605248Z hint: is subject to change. To configure the initial branch name to use in all
2025-07-01T14:43:54.0606201Z hint: of your new repositories, which will suppress this warning, call:
2025-07-01T14:43:54.0606900Z hint:
2025-07-01T14:43:54.0607367Z hint: 	git config --global init.defaultBranch <name>
2025-07-01T14:43:54.0607994Z hint:
2025-07-01T14:43:54.0608382Z hint: Names commonly chosen instead of 'master' are 'main', 'trunk' and
2025-07-01T14:43:54.0609004Z hint: 'development'. The just-created branch can be renamed via this command:
2025-07-01T14:43:54.0609494Z hint:
2025-07-01T14:43:54.0609764Z hint: 	git branch -m <name>
2025-07-01T14:43:54.0613014Z Initialized empty Git repository in /home/runner/work/subnet-evm/subnet-evm/.git/
2025-07-01T14:43:54.0623760Z [command]/usr/bin/git remote add origin https://github.com/ava-labs/subnet-evm
2025-07-01T14:43:54.0656899Z ##[endgroup]
2025-07-01T14:43:54.0657875Z ##[group]Disabling automatic garbage collection
2025-07-01T14:43:54.0662036Z [command]/usr/bin/git config --local gc.auto 0
2025-07-01T14:43:54.0689640Z ##[endgroup]
2025-07-01T14:43:54.0690467Z ##[group]Setting up auth
2025-07-01T14:43:54.0697297Z [command]/usr/bin/git config --local --name-only --get-regexp core\.sshCommand
2025-07-01T14:43:54.0726956Z [command]/usr/bin/git submodule foreach --recursive sh -c "git config --local --name-only --get-regexp 'core\.sshCommand' && git config --local --unset-all 'core.sshCommand' || :"
2025-07-01T14:43:54.1044397Z [command]/usr/bin/git config --local --name-only --get-regexp http\.https\:\/\/github\.com\/\.extraheader
2025-07-01T14:43:54.1074521Z [command]/usr/bin/git submodule foreach --recursive sh -c "git config --local --name-only --get-regexp 'http\.https\:\/\/github\.com\/\.extraheader' && git config --local --unset-all 'http.https://github.com/.extraheader' || :"
2025-07-01T14:43:54.1293427Z [command]/usr/bin/git config --local http.https://github.com/.extraheader AUTHORIZATION: basic ***
2025-07-01T14:43:54.1329062Z ##[endgroup]
2025-07-01T14:43:54.1329840Z ##[group]Fetching the repository
2025-07-01T14:43:54.1338235Z [command]/usr/bin/git -c protocol.version=2 fetch --prune --no-recurse-submodules origin +refs/heads/*:refs/remotes/origin/* +refs/tags/*:refs/tags/* +c46a4f11ecd55a5ab361920393adf5859e0dc097:refs/remotes/pull/1610/merge
2025-07-01T14:44:07.5127911Z From https://github.com/ava-labs/subnet-evm
2025-07-01T14:44:07.5129069Z  * [new branch]          0.7.2-avalanchego-v1.13.0-fuji-rc.2 -> origin/0.7.2-avalanchego-v1.13.0-fuji-rc.2
2025-07-01T14:44:07.5130401Z  * [new branch]          HelloWorldOfficialTutorial -> origin/HelloWorldOfficialTutorial
2025-07-01T14:44:07.5131440Z  * [new branch]          abi-fuzz-testing          -> origin/abi-fuzz-testing
2025-07-01T14:44:07.5132254Z  * [new branch]          abi-standardize           -> origin/abi-standardize
2025-07-01T14:44:07.5133309Z  * [new branch]          acceptor-queue            -> origin/acceptor-queue
2025-07-01T14:44:07.5138064Z  * [new branch]          acp-176                   -> origin/acp-176
2025-07-01T14:44:07.5138961Z  * [new branch]          acp-176-config            -> origin/acp-176-config
2025-07-01T14:44:07.5143076Z  * [new branch]          add-aggregator-unit-test  -> origin/add-aggregator-unit-test
2025-07-01T14:44:07.5145175Z  * [new branch]          add-cpu-profiling         -> origin/add-cpu-profiling
2025-07-01T14:44:07.5146258Z  * [new branch]          add-cross-chain-request-to-s-evm -> origin/add-cross-chain-request-to-s-evm
2025-07-01T14:44:07.5147459Z  * [new branch]          add-else                  -> origin/add-else
2025-07-01T14:44:07.5149314Z  * [new branch]          add-manager-role          -> origin/add-manager-role
2025-07-01T14:44:07.5151629Z  * [new branch]          add-max-cache-size        -> origin/add-max-cache-size
2025-07-01T14:44:07.5154366Z  * [new branch]          add-more-unit-tests-for-aggregator -> origin/add-more-unit-tests-for-aggregator
2025-07-01T14:44:07.5157200Z  * [new branch]          add-pong-request-to-s-evm -> origin/add-pong-request-to-s-evm
2025-07-01T14:44:07.5158477Z  * [new branch]          addTestScript             -> origin/addTestScript
2025-07-01T14:44:07.5161001Z  * [new branch]          ago-v1.7.17               -> origin/ago-v1.7.17
2025-07-01T14:44:07.5163812Z  * [new branch]          alarso16/acp176-config    -> origin/alarso16/acp176-config
2025-07-01T14:44:07.5165576Z  * [new branch]          align-big2                -> origin/align-big2
2025-07-01T14:44:07.5168366Z  * [new branch]          align-block-request       -> origin/align-block-request
2025-07-01T14:44:07.5170650Z  * [new branch]          always-sign-uptime        -> origin/always-sign-uptime
2025-07-01T14:44:07.5173220Z  * [new branch]          always-sign-validator-uptimes -> origin/always-sign-validator-uptimes
2025-07-01T14:44:07.5174981Z  * [new branch]          anr-functionality-test    -> origin/anr-functionality-test
2025-07-01T14:44:07.5177282Z  * [new branch]          anusha-test-remote-sync   -> origin/anusha-test-remote-sync
2025-07-01T14:44:07.5180492Z  * [new branch]          anusha-test-remove-verify -> origin/anusha-test-remove-verify
2025-07-01T14:44:07.5184276Z  * [new branch]          arr4n/allowlist-refactor  -> origin/arr4n/allowlist-refactor
2025-07-01T14:44:07.5185494Z  * [new branch]          arr4n/circular-dep-types-precompiles -> origin/arr4n/circular-dep-types-precompiles
2025-07-01T14:44:07.5187310Z  * [new branch]          arr4n/geth-1.13.14        -> origin/arr4n/geth-1.13.14
2025-07-01T14:44:07.5189827Z  * [new branch]          arr4n/geth-1.13.14-squashed -> origin/arr4n/geth-1.13.14-squashed
2025-07-01T14:44:07.5192698Z  * [new branch]          arr4n/gethclone           -> origin/arr4n/gethclone
2025-07-01T14:44:07.5194084Z  * [new branch]          arr4n/gethclone-extension -> origin/arr4n/gethclone-extension
2025-07-01T14:44:07.5198600Z  * [new branch]          arr4n/gethclone-stateful-precompiles -> origin/arr4n/gethclone-stateful-precompiles
2025-07-01T14:44:07.5200058Z  * [new branch]          arr4n/move-precompile-interfaces -> origin/arr4n/move-precompile-interfaces
2025-07-01T14:44:07.5201632Z  * [new branch]          arr4n/precompile-go-tests -> origin/arr4n/precompile-go-tests
2025-07-01T14:44:07.5202651Z  * [new branch]          arr4n/solc-downloader     -> origin/arr4n/solc-downloader
2025-07-01T14:44:07.5204695Z  * [new branch]          ava-lru                   -> origin/ava-lru
2025-07-01T14:44:07.5206946Z  * [new branch]          avago-databaseconfig      -> origin/avago-databaseconfig
2025-07-01T14:44:07.5209518Z  * [new branch]          avagobump-for-relayer     -> origin/avagobump-for-relayer
2025-07-01T14:44:07.5211472Z  * [new branch]          avalanche-boundaries      -> origin/avalanche-boundaries
2025-07-01T14:44:07.5213945Z  * [new branch]          avalanchego-v1.9.2        -> origin/avalanchego-v1.9.2
2025-07-01T14:44:07.5216159Z  * [new branch]          awm-precompile-interface  -> origin/awm-precompile-interface
2025-07-01T14:44:07.5218767Z  * [new branch]          awm-precompile-interface-nits -> origin/awm-precompile-interface-nits
2025-07-01T14:44:07.5220816Z  * [new branch]          batch-inner               -> origin/batch-inner
2025-07-01T14:44:07.5223333Z  * [new branch]          bench-storage-trie        -> origin/bench-storage-trie
2025-07-01T14:44:07.5225505Z  * [new branch]          bench-study               -> origin/bench-study
2025-07-01T14:44:07.5229197Z  * [new branch]          break-cyclic              -> origin/break-cyclic
2025-07-01T14:44:07.5230676Z  * [new branch]          bump-ago                  -> origin/bump-ago
2025-07-01T14:44:07.5232784Z  * [new branch]          bump-anr-nits             -> origin/bump-anr-nits
2025-07-01T14:44:07.5235555Z  * [new branch]          bump-avago-master         -> origin/bump-avago-master
2025-07-01T14:44:07.5237566Z  * [new branch]          bump-avalanchego-c-chain-warp -> origin/bump-avalanchego-c-chain-warp
2025-07-01T14:44:07.5240094Z  * [new branch]          changes-to-requester      -> origin/changes-to-requester
2025-07-01T14:44:07.5242417Z  * [new branch]          check-code-scanning       -> origin/check-code-scanning
2025-07-01T14:44:07.5244741Z  * [new branch]          ci-enabled-fuzz           -> origin/ci-enabled-fuzz
2025-07-01T14:44:07.5246976Z  * [new branch]          cleanup-client            -> origin/cleanup-client
2025-07-01T14:44:07.5249558Z  * [new branch]          cleanup-jobs              -> origin/cleanup-jobs
2025-07-01T14:44:07.5251796Z  * [new branch]          cleanup-upgrades          -> origin/cleanup-upgrades
2025-07-01T14:44:07.5254525Z  * [new branch]          config-mainnet-warp-optimization -> origin/config-mainnet-warp-optimization
2025-07-01T14:44:07.5256377Z  * [new branch]          config-test-suites        -> origin/config-test-suites
2025-07-01T14:44:07.5259156Z  * [new branch]          configurable-suggestpriceoptions -> origin/configurable-suggestpriceoptions
2025-07-01T14:44:07.5261235Z  * [new branch]          containerize-vm-runtime   -> origin/containerize-vm-runtime
2025-07-01T14:44:07.5263823Z  * [new branch]          coreth-0.12.4-sync-x      -> origin/coreth-0.12.4-sync-x
2025-07-01T14:44:07.5265950Z  * [new branch]          coreth-diff               -> origin/coreth-diff
2025-07-01T14:44:07.5268410Z  * [new branch]          coreth-diff-script        -> origin/coreth-diff-script
2025-07-01T14:44:07.5270791Z  * [new branch]          coreth-merge              -> origin/coreth-merge
2025-07-01T14:44:07.5273013Z  * [new branch]          coreth-test-0             -> origin/coreth-test-0
2025-07-01T14:44:07.5275412Z  * [new branch]          custom-log-format         -> origin/custom-log-format
2025-07-01T14:44:07.5278645Z  * [new branch]          darioush/simplify-ci-monitoring -> origin/darioush/simplify-ci-monitoring
2025-07-01T14:44:07.5280645Z  * [new branch]          debian-update-to-debian12 -> origin/debian-update-to-debian12
2025-07-01T14:44:07.5283131Z  * [new branch]          debug-cache-rate          -> origin/debug-cache-rate
2025-07-01T14:44:07.5285553Z  * [new branch]          debug-fee-config-manager  -> origin/debug-fee-config-manager
2025-07-01T14:44:07.5288195Z  * [new branch]          decouple-precompiles      -> origin/decouple-precompiles
2025-07-01T14:44:07.5290542Z  * [new branch]          decouple-precompiles-0    -> origin/decouple-precompiles-0
2025-07-01T14:44:07.5292988Z  * [new branch]          default-rejournal         -> origin/default-rejournal
2025-07-01T14:44:07.5295456Z  * [new branch]          delete-redundant-tests    -> origin/delete-redundant-tests
2025-07-01T14:44:07.5297473Z  * [new branch]          deleteme                  -> origin/deleteme
2025-07-01T14:44:07.5302763Z  * [new branch]          dependabot/github_actions/docker/setup-buildx-action-3.11.1 -> origin/dependabot/github_actions/docker/setup-buildx-action-3.11.1
2025-07-01T14:44:07.5305529Z  * [new branch]          dependabot/github_actions/github/codeql-action-3.29.1 -> origin/dependabot/github_actions/github/codeql-action-3.29.1
2025-07-01T14:44:07.5309281Z  * [new branch]          dependabot/github_actions/golangci/golangci-lint-action-6.5.2 -> origin/dependabot/github_actions/golangci/golangci-lint-action-6.5.2
2025-07-01T14:44:07.5312207Z  * [new branch]          dependabot/github_actions/goreleaser/goreleaser-action-6.3.0 -> origin/dependabot/github_actions/goreleaser/goreleaser-action-6.3.0
2025-07-01T14:44:07.5316562Z  * [new branch]          dependabot/go_modules/github.com/antithesishq/antithesis-sdk-go-0.4.3 -> origin/dependabot/go_modules/github.com/antithesishq/antithesis-sdk-go-0.4.3
2025-07-01T14:44:07.5319968Z  * [new branch]          dependabot/go_modules/github.com/docker/docker-24.0.6incompatible -> origin/dependabot/go_modules/github.com/docker/docker-24.0.6incompatible
2025-07-01T14:44:07.5322203Z  * [new branch]          dependabot/go_modules/github.com/go-cmd/cmd-1.4.3 -> origin/dependabot/go_modules/github.com/go-cmd/cmd-1.4.3
2025-07-01T14:44:07.5325617Z  * [new branch]          dependabot/go_modules/github.com/gorilla/rpc-1.2.1 -> origin/dependabot/go_modules/github.com/gorilla/rpc-1.2.1
2025-07-01T14:44:07.5328754Z  * [new branch]          dependabot/go_modules/github.com/spf13/viper-1.20.1 -> origin/dependabot/go_modules/github.com/spf13/viper-1.20.1
2025-07-01T14:44:07.5332367Z  * [new branch]          dependabot/npm_and_yarn/contracts/base-x-3.0.11 -> origin/dependabot/npm_and_yarn/contracts/base-x-3.0.11
2025-07-01T14:44:07.5334566Z  * [new branch]          dependabot/npm_and_yarn/contracts/multi-456de2e4f1 -> origin/dependabot/npm_and_yarn/contracts/multi-456de2e4f1
2025-07-01T14:44:07.5337043Z  * [new branch]          dependabot/npm_and_yarn/contracts/multi-997cdae7c5 -> origin/dependabot/npm_and_yarn/contracts/multi-997cdae7c5
2025-07-01T14:44:07.5339741Z  * [new branch]          dependabot/npm_and_yarn/contracts/multi-d371db0872 -> origin/dependabot/npm_and_yarn/contracts/multi-d371db0872
2025-07-01T14:44:07.5341907Z  * [new branch]          dependabot/npm_and_yarn/contracts/pbkdf2-3.1.3 -> origin/dependabot/npm_and_yarn/contracts/pbkdf2-3.1.3
2025-07-01T14:44:07.5344543Z  * [new branch]          dependabot/npm_and_yarn/contracts/secp256k1-4.0.4 -> origin/dependabot/npm_and_yarn/contracts/secp256k1-4.0.4
2025-07-01T14:44:07.5346593Z  * [new branch]          dev-setup-testing         -> origin/dev-setup-testing
2025-07-01T14:44:07.5349400Z  * [new branch]          docker-tag                -> origin/docker-tag
2025-07-01T14:44:07.5352306Z  * [new branch]          docs/avalanche-ops        -> origin/docs/avalanche-ops
2025-07-01T14:44:07.5354335Z  * [new branch]          e2e                       -> origin/e2e
2025-07-01T14:44:07.5356792Z  * [new branch]          e2e-testing-s-evm         -> origin/e2e-testing-s-evm
2025-07-01T14:44:07.5359343Z  * [new branch]          e2e-to-tmpnet-x           -> origin/e2e-to-tmpnet-x
2025-07-01T14:44:07.5361741Z  * [new branch]          e2e-use-local-uri         -> origin/e2e-use-local-uri
2025-07-01T14:44:07.5364007Z  * [new branch]          e2e-verbose-logging       -> origin/e2e-verbose-logging
2025-07-01T14:44:07.5366276Z  * [new branch]          e2e-warp-to-tmpnet-x      -> origin/e2e-warp-to-tmpnet-x
2025-07-01T14:44:07.5369130Z  * [new branch]          eth-call-depth-metrics    -> origin/eth-call-depth-metrics
2025-07-01T14:44:07.5371905Z  * [new branch]          feature/ci-avago-commitish -> origin/feature/ci-avago-commitish
2025-07-01T14:44:07.5374441Z  * [new branch]          final-changes-ccr-send    -> origin/final-changes-ccr-send
2025-07-01T14:44:07.5376811Z  * [new branch]          fix-antithesis-image-build -> origin/fix-antithesis-image-build
2025-07-01T14:44:07.5379489Z  * [new branch]          fix-build-protobuf        -> origin/fix-build-protobuf
2025-07-01T14:44:07.5382063Z  * [new branch]          fix-contexts              -> origin/fix-contexts
2025-07-01T14:44:07.5384465Z  * [new branch]          fix-docker-binaries-2     -> origin/fix-docker-binaries-2
2025-07-01T14:44:07.5386828Z  * [new branch]          fix-docker-push           -> origin/fix-docker-push
2025-07-01T14:44:07.5389467Z  * [new branch]          fix-goreleaser            -> origin/fix-goreleaser
2025-07-01T14:44:07.5391789Z  * [new branch]          fix-goroutine-leak        -> origin/fix-goroutine-leak
2025-07-01T14:44:07.5394174Z  * [new branch]          fix-issuance              -> origin/fix-issuance
2025-07-01T14:44:07.5396579Z  * [new branch]          fix-load-test             -> origin/fix-load-test
2025-07-01T14:44:07.5399420Z  * [new branch]          fix-shutdown-hang         -> origin/fix-shutdown-hang
2025-07-01T14:44:07.5401853Z  * [new branch]          fix-size-checks           -> origin/fix-size-checks
2025-07-01T14:44:07.5404177Z  * [new branch]          fix-v1.13.0-fuji-rc.2     -> origin/fix-v1.13.0-fuji-rc.2
2025-07-01T14:44:07.5406571Z  * [new branch]          fix-verdb                 -> origin/fix-verdb
2025-07-01T14:44:07.5409355Z  * [new branch]          fix-warp-events           -> origin/fix-warp-events
2025-07-01T14:44:07.5411665Z  * [new branch]          fuji-warp                 -> origin/fuji-warp
2025-07-01T14:44:07.5414091Z  * [new branch]          geth-master               -> origin/geth-master
2025-07-01T14:44:07.5416585Z  * [new branch]          geth-v.13.2-x             -> origin/geth-v.13.2-x
2025-07-01T14:44:07.5419310Z  * [new branch]          geth-v1.12.2-x            -> origin/geth-v1.12.2-x
2025-07-01T14:44:07.5421569Z  * [new branch]          geth-v1.13.14-sq          -> origin/geth-v1.13.14-sq
2025-07-01T14:44:07.5424078Z  * [new branch]          geth-v1.13.14-sq-arr4n-sq -> origin/geth-v1.13.14-sq-arr4n-sq
2025-07-01T14:44:07.5426360Z  * [new branch]          geth-v1.13.2-squashed-diff -> origin/geth-v1.13.2-squashed-diff
2025-07-01T14:44:07.5428881Z  * [new branch]          geth-v1.14.7              -> origin/geth-v1.14.7
2025-07-01T14:44:07.5431718Z  * [new branch]          geth-v1.14.7-sq           -> origin/geth-v1.14.7-sq
2025-07-01T14:44:07.5434275Z  * [new branch]          geth-v1.14.7-sq-reset     -> origin/geth-v1.14.7-sq-reset
2025-07-01T14:44:07.5438715Z  * [new branch]          gh-readonly-queue/master/pr-1557-8b0ef322b993fea02a4341fe023b31424388ac17 -> origin/gh-readonly-queue/master/pr-1557-8b0ef322b993fea02a4341fe023b31424388ac17
2025-07-01T14:44:07.5441237Z  * [new branch]          go-ethereum-1.11.4        -> origin/go-ethereum-1.11.4
2025-07-01T14:44:07.5442716Z  * [new branch]          handshake-codec           -> origin/handshake-codec
2025-07-01T14:44:07.5445667Z  * [new branch]          handshake-codec-deterministic-json -> origin/handshake-codec-deterministic-json
2025-07-01T14:44:07.5449047Z  * [new branch]          hello-world-tutorial-walkthrough -> origin/hello-world-tutorial-walkthrough
2025-07-01T14:44:07.5450819Z  * [new branch]          helloworld-official-tutorial-v2 -> origin/helloworld-official-tutorial-v2
2025-07-01T14:44:07.5453799Z  * [new branch]          helloworld-official-tutorial-v2-generate-test -> origin/helloworld-official-tutorial-v2-generate-test
2025-07-01T14:44:07.5455626Z  * [new branch]          iface-dependency          -> origin/iface-dependency
2025-07-01T14:44:07.5458442Z  * [new branch]          improve-log-v0.5.3        -> origin/improve-log-v0.5.3
2025-07-01T14:44:07.5461301Z  * [new branch]          inspector                 -> origin/inspector
2025-07-01T14:44:07.5463742Z  * [new branch]          journal-clean             -> origin/journal-clean
2025-07-01T14:44:07.5467556Z  * [new branch]          libevm                    -> origin/libevm
2025-07-01T14:44:07.5470538Z  * [new branch]          libevm-sync-codeql        -> origin/libevm-sync-codeql
2025-07-01T14:44:07.5472867Z  * [new branch]          load-test-best-config     -> origin/load-test-best-config
2025-07-01T14:44:07.5475486Z  * [new branch]          loadtestN                 -> origin/loadtestN
2025-07-01T14:44:07.5478176Z  * [new branch]          macos-goreleaser          -> origin/macos-goreleaser
2025-07-01T14:44:07.5480710Z  * [new branch]          master                    -> origin/master
2025-07-01T14:44:07.5483335Z  * [new branch]          merge-coreth-master       -> origin/merge-coreth-master
2025-07-01T14:44:07.5485798Z  * [new branch]          merge-geth                -> origin/merge-geth
2025-07-01T14:44:07.5488620Z  * [new branch]          merge-master-libevm-387bbc1 -> origin/merge-master-libevm-387bbc1
2025-07-01T14:44:07.5491129Z  * [new branch]          merkledb-experiment-y     -> origin/merkledb-experiment-y
2025-07-01T14:44:07.5493844Z  * [new branch]          migrate-coreth-v0.8.16-rc2 -> origin/migrate-coreth-v0.8.16-rc2
2025-07-01T14:44:07.5496321Z  * [new branch]          migrate-hardhat-to-ds-test-backup -> origin/migrate-hardhat-to-ds-test-backup
2025-07-01T14:44:07.5498876Z  * [new branch]          move-ci-tasks             -> origin/move-ci-tasks
2025-07-01T14:44:07.5501611Z  * [new branch]          move-gas-limit-simplify   -> origin/move-gas-limit-simplify
2025-07-01T14:44:07.5503813Z  * [new branch]          multicoin-idea            -> origin/multicoin-idea
2025-07-01T14:44:07.5506326Z  * [new branch]          new-block-context-err     -> origin/new-block-context-err
2025-07-01T14:44:07.5509614Z  * [new branch]          nits-arr4n/geth-1.13.14   -> origin/nits-arr4n/geth-1.13.14
2025-07-01T14:44:07.5512102Z  * [new branch]          no-improvements           -> origin/no-improvements
2025-07-01T14:44:07.5514767Z  * [new branch]          off-chain-warp-messages   -> origin/off-chain-warp-messages
2025-07-01T14:44:07.5517140Z  * [new branch]          offchain-message-logging  -> origin/offchain-message-logging
2025-07-01T14:44:07.5520000Z  * [new branch]          only-load-test-ginkgo     -> origin/only-load-test-ginkgo
2025-07-01T14:44:07.5522490Z  * [new branch]          overflows-revisited       -> origin/overflows-revisited
2025-07-01T14:44:07.5524923Z  * [new branch]          parse-genesis             -> origin/parse-genesis
2025-07-01T14:44:07.5527506Z  * [new branch]          peer-tracker-test         -> origin/peer-tracker-test
2025-07-01T14:44:07.5530315Z  * [new branch]          pod-yaml                  -> origin/pod-yaml
2025-07-01T14:44:07.5532883Z  * [new branch]          precompile-hello-world    -> origin/precompile-hello-world
2025-07-01T14:44:07.5535443Z  * [new branch]          precompile-template-testing -> origin/precompile-template-testing
2025-07-01T14:44:07.5538130Z  * [new branch]          precompile-tutorial-only  -> origin/precompile-tutorial-only
2025-07-01T14:44:07.5540545Z  * [new branch]          pruning                   -> origin/pruning
2025-07-01T14:44:07.5543175Z  * [new branch]          readmesubnet              -> origin/readmesubnet
2025-07-01T14:44:07.5545770Z  * [new branch]          refactor-config           -> origin/refactor-config
2025-07-01T14:44:07.5549051Z  * [new branch]          refactor-e2e-tests-5-node-network-bash -> origin/refactor-e2e-tests-5-node-network-bash
2025-07-01T14:44:07.5551462Z  * [new branch]          refactored-warp-precompile -> origin/refactored-warp-precompile
2025-07-01T14:44:07.5554169Z  * [new branch]          release-v0.6.4-fix-pebble -> origin/release-v0.6.4-fix-pebble
2025-07-01T14:44:07.5557218Z  * [new branch]          remote-docs               -> origin/remote-docs
2025-07-01T14:44:07.5560156Z  * [new branch]          remove-codeowner          -> origin/remove-codeowner
2025-07-01T14:44:07.5562314Z  * [new branch]          remove-get-message        -> origin/remove-get-message
2025-07-01T14:44:07.5564875Z  * [new branch]          remove-status             -> origin/remove-status
2025-07-01T14:44:07.5567208Z  * [new branch]          remove-unused-mux         -> origin/remove-unused-mux
2025-07-01T14:44:07.5569836Z  * [new branch]          remove-vm-dead-code       -> origin/remove-vm-dead-code
2025-07-01T14:44:07.5572330Z  * [new branch]          reprocess-before-setpreference -> origin/reprocess-before-setpreference
2025-07-01T14:44:07.5574769Z  * [new branch]          reproduceable-ci          -> origin/reproduceable-ci
2025-07-01T14:44:07.5577177Z  * [new branch]          return-bytes              -> origin/return-bytes
2025-07-01T14:44:07.5579802Z  * [new branch]          run-linter                -> origin/run-linter
2025-07-01T14:44:07.5582198Z  * [new branch]          safe-balance-ops          -> origin/safe-balance-ops
2025-07-01T14:44:07.5584760Z  * [new branch]          sanity                    -> origin/sanity
2025-07-01T14:44:07.5587196Z  * [new branch]          send-multiple-gossip-txs  -> origin/send-multiple-gossip-txs
2025-07-01T14:44:07.5589750Z  * [new branch]          separate-precompiles      -> origin/separate-precompiles
2025-07-01T14:44:07.5592161Z  * [new branch]          separate-upgradeconfig    -> origin/separate-upgradeconfig
2025-07-01T14:44:07.5594801Z  * [new branch]          serialize-upgrade-config  -> origin/serialize-upgrade-config
2025-07-01T14:44:07.5597290Z  * [new branch]          setup-framework-for-ds-test -> origin/setup-framework-for-ds-test
2025-07-01T14:44:07.5600082Z  * [new branch]          shared-memory-precompile  -> origin/shared-memory-precompile
2025-07-01T14:44:07.5602345Z  * [new branch]          shared-memory-precompiles-regen0 -> origin/shared-memory-precompiles-regen0
2025-07-01T14:44:07.5604677Z  * [new branch]          simulator-2               -> origin/simulator-2
2025-07-01T14:44:07.5607187Z  * [new branch]          single-node-e2e-w         -> origin/single-node-e2e-w
2025-07-01T14:44:07.5609925Z  * [new branch]          single-predicate-verify-test -> origin/single-predicate-verify-test
2025-07-01T14:44:07.5612351Z  * [new branch]          specify-default-hashdb    -> origin/specify-default-hashdb
2025-07-01T14:44:07.5614755Z  * [new branch]          split-extra-data          -> origin/split-extra-data
2025-07-01T14:44:07.5617140Z  * [new branch]          start-release-cycle       -> origin/start-release-cycle
2025-07-01T14:44:07.5619782Z  * [new branch]          statesync-e2e             -> origin/statesync-e2e
2025-07-01T14:44:07.5622161Z  * [new branch]          subnet-evm-002            -> origin/subnet-evm-002
2025-07-01T14:44:07.5624680Z  * [new branch]          subnet-evm-002-wagmi      -> origin/subnet-evm-002-wagmi
2025-07-01T14:44:07.5627271Z  * [new branch]          subnet-evm-pod            -> origin/subnet-evm-pod
2025-07-01T14:44:07.5630028Z  * [new branch]          subnet-evm-rename-coreth  -> origin/subnet-evm-rename-coreth
2025-07-01T14:44:07.5632439Z  * [new branch]          sync-coreth-v0.12.4-rc0-xx -> origin/sync-coreth-v0.12.4-rc0-xx
2025-07-01T14:44:07.5634955Z  * [new branch]          teleporter-demo           -> origin/teleporter-demo
2025-07-01T14:44:07.5637504Z  * [new branch]          teleporter-demo-mod-sig-response -> origin/teleporter-demo-mod-sig-response
2025-07-01T14:44:07.5640159Z  * [new branch]          test-ago                  -> origin/test-ago
2025-07-01T14:44:07.5642666Z  * [new branch]          test-avago-updates        -> origin/test-avago-updates
2025-07-01T14:44:07.5645107Z  * [new branch]          test-branch-ci            -> origin/test-branch-ci
2025-07-01T14:44:07.5647521Z  * [new branch]          test-dockerfile           -> origin/test-dockerfile
2025-07-01T14:44:07.5650338Z  * [new branch]          test-hello-world-precompile-example -> origin/test-hello-world-precompile-example
2025-07-01T14:44:07.5652439Z  * [new branch]          test-libevm               -> origin/test-libevm
2025-07-01T14:44:07.5654994Z  * [new branch]          test_workers              -> origin/test_workers
2025-07-01T14:44:07.5658162Z  * [new branch]          testing-image-build-for-unmerged-commit-test -> origin/testing-image-build-for-unmerged-commit-test
2025-07-01T14:44:07.5663657Z  * [new branch]          tmp-master                -> origin/tmp-master
2025-07-01T14:44:07.5666296Z  * [new branch]          tmpnet-disjoint-validator-sets -> origin/tmpnet-disjoint-validator-sets
2025-07-01T14:44:07.5668639Z  * [new branch]          tps-fix                   -> origin/tps-fix
2025-07-01T14:44:07.5671229Z  * [new branch]          trie-prefetcher-alt       -> origin/trie-prefetcher-alt
2025-07-01T14:44:07.5673712Z  * [new branch]          trie-prefetcher-alt1      -> origin/trie-prefetcher-alt1
2025-07-01T14:44:07.5676172Z  * [new branch]          truncate-call-log         -> origin/truncate-call-log
2025-07-01T14:44:07.5678754Z  * [new branch]          tx-count-metrics          -> origin/tx-count-metrics
2025-07-01T14:44:07.5681288Z  * [new branch]          txpool-mutex              -> origin/txpool-mutex
2025-07-01T14:44:07.5683811Z  * [new branch]          typed-revert-error        -> origin/typed-revert-error
2025-07-01T14:44:07.5686127Z  * [new branch]          update-12.0-fuji          -> origin/update-12.0-fuji
2025-07-01T14:44:07.5688887Z  * [new branch]          update-avago-teleporter   -> origin/update-avago-teleporter
2025-07-01T14:44:07.5691317Z  * [new branch]          update-avalanchego        -> origin/update-avalanchego
2025-07-01T14:44:07.5693874Z  * [new branch]          update-subnet-evm         -> origin/update-subnet-evm
2025-07-01T14:44:07.5696450Z  * [new branch]          uptime-tracking-wip       -> origin/uptime-tracking-wip
2025-07-01T14:44:07.5698914Z  * [new branch]          use-libevm-params         -> origin/use-libevm-params
2025-07-01T14:44:07.5701618Z  * [new branch]          use-libevm-statedb        -> origin/use-libevm-statedb
2025-07-01T14:44:07.5704018Z  * [new branch]          v0.6.1-fix-client         -> origin/v0.6.1-fix-client
2025-07-01T14:44:07.5706411Z  * [new branch]          v1.7.17-rc.8              -> origin/v1.7.17-rc.8
2025-07-01T14:44:07.5709177Z  * [new branch]          validator-manager         -> origin/validator-manager
2025-07-01T14:44:07.5711711Z  * [new branch]          validator-metastate       -> origin/validator-metastate
2025-07-01T14:44:07.5713972Z  * [new branch]          verify-no-blobs           -> origin/verify-no-blobs
2025-07-01T14:44:07.5716531Z  * [new branch]          version-v0.6.0-fuji       -> origin/version-v0.6.0-fuji
2025-07-01T14:44:07.5729112Z  * [new branch]          vmerrs-putback            -> origin/vmerrs-putback
2025-07-01T14:44:07.5730957Z  * [new branch]          wagmi-upgrade-json        -> origin/wagmi-upgrade-json
2025-07-01T14:44:07.5731829Z  * [new branch]          warp-contract-feature     -> origin/warp-contract-feature
2025-07-01T14:44:07.5732667Z  * [new branch]          warp-contract-l           -> origin/warp-contract-l
2025-07-01T14:44:07.5733459Z  * [new branch]          warp-contract-l-repro     -> origin/warp-contract-l-repro
2025-07-01T14:44:07.5734301Z  * [new branch]          warp-contract-testing     -> origin/warp-contract-testing
2025-07-01T14:44:07.5735046Z  * [new branch]          warp-e2e                  -> origin/warp-e2e
2025-07-01T14:44:07.5735761Z  * [new branch]          warp-load-e2e             -> origin/warp-load-e2e
2025-07-01T14:44:07.5736743Z  * [new branch]          warp-load-e2e-bls-genesis-validators -> origin/warp-load-e2e-bls-genesis-validators
2025-07-01T14:44:07.5739832Z  * [new branch]          warp-load-test            -> origin/warp-load-test
2025-07-01T14:44:07.5740978Z  * [new branch]          warp-load-testing         -> origin/warp-load-testing
2025-07-01T14:44:07.5743484Z  * [new branch]          warp-network-run          -> origin/warp-network-run
2025-07-01T14:44:07.5746162Z  * [new branch]          warp-precompile           -> origin/warp-precompile
2025-07-01T14:44:07.5749392Z  * [new branch]          warp-precompile-on-accept -> origin/warp-precompile-on-accept
2025-07-01T14:44:07.5751936Z  * [new branch]          warp-requirePrimaryNetworkSignersAlt -> origin/warp-requirePrimaryNetworkSignersAlt
2025-07-01T14:44:07.5755847Z  * [new branch]          wip-script-ideas          -> origin/wip-script-ideas
2025-07-01T14:44:07.5758278Z  * [new branch]          worker-err-test           -> origin/worker-err-test
2025-07-01T14:44:07.5759415Z  * [new tag]             v0.0.0-apm-alpha          -> v0.0.0-apm-alpha
2025-07-01T14:44:07.5760169Z  * [new tag]             v0.0.1                    -> v0.0.1
2025-07-01T14:44:07.5761853Z  * [new tag]             v0.0.2                    -> v0.0.2
2025-07-01T14:44:07.5762395Z  * [new tag]             v0.1.0                    -> v0.1.0
2025-07-01T14:44:07.5763319Z  * [new tag]             v0.1.1                    -> v0.1.1
2025-07-01T14:44:07.5764685Z  * [new tag]             v0.1.2                    -> v0.1.2
2025-07-01T14:44:07.5765705Z  * [new tag]             v0.1.2-rc.0               -> v0.1.2-rc.0
2025-07-01T14:44:07.5767032Z  * [new tag]             v0.2.0                    -> v0.2.0
2025-07-01T14:44:07.5768589Z  * [new tag]             v0.2.1                    -> v0.2.1
2025-07-01T14:44:07.5769868Z  * [new tag]             v0.2.1-rc.0               -> v0.2.1-rc.0
2025-07-01T14:44:07.5771214Z  * [new tag]             v0.2.2                    -> v0.2.2
2025-07-01T14:44:07.5772257Z  * [new tag]             v0.2.3                    -> v0.2.3
2025-07-01T14:44:07.5773721Z  * [new tag]             v0.2.4                    -> v0.2.4
2025-07-01T14:44:07.5775029Z  * [new tag]             v0.2.5                    -> v0.2.5
2025-07-01T14:44:07.5776513Z  * [new tag]             v0.2.6                    -> v0.2.6
2025-07-01T14:44:07.5778540Z  * [new tag]             v0.2.7                    -> v0.2.7
2025-07-01T14:44:07.5779081Z  * [new tag]             v0.2.8                    -> v0.2.8
2025-07-01T14:44:07.5780003Z  * [new tag]             v0.2.9                    -> v0.2.9
2025-07-01T14:44:07.5781585Z  * [new tag]             v0.3.0                    -> v0.3.0
2025-07-01T14:44:07.5782599Z  * [new tag]             v0.3.0-rc.0               -> v0.3.0-rc.0
2025-07-01T14:44:07.5783942Z  * [new tag]             v0.4.0                    -> v0.4.0
2025-07-01T14:44:07.5785279Z  * [new tag]             v0.4.1                    -> v0.4.1
2025-07-01T14:44:07.5786828Z  * [new tag]             v0.4.1-rc.0               -> v0.4.1-rc.0
2025-07-01T14:44:07.5788229Z  * [new tag]             v0.4.1-rc.1               -> v0.4.1-rc.1
2025-07-01T14:44:07.5789671Z  * [new tag]             v0.4.1-rc.2               -> v0.4.1-rc.2
2025-07-01T14:44:07.5791243Z  * [new tag]             v0.4.1-rc.3               -> v0.4.1-rc.3
2025-07-01T14:44:07.5791825Z  * [new tag]             v0.4.1-rc.4               -> v0.4.1-rc.4
2025-07-01T14:44:07.5792622Z  * [new tag]             v0.4.1-rc.5               -> v0.4.1-rc.5
2025-07-01T14:44:07.5794018Z  * [new tag]             v0.4.10                   -> v0.4.10
2025-07-01T14:44:07.5794987Z  * [new tag]             v0.4.11                   -> v0.4.11
2025-07-01T14:44:07.5796413Z  * [new tag]             v0.4.11-rc.0              -> v0.4.11-rc.0
2025-07-01T14:44:07.5797425Z  * [new tag]             v0.4.12                   -> v0.4.12
2025-07-01T14:44:07.5799238Z  * [new tag]             v0.4.12-rc.0              -> v0.4.12-rc.0
2025-07-01T14:44:07.5800382Z  * [new tag]             v0.4.12-rc.1              -> v0.4.12-rc.1
2025-07-01T14:44:07.5801908Z  * [new tag]             v0.4.2                    -> v0.4.2
2025-07-01T14:44:07.5803012Z  * [new tag]             v0.4.2-rc.0               -> v0.4.2-rc.0
2025-07-01T14:44:07.5804466Z  * [new tag]             v0.4.2-rc.1               -> v0.4.2-rc.1
2025-07-01T14:44:07.5805569Z  * [new tag]             v0.4.2-rc.2               -> v0.4.2-rc.2
2025-07-01T14:44:07.5807006Z  * [new tag]             v0.4.2-rc.3               -> v0.4.2-rc.3
2025-07-01T14:44:07.5808533Z  * [new tag]             v0.4.2-rc.4               -> v0.4.2-rc.4
2025-07-01T14:44:07.5809741Z  * [new tag]             v0.4.2-rc.5               -> v0.4.2-rc.5
2025-07-01T14:44:07.5811184Z  * [new tag]             v0.4.2-rc.6               -> v0.4.2-rc.6
2025-07-01T14:44:07.5811744Z  * [new tag]             v0.4.2-rc.7               -> v0.4.2-rc.7
2025-07-01T14:44:07.5812550Z  * [new tag]             v0.4.2-rc.8               -> v0.4.2-rc.8
2025-07-01T14:44:07.5814041Z  * [new tag]             v0.4.2-rc.9               -> v0.4.2-rc.9
2025-07-01T14:44:07.5815285Z  * [new tag]             v0.4.3                    -> v0.4.3
2025-07-01T14:44:07.5816758Z  * [new tag]             v0.4.4                    -> v0.4.4
2025-07-01T14:44:07.5817296Z  * [new tag]             v0.4.4-rc.0               -> v0.4.4-rc.0
2025-07-01T14:44:07.5818919Z  * [new tag]             v0.4.5                    -> v0.4.5
2025-07-01T14:44:07.5820414Z  * [new tag]             v0.4.5-rc.0               -> v0.4.5-rc.0
2025-07-01T14:44:07.5821594Z  * [new tag]             v0.4.5-rc.1               -> v0.4.5-rc.1
2025-07-01T14:44:07.5823050Z  * [new tag]             v0.4.6                    -> v0.4.6
2025-07-01T14:44:07.5824175Z  * [new tag]             v0.4.6-rc.0               -> v0.4.6-rc.0
2025-07-01T14:44:07.5825641Z  * [new tag]             v0.4.6-rc.1               -> v0.4.6-rc.1
2025-07-01T14:44:07.5826739Z  * [new tag]             v0.4.7                    -> v0.4.7
2025-07-01T14:44:07.5828447Z  * [new tag]             v0.4.7-rc.0               -> v0.4.7-rc.0
2025-07-01T14:44:07.5829569Z  * [new tag]             v0.4.8                    -> v0.4.8
2025-07-01T14:44:07.5831107Z  * [new tag]             v0.4.8-rc.0               -> v0.4.8-rc.0
2025-07-01T14:44:07.5832205Z  * [new tag]             v0.4.9                    -> v0.4.9
2025-07-01T14:44:07.5833657Z  * [new tag]             v0.4.9-rc.0               -> v0.4.9-rc.0
2025-07-01T14:44:07.5834791Z  * [new tag]             v0.4.9-rc.1               -> v0.4.9-rc.1
2025-07-01T14:44:07.5836176Z  * [new tag]             v0.4.9-rc.2               -> v0.4.9-rc.2
2025-07-01T14:44:07.5837301Z  * [new tag]             v0.5.0                    -> v0.5.0
2025-07-01T14:44:07.5838910Z  * [new tag]             v0.5.0-fuji               -> v0.5.0-fuji
2025-07-01T14:44:07.5840042Z  * [new tag]             v0.5.0-fuji-1             -> v0.5.0-fuji-1
2025-07-01T14:44:07.5841532Z  * [new tag]             v0.5.0-fuji-rc.0          -> v0.5.0-fuji-rc.0
2025-07-01T14:44:07.5843106Z  * [new tag]             v0.5.1                    -> v0.5.1
2025-07-01T14:44:07.5843694Z  * [new tag]             v0.5.1-warp-rc.0          -> v0.5.1-warp-rc.0
2025-07-01T14:44:07.5844847Z  * [new tag]             v0.5.10                   -> v0.5.10
2025-07-01T14:44:07.5846360Z  * [new tag]             v0.5.10-rc.0              -> v0.5.10-rc.0
2025-07-01T14:44:07.5847413Z  * [new tag]             v0.5.11                   -> v0.5.11
2025-07-01T14:44:07.5849098Z  * [new tag]             v0.5.11-rc.0              -> v0.5.11-rc.0
2025-07-01T14:44:07.5850249Z  * [new tag]             v0.5.11-rc.1              -> v0.5.11-rc.1
2025-07-01T14:44:07.5851694Z  * [new tag]             v0.5.2                    -> v0.5.2
2025-07-01T14:44:07.5853017Z  * [new tag]             v0.5.2-call-depth-metrics -> v0.5.2-call-depth-metrics
2025-07-01T14:44:07.5854385Z  * [new tag]             v0.5.2-rc.0               -> v0.5.2-rc.0
2025-07-01T14:44:07.5855581Z  * [new tag]             v0.5.2-warp-rc.0          -> v0.5.2-warp-rc.0
2025-07-01T14:44:07.5857438Z  * [new tag]             v0.5.3                    -> v0.5.3
2025-07-01T14:44:07.5858403Z  * [new tag]             v0.5.3-coreth-sync-rc     -> v0.5.3-coreth-sync-rc
2025-07-01T14:44:07.5859907Z  * [new tag]             v0.5.4                    -> v0.5.4
2025-07-01T14:44:07.5861185Z  * [new tag]             v0.5.4-rc.0               -> v0.5.4-rc.0
2025-07-01T14:44:07.5862520Z  * [new tag]             v0.5.4-rc.1               -> v0.5.4-rc.1
2025-07-01T14:44:07.5864040Z  * [new tag]             v0.5.4-rc.2               -> v0.5.4-rc.2
2025-07-01T14:44:07.5865568Z  * [new tag]             v0.5.5                    -> v0.5.5
2025-07-01T14:44:07.5866931Z  * [new tag]             v0.5.6                    -> v0.5.6
2025-07-01T14:44:07.5870550Z  * [new tag]             v0.5.6-fuji-warp          -> v0.5.6-fuji-warp
2025-07-01T14:44:07.5871176Z  * [new tag]             v0.5.7                    -> v0.5.7
2025-07-01T14:44:07.5872063Z  * [new tag]             v0.5.7-rc.0               -> v0.5.7-rc.0
2025-07-01T14:44:07.5872632Z  * [new tag]             v0.5.8                    -> v0.5.8
2025-07-01T14:44:07.5875313Z  * [new tag]             v0.5.8-rc.0               -> v0.5.8-rc.0
2025-07-01T14:44:07.5876009Z  * [new tag]             v0.5.8-rc.1               -> v0.5.8-rc.1
2025-07-01T14:44:07.5877254Z  * [new tag]             v0.5.8-rc.2               -> v0.5.8-rc.2
2025-07-01T14:44:07.5879437Z  * [new tag]             v0.5.9                    -> v0.5.9
2025-07-01T14:44:07.5881345Z  * [new tag]             v0.5.9-rc.0               -> v0.5.9-rc.0
2025-07-01T14:44:07.5882054Z  * [new tag]             v0.5.9-rc.1               -> v0.5.9-rc.1
2025-07-01T14:44:07.5884057Z  * [new tag]             v0.5.9-rc.2               -> v0.5.9-rc.2
2025-07-01T14:44:07.5885362Z  * [new tag]             v0.6.0                    -> v0.6.0
2025-07-01T14:44:07.5887192Z  * [new tag]             v0.6.0-fuji               -> v0.6.0-fuji
2025-07-01T14:44:07.5888995Z  * [new tag]             v0.6.1                    -> v0.6.1
2025-07-01T14:44:07.5890607Z  * [new tag]             v0.6.10                   -> v0.6.10
2025-07-01T14:44:07.5891289Z  * [new tag]             v0.6.10-rc.0              -> v0.6.10-rc.0
2025-07-01T14:44:07.5893553Z  * [new tag]             v0.6.11                   -> v0.6.11
2025-07-01T14:44:07.5895484Z  * [new tag]             v0.6.11-rc.0              -> v0.6.11-rc.0
2025-07-01T14:44:07.5896762Z  * [new tag]             v0.6.12                   -> v0.6.12
2025-07-01T14:44:07.5897807Z  * [new tag]             v0.6.12-fuji-example      -> v0.6.12-fuji-example
2025-07-01T14:44:07.5899197Z  * [new tag]             v0.6.12-rc.0              -> v0.6.12-rc.0
2025-07-01T14:44:07.5901073Z  * [new tag]             v0.6.12-rc.1              -> v0.6.12-rc.1
2025-07-01T14:44:07.5902456Z  * [new tag]             v0.6.2                    -> v0.6.2
2025-07-01T14:44:07.5904323Z  * [new tag]             v0.6.3                    -> v0.6.3
2025-07-01T14:44:07.5906056Z  * [new tag]             v0.6.3-rc.0               -> v0.6.3-rc.0
2025-07-01T14:44:07.5907926Z  * [new tag]             v0.6.4                    -> v0.6.4
2025-07-01T14:44:07.5909822Z  * [new tag]             v0.6.4-rc.0               -> v0.6.4-rc.0
2025-07-01T14:44:07.5911532Z  * [new tag]             v0.6.4-rc.1               -> v0.6.4-rc.1
2025-07-01T14:44:07.5912123Z  * [new tag]             v0.6.4-rc.2               -> v0.6.4-rc.2
2025-07-01T14:44:07.5913965Z  * [new tag]             v0.6.5                    -> v0.6.5
2025-07-01T14:44:07.5915882Z  * [new tag]             v0.6.5-geth-1.13.8        -> v0.6.5-geth-1.13.8
2025-07-01T14:44:07.5917613Z  * [new tag]             v0.6.5-rc.0               -> v0.6.5-rc.0
2025-07-01T14:44:07.5919667Z  * [new tag]             v0.6.5-rc.1               -> v0.6.5-rc.1
2025-07-01T14:44:07.5920263Z  * [new tag]             v0.6.6                    -> v0.6.6
2025-07-01T14:44:07.5922369Z  * [new tag]             v0.6.6-rc.0               -> v0.6.6-rc.0
2025-07-01T14:44:07.5924169Z  * [new tag]             v0.6.7                    -> v0.6.7
2025-07-01T14:44:07.5925981Z  * [new tag]             v0.6.7-rc.0               -> v0.6.7-rc.0
2025-07-01T14:44:07.5927919Z  * [new tag]             v0.6.8                    -> v0.6.8
2025-07-01T14:44:07.5929863Z  * [new tag]             v0.6.8-acp-118-handlers   -> v0.6.8-acp-118-handlers
2025-07-01T14:44:07.5931581Z  * [new tag]             v0.6.8-geth-v1.13.14      -> v0.6.8-geth-v1.13.14
2025-07-01T14:44:07.5933624Z  * [new tag]             v0.6.8-rc.0               -> v0.6.8-rc.0
2025-07-01T14:44:07.5935253Z  * [new tag]             v0.6.8-rc.1               -> v0.6.8-rc.1
2025-07-01T14:44:07.5936174Z  * [new tag]             v0.6.8-rc.2               -> v0.6.8-rc.2
2025-07-01T14:44:07.5938224Z  * [new tag]             v0.6.8-rc.3               -> v0.6.8-rc.3
2025-07-01T14:44:07.5939988Z  * [new tag]             v0.6.8-status-removal     -> v0.6.8-status-removal
2025-07-01T14:44:07.5941484Z  * [new tag]             v0.6.9                    -> v0.6.9
2025-07-01T14:44:07.5945479Z  * [new tag]             v0.6.9-rc.0               -> v0.6.9-rc.0
2025-07-01T14:44:07.5946171Z  * [new tag]             v0.7.0                    -> v0.7.0
2025-07-01T14:44:07.5946724Z  * [new tag]             v0.7.0-rc.0               -> v0.7.0-rc.0
2025-07-01T14:44:07.5947311Z  * [new tag]             v0.7.1                    -> v0.7.1
2025-07-01T14:44:07.5948577Z  * [new tag]             v0.7.1-rc.0               -> v0.7.1-rc.0
2025-07-01T14:44:07.5951079Z  * [new tag]             v0.7.1-rc.1               -> v0.7.1-rc.1
2025-07-01T14:44:07.5951684Z  * [new tag]             v0.7.1-rc.2               -> v0.7.1-rc.2
2025-07-01T14:44:07.5953870Z  * [new tag]             v0.7.2                    -> v0.7.2
2025-07-01T14:44:07.5954575Z  * [new tag]             v0.7.2-fuji               -> v0.7.2-fuji
2025-07-01T14:44:07.5955969Z  * [new tag]             v0.7.2-rc.0               -> v0.7.2-rc.0
2025-07-01T14:44:07.5957846Z  * [new tag]             v0.7.3                    -> v0.7.3
2025-07-01T14:44:07.5959359Z  * [new tag]             v0.7.3-rc.0               -> v0.7.3-rc.0
2025-07-01T14:44:07.5960954Z  * [new tag]             v0.7.4                    -> v0.7.4
2025-07-01T14:44:07.5962373Z  * [new tag]             v0.7.4-rc.0               -> v0.7.4-rc.0
2025-07-01T14:44:07.5963716Z  * [new tag]             v0.7.5                    -> v0.7.5
2025-07-01T14:44:07.5965122Z  * [new tag]             v0.7.5-rc.0               -> v0.7.5-rc.0
2025-07-01T14:44:07.5969456Z  * [new ref]             c46a4f11ecd55a5ab361920393adf5859e0dc097 -> pull/1610/merge
2025-07-01T14:44:07.6056432Z ##[endgroup]
2025-07-01T14:44:07.6057034Z ##[group]Determining the checkout info
2025-07-01T14:44:07.6057842Z ##[endgroup]
2025-07-01T14:44:07.6063427Z [command]/usr/bin/git sparse-checkout disable
2025-07-01T14:44:07.6110047Z [command]/usr/bin/git config --local --unset-all extensions.worktreeConfig
2025-07-01T14:44:07.6136285Z ##[group]Checking out the ref
2025-07-01T14:44:07.6140137Z [command]/usr/bin/git checkout --progress --force refs/remotes/pull/1610/merge
2025-07-01T14:44:07.6996939Z Note: switching to 'refs/remotes/pull/1610/merge'.
2025-07-01T14:44:07.6997952Z 
2025-07-01T14:44:07.6998575Z You are in 'detached HEAD' state. You can look around, make experimental
2025-07-01T14:44:07.6999439Z changes and commit them, and you can discard any commits you make in this
2025-07-01T14:44:07.7000253Z state without impacting any branches by switching back to a branch.
2025-07-01T14:44:07.7000740Z 
2025-07-01T14:44:07.7001076Z If you want to create a new branch to retain commits you create, you may
2025-07-01T14:44:07.7001814Z do so (now or later) by using -c with the switch command. Example:
2025-07-01T14:44:07.7002235Z 
2025-07-01T14:44:07.7002415Z   git switch -c <new-branch-name>
2025-07-01T14:44:07.7002773Z 
2025-07-01T14:44:07.7002933Z Or undo this operation with:
2025-07-01T14:44:07.7003209Z 
2025-07-01T14:44:07.7003347Z   git switch -
2025-07-01T14:44:07.7003581Z 
2025-07-01T14:44:07.7003941Z Turn off this advice by setting config variable advice.detachedHead to false
2025-07-01T14:44:07.7004464Z 
2025-07-01T14:44:07.7005097Z HEAD is now at c46a4f11e Merge a1ed580b94027b41ba19c24c1ea7f04bfdb27307 into 7abb4c64d7a8a26513a93cd55d800f61e867ffe3
2025-07-01T14:44:07.7019707Z ##[endgroup]
2025-07-01T14:44:07.7066577Z [command]/usr/bin/git log -1 --format=%H
2025-07-01T14:44:07.7090520Z c46a4f11ecd55a5ab361920393adf5859e0dc097
2025-07-01T14:44:07.7329816Z ##[group]Run actions/setup-go@v5
2025-07-01T14:44:07.7330088Z with:
2025-07-01T14:44:07.7330283Z   go-version-file: go.mod
2025-07-01T14:44:07.7330507Z   check-latest: false
2025-07-01T14:44:07.7330840Z   token: ***
2025-07-01T14:44:07.7331025Z   cache: true
2025-07-01T14:44:07.7331205Z ##[endgroup]
2025-07-01T14:44:07.8898853Z Setup go version spec 1.23.9
2025-07-01T14:44:07.8909668Z Attempting to download 1.23.9...
2025-07-01T14:44:08.5365902Z matching 1.23.9...
2025-07-01T14:44:08.5403624Z Acquiring 1.23.9 from https://github.com/actions/go-versions/releases/download/1.23.9-14875265214/go-1.23.9-linux-x64.tar.gz
2025-07-01T14:44:09.4692047Z Extracting Go...
2025-07-01T14:44:09.4789101Z [command]/usr/bin/tar xz --warning=no-unknown-keyword --overwrite -C /home/runner/work/_temp/022d45ca-76b6-4ca7-9054-d0d97de38fc3 -f /home/runner/work/_temp/32c41605-f185-4f66-9274-4309ae15f64a
2025-07-01T14:44:11.1444775Z Successfully extracted go to /home/runner/work/_temp/022d45ca-76b6-4ca7-9054-d0d97de38fc3
2025-07-01T14:44:11.1445549Z Adding to the cache ...
2025-07-01T14:44:15.2051520Z Successfully cached go to /opt/hostedtoolcache/go/1.23.9/x64
2025-07-01T14:44:15.2053874Z Added go to the path
2025-07-01T14:44:15.2056999Z Successfully set up Go version 1.23.9
2025-07-01T14:44:15.2238376Z [command]/opt/hostedtoolcache/go/1.23.9/x64/bin/go env GOMODCACHE
2025-07-01T14:44:15.2264008Z [command]/opt/hostedtoolcache/go/1.23.9/x64/bin/go env GOCACHE
2025-07-01T14:44:15.2292232Z /home/runner/go/pkg/mod
2025-07-01T14:44:15.2305771Z /home/runner/.cache/go-build
2025-07-01T14:44:15.4879928Z Cache hit for: setup-go-Linux-x64-ubuntu24-go-1.23.9-8a5f6b0ec156c644c456755461212fdb4b5f31e3982b840cb9a5e30f16f98494
2025-07-01T14:44:15.8183461Z Received 9896 of 9896 (100.0%), 0.1 MBs/sec
2025-07-01T14:44:15.8183895Z Cache Size: ~0 MB (9896 B)
2025-07-01T14:44:15.8212623Z [command]/usr/bin/tar -xf /home/runner/work/_temp/9aee16f6-0abb-4b51-af9c-736fb5562275/cache.tzst -P -C /home/runner/work/subnet-evm/subnet-evm --use-compress-program unzstd
2025-07-01T14:44:15.8388543Z Cache restored successfully
2025-07-01T14:44:15.8393369Z Cache restored from key: setup-go-Linux-x64-ubuntu24-go-1.23.9-8a5f6b0ec156c644c456755461212fdb4b5f31e3982b840cb9a5e30f16f98494
2025-07-01T14:44:15.8413469Z go version go1.23.9 linux/amd64
2025-07-01T14:44:15.8413655Z 
2025-07-01T14:44:15.8413944Z ##[group]go env
2025-07-01T14:44:15.8516520Z GO111MODULE=''
2025-07-01T14:44:15.8516873Z GOARCH='amd64'
2025-07-01T14:44:15.8517180Z GOBIN=''
2025-07-01T14:44:15.8517528Z GOCACHE='/home/runner/.cache/go-build'
2025-07-01T14:44:15.8518189Z GOENV='/home/runner/.config/go/env'
2025-07-01T14:44:15.8518584Z GOEXE=''
2025-07-01T14:44:15.8518884Z GOEXPERIMENT=''
2025-07-01T14:44:15.8519201Z GOFLAGS=''
2025-07-01T14:44:15.8519500Z GOHOSTARCH='amd64'
2025-07-01T14:44:15.8519830Z GOHOSTOS='linux'
2025-07-01T14:44:15.8520089Z GOINSECURE=''
2025-07-01T14:44:15.8520312Z GOMODCACHE='/home/runner/go/pkg/mod'
2025-07-01T14:44:15.8520641Z GONOPROXY=''
2025-07-01T14:44:15.8520850Z GONOSUMDB=''
2025-07-01T14:44:15.8521034Z GOOS='linux'
2025-07-01T14:44:15.8521249Z GOPATH='/home/runner/go'
2025-07-01T14:44:15.8521471Z GOPRIVATE=''
2025-07-01T14:44:15.8521732Z GOPROXY='https://proxy.golang.org,direct'
2025-07-01T14:44:15.8522075Z GOROOT='/opt/hostedtoolcache/go/1.23.9/x64'
2025-07-01T14:44:15.8522375Z GOSUMDB='sum.golang.org'
2025-07-01T14:44:15.8522591Z GOTMPDIR=''
2025-07-01T14:44:15.8522785Z GOTOOLCHAIN='auto'
2025-07-01T14:44:15.8523111Z GOTOOLDIR='/opt/hostedtoolcache/go/1.23.9/x64/pkg/tool/linux_amd64'
2025-07-01T14:44:15.8523477Z GOVCS=''
2025-07-01T14:44:15.8523667Z GOVERSION='go1.23.9'
2025-07-01T14:44:15.8523873Z GODEBUG=''
2025-07-01T14:44:15.8524062Z GOTELEMETRY='local'
2025-07-01T14:44:15.8524323Z GOTELEMETRYDIR='/home/runner/.config/go/telemetry'
2025-07-01T14:44:15.8524630Z GCCGO='gccgo'
2025-07-01T14:44:15.8524826Z GOAMD64='v1'
2025-07-01T14:44:15.8525012Z AR='ar'
2025-07-01T14:44:15.8525202Z CC='gcc'
2025-07-01T14:44:15.8525378Z CXX='g++'
2025-07-01T14:44:15.8525811Z CGO_ENABLED='1'
2025-07-01T14:44:15.8526090Z GOMOD='/home/runner/work/subnet-evm/subnet-evm/go.mod'
2025-07-01T14:44:15.8526388Z GOWORK=''
2025-07-01T14:44:15.8526578Z CGO_CFLAGS='-O2 -g'
2025-07-01T14:44:15.8526806Z CGO_CPPFLAGS=''
2025-07-01T14:44:15.8527007Z CGO_CXXFLAGS='-O2 -g'
2025-07-01T14:44:15.8527220Z CGO_FFLAGS='-O2 -g'
2025-07-01T14:44:15.8527424Z CGO_LDFLAGS='-O2 -g'
2025-07-01T14:44:15.8527823Z PKG_CONFIG='pkg-config'
2025-07-01T14:44:15.8528495Z GOGCCFLAGS='-fPIC -m64 -pthread -Wl,--no-gc-sections -fmessage-length=0 -ffile-prefix-map=/tmp/go-build1699337653=/tmp/go-build -gno-record-gcc-switches'
2025-07-01T14:44:15.8529180Z 
2025-07-01T14:44:15.8529478Z ##[endgroup]
2025-07-01T14:44:15.8751549Z ##[group]Run ava-labs/avalanchego/.github/actions/run-monitored-tmpnet-cmd@092cf182dd92b66a8ab882b657d3ae52b174c913
2025-07-01T14:44:15.8752074Z with:
2025-07-01T14:44:15.8752296Z   run: ./scripts/run_task.sh test-e2e-load-ci
2025-07-01T14:44:15.8752573Z   artifact_prefix: load
2025-07-01T14:44:15.8752903Z   prometheus_username: ***
2025-07-01T14:44:15.8753239Z   prometheus_password: ***
2025-07-01T14:44:15.8753475Z   loki_username: ***
2025-07-01T14:44:15.8753760Z   loki_password: ***
2025-07-01T14:44:15.8753968Z   runtime: process
2025-07-01T14:44:15.8754170Z   repository_owner: ava-labs
2025-07-01T14:44:15.8754405Z   repository_name: subnet-evm
2025-07-01T14:44:15.8754628Z   workflow: Tests
2025-07-01T14:44:15.8754828Z   run_id: 16002582210
2025-07-01T14:44:15.8755021Z   run_number: 2076
2025-07-01T14:44:15.8755215Z   run_attempt: 1
2025-07-01T14:44:15.8755414Z   job: e2e_load
2025-07-01T14:44:15.8755603Z ##[endgroup]
2025-07-01T14:44:15.8845277Z ##[group]Run cachix/install-nix-action@02a151ada4993995686f9ed4f1be7cfbb229e56f
2025-07-01T14:44:15.8845668Z with:
2025-07-01T14:44:15.8845850Z   enable_kvm: true
2025-07-01T14:44:15.8846040Z ##[endgroup]
2025-07-01T14:44:15.8878038Z ##[group]Run ${GITHUB_ACTION_PATH}/install-nix.sh
2025-07-01T14:44:15.8878428Z [36;1m${GITHUB_ACTION_PATH}/install-nix.sh[0m
2025-07-01T14:44:15.8972132Z shell: /usr/bin/bash --noprofile --norc -e -o pipefail {0}
2025-07-01T14:44:15.8972472Z env:
2025-07-01T14:44:15.8972663Z   INPUT_EXTRA_NIX_CONFIG: 
2025-07-01T14:44:15.8972906Z   INPUT_GITHUB_ACCESS_TOKEN: 
2025-07-01T14:44:15.8973153Z   INPUT_INSTALL_OPTIONS: 
2025-07-01T14:44:15.8973376Z   INPUT_INSTALL_URL: 
2025-07-01T14:44:15.8973581Z   INPUT_NIX_PATH: 
2025-07-01T14:44:15.8973777Z   INPUT_ENABLE_KVM: true
2025-07-01T14:44:15.8974202Z   GITHUB_TOKEN: ***
2025-07-01T14:44:15.8974409Z ##[endgroup]
2025-07-01T14:44:15.9097322Z ##[group]Enabling KVM support
2025-07-01T14:44:15.9164181Z KERNEL=="kvm", GROUP="kvm", MODE="0666", OPTIONS+="static_node=kvm"
2025-07-01T14:44:15.9465707Z Enabled KVM
2025-07-01T14:44:15.9466415Z ##[endgroup]
2025-07-01T14:44:15.9466860Z ##[group]Installing Nix
2025-07-01T14:44:15.9750598Z installer options: --no-channel-add --darwin-use-unencrypted-nix-store-volume --nix-extra-conf-file /tmp/tmp.xyAiBh5L8T/nix.conf --daemon --daemon-user-count 8
2025-07-01T14:44:15.9852323Z * Host releases.nixos.org:443 was resolved.
2025-07-01T14:44:15.9852749Z * IPv6: 2a04:4e42:2f::729
2025-07-01T14:44:15.9852996Z * IPv4: 151.101.202.217
2025-07-01T14:44:15.9853228Z *   Trying 151.101.202.217:443...
2025-07-01T14:44:15.9862169Z * Connected to releases.nixos.org (151.101.202.217) port 443
2025-07-01T14:44:15.9875630Z * ALPN: curl offers h2,http/1.1
2025-07-01T14:44:15.9877780Z } [5 bytes data]
2025-07-01T14:44:15.9878224Z * TLSv1.3 (OUT), TLS handshake, Client hello (1):
2025-07-01T14:44:15.9878739Z } [512 bytes data]
2025-07-01T14:44:16.0092909Z *  CAfile: /etc/ssl/certs/ca-certificates.crt
2025-07-01T14:44:16.0093446Z *  CApath: /etc/ssl/certs
2025-07-01T14:44:16.0093848Z { [5 bytes data]
2025-07-01T14:44:16.0094256Z * TLSv1.3 (IN), TLS handshake, Server hello (2):
2025-07-01T14:44:16.0094732Z { [104 bytes data]
2025-07-01T14:44:16.0095140Z * TLSv1.2 (IN), TLS handshake, Certificate (11):
2025-07-01T14:44:16.0095623Z { [2827 bytes data]
2025-07-01T14:44:16.0100362Z * TLSv1.2 (IN), TLS handshake, Server key exchange (12):
2025-07-01T14:44:16.0100911Z { [300 bytes data]
2025-07-01T14:44:16.0101333Z * TLSv1.2 (IN), TLS handshake, Server finished (14):
2025-07-01T14:44:16.0101817Z { [4 bytes data]
2025-07-01T14:44:16.0102790Z * TLSv1.2 (OUT), TLS handshake, Client key exchange (16):
2025-07-01T14:44:16.0103306Z } [37 bytes data]
2025-07-01T14:44:16.0103907Z * TLSv1.2 (OUT), TLS change cipher, Change cipher spec (1):
2025-07-01T14:44:16.0104470Z } [1 bytes data]
2025-07-01T14:44:16.0104735Z * TLSv1.2 (OUT), TLS handshake, Finished (20):
2025-07-01T14:44:16.0105229Z } [16 bytes data]
2025-07-01T14:44:16.0112675Z * TLSv1.2 (IN), TLS handshake, Finished (20):
2025-07-01T14:44:16.0113200Z { [16 bytes data]
2025-07-01T14:44:16.0113807Z * SSL connection using TLSv1.2 / ECDHE-RSA-CHACHA20-POLY1305 / X25519 / RSASSA-PSS
2025-07-01T14:44:16.0114427Z * ALPN: server accepted h2
2025-07-01T14:44:16.0114673Z * Server certificate:
2025-07-01T14:44:16.0114912Z *  subject: CN=releases.nixos.org
2025-07-01T14:44:16.0115193Z *  start date: Oct 11 20:56:16 2024 GMT
2025-07-01T14:44:16.0115476Z *  expire date: Nov 12 20:56:15 2025 GMT
2025-07-01T14:44:16.0115887Z *  subjectAltName: host "releases.nixos.org" matched cert's "releases.nixos.org"
2025-07-01T14:44:16.0116415Z *  issuer: C=BE; O=GlobalSign nv-sa; CN=GlobalSign Atlas R3 DV TLS CA 2024 Q4
2025-07-01T14:44:16.0116785Z *  SSL certificate verify ok.
2025-07-01T14:44:16.0117238Z *   Certificate level 0: Public key type RSA (2048/112 Bits/secBits), signed using sha256WithRSAEncryption
2025-07-01T14:44:16.0118281Z *   Certificate level 1: Public key type RSA (2048/112 Bits/secBits), signed using sha256WithRSAEncryption
2025-07-01T14:44:16.0119408Z *   Certificate level 2: Public key type RSA (2048/112 Bits/secBits), signed using sha256WithRSAEncryption
2025-07-01T14:44:16.0119904Z } [5 bytes data]
2025-07-01T14:44:16.0120106Z * using HTTP/2
2025-07-01T14:44:16.0120457Z * [HTTP/2] [1] OPENED stream for https://releases.nixos.org/nix/nix-2.26.3/install
2025-07-01T14:44:16.0120855Z * [HTTP/2] [1] [:method: GET]
2025-07-01T14:44:16.0121100Z * [HTTP/2] [1] [:scheme: https]
2025-07-01T14:44:16.0121373Z * [HTTP/2] [1] [:authority: releases.nixos.org]
2025-07-01T14:44:16.0121689Z * [HTTP/2] [1] [:path: /nix/nix-2.26.3/install]
2025-07-01T14:44:16.0121978Z * [HTTP/2] [1] [user-agent: curl/8.5.0]
2025-07-01T14:44:16.0122238Z * [HTTP/2] [1] [accept: */*]
2025-07-01T14:44:16.0122463Z } [5 bytes data]
2025-07-01T14:44:16.0122683Z > GET /nix/nix-2.26.3/install HTTP/2
2025-07-01T14:44:16.0122955Z > Host: releases.nixos.org
2025-07-01T14:44:16.0123189Z > User-Agent: curl/8.5.0
2025-07-01T14:44:16.0123401Z > Accept: */*
2025-07-01T14:44:16.0123584Z > 
2025-07-01T14:44:16.0123746Z { [5 bytes data]
2025-07-01T14:44:16.0125210Z < HTTP/2 200 
2025-07-01T14:44:16.0125641Z < last-modified: Wed, 05 Mar 2025 18:21:15 GMT
2025-07-01T14:44:16.0126167Z < etag: "c6753896884bce9b95ec3ca7be157ef6"
2025-07-01T14:44:16.0126699Z < x-amz-server-side-encryption: AES256
2025-07-01T14:44:16.0127196Z < content-type: text/plain
2025-07-01T14:44:16.0127591Z < server: AmazonS3
2025-07-01T14:44:16.0128171Z < via: 1.1 varnish, 1.1 varnish
2025-07-01T14:44:16.0128600Z < access-control-allow-origin: *
2025-07-01T14:44:16.0129019Z < accept-ranges: bytes
2025-07-01T14:44:16.0129400Z < date: Tue, 01 Jul 2025 14:44:16 GMT
2025-07-01T14:44:16.0129802Z < age: 83270
2025-07-01T14:44:16.0130273Z < x-served-by: cache-dub4357-DUB, cache-pao-kpao1770043-PAO
2025-07-01T14:44:16.0130824Z < x-cache: HIT, HIT
2025-07-01T14:44:16.0131160Z < x-cache-hits: 435, 7
2025-07-01T14:44:16.0131530Z < content-length: 4267
2025-07-01T14:44:16.0131852Z < 
2025-07-01T14:44:16.0132123Z { [5 bytes data]
2025-07-01T14:44:16.0132595Z * Connection #0 to host releases.nixos.org left intact
2025-07-01T14:44:16.0195481Z downloading Nix 2.26.3 binary tarball for x86_64-linux from 'https://releases.nixos.org/nix/nix-2.26.3/nix-2.26.3-x86_64-linux.tar.xz' to '/tmp/nix-binary-tarball-unpack.Pgn3Ge44TE'...
2025-07-01T14:44:16.0239976Z   % Total    % Received % Xferd  Average Speed   Time    Time     Time  Current
2025-07-01T14:44:16.0241736Z                                  Dload  Upload   Total   Spent    Left  Speed
2025-07-01T14:44:16.0242142Z 
2025-07-01T14:44:16.0478922Z   0     0    0     0    0     0      0      0 --:--:-- --:--:-- --:--:--     0
2025-07-01T14:44:16.1601884Z   0     0    0     0    0     0      0      0 --:--:-- --:--:-- --:--:--     0
2025-07-01T14:44:16.1602618Z 100 22.6M  100 22.6M    0     0   166M      0 --:--:-- --:--:-- --:--:--  165M
2025-07-01T14:44:17.7118049Z Note: a multi-user installation is possible. See https://nixos.org/manual/nix/stable/installation/installing-binary.html#multi-user-installation
2025-07-01T14:44:17.7126391Z Warning: the flag --darwin-use-unencrypted-nix-store-volume
2025-07-01T14:44:17.7127435Z          is no longer needed and will be removed in the future.
2025-07-01T14:44:17.7128068Z 
2025-07-01T14:44:17.7137347Z [1;31mSwitching to the Multi-user Installer[0m
2025-07-01T14:44:17.7234502Z [32mWelcome to the Multi-User Nix Installation
2025-07-01T14:44:17.7244049Z [0m
2025-07-01T14:44:17.7244583Z This installation tool will set up your computer with the Nix package
2025-07-01T14:44:17.7245241Z manager. This will happen in a few stages:
2025-07-01T14:44:17.7245553Z 
2025-07-01T14:44:17.7245874Z 1. Make sure your computer doesn't already have Nix. If it does, I
2025-07-01T14:44:17.7246662Z    will show you instructions on how to clean up your old install.
2025-07-01T14:44:17.7247081Z 
2025-07-01T14:44:17.7247360Z 2. Show you what I am going to install and where. Then I will ask
2025-07-01T14:44:17.7248122Z    if you are ready to continue.
2025-07-01T14:44:17.7248391Z 
2025-07-01T14:44:17.7248931Z 3. Create the system users [34m(uids [30001..30008])[0m and groups [34m(gid 30000)[0m
2025-07-01T14:44:17.7249716Z    that the Nix daemon uses to run builds. To create system users
2025-07-01T14:44:17.7250161Z    in a different range, exit and run this tool again with
2025-07-01T14:44:17.7250513Z    NIX_FIRST_BUILD_UID set.
2025-07-01T14:44:17.7250663Z 
2025-07-01T14:44:17.7250833Z 4. Perform the basic installation of the Nix files daemon.
2025-07-01T14:44:17.7251070Z 
2025-07-01T14:44:17.7251270Z 5. Configure your shell to import special Nix Profile files, so you
2025-07-01T14:44:17.7251631Z    can use Nix.
2025-07-01T14:44:17.7251747Z 
2025-07-01T14:44:17.7251845Z 6. Start the Nix daemon.
2025-07-01T14:44:17.7251990Z 
2025-07-01T14:44:17.7252280Z [32m[4;32mWould you like to see a more detailed list of what I will do?
2025-07-01T14:44:17.7252711Z [0mNo TTY, assuming you would say yes :)
2025-07-01T14:44:17.7255923Z 
2025-07-01T14:44:17.7256069Z I will:
2025-07-01T14:44:17.7256251Z 
2025-07-01T14:44:17.7256536Z  - make sure your computer doesn't already have Nix files
2025-07-01T14:44:17.7257206Z    (if it does, I will tell you how to clean them up.)
2025-07-01T14:44:17.7258005Z  - create local users (see the list above for the users I'll make)
2025-07-01T14:44:17.7258603Z  - create a local group (nixbld)
2025-07-01T14:44:17.7259019Z  - install Nix in /nix
2025-07-01T14:44:17.7259377Z  - create a configuration file in /etc/nix
2025-07-01T14:44:17.7259778Z  - set up the "default profile" by creating some Nix-related files in
2025-07-01T14:44:17.7260128Z    /root
2025-07-01T14:44:17.7272041Z  - back up /etc/bash.bashrc to /etc/bash.bashrc.backup-before-nix
2025-07-01T14:44:17.7272554Z  - update /etc/bash.bashrc to include some Nix configuration
2025-07-01T14:44:17.7283191Z  - load and start a service (at /etc/systemd/system/nix-daemon.service
2025-07-01T14:44:17.7283731Z    and /etc/systemd/system/nix-daemon.socket) for nix-daemon
2025-07-01T14:44:17.7284134Z 
2025-07-01T14:44:17.7285289Z [32m[4;32mReady to continue?
2025-07-01T14:44:17.7285846Z [0mNo TTY, assuming you would say yes :)
2025-07-01T14:44:17.7309131Z 
2025-07-01T14:44:17.7309666Z [34m---- let's talk about sudo -----------------------------------------------------
2025-07-01T14:44:17.7319419Z [0mThis script is going to call sudo a lot. Normally, it would show you
2025-07-01T14:44:17.7319936Z exactly what commands it is running and why. However, the script is
2025-07-01T14:44:17.7320504Z run in a headless fashion, like this:
2025-07-01T14:44:17.7320795Z 
2025-07-01T14:44:17.7321069Z   $ curl -L https://nixos.org/nix/install | sh
2025-07-01T14:44:17.7321422Z 
2025-07-01T14:44:17.7321745Z or maybe in a CI pipeline. Because of that, I'm going to skip the
2025-07-01T14:44:17.7322400Z verbose output in the interest of brevity.
2025-07-01T14:44:17.7322726Z 
2025-07-01T14:44:17.7323121Z If you would like to
2025-07-01T14:44:17.7323514Z see the output, try like this:
2025-07-01T14:44:17.7323790Z 
2025-07-01T14:44:17.7324128Z   $ curl -L -o install-nix https://nixos.org/nix/install
2025-07-01T14:44:17.7324464Z   $ sh ./install-nix
2025-07-01T14:44:17.7324596Z 
2025-07-01T14:44:17.7324609Z 
2025-07-01T14:44:17.7324834Z [32m~~> Checking for artifacts of previous installs
2025-07-01T14:44:17.7332141Z [0mBefore I try to install, I'll check for signs Nix already is or has
2025-07-01T14:44:17.7332722Z been installed on this system.
2025-07-01T14:44:17.7365527Z 
2025-07-01T14:44:17.7366324Z [34m---- Nix config report ---------------------------------------------------------
2025-07-01T14:44:17.7367087Z [0m[1m        Temp Dir[0m:	/tmp/tmp.dvXEJuf2SX
2025-07-01T14:44:17.7370031Z [1m        Nix Root[0m:	/nix
2025-07-01T14:44:17.7370516Z [1m     Build Users[0m:	8
2025-07-01T14:44:17.7370992Z [1m  Build Group ID[0m:	30000
2025-07-01T14:44:17.7371464Z [1mBuild Group Name[0m:	nixbld
2025-07-01T14:44:17.7371749Z 
2025-07-01T14:44:17.7371952Z [4;34mbuild users:
2025-07-01T14:44:17.7372359Z [0m[1m    Username[0m:	UID
2025-07-01T14:44:17.7399980Z [1m     nixbld1[0m:	30001
2025-07-01T14:44:17.7409909Z [1m     nixbld2[0m:	30002
2025-07-01T14:44:17.7419944Z [1m     nixbld3[0m:	30003
2025-07-01T14:44:17.7429693Z [1m     nixbld4[0m:	30004
2025-07-01T14:44:17.7439445Z [1m     nixbld5[0m:	30005
2025-07-01T14:44:17.7449943Z [1m     nixbld6[0m:	30006
2025-07-01T14:44:17.7459669Z [1m     nixbld7[0m:	30007
2025-07-01T14:44:17.7470702Z [1m     nixbld8[0m:	30008
2025-07-01T14:44:17.7470991Z 
2025-07-01T14:44:17.7471528Z [32m[4;32mReady to continue?
2025-07-01T14:44:17.7472367Z [0mNo TTY, assuming you would say yes :)
2025-07-01T14:44:17.7472736Z 
2025-07-01T14:44:17.7473030Z [32m~~> Setting up the build group nixbld
2025-07-01T14:44:17.7819755Z [0m[1m            Created[0m:	Yes
2025-07-01T14:44:17.7842659Z 
2025-07-01T14:44:17.7842972Z [32m~~> Setting up the build user nixbld1
2025-07-01T14:44:17.8017290Z useradd warning: nixbld1's uid 30001 is greater than SYS_UID_MAX 999
2025-07-01T14:44:17.8134458Z [0m[1m           Created[0m:	Yes
2025-07-01T14:44:17.8140019Z [1m            Hidden[0m:	Yes
2025-07-01T14:44:17.8158971Z [1m    Home Directory[0m:	/var/empty
2025-07-01T14:44:17.8178709Z [1m              Note[0m:	Nix build user 1
2025-07-01T14:44:17.8196302Z [1m   Logins Disabled[0m:	Yes
2025-07-01T14:44:17.8219236Z [1m  Member of nixbld[0m:	Yes
2025-07-01T14:44:17.8236648Z [1m    PrimaryGroupID[0m:	30000
2025-07-01T14:44:17.8248433Z 
2025-07-01T14:44:17.8248956Z [32m~~> Setting up the build user nixbld2
2025-07-01T14:44:17.8394947Z useradd warning: nixbld2's uid 30002 is greater than SYS_UID_MAX 999
2025-07-01T14:44:17.8509316Z [0m[1m           Created[0m:	Yes
2025-07-01T14:44:17.8514737Z [1m            Hidden[0m:	Yes
2025-07-01T14:44:17.8532781Z [1m    Home Directory[0m:	/var/empty
2025-07-01T14:44:17.8553000Z [1m              Note[0m:	Nix build user 2
2025-07-01T14:44:17.8571722Z [1m   Logins Disabled[0m:	Yes
2025-07-01T14:44:17.8590113Z [1m  Member of nixbld[0m:	Yes
2025-07-01T14:44:17.8608411Z [1m    PrimaryGroupID[0m:	30000
2025-07-01T14:44:17.8619380Z 
2025-07-01T14:44:17.8619788Z [32m~~> Setting up the build user nixbld3
2025-07-01T14:44:17.8801329Z useradd warning: nixbld3's uid 30003 is greater than SYS_UID_MAX 999
2025-07-01T14:44:17.8909677Z [0m[1m           Created[0m:	Yes
2025-07-01T14:44:17.8914986Z [1m            Hidden[0m:	Yes
2025-07-01T14:44:17.8932941Z [1m    Home Directory[0m:	/var/empty
2025-07-01T14:44:17.8953150Z [1m              Note[0m:	Nix build user 3
2025-07-01T14:44:17.8971286Z [1m   Logins Disabled[0m:	Yes
2025-07-01T14:44:17.8989872Z [1m  Member of nixbld[0m:	Yes
2025-07-01T14:44:17.9007429Z [1m    PrimaryGroupID[0m:	30000
2025-07-01T14:44:17.9019290Z 
2025-07-01T14:44:17.9019699Z [32m~~> Setting up the build user nixbld4
2025-07-01T14:44:17.9161620Z useradd warning: nixbld4's uid 30004 is greater than SYS_UID_MAX 999
2025-07-01T14:44:17.9269403Z [0m[1m           Created[0m:	Yes
2025-07-01T14:44:17.9274701Z [1m            Hidden[0m:	Yes
2025-07-01T14:44:17.9293086Z [1m    Home Directory[0m:	/var/empty
2025-07-01T14:44:17.9313198Z [1m              Note[0m:	Nix build user 4
2025-07-01T14:44:17.9331176Z [1m   Logins Disabled[0m:	Yes
2025-07-01T14:44:17.9349536Z [1m  Member of nixbld[0m:	Yes
2025-07-01T14:44:17.9367260Z [1m    PrimaryGroupID[0m:	30000
2025-07-01T14:44:17.9378343Z 
2025-07-01T14:44:17.9378837Z [32m~~> Setting up the build user nixbld5
2025-07-01T14:44:17.9515224Z useradd warning: nixbld5's uid 30005 is greater than SYS_UID_MAX 999
2025-07-01T14:44:17.9626523Z [0m[1m           Created[0m:	Yes
2025-07-01T14:44:17.9632017Z [1m            Hidden[0m:	Yes
2025-07-01T14:44:17.9650149Z [1m    Home Directory[0m:	/var/empty
2025-07-01T14:44:17.9670327Z [1m              Note[0m:	Nix build user 5
2025-07-01T14:44:17.9688362Z [1m   Logins Disabled[0m:	Yes
2025-07-01T14:44:17.9706232Z [1m  Member of nixbld[0m:	Yes
2025-07-01T14:44:17.9724547Z [1m    PrimaryGroupID[0m:	30000
2025-07-01T14:44:17.9735811Z 
2025-07-01T14:44:17.9736325Z [32m~~> Setting up the build user nixbld6
2025-07-01T14:44:17.9906250Z useradd warning: nixbld6's uid 30006 is greater than SYS_UID_MAX 999
2025-07-01T14:44:18.0015215Z [0m[1m           Created[0m:	Yes
2025-07-01T14:44:18.0021325Z [1m            Hidden[0m:	Yes
2025-07-01T14:44:18.0044182Z [1m    Home Directory[0m:	/var/empty
2025-07-01T14:44:18.0065655Z [1m              Note[0m:	Nix build user 6
2025-07-01T14:44:18.0088001Z [1m   Logins Disabled[0m:	Yes
2025-07-01T14:44:18.0109824Z [1m  Member of nixbld[0m:	Yes
2025-07-01T14:44:18.0146833Z [1m    PrimaryGroupID[0m:	30000
2025-07-01T14:44:18.0147336Z 
2025-07-01T14:44:18.0148236Z [32m~~> Setting up the build user nixbld7
2025-07-01T14:44:18.0290919Z useradd warning: nixbld7's uid 30007 is greater than SYS_UID_MAX 999
2025-07-01T14:44:18.0406876Z [0m[1m           Created[0m:	Yes
2025-07-01T14:44:18.0412583Z [1m            Hidden[0m:	Yes
2025-07-01T14:44:18.0430838Z [1m    Home Directory[0m:	/var/empty
2025-07-01T14:44:18.0451016Z [1m              Note[0m:	Nix build user 7
2025-07-01T14:44:18.0469356Z [1m   Logins Disabled[0m:	Yes
2025-07-01T14:44:18.0487181Z [1m  Member of nixbld[0m:	Yes
2025-07-01T14:44:18.0505465Z [1m    PrimaryGroupID[0m:	30000
2025-07-01T14:44:18.0516363Z 
2025-07-01T14:44:18.0516899Z [32m~~> Setting up the build user nixbld8
2025-07-01T14:44:18.0663785Z useradd warning: nixbld8's uid 30008 is greater than SYS_UID_MAX 999
2025-07-01T14:44:18.0787570Z [0m[1m           Created[0m:	Yes
2025-07-01T14:44:18.0793374Z [1m            Hidden[0m:	Yes
2025-07-01T14:44:18.0812737Z [1m    Home Directory[0m:	/var/empty
2025-07-01T14:44:18.0833461Z [1m              Note[0m:	Nix build user 8
2025-07-01T14:44:18.0851735Z [1m   Logins Disabled[0m:	Yes
2025-07-01T14:44:18.0870784Z [1m  Member of nixbld[0m:	Yes
2025-07-01T14:44:18.0889294Z [1m    PrimaryGroupID[0m:	30000
2025-07-01T14:44:18.0889722Z 
2025-07-01T14:44:18.0890317Z [32m~~> Setting up the basic directory structure
2025-07-01T14:44:18.0976035Z [0minstall: creating directory '/nix'
2025-07-01T14:44:18.0976395Z install: creating directory '/nix/var'
2025-07-01T14:44:18.0976721Z install: creating directory '/nix/var/log'
2025-07-01T14:44:18.0977053Z install: creating directory '/nix/var/log/nix'
2025-07-01T14:44:18.0977420Z install: creating directory '/nix/var/log/nix/drvs'
2025-07-01T14:44:18.0978024Z install: creating directory '/nix/var/nix'
2025-07-01T14:44:18.0978365Z install: creating directory '/nix/var/nix/db'
2025-07-01T14:44:18.0978812Z install: creating directory '/nix/var/nix/gcroots'
2025-07-01T14:44:18.0979317Z install: creating directory '/nix/var/nix/profiles'
2025-07-01T14:44:18.0979709Z install: creating directory '/nix/var/nix/temproots'
2025-07-01T14:44:18.0980087Z install: creating directory '/nix/var/nix/userpool'
2025-07-01T14:44:18.0980493Z install: creating directory '/nix/var/nix/daemon-socket'
2025-07-01T14:44:18.0981496Z install: creating directory '/nix/var/nix/gcroots/per-user'
2025-07-01T14:44:18.0982351Z install: creating directory '/nix/var/nix/profiles/per-user'
2025-07-01T14:44:18.1056050Z install: creating directory '/nix/store'
2025-07-01T14:44:18.1133044Z install: creating directory '/etc/nix'
2025-07-01T14:44:18.1142854Z 
2025-07-01T14:44:18.1143145Z [32m~~> Installing Nix
2025-07-01T14:44:18.3062468Z [0m      Alright! We have our first nix at /nix/store/x3235311q3n51rppm2y2ycwd7nb3mgpn-nix-2.26.3
2025-07-01T14:44:18.3479928Z       Just finished getting the nix database ready.
2025-07-01T14:44:18.3482551Z 
2025-07-01T14:44:18.3483572Z [32m~~> Setting up shell profiles: /etc/bashrc /etc/profile.d/nix.sh /etc/zshrc /etc/bash.bashrc /etc/zsh/zshrc
2025-07-01T14:44:18.3648708Z [0m
2025-07-01T14:44:18.3648910Z # Nix
2025-07-01T14:44:18.3649430Z if [ -e '/nix/var/nix/profiles/default/etc/profile.d/nix-daemon.sh' ]; then
2025-07-01T14:44:18.3650341Z   . '/nix/var/nix/profiles/default/etc/profile.d/nix-daemon.sh'
2025-07-01T14:44:18.3650945Z fi
2025-07-01T14:44:18.3651233Z # End Nix
2025-07-01T14:44:18.3651409Z 
2025-07-01T14:44:18.3818260Z 
2025-07-01T14:44:18.3818573Z # Nix
2025-07-01T14:44:18.3818983Z if [ -e '/nix/var/nix/profiles/default/etc/profile.d/nix-daemon.sh' ]; then
2025-07-01T14:44:18.3819738Z   . '/nix/var/nix/profiles/default/etc/profile.d/nix-daemon.sh'
2025-07-01T14:44:18.3820304Z fi
2025-07-01T14:44:18.3820602Z # End Nix
2025-07-01T14:44:18.3820776Z 
2025-07-01T14:44:18.3985686Z 
2025-07-01T14:44:18.3985879Z # Nix
2025-07-01T14:44:18.3986301Z if [ -e '/nix/var/nix/profiles/default/etc/profile.d/nix-daemon.sh' ]; then
2025-07-01T14:44:18.3986853Z   . '/nix/var/nix/profiles/default/etc/profile.d/nix-daemon.sh'
2025-07-01T14:44:18.3987434Z fi
2025-07-01T14:44:18.3987930Z # End Nix
2025-07-01T14:44:18.3988130Z 
2025-07-01T14:44:18.4146114Z 
2025-07-01T14:44:18.4146291Z # Nix
2025-07-01T14:44:18.4146878Z if [ -e '/nix/var/nix/profiles/default/etc/profile.d/nix-daemon.sh' ]; then
2025-07-01T14:44:18.4147523Z   . '/nix/var/nix/profiles/default/etc/profile.d/nix-daemon.sh'
2025-07-01T14:44:18.4148266Z fi
2025-07-01T14:44:18.4148457Z # End Nix
2025-07-01T14:44:18.4148561Z 
2025-07-01T14:44:18.4170809Z 
2025-07-01T14:44:18.4172019Z [32m~~> Setting up shell profiles for Fish with conf.d/nix.fish inside /etc/fish /usr/local/etc/fish /opt/homebrew/etc/fish /opt/local/etc/fish
2025-07-01T14:44:18.4239753Z [0m
2025-07-01T14:44:18.4240204Z [32m~~> Setting up the default profile
2025-07-01T14:44:18.4518828Z installing 'nix-2.26.3'
2025-07-01T14:44:18.4653026Z building '/nix/store/5afca9ydks0pp5szkwwhi7a6m2zmgk9g-user-environment.drv'...
2025-07-01T14:44:18.5048974Z installing 'nss-cacert-3.107'
2025-07-01T14:44:18.5177119Z building '/nix/store/ilxzpc39hcw5jr229rmajjkyz1a0fym1-user-environment.drv'...
2025-07-01T14:44:18.5385292Z [0m
2025-07-01T14:44:18.5385821Z [32m~~> Setting up the nix-daemon systemd service
2025-07-01T14:44:18.5747100Z Created symlink /etc/systemd/system/nix-daemon.service → /nix/var/nix/profiles/default/lib/systemd/system/nix-daemon.service.
2025-07-01T14:44:18.8399709Z Created symlink /etc/systemd/system/nix-daemon.socket → /nix/var/nix/profiles/default/lib/systemd/system/nix-daemon.socket.
2025-07-01T14:44:18.8401567Z Created symlink /etc/systemd/system/sockets.target.wants/nix-daemon.socket → /nix/var/nix/profiles/default/lib/systemd/system/nix-daemon.socket.
2025-07-01T14:44:19.4115146Z [0m[32mAlright! We're done!
2025-07-01T14:44:19.4135673Z [0mTry it! Open a new terminal, and type:
2025-07-01T14:44:19.4136056Z 
2025-07-01T14:44:19.4136339Z   $ nix-shell -p nix-info --run "nix-info -m"
2025-07-01T14:44:19.4136678Z 
2025-07-01T14:44:19.4137007Z Thank you for using this installer. If you have any feedback or need
2025-07-01T14:44:19.4137613Z help, don't hesitate:
2025-07-01T14:44:19.4138107Z 
2025-07-01T14:44:19.4138282Z You can open an issue at
2025-07-01T14:44:19.4138946Z https://github.com/NixOS/nix/issues/new?labels=installer&template=installer.md
2025-07-01T14:44:19.4139811Z 
2025-07-01T14:44:19.4140127Z Or get in touch with the community: https://nixos.org/community
2025-07-01T14:44:19.4156124Z 
2025-07-01T14:44:19.4157257Z [34m---- Reminders -----------------------------------------------------------------
2025-07-01T14:44:19.4158290Z [0m[34m[ 1 ][0m
2025-07-01T14:44:19.4158883Z Nix won't work in active shell sessions until you restart them.
2025-07-01T14:44:19.4160413Z 
2025-07-01T14:44:19.4826773Z ##[endgroup]
2025-07-01T14:44:19.4906775Z ##[group]Run /home/runner/work/_actions/ava-labs/avalanchego/092cf182dd92b66a8ab882b657d3ae52b174c913/.github/actions/run-monitored-tmpnet-cmd/nix-develop.sh --command echo "dependencies installed"
2025-07-01T14:44:19.4908443Z [36;1m/home/runner/work/_actions/ava-labs/avalanchego/092cf182dd92b66a8ab882b657d3ae52b174c913/.github/actions/run-monitored-tmpnet-cmd/nix-develop.sh --command echo "dependencies installed"[0m
2025-07-01T14:44:19.4967990Z shell: /usr/bin/bash --noprofile --norc -e -o pipefail {0}
2025-07-01T14:44:19.4968342Z env:
2025-07-01T14:44:19.4968546Z   TMPDIR: /home/runner/work/_temp
2025-07-01T14:44:19.4968799Z ##[endgroup]
2025-07-01T14:44:19.5068408Z No local flake found, will attempt to use avalanchego flake
2025-07-01T14:44:19.5151305Z Starting nix shell for github:ava-labs/avalanchego?ref=v1.13.2
2025-07-01T14:44:19.8541030Z unpacking 'github:ava-labs/avalanchego/092cf182dd92b66a8ab882b657d3ae52b174c913' into the Git cache...
2025-07-01T14:44:21.5730172Z copying path '/nix/store/i99indk3y6pc3sm0k1xx3nakm193lqzb-source' from 'https://cache.nixos.org'...
2025-07-01T14:44:37.1810554Z copying path '/nix/store/899rx4l5zz1za8nx7ijp7swv5ibc8wx2-git-2.47.2-doc' from 'https://cache.nixos.org'...
2025-07-01T14:44:37.1816332Z copying path '/nix/store/zpab59ialz19x6f65jbjf5xb8waa54av-iana-etc-20240318' from 'https://cache.nixos.org'...
2025-07-01T14:44:37.1840573Z copying path '/nix/store/dgzz9k53hz1qgklnj9667xzliyidj9cs-mailcap-2.1.54' from 'https://cache.nixos.org'...
2025-07-01T14:44:37.1849071Z copying path '/nix/store/hnpph37w6p5jfspwf5pksljpf0wqwjg3-perl5.40.0-Digest-HMAC-1.04' from 'https://cache.nixos.org'...
2025-07-01T14:44:37.1855084Z copying path '/nix/store/cnb01qfmg8c3irp630nplhwa201d7xsr-perl5.40.0-FCGI-ProcManager-0.28' from 'https://cache.nixos.org'...
2025-07-01T14:44:37.1861413Z copying path '/nix/store/v657ak4hdkixvq99rk3qvyh28in945dv-perl5.40.0-HTML-TagCloud-0.38' from 'https://cache.nixos.org'...
2025-07-01T14:44:37.1878546Z copying path '/nix/store/9qrv0d0yd9wss610gjzv3507ry6v9mzw-perl5.40.0-URI-5.21' from 'https://cache.nixos.org'...
2025-07-01T14:44:37.1880092Z copying path '/nix/store/pz7y4qd8lyhg9y6wmb9hynivx36f53zp-perl5.40.0-libnet-3.15' from 'https://cache.nixos.org'...
2025-07-01T14:44:37.1889639Z copying path '/nix/store/l6mypzy4rvkxd5kwzs18d88syirislib-tzdata-2024b' from 'https://cache.nixos.org'...
2025-07-01T14:44:37.1904024Z copying path '/nix/store/czlhi3r9b6ip4xyynwibfhm458ljwsir-gcc-13.3.0-libgcc' from 'https://cache.nixos.org'...
2025-07-01T14:44:37.1908176Z copying path '/nix/store/d8qbcrirc6jidfacy0qa50zy07i15xcz-gnu-config-2024-01-01' from 'https://cache.nixos.org'...
2025-07-01T14:44:37.1938937Z copying path '/nix/store/74bbxwiamv62d2l089f1r8apv295vsry-perl5.40.0-HTML-Tagset-3.20' from 'https://cache.nixos.org'...
2025-07-01T14:44:37.1940711Z copying path '/nix/store/krx6xw6wxakapdkviirq57yh3nl3227h-perl5.40.0-IO-HTML-1.004' from 'https://cache.nixos.org'...
2025-07-01T14:44:37.1943950Z copying path '/nix/store/w9yrswzdifcjhg0righ76aqb6bpslhkb-perl5.40.0-Mozilla-CA-20230821' from 'https://cache.nixos.org'...
2025-07-01T14:44:37.1946233Z copying path '/nix/store/rscnjwdmhya0wcdmbygr3jpz6p39kvhr-perl5.40.0-Encode-Locale-1.05' from 'https://cache.nixos.org'...
2025-07-01T14:44:37.1948244Z copying path '/nix/store/3r0pprxsd9n52nb2yqq3idwb75d0spzd-perl5.40.0-LWP-MediaTypes-6.04' from 'https://cache.nixos.org'...
2025-07-01T14:44:37.2091818Z copying path '/nix/store/swnhrfysvmwjvibcafm0im377pcfs80v-curl-8.12.1-man' from 'https://cache.nixos.org'...
2025-07-01T14:44:37.2110923Z copying path '/nix/store/x6i8jiz3yv3h209xfbz9a3ch1sm16167-dns-root-data-2024-06-20' from 'https://cache.nixos.org'...
2025-07-01T14:44:37.2120964Z copying path '/nix/store/maxa3xhmxggrc5v2vc0c3pjb79hjlkp9-glibc-2.40-66' from 'https://cache.nixos.org'...
2025-07-01T14:44:37.2163184Z copying path '/nix/store/dvsai0ym9czjl5mcsarcdwccb70615n4-linux-headers-6.10' from 'https://cache.nixos.org'...
2025-07-01T14:44:37.2172259Z copying path '/nix/store/5ahjfkydg49xvbr3vghhv317prgspnf3-mirrors-list' from 'https://cache.nixos.org'...
2025-07-01T14:44:37.2230330Z copying path '/nix/store/970fk2m63qra4ybkpp99rw7mld9fphlv-nghttp2-1.64.0' from 'https://cache.nixos.org'...
2025-07-01T14:44:37.2256801Z copying path '/nix/store/frpqzb3223826xq72s0fcjmjmj50wpyn-perl5.40.0-Authen-SASL-2.1700' from 'https://cache.nixos.org'...
2025-07-01T14:44:37.2276276Z copying path '/nix/store/hz5m52dx8x6vvi5pp0yikxb3b05bmi2j-perl5.40.0-Test-Needs-0.002010' from 'https://cache.nixos.org'...
2025-07-01T14:44:37.2315004Z copying path '/nix/store/ldlsmrf2rrq28s08mzjk245vr26dwwhi-perl5.40.0-Test-RequiresInternet-0.05' from 'https://cache.nixos.org'...
2025-07-01T14:44:37.2320614Z copying path '/nix/store/vvjpgyk6jgd6k74pgpjrln6m6aqyiaig-perl5.40.0-Try-Tiny-0.31' from 'https://cache.nixos.org'...
2025-07-01T14:44:37.2325016Z copying path '/nix/store/lj7p9q5kgmdcq768rvsgvjndi42mjcn8-publicsuffix-list-0-unstable-2024-10-25' from 'https://cache.nixos.org'...
2025-07-01T14:44:37.2348324Z copying path '/nix/store/6aqxgf5ygcscqsh4p9krd0dz2hc1cn0w-perl5.40.0-WWW-RobotRules-6.02' from 'https://cache.nixos.org'...
2025-07-01T14:44:37.2351331Z copying path '/nix/store/vlfgix8rcbj3l9yk0rna1damxkafbq18-perl5.40.0-Net-HTTP-6.23' from 'https://cache.nixos.org'...
2025-07-01T14:44:37.2356320Z copying path '/nix/store/5xvxvpl9armf0p6y9m4g1zl1mypvr9m7-perl5.40.0-TimeDate-2.33' from 'https://cache.nixos.org'...
2025-07-01T14:44:37.2361405Z copying path '/nix/store/i9ymkbklv1q9yzl7wwx7300wbkqdln0r-update-autotools-gnu-config-scripts-hook' from 'https://cache.nixos.org'...
2025-07-01T14:44:37.2660235Z copying path '/nix/store/2h648f4xlzszyc01yf67xd2rgira65js-perl5.40.0-Test-Fatal-0.017' from 'https://cache.nixos.org'...
2025-07-01T14:44:37.2722832Z copying path '/nix/store/shx8jax9b662cd9nlml731hh9wks24v1-perl5.40.0-HTTP-Date-6.06' from 'https://cache.nixos.org'...
2025-07-01T14:44:37.2804873Z copying path '/nix/store/0m34prvcx3d3vd9f4djbaqji7yb9swsh-perl5.40.0-HTTP-CookieJar-0.014' from 'https://cache.nixos.org'...
2025-07-01T14:44:37.2809614Z copying path '/nix/store/i9hiqc4dfksm9cpqvff39smfpn49zbj6-perl5.40.0-File-Listing-6.16' from 'https://cache.nixos.org'...
2025-07-01T14:44:37.3288772Z copying path '/nix/store/19402vwa1rndilww6fpbviz0lza8846p-kind-0.24.0' from 'https://cache.nixos.org'...
2025-07-01T14:44:37.3290312Z copying path '/nix/store/23cshhh8k7z46gadr86krv15xphggawm-kubectl-1.31.2' from 'https://cache.nixos.org'...
2025-07-01T14:44:37.3292988Z copying path '/nix/store/as8g73awbgrhpf5p6qjnrd5v9anw74ix-go-task-3.39.2' from 'https://cache.nixos.org'...
2025-07-01T14:44:37.3296674Z copying path '/nix/store/i7r45jjmvfxiw8j7ihjx51jachylq1si-protoc-gen-go-1.35.1' from 'https://cache.nixos.org'...
2025-07-01T14:44:37.3303143Z copying path '/nix/store/1fqgvq0i498w4ynywyj224i49izzzqrk-protoc-gen-go-grpc-1.3.0' from 'https://cache.nixos.org'...
2025-07-01T14:44:37.7884216Z copying path '/nix/store/8vpg72ik2kgxfj05lc56hkqrdrfl8xi9-bash-5.2p37' from 'https://cache.nixos.org'...
2025-07-01T14:44:37.7887063Z copying path '/nix/store/qiisx6c7qpyzq522j3icsfhj8ayw6ah4-bzip2-1.0.8' from 'https://cache.nixos.org'...
2025-07-01T14:44:37.7895305Z copying path '/nix/store/vlgwyb076hkz7yv96sjnj9msb1jn1ggz-attr-2.5.2' from 'https://cache.nixos.org'...
2025-07-01T14:44:37.7897506Z copying path '/nix/store/0hv5ymwkczx3ak8h3yldfbwbab33jnrw-expat-2.6.4' from 'https://cache.nixos.org'...
2025-07-01T14:44:37.7899703Z copying path '/nix/store/83s1wqvrx7yvy3g6dmdr2icgg3qqbjcp-brotli-1.1.0-lib' from 'https://cache.nixos.org'...
2025-07-01T14:44:37.7901169Z copying path '/nix/store/c9z2sp8dyx1k0zk374v1142hmphashd0-buf-1.47.2' from 'https://cache.nixos.org'...
2025-07-01T14:44:37.7903217Z copying path '/nix/store/fcqfyri9kljs5jd7h556f004qmci1qin-expand-response-params' from 'https://cache.nixos.org'...
2025-07-01T14:44:37.7904151Z copying path '/nix/store/7zv1sq1k25gk2rvgxnm262vp5hydkv1a-gdbm-1.24-lib' from 'https://cache.nixos.org'...
2025-07-01T14:44:37.7905000Z copying path '/nix/store/3p3fwczck2yn1wwfjnymzkz8w11vbvg7-gawk-5.3.1' from 'https://cache.nixos.org'...
2025-07-01T14:44:37.7906209Z copying path '/nix/store/mhd0rk497xm0xnip7262xdw9bylvzh99-gcc-13.3.0-lib' from 'https://cache.nixos.org'...
2025-07-01T14:44:37.7908326Z copying path '/nix/store/2kiskq24j06g4qw3xs8zsy2dkawh4gxk-glibc-2.40-66-bin' from 'https://cache.nixos.org'...
2025-07-01T14:44:37.7909568Z copying path '/nix/store/8k19h07hh2g1w5kp5yglzddswnvdmxpy-gmp-6.3.0' from 'https://cache.nixos.org'...
2025-07-01T14:44:37.7911073Z copying path '/nix/store/cfb4pxnfh2sf4csk8xh7abfqv96k66nh-glibc-2.40-66-getent' from 'https://cache.nixos.org'...
2025-07-01T14:44:37.7912546Z copying path '/nix/store/m3da56j3r7h4hp0kr8v1xsnk16x900yf-gnumake-4.4.1' from 'https://cache.nixos.org'...
2025-07-01T14:44:37.7913983Z copying path '/nix/store/wg9gg3zkwcqhyycj0vkfnhgk5a4z9faq-ed-1.20.2' from 'https://cache.nixos.org'...
2025-07-01T14:44:37.8040883Z copying path '/nix/store/3ks7b6p43dpvnlnxgvlcy2jaf1np37p2-gnused-4.9' from 'https://cache.nixos.org'...
2025-07-01T14:44:37.8041742Z copying path '/nix/store/dyizbk50iglbibrbwbgw2mhgskwb6ham-acl-2.3.2' from 'https://cache.nixos.org'...
2025-07-01T14:44:37.8042558Z copying path '/nix/store/1fby1pxf0z16lgl728i2sqwqr2hrw2h8-json-c-0.17' from 'https://cache.nixos.org'...
2025-07-01T14:44:37.8101534Z copying path '/nix/store/r4p475lxvaklr9rj8l2a4sahkx5c0209-getent-glibc-2.40-66' from 'https://cache.nixos.org'...
2025-07-01T14:44:37.8138878Z copying path '/nix/store/yyfzan4mn874v885jy6fs598gjb31c4l-bzip2-1.0.8-bin' from 'https://cache.nixos.org'...
2025-07-01T14:44:37.8281597Z copying path '/nix/store/mwwpv4k7skbx4vr2qjc89pvs7mhmgapb-k9s-0.32.7' from 'https://cache.nixos.org'...
2025-07-01T14:44:37.8388342Z copying path '/nix/store/79kh226vw8rrk62jbs27hdad1clwy447-keyutils-1.6.3-lib' from 'https://cache.nixos.org'...
2025-07-01T14:44:37.8513785Z copying path '/nix/store/wnsn67xb3i072b6i496y002byvc3ipa3-kubernetes-helm-3.16.3' from 'https://cache.nixos.org'...
2025-07-01T14:44:37.8615249Z copying path '/nix/store/bpzy7snv1xr7s1z2xi7bw0q5z9j6g1gg-libantlr3c-3.4' from 'https://cache.nixos.org'...
2025-07-01T14:44:37.8632661Z copying path '/nix/store/ky06iawcwsvxmx8yw66y2a7iy7b14yii-libapparmor-4.0.3' from 'https://cache.nixos.org'...
2025-07-01T14:44:37.8811960Z copying path '/nix/store/fx6mfndjsbb0dqn9jzf1ksz9wf1dlrq7-libcap-2.70-lib' from 'https://cache.nixos.org'...
2025-07-01T14:44:37.8814509Z copying path '/nix/store/7yf5ijcl2lh90xs5nkrdpfdvcmc9fnc5-libcbor-0.11.0' from 'https://cache.nixos.org'...
2025-07-01T14:44:37.8819857Z copying path '/nix/store/pmg7hw4ar16dhx5hk6jswvxy349wzsm7-gnutar-1.35' from 'https://cache.nixos.org'...
2025-07-01T14:44:37.8821988Z copying path '/nix/store/0iabf1jhsfrrxkdi599kb8m37p82yr1z-audit-4.0' from 'https://cache.nixos.org'...
2025-07-01T14:44:37.8844344Z copying path '/nix/store/nc394xps4al1r99ziabqvajbkrhxr5b7-gzip-1.13' from 'https://cache.nixos.org'...
2025-07-01T14:44:37.8904044Z copying path '/nix/store/81awch8mhqanda1vy0c09bflgra4cxh0-glibc-2.40-66-dev' from 'https://cache.nixos.org'...
2025-07-01T14:44:37.8962190Z copying path '/nix/store/q57zi48njdcgxy4n8d5lm5pf746drc8f-isl-0.20' from 'https://cache.nixos.org'...
2025-07-01T14:44:37.9231703Z copying path '/nix/store/bldybfhh9v9dvpms8kh87v1a6jp6i28p-libevent-2.1.12' from 'https://cache.nixos.org'...
2025-07-01T14:44:37.9272558Z copying path '/nix/store/wxgvd9mivxdbahxidq751gxyz7x7jb8n-libffi-3.4.6' from 'https://cache.nixos.org'...
2025-07-01T14:44:37.9275711Z copying path '/nix/store/p0c3g3dxr818lggbk6ms3nhm97g0pir9-libgpg-error-1.50' from 'https://cache.nixos.org'...
2025-07-01T14:44:37.9322347Z copying path '/nix/store/2w8a5z0rcs4fk3ds3fnd03x6syjjl1hb-libmnl-1.0.5' from 'https://cache.nixos.org'...
2025-07-01T14:44:37.9595311Z copying path '/nix/store/ywvi2y4yv3qyh0phw9y2ji17smh8nawj-libnfnetlink-1.0.2' from 'https://cache.nixos.org'...
2025-07-01T14:44:37.9651922Z copying path '/nix/store/dg6d7zs1bwnhwb3sd3xdbldvpa163a5z-libnl-3.10.0' from 'https://cache.nixos.org'...
2025-07-01T14:44:37.9967891Z copying path '/nix/store/68vmpyiabh89l7hbp9z2hmwci74vnfi4-libseccomp-2.5.5-lib' from 'https://cache.nixos.org'...
2025-07-01T14:44:37.9970979Z copying path '/nix/store/xxc6rkndd68cq1225asn380bbj0512dg-libpsl-0.21.5' from 'https://cache.nixos.org'...
2025-07-01T14:44:38.0026784Z copying path '/nix/store/wr7w1x0x1j4qli60wm22q3bc02dga08c-libtasn1-4.20.0' from 'https://cache.nixos.org'...
2025-07-01T14:44:38.0082408Z copying path '/nix/store/96m2mjx55syyky6zymjnbl3pvgxlwchb-libnftnl-1.2.8' from 'https://cache.nixos.org'...
2025-07-01T14:44:38.0350874Z copying path '/nix/store/hnh6ivl105y4sw0ifv4kbihrvbddmlkm-libxcrypt-4.4.36' from 'https://cache.nixos.org'...
2025-07-01T14:44:38.0525965Z copying path '/nix/store/17195j62sjxjn0xwnmj3icr01n3d678r-libnetfilter_conntrack-1.1.0' from 'https://cache.nixos.org'...
2025-07-01T14:44:38.0678328Z copying path '/nix/store/qhs6zflzhdr11j6byf1c1j52z39hnaaw-db-4.8.30' from 'https://cache.nixos.org'...
2025-07-01T14:44:38.0688152Z copying path '/nix/store/8g8wdqid20924fbppbljsl6l7gr0p21j-gettext-0.21.1' from 'https://cache.nixos.org'...
2025-07-01T14:44:38.0738223Z copying path '/nix/store/dsxb6qvi21bzy21c98kb71wfbdj4lmz7-gmp-with-cxx-6.3.0' from 'https://cache.nixos.org'...
2025-07-01T14:44:38.0781321Z copying path '/nix/store/nn7nj7xq8gdfyxqhchphzia7i34rwb0v-gmp-with-cxx-6.3.0' from 'https://cache.nixos.org'...
2025-07-01T14:44:38.0940504Z copying path '/nix/store/rq8lq7r8vjqrbn2bgfglm9dxfi83gdg9-icu4c-74.2' from 'https://cache.nixos.org'...
2025-07-01T14:44:38.0951670Z copying path '/nix/store/9yh47sg27z9263ll65d414rgcyrclk57-libxml2-2.13.6' from 'https://cache.nixos.org'...
2025-07-01T14:44:38.1175436Z copying path '/nix/store/99jfkvhck3c2675n2cy71g40km6m0pf9-libassuan-2.5.7' from 'https://cache.nixos.org'...
2025-07-01T14:44:38.1274787Z copying path '/nix/store/h9c111ckc8wg3ksxb7kj8cwhgaj52118-libgcrypt-1.10.3-lib' from 'https://cache.nixos.org'...
2025-07-01T14:44:38.1379695Z copying path '/nix/store/1h2yigiwy6bgpyzlywj36s5nqkgca8bv-libpcap-1.10.5' from 'https://cache.nixos.org'...
2025-07-01T14:44:38.1500490Z copying path '/nix/store/p9k3wzaw6d3wjgcbrfv2g1chj0mj2inb-lz4-1.10.0-lib' from 'https://cache.nixos.org'...
2025-07-01T14:44:38.1562544Z copying path '/nix/store/yh2c9f04q1vcfhpkamidrg3sdnwk5bvy-mpdecimal-4.0.0' from 'https://cache.nixos.org'...
2025-07-01T14:44:38.1616605Z copying path '/nix/store/b75dbfz0gria25kn2qlfpnmp39h31spw-mpfr-4.2.1' from 'https://cache.nixos.org'...
2025-07-01T14:44:38.1980001Z copying path '/nix/store/z7ndn3k8zfjrf713gq443q7a2ixzaab5-ncurses-6.4.20221231' from 'https://cache.nixos.org'...
2025-07-01T14:44:38.2265463Z copying path '/nix/store/1w5jm9zaxwr5b8nvh41c7iz236my185m-nghttp2-1.64.0-lib' from 'https://cache.nixos.org'...
2025-07-01T14:44:38.2325486Z copying path '/nix/store/mgpn83jmnf37ky77a8qy6m466qqmlyqk-cln-1.3.7' from 'https://cache.nixos.org'...
2025-07-01T14:44:38.2910916Z copying path '/nix/store/9m68vvhnsq5cpkskphgw84ikl9m6wjwp-coreutils-9.5' from 'https://cache.nixos.org'...
2025-07-01T14:44:38.2999926Z copying path '/nix/store/qvrp85i3yc9vw5x1vyx714m03jsf60rc-cvc4-1.8' from 'https://cache.nixos.org'...
2025-07-01T14:44:38.3051503Z copying path '/nix/store/q95qgxy40rx1ifa13j8l38sx3myvkhb9-nettle-3.10' from 'https://cache.nixos.org'...
2025-07-01T14:44:38.3068704Z copying path '/nix/store/j4377imdqpm27h5hspds1skgsazyj0d9-nghttp2-1.64.0-lib' from 'https://cache.nixos.org'...
2025-07-01T14:44:38.3251499Z copying path '/nix/store/n9ya3i584zvcw6696326sdlg61d6lamf-npth-1.7' from 'https://cache.nixos.org'...
2025-07-01T14:44:38.3368254Z copying path '/nix/store/kavgc464axad77kj4x4bza7s345nrhin-iptables-1.8.10' from 'https://cache.nixos.org'...
2025-07-01T14:44:38.3369698Z copying path '/nix/store/6s0zzvp9in28jkmzwh5p69v1zwpi5mi4-linux-pam-1.6.1' from 'https://cache.nixos.org'...
2025-07-01T14:44:38.3699615Z copying path '/nix/store/pbjp09wrnbklrfy7n2h5qix15fl5ylhj-libmpc-1.3.1' from 'https://cache.nixos.org'...
2025-07-01T14:44:38.3892814Z copying path '/nix/store/w8xb93nwhnhlkqd9kwahkzqvbg98qs74-nghttp2-1.64.0-dev' from 'https://cache.nixos.org'...
2025-07-01T14:44:38.4471838Z copying path '/nix/store/cjg4jmnnf26367irpagiiffrni9bk7z0-gnupg-2.4.5' from 'https://cache.nixos.org'...
2025-07-01T14:44:38.4586499Z copying path '/nix/store/isk8l71r4d1nl39mpv92ank2rs4cx3w9-openssl-3.3.3' from 'https://cache.nixos.org'...
2025-07-01T14:44:38.4588820Z copying path '/nix/store/mqvgaq2bnb1701l7zcn0d6vd7w8b0z7l-openssl-3.3.3' from 'https://cache.nixos.org'...
2025-07-01T14:44:38.4894369Z copying path '/nix/store/smd33cbgm2pwwnwj9l4b4fk39bdxfsfv-p11-kit-0.25.5' from 'https://cache.nixos.org'...
2025-07-01T14:44:38.4951412Z copying path '/nix/store/zfjv48ikkqn3yhi8zi7lvqvxyscbg87n-patch-2.7.6' from 'https://cache.nixos.org'...
2025-07-01T14:44:38.5515889Z copying path '/nix/store/9wwkzvmrlv43y71rbw8sbh9bamc62a16-patchelf-0.15.0' from 'https://cache.nixos.org'...
2025-07-01T14:44:38.5712043Z copying path '/nix/store/5md7gyz45fm4bmkg2kb9a1hnmg8ryk9j-pcre2-10.44' from 'https://cache.nixos.org'...
2025-07-01T14:44:38.5751558Z copying path '/nix/store/pgq4agv5wpanzr9a8mqlkncdbick7mn2-pcsclite-2.3.0-lib' from 'https://cache.nixos.org'...
2025-07-01T14:44:38.5939820Z copying path '/nix/store/9sqpmkq9fcycsrldbsdxw93hvspy8pr9-perl5.40.0-Clone-0.46' from 'https://cache.nixos.org'...
2025-07-01T14:44:38.6081711Z copying path '/nix/store/lr3cvmq5ahqcj29p8c6m0fdl1y8krc86-diffutils-3.10' from 'https://cache.nixos.org'...
2025-07-01T14:44:38.6415878Z copying path '/nix/store/vc2d1bfy1a5y1195nq7k6p0zcm6q89nx-findutils-4.10.0' from 'https://cache.nixos.org'...
2025-07-01T14:44:38.6461312Z copying path '/nix/store/jpk7s673pli65raimpl43jbhbg6ja4kx-perl5.40.0-FCGI-0.82' from 'https://cache.nixos.org'...
2025-07-01T14:44:38.6608514Z copying path '/nix/store/x4kgvzlrndlsc9mn2gyrx9dla0a5y7y3-perl5.40.0-TermReadKey-2.38' from 'https://cache.nixos.org'...
2025-07-01T14:44:38.6815518Z copying path '/nix/store/gda0f0dw64h74i98vkk7b7jwzxbkigzs-prometheus-2.55.0' from 'https://cache.nixos.org'...
2025-07-01T14:44:38.6965836Z copying path '/nix/store/6hrwqlqxzvn3lry7fjyz4i6dkdmg38m6-perl5.40.0-HTTP-Message-6.45' from 'https://cache.nixos.org'...
2025-07-01T14:44:38.6996624Z copying path '/nix/store/zwh1q2r2a1prmw4xxfpqa06ic7dl31yd-qrencode-4.1.1' from 'https://cache.nixos.org'...
2025-07-01T14:44:38.7408611Z copying path '/nix/store/53rkjnnkbgg8pfn6ffpcdx4xbrl98yh8-readline-8.2p13' from 'https://cache.nixos.org'...
2025-07-01T14:44:38.7452052Z copying path '/nix/store/flw2dwllbq50954bk1qm6xwdzp8ikacl-systemd-minimal-libs-256.10' from 'https://cache.nixos.org'...
2025-07-01T14:44:38.7692156Z copying path '/nix/store/7f8vg8z0q721jyahy1vjbg2x3irbk5az-unbound-1.22.0-lib' from 'https://cache.nixos.org'...
2025-07-01T14:44:38.7768349Z copying path '/nix/store/88x6dfa5gnls0pmbvp4b9ci3bqqfja0n-util-linux-minimal-2.39.4-lib' from 'https://cache.nixos.org'...
2025-07-01T14:44:38.7875049Z copying path '/nix/store/qjsj5vnbfpbg6r7jhd7znfgmcy0arn8n-gnugrep-3.11' from 'https://cache.nixos.org'...
2025-07-01T14:44:38.7982520Z copying path '/nix/store/mcr5gqxgkknqxa2vhnhixzd97vdsnsxi-perl5.40.0-HTML-Parser-3.81' from 'https://cache.nixos.org'...
2025-07-01T14:44:38.8491302Z copying path '/nix/store/q73n7qdcl9yvlwh6p4n414vkxgnjjryp-perl5.40.0-HTTP-Cookies-6.10' from 'https://cache.nixos.org'...
2025-07-01T14:44:38.8535328Z copying path '/nix/store/qxp4rv76dpjbvs37c3sfq33ial7mxgb0-perl5.40.0-HTTP-Daemon-6.16' from 'https://cache.nixos.org'...
2025-07-01T14:44:38.8579612Z copying path '/nix/store/pa7plncc30fhm909bis9haakh7gi0qbl-bash-interactive-5.2p37' from 'https://cache.nixos.org'...
2025-07-01T14:44:38.9060240Z copying path '/nix/store/0z09m6fwgmc2a0zazp6lhyadfig10fd6-perl5.40.0-CGI-4.59' from 'https://cache.nixos.org'...
2025-07-01T14:44:38.9220435Z copying path '/nix/store/q0fgny8kpagi6blmzyw15n4cmfx647kn-perl5.40.0-HTTP-Negotiate-6.01' from 'https://cache.nixos.org'...
2025-07-01T14:44:38.9222821Z copying path '/nix/store/j7k6mzbdydimzw4mf23ahq6a7rz2f7w2-util-linux-minimal-2.39.4-login' from 'https://cache.nixos.org'...
2025-07-01T14:44:38.9289456Z copying path '/nix/store/sf31nmjhlsdp2h26vbwbpa7gwfn4i4na-xz-5.6.3' from 'https://cache.nixos.org'...
2025-07-01T14:44:38.9350034Z copying path '/nix/store/fvm65iknlk5kx9938xsc5485s9wzz1ig-lvm2-2.03.27-lib' from 'https://cache.nixos.org'...
2025-07-01T14:44:38.9395649Z copying path '/nix/store/blkjagm7k01k9sghpyckw4y6dd6z0knl-util-linux-minimal-2.39.4-swap' from 'https://cache.nixos.org'...
2025-07-01T14:44:38.9413020Z copying path '/nix/store/a9vgxnafcgb1khpjgn87ixmyv4dsqlp0-util-linux-minimal-2.39.4-mount' from 'https://cache.nixos.org'...
2025-07-01T14:44:38.9606786Z copying path '/nix/store/xxssfwyz4l32wiadvsrcf259nkb91myn-z3-4.11.2-lib' from 'https://cache.nixos.org'...
2025-07-01T14:44:38.9813689Z copying path '/nix/store/dwyr8xvjby2l1zz92a5pfl6bq27jhrm6-krb5-1.21.3-lib' from 'https://cache.nixos.org'...
2025-07-01T14:44:38.9825898Z copying path '/nix/store/6k8v1ffagipraln3nn12h1n22d5l9dvr-perl5.40.0-Net-SSLeay-1.92' from 'https://cache.nixos.org'...
2025-07-01T14:44:38.9844004Z copying path '/nix/store/09pyjyjdr5mwmki9gb0yf809l54xr8p2-openssl-3.3.3-bin' from 'https://cache.nixos.org'...
2025-07-01T14:44:38.9891372Z copying path '/nix/store/bhvah40258cfi5sj1wiy2zmdn5xgj4m1-krb5-1.21.3-lib' from 'https://cache.nixos.org'...
2025-07-01T14:44:38.9931175Z copying path '/nix/store/vpg96mfr1jw5arlqg831i69g29v0sdb3-zlib-1.3.1' from 'https://cache.nixos.org'...
2025-07-01T14:44:39.0011277Z copying path '/nix/store/6cf2yj12gf51jn5vdbdw01gmgvyj431s-zstd-1.5.6' from 'https://cache.nixos.org'...
2025-07-01T14:44:39.0406302Z copying path '/nix/store/xv2bvwf6zv1hhlm9w4x0f7n0idhbsjh7-perl5.40.0-CGI-Fast-2.16' from 'https://cache.nixos.org'...
2025-07-01T14:44:39.0531437Z copying path '/nix/store/23j515bg7lgis34f0jkm9j6g00dpp2sh-binutils-2.43.1-lib' from 'https://cache.nixos.org'...
2025-07-01T14:44:39.0551621Z copying path '/nix/store/lmfya9by589b0qgc2pqps1zy4jhldkvq-cryptsetup-2.7.5' from 'https://cache.nixos.org'...
2025-07-01T14:44:39.0744659Z copying path '/nix/store/yk246qv4bbmr0mmh9y3gnfdkra5nnjgi-cracklib-2.10.0' from 'https://cache.nixos.org'...
2025-07-01T14:44:39.1102875Z copying path '/nix/store/p751fjd81h3926ivxsq0x20lz5j7yscc-file-5.45' from 'https://cache.nixos.org'...
2025-07-01T14:44:39.1202420Z copying path '/nix/store/yg4ahy7gahx91nq80achmzilrjyv0scj-gcc-13.3.0' from 'https://cache.nixos.org'...
2025-07-01T14:44:39.1811510Z copying path '/nix/store/1md58p5vm4dixcwwpwrs78a7kjf6nnqk-gnutls-3.8.6' from 'https://cache.nixos.org'...
2025-07-01T14:44:39.2191731Z copying path '/nix/store/nfdnparxrnv6sy627lw1c27pdqzpbfs2-kexec-tools-2.0.29' from 'https://cache.nixos.org'...
2025-07-01T14:44:39.2240617Z copying path '/nix/store/yr9xanc3bgp95fj9kvbrrq47zhzni2i6-kmod-31' from 'https://cache.nixos.org'...
2025-07-01T14:44:39.2620127Z copying path '/nix/store/qdypipr8zp0nkyrwqnakn3q3xhpghsrb-kmod-31-lib' from 'https://cache.nixos.org'...
2025-07-01T14:44:39.3166202Z copying path '/nix/store/n6zw4496n0bd9r6gjwkjmf5ja6757q32-krb5-1.21.3' from 'https://cache.nixos.org'...
2025-07-01T14:44:39.3522341Z copying path '/nix/store/22qnvg3zddkf7rbpckv676qpsc2najv9-binutils-2.43.1' from 'https://cache.nixos.org'...
2025-07-01T14:44:39.3671704Z copying path '/nix/store/6m49g3aqk5d5vdxp7chpgim5l6cfm7d6-libarchive-3.7.7-lib' from 'https://cache.nixos.org'...
2025-07-01T14:44:39.4075449Z copying path '/nix/store/kc1sdzqnymjwy74chlnkq2xlxnmrg30x-libfido2-1.15.0' from 'https://cache.nixos.org'...
2025-07-01T14:44:39.4111821Z copying path '/nix/store/pvyhn761hgn17fpr6fy168vcv1ciwsgl-libssh2-1.11.1' from 'https://cache.nixos.org'...
2025-07-01T14:44:39.4572212Z copying path '/nix/store/qmz79v7x18zmi6g2iagxwazqfwbxzhra-libssh2-1.11.1' from 'https://cache.nixos.org'...
2025-07-01T14:44:39.4658596Z copying path '/nix/store/zfk4v9lxal3ch98qnf7zlciwgmk4w1ij-krb5-1.21.3-dev' from 'https://cache.nixos.org'...
2025-07-01T14:44:39.5067150Z copying path '/nix/store/hgq0ircylcm0mx6y7ml9chcbwgrz9xg7-openssl-3.3.3-dev' from 'https://cache.nixos.org'...
2025-07-01T14:44:39.5251153Z copying path '/nix/store/q4j9jj8jw74216cw4chsqlwdnglwly6p-perl-5.40.0' from 'https://cache.nixos.org'...
2025-07-01T14:44:39.5954446Z copying path '/nix/store/17rp2wzkp8xfhxcd5zihx6qmnbaadlhs-libmicrohttpd-1.0.1' from 'https://cache.nixos.org'...
2025-07-01T14:44:39.5961565Z copying path '/nix/store/73pq792gn6i9qfywsnd347vg0152w8rw-perl5.40.0-IO-Socket-SSL-2.083' from 'https://cache.nixos.org'...
2025-07-01T14:44:39.6689458Z copying path '/nix/store/w2m5p0fb6pmqq6dz2jqlvnyw7n4vcbpx-curl-8.12.1' from 'https://cache.nixos.org'...
2025-07-01T14:44:39.6986106Z copying path '/nix/store/lgfp6sl5hpykmld29rqvi9pam8ji8k24-curl-8.12.1' from 'https://cache.nixos.org'...
2025-07-01T14:44:39.7137887Z copying path '/nix/store/i7gfv740vcygvl9pgqwq29nkzmsp09ww-sqlite-3.46.1' from 'https://cache.nixos.org'...
2025-07-01T14:44:39.7886916Z copying path '/nix/store/rbns8mzghhqxih4hj2js4mb4s6ivy5d1-xz-5.6.3-bin' from 'https://cache.nixos.org'...
2025-07-01T14:44:39.7909402Z copying path '/nix/store/f2sjbvr2gbp1dl1fwak6b77j18wv2rm8-perl5.40.0-Net-SMTP-SSL-1.04' from 'https://cache.nixos.org'...
2025-07-01T14:44:39.8072513Z copying path '/nix/store/0rg4nqym82ngd29dy8qm1bggm94dkry3-libssh2-1.11.1-dev' from 'https://cache.nixos.org'...
2025-07-01T14:44:39.8354017Z copying path '/nix/store/gnnac2vpa466p2lpzskmbj5vjr6ikzhg-libpwquality-1.4.5-lib' from 'https://cache.nixos.org'...
2025-07-01T14:44:39.8811587Z copying path '/nix/store/ccrjbcfl5zcdp0n5mh69f4airrb9g8m4-zlib-1.3.1-dev' from 'https://cache.nixos.org'...
2025-07-01T14:44:39.8910764Z copying path '/nix/store/awbfciyq3cjvw6x8wd8wdjy8z2qxm98n-elfutils-0.191' from 'https://cache.nixos.org'...
2025-07-01T14:44:39.9009562Z copying path '/nix/store/hsxp8g7zdr6wxk1mp812g8nbzvajzn4w-stdenv-linux' from 'https://cache.nixos.org'...
2025-07-01T14:44:39.9114601Z copying path '/nix/store/3hgwjb5hp0jm8fyi4vx9s4f3hjvp0n1r-tpm2-tss-4.1.3' from 'https://cache.nixos.org'...
2025-07-01T14:44:39.9314904Z copying path '/nix/store/xmmli2ijsz2br6573z3sqsgg0spnj7i9-zstd-1.5.6-bin' from 'https://cache.nixos.org'...
2025-07-01T14:44:39.9592901Z copying path '/nix/store/8qf68jid6rr2f4c8ppyp0ixdlv0axnpn-curl-8.12.1-bin' from 'https://cache.nixos.org'...
2025-07-01T14:44:39.9689962Z copying path '/nix/store/sh26c2jcz7w2gii2px77bqy64fd026jd-boost-1.81.0' from 'https://cache.nixos.org'...
2025-07-01T14:44:39.9723776Z copying path '/nix/store/lhpwdis5hkyljz1d200bj1s6g51ljq9k-python3-3.12.8' from 'https://cache.nixos.org'...
2025-07-01T14:44:40.0351186Z copying path '/nix/store/z9lnvmqymg80hk671fm2533ncczkf7z2-kbd-2.6.4' from 'https://cache.nixos.org'...
2025-07-01T14:44:40.0692695Z copying path '/nix/store/04shrm4bvxw1yam87da7y9k872kqn777-curl-8.12.1-dev' from 'https://cache.nixos.org'...
2025-07-01T14:44:40.1878580Z copying path '/nix/store/007wiy8x5irdxzsdx3bdqx0k0a8hp6ji-shellcheck-0.10.0-bin' from 'https://cache.nixos.org'...
2025-07-01T14:44:40.1960015Z copying path '/nix/store/f95nqmgp2vaz1h68n36k605ay1ixnj0a-libbpf-1.4.7' from 'https://cache.nixos.org'...
2025-07-01T14:44:40.3290181Z building '/nix/store/rkn5fk95kmnbxk65bxlyzqnmsmafh1f1-kind-with-registry.sh.drv'...
2025-07-01T14:44:40.5599981Z copying path '/nix/store/1mv8pj4nxwnd9bbxshljc9p4cnl3rakj-binutils-wrapper-2.43.1' from 'https://cache.nixos.org'...
2025-07-01T14:44:40.5606695Z copying path '/nix/store/w9qcpyhjrxsqrps91wkz8r4mqvg9zrxc-systemd-256.10' from 'https://cache.nixos.org'...
2025-07-01T14:44:40.7064337Z copying path '/nix/store/00x4qvjp4kcm932rv281v8n9y4xk9dv1-solc-0.8.21' from 'https://cache.nixos.org'...
2025-07-01T14:44:40.7364025Z copying path '/nix/store/ch1brsi5xwxgyv23csmvw1am9l40rf1c-shellcheck-0.10.0' from 'https://cache.nixos.org'...
2025-07-01T14:44:41.5930066Z copying path '/nix/store/99accs107rzm78z74cj1wns59d0m1nh8-perl5.40.0-libwww-perl-6.72' from 'https://cache.nixos.org'...
2025-07-01T14:44:41.6808849Z copying path '/nix/store/7s649psqfmp6bf2ij6kba3nbwjp50z0w-promtail-3.2.1' from 'https://cache.nixos.org'...
2025-07-01T14:44:42.7940239Z copying path '/nix/store/1fwh9nv8n93rjc7i7j9gcm3whdqpgy84-git-2.47.2' from 'https://cache.nixos.org'...
2025-07-01T14:44:43.7705282Z copying path '/nix/store/gnd8f9h2ycxrfrvrga508c4n9cxy6720-gcc-wrapper-13.3.0' from 'https://cache.nixos.org'...
2025-07-01T14:44:43.7759151Z copying path '/nix/store/szfi0xd0cwdaldhkp8vlgi7jfv662nmd-stdenv-linux' from 'https://cache.nixos.org'...
2025-07-01T14:44:43.8237068Z building '/nix/store/mbmxfdxryq3wr2wxm5brh42mcad1gvzy-kind-with-registry-1.0.0.drv'...
2025-07-01T14:44:43.9122098Z building '/nix/store/l2gp0i5ccps3gdgrqx8mmvfl0jx2l5p5-nix-shell-env.drv'...
2025-07-01T14:44:44.3471740Z this path will be fetched (0.10 MiB download, 0.10 MiB unpacked):
2025-07-01T14:44:44.3472391Z   /nix/store/hlv28jlwzk6kqj6vljm9cn8i7pw030nx-bash-interactive-5.2p37-man
2025-07-01T14:44:44.3480411Z copying path '/nix/store/hlv28jlwzk6kqj6vljm9cn8i7pw030nx-bash-interactive-5.2p37-man' from 'https://cache.nixos.org'...
2025-07-01T14:44:44.3765649Z dependencies installed
2025-07-01T14:44:44.3810367Z ##[group]Run /home/runner/work/_actions/ava-labs/avalanchego/092cf182dd92b66a8ab882b657d3ae52b174c913/.github/actions/run-monitored-tmpnet-cmd/notify-metrics-availability.sh
2025-07-01T14:44:44.3812443Z [36;1m/home/runner/work/_actions/ava-labs/avalanchego/092cf182dd92b66a8ab882b657d3ae52b174c913/.github/actions/run-monitored-tmpnet-cmd/notify-metrics-availability.sh[0m
2025-07-01T14:44:44.3888856Z shell: /usr/bin/bash --noprofile --norc -e -o pipefail {0}
2025-07-01T14:44:44.3889337Z env:
2025-07-01T14:44:44.3889634Z   TMPDIR: /home/runner/work/_temp
2025-07-01T14:44:44.3891284Z   GRAFANA_URL: https://grafana-poc.avax-dev.network/d/kBQpRdWnk/avalanche-main-dashboard?orgId=1&refresh=10s&var-filter=is_ephemeral_node%7C%3D%7Cfalse&var-filter=gh_repo%7C%3D%7Cava-labs%2Fsubnet-evm&var-filter=gh_run_id%7C%3D%7C16002582210&var-filter=gh_run_attempt%7C%3D%7C1
2025-07-01T14:44:44.3892935Z   GH_JOB_ID: e2e_load
2025-07-01T14:44:44.3893255Z   FILTER_BY_OWNER: 
2025-07-01T14:44:44.3893555Z ##[endgroup]
2025-07-01T14:44:44.4010723Z grafana link for shared network logs and metrics: https://grafana-poc.avax-dev.network/d/kBQpRdWnk/avalanche-main-dashboard?orgId=1&refresh=10s&var-filter=is_ephemeral_node%7C%3D%7Cfalse&var-filter=gh_repo%7C%3D%7Cava-labs%2Fsubnet-evm&var-filter=gh_run_id%7C%3D%7C16002582210&var-filter=gh_run_attempt%7C%3D%7C1&var-filter=gh_job_id%7C%3D%7Ce2e_load&from=1751381084000&to=1751381984000
2025-07-01T14:44:44.4049559Z ##[group]Run /home/runner/work/_actions/ava-labs/avalanchego/092cf182dd92b66a8ab882b657d3ae52b174c913/.github/actions/run-monitored-tmpnet-cmd/nix-develop.sh --impure --command bash -x ./scripts/run_task.sh test-e2e-load-ci
2025-07-01T14:44:44.4052184Z [36;1m /home/runner/work/_actions/ava-labs/avalanchego/092cf182dd92b66a8ab882b657d3ae52b174c913/.github/actions/run-monitored-tmpnet-cmd/nix-develop.sh --impure --command bash -x ./scripts/run_task.sh test-e2e-load-ci[0m
2025-07-01T14:44:44.4122541Z shell: /usr/bin/bash --noprofile --norc -e -o pipefail {0}
2025-07-01T14:44:44.4122982Z env:
2025-07-01T14:44:44.4123308Z   TMPDIR: /home/runner/work/_temp
2025-07-01T14:44:44.4123674Z   TMPNET_START_METRICS_COLLECTOR: true
2025-07-01T14:44:44.4124058Z   TMPNET_START_LOGS_COLLECTOR: true
2025-07-01T14:44:44.4124421Z   TMPNET_CHECK_METRICS_COLLECTED: true
2025-07-01T14:44:44.4124792Z   TMPNET_CHECK_LOGS_COLLECTED: true
2025-07-01T14:44:44.4125216Z   LOKI_USERNAME: ***
2025-07-01T14:44:44.4125634Z   LOKI_PASSWORD: ***
2025-07-01T14:44:44.4125950Z   PROMETHEUS_USERNAME: ***
2025-07-01T14:44:44.4126427Z   PROMETHEUS_PASSWORD: ***
2025-07-01T14:44:44.4126787Z   GH_REPO: ava-labs/subnet-evm
2025-07-01T14:44:44.4127128Z   GH_WORKFLOW: Tests
2025-07-01T14:44:44.4127422Z   GH_RUN_ID: 16002582210
2025-07-01T14:44:44.4127934Z   GH_RUN_NUMBER: 2076
2025-07-01T14:44:44.4128231Z   GH_RUN_ATTEMPT: 1
2025-07-01T14:44:44.4128512Z   GH_JOB_ID: e2e_load
2025-07-01T14:44:44.4129037Z ##[endgroup]
2025-07-01T14:44:44.4240303Z No local flake found, will attempt to use avalanchego flake
2025-07-01T14:44:44.4329640Z Starting nix shell for github:ava-labs/avalanchego?ref=v1.13.2
2025-07-01T14:44:46.7747509Z + set -euo pipefail
2025-07-01T14:44:46.7748241Z + command -v task
2025-07-01T14:44:46.7748607Z + exec task test-e2e-load-ci
2025-07-01T14:44:46.7953560Z task: [install-avalanchego-release] ./scripts/install_avalanchego_release.sh
2025-07-01T14:44:46.8245244Z Using branch: c46a4f11e
2025-07-01T14:44:47.0682667Z https://github.com/ava-labs/avalanchego/releases/download/v1.13.2/avalanchego-linux-amd64-v1.13.2.tar.gz found
2025-07-01T14:44:47.0684195Z downloading to /tmp/avalanchego-release/avalanchego-linux-amd64-v1.13.2.tar.gz
2025-07-01T14:44:47.0735806Z   % Total    % Received % Xferd  Average Speed   Time    Time     Time  Current
2025-07-01T14:44:47.0737175Z                                  Dload  Upload   Total   Spent    Left  Speed
2025-07-01T14:44:47.0737503Z 
2025-07-01T14:44:47.1388911Z   0     0    0     0    0     0      0      0 --:--:-- --:--:-- --:--:--     0
2025-07-01T14:44:47.1389728Z   0     0    0     0    0     0      0      0 --:--:-- --:--:-- --:--:--     0
2025-07-01T14:44:47.8825835Z 
2025-07-01T14:44:47.8826537Z 100 36.2M  100 36.2M    0     0  44.7M      0 --:--:-- --:--:-- --:--:-- 44.7M
2025-07-01T14:44:47.8923952Z avalanchego-v1.13.2/avalanchego
2025-07-01T14:44:48.5108197Z Installed AvalancheGo release v1.13.2
2025-07-01T14:44:48.5109524Z AvalancheGo Path: /tmp/avalanchego-release/avalanchego/avalanchego
2025-07-01T14:44:48.5110338Z Plugin Dir: /home/runner/.avalanchego/plugins
2025-07-01T14:44:48.5145301Z task: [build] ./scripts/build.sh
2025-07-01T14:44:48.5429926Z Using branch: c46a4f11e
2025-07-01T14:44:48.5431055Z Building Subnet EVM @ GitCommit: c46a4f11ecd55a5ab361920393adf5859e0dc097 at /home/runner/.avalanchego/plugins/srEXiWaHuhNyGwPUi444Tu47ZEDwxTWrbQiuD7FmgSAQ6X7Dy
2025-07-01T14:44:48.5482746Z go: downloading github.com/ava-labs/avalanchego v1.13.2
2025-07-01T14:44:49.3356378Z go: downloading github.com/spf13/pflag v1.0.5
2025-07-01T14:44:49.3357041Z go: downloading github.com/spf13/viper v1.12.0
2025-07-01T14:44:49.3571066Z go: downloading github.com/ava-labs/libevm v1.13.14-0.3.0.rc.1
2025-07-01T14:44:50.8112597Z go: downloading github.com/gorilla/rpc v1.2.0
2025-07-01T14:44:50.8114360Z go: downloading github.com/holiman/uint256 v1.2.4
2025-07-01T14:44:50.8115013Z go: downloading github.com/prometheus/client_golang v1.16.0
2025-07-01T14:44:50.8115740Z go: downloading golang.org/x/exp v0.0.0-20241215155358-4a5509556b9e
2025-07-01T14:44:50.8356987Z go: downloading go.uber.org/zap v1.26.0
2025-07-01T14:44:50.8974868Z go: downloading golang.org/x/term v0.30.0
2025-07-01T14:44:50.8976751Z go: downloading gopkg.in/natefinch/lumberjack.v2 v2.0.0
2025-07-01T14:44:50.9196183Z go: downloading github.com/grpc-ecosystem/go-grpc-prometheus v1.2.0
2025-07-01T14:44:50.9316129Z go: downloading github.com/prometheus/client_model v0.3.0
2025-07-01T14:44:50.9325771Z go: downloading google.golang.org/grpc v1.66.0
2025-07-01T14:44:50.9396109Z go: downloading google.golang.org/protobuf v1.35.2
2025-07-01T14:44:51.1223767Z go: downloading go.opentelemetry.io/otel v1.22.0
2025-07-01T14:44:51.2288484Z go: downloading go.opentelemetry.io/otel/trace v1.22.0
2025-07-01T14:44:51.2402991Z go: downloading github.com/prometheus/common v0.42.0
2025-07-01T14:44:51.2783293Z go: downloading github.com/cockroachdb/pebble v0.0.0-20230928194634-aa077af62593
2025-07-01T14:44:51.4892688Z go: downloading github.com/StephenButtolph/canoto v0.15.0
2025-07-01T14:44:51.4894584Z go: downloading github.com/google/renameio/v2 v2.0.0
2025-07-01T14:44:51.4895443Z go: downloading golang.org/x/sync v0.12.0
2025-07-01T14:44:51.5059297Z go: downloading github.com/fsnotify/fsnotify v1.6.0
2025-07-01T14:44:51.5167065Z go: downloading github.com/mitchellh/mapstructure v1.5.0
2025-07-01T14:44:51.5175876Z go: downloading github.com/spf13/afero v1.8.2
2025-07-01T14:44:51.5228546Z go: downloading github.com/spf13/cast v1.5.0
2025-07-01T14:44:51.5268198Z go: downloading github.com/spf13/jwalterweatherman v1.1.0
2025-07-01T14:44:51.5413968Z go: downloading golang.org/x/crypto v0.36.0
2025-07-01T14:44:51.5440565Z go: downloading github.com/gofrs/flock v0.8.1
2025-07-01T14:44:51.5474924Z go: downloading github.com/golang/snappy v0.0.5-0.20220116011046-fa5810519dcb
2025-07-01T14:44:51.5555887Z go: downloading github.com/olekukonko/tablewriter v0.0.5
2025-07-01T14:44:51.5674045Z go: downloading github.com/shirou/gopsutil v3.21.11+incompatible
2025-07-01T14:44:51.5733376Z go: downloading golang.org/x/sys v0.31.0
2025-07-01T14:44:51.6348925Z go: downloading github.com/dop251/goja v0.0.0-20230806174421-c933cf95e127
2025-07-01T14:44:51.7093278Z go: downloading github.com/gballet/go-verkle v0.1.1-0.20231031103413-a67434b50f46
2025-07-01T14:44:51.7346962Z go: downloading github.com/holiman/bloomfilter/v2 v2.0.3
2025-07-01T14:44:51.7577200Z go: downloading github.com/stretchr/testify v1.10.0
2025-07-01T14:44:51.7809927Z go: downloading go.uber.org/mock v0.5.0
2025-07-01T14:44:51.7869981Z go: downloading github.com/deckarep/golang-set/v2 v2.1.0
2025-07-01T14:44:51.8014419Z go: downloading github.com/gorilla/websocket v1.5.0
2025-07-01T14:44:51.8242303Z go: downloading golang.org/x/time v0.3.0
2025-07-01T14:44:51.8356515Z go: downloading github.com/beorn7/perks v1.0.1
2025-07-01T14:44:51.8385040Z go: downloading github.com/cespare/xxhash/v2 v2.3.0
2025-07-01T14:44:51.8386177Z go: downloading github.com/prometheus/procfs v0.10.1
2025-07-01T14:44:51.8510182Z go: downloading go.uber.org/multierr v1.11.0
2025-07-01T14:44:51.8521477Z go: downloading github.com/supranational/blst v0.3.14
2025-07-01T14:44:51.8800775Z go: downloading google.golang.org/genproto/googleapis/rpc v0.0.0-20240827150818-7e3bb234dfed
2025-07-01T14:44:51.8913234Z go: downloading golang.org/x/net v0.38.0
2025-07-01T14:44:51.8950629Z go: downloading github.com/golang/protobuf v1.5.4
2025-07-01T14:44:51.9297946Z go: downloading go.opentelemetry.io/otel/exporters/otlp/otlptrace v1.22.0
2025-07-01T14:44:51.9407487Z go: downloading go.opentelemetry.io/otel/exporters/otlp/otlptrace/otlptracegrpc v1.22.0
2025-07-01T14:44:51.9583179Z go: downloading go.opentelemetry.io/otel/exporters/otlp/otlptrace/otlptracehttp v1.22.0
2025-07-01T14:44:51.9590615Z go: downloading go.opentelemetry.io/otel/sdk v1.22.0
2025-07-01T14:44:51.9868123Z go: downloading github.com/matttproud/golang_protobuf_extensions v1.0.4
2025-07-01T14:44:51.9869400Z go: downloading github.com/syndtr/goleveldb v1.0.1-0.20220614013038-64ee5596c38a
2025-07-01T14:44:52.0323676Z go: downloading github.com/mr-tron/base58 v1.2.0
2025-07-01T14:44:52.0413370Z go: downloading gonum.org/v1/gonum v0.11.0
2025-07-01T14:44:52.1164277Z go: downloading github.com/DataDog/zstd v1.5.2
2025-07-01T14:44:52.1200586Z go: downloading github.com/subosito/gotenv v1.3.0
2025-07-01T14:44:52.1409265Z go: downloading github.com/hashicorp/hcl v1.0.0
2025-07-01T14:44:52.1751529Z go: downloading gopkg.in/ini.v1 v1.67.0
2025-07-01T14:44:52.1906799Z go: downloading github.com/magiconair/properties v1.8.6
2025-07-01T14:44:52.1949774Z go: downloading github.com/pelletier/go-toml/v2 v2.0.5
2025-07-01T14:44:52.2054984Z go: downloading gopkg.in/yaml.v3 v3.0.1
2025-07-01T14:44:52.2313457Z go: downloading golang.org/x/text v0.23.0
2025-07-01T14:44:52.2373474Z go: downloading github.com/pelletier/go-toml v1.9.5
2025-07-01T14:44:52.2630906Z go: downloading github.com/mattn/go-runewidth v0.0.13
2025-07-01T14:44:52.2792713Z go: downloading github.com/tklauser/go-sysconf v0.3.12
2025-07-01T14:44:52.3133222Z go: downloading github.com/crate-crypto/go-kzg-4844 v0.7.0
2025-07-01T14:44:52.5111097Z go: downloading github.com/VictoriaMetrics/fastcache v1.12.1
2025-07-01T14:44:52.5217944Z go: downloading github.com/crate-crypto/go-ipa v0.0.0-20231025140028-3c0104f4b233
2025-07-01T14:44:52.5435081Z go: downloading github.com/dlclark/regexp2 v1.7.0
2025-07-01T14:44:52.7434689Z go: downloading github.com/google/pprof v0.0.0-20230207041349-798e818bf904
2025-07-01T14:44:52.8884147Z go: downloading github.com/holiman/billy v0.0.0-20240216141850-2abb0c79d3c4
2025-07-01T14:44:52.8885386Z go: downloading github.com/hashicorp/golang-lru v0.5.5-0.20210104140557-80c98217689d
2025-07-01T14:44:52.9052878Z go: downloading github.com/davecgh/go-spew v1.1.1
2025-07-01T14:44:52.9070660Z go: downloading github.com/tyler-smith/go-bip39 v1.1.0
2025-07-01T14:44:52.9090528Z go: downloading github.com/google/uuid v1.6.0
2025-07-01T14:44:52.9417325Z go: downloading github.com/hashicorp/go-bexpr v0.1.10
2025-07-01T14:44:52.9426924Z go: downloading github.com/mattn/go-colorable v0.1.13
2025-07-01T14:44:52.9427617Z go: downloading github.com/mattn/go-isatty v0.0.17
2025-07-01T14:44:52.9514358Z go: downloading github.com/urfave/cli/v2 v2.25.7
2025-07-01T14:44:52.9545999Z go: downloading github.com/pmezard/go-difflib v1.0.0
2025-07-01T14:44:52.9667880Z go: downloading github.com/cockroachdb/errors v1.9.1
2025-07-01T14:44:53.0183394Z go: downloading github.com/cockroachdb/redact v1.1.3
2025-07-01T14:44:53.0184284Z go: downloading github.com/cockroachdb/tokenbucket v0.0.0-20230807174530-cc333fc44b06
2025-07-01T14:44:53.0304369Z go: downloading go.opentelemetry.io/proto/otlp v1.0.0
2025-07-01T14:44:53.0555436Z go: downloading github.com/rivo/uniseg v0.2.0
2025-07-01T14:44:53.0558287Z go: downloading github.com/tklauser/numcpus v0.6.1
2025-07-01T14:44:53.0920829Z go: downloading github.com/go-sourcemap/sourcemap v2.1.3+incompatible
2025-07-01T14:44:53.1042349Z go: downloading github.com/gballet/go-libpcsclite v0.0.0-20191108122812-4678299bea08
2025-07-01T14:44:53.1103286Z go: downloading github.com/status-im/keycard-go v0.2.0
2025-07-01T14:44:53.1183640Z go: downloading github.com/mitchellh/pointerstructure v1.2.0
2025-07-01T14:44:53.1301420Z go: downloading github.com/cockroachdb/logtags v0.0.0-20230118201751-21c54148d20b
2025-07-01T14:44:53.1303035Z go: downloading github.com/getsentry/sentry-go v0.18.0
2025-07-01T14:44:53.1378833Z go: downloading github.com/pkg/errors v0.9.1
2025-07-01T14:44:53.1484282Z go: downloading github.com/go-logr/logr v1.4.1
2025-07-01T14:44:53.1648014Z go: downloading go.opentelemetry.io/otel/metric v1.22.0
2025-07-01T14:44:53.1809199Z go: downloading github.com/cenkalti/backoff/v4 v4.2.1
2025-07-01T14:44:53.1814944Z go: downloading github.com/grpc-ecosystem/grpc-gateway/v2 v2.16.0
2025-07-01T14:44:53.2166215Z go: downloading github.com/go-logr/stdr v1.2.2
2025-07-01T14:44:53.2262893Z go: downloading github.com/cpuguy83/go-md2man/v2 v2.0.4
2025-07-01T14:44:53.2412079Z go: downloading github.com/xrash/smetrics v0.0.0-20201216005158-039620a65673
2025-07-01T14:44:53.3114206Z go: downloading github.com/consensys/gnark-crypto v0.12.1
2025-07-01T14:44:53.3374496Z go: downloading github.com/gogo/protobuf v1.3.2
2025-07-01T14:44:53.6051921Z go: downloading github.com/kr/pretty v0.3.1
2025-07-01T14:44:53.6074279Z go: downloading github.com/huin/goupnp v1.3.0
2025-07-01T14:44:53.6255587Z go: downloading github.com/jackpal/go-nat-pmp v1.0.2
2025-07-01T14:44:53.6259244Z go: downloading github.com/russross/blackfriday/v2 v2.1.0
2025-07-01T14:44:53.6326027Z go: downloading google.golang.org/genproto/googleapis/api v0.0.0-20240604185151-ef581f913117
2025-07-01T14:44:53.6692947Z go: downloading github.com/kr/text v0.2.0
2025-07-01T14:44:53.6784212Z go: downloading github.com/rogpeppe/go-internal v1.12.0
2025-07-01T14:44:53.8837363Z go: downloading github.com/bits-and-blooms/bitset v1.10.0
2025-07-01T14:44:53.8839637Z go: downloading github.com/mmcloughlin/addchain v0.4.0
2025-07-01T14:44:53.8840314Z go: downloading github.com/consensys/bavard v0.1.13
2025-07-01T14:44:53.9244301Z go: downloading rsc.io/tmplfunc v0.0.3
2025-07-01T14:46:05.2339717Z task: [test-e2e-load] ./scripts/run_ginkgo_load.sh
2025-07-01T14:46:05.2626445Z Using branch: c46a4f11e
2025-07-01T14:46:05.2716447Z go: downloading github.com/onsi/ginkgo/v2 v2.13.1
2025-07-01T14:46:05.3925553Z go: downloading github.com/go-task/slim-sprig v0.0.0-20230315185526-52ccab3ef572
2025-07-01T14:46:05.3934661Z go: downloading golang.org/x/tools v0.29.0
2025-07-01T14:46:56.4924286Z go: downloading github.com/ava-labs/coreth v0.15.2-rc.0.0.20250620163936-0058a7ec6d9d
2025-07-01T14:46:56.4925486Z go: downloading k8s.io/api v0.29.0
2025-07-01T14:46:56.4925994Z go: downloading k8s.io/apimachinery v0.29.0
2025-07-01T14:46:56.4926528Z go: downloading k8s.io/client-go v0.29.0
2025-07-01T14:46:56.4927104Z go: downloading k8s.io/utils v0.0.0-20230726121419-3b25d923346b
2025-07-01T14:46:56.4927547Z go: downloading github.com/go-cmd/cmd v1.4.1
2025-07-01T14:46:56.4928332Z go: downloading github.com/btcsuite/btcd/btcutil v1.1.3
2025-07-01T14:46:56.4928917Z go: downloading github.com/decred/dcrd/dcrec/secp256k1/v4 v4.1.0
2025-07-01T14:46:56.4929389Z go: downloading github.com/json-iterator/go v1.1.12
2025-07-01T14:46:56.4929869Z go: downloading gopkg.in/inf.v0 v0.9.1
2025-07-01T14:46:56.4930233Z go: downloading github.com/google/gofuzz v1.2.0
2025-07-01T14:46:56.4930674Z go: downloading k8s.io/klog/v2 v2.110.1
2025-07-01T14:46:56.4931015Z go: downloading sigs.k8s.io/yaml v1.3.0
2025-07-01T14:46:56.4931474Z go: downloading github.com/imdario/mergo v0.3.16
2025-07-01T14:46:56.4931925Z go: downloading github.com/pires/go-proxyproto v0.6.2
2025-07-01T14:46:56.4932379Z go: downloading github.com/gorilla/mux v1.8.0
2025-07-01T14:46:56.4932783Z go: downloading github.com/rs/cors v1.7.0
2025-07-01T14:46:56.4933171Z go: downloading github.com/google/btree v1.1.2
2025-07-01T14:46:56.4933675Z go: downloading sigs.k8s.io/structured-merge-diff/v4 v4.4.1
2025-07-01T14:46:56.4934160Z go: downloading sigs.k8s.io/json v0.0.0-20221116044647-bc3834ca7abd
2025-07-01T14:46:56.4934689Z go: downloading github.com/moby/spdystream v0.2.0
2025-07-01T14:46:56.4935112Z go: downloading github.com/google/gnostic-models v0.6.8
2025-07-01T14:46:56.4935593Z go: downloading golang.org/x/oauth2 v0.21.0
2025-07-01T14:46:56.4935975Z go: downloading gopkg.in/yaml.v2 v2.4.0
2025-07-01T14:46:56.4936514Z go: downloading github.com/modern-go/concurrent v0.0.0-20180306012644-bacd9c7ef1dd
2025-07-01T14:46:56.4937150Z go: downloading github.com/modern-go/reflect2 v1.0.2
2025-07-01T14:46:56.4937599Z go: downloading github.com/mxk/go-flowrate v0.0.0-20140419014527-cca7078d478f
2025-07-01T14:46:56.4939934Z go: downloading k8s.io/kube-openapi v0.0.0-20231010175941-2dd684a91f00
2025-07-01T14:46:56.4940525Z go: downloading github.com/munnerz/goautoneg v0.0.0-20191010083416-a7dc8b61c822
2025-07-01T14:46:56.4940951Z go: downloading github.com/go-openapi/swag v0.22.3
2025-07-01T14:46:56.4941428Z go: downloading github.com/go-openapi/jsonreference v0.20.2
2025-07-01T14:46:56.4941834Z go: downloading github.com/emicklei/go-restful/v3 v3.11.0
2025-07-01T14:46:56.4942322Z go: downloading github.com/go-openapi/jsonpointer v0.19.6
2025-07-01T14:46:56.4942706Z go: downloading github.com/mailru/easyjson v0.7.7
2025-07-01T14:46:56.4943130Z go: downloading github.com/josharian/intern v1.0.0
2025-07-01T14:46:56.4943352Z 
2025-07-01T14:46:56.5869265Z Running Suite: subnet-evm small load simulator test suite - /home/runner/work/subnet-evm/subnet-evm/tests/load
2025-07-01T14:46:56.5871076Z ==============================================================================================================
2025-07-01T14:46:56.5871888Z Random Seed: [1m1751381166[0m
2025-07-01T14:46:56.5872137Z 
2025-07-01T14:46:56.5872371Z Will run [1m1[0m of [1m1[0m specs
2025-07-01T14:46:56.5872909Z [38;5;243m------------------------------[0m
2025-07-01T14:46:56.5873337Z [Load Simulator]
2025-07-01T14:46:56.5874093Z [38;5;243m/home/runner/work/subnet-evm/subnet-evm/tests/load/load_test.go:50[0m
2025-07-01T14:46:56.5874967Z   [0m[1mbasic subnet load test[0m [38;5;204m[load][0m
2025-07-01T14:46:56.5875942Z   [38;5;243m/home/runner/work/subnet-evm/subnet-evm/tests/load/load_test.go:72[0m
2025-07-01T14:46:56.5877994Z   > Enter [1m[BeforeEach][0m TOP-LEVEL [38;5;243m- /home/runner/go/pkg/mod/github.com/ava-labs/avalanchego@v1.13.2/tests/fixture/e2e/metrics_link.go:27 @ 07/01/25 14:46:56.586[0m
2025-07-01T14:46:56.5882167Z   < Exit [1m[BeforeEach][0m TOP-LEVEL [38;5;243m- /home/runner/go/pkg/mod/github.com/ava-labs/avalanchego@v1.13.2/tests/fixture/e2e/metrics_link.go:27 @ 07/01/25 14:46:56.586 (0s)[0m
2025-07-01T14:46:56.5885160Z   > Enter [1m[BeforeAll][0m [Load Simulator] [38;5;243m- /home/runner/work/subnet-evm/subnet-evm/tests/load/load_test.go:55 @ 07/01/25 14:46:56.586[0m
2025-07-01T14:46:56.5897242Z    [0;0mINFO[0;0m	writing collector config	{"cmd": "prometheus", "path": "/home/runner/.tmpnet/prometheus/prometheus.yaml"}
2025-07-01T14:46:56.5900549Z    [0;0mINFO[0;0m	starting collector	{"cmd": "prometheus", "workingDir": "/home/runner/.tmpnet/prometheus", "fullCmd": "nohup prometheus --config.file=prometheus.yaml --web.listen-address=127.0.0.1:9090 --enable-feature=agent --storage.agent.path=./data > prometheus.log 2>&1 & echo -n \"$!\" > /home/runner/.tmpnet/prometheus/run.pid", "logPath": "/home/runner/.tmpnet/prometheus/prometheus.log"}
2025-07-01T14:46:56.6905601Z    [0;0mINFO[0;0m	started collector	{"cmd": "prometheus", "pid": 19036}
2025-07-01T14:46:56.6907206Z    [0;0mINFO[0;0m	waiting for collector readiness	{"cmd": "prometheus", "url": "http://127.0.0.1:9090/-/ready", "logPath": "/home/runner/.tmpnet/prometheus/prometheus.log"}
2025-07-01T14:46:56.6913055Z    [0;0mINFO[0;0m	collector ready	{"cmd": "prometheus"}
2025-07-01T14:46:56.6913974Z    [0;0mINFO[0;0m	To stop: tmpnetctl stop-metrics-collector
2025-07-01T14:46:56.6915482Z    [0;0mINFO[0;0m	writing collector config	{"cmd": "promtail", "path": "/home/runner/.tmpnet/promtail/promtail.yaml"}
2025-07-01T14:46:56.6919332Z    [0;0mINFO[0;0m	starting collector	{"cmd": "promtail", "workingDir": "/home/runner/.tmpnet/promtail", "fullCmd": "nohup promtail -config.file=promtail.yaml > promtail.log 2>&1 & echo -n \"$!\" > /home/runner/.tmpnet/promtail/run.pid", "logPath": "/home/runner/.tmpnet/promtail/promtail.log"}
2025-07-01T14:46:56.7924601Z    [0;0mINFO[0;0m	started collector	{"cmd": "promtail", "pid": 19046}
2025-07-01T14:46:56.8926921Z    [0;0mINFO[0;0m	skipping promtail readiness check until one or more nodes have written their service discovery configuration
2025-07-01T14:46:56.8928218Z    [0;0mINFO[0;0m	To stop: tmpnetctl stop-logs-collector
2025-07-01T14:46:56.8929530Z   [38;5;9m[FAILED] 
2025-07-01T14:46:56.8930832Z   	Error Trace:	/home/runner/go/pkg/mod/github.com/ava-labs/avalanchego@v1.13.2/tests/fixture/e2e/env.go:182
2025-07-01T14:46:56.8933143Z   	            				/home/runner/work/subnet-evm/subnet-evm/tests/load/load_test.go:60
2025-07-01T14:46:56.8934904Z   	            				/home/runner/go/pkg/mod/github.com/onsi/ginkgo/v2@v2.13.1/internal/node.go:463
2025-07-01T14:46:56.8936698Z   	            				/home/runner/go/pkg/mod/github.com/onsi/ginkgo/v2@v2.13.1/internal/suite.go:889
2025-07-01T14:46:56.8938212Z   	            				/opt/hostedtoolcache/go/1.23.9/x64/src/runtime/asm_amd64.s:1700
2025-07-01T14:46:56.8938705Z   	Error:      	Received unexpected error:
2025-07-01T14:46:56.8939703Z   	            	failed to configure process runtime: --avalanchego-path or AVALANCHEGO_PATH are required
2025-07-01T14:46:56.8940325Z   [0m
2025-07-01T14:46:56.8941353Z   [38;5;9mIn [1m[BeforeAll][0m[38;5;9m at: [1m/home/runner/go/pkg/mod/github.com/stretchr/testify@v1.10.0/assert/assertions.go:1586[0m [38;5;243m@ 07/01/25 14:46:56.892[0m
2025-07-01T14:46:56.8942821Z   < Exit [1m[BeforeAll][0m [Load Simulator] [38;5;243m- /home/runner/work/subnet-evm/subnet-evm/tests/load/load_test.go:55 @ 07/01/25 14:46:56.892 (306ms)[0m
2025-07-01T14:46:56.8944370Z   > Enter [1m[AfterEach][0m TOP-LEVEL [38;5;243m- /home/runner/go/pkg/mod/github.com/ava-labs/avalanchego@v1.13.2/tests/fixture/e2e/metrics_link.go:33 @ 07/01/25 14:46:56.892[0m
2025-07-01T14:46:56.8945832Z   < Exit [1m[AfterEach][0m TOP-LEVEL [38;5;243m- /home/runner/go/pkg/mod/github.com/ava-labs/avalanchego@v1.13.2/tests/fixture/e2e/metrics_link.go:33 @ 07/01/25 14:46:56.893 (0s)[0m
2025-07-01T14:46:56.8947283Z   > Enter [1m[DeferCleanup (All)][0m [Load Simulator] [38;5;243m- /home/runner/go/pkg/mod/github.com/ava-labs/avalanchego@v1.13.2/tests/fixture/e2e/ginkgo_test_context.go:96 @ 07/01/25 14:46:56.893[0m
2025-07-01T14:46:56.8949613Z    [0;0mINFO[0;0m	checking if logs exist	{"url": "https://loki-poc.avax-dev.network", "query": "sum(count_over_time({gh_repo=\"ava-labs/subnet-evm\",gh_workflow=\"Tests\",gh_run_id=\"16002582210\",gh_run_number=\"2076\",gh_run_attempt=\"1\",gh_job_id=\"e2e_load\"}[1h]))"}
2025-07-01T14:48:56.8941954Z    [1;33mWARN[0;0m	failed to query for collected count	{"type": "logs", "error": "failed to execute request: Get \"https://loki-poc.avax-dev.network/loki/api/v1/query?query=sum%28count_over_time%28%7Bgh_repo%3D%22ava-labs%2Fsubnet-evm%22%2Cgh_workflow%3D%22Tests%22%2Cgh_run_id%3D%2216002582210%22%2Cgh_run_number%3D%222076%22%2Cgh_run_attempt%3D%221%22%2Cgh_job_id%3D%22e2e_load%22%7D%5B1h%5D%29%29\": context deadline exceeded"}
2025-07-01T14:48:56.8945040Z   [38;5;9m[FAILED] 
2025-07-01T14:48:56.8946186Z   	Error Trace:	/home/runner/go/pkg/mod/github.com/ava-labs/avalanchego@v1.13.2/tests/fixture/e2e/env.go:119
2025-07-01T14:48:56.8948097Z   	            				/opt/hostedtoolcache/go/1.23.9/x64/src/reflect/value.go:584
2025-07-01T14:48:56.8949112Z   	            				/opt/hostedtoolcache/go/1.23.9/x64/src/reflect/value.go:368
2025-07-01T14:48:56.8950285Z   	            				/home/runner/go/pkg/mod/github.com/onsi/ginkgo/v2@v2.13.1/internal/node.go:585
2025-07-01T14:48:56.8951613Z   	            				/home/runner/go/pkg/mod/github.com/onsi/ginkgo/v2@v2.13.1/internal/node.go:463
2025-07-01T14:48:56.8952975Z   	            				/home/runner/go/pkg/mod/github.com/onsi/ginkgo/v2@v2.13.1/internal/suite.go:889
2025-07-01T14:48:56.8953927Z   	            				/opt/hostedtoolcache/go/1.23.9/x64/src/runtime/asm_amd64.s:1700
2025-07-01T14:48:56.8954335Z   	Error:      	Received unexpected error:
2025-07-01T14:48:56.8954908Z   	            	logs not found before timeout: context deadline exceeded
2025-07-01T14:48:56.8955276Z   [0m
2025-07-01T14:48:56.8956134Z   [38;5;9mIn [1m[DeferCleanup (All)][0m[38;5;9m at: [1m/home/runner/go/pkg/mod/github.com/stretchr/testify@v1.10.0/assert/assertions.go:1586[0m [38;5;243m@ 07/01/25 14:48:56.894[0m
2025-07-01T14:48:56.8957567Z   < Exit [1m[DeferCleanup (All)][0m [Load Simulator] [38;5;243m- /home/runner/go/pkg/mod/github.com/ava-labs/avalanchego@v1.13.2/tests/fixture/e2e/ginkgo_test_context.go:96 @ 07/01/25 14:48:56.894 (2m0.001s)[0m
2025-07-01T14:48:56.8959190Z   > Enter [1m[DeferCleanup (All)][0m [Load Simulator] [38;5;243m- /home/runner/go/pkg/mod/github.com/ava-labs/avalanchego@v1.13.2/tests/fixture/e2e/ginkgo_test_context.go:96 @ 07/01/25 14:48:56.894[0m
2025-07-01T14:48:56.8960877Z    [0;0mINFO[0;0m	checking if metrics exist	{"url": "https://prometheus-poc.avax-dev.network", "query": "count({gh_repo=\"ava-labs/subnet-evm\",gh_workflow=\"Tests\",gh_run_id=\"16002582210\",gh_run_number=\"2076\",gh_run_attempt=\"1\",gh_job_id=\"e2e_load\"})"}
2025-07-01T14:50:56.8949002Z    [1;33mWARN[0;0m	failed to query for collected count	{"type": "metrics", "error": "query failed: Post \"https://prometheus-poc.avax-dev.network/api/v1/query_range\": context deadline exceeded"}
2025-07-01T14:50:56.8951237Z   [38;5;9m[FAILED] 
2025-07-01T14:50:56.8954595Z   	Error Trace:	/home/runner/go/pkg/mod/github.com/ava-labs/avalanchego@v1.13.2/tests/fixture/e2e/env.go:107
2025-07-01T14:50:56.8956299Z   	            				/opt/hostedtoolcache/go/1.23.9/x64/src/reflect/value.go:584
2025-07-01T14:50:56.8957830Z   	            				/opt/hostedtoolcache/go/1.23.9/x64/src/reflect/value.go:368
2025-07-01T14:50:56.8959553Z   	            				/home/runner/go/pkg/mod/github.com/onsi/ginkgo/v2@v2.13.1/internal/node.go:585
2025-07-01T14:50:56.8961289Z   	            				/home/runner/go/pkg/mod/github.com/onsi/ginkgo/v2@v2.13.1/internal/node.go:463
2025-07-01T14:50:56.8963088Z   	            				/home/runner/go/pkg/mod/github.com/onsi/ginkgo/v2@v2.13.1/internal/suite.go:889
2025-07-01T14:50:56.8964541Z   	            				/opt/hostedtoolcache/go/1.23.9/x64/src/runtime/asm_amd64.s:1700
2025-07-01T14:50:56.8965610Z   	Error:      	Received unexpected error:
2025-07-01T14:50:56.8966848Z   	            	metrics not found before timeout: context deadline exceeded
2025-07-01T14:50:56.8967489Z   [0m
2025-07-01T14:50:56.8969184Z   [38;5;9mIn [1m[DeferCleanup (All)][0m[38;5;9m at: [1m/home/runner/go/pkg/mod/github.com/stretchr/testify@v1.10.0/assert/assertions.go:1586[0m [38;5;243m@ 07/01/25 14:50:56.895[0m
2025-07-01T14:50:56.8971788Z   < Exit [1m[DeferCleanup (All)][0m [Load Simulator] [38;5;243m- /home/runner/go/pkg/mod/github.com/ava-labs/avalanchego@v1.13.2/tests/fixture/e2e/ginkgo_test_context.go:96 @ 07/01/25 14:50:56.895 (2m0.001s)[0m
2025-07-01T14:50:56.8974491Z   > Enter [1m[DeferCleanup (All)][0m [Load Simulator] [38;5;243m- /home/runner/go/pkg/mod/github.com/ava-labs/avalanchego@v1.13.2/tests/fixture/e2e/ginkgo_test_context.go:96 @ 07/01/25 14:50:56.895[0m
2025-07-01T14:50:56.8977109Z   < Exit [1m[DeferCleanup (All)][0m [Load Simulator] [38;5;243m- /home/runner/go/pkg/mod/github.com/ava-labs/avalanchego@v1.13.2/tests/fixture/e2e/ginkgo_test_context.go:96 @ 07/01/25 14:50:56.895 (0s)[0m
2025-07-01T14:50:56.8979707Z   > Enter [1m[DeferCleanup (All)][0m [Load Simulator] [38;5;243m- /home/runner/go/pkg/mod/github.com/ava-labs/avalanchego@v1.13.2/tests/fixture/e2e/ginkgo_test_context.go:96 @ 07/01/25 14:50:56.895[0m
2025-07-01T14:50:56.8982270Z   < Exit [1m[DeferCleanup (All)][0m [Load Simulator] [38;5;243m- /home/runner/go/pkg/mod/github.com/ava-labs/avalanchego@v1.13.2/tests/fixture/e2e/ginkgo_test_context.go:96 @ 07/01/25 14:50:56.895 (0s)[0m
2025-07-01T14:50:56.8985351Z [38;5;9m• [FAILED] [240.308 seconds][0m
2025-07-01T14:50:56.8985947Z [38;5;9m[1m[Load Simulator] [BeforeAll][0m
2025-07-01T14:50:56.8986786Z [38;5;243m/home/runner/work/subnet-evm/subnet-evm/tests/load/load_test.go:55[0m
2025-07-01T14:50:56.8987586Z   basic subnet load test [38;5;204m[load][0m
2025-07-01T14:50:56.8988723Z   [38;5;243m/home/runner/work/subnet-evm/subnet-evm/tests/load/load_test.go:72[0m
2025-07-01T14:50:56.8989491Z [38;5;243m------------------------------[0m
2025-07-01T14:50:56.8989784Z 
2025-07-01T14:50:56.8990029Z [38;5;9m[1mSummarizing 1 Failure:[0m
2025-07-01T14:50:56.8991037Z   [38;5;9m[FAIL][0m [38;5;9m[1m[Load Simulator] [BeforeAll] [38;5;243mbasic subnet load test[0m [38;5;204m[load][0m
2025-07-01T14:50:56.8992336Z   [38;5;243m/home/runner/go/pkg/mod/github.com/stretchr/testify@v1.10.0/assert/assertions.go:1586[0m
2025-07-01T14:50:56.8992963Z 
2025-07-01T14:50:56.8993242Z [38;5;9m[1mRan 1 of 1 Specs in 240.309 seconds[0m
2025-07-01T14:50:56.8994222Z [38;5;9m[1mFAIL![0m -- [38;5;10m[1m0 Passed[0m | [38;5;9m[1m1 Failed[0m | [38;5;11m[1m0 Pending[0m | [38;5;14m[1m0 Skipped[0m
2025-07-01T14:50:56.8994937Z --- FAIL: TestE2E (240.31s)
2025-07-01T14:50:56.8995245Z FAIL
2025-07-01T14:50:56.9139471Z 
2025-07-01T14:50:56.9139745Z Ginkgo ran 1 suite in 4m50.126290306s
2025-07-01T14:50:56.9140050Z 
2025-07-01T14:50:56.9140188Z Test Suite Failed
2025-07-01T14:50:56.9148377Z exit status 1
2025-07-01T14:50:56.9228164Z task: Failed to run task "test-e2e-load-ci": exit status 1
2025-07-01T14:50:56.9255511Z ##[error]Process completed with exit code 201.
2025-07-01T14:50:56.9294853Z ##[group]Run actions/upload-artifact@v4
2025-07-01T14:50:56.9295119Z with:
2025-07-01T14:50:56.9295306Z   name: load-tmpnet-data
2025-07-01T14:50:56.9295720Z   path: ~/.tmpnet/networks
~/.tmpnet/prometheus/prometheus.log
~/.tmpnet/promtail/promtail.log

2025-07-01T14:50:56.9296173Z   if-no-files-found: error
2025-07-01T14:50:56.9296396Z   compression-level: 6
2025-07-01T14:50:56.9296606Z   overwrite: false
2025-07-01T14:50:56.9296814Z   include-hidden-files: false
2025-07-01T14:50:56.9297035Z env:
2025-07-01T14:50:56.9297218Z   TMPDIR: /home/runner/work/_temp
2025-07-01T14:50:56.9297458Z ##[endgroup]
2025-07-01T14:50:57.1419250Z Multiple search paths detected. Calculating the least common ancestor of all paths
2025-07-01T14:50:57.1424693Z The least common ancestor is /home/runner/.tmpnet. This will be the root directory of the artifact
2025-07-01T14:50:57.1426091Z With the provided path, there will be 2 files uploaded
2025-07-01T14:50:57.1431305Z Artifact name is valid!
2025-07-01T14:50:57.1433169Z Root directory input is valid!
2025-07-01T14:50:57.4410790Z Beginning upload of artifact content to blob storage
2025-07-01T14:50:57.7285120Z Uploaded bytes 1647
2025-07-01T14:50:57.7988496Z Finished uploading artifact content to blob storage!
2025-07-01T14:50:57.7992068Z SHA256 digest of uploaded artifact zip is e0ac8b60a32e3280fe95f5b5cb447085e59f78f7ab1c24fc1672d45564502b47
2025-07-01T14:50:57.7993863Z Finalizing artifact upload
2025-07-01T14:50:57.9713301Z Artifact load-tmpnet-data.zip successfully finalized. Artifact ID 3441727380
2025-07-01T14:50:57.9714400Z Artifact load-tmpnet-data has been successfully uploaded! Final size is 1647 bytes. Artifact ID is 3441727380
2025-07-01T14:50:57.9721761Z Artifact download URL: https://github.com/ava-labs/subnet-evm/actions/runs/16002582210/artifacts/3441727380
2025-07-01T14:50:57.9882173Z Post job cleanup.
2025-07-01T14:50:58.0816165Z [command]/usr/bin/git version
2025-07-01T14:50:58.0851825Z git version 2.49.0
2025-07-01T14:50:58.0901714Z Temporarily overriding HOME='/home/runner/work/_temp/2607700f-2e92-41b4-af8e-766f227918c6' before making global git config changes
2025-07-01T14:50:58.0903099Z Adding repository directory to the temporary git global config as a safe directory
2025-07-01T14:50:58.0907559Z [command]/usr/bin/git config --global --add safe.directory /home/runner/work/subnet-evm/subnet-evm
2025-07-01T14:50:58.0941429Z [command]/usr/bin/git config --local --name-only --get-regexp core\.sshCommand
2025-07-01T14:50:58.0973204Z [command]/usr/bin/git submodule foreach --recursive sh -c "git config --local --name-only --get-regexp 'core\.sshCommand' && git config --local --unset-all 'core.sshCommand' || :"
2025-07-01T14:50:58.1195603Z [command]/usr/bin/git config --local --name-only --get-regexp http\.https\:\/\/github\.com\/\.extraheader
2025-07-01T14:50:58.1215509Z http.https://github.com/.extraheader
2025-07-01T14:50:58.1228674Z [command]/usr/bin/git config --local --unset-all http.https://github.com/.extraheader
2025-07-01T14:50:58.1258984Z [command]/usr/bin/git submodule foreach --recursive sh -c "git config --local --name-only --get-regexp 'http\.https\:\/\/github\.com\/\.extraheader' && git config --local --unset-all 'http.https://github.com/.extraheader' || :"
2025-07-01T14:50:58.1586447Z Cleaning up orphan processes
2025-07-01T14:50:58.1907752Z Terminate orphan process: pid (19036) (prometheus)
2025-07-01T14:50:58.1954978Z Terminate orphan process: pid (19046) (.promtail-wrapp)
