2025-07-01T14:44:00.0740912Z Current runner version: '2.325.0'
2025-07-01T14:44:00.0774219Z ##[group]Runner Image Provisioner
2025-07-01T14:44:00.0775406Z Hosted Compute Agent
2025-07-01T14:44:00.0776611Z Version: 20250620.352
2025-07-01T14:44:00.0777731Z Commit: f262f3aba23b10ea191b2a62bdee1ca4c3d344da
2025-07-01T14:44:00.0778892Z Build Date: 2025-06-20T19:27:17Z
2025-07-01T14:44:00.0779758Z ##[endgroup]
2025-07-01T14:44:00.0780736Z ##[group]Operating System
2025-07-01T14:44:00.0781647Z Ubuntu
2025-07-01T14:44:00.0782413Z 24.04.2
2025-07-01T14:44:00.0783128Z LTS
2025-07-01T14:44:00.0783930Z ##[endgroup]
2025-07-01T14:44:00.0784804Z ##[group]Runner Image
2025-07-01T14:44:00.0785612Z Image: ubuntu-24.04
2025-07-01T14:44:00.0786678Z Version: 20250622.1.0
2025-07-01T14:44:00.0788518Z Included Software: https://github.com/actions/runner-images/blob/ubuntu24/20250622.1/images/ubuntu/Ubuntu2404-Readme.md
2025-07-01T14:44:00.0791210Z Image Release: https://github.com/actions/runner-images/releases/tag/ubuntu24%2F20250622.1
2025-07-01T14:44:00.0793050Z ##[endgroup]
2025-07-01T14:44:00.0797489Z ##[group]GITHUB_TOKEN Permissions
2025-07-01T14:44:00.0800309Z Actions: write
2025-07-01T14:44:00.0801112Z Attestations: write
2025-07-01T14:44:00.0802055Z Checks: write
2025-07-01T14:44:00.0802919Z Contents: write
2025-07-01T14:44:00.0803745Z Deployments: write
2025-07-01T14:44:00.0804563Z Discussions: write
2025-07-01T14:44:00.0805444Z Issues: write
2025-07-01T14:44:00.0806515Z Metadata: read
2025-07-01T14:44:00.0807385Z Models: read
2025-07-01T14:44:00.0808163Z Packages: write
2025-07-01T14:44:00.0808978Z Pages: write
2025-07-01T14:44:00.0809914Z PullRequests: write
2025-07-01T14:44:00.0810734Z RepositoryProjects: write
2025-07-01T14:44:00.0811685Z SecurityEvents: write
2025-07-01T14:44:00.0812839Z Statuses: write
2025-07-01T14:44:00.0813646Z ##[endgroup]
2025-07-01T14:44:00.0816852Z Secret source: Actions
2025-07-01T14:44:00.0817845Z Prepare workflow directory
2025-07-01T14:44:00.1272765Z Prepare all required actions
2025-07-01T14:44:00.1328392Z Getting action download info
2025-07-01T14:44:00.4667721Z ##[group]Download immutable action package 'actions/checkout@v4'
2025-07-01T14:44:00.4668759Z Version: 4.2.2
2025-07-01T14:44:00.4669671Z Digest: sha256:ccb2698953eaebd21c7bf6268a94f9c26518a7e38e27e0b83c1fe1ad049819b1
2025-07-01T14:44:00.4670904Z Source commit SHA: 11bd71901bbe5b1630ceea73d27597364c9af683
2025-07-01T14:44:00.4671601Z ##[endgroup]
2025-07-01T14:44:00.5457202Z ##[group]Download immutable action package 'actions/setup-go@v5'
2025-07-01T14:44:00.5458522Z Version: 5.5.0
2025-07-01T14:44:00.5459912Z Digest: sha256:f5eeb2233d0c6714b5236de9b44ad0b935014e15eeab3c28d73dc44c1c641ebb
2025-07-01T14:44:00.5461903Z Source commit SHA: d35c59abb061a4a6fb18e82ac0862c26744d6ab5
2025-07-01T14:44:00.5463154Z ##[endgroup]
2025-07-01T14:44:00.8501137Z ##[group]Download immutable action package 'actions/setup-node@v4'
2025-07-01T14:44:00.8501828Z Version: 4.4.0
2025-07-01T14:44:00.8502483Z Digest: sha256:9427cefe82346e992fb5b949e3569b39d537ae41aa3086483b14eceebfc16bc1
2025-07-01T14:44:00.8503328Z Source commit SHA: 49933ea5288caeca8642d1e84afbd3f7d6820020
2025-07-01T14:44:00.8503920Z ##[endgroup]
2025-07-01T14:44:00.9370175Z Download action repository 'ava-labs/avalanchego@092cf182dd92b66a8ab882b657d3ae52b174c913' (SHA:092cf182dd92b66a8ab882b657d3ae52b174c913)
2025-07-01T14:44:02.0288495Z Getting action download info
2025-07-01T14:44:02.2021814Z Download action repository 'cachix/install-nix-action@02a151ada4993995686f9ed4f1be7cfbb229e56f' (SHA:02a151ada4993995686f9ed4f1be7cfbb229e56f)
2025-07-01T14:44:02.4391812Z ##[group]Download immutable action package 'actions/upload-artifact@v4'
2025-07-01T14:44:02.4393179Z Version: 4.6.2
2025-07-01T14:44:02.4394426Z Digest: sha256:290722aa3281d5caf23d0acdc3dbeb3424786a1a01a9cc97e72f147225e37c38
2025-07-01T14:44:02.4396202Z Source commit SHA: ea165f8d65b6e75b540449e92b4886f43607fa02
2025-07-01T14:44:02.4397376Z ##[endgroup]
2025-07-01T14:44:02.5982390Z Complete job name: e2e warp tests
2025-07-01T14:44:02.6781598Z ##[group]Run actions/checkout@v4
2025-07-01T14:44:02.6783045Z with:
2025-07-01T14:44:02.6783742Z   fetch-depth: 0
2025-07-01T14:44:02.6784527Z   repository: ava-labs/subnet-evm
2025-07-01T14:44:02.6785658Z   token: ***
2025-07-01T14:44:02.6786584Z   ssh-strict: true
2025-07-01T14:44:02.6787334Z   ssh-user: git
2025-07-01T14:44:02.6788111Z   persist-credentials: true
2025-07-01T14:44:02.6788931Z   clean: true
2025-07-01T14:44:02.6789695Z   sparse-checkout-cone-mode: true
2025-07-01T14:44:02.6790574Z   fetch-tags: false
2025-07-01T14:44:02.6791337Z   show-progress: true
2025-07-01T14:44:02.6792099Z   lfs: false
2025-07-01T14:44:02.6792808Z   submodules: false
2025-07-01T14:44:02.6793573Z   set-safe-directory: true
2025-07-01T14:44:02.6794647Z ##[endgroup]
2025-07-01T14:44:02.7864023Z Syncing repository: ava-labs/subnet-evm
2025-07-01T14:44:02.7866738Z ##[group]Getting Git version info
2025-07-01T14:44:02.7867962Z Working directory is '/home/runner/work/subnet-evm/subnet-evm'
2025-07-01T14:44:02.7869763Z [command]/usr/bin/git version
2025-07-01T14:44:02.7894577Z git version 2.49.0
2025-07-01T14:44:02.7922572Z ##[endgroup]
2025-07-01T14:44:02.7937128Z Temporarily overriding HOME='/home/runner/work/_temp/af01d639-a88a-4685-927b-4305f27a81ab' before making global git config changes
2025-07-01T14:44:02.7939745Z Adding repository directory to the temporary git global config as a safe directory
2025-07-01T14:44:02.7942397Z [command]/usr/bin/git config --global --add safe.directory /home/runner/work/subnet-evm/subnet-evm
2025-07-01T14:44:02.8007574Z Deleting the contents of '/home/runner/work/subnet-evm/subnet-evm'
2025-07-01T14:44:02.8011596Z ##[group]Initializing the repository
2025-07-01T14:44:02.8016199Z [command]/usr/bin/git init /home/runner/work/subnet-evm/subnet-evm
2025-07-01T14:44:02.8070774Z hint: Using 'master' as the name for the initial branch. This default branch name
2025-07-01T14:44:02.8073482Z hint: is subject to change. To configure the initial branch name to use in all
2025-07-01T14:44:02.8075624Z hint: of your new repositories, which will suppress this warning, call:
2025-07-01T14:44:02.8077080Z hint:
2025-07-01T14:44:02.8077964Z hint: 	git config --global init.defaultBranch <name>
2025-07-01T14:44:02.8078980Z hint:
2025-07-01T14:44:02.8079958Z hint: Names commonly chosen instead of 'master' are 'main', 'trunk' and
2025-07-01T14:44:02.8081432Z hint: 'development'. The just-created branch can be renamed via this command:
2025-07-01T14:44:02.8082614Z hint:
2025-07-01T14:44:02.8083315Z hint: 	git branch -m <name>
2025-07-01T14:44:02.8084568Z Initialized empty Git repository in /home/runner/work/subnet-evm/subnet-evm/.git/
2025-07-01T14:44:02.8089511Z [command]/usr/bin/git remote add origin https://github.com/ava-labs/subnet-evm
2025-07-01T14:44:02.8121958Z ##[endgroup]
2025-07-01T14:44:02.8123456Z ##[group]Disabling automatic garbage collection
2025-07-01T14:44:02.8124926Z [command]/usr/bin/git config --local gc.auto 0
2025-07-01T14:44:02.8153589Z ##[endgroup]
2025-07-01T14:44:02.8154830Z ##[group]Setting up auth
2025-07-01T14:44:02.8160009Z [command]/usr/bin/git config --local --name-only --get-regexp core\.sshCommand
2025-07-01T14:44:02.8190589Z [command]/usr/bin/git submodule foreach --recursive sh -c "git config --local --name-only --get-regexp 'core\.sshCommand' && git config --local --unset-all 'core.sshCommand' || :"
2025-07-01T14:44:02.8441734Z [command]/usr/bin/git config --local --name-only --get-regexp http\.https\:\/\/github\.com\/\.extraheader
2025-07-01T14:44:02.8470215Z [command]/usr/bin/git submodule foreach --recursive sh -c "git config --local --name-only --get-regexp 'http\.https\:\/\/github\.com\/\.extraheader' && git config --local --unset-all 'http.https://github.com/.extraheader' || :"
2025-07-01T14:44:02.8685375Z [command]/usr/bin/git config --local http.https://github.com/.extraheader AUTHORIZATION: basic ***
2025-07-01T14:44:02.8721143Z ##[endgroup]
2025-07-01T14:44:02.8722500Z ##[group]Fetching the repository
2025-07-01T14:44:02.8732411Z [command]/usr/bin/git -c protocol.version=2 fetch --prune --no-recurse-submodules origin +refs/heads/*:refs/remotes/origin/* +refs/tags/*:refs/tags/* +c46a4f11ecd55a5ab361920393adf5859e0dc097:refs/remotes/pull/1610/merge
2025-07-01T14:44:15.6736593Z From https://github.com/ava-labs/subnet-evm
2025-07-01T14:44:15.6738028Z  * [new branch]          0.7.2-avalanchego-v1.13.0-fuji-rc.2 -> origin/0.7.2-avalanchego-v1.13.0-fuji-rc.2
2025-07-01T14:44:15.6739633Z  * [new branch]          HelloWorldOfficialTutorial -> origin/HelloWorldOfficialTutorial
2025-07-01T14:44:15.6740765Z  * [new branch]          abi-fuzz-testing          -> origin/abi-fuzz-testing
2025-07-01T14:44:15.6745101Z  * [new branch]          abi-standardize           -> origin/abi-standardize
2025-07-01T14:44:15.6746190Z  * [new branch]          acceptor-queue            -> origin/acceptor-queue
2025-07-01T14:44:15.6746980Z  * [new branch]          acp-176                   -> origin/acp-176
2025-07-01T14:44:15.6747792Z  * [new branch]          acp-176-config            -> origin/acp-176-config
2025-07-01T14:44:15.6748422Z  * [new branch]          add-aggregator-unit-test  -> origin/add-aggregator-unit-test
2025-07-01T14:44:15.6749658Z  * [new branch]          add-cpu-profiling         -> origin/add-cpu-profiling
2025-07-01T14:44:15.6752189Z  * [new branch]          add-cross-chain-request-to-s-evm -> origin/add-cross-chain-request-to-s-evm
2025-07-01T14:44:15.6754050Z  * [new branch]          add-else                  -> origin/add-else
2025-07-01T14:44:15.6756456Z  * [new branch]          add-manager-role          -> origin/add-manager-role
2025-07-01T14:44:15.6758376Z  * [new branch]          add-max-cache-size        -> origin/add-max-cache-size
2025-07-01T14:44:15.6760537Z  * [new branch]          add-more-unit-tests-for-aggregator -> origin/add-more-unit-tests-for-aggregator
2025-07-01T14:44:15.6762137Z  * [new branch]          add-pong-request-to-s-evm -> origin/add-pong-request-to-s-evm
2025-07-01T14:44:15.6764215Z  * [new branch]          addTestScript             -> origin/addTestScript
2025-07-01T14:44:15.6766709Z  * [new branch]          ago-v1.7.17               -> origin/ago-v1.7.17
2025-07-01T14:44:15.6769497Z  * [new branch]          alarso16/acp176-config    -> origin/alarso16/acp176-config
2025-07-01T14:44:15.6771438Z  * [new branch]          align-big2                -> origin/align-big2
2025-07-01T14:44:15.6773318Z  * [new branch]          align-block-request       -> origin/align-block-request
2025-07-01T14:44:15.6775278Z  * [new branch]          always-sign-uptime        -> origin/always-sign-uptime
2025-07-01T14:44:15.6777664Z  * [new branch]          always-sign-validator-uptimes -> origin/always-sign-validator-uptimes
2025-07-01T14:44:15.6779690Z  * [new branch]          anr-functionality-test    -> origin/anr-functionality-test
2025-07-01T14:44:15.6781538Z  * [new branch]          anusha-test-remote-sync   -> origin/anusha-test-remote-sync
2025-07-01T14:44:15.6783479Z  * [new branch]          anusha-test-remove-verify -> origin/anusha-test-remove-verify
2025-07-01T14:44:15.6786229Z  * [new branch]          arr4n/allowlist-refactor  -> origin/arr4n/allowlist-refactor
2025-07-01T14:44:15.6788443Z  * [new branch]          arr4n/circular-dep-types-precompiles -> origin/arr4n/circular-dep-types-precompiles
2025-07-01T14:44:15.6790002Z  * [new branch]          arr4n/geth-1.13.14        -> origin/arr4n/geth-1.13.14
2025-07-01T14:44:15.6792387Z  * [new branch]          arr4n/geth-1.13.14-squashed -> origin/arr4n/geth-1.13.14-squashed
2025-07-01T14:44:15.6794152Z  * [new branch]          arr4n/gethclone           -> origin/arr4n/gethclone
2025-07-01T14:44:15.6796231Z  * [new branch]          arr4n/gethclone-extension -> origin/arr4n/gethclone-extension
2025-07-01T14:44:15.6798573Z  * [new branch]          arr4n/gethclone-stateful-precompiles -> origin/arr4n/gethclone-stateful-precompiles
2025-07-01T14:44:15.6800269Z  * [new branch]          arr4n/move-precompile-interfaces -> origin/arr4n/move-precompile-interfaces
2025-07-01T14:44:15.6802531Z  * [new branch]          arr4n/precompile-go-tests -> origin/arr4n/precompile-go-tests
2025-07-01T14:44:15.6804105Z  * [new branch]          arr4n/solc-downloader     -> origin/arr4n/solc-downloader
2025-07-01T14:44:15.6806904Z  * [new branch]          ava-lru                   -> origin/ava-lru
2025-07-01T14:44:15.6808300Z  * [new branch]          avago-databaseconfig      -> origin/avago-databaseconfig
2025-07-01T14:44:15.6810432Z  * [new branch]          avagobump-for-relayer     -> origin/avagobump-for-relayer
2025-07-01T14:44:15.6812410Z  * [new branch]          avalanche-boundaries      -> origin/avalanche-boundaries
2025-07-01T14:44:15.6814509Z  * [new branch]          avalanchego-v1.9.2        -> origin/avalanchego-v1.9.2
2025-07-01T14:44:15.6816768Z  * [new branch]          awm-precompile-interface  -> origin/awm-precompile-interface
2025-07-01T14:44:15.6818811Z  * [new branch]          awm-precompile-interface-nits -> origin/awm-precompile-interface-nits
2025-07-01T14:44:15.6820556Z  * [new branch]          batch-inner               -> origin/batch-inner
2025-07-01T14:44:15.6822662Z  * [new branch]          bench-storage-trie        -> origin/bench-storage-trie
2025-07-01T14:44:15.6824631Z  * [new branch]          bench-study               -> origin/bench-study
2025-07-01T14:44:15.6826837Z  * [new branch]          break-cyclic              -> origin/break-cyclic
2025-07-01T14:44:15.6828836Z  * [new branch]          bump-ago                  -> origin/bump-ago
2025-07-01T14:44:15.6830890Z  * [new branch]          bump-anr-nits             -> origin/bump-anr-nits
2025-07-01T14:44:15.6832880Z  * [new branch]          bump-avago-master         -> origin/bump-avago-master
2025-07-01T14:44:15.6835298Z  * [new branch]          bump-avalanchego-c-chain-warp -> origin/bump-avalanchego-c-chain-warp
2025-07-01T14:44:15.6837637Z  * [new branch]          changes-to-requester      -> origin/changes-to-requester
2025-07-01T14:44:15.6839671Z  * [new branch]          check-code-scanning       -> origin/check-code-scanning
2025-07-01T14:44:15.6841669Z  * [new branch]          ci-enabled-fuzz           -> origin/ci-enabled-fuzz
2025-07-01T14:44:15.6843621Z  * [new branch]          cleanup-client            -> origin/cleanup-client
2025-07-01T14:44:15.6845590Z  * [new branch]          cleanup-jobs              -> origin/cleanup-jobs
2025-07-01T14:44:15.6847969Z  * [new branch]          cleanup-upgrades          -> origin/cleanup-upgrades
2025-07-01T14:44:15.6850117Z  * [new branch]          config-mainnet-warp-optimization -> origin/config-mainnet-warp-optimization
2025-07-01T14:44:15.6852195Z  * [new branch]          config-test-suites        -> origin/config-test-suites
2025-07-01T14:44:15.6854313Z  * [new branch]          configurable-suggestpriceoptions -> origin/configurable-suggestpriceoptions
2025-07-01T14:44:15.6856479Z  * [new branch]          containerize-vm-runtime   -> origin/containerize-vm-runtime
2025-07-01T14:44:15.6858500Z  * [new branch]          coreth-0.12.4-sync-x      -> origin/coreth-0.12.4-sync-x
2025-07-01T14:44:15.6860476Z  * [new branch]          coreth-diff               -> origin/coreth-diff
2025-07-01T14:44:15.6862568Z  * [new branch]          coreth-diff-script        -> origin/coreth-diff-script
2025-07-01T14:44:15.6864546Z  * [new branch]          coreth-merge              -> origin/coreth-merge
2025-07-01T14:44:15.6866843Z  * [new branch]          coreth-test-0             -> origin/coreth-test-0
2025-07-01T14:44:15.6868984Z  * [new branch]          custom-log-format         -> origin/custom-log-format
2025-07-01T14:44:15.6871753Z  * [new branch]          darioush/simplify-ci-monitoring -> origin/darioush/simplify-ci-monitoring
2025-07-01T14:44:15.6873770Z  * [new branch]          debian-update-to-debian12 -> origin/debian-update-to-debian12
2025-07-01T14:44:15.6875763Z  * [new branch]          debug-cache-rate          -> origin/debug-cache-rate
2025-07-01T14:44:15.6878347Z  * [new branch]          debug-fee-config-manager  -> origin/debug-fee-config-manager
2025-07-01T14:44:15.6880701Z  * [new branch]          decouple-precompiles      -> origin/decouple-precompiles
2025-07-01T14:44:15.6882907Z  * [new branch]          decouple-precompiles-0    -> origin/decouple-precompiles-0
2025-07-01T14:44:15.6885111Z  * [new branch]          default-rejournal         -> origin/default-rejournal
2025-07-01T14:44:15.6887582Z  * [new branch]          delete-redundant-tests    -> origin/delete-redundant-tests
2025-07-01T14:44:15.6889770Z  * [new branch]          deleteme                  -> origin/deleteme
2025-07-01T14:44:15.6894121Z  * [new branch]          dependabot/github_actions/docker/setup-buildx-action-3.11.1 -> origin/dependabot/github_actions/docker/setup-buildx-action-3.11.1
2025-07-01T14:44:15.6897248Z  * [new branch]          dependabot/github_actions/github/codeql-action-3.29.1 -> origin/dependabot/github_actions/github/codeql-action-3.29.1
2025-07-01T14:44:15.6900301Z  * [new branch]          dependabot/github_actions/golangci/golangci-lint-action-6.5.2 -> origin/dependabot/github_actions/golangci/golangci-lint-action-6.5.2
2025-07-01T14:44:15.6903210Z  * [new branch]          dependabot/github_actions/goreleaser/goreleaser-action-6.3.0 -> origin/dependabot/github_actions/goreleaser/goreleaser-action-6.3.0
2025-07-01T14:44:15.6907328Z  * [new branch]          dependabot/go_modules/github.com/antithesishq/antithesis-sdk-go-0.4.3 -> origin/dependabot/go_modules/github.com/antithesishq/antithesis-sdk-go-0.4.3
2025-07-01T14:44:15.6910289Z  * [new branch]          dependabot/go_modules/github.com/docker/docker-24.0.6incompatible -> origin/dependabot/go_modules/github.com/docker/docker-24.0.6incompatible
2025-07-01T14:44:15.6913131Z  * [new branch]          dependabot/go_modules/github.com/go-cmd/cmd-1.4.3 -> origin/dependabot/go_modules/github.com/go-cmd/cmd-1.4.3
2025-07-01T14:44:15.6916286Z  * [new branch]          dependabot/go_modules/github.com/gorilla/rpc-1.2.1 -> origin/dependabot/go_modules/github.com/gorilla/rpc-1.2.1
2025-07-01T14:44:15.6919331Z  * [new branch]          dependabot/go_modules/github.com/spf13/viper-1.20.1 -> origin/dependabot/go_modules/github.com/spf13/viper-1.20.1
2025-07-01T14:44:15.6922645Z  * [new branch]          dependabot/npm_and_yarn/contracts/base-x-3.0.11 -> origin/dependabot/npm_and_yarn/contracts/base-x-3.0.11
2025-07-01T14:44:15.6925024Z  * [new branch]          dependabot/npm_and_yarn/contracts/multi-456de2e4f1 -> origin/dependabot/npm_and_yarn/contracts/multi-456de2e4f1
2025-07-01T14:44:15.6927301Z  * [new branch]          dependabot/npm_and_yarn/contracts/multi-997cdae7c5 -> origin/dependabot/npm_and_yarn/contracts/multi-997cdae7c5
2025-07-01T14:44:15.6929691Z  * [new branch]          dependabot/npm_and_yarn/contracts/multi-d371db0872 -> origin/dependabot/npm_and_yarn/contracts/multi-d371db0872
2025-07-01T14:44:15.6931924Z  * [new branch]          dependabot/npm_and_yarn/contracts/pbkdf2-3.1.3 -> origin/dependabot/npm_and_yarn/contracts/pbkdf2-3.1.3
2025-07-01T14:44:15.6934246Z  * [new branch]          dependabot/npm_and_yarn/contracts/secp256k1-4.0.4 -> origin/dependabot/npm_and_yarn/contracts/secp256k1-4.0.4
2025-07-01T14:44:15.6936496Z  * [new branch]          dev-setup-testing         -> origin/dev-setup-testing
2025-07-01T14:44:15.6938838Z  * [new branch]          docker-tag                -> origin/docker-tag
2025-07-01T14:44:15.6941736Z  * [new branch]          docs/avalanche-ops        -> origin/docs/avalanche-ops
2025-07-01T14:44:15.6943953Z  * [new branch]          e2e                       -> origin/e2e
2025-07-01T14:44:15.6946393Z  * [new branch]          e2e-testing-s-evm         -> origin/e2e-testing-s-evm
2025-07-01T14:44:15.6948782Z  * [new branch]          e2e-to-tmpnet-x           -> origin/e2e-to-tmpnet-x
2025-07-01T14:44:15.6951075Z  * [new branch]          e2e-use-local-uri         -> origin/e2e-use-local-uri
2025-07-01T14:44:15.6953463Z  * [new branch]          e2e-verbose-logging       -> origin/e2e-verbose-logging
2025-07-01T14:44:15.6955850Z  * [new branch]          e2e-warp-to-tmpnet-x      -> origin/e2e-warp-to-tmpnet-x
2025-07-01T14:44:15.6958699Z  * [new branch]          eth-call-depth-metrics    -> origin/eth-call-depth-metrics
2025-07-01T14:44:15.6961488Z  * [new branch]          feature/ci-avago-commitish -> origin/feature/ci-avago-commitish
2025-07-01T14:44:15.6963790Z  * [new branch]          final-changes-ccr-send    -> origin/final-changes-ccr-send
2025-07-01T14:44:15.6966362Z  * [new branch]          fix-antithesis-image-build -> origin/fix-antithesis-image-build
2025-07-01T14:44:15.6968752Z  * [new branch]          fix-build-protobuf        -> origin/fix-build-protobuf
2025-07-01T14:44:15.6971139Z  * [new branch]          fix-contexts              -> origin/fix-contexts
2025-07-01T14:44:15.6973448Z  * [new branch]          fix-docker-binaries-2     -> origin/fix-docker-binaries-2
2025-07-01T14:44:15.6975783Z  * [new branch]          fix-docker-push           -> origin/fix-docker-push
2025-07-01T14:44:15.6978367Z  * [new branch]          fix-goreleaser            -> origin/fix-goreleaser
2025-07-01T14:44:15.6980653Z  * [new branch]          fix-goroutine-leak        -> origin/fix-goroutine-leak
2025-07-01T14:44:15.6983020Z  * [new branch]          fix-issuance              -> origin/fix-issuance
2025-07-01T14:44:15.6985466Z  * [new branch]          fix-load-test             -> origin/fix-load-test
2025-07-01T14:44:15.6988201Z  * [new branch]          fix-shutdown-hang         -> origin/fix-shutdown-hang
2025-07-01T14:44:15.6990491Z  * [new branch]          fix-size-checks           -> origin/fix-size-checks
2025-07-01T14:44:15.6993041Z  * [new branch]          fix-v1.13.0-fuji-rc.2     -> origin/fix-v1.13.0-fuji-rc.2
2025-07-01T14:44:15.6995315Z  * [new branch]          fix-verdb                 -> origin/fix-verdb
2025-07-01T14:44:15.6998008Z  * [new branch]          fix-warp-events           -> origin/fix-warp-events
2025-07-01T14:44:15.7000302Z  * [new branch]          fuji-warp                 -> origin/fuji-warp
2025-07-01T14:44:15.7002679Z  * [new branch]          geth-master               -> origin/geth-master
2025-07-01T14:44:15.7005061Z  * [new branch]          geth-v.13.2-x             -> origin/geth-v.13.2-x
2025-07-01T14:44:15.7007625Z  * [new branch]          geth-v1.12.2-x            -> origin/geth-v1.12.2-x
2025-07-01T14:44:15.7010029Z  * [new branch]          geth-v1.13.14-sq          -> origin/geth-v1.13.14-sq
2025-07-01T14:44:15.7012384Z  * [new branch]          geth-v1.13.14-sq-arr4n-sq -> origin/geth-v1.13.14-sq-arr4n-sq
2025-07-01T14:44:15.7014733Z  * [new branch]          geth-v1.13.2-squashed-diff -> origin/geth-v1.13.2-squashed-diff
2025-07-01T14:44:15.7017160Z  * [new branch]          geth-v1.14.7              -> origin/geth-v1.14.7
2025-07-01T14:44:15.7019627Z  * [new branch]          geth-v1.14.7-sq           -> origin/geth-v1.14.7-sq
2025-07-01T14:44:15.7022119Z  * [new branch]          geth-v1.14.7-sq-reset     -> origin/geth-v1.14.7-sq-reset
2025-07-01T14:44:15.7026297Z  * [new branch]          gh-readonly-queue/master/pr-1557-8b0ef322b993fea02a4341fe023b31424388ac17 -> origin/gh-readonly-queue/master/pr-1557-8b0ef322b993fea02a4341fe023b31424388ac17
2025-07-01T14:44:15.7028359Z  * [new branch]          go-ethereum-1.11.4        -> origin/go-ethereum-1.11.4
2025-07-01T14:44:15.7030695Z  * [new branch]          handshake-codec           -> origin/handshake-codec
2025-07-01T14:44:15.7033213Z  * [new branch]          handshake-codec-deterministic-json -> origin/handshake-codec-deterministic-json
2025-07-01T14:44:15.7035677Z  * [new branch]          hello-world-tutorial-walkthrough -> origin/hello-world-tutorial-walkthrough
2025-07-01T14:44:15.7038304Z  * [new branch]          helloworld-official-tutorial-v2 -> origin/helloworld-official-tutorial-v2
2025-07-01T14:44:15.7040939Z  * [new branch]          helloworld-official-tutorial-v2-generate-test -> origin/helloworld-official-tutorial-v2-generate-test
2025-07-01T14:44:15.7043089Z  * [new branch]          iface-dependency          -> origin/iface-dependency
2025-07-01T14:44:15.7045495Z  * [new branch]          improve-log-v0.5.3        -> origin/improve-log-v0.5.3
2025-07-01T14:44:15.7048330Z  * [new branch]          inspector                 -> origin/inspector
2025-07-01T14:44:15.7050661Z  * [new branch]          journal-clean             -> origin/journal-clean
2025-07-01T14:44:15.7053888Z  * [new branch]          libevm                    -> origin/libevm
2025-07-01T14:44:15.7056549Z  * [new branch]          libevm-sync-codeql        -> origin/libevm-sync-codeql
2025-07-01T14:44:15.7059185Z  * [new branch]          load-test-best-config     -> origin/load-test-best-config
2025-07-01T14:44:15.7061686Z  * [new branch]          loadtestN                 -> origin/loadtestN
2025-07-01T14:44:15.7064208Z  * [new branch]          macos-goreleaser          -> origin/macos-goreleaser
2025-07-01T14:44:15.7066884Z  * [new branch]          master                    -> origin/master
2025-07-01T14:44:15.7069385Z  * [new branch]          merge-coreth-master       -> origin/merge-coreth-master
2025-07-01T14:44:15.7071876Z  * [new branch]          merge-geth                -> origin/merge-geth
2025-07-01T14:44:15.7074376Z  * [new branch]          merge-master-libevm-387bbc1 -> origin/merge-master-libevm-387bbc1
2025-07-01T14:44:15.7076980Z  * [new branch]          merkledb-experiment-y     -> origin/merkledb-experiment-y
2025-07-01T14:44:15.7079441Z  * [new branch]          migrate-coreth-v0.8.16-rc2 -> origin/migrate-coreth-v0.8.16-rc2
2025-07-01T14:44:15.7081948Z  * [new branch]          migrate-hardhat-to-ds-test-backup -> origin/migrate-hardhat-to-ds-test-backup
2025-07-01T14:44:15.7084411Z  * [new branch]          move-ci-tasks             -> origin/move-ci-tasks
2025-07-01T14:44:15.7087058Z  * [new branch]          move-gas-limit-simplify   -> origin/move-gas-limit-simplify
2025-07-01T14:44:15.7089411Z  * [new branch]          multicoin-idea            -> origin/multicoin-idea
2025-07-01T14:44:15.7091912Z  * [new branch]          new-block-context-err     -> origin/new-block-context-err
2025-07-01T14:44:15.7094677Z  * [new branch]          nits-arr4n/geth-1.13.14   -> origin/nits-arr4n/geth-1.13.14
2025-07-01T14:44:15.7097764Z  * [new branch]          no-improvements           -> origin/no-improvements
2025-07-01T14:44:15.7099900Z  * [new branch]          off-chain-warp-messages   -> origin/off-chain-warp-messages
2025-07-01T14:44:15.7102347Z  * [new branch]          offchain-message-logging  -> origin/offchain-message-logging
2025-07-01T14:44:15.7104840Z  * [new branch]          only-load-test-ginkgo     -> origin/only-load-test-ginkgo
2025-07-01T14:44:15.7107523Z  * [new branch]          overflows-revisited       -> origin/overflows-revisited
2025-07-01T14:44:15.7109988Z  * [new branch]          parse-genesis             -> origin/parse-genesis
2025-07-01T14:44:15.7112506Z  * [new branch]          peer-tracker-test         -> origin/peer-tracker-test
2025-07-01T14:44:15.7114986Z  * [new branch]          pod-yaml                  -> origin/pod-yaml
2025-07-01T14:44:15.7117736Z  * [new branch]          precompile-hello-world    -> origin/precompile-hello-world
2025-07-01T14:44:15.7120277Z  * [new branch]          precompile-template-testing -> origin/precompile-template-testing
2025-07-01T14:44:15.7122760Z  * [new branch]          precompile-tutorial-only  -> origin/precompile-tutorial-only
2025-07-01T14:44:15.7125131Z  * [new branch]          pruning                   -> origin/pruning
2025-07-01T14:44:15.7127929Z  * [new branch]          readmesubnet              -> origin/readmesubnet
2025-07-01T14:44:15.7130413Z  * [new branch]          refactor-config           -> origin/refactor-config
2025-07-01T14:44:15.7133604Z  * [new branch]          refactor-e2e-tests-5-node-network-bash -> origin/refactor-e2e-tests-5-node-network-bash
2025-07-01T14:44:15.7135924Z  * [new branch]          refactored-warp-precompile -> origin/refactored-warp-precompile
2025-07-01T14:44:15.7138601Z  * [new branch]          release-v0.6.4-fix-pebble -> origin/release-v0.6.4-fix-pebble
2025-07-01T14:44:15.7141610Z  * [new branch]          remote-docs               -> origin/remote-docs
2025-07-01T14:44:15.7144203Z  * [new branch]          remove-codeowner          -> origin/remove-codeowner
2025-07-01T14:44:15.7146695Z  * [new branch]          remove-get-message        -> origin/remove-get-message
2025-07-01T14:44:15.7149063Z  * [new branch]          remove-status             -> origin/remove-status
2025-07-01T14:44:15.7151481Z  * [new branch]          remove-unused-mux         -> origin/remove-unused-mux
2025-07-01T14:44:15.7153922Z  * [new branch]          remove-vm-dead-code       -> origin/remove-vm-dead-code
2025-07-01T14:44:15.7156552Z  * [new branch]          reprocess-before-setpreference -> origin/reprocess-before-setpreference
2025-07-01T14:44:15.7158900Z  * [new branch]          reproduceable-ci          -> origin/reproduceable-ci
2025-07-01T14:44:15.7161289Z  * [new branch]          return-bytes              -> origin/return-bytes
2025-07-01T14:44:15.7163548Z  * [new branch]          run-linter                -> origin/run-linter
2025-07-01T14:44:15.7165973Z  * [new branch]          safe-balance-ops          -> origin/safe-balance-ops
2025-07-01T14:44:15.7168574Z  * [new branch]          sanity                    -> origin/sanity
2025-07-01T14:44:15.7171021Z  * [new branch]          send-multiple-gossip-txs  -> origin/send-multiple-gossip-txs
2025-07-01T14:44:15.7173345Z  * [new branch]          separate-precompiles      -> origin/separate-precompiles
2025-07-01T14:44:15.7175722Z  * [new branch]          separate-upgradeconfig    -> origin/separate-upgradeconfig
2025-07-01T14:44:15.7178299Z  * [new branch]          serialize-upgrade-config  -> origin/serialize-upgrade-config
2025-07-01T14:44:15.7180680Z  * [new branch]          setup-framework-for-ds-test -> origin/setup-framework-for-ds-test
2025-07-01T14:44:15.7183076Z  * [new branch]          shared-memory-precompile  -> origin/shared-memory-precompile
2025-07-01T14:44:15.7185481Z  * [new branch]          shared-memory-precompiles-regen0 -> origin/shared-memory-precompiles-regen0
2025-07-01T14:44:15.7188085Z  * [new branch]          simulator-2               -> origin/simulator-2
2025-07-01T14:44:15.7190511Z  * [new branch]          single-node-e2e-w         -> origin/single-node-e2e-w
2025-07-01T14:44:15.7192993Z  * [new branch]          single-predicate-verify-test -> origin/single-predicate-verify-test
2025-07-01T14:44:15.7195374Z  * [new branch]          specify-default-hashdb    -> origin/specify-default-hashdb
2025-07-01T14:44:15.7197966Z  * [new branch]          split-extra-data          -> origin/split-extra-data
2025-07-01T14:44:15.7200369Z  * [new branch]          start-release-cycle       -> origin/start-release-cycle
2025-07-01T14:44:15.7202683Z  * [new branch]          statesync-e2e             -> origin/statesync-e2e
2025-07-01T14:44:15.7205086Z  * [new branch]          subnet-evm-002            -> origin/subnet-evm-002
2025-07-01T14:44:15.7207711Z  * [new branch]          subnet-evm-002-wagmi      -> origin/subnet-evm-002-wagmi
2025-07-01T14:44:15.7210180Z  * [new branch]          subnet-evm-pod            -> origin/subnet-evm-pod
2025-07-01T14:44:15.7212586Z  * [new branch]          subnet-evm-rename-coreth  -> origin/subnet-evm-rename-coreth
2025-07-01T14:44:15.7214970Z  * [new branch]          sync-coreth-v0.12.4-rc0-xx -> origin/sync-coreth-v0.12.4-rc0-xx
2025-07-01T14:44:15.7217439Z  * [new branch]          teleporter-demo           -> origin/teleporter-demo
2025-07-01T14:44:15.7219856Z  * [new branch]          teleporter-demo-mod-sig-response -> origin/teleporter-demo-mod-sig-response
2025-07-01T14:44:15.7222128Z  * [new branch]          test-ago                  -> origin/test-ago
2025-07-01T14:44:15.7224536Z  * [new branch]          test-avago-updates        -> origin/test-avago-updates
2025-07-01T14:44:15.7227126Z  * [new branch]          test-branch-ci            -> origin/test-branch-ci
2025-07-01T14:44:15.7229579Z  * [new branch]          test-dockerfile           -> origin/test-dockerfile
2025-07-01T14:44:15.7232096Z  * [new branch]          test-hello-world-precompile-example -> origin/test-hello-world-precompile-example
2025-07-01T14:44:15.7234507Z  * [new branch]          test-libevm               -> origin/test-libevm
2025-07-01T14:44:15.7236884Z  * [new branch]          test_workers              -> origin/test_workers
2025-07-01T14:44:15.7239595Z  * [new branch]          testing-image-build-for-unmerged-commit-test -> origin/testing-image-build-for-unmerged-commit-test
2025-07-01T14:44:15.7245171Z  * [new branch]          tmp-master                -> origin/tmp-master
2025-07-01T14:44:15.7247852Z  * [new branch]          tmpnet-disjoint-validator-sets -> origin/tmpnet-disjoint-validator-sets
2025-07-01T14:44:15.7250099Z  * [new branch]          tps-fix                   -> origin/tps-fix
2025-07-01T14:44:15.7252614Z  * [new branch]          trie-prefetcher-alt       -> origin/trie-prefetcher-alt
2025-07-01T14:44:15.7255330Z  * [new branch]          trie-prefetcher-alt1      -> origin/trie-prefetcher-alt1
2025-07-01T14:44:15.7257718Z  * [new branch]          truncate-call-log         -> origin/truncate-call-log
2025-07-01T14:44:15.7259928Z  * [new branch]          tx-count-metrics          -> origin/tx-count-metrics
2025-07-01T14:44:15.7262065Z  * [new branch]          txpool-mutex              -> origin/txpool-mutex
2025-07-01T14:44:15.7264333Z  * [new branch]          typed-revert-error        -> origin/typed-revert-error
2025-07-01T14:44:15.7266576Z  * [new branch]          update-12.0-fuji          -> origin/update-12.0-fuji
2025-07-01T14:44:15.7268942Z  * [new branch]          update-avago-teleporter   -> origin/update-avago-teleporter
2025-07-01T14:44:15.7271146Z  * [new branch]          update-avalanchego        -> origin/update-avalanchego
2025-07-01T14:44:15.7273299Z  * [new branch]          update-subnet-evm         -> origin/update-subnet-evm
2025-07-01T14:44:15.7275508Z  * [new branch]          uptime-tracking-wip       -> origin/uptime-tracking-wip
2025-07-01T14:44:15.7277956Z  * [new branch]          use-libevm-params         -> origin/use-libevm-params
2025-07-01T14:44:15.7280086Z  * [new branch]          use-libevm-statedb        -> origin/use-libevm-statedb
2025-07-01T14:44:15.7282281Z  * [new branch]          v0.6.1-fix-client         -> origin/v0.6.1-fix-client
2025-07-01T14:44:15.7284465Z  * [new branch]          v1.7.17-rc.8              -> origin/v1.7.17-rc.8
2025-07-01T14:44:15.7286724Z  * [new branch]          validator-manager         -> origin/validator-manager
2025-07-01T14:44:15.7289146Z  * [new branch]          validator-metastate       -> origin/validator-metastate
2025-07-01T14:44:15.7291483Z  * [new branch]          verify-no-blobs           -> origin/verify-no-blobs
2025-07-01T14:44:15.7293698Z  * [new branch]          version-v0.6.0-fuji       -> origin/version-v0.6.0-fuji
2025-07-01T14:44:15.7295875Z  * [new branch]          vmerrs-putback            -> origin/vmerrs-putback
2025-07-01T14:44:15.7298442Z  * [new branch]          wagmi-upgrade-json        -> origin/wagmi-upgrade-json
2025-07-01T14:44:15.7300627Z  * [new branch]          warp-contract-feature     -> origin/warp-contract-feature
2025-07-01T14:44:15.7302861Z  * [new branch]          warp-contract-l           -> origin/warp-contract-l
2025-07-01T14:44:15.7305120Z  * [new branch]          warp-contract-l-repro     -> origin/warp-contract-l-repro
2025-07-01T14:44:15.7307670Z  * [new branch]          warp-contract-testing     -> origin/warp-contract-testing
2025-07-01T14:44:15.7309759Z  * [new branch]          warp-e2e                  -> origin/warp-e2e
2025-07-01T14:44:15.7312098Z  * [new branch]          warp-load-e2e             -> origin/warp-load-e2e
2025-07-01T14:44:15.7314591Z  * [new branch]          warp-load-e2e-bls-genesis-validators -> origin/warp-load-e2e-bls-genesis-validators
2025-07-01T14:44:15.7316588Z  * [new branch]          warp-load-test            -> origin/warp-load-test
2025-07-01T14:44:15.7319015Z  * [new branch]          warp-load-testing         -> origin/warp-load-testing
2025-07-01T14:44:15.7321282Z  * [new branch]          warp-network-run          -> origin/warp-network-run
2025-07-01T14:44:15.7323663Z  * [new branch]          warp-precompile           -> origin/warp-precompile
2025-07-01T14:44:15.7325850Z  * [new branch]          warp-precompile-on-accept -> origin/warp-precompile-on-accept
2025-07-01T14:44:15.7328647Z  * [new branch]          warp-requirePrimaryNetworkSignersAlt -> origin/warp-requirePrimaryNetworkSignersAlt
2025-07-01T14:44:15.7330901Z  * [new branch]          wip-script-ideas          -> origin/wip-script-ideas
2025-07-01T14:44:15.7333119Z  * [new branch]          worker-err-test           -> origin/worker-err-test
2025-07-01T14:44:15.7334365Z  * [new tag]             v0.0.0-apm-alpha          -> v0.0.0-apm-alpha
2025-07-01T14:44:15.7335675Z  * [new tag]             v0.0.1                    -> v0.0.1
2025-07-01T14:44:15.7337139Z  * [new tag]             v0.0.2                    -> v0.0.2
2025-07-01T14:44:15.7338319Z  * [new tag]             v0.1.0                    -> v0.1.0
2025-07-01T14:44:15.7339943Z  * [new tag]             v0.1.1                    -> v0.1.1
2025-07-01T14:44:15.7341145Z  * [new tag]             v0.1.2                    -> v0.1.2
2025-07-01T14:44:15.7342529Z  * [new tag]             v0.1.2-rc.0               -> v0.1.2-rc.0
2025-07-01T14:44:15.7344097Z  * [new tag]             v0.2.0                    -> v0.2.0
2025-07-01T14:44:15.7345288Z  * [new tag]             v0.2.1                    -> v0.2.1
2025-07-01T14:44:15.7346911Z  * [new tag]             v0.2.1-rc.0               -> v0.2.1-rc.0
2025-07-01T14:44:15.7348179Z  * [new tag]             v0.2.2                    -> v0.2.2
2025-07-01T14:44:15.7349510Z  * [new tag]             v0.2.3                    -> v0.2.3
2025-07-01T14:44:15.7350870Z  * [new tag]             v0.2.4                    -> v0.2.4
2025-07-01T14:44:15.7352389Z  * [new tag]             v0.2.5                    -> v0.2.5
2025-07-01T14:44:15.7353619Z  * [new tag]             v0.2.6                    -> v0.2.6
2025-07-01T14:44:15.7354938Z  * [new tag]             v0.2.7                    -> v0.2.7
2025-07-01T14:44:15.7356685Z  * [new tag]             v0.2.8                    -> v0.2.8
2025-07-01T14:44:15.7357980Z  * [new tag]             v0.2.9                    -> v0.2.9
2025-07-01T14:44:15.7359333Z  * [new tag]             v0.3.0                    -> v0.3.0
2025-07-01T14:44:15.7360767Z  * [new tag]             v0.3.0-rc.0               -> v0.3.0-rc.0
2025-07-01T14:44:15.7362127Z  * [new tag]             v0.4.0                    -> v0.4.0
2025-07-01T14:44:15.7363498Z  * [new tag]             v0.4.1                    -> v0.4.1
2025-07-01T14:44:15.7364901Z  * [new tag]             v0.4.1-rc.0               -> v0.4.1-rc.0
2025-07-01T14:44:15.7366394Z  * [new tag]             v0.4.1-rc.1               -> v0.4.1-rc.1
2025-07-01T14:44:15.7368131Z  * [new tag]             v0.4.1-rc.2               -> v0.4.1-rc.2
2025-07-01T14:44:15.7369269Z  * [new tag]             v0.4.1-rc.3               -> v0.4.1-rc.3
2025-07-01T14:44:15.7370459Z  * [new tag]             v0.4.1-rc.4               -> v0.4.1-rc.4
2025-07-01T14:44:15.7371673Z  * [new tag]             v0.4.1-rc.5               -> v0.4.1-rc.5
2025-07-01T14:44:15.7373017Z  * [new tag]             v0.4.10                   -> v0.4.10
2025-07-01T14:44:15.7374395Z  * [new tag]             v0.4.11                   -> v0.4.11
2025-07-01T14:44:15.7375764Z  * [new tag]             v0.4.11-rc.0              -> v0.4.11-rc.0
2025-07-01T14:44:15.7377410Z  * [new tag]             v0.4.12                   -> v0.4.12
2025-07-01T14:44:15.7378730Z  * [new tag]             v0.4.12-rc.0              -> v0.4.12-rc.0
2025-07-01T14:44:15.7380155Z  * [new tag]             v0.4.12-rc.1              -> v0.4.12-rc.1
2025-07-01T14:44:15.7381506Z  * [new tag]             v0.4.2                    -> v0.4.2
2025-07-01T14:44:15.7382867Z  * [new tag]             v0.4.2-rc.0               -> v0.4.2-rc.0
2025-07-01T14:44:15.7384232Z  * [new tag]             v0.4.2-rc.1               -> v0.4.2-rc.1
2025-07-01T14:44:15.7385574Z  * [new tag]             v0.4.2-rc.2               -> v0.4.2-rc.2
2025-07-01T14:44:15.7387394Z  * [new tag]             v0.4.2-rc.3               -> v0.4.2-rc.3
2025-07-01T14:44:15.7388810Z  * [new tag]             v0.4.2-rc.4               -> v0.4.2-rc.4
2025-07-01T14:44:15.7390023Z  * [new tag]             v0.4.2-rc.5               -> v0.4.2-rc.5
2025-07-01T14:44:15.7391373Z  * [new tag]             v0.4.2-rc.6               -> v0.4.2-rc.6
2025-07-01T14:44:15.7392558Z  * [new tag]             v0.4.2-rc.7               -> v0.4.2-rc.7
2025-07-01T14:44:15.7393884Z  * [new tag]             v0.4.2-rc.8               -> v0.4.2-rc.8
2025-07-01T14:44:15.7395033Z  * [new tag]             v0.4.2-rc.9               -> v0.4.2-rc.9
2025-07-01T14:44:15.7396543Z  * [new tag]             v0.4.3                    -> v0.4.3
2025-07-01T14:44:15.7398377Z  * [new tag]             v0.4.4                    -> v0.4.4
2025-07-01T14:44:15.7399417Z  * [new tag]             v0.4.4-rc.0               -> v0.4.4-rc.0
2025-07-01T14:44:15.7401070Z  * [new tag]             v0.4.5                    -> v0.4.5
2025-07-01T14:44:15.7402317Z  * [new tag]             v0.4.5-rc.0               -> v0.4.5-rc.0
2025-07-01T14:44:15.7403736Z  * [new tag]             v0.4.5-rc.1               -> v0.4.5-rc.1
2025-07-01T14:44:15.7405074Z  * [new tag]             v0.4.6                    -> v0.4.6
2025-07-01T14:44:15.7406842Z  * [new tag]             v0.4.6-rc.0               -> v0.4.6-rc.0
2025-07-01T14:44:15.7407977Z  * [new tag]             v0.4.6-rc.1               -> v0.4.6-rc.1
2025-07-01T14:44:15.7409346Z  * [new tag]             v0.4.7                    -> v0.4.7
2025-07-01T14:44:15.7410602Z  * [new tag]             v0.4.7-rc.0               -> v0.4.7-rc.0
2025-07-01T14:44:15.7411959Z  * [new tag]             v0.4.8                    -> v0.4.8
2025-07-01T14:44:15.7413526Z  * [new tag]             v0.4.8-rc.0               -> v0.4.8-rc.0
2025-07-01T14:44:15.7414841Z  * [new tag]             v0.4.9                    -> v0.4.9
2025-07-01T14:44:15.7416397Z  * [new tag]             v0.4.9-rc.0               -> v0.4.9-rc.0
2025-07-01T14:44:15.7417997Z  * [new tag]             v0.4.9-rc.1               -> v0.4.9-rc.1
2025-07-01T14:44:15.7419294Z  * [new tag]             v0.4.9-rc.2               -> v0.4.9-rc.2
2025-07-01T14:44:15.7420854Z  * [new tag]             v0.5.0                    -> v0.5.0
2025-07-01T14:44:15.7422161Z  * [new tag]             v0.5.0-fuji               -> v0.5.0-fuji
2025-07-01T14:44:15.7423534Z  * [new tag]             v0.5.0-fuji-1             -> v0.5.0-fuji-1
2025-07-01T14:44:15.7424770Z  * [new tag]             v0.5.0-fuji-rc.0          -> v0.5.0-fuji-rc.0
2025-07-01T14:44:15.7426281Z  * [new tag]             v0.5.1                    -> v0.5.1
2025-07-01T14:44:15.7427902Z  * [new tag]             v0.5.1-warp-rc.0          -> v0.5.1-warp-rc.0
2025-07-01T14:44:15.7429117Z  * [new tag]             v0.5.10                   -> v0.5.10
2025-07-01T14:44:15.7430508Z  * [new tag]             v0.5.10-rc.0              -> v0.5.10-rc.0
2025-07-01T14:44:15.7432143Z  * [new tag]             v0.5.11                   -> v0.5.11
2025-07-01T14:44:15.7434343Z  * [new tag]             v0.5.11-rc.0              -> v0.5.11-rc.0
2025-07-01T14:44:15.7435126Z  * [new tag]             v0.5.11-rc.1              -> v0.5.11-rc.1
2025-07-01T14:44:15.7436592Z  * [new tag]             v0.5.2                    -> v0.5.2
2025-07-01T14:44:15.7438336Z  * [new tag]             v0.5.2-call-depth-metrics -> v0.5.2-call-depth-metrics
2025-07-01T14:44:15.7439482Z  * [new tag]             v0.5.2-rc.0               -> v0.5.2-rc.0
2025-07-01T14:44:15.7440835Z  * [new tag]             v0.5.2-warp-rc.0          -> v0.5.2-warp-rc.0
2025-07-01T14:44:15.7442266Z  * [new tag]             v0.5.3                    -> v0.5.3
2025-07-01T14:44:15.7443732Z  * [new tag]             v0.5.3-coreth-sync-rc     -> v0.5.3-coreth-sync-rc
2025-07-01T14:44:15.7445420Z  * [new tag]             v0.5.4                    -> v0.5.4
2025-07-01T14:44:15.7446936Z  * [new tag]             v0.5.4-rc.0               -> v0.5.4-rc.0
2025-07-01T14:44:15.7448185Z  * [new tag]             v0.5.4-rc.1               -> v0.5.4-rc.1
2025-07-01T14:44:15.7450050Z  * [new tag]             v0.5.4-rc.2               -> v0.5.4-rc.2
2025-07-01T14:44:15.7451194Z  * [new tag]             v0.5.5                    -> v0.5.5
2025-07-01T14:44:15.7452913Z  * [new tag]             v0.5.6                    -> v0.5.6
2025-07-01T14:44:15.7453995Z  * [new tag]             v0.5.6-fuji-warp          -> v0.5.6-fuji-warp
2025-07-01T14:44:15.7455697Z  * [new tag]             v0.5.7                    -> v0.5.7
2025-07-01T14:44:15.7457215Z  * [new tag]             v0.5.7-rc.0               -> v0.5.7-rc.0
2025-07-01T14:44:15.7458719Z  * [new tag]             v0.5.8                    -> v0.5.8
2025-07-01T14:44:15.7460359Z  * [new tag]             v0.5.8-rc.0               -> v0.5.8-rc.0
2025-07-01T14:44:15.7461696Z  * [new tag]             v0.5.8-rc.1               -> v0.5.8-rc.1
2025-07-01T14:44:15.7463369Z  * [new tag]             v0.5.8-rc.2               -> v0.5.8-rc.2
2025-07-01T14:44:15.7464948Z  * [new tag]             v0.5.9                    -> v0.5.9
2025-07-01T14:44:15.7466496Z  * [new tag]             v0.5.9-rc.0               -> v0.5.9-rc.0
2025-07-01T14:44:15.7468204Z  * [new tag]             v0.5.9-rc.1               -> v0.5.9-rc.1
2025-07-01T14:44:15.7469519Z  * [new tag]             v0.5.9-rc.2               -> v0.5.9-rc.2
2025-07-01T14:44:15.7471225Z  * [new tag]             v0.6.0                    -> v0.6.0
2025-07-01T14:44:15.7472296Z  * [new tag]             v0.6.0-fuji               -> v0.6.0-fuji
2025-07-01T14:44:15.7474076Z  * [new tag]             v0.6.1                    -> v0.6.1
2025-07-01T14:44:15.7475438Z  * [new tag]             v0.6.10                   -> v0.6.10
2025-07-01T14:44:15.7477108Z  * [new tag]             v0.6.10-rc.0              -> v0.6.10-rc.0
2025-07-01T14:44:15.7478741Z  * [new tag]             v0.6.11                   -> v0.6.11
2025-07-01T14:44:15.7479950Z  * [new tag]             v0.6.11-rc.0              -> v0.6.11-rc.0
2025-07-01T14:44:15.7481620Z  * [new tag]             v0.6.12                   -> v0.6.12
2025-07-01T14:44:15.7482849Z  * [new tag]             v0.6.12-fuji-example      -> v0.6.12-fuji-example
2025-07-01T14:44:15.7484297Z  * [new tag]             v0.6.12-rc.0              -> v0.6.12-rc.0
2025-07-01T14:44:15.7486134Z  * [new tag]             v0.6.12-rc.1              -> v0.6.12-rc.1
2025-07-01T14:44:15.7487723Z  * [new tag]             v0.6.2                    -> v0.6.2
2025-07-01T14:44:15.7489396Z  * [new tag]             v0.6.3                    -> v0.6.3
2025-07-01T14:44:15.7490799Z  * [new tag]             v0.6.3-rc.0               -> v0.6.3-rc.0
2025-07-01T14:44:15.7492524Z  * [new tag]             v0.6.4                    -> v0.6.4
2025-07-01T14:44:15.7493922Z  * [new tag]             v0.6.4-rc.0               -> v0.6.4-rc.0
2025-07-01T14:44:15.7495715Z  * [new tag]             v0.6.4-rc.1               -> v0.6.4-rc.1
2025-07-01T14:44:15.7497134Z  * [new tag]             v0.6.4-rc.2               -> v0.6.4-rc.2
2025-07-01T14:44:15.7498822Z  * [new tag]             v0.6.5                    -> v0.6.5
2025-07-01T14:44:15.7500265Z  * [new tag]             v0.6.5-geth-1.13.8        -> v0.6.5-geth-1.13.8
2025-07-01T14:44:15.7501557Z  * [new tag]             v0.6.5-rc.0               -> v0.6.5-rc.0
2025-07-01T14:44:15.7503461Z  * [new tag]             v0.6.5-rc.1               -> v0.6.5-rc.1
2025-07-01T14:44:15.7504771Z  * [new tag]             v0.6.6                    -> v0.6.6
2025-07-01T14:44:15.7506753Z  * [new tag]             v0.6.6-rc.0               -> v0.6.6-rc.0
2025-07-01T14:44:15.7508420Z  * [new tag]             v0.6.7                    -> v0.6.7
2025-07-01T14:44:15.7510225Z  * [new tag]             v0.6.7-rc.0               -> v0.6.7-rc.0
2025-07-01T14:44:15.7511779Z  * [new tag]             v0.6.8                    -> v0.6.8
2025-07-01T14:44:15.7513397Z  * [new tag]             v0.6.8-acp-118-handlers   -> v0.6.8-acp-118-handlers
2025-07-01T14:44:15.7514866Z  * [new tag]             v0.6.8-geth-v1.13.14      -> v0.6.8-geth-v1.13.14
2025-07-01T14:44:15.7516730Z  * [new tag]             v0.6.8-rc.0               -> v0.6.8-rc.0
2025-07-01T14:44:15.7517896Z  * [new tag]             v0.6.8-rc.1               -> v0.6.8-rc.1
2025-07-01T14:44:15.7519680Z  * [new tag]             v0.6.8-rc.2               -> v0.6.8-rc.2
2025-07-01T14:44:15.7520805Z  * [new tag]             v0.6.8-rc.3               -> v0.6.8-rc.3
2025-07-01T14:44:15.7522627Z  * [new tag]             v0.6.8-status-removal     -> v0.6.8-status-removal
2025-07-01T14:44:15.7523924Z  * [new tag]             v0.6.9                    -> v0.6.9
2025-07-01T14:44:15.7525665Z  * [new tag]             v0.6.9-rc.0               -> v0.6.9-rc.0
2025-07-01T14:44:15.7527641Z  * [new tag]             v0.7.0                    -> v0.7.0
2025-07-01T14:44:15.7528735Z  * [new tag]             v0.7.0-rc.0               -> v0.7.0-rc.0
2025-07-01T14:44:15.7530528Z  * [new tag]             v0.7.1                    -> v0.7.1
2025-07-01T14:44:15.7531901Z  * [new tag]             v0.7.1-rc.0               -> v0.7.1-rc.0
2025-07-01T14:44:15.7533672Z  * [new tag]             v0.7.1-rc.1               -> v0.7.1-rc.1
2025-07-01T14:44:15.7534869Z  * [new tag]             v0.7.1-rc.2               -> v0.7.1-rc.2
2025-07-01T14:44:15.7536747Z  * [new tag]             v0.7.2                    -> v0.7.2
2025-07-01T14:44:15.7538077Z  * [new tag]             v0.7.2-fuji               -> v0.7.2-fuji
2025-07-01T14:44:15.7539431Z  * [new tag]             v0.7.2-rc.0               -> v0.7.2-rc.0
2025-07-01T14:44:15.7541254Z  * [new tag]             v0.7.3                    -> v0.7.3
2025-07-01T14:44:15.7542484Z  * [new tag]             v0.7.3-rc.0               -> v0.7.3-rc.0
2025-07-01T14:44:15.7544227Z  * [new tag]             v0.7.4                    -> v0.7.4
2025-07-01T14:44:15.7545485Z  * [new tag]             v0.7.4-rc.0               -> v0.7.4-rc.0
2025-07-01T14:44:15.7547009Z  * [new tag]             v0.7.5                    -> v0.7.5
2025-07-01T14:44:15.7548574Z  * [new tag]             v0.7.5-rc.0               -> v0.7.5-rc.0
2025-07-01T14:44:15.7551873Z  * [new ref]             c46a4f11ecd55a5ab361920393adf5859e0dc097 -> pull/1610/merge
2025-07-01T14:44:15.7635863Z ##[endgroup]
2025-07-01T14:44:15.7637435Z ##[group]Determining the checkout info
2025-07-01T14:44:15.7637895Z ##[endgroup]
2025-07-01T14:44:15.7643063Z [command]/usr/bin/git sparse-checkout disable
2025-07-01T14:44:15.7682004Z [command]/usr/bin/git config --local --unset-all extensions.worktreeConfig
2025-07-01T14:44:15.7709313Z ##[group]Checking out the ref
2025-07-01T14:44:15.7713619Z [command]/usr/bin/git checkout --progress --force refs/remotes/pull/1610/merge
2025-07-01T14:44:15.8569696Z Note: switching to 'refs/remotes/pull/1610/merge'.
2025-07-01T14:44:15.8570239Z 
2025-07-01T14:44:15.8570635Z You are in 'detached HEAD' state. You can look around, make experimental
2025-07-01T14:44:15.8571270Z changes and commit them, and you can discard any commits you make in this
2025-07-01T14:44:15.8571836Z state without impacting any branches by switching back to a branch.
2025-07-01T14:44:15.8572159Z 
2025-07-01T14:44:15.8572406Z If you want to create a new branch to retain commits you create, you may
2025-07-01T14:44:15.8572933Z do so (now or later) by using -c with the switch command. Example:
2025-07-01T14:44:15.8573232Z 
2025-07-01T14:44:15.8573356Z   git switch -c <new-branch-name>
2025-07-01T14:44:15.8573575Z 
2025-07-01T14:44:15.8573689Z Or undo this operation with:
2025-07-01T14:44:15.8573877Z 
2025-07-01T14:44:15.8573981Z   git switch -
2025-07-01T14:44:15.8574141Z 
2025-07-01T14:44:15.8574389Z Turn off this advice by setting config variable advice.detachedHead to false
2025-07-01T14:44:15.8574743Z 
2025-07-01T14:44:15.8575165Z HEAD is now at c46a4f11e Merge a1ed580b94027b41ba19c24c1ea7f04bfdb27307 into 7abb4c64d7a8a26513a93cd55d800f61e867ffe3
2025-07-01T14:44:15.8588603Z ##[endgroup]
2025-07-01T14:44:15.8627605Z [command]/usr/bin/git log -1 --format=%H
2025-07-01T14:44:15.8650343Z c46a4f11ecd55a5ab361920393adf5859e0dc097
2025-07-01T14:44:15.8855522Z ##[group]Run actions/setup-go@v5
2025-07-01T14:44:15.8855772Z with:
2025-07-01T14:44:15.8855945Z   go-version-file: go.mod
2025-07-01T14:44:15.8856615Z   check-latest: false
2025-07-01T14:44:15.8856969Z   token: ***
2025-07-01T14:44:15.8857145Z   cache: true
2025-07-01T14:44:15.8857310Z ##[endgroup]
2025-07-01T14:44:16.0427262Z Setup go version spec 1.23.9
2025-07-01T14:44:16.0438554Z Attempting to download 1.23.9...
2025-07-01T14:44:16.2995231Z matching 1.23.9...
2025-07-01T14:44:16.3033978Z Acquiring 1.23.9 from https://github.com/actions/go-versions/releases/download/1.23.9-14875265214/go-1.23.9-linux-x64.tar.gz
2025-07-01T14:44:16.8480657Z Extracting Go...
2025-07-01T14:44:16.8591426Z [command]/usr/bin/tar xz --warning=no-unknown-keyword --overwrite -C /home/runner/work/_temp/0e20a3da-597b-423f-96e3-c3e50886380d -f /home/runner/work/_temp/4a50760f-15bb-44a6-baf7-00e637a38256
2025-07-01T14:44:18.5191000Z Successfully extracted go to /home/runner/work/_temp/0e20a3da-597b-423f-96e3-c3e50886380d
2025-07-01T14:44:18.5191461Z Adding to the cache ...
2025-07-01T14:44:22.7410713Z Successfully cached go to /opt/hostedtoolcache/go/1.23.9/x64
2025-07-01T14:44:22.7413070Z Added go to the path
2025-07-01T14:44:22.7416517Z Successfully set up Go version 1.23.9
2025-07-01T14:44:22.7621836Z [command]/opt/hostedtoolcache/go/1.23.9/x64/bin/go env GOMODCACHE
2025-07-01T14:44:22.7657030Z [command]/opt/hostedtoolcache/go/1.23.9/x64/bin/go env GOCACHE
2025-07-01T14:44:22.7691110Z /home/runner/go/pkg/mod
2025-07-01T14:44:22.7706451Z /home/runner/.cache/go-build
2025-07-01T14:44:22.8320217Z Cache hit for: setup-go-Linux-x64-ubuntu24-go-1.23.9-8a5f6b0ec156c644c456755461212fdb4b5f31e3982b840cb9a5e30f16f98494
2025-07-01T14:44:22.8884979Z Received 9896 of 9896 (100.0%), 0.7 MBs/sec
2025-07-01T14:44:22.8885553Z Cache Size: ~0 MB (9896 B)
2025-07-01T14:44:22.8912226Z [command]/usr/bin/tar -xf /home/runner/work/_temp/a6ffc6a7-2135-4679-a004-c1955e64699c/cache.tzst -P -C /home/runner/work/subnet-evm/subnet-evm --use-compress-program unzstd
2025-07-01T14:44:22.9112469Z Cache restored successfully
2025-07-01T14:44:22.9117738Z Cache restored from key: setup-go-Linux-x64-ubuntu24-go-1.23.9-8a5f6b0ec156c644c456755461212fdb4b5f31e3982b840cb9a5e30f16f98494
2025-07-01T14:44:22.9141023Z go version go1.23.9 linux/amd64
2025-07-01T14:44:22.9141317Z 
2025-07-01T14:44:22.9141747Z ##[group]go env
2025-07-01T14:44:22.9618263Z GO111MODULE=''
2025-07-01T14:44:22.9618921Z GOARCH='amd64'
2025-07-01T14:44:22.9619218Z GOBIN=''
2025-07-01T14:44:22.9619628Z GOCACHE='/home/runner/.cache/go-build'
2025-07-01T14:44:22.9620081Z GOENV='/home/runner/.config/go/env'
2025-07-01T14:44:22.9620465Z GOEXE=''
2025-07-01T14:44:22.9620745Z GOEXPERIMENT=''
2025-07-01T14:44:22.9621093Z GOFLAGS=''
2025-07-01T14:44:22.9621372Z GOHOSTARCH='amd64'
2025-07-01T14:44:22.9621672Z GOHOSTOS='linux'
2025-07-01T14:44:22.9621975Z GOINSECURE=''
2025-07-01T14:44:22.9622300Z GOMODCACHE='/home/runner/go/pkg/mod'
2025-07-01T14:44:22.9622691Z GONOPROXY=''
2025-07-01T14:44:22.9622991Z GONOSUMDB=''
2025-07-01T14:44:22.9623263Z GOOS='linux'
2025-07-01T14:44:22.9623550Z GOPATH='/home/runner/go'
2025-07-01T14:44:22.9623880Z GOPRIVATE=''
2025-07-01T14:44:22.9624258Z GOPROXY='https://proxy.golang.org,direct'
2025-07-01T14:44:22.9624736Z GOROOT='/opt/hostedtoolcache/go/1.23.9/x64'
2025-07-01T14:44:22.9625159Z GOSUMDB='sum.golang.org'
2025-07-01T14:44:22.9625493Z GOTMPDIR=''
2025-07-01T14:44:22.9625776Z GOTOOLCHAIN='auto'
2025-07-01T14:44:22.9626496Z GOTOOLDIR='/opt/hostedtoolcache/go/1.23.9/x64/pkg/tool/linux_amd64'
2025-07-01T14:44:22.9627038Z GOVCS=''
2025-07-01T14:44:22.9627430Z GOVERSION='go1.23.9'
2025-07-01T14:44:22.9627720Z GODEBUG=''
2025-07-01T14:44:22.9627993Z GOTELEMETRY='local'
2025-07-01T14:44:22.9628387Z GOTELEMETRYDIR='/home/runner/.config/go/telemetry'
2025-07-01T14:44:22.9628857Z GCCGO='gccgo'
2025-07-01T14:44:22.9629128Z GOAMD64='v1'
2025-07-01T14:44:22.9629392Z AR='ar'
2025-07-01T14:44:22.9629628Z CC='gcc'
2025-07-01T14:44:22.9629871Z CXX='g++'
2025-07-01T14:44:22.9630505Z CGO_ENABLED='1'
2025-07-01T14:44:22.9630926Z GOMOD='/home/runner/work/subnet-evm/subnet-evm/go.mod'
2025-07-01T14:44:22.9631360Z GOWORK=''
2025-07-01T14:44:22.9631834Z CGO_CFLAGS='-O2 -g'
2025-07-01T14:44:22.9632118Z CGO_CPPFLAGS=''
2025-07-01T14:44:22.9632407Z CGO_CXXFLAGS='-O2 -g'
2025-07-01T14:44:22.9632707Z CGO_FFLAGS='-O2 -g'
2025-07-01T14:44:22.9632990Z CGO_LDFLAGS='-O2 -g'
2025-07-01T14:44:22.9633306Z PKG_CONFIG='pkg-config'
2025-07-01T14:44:22.9634341Z GOGCCFLAGS='-fPIC -m64 -pthread -Wl,--no-gc-sections -fmessage-length=0 -ffile-prefix-map=/tmp/go-build2253029339=/tmp/go-build -gno-record-gcc-switches'
2025-07-01T14:44:22.9635180Z 
2025-07-01T14:44:22.9635591Z ##[endgroup]
2025-07-01T14:44:22.9838467Z ##[group]Run actions/setup-node@v4
2025-07-01T14:44:22.9838737Z with:
2025-07-01T14:44:22.9838910Z   node-version: 20.13
2025-07-01T14:44:22.9839111Z   always-auth: false
2025-07-01T14:44:22.9839307Z   check-latest: false
2025-07-01T14:44:22.9839634Z   token: ***
2025-07-01T14:44:22.9839813Z ##[endgroup]
2025-07-01T14:44:23.2023931Z Attempting to download 20.13...
2025-07-01T14:44:23.5167356Z Acquiring 20.13.1 - x64 from https://github.com/actions/node-versions/releases/download/20.13.1-9021092103/node-20.13.1-linux-x64.tar.gz
2025-07-01T14:44:23.9282724Z Extracting ...
2025-07-01T14:44:23.9393774Z [command]/usr/bin/tar xz --strip 1 --warning=no-unknown-keyword --overwrite -C /home/runner/work/_temp/f29582a6-7d29-4e1e-b857-cc3ed96932e7 -f /home/runner/work/_temp/16f310a3-7e97-4512-b3fb-9c5eebb37d8a
2025-07-01T14:44:24.9979539Z Adding to the cache ...
2025-07-01T14:44:26.6482432Z ##[group]Environment details
2025-07-01T14:44:26.8687716Z node: v20.13.1
2025-07-01T14:44:26.8688037Z npm: 10.5.2
2025-07-01T14:44:26.8688573Z yarn: 1.22.22
2025-07-01T14:44:26.8689578Z ##[endgroup]
2025-07-01T14:44:26.8839096Z ##[group]Run npm ci
2025-07-01T14:44:26.8839377Z [36;1mnpm ci[0m
2025-07-01T14:44:26.8927948Z shell: /usr/bin/bash -e {0}
2025-07-01T14:44:26.8928198Z ##[endgroup]
2025-07-01T14:44:29.0394296Z npm WARN deprecated rimraf@2.7.1: Rimraf versions prior to v4 are no longer supported
2025-07-01T14:44:29.5049025Z npm WARN deprecated inflight@1.0.6: This module is not supported, and leaks memory. Do not use it. Check out lru-cache if you want a good and tested way to coalesce async requests by a key value, which is much more comprehensive and powerful.
2025-07-01T14:44:29.5502146Z npm WARN deprecated glob@7.2.0: Glob versions prior to v9 are no longer supported
2025-07-01T14:44:30.9664726Z npm WARN deprecated glob@7.1.7: Glob versions prior to v9 are no longer supported
2025-07-01T14:44:31.1757778Z npm WARN deprecated glob@5.0.15: Glob versions prior to v9 are no longer supported
2025-07-01T14:44:31.2188229Z npm WARN deprecated glob@8.1.0: Glob versions prior to v9 are no longer supported
2025-07-01T14:44:34.8583924Z 
2025-07-01T14:44:34.8584626Z > @avalabs/subnet-evm-contracts@1.2.2 prepublish
2025-07-01T14:44:34.8585176Z > npm run build
2025-07-01T14:44:34.8585384Z 
2025-07-01T14:44:34.9850134Z 
2025-07-01T14:44:34.9850852Z > @avalabs/subnet-evm-contracts@1.2.2 build
2025-07-01T14:44:34.9851766Z > rm -rf dist/ && npx hardhat compile && npx tsc -b
2025-07-01T14:44:34.9852166Z 
2025-07-01T14:44:36.1219638Z Downloading compiler 0.8.24
2025-07-01T14:44:37.5940797Z Generating typings for: 27 artifacts in dir: typechain-types for target: ethers-v6
2025-07-01T14:44:38.9014190Z Successfully generated 78 typings!
2025-07-01T14:44:38.9051069Z Compiled 24 Solidity files successfully (evm target: shanghai).
2025-07-01T14:44:41.5744864Z 
2025-07-01T14:44:41.5747469Z added 587 packages, and audited 588 packages in 15s
2025-07-01T14:44:41.5747750Z 
2025-07-01T14:44:41.5747931Z 97 packages are looking for funding
2025-07-01T14:44:41.5748247Z   run `npm fund` for details
2025-07-01T14:44:41.5935226Z 
2025-07-01T14:44:41.5935851Z 25 vulnerabilities (15 low, 3 moderate, 5 high, 2 critical)
2025-07-01T14:44:41.5936465Z 
2025-07-01T14:44:41.5936765Z To address issues that do not require attention, run:
2025-07-01T14:44:41.5937104Z   npm audit fix
2025-07-01T14:44:41.5937235Z 
2025-07-01T14:44:41.5937433Z Some issues need review, and may require choosing
2025-07-01T14:44:41.5937778Z a different dependency.
2025-07-01T14:44:41.5938198Z 
2025-07-01T14:44:41.5938331Z Run `npm audit` for details.
2025-07-01T14:44:41.6252058Z ##[group]Run npx hardhat clean
2025-07-01T14:44:41.6252361Z [36;1mnpx hardhat clean[0m
2025-07-01T14:44:41.6311572Z shell: /usr/bin/bash -e {0}
2025-07-01T14:44:41.6311839Z ##[endgroup]
2025-07-01T14:44:42.5890527Z ##[group]Run npx hardhat compile
2025-07-01T14:44:42.5890842Z [36;1mnpx hardhat compile[0m
2025-07-01T14:44:42.5949070Z shell: /usr/bin/bash -e {0}
2025-07-01T14:44:42.5949317Z ##[endgroup]
2025-07-01T14:44:44.2730446Z Generating typings for: 27 artifacts in dir: typechain-types for target: ethers-v6
2025-07-01T14:44:45.5373918Z Successfully generated 78 typings!
2025-07-01T14:44:45.5387443Z Compiled 24 Solidity files successfully (evm target: shanghai).
2025-07-01T14:44:45.5844323Z ##[group]Run ava-labs/avalanchego/.github/actions/run-monitored-tmpnet-cmd@092cf182dd92b66a8ab882b657d3ae52b174c913
2025-07-01T14:44:45.5844867Z with:
2025-07-01T14:44:45.5845083Z   run: ./scripts/run_task.sh test-e2e-warp-ci
2025-07-01T14:44:45.5845366Z   artifact_prefix: warp
2025-07-01T14:44:45.5845836Z   prometheus_username: ***
2025-07-01T14:44:45.5846360Z   prometheus_password: ***
2025-07-01T14:44:45.5846593Z   loki_username: ***
2025-07-01T14:44:45.5846867Z   loki_password: ***
2025-07-01T14:44:45.5847053Z   runtime: process
2025-07-01T14:44:45.5847248Z   repository_owner: ava-labs
2025-07-01T14:44:45.5847470Z   repository_name: subnet-evm
2025-07-01T14:44:45.5847682Z   workflow: Tests
2025-07-01T14:44:45.5847865Z   run_id: 16002582210
2025-07-01T14:44:45.5848049Z   run_number: 2076
2025-07-01T14:44:45.5848228Z   run_attempt: 1
2025-07-01T14:44:45.5848405Z   job: e2e_warp
2025-07-01T14:44:45.5848581Z ##[endgroup]
2025-07-01T14:44:45.5937664Z ##[group]Run cachix/install-nix-action@02a151ada4993995686f9ed4f1be7cfbb229e56f
2025-07-01T14:44:45.5938029Z with:
2025-07-01T14:44:45.5938203Z   enable_kvm: true
2025-07-01T14:44:45.5938389Z ##[endgroup]
2025-07-01T14:44:45.5958827Z ##[group]Run ${GITHUB_ACTION_PATH}/install-nix.sh
2025-07-01T14:44:45.5959181Z [36;1m${GITHUB_ACTION_PATH}/install-nix.sh[0m
2025-07-01T14:44:45.6018273Z shell: /usr/bin/bash --noprofile --norc -e -o pipefail {0}
2025-07-01T14:44:45.6018596Z env:
2025-07-01T14:44:45.6018777Z   INPUT_EXTRA_NIX_CONFIG: 
2025-07-01T14:44:45.6018997Z   INPUT_GITHUB_ACCESS_TOKEN: 
2025-07-01T14:44:45.6019221Z   INPUT_INSTALL_OPTIONS: 
2025-07-01T14:44:45.6019432Z   INPUT_INSTALL_URL: 
2025-07-01T14:44:45.6019621Z   INPUT_NIX_PATH: 
2025-07-01T14:44:45.6019810Z   INPUT_ENABLE_KVM: true
2025-07-01T14:44:45.6020184Z   GITHUB_TOKEN: ***
2025-07-01T14:44:45.6020379Z ##[endgroup]
2025-07-01T14:44:45.6120513Z ##[group]Enabling KVM support
2025-07-01T14:44:45.6187545Z KERNEL=="kvm", GROUP="kvm", MODE="0666", OPTIONS+="static_node=kvm"
2025-07-01T14:44:45.6484000Z Enabled KVM
2025-07-01T14:44:45.6484617Z ##[endgroup]
2025-07-01T14:44:45.6499470Z ##[group]Installing Nix
2025-07-01T14:44:45.6769706Z installer options: --no-channel-add --darwin-use-unencrypted-nix-store-volume --nix-extra-conf-file /tmp/tmp.UXRlsEVnXV/nix.conf --daemon --daemon-user-count 8
2025-07-01T14:44:45.8021105Z * Host releases.nixos.org:443 was resolved.
2025-07-01T14:44:45.8021781Z * IPv6: 2a04:4e42:77::729
2025-07-01T14:44:45.8022205Z * IPv4: 146.75.30.217
2025-07-01T14:44:45.8022644Z *   Trying 146.75.30.217:443...
2025-07-01T14:44:45.8072760Z * Connected to releases.nixos.org (146.75.30.217) port 443
2025-07-01T14:44:45.8094010Z * ALPN: curl offers h2,http/1.1
2025-07-01T14:44:45.8095798Z } [5 bytes data]
2025-07-01T14:44:45.8096517Z * TLSv1.3 (OUT), TLS handshake, Client hello (1):
2025-07-01T14:44:45.8097064Z } [512 bytes data]
2025-07-01T14:44:45.8391946Z *  CAfile: /etc/ssl/certs/ca-certificates.crt
2025-07-01T14:44:45.8392543Z *  CApath: /etc/ssl/certs
2025-07-01T14:44:45.8392982Z { [5 bytes data]
2025-07-01T14:44:45.8393552Z * TLSv1.3 (IN), TLS handshake, Server hello (2):
2025-07-01T14:44:45.8394126Z { [104 bytes data]
2025-07-01T14:44:45.8394684Z * TLSv1.2 (IN), TLS handshake, Certificate (11):
2025-07-01T14:44:45.8395586Z { [2827 bytes data]
2025-07-01T14:44:45.8398434Z * TLSv1.2 (IN), TLS handshake, Server key exchange (12):
2025-07-01T14:44:45.8399051Z { [300 bytes data]
2025-07-01T14:44:45.8399604Z * TLSv1.2 (IN), TLS handshake, Server finished (14):
2025-07-01T14:44:45.8400101Z { [4 bytes data]
2025-07-01T14:44:45.8402833Z * TLSv1.2 (OUT), TLS handshake, Client key exchange (16):
2025-07-01T14:44:45.8403414Z } [37 bytes data]
2025-07-01T14:44:45.8404014Z * TLSv1.2 (OUT), TLS change cipher, Change cipher spec (1):
2025-07-01T14:44:45.8404561Z } [1 bytes data]
2025-07-01T14:44:45.8405094Z * TLSv1.2 (OUT), TLS handshake, Finished (20):
2025-07-01T14:44:45.8405601Z } [16 bytes data]
2025-07-01T14:44:45.8454165Z * TLSv1.2 (IN), TLS handshake, Finished (20):
2025-07-01T14:44:45.8455230Z { [16 bytes data]
2025-07-01T14:44:45.8456367Z * SSL connection using TLSv1.2 / ECDHE-RSA-CHACHA20-POLY1305 / X25519 / RSASSA-PSS
2025-07-01T14:44:45.8457198Z * ALPN: server accepted h2
2025-07-01T14:44:45.8457692Z * Server certificate:
2025-07-01T14:44:45.8458208Z *  subject: CN=releases.nixos.org
2025-07-01T14:44:45.8458823Z *  start date: Oct 11 20:56:16 2024 GMT
2025-07-01T14:44:45.8459436Z *  expire date: Nov 12 20:56:15 2025 GMT
2025-07-01T14:44:45.8460359Z *  subjectAltName: host "releases.nixos.org" matched cert's "releases.nixos.org"
2025-07-01T14:44:45.8461474Z *  issuer: C=BE; O=GlobalSign nv-sa; CN=GlobalSign Atlas R3 DV TLS CA 2024 Q4
2025-07-01T14:44:45.8462202Z *  SSL certificate verify ok.
2025-07-01T14:44:45.8463251Z *   Certificate level 0: Public key type RSA (2048/112 Bits/secBits), signed using sha256WithRSAEncryption
2025-07-01T14:44:45.8464658Z *   Certificate level 1: Public key type RSA (2048/112 Bits/secBits), signed using sha256WithRSAEncryption
2025-07-01T14:44:45.8466383Z *   Certificate level 2: Public key type RSA (2048/112 Bits/secBits), signed using sha256WithRSAEncryption
2025-07-01T14:44:45.8467237Z } [5 bytes data]
2025-07-01T14:44:45.8467605Z * using HTTP/2
2025-07-01T14:44:45.8468454Z * [HTTP/2] [1] OPENED stream for https://releases.nixos.org/nix/nix-2.26.3/install
2025-07-01T14:44:45.8469232Z * [HTTP/2] [1] [:method: GET]
2025-07-01T14:44:45.8469756Z * [HTTP/2] [1] [:scheme: https]
2025-07-01T14:44:45.8470376Z * [HTTP/2] [1] [:authority: releases.nixos.org]
2025-07-01T14:44:45.8471070Z * [HTTP/2] [1] [:path: /nix/nix-2.26.3/install]
2025-07-01T14:44:45.8471707Z * [HTTP/2] [1] [user-agent: curl/8.5.0]
2025-07-01T14:44:45.8472222Z * [HTTP/2] [1] [accept: */*]
2025-07-01T14:44:45.8472646Z } [5 bytes data]
2025-07-01T14:44:45.8473113Z > GET /nix/nix-2.26.3/install HTTP/2
2025-07-01T14:44:45.8473628Z > Host: releases.nixos.org
2025-07-01T14:44:45.8474084Z > User-Agent: curl/8.5.0
2025-07-01T14:44:45.8474464Z > Accept: */*
2025-07-01T14:44:45.8474778Z > 
2025-07-01T14:44:45.8508358Z { [5 bytes data]
2025-07-01T14:44:45.8530263Z < HTTP/2 200 
2025-07-01T14:44:45.8530849Z < last-modified: Wed, 05 Mar 2025 18:21:15 GMT
2025-07-01T14:44:45.8531540Z < etag: "c6753896884bce9b95ec3ca7be157ef6"
2025-07-01T14:44:45.8532204Z < x-amz-server-side-encryption: AES256
2025-07-01T14:44:45.8532751Z < content-type: text/plain
2025-07-01T14:44:45.8533188Z < server: AmazonS3
2025-07-01T14:44:45.8533649Z < via: 1.1 varnish, 1.1 varnish
2025-07-01T14:44:45.8534191Z < access-control-allow-origin: *
2025-07-01T14:44:45.8534671Z < accept-ranges: bytes
2025-07-01T14:44:45.8535166Z < date: Tue, 01 Jul 2025 14:44:45 GMT
2025-07-01T14:44:45.8535602Z < age: 83301
2025-07-01T14:44:45.8536429Z < x-served-by: cache-dub4357-DUB, cache-iad-kiad7000058-IAD
2025-07-01T14:44:45.8537044Z < x-cache: HIT, HIT
2025-07-01T14:44:45.8537419Z < x-cache-hits: 3, 1
2025-07-01T14:44:45.8537809Z < content-length: 4267
2025-07-01T14:44:45.8538173Z < 
2025-07-01T14:44:45.8538499Z { [4267 bytes data]
2025-07-01T14:44:45.8539093Z * Connection #0 to host releases.nixos.org left intact
2025-07-01T14:44:45.8603677Z downloading Nix 2.26.3 binary tarball for x86_64-linux from 'https://releases.nixos.org/nix/nix-2.26.3/nix-2.26.3-x86_64-linux.tar.xz' to '/tmp/nix-binary-tarball-unpack.V1phkECpdd'...
2025-07-01T14:44:45.8649354Z   % Total    % Received % Xferd  Average Speed   Time    Time     Time  Current
2025-07-01T14:44:45.8651328Z                                  Dload  Upload   Total   Spent    Left  Speed
2025-07-01T14:44:45.8652559Z 
2025-07-01T14:44:46.0033262Z   0     0    0     0    0     0      0      0 --:--:-- --:--:-- --:--:--     0
2025-07-01T14:44:46.0033971Z 100 22.6M  100 22.6M    0     0   163M      0 --:--:-- --:--:-- --:--:--  164M
2025-07-01T14:44:47.5869845Z Note: a multi-user installation is possible. See https://nixos.org/manual/nix/stable/installation/installing-binary.html#multi-user-installation
2025-07-01T14:44:47.5879326Z Warning: the flag --darwin-use-unencrypted-nix-store-volume
2025-07-01T14:44:47.5880735Z          is no longer needed and will be removed in the future.
2025-07-01T14:44:47.5881182Z 
2025-07-01T14:44:47.5890928Z [1;31mSwitching to the Multi-user Installer[0m
2025-07-01T14:44:47.5991361Z [32mWelcome to the Multi-User Nix Installation
2025-07-01T14:44:47.6000977Z [0m
2025-07-01T14:44:47.6001644Z This installation tool will set up your computer with the Nix package
2025-07-01T14:44:47.6002616Z manager. This will happen in a few stages:
2025-07-01T14:44:47.6002950Z 
2025-07-01T14:44:47.6003434Z 1. Make sure your computer doesn't already have Nix. If it does, I
2025-07-01T14:44:47.6004391Z    will show you instructions on how to clean up your old install.
2025-07-01T14:44:47.6004823Z 
2025-07-01T14:44:47.6005289Z 2. Show you what I am going to install and where. Then I will ask
2025-07-01T14:44:47.6005962Z    if you are ready to continue.
2025-07-01T14:44:47.6006404Z 
2025-07-01T14:44:47.6007176Z 3. Create the system users [34m(uids [30001..30008])[0m and groups [34m(gid 30000)[0m
2025-07-01T14:44:47.6008117Z    that the Nix daemon uses to run builds. To create system users
2025-07-01T14:44:47.6008894Z    in a different range, exit and run this tool again with
2025-07-01T14:44:47.6009266Z    NIX_FIRST_BUILD_UID set.
2025-07-01T14:44:47.6009431Z 
2025-07-01T14:44:47.6009665Z 4. Perform the basic installation of the Nix files daemon.
2025-07-01T14:44:47.6009901Z 
2025-07-01T14:44:47.6010179Z 5. Configure your shell to import special Nix Profile files, so you
2025-07-01T14:44:47.6010540Z    can use Nix.
2025-07-01T14:44:47.6010653Z 
2025-07-01T14:44:47.6010769Z 6. Start the Nix daemon.
2025-07-01T14:44:47.6010906Z 
2025-07-01T14:44:47.6011256Z [32m[4;32mWould you like to see a more detailed list of what I will do?
2025-07-01T14:44:47.6011718Z [0mNo TTY, assuming you would say yes :)
2025-07-01T14:44:47.6015192Z 
2025-07-01T14:44:47.6015494Z I will:
2025-07-01T14:44:47.6015674Z 
2025-07-01T14:44:47.6016181Z  - make sure your computer doesn't already have Nix files
2025-07-01T14:44:47.6016850Z    (if it does, I will tell you how to clean them up.)
2025-07-01T14:44:47.6017298Z  - create local users (see the list above for the users I'll make)
2025-07-01T14:44:47.6017672Z  - create a local group (nixbld)
2025-07-01T14:44:47.6018093Z  - install Nix in /nix
2025-07-01T14:44:47.6018376Z  - create a configuration file in /etc/nix
2025-07-01T14:44:47.6018800Z  - set up the "default profile" by creating some Nix-related files in
2025-07-01T14:44:47.6019144Z    /root
2025-07-01T14:44:47.6030608Z  - back up /etc/bash.bashrc to /etc/bash.bashrc.backup-before-nix
2025-07-01T14:44:47.6031537Z  - update /etc/bash.bashrc to include some Nix configuration
2025-07-01T14:44:47.6043546Z  - load and start a service (at /etc/systemd/system/nix-daemon.service
2025-07-01T14:44:47.6044329Z    and /etc/systemd/system/nix-daemon.socket) for nix-daemon
2025-07-01T14:44:47.6044579Z 
2025-07-01T14:44:47.6045512Z [32m[4;32mReady to continue?
2025-07-01T14:44:47.6046382Z [0mNo TTY, assuming you would say yes :)
2025-07-01T14:44:47.6068091Z 
2025-07-01T14:44:47.6069036Z [34m---- let's talk about sudo -----------------------------------------------------
2025-07-01T14:44:47.6078550Z [0mThis script is going to call sudo a lot. Normally, it would show you
2025-07-01T14:44:47.6079547Z exactly what commands it is running and why. However, the script is
2025-07-01T14:44:47.6080256Z run in a headless fashion, like this:
2025-07-01T14:44:47.6080563Z 
2025-07-01T14:44:47.6080894Z   $ curl -L https://nixos.org/nix/install | sh
2025-07-01T14:44:47.6081239Z 
2025-07-01T14:44:47.6081682Z or maybe in a CI pipeline. Because of that, I'm going to skip the
2025-07-01T14:44:47.6082398Z verbose output in the interest of brevity.
2025-07-01T14:44:47.6082721Z 
2025-07-01T14:44:47.6082890Z If you would like to
2025-07-01T14:44:47.6083152Z see the output, try like this:
2025-07-01T14:44:47.6083305Z 
2025-07-01T14:44:47.6083544Z   $ curl -L -o install-nix https://nixos.org/nix/install
2025-07-01T14:44:47.6083868Z   $ sh ./install-nix
2025-07-01T14:44:47.6084174Z 
2025-07-01T14:44:47.6084192Z 
2025-07-01T14:44:47.6084490Z [32m~~> Checking for artifacts of previous installs
2025-07-01T14:44:47.6091331Z [0mBefore I try to install, I'll check for signs Nix already is or has
2025-07-01T14:44:47.6091909Z been installed on this system.
2025-07-01T14:44:47.6123579Z 
2025-07-01T14:44:47.6124553Z [34m---- Nix config report ---------------------------------------------------------
2025-07-01T14:44:47.6125535Z [0m[1m        Temp Dir[0m:	/tmp/tmp.IkgrRPlF4r
2025-07-01T14:44:47.6126310Z [1m        Nix Root[0m:	/nix
2025-07-01T14:44:47.6126804Z [1m     Build Users[0m:	8
2025-07-01T14:44:47.6127318Z [1m  Build Group ID[0m:	30000
2025-07-01T14:44:47.6127844Z [1mBuild Group Name[0m:	nixbld
2025-07-01T14:44:47.6128121Z 
2025-07-01T14:44:47.6128333Z [4;34mbuild users:
2025-07-01T14:44:47.6128754Z [0m[1m    Username[0m:	UID
2025-07-01T14:44:47.6154708Z [1m     nixbld1[0m:	30001
2025-07-01T14:44:47.6164686Z [1m     nixbld2[0m:	30002
2025-07-01T14:44:47.6174854Z [1m     nixbld3[0m:	30003
2025-07-01T14:44:47.6184533Z [1m     nixbld4[0m:	30004
2025-07-01T14:44:47.6194240Z [1m     nixbld5[0m:	30005
2025-07-01T14:44:47.6204259Z [1m     nixbld6[0m:	30006
2025-07-01T14:44:47.6213823Z [1m     nixbld7[0m:	30007
2025-07-01T14:44:47.6223488Z [1m     nixbld8[0m:	30008
2025-07-01T14:44:47.6223749Z 
2025-07-01T14:44:47.6224059Z [32m[4;32mReady to continue?
2025-07-01T14:44:47.6224663Z [0mNo TTY, assuming you would say yes :)
2025-07-01T14:44:47.6224978Z 
2025-07-01T14:44:47.6225323Z [32m~~> Setting up the build group nixbld
2025-07-01T14:44:47.6868843Z [0m[1m            Created[0m:	Yes
2025-07-01T14:44:47.6890884Z 
2025-07-01T14:44:47.6891445Z [32m~~> Setting up the build user nixbld1
2025-07-01T14:44:47.7045447Z useradd warning: nixbld1's uid 30001 is greater than SYS_UID_MAX 999
2025-07-01T14:44:47.7142060Z [0m[1m           Created[0m:	Yes
2025-07-01T14:44:47.7147349Z [1m            Hidden[0m:	Yes
2025-07-01T14:44:47.7165019Z [1m    Home Directory[0m:	/var/empty
2025-07-01T14:44:47.7184824Z [1m              Note[0m:	Nix build user 1
2025-07-01T14:44:47.7202188Z [1m   Logins Disabled[0m:	Yes
2025-07-01T14:44:47.7222552Z [1m  Member of nixbld[0m:	Yes
2025-07-01T14:44:47.7240182Z [1m    PrimaryGroupID[0m:	30000
2025-07-01T14:44:47.7250477Z 
2025-07-01T14:44:47.7251004Z [32m~~> Setting up the build user nixbld2
2025-07-01T14:44:47.7381887Z useradd warning: nixbld2's uid 30002 is greater than SYS_UID_MAX 999
2025-07-01T14:44:47.7470591Z [0m[1m           Created[0m:	Yes
2025-07-01T14:44:47.7476203Z [1m            Hidden[0m:	Yes
2025-07-01T14:44:47.7494208Z [1m    Home Directory[0m:	/var/empty
2025-07-01T14:44:47.7514644Z [1m              Note[0m:	Nix build user 2
2025-07-01T14:44:47.7532714Z [1m   Logins Disabled[0m:	Yes
2025-07-01T14:44:47.7551136Z [1m  Member of nixbld[0m:	Yes
2025-07-01T14:44:47.7569367Z [1m    PrimaryGroupID[0m:	30000
2025-07-01T14:44:47.7579775Z 
2025-07-01T14:44:47.7709405Z useradd warning: nixbld3's uid 30003 is greater than SYS_UID_MAX 999
2025-07-01T14:44:47.7710424Z [32m~~> Setting up the build user nixbld3
2025-07-01T14:44:47.7797861Z [0m[1m           Created[0m:	Yes
2025-07-01T14:44:47.7803031Z [1m            Hidden[0m:	Yes
2025-07-01T14:44:47.7820829Z [1m    Home Directory[0m:	/var/empty
2025-07-01T14:44:47.7840985Z [1m              Note[0m:	Nix build user 3
2025-07-01T14:44:47.7858680Z [1m   Logins Disabled[0m:	Yes
2025-07-01T14:44:47.7876845Z [1m  Member of nixbld[0m:	Yes
2025-07-01T14:44:47.7894641Z [1m    PrimaryGroupID[0m:	30000
2025-07-01T14:44:47.7905076Z 
2025-07-01T14:44:47.7905432Z [32m~~> Setting up the build user nixbld4
2025-07-01T14:44:47.8038422Z useradd warning: nixbld4's uid 30004 is greater than SYS_UID_MAX 999
2025-07-01T14:44:47.8132487Z [0m[1m           Created[0m:	Yes
2025-07-01T14:44:47.8138125Z [1m            Hidden[0m:	Yes
2025-07-01T14:44:47.8155966Z [1m    Home Directory[0m:	/var/empty
2025-07-01T14:44:47.8176523Z [1m              Note[0m:	Nix build user 4
2025-07-01T14:44:47.8193962Z [1m   Logins Disabled[0m:	Yes
2025-07-01T14:44:47.8212285Z [1m  Member of nixbld[0m:	Yes
2025-07-01T14:44:47.8230225Z [1m    PrimaryGroupID[0m:	30000
2025-07-01T14:44:47.8240962Z 
2025-07-01T14:44:47.8241321Z [32m~~> Setting up the build user nixbld5
2025-07-01T14:44:47.8371391Z useradd warning: nixbld5's uid 30005 is greater than SYS_UID_MAX 999
2025-07-01T14:44:47.8457903Z [0m[1m           Created[0m:	Yes
2025-07-01T14:44:47.8462951Z [1m            Hidden[0m:	Yes
2025-07-01T14:44:47.8480883Z [1m    Home Directory[0m:	/var/empty
2025-07-01T14:44:47.8500800Z [1m              Note[0m:	Nix build user 5
2025-07-01T14:44:47.8518711Z [1m   Logins Disabled[0m:	Yes
2025-07-01T14:44:47.8537466Z [1m  Member of nixbld[0m:	Yes
2025-07-01T14:44:47.8555170Z [1m    PrimaryGroupID[0m:	30000
2025-07-01T14:44:47.8565785Z 
2025-07-01T14:44:47.8566457Z [32m~~> Setting up the build user nixbld6
2025-07-01T14:44:47.8692980Z useradd warning: nixbld6's uid 30006 is greater than SYS_UID_MAX 999
2025-07-01T14:44:47.8779906Z [0m[1m           Created[0m:	Yes
2025-07-01T14:44:47.8784972Z [1m            Hidden[0m:	Yes
2025-07-01T14:44:47.8802964Z [1m    Home Directory[0m:	/var/empty
2025-07-01T14:44:47.8823006Z [1m              Note[0m:	Nix build user 6
2025-07-01T14:44:47.8840893Z [1m   Logins Disabled[0m:	Yes
2025-07-01T14:44:47.8859655Z [1m  Member of nixbld[0m:	Yes
2025-07-01T14:44:47.8877215Z [1m    PrimaryGroupID[0m:	30000
2025-07-01T14:44:47.8887712Z 
2025-07-01T14:44:47.8888081Z [32m~~> Setting up the build user nixbld7
2025-07-01T14:44:47.9015257Z useradd warning: nixbld7's uid 30007 is greater than SYS_UID_MAX 999
2025-07-01T14:44:47.9098091Z [0m[1m           Created[0m:	Yes
2025-07-01T14:44:47.9103546Z [1m            Hidden[0m:	Yes
2025-07-01T14:44:47.9121386Z [1m    Home Directory[0m:	/var/empty
2025-07-01T14:44:47.9141428Z [1m              Note[0m:	Nix build user 7
2025-07-01T14:44:47.9159089Z [1m   Logins Disabled[0m:	Yes
2025-07-01T14:44:47.9178053Z [1m  Member of nixbld[0m:	Yes
2025-07-01T14:44:47.9195902Z [1m    PrimaryGroupID[0m:	30000
2025-07-01T14:44:47.9207086Z 
2025-07-01T14:44:47.9207606Z [32m~~> Setting up the build user nixbld8
2025-07-01T14:44:47.9334594Z useradd warning: nixbld8's uid 30008 is greater than SYS_UID_MAX 999
2025-07-01T14:44:47.9417815Z [0m[1m           Created[0m:	Yes
2025-07-01T14:44:47.9423233Z [1m            Hidden[0m:	Yes
2025-07-01T14:44:47.9440906Z [1m    Home Directory[0m:	/var/empty
2025-07-01T14:44:47.9461162Z [1m              Note[0m:	Nix build user 8
2025-07-01T14:44:47.9478819Z [1m   Logins Disabled[0m:	Yes
2025-07-01T14:44:47.9497842Z [1m  Member of nixbld[0m:	Yes
2025-07-01T14:44:47.9515630Z [1m    PrimaryGroupID[0m:	30000
2025-07-01T14:44:47.9515958Z 
2025-07-01T14:44:47.9516466Z [32m~~> Setting up the basic directory structure
2025-07-01T14:44:47.9598260Z [0minstall: creating directory '/nix'
2025-07-01T14:44:47.9598653Z install: creating directory '/nix/var'
2025-07-01T14:44:47.9599012Z install: creating directory '/nix/var/log'
2025-07-01T14:44:47.9599382Z install: creating directory '/nix/var/log/nix'
2025-07-01T14:44:47.9599773Z install: creating directory '/nix/var/log/nix/drvs'
2025-07-01T14:44:47.9600737Z install: creating directory '/nix/var/nix'
2025-07-01T14:44:47.9601284Z install: creating directory '/nix/var/nix/db'
2025-07-01T14:44:47.9601899Z install: creating directory '/nix/var/nix/gcroots'
2025-07-01T14:44:47.9602550Z install: creating directory '/nix/var/nix/profiles'
2025-07-01T14:44:47.9603205Z install: creating directory '/nix/var/nix/temproots'
2025-07-01T14:44:47.9603872Z install: creating directory '/nix/var/nix/userpool'
2025-07-01T14:44:47.9604566Z install: creating directory '/nix/var/nix/daemon-socket'
2025-07-01T14:44:47.9605284Z install: creating directory '/nix/var/nix/gcroots/per-user'
2025-07-01T14:44:47.9605766Z install: creating directory '/nix/var/nix/profiles/per-user'
2025-07-01T14:44:47.9675842Z install: creating directory '/nix/store'
2025-07-01T14:44:47.9753890Z install: creating directory '/etc/nix'
2025-07-01T14:44:47.9763288Z 
2025-07-01T14:44:47.9763651Z [32m~~> Installing Nix
2025-07-01T14:44:48.1707677Z [0m      Alright! We have our first nix at /nix/store/x3235311q3n51rppm2y2ycwd7nb3mgpn-nix-2.26.3
2025-07-01T14:44:48.2110516Z       Just finished getting the nix database ready.
2025-07-01T14:44:48.2113129Z 
2025-07-01T14:44:48.2114345Z [32m~~> Setting up shell profiles: /etc/bashrc /etc/profile.d/nix.sh /etc/zshrc /etc/bash.bashrc /etc/zsh/zshrc
2025-07-01T14:44:48.2275885Z [0m
2025-07-01T14:44:48.2276392Z # Nix
2025-07-01T14:44:48.2277172Z if [ -e '/nix/var/nix/profiles/default/etc/profile.d/nix-daemon.sh' ]; then
2025-07-01T14:44:48.2277845Z   . '/nix/var/nix/profiles/default/etc/profile.d/nix-daemon.sh'
2025-07-01T14:44:48.2278316Z fi
2025-07-01T14:44:48.2278633Z # End Nix
2025-07-01T14:44:48.2278815Z 
2025-07-01T14:44:48.2444952Z 
2025-07-01T14:44:48.2445103Z # Nix
2025-07-01T14:44:48.2445694Z if [ -e '/nix/var/nix/profiles/default/etc/profile.d/nix-daemon.sh' ]; then
2025-07-01T14:44:48.2446625Z   . '/nix/var/nix/profiles/default/etc/profile.d/nix-daemon.sh'
2025-07-01T14:44:48.2447190Z fi
2025-07-01T14:44:48.2447488Z # End Nix
2025-07-01T14:44:48.2447678Z 
2025-07-01T14:44:48.2609887Z 
2025-07-01T14:44:48.2610053Z # Nix
2025-07-01T14:44:48.2610517Z if [ -e '/nix/var/nix/profiles/default/etc/profile.d/nix-daemon.sh' ]; then
2025-07-01T14:44:48.2611312Z   . '/nix/var/nix/profiles/default/etc/profile.d/nix-daemon.sh'
2025-07-01T14:44:48.2611881Z fi
2025-07-01T14:44:48.2612172Z # End Nix
2025-07-01T14:44:48.2612353Z 
2025-07-01T14:44:48.2769243Z 
2025-07-01T14:44:48.2769439Z # Nix
2025-07-01T14:44:48.2769955Z if [ -e '/nix/var/nix/profiles/default/etc/profile.d/nix-daemon.sh' ]; then
2025-07-01T14:44:48.2770627Z   . '/nix/var/nix/profiles/default/etc/profile.d/nix-daemon.sh'
2025-07-01T14:44:48.2771197Z fi
2025-07-01T14:44:48.2771549Z # End Nix
2025-07-01T14:44:48.2771736Z 
2025-07-01T14:44:48.2793724Z 
2025-07-01T14:44:48.2795048Z [32m~~> Setting up shell profiles for Fish with conf.d/nix.fish inside /etc/fish /usr/local/etc/fish /opt/homebrew/etc/fish /opt/local/etc/fish
2025-07-01T14:44:48.2854734Z [0m
2025-07-01T14:44:48.2855294Z [32m~~> Setting up the default profile
2025-07-01T14:44:48.3134876Z installing 'nix-2.26.3'
2025-07-01T14:44:48.3264239Z building '/nix/store/5afca9ydks0pp5szkwwhi7a6m2zmgk9g-user-environment.drv'...
2025-07-01T14:44:48.3648972Z installing 'nss-cacert-3.107'
2025-07-01T14:44:48.3782826Z building '/nix/store/ilxzpc39hcw5jr229rmajjkyz1a0fym1-user-environment.drv'...
2025-07-01T14:44:48.3991731Z [0m
2025-07-01T14:44:48.3992158Z [32m~~> Setting up the nix-daemon systemd service
2025-07-01T14:44:48.4366847Z Created symlink /etc/systemd/system/nix-daemon.service → /nix/var/nix/profiles/default/lib/systemd/system/nix-daemon.service.
2025-07-01T14:44:48.7077586Z Created symlink /etc/systemd/system/nix-daemon.socket → /nix/var/nix/profiles/default/lib/systemd/system/nix-daemon.socket.
2025-07-01T14:44:48.7082940Z Created symlink /etc/systemd/system/sockets.target.wants/nix-daemon.socket → /nix/var/nix/profiles/default/lib/systemd/system/nix-daemon.socket.
2025-07-01T14:44:49.3807922Z [0m[32mAlright! We're done!
2025-07-01T14:44:49.3832646Z [0mTry it! Open a new terminal, and type:
2025-07-01T14:44:49.3833029Z 
2025-07-01T14:44:49.3833337Z   $ nix-shell -p nix-info --run "nix-info -m"
2025-07-01T14:44:49.3833680Z 
2025-07-01T14:44:49.3834128Z Thank you for using this installer. If you have any feedback or need
2025-07-01T14:44:49.3834747Z help, don't hesitate:
2025-07-01T14:44:49.3834983Z 
2025-07-01T14:44:49.3835164Z You can open an issue at
2025-07-01T14:44:49.3835939Z https://github.com/NixOS/nix/issues/new?labels=installer&template=installer.md
2025-07-01T14:44:49.3836662Z 
2025-07-01T14:44:49.3837105Z Or get in touch with the community: https://nixos.org/community
2025-07-01T14:44:49.3854799Z 
2025-07-01T14:44:49.3855751Z [34m---- Reminders -----------------------------------------------------------------
2025-07-01T14:44:49.3857263Z [0m[34m[ 1 ][0m
2025-07-01T14:44:49.3859087Z Nix won't work in active shell sessions until you restart them.
2025-07-01T14:44:49.3859560Z 
2025-07-01T14:44:49.4558207Z ##[endgroup]
2025-07-01T14:44:49.4631182Z ##[group]Run /home/runner/work/_actions/ava-labs/avalanchego/092cf182dd92b66a8ab882b657d3ae52b174c913/.github/actions/run-monitored-tmpnet-cmd/nix-develop.sh --command echo "dependencies installed"
2025-07-01T14:44:49.4632589Z [36;1m/home/runner/work/_actions/ava-labs/avalanchego/092cf182dd92b66a8ab882b657d3ae52b174c913/.github/actions/run-monitored-tmpnet-cmd/nix-develop.sh --command echo "dependencies installed"[0m
2025-07-01T14:44:49.4695904Z shell: /usr/bin/bash --noprofile --norc -e -o pipefail {0}
2025-07-01T14:44:49.4696330Z env:
2025-07-01T14:44:49.4696513Z   TMPDIR: /home/runner/work/_temp
2025-07-01T14:44:49.4696765Z ##[endgroup]
2025-07-01T14:44:49.4815104Z No local flake found, will attempt to use avalanchego flake
2025-07-01T14:44:49.4899479Z Starting nix shell for github:ava-labs/avalanchego?ref=v1.13.2
2025-07-01T14:44:49.8127941Z unpacking 'github:ava-labs/avalanchego/092cf182dd92b66a8ab882b657d3ae52b174c913' into the Git cache...
2025-07-01T14:44:51.3678039Z copying path '/nix/store/i99indk3y6pc3sm0k1xx3nakm193lqzb-source' from 'https://cache.nixos.org'...
2025-07-01T14:45:07.5979716Z copying path '/nix/store/899rx4l5zz1za8nx7ijp7swv5ibc8wx2-git-2.47.2-doc' from 'https://cache.nixos.org'...
2025-07-01T14:45:07.5985578Z copying path '/nix/store/zpab59ialz19x6f65jbjf5xb8waa54av-iana-etc-20240318' from 'https://cache.nixos.org'...
2025-07-01T14:45:07.6008844Z copying path '/nix/store/dgzz9k53hz1qgklnj9667xzliyidj9cs-mailcap-2.1.54' from 'https://cache.nixos.org'...
2025-07-01T14:45:07.6015589Z copying path '/nix/store/hnpph37w6p5jfspwf5pksljpf0wqwjg3-perl5.40.0-Digest-HMAC-1.04' from 'https://cache.nixos.org'...
2025-07-01T14:45:07.6018668Z copying path '/nix/store/cnb01qfmg8c3irp630nplhwa201d7xsr-perl5.40.0-FCGI-ProcManager-0.28' from 'https://cache.nixos.org'...
2025-07-01T14:45:07.6021108Z copying path '/nix/store/v657ak4hdkixvq99rk3qvyh28in945dv-perl5.40.0-HTML-TagCloud-0.38' from 'https://cache.nixos.org'...
2025-07-01T14:45:07.6036983Z copying path '/nix/store/9qrv0d0yd9wss610gjzv3507ry6v9mzw-perl5.40.0-URI-5.21' from 'https://cache.nixos.org'...
2025-07-01T14:45:07.6040268Z copying path '/nix/store/pz7y4qd8lyhg9y6wmb9hynivx36f53zp-perl5.40.0-libnet-3.15' from 'https://cache.nixos.org'...
2025-07-01T14:45:07.6044258Z copying path '/nix/store/l6mypzy4rvkxd5kwzs18d88syirislib-tzdata-2024b' from 'https://cache.nixos.org'...
2025-07-01T14:45:07.6064801Z copying path '/nix/store/czlhi3r9b6ip4xyynwibfhm458ljwsir-gcc-13.3.0-libgcc' from 'https://cache.nixos.org'...
2025-07-01T14:45:07.6071706Z copying path '/nix/store/d8qbcrirc6jidfacy0qa50zy07i15xcz-gnu-config-2024-01-01' from 'https://cache.nixos.org'...
2025-07-01T14:45:07.6106225Z copying path '/nix/store/rscnjwdmhya0wcdmbygr3jpz6p39kvhr-perl5.40.0-Encode-Locale-1.05' from 'https://cache.nixos.org'...
2025-07-01T14:45:07.6108898Z copying path '/nix/store/74bbxwiamv62d2l089f1r8apv295vsry-perl5.40.0-HTML-Tagset-3.20' from 'https://cache.nixos.org'...
2025-07-01T14:45:07.6112958Z copying path '/nix/store/3r0pprxsd9n52nb2yqq3idwb75d0spzd-perl5.40.0-LWP-MediaTypes-6.04' from 'https://cache.nixos.org'...
2025-07-01T14:45:07.6115727Z copying path '/nix/store/krx6xw6wxakapdkviirq57yh3nl3227h-perl5.40.0-IO-HTML-1.004' from 'https://cache.nixos.org'...
2025-07-01T14:45:07.6159576Z copying path '/nix/store/w9yrswzdifcjhg0righ76aqb6bpslhkb-perl5.40.0-Mozilla-CA-20230821' from 'https://cache.nixos.org'...
2025-07-01T14:45:07.6284964Z copying path '/nix/store/swnhrfysvmwjvibcafm0im377pcfs80v-curl-8.12.1-man' from 'https://cache.nixos.org'...
2025-07-01T14:45:07.6288948Z copying path '/nix/store/5ahjfkydg49xvbr3vghhv317prgspnf3-mirrors-list' from 'https://cache.nixos.org'...
2025-07-01T14:45:07.6295198Z copying path '/nix/store/970fk2m63qra4ybkpp99rw7mld9fphlv-nghttp2-1.64.0' from 'https://cache.nixos.org'...
2025-07-01T14:45:07.6299315Z copying path '/nix/store/x6i8jiz3yv3h209xfbz9a3ch1sm16167-dns-root-data-2024-06-20' from 'https://cache.nixos.org'...
2025-07-01T14:45:07.6301165Z copying path '/nix/store/dvsai0ym9czjl5mcsarcdwccb70615n4-linux-headers-6.10' from 'https://cache.nixos.org'...
2025-07-01T14:45:07.6302918Z copying path '/nix/store/maxa3xhmxggrc5v2vc0c3pjb79hjlkp9-glibc-2.40-66' from 'https://cache.nixos.org'...
2025-07-01T14:45:07.6304759Z copying path '/nix/store/hz5m52dx8x6vvi5pp0yikxb3b05bmi2j-perl5.40.0-Test-Needs-0.002010' from 'https://cache.nixos.org'...
2025-07-01T14:45:07.6342875Z copying path '/nix/store/ldlsmrf2rrq28s08mzjk245vr26dwwhi-perl5.40.0-Test-RequiresInternet-0.05' from 'https://cache.nixos.org'...
2025-07-01T14:45:07.6346374Z copying path '/nix/store/5xvxvpl9armf0p6y9m4g1zl1mypvr9m7-perl5.40.0-TimeDate-2.33' from 'https://cache.nixos.org'...
2025-07-01T14:45:07.6348557Z copying path '/nix/store/vvjpgyk6jgd6k74pgpjrln6m6aqyiaig-perl5.40.0-Try-Tiny-0.31' from 'https://cache.nixos.org'...
2025-07-01T14:45:07.6352335Z copying path '/nix/store/frpqzb3223826xq72s0fcjmjmj50wpyn-perl5.40.0-Authen-SASL-2.1700' from 'https://cache.nixos.org'...
2025-07-01T14:45:07.6354071Z copying path '/nix/store/vlfgix8rcbj3l9yk0rna1damxkafbq18-perl5.40.0-Net-HTTP-6.23' from 'https://cache.nixos.org'...
2025-07-01T14:45:07.6355614Z copying path '/nix/store/6aqxgf5ygcscqsh4p9krd0dz2hc1cn0w-perl5.40.0-WWW-RobotRules-6.02' from 'https://cache.nixos.org'...
2025-07-01T14:45:07.6390906Z copying path '/nix/store/lj7p9q5kgmdcq768rvsgvjndi42mjcn8-publicsuffix-list-0-unstable-2024-10-25' from 'https://cache.nixos.org'...
2025-07-01T14:45:07.6422934Z copying path '/nix/store/i9ymkbklv1q9yzl7wwx7300wbkqdln0r-update-autotools-gnu-config-scripts-hook' from 'https://cache.nixos.org'...
2025-07-01T14:45:07.6727104Z copying path '/nix/store/2h648f4xlzszyc01yf67xd2rgira65js-perl5.40.0-Test-Fatal-0.017' from 'https://cache.nixos.org'...
2025-07-01T14:45:07.6811624Z copying path '/nix/store/shx8jax9b662cd9nlml731hh9wks24v1-perl5.40.0-HTTP-Date-6.06' from 'https://cache.nixos.org'...
2025-07-01T14:45:07.7090969Z copying path '/nix/store/i9hiqc4dfksm9cpqvff39smfpn49zbj6-perl5.40.0-File-Listing-6.16' from 'https://cache.nixos.org'...
2025-07-01T14:45:07.7095966Z copying path '/nix/store/0m34prvcx3d3vd9f4djbaqji7yb9swsh-perl5.40.0-HTTP-CookieJar-0.014' from 'https://cache.nixos.org'...
2025-07-01T14:45:07.7221159Z copying path '/nix/store/as8g73awbgrhpf5p6qjnrd5v9anw74ix-go-task-3.39.2' from 'https://cache.nixos.org'...
2025-07-01T14:45:07.7226796Z copying path '/nix/store/i7r45jjmvfxiw8j7ihjx51jachylq1si-protoc-gen-go-1.35.1' from 'https://cache.nixos.org'...
2025-07-01T14:45:07.7230168Z copying path '/nix/store/1fqgvq0i498w4ynywyj224i49izzzqrk-protoc-gen-go-grpc-1.3.0' from 'https://cache.nixos.org'...
2025-07-01T14:45:07.7231815Z copying path '/nix/store/19402vwa1rndilww6fpbviz0lza8846p-kind-0.24.0' from 'https://cache.nixos.org'...
2025-07-01T14:45:07.7236591Z copying path '/nix/store/23cshhh8k7z46gadr86krv15xphggawm-kubectl-1.31.2' from 'https://cache.nixos.org'...
2025-07-01T14:45:08.2244626Z copying path '/nix/store/vlgwyb076hkz7yv96sjnj9msb1jn1ggz-attr-2.5.2' from 'https://cache.nixos.org'...
2025-07-01T14:45:08.2246525Z copying path '/nix/store/c9z2sp8dyx1k0zk374v1142hmphashd0-buf-1.47.2' from 'https://cache.nixos.org'...
2025-07-01T14:45:08.2248493Z copying path '/nix/store/wg9gg3zkwcqhyycj0vkfnhgk5a4z9faq-ed-1.20.2' from 'https://cache.nixos.org'...
2025-07-01T14:45:08.2250223Z copying path '/nix/store/8vpg72ik2kgxfj05lc56hkqrdrfl8xi9-bash-5.2p37' from 'https://cache.nixos.org'...
2025-07-01T14:45:08.2251955Z copying path '/nix/store/fcqfyri9kljs5jd7h556f004qmci1qin-expand-response-params' from 'https://cache.nixos.org'...
2025-07-01T14:45:08.2257215Z copying path '/nix/store/83s1wqvrx7yvy3g6dmdr2icgg3qqbjcp-brotli-1.1.0-lib' from 'https://cache.nixos.org'...
2025-07-01T14:45:08.2258884Z copying path '/nix/store/3p3fwczck2yn1wwfjnymzkz8w11vbvg7-gawk-5.3.1' from 'https://cache.nixos.org'...
2025-07-01T14:45:08.2260764Z copying path '/nix/store/0hv5ymwkczx3ak8h3yldfbwbab33jnrw-expat-2.6.4' from 'https://cache.nixos.org'...
2025-07-01T14:45:08.2263248Z copying path '/nix/store/qiisx6c7qpyzq522j3icsfhj8ayw6ah4-bzip2-1.0.8' from 'https://cache.nixos.org'...
2025-07-01T14:45:08.2264922Z copying path '/nix/store/mhd0rk497xm0xnip7262xdw9bylvzh99-gcc-13.3.0-lib' from 'https://cache.nixos.org'...
2025-07-01T14:45:08.2266794Z copying path '/nix/store/2kiskq24j06g4qw3xs8zsy2dkawh4gxk-glibc-2.40-66-bin' from 'https://cache.nixos.org'...
2025-07-01T14:45:08.2268442Z copying path '/nix/store/7zv1sq1k25gk2rvgxnm262vp5hydkv1a-gdbm-1.24-lib' from 'https://cache.nixos.org'...
2025-07-01T14:45:08.2271691Z copying path '/nix/store/cfb4pxnfh2sf4csk8xh7abfqv96k66nh-glibc-2.40-66-getent' from 'https://cache.nixos.org'...
2025-07-01T14:45:08.2274758Z copying path '/nix/store/8k19h07hh2g1w5kp5yglzddswnvdmxpy-gmp-6.3.0' from 'https://cache.nixos.org'...
2025-07-01T14:45:08.2278845Z copying path '/nix/store/m3da56j3r7h4hp0kr8v1xsnk16x900yf-gnumake-4.4.1' from 'https://cache.nixos.org'...
2025-07-01T14:45:08.2365516Z copying path '/nix/store/3ks7b6p43dpvnlnxgvlcy2jaf1np37p2-gnused-4.9' from 'https://cache.nixos.org'...
2025-07-01T14:45:08.2413915Z copying path '/nix/store/dyizbk50iglbibrbwbgw2mhgskwb6ham-acl-2.3.2' from 'https://cache.nixos.org'...
2025-07-01T14:45:08.2417841Z copying path '/nix/store/yyfzan4mn874v885jy6fs598gjb31c4l-bzip2-1.0.8-bin' from 'https://cache.nixos.org'...
2025-07-01T14:45:08.2473061Z copying path '/nix/store/1fby1pxf0z16lgl728i2sqwqr2hrw2h8-json-c-0.17' from 'https://cache.nixos.org'...
2025-07-01T14:45:08.2540087Z copying path '/nix/store/mwwpv4k7skbx4vr2qjc89pvs7mhmgapb-k9s-0.32.7' from 'https://cache.nixos.org'...
2025-07-01T14:45:08.2675284Z copying path '/nix/store/r4p475lxvaklr9rj8l2a4sahkx5c0209-getent-glibc-2.40-66' from 'https://cache.nixos.org'...
2025-07-01T14:45:08.2992250Z copying path '/nix/store/79kh226vw8rrk62jbs27hdad1clwy447-keyutils-1.6.3-lib' from 'https://cache.nixos.org'...
2025-07-01T14:45:08.2997306Z copying path '/nix/store/wnsn67xb3i072b6i496y002byvc3ipa3-kubernetes-helm-3.16.3' from 'https://cache.nixos.org'...
2025-07-01T14:45:08.3038920Z copying path '/nix/store/bpzy7snv1xr7s1z2xi7bw0q5z9j6g1gg-libantlr3c-3.4' from 'https://cache.nixos.org'...
2025-07-01T14:45:08.3089905Z copying path '/nix/store/q57zi48njdcgxy4n8d5lm5pf746drc8f-isl-0.20' from 'https://cache.nixos.org'...
2025-07-01T14:45:08.3147218Z copying path '/nix/store/ky06iawcwsvxmx8yw66y2a7iy7b14yii-libapparmor-4.0.3' from 'https://cache.nixos.org'...
2025-07-01T14:45:08.3239225Z copying path '/nix/store/pmg7hw4ar16dhx5hk6jswvxy349wzsm7-gnutar-1.35' from 'https://cache.nixos.org'...
2025-07-01T14:45:08.3249516Z copying path '/nix/store/0iabf1jhsfrrxkdi599kb8m37p82yr1z-audit-4.0' from 'https://cache.nixos.org'...
2025-07-01T14:45:08.3320271Z copying path '/nix/store/nc394xps4al1r99ziabqvajbkrhxr5b7-gzip-1.13' from 'https://cache.nixos.org'...
2025-07-01T14:45:08.3388977Z copying path '/nix/store/fx6mfndjsbb0dqn9jzf1ksz9wf1dlrq7-libcap-2.70-lib' from 'https://cache.nixos.org'...
2025-07-01T14:45:08.3459862Z copying path '/nix/store/81awch8mhqanda1vy0c09bflgra4cxh0-glibc-2.40-66-dev' from 'https://cache.nixos.org'...
2025-07-01T14:45:08.3640874Z copying path '/nix/store/7yf5ijcl2lh90xs5nkrdpfdvcmc9fnc5-libcbor-0.11.0' from 'https://cache.nixos.org'...
2025-07-01T14:45:08.3731315Z copying path '/nix/store/bldybfhh9v9dvpms8kh87v1a6jp6i28p-libevent-2.1.12' from 'https://cache.nixos.org'...
2025-07-01T14:45:08.3758143Z copying path '/nix/store/wxgvd9mivxdbahxidq751gxyz7x7jb8n-libffi-3.4.6' from 'https://cache.nixos.org'...
2025-07-01T14:45:08.3884948Z copying path '/nix/store/p0c3g3dxr818lggbk6ms3nhm97g0pir9-libgpg-error-1.50' from 'https://cache.nixos.org'...
2025-07-01T14:45:08.3932397Z copying path '/nix/store/2w8a5z0rcs4fk3ds3fnd03x6syjjl1hb-libmnl-1.0.5' from 'https://cache.nixos.org'...
2025-07-01T14:45:08.4323552Z copying path '/nix/store/ywvi2y4yv3qyh0phw9y2ji17smh8nawj-libnfnetlink-1.0.2' from 'https://cache.nixos.org'...
2025-07-01T14:45:08.4469287Z copying path '/nix/store/dg6d7zs1bwnhwb3sd3xdbldvpa163a5z-libnl-3.10.0' from 'https://cache.nixos.org'...
2025-07-01T14:45:08.4580566Z copying path '/nix/store/68vmpyiabh89l7hbp9z2hmwci74vnfi4-libseccomp-2.5.5-lib' from 'https://cache.nixos.org'...
2025-07-01T14:45:08.4589312Z copying path '/nix/store/xxc6rkndd68cq1225asn380bbj0512dg-libpsl-0.21.5' from 'https://cache.nixos.org'...
2025-07-01T14:45:08.4619619Z copying path '/nix/store/wr7w1x0x1j4qli60wm22q3bc02dga08c-libtasn1-4.20.0' from 'https://cache.nixos.org'...
2025-07-01T14:45:08.5006791Z copying path '/nix/store/hnh6ivl105y4sw0ifv4kbihrvbddmlkm-libxcrypt-4.4.36' from 'https://cache.nixos.org'...
2025-07-01T14:45:08.5029109Z copying path '/nix/store/96m2mjx55syyky6zymjnbl3pvgxlwchb-libnftnl-1.2.8' from 'https://cache.nixos.org'...
2025-07-01T14:45:08.5134550Z copying path '/nix/store/9yh47sg27z9263ll65d414rgcyrclk57-libxml2-2.13.6' from 'https://cache.nixos.org'...
2025-07-01T14:45:08.5229854Z copying path '/nix/store/p9k3wzaw6d3wjgcbrfv2g1chj0mj2inb-lz4-1.10.0-lib' from 'https://cache.nixos.org'...
2025-07-01T14:45:08.5444456Z copying path '/nix/store/qhs6zflzhdr11j6byf1c1j52z39hnaaw-db-4.8.30' from 'https://cache.nixos.org'...
2025-07-01T14:45:08.5766749Z copying path '/nix/store/dsxb6qvi21bzy21c98kb71wfbdj4lmz7-gmp-with-cxx-6.3.0' from 'https://cache.nixos.org'...
2025-07-01T14:45:08.5781670Z copying path '/nix/store/8g8wdqid20924fbppbljsl6l7gr0p21j-gettext-0.21.1' from 'https://cache.nixos.org'...
2025-07-01T14:45:08.5787790Z copying path '/nix/store/nn7nj7xq8gdfyxqhchphzia7i34rwb0v-gmp-with-cxx-6.3.0' from 'https://cache.nixos.org'...
2025-07-01T14:45:08.5789583Z copying path '/nix/store/rq8lq7r8vjqrbn2bgfglm9dxfi83gdg9-icu4c-74.2' from 'https://cache.nixos.org'...
2025-07-01T14:45:08.5980834Z copying path '/nix/store/17195j62sjxjn0xwnmj3icr01n3d678r-libnetfilter_conntrack-1.1.0' from 'https://cache.nixos.org'...
2025-07-01T14:45:08.6070198Z copying path '/nix/store/99jfkvhck3c2675n2cy71g40km6m0pf9-libassuan-2.5.7' from 'https://cache.nixos.org'...
2025-07-01T14:45:08.6116148Z copying path '/nix/store/h9c111ckc8wg3ksxb7kj8cwhgaj52118-libgcrypt-1.10.3-lib' from 'https://cache.nixos.org'...
2025-07-01T14:45:08.6683858Z copying path '/nix/store/yh2c9f04q1vcfhpkamidrg3sdnwk5bvy-mpdecimal-4.0.0' from 'https://cache.nixos.org'...
2025-07-01T14:45:08.6902647Z copying path '/nix/store/b75dbfz0gria25kn2qlfpnmp39h31spw-mpfr-4.2.1' from 'https://cache.nixos.org'...
2025-07-01T14:45:08.6966831Z copying path '/nix/store/z7ndn3k8zfjrf713gq443q7a2ixzaab5-ncurses-6.4.20221231' from 'https://cache.nixos.org'...
2025-07-01T14:45:08.6969273Z copying path '/nix/store/1w5jm9zaxwr5b8nvh41c7iz236my185m-nghttp2-1.64.0-lib' from 'https://cache.nixos.org'...
2025-07-01T14:45:08.6972476Z copying path '/nix/store/j4377imdqpm27h5hspds1skgsazyj0d9-nghttp2-1.64.0-lib' from 'https://cache.nixos.org'...
2025-07-01T14:45:08.7308717Z copying path '/nix/store/1h2yigiwy6bgpyzlywj36s5nqkgca8bv-libpcap-1.10.5' from 'https://cache.nixos.org'...
2025-07-01T14:45:08.7610154Z copying path '/nix/store/n9ya3i584zvcw6696326sdlg61d6lamf-npth-1.7' from 'https://cache.nixos.org'...
2025-07-01T14:45:08.7700297Z copying path '/nix/store/isk8l71r4d1nl39mpv92ank2rs4cx3w9-openssl-3.3.3' from 'https://cache.nixos.org'...
2025-07-01T14:45:08.7702899Z copying path '/nix/store/9m68vvhnsq5cpkskphgw84ikl9m6wjwp-coreutils-9.5' from 'https://cache.nixos.org'...
2025-07-01T14:45:08.8185525Z copying path '/nix/store/mgpn83jmnf37ky77a8qy6m466qqmlyqk-cln-1.3.7' from 'https://cache.nixos.org'...
2025-07-01T14:45:08.8475793Z copying path '/nix/store/qvrp85i3yc9vw5x1vyx714m03jsf60rc-cvc4-1.8' from 'https://cache.nixos.org'...
2025-07-01T14:45:08.8849375Z copying path '/nix/store/6s0zzvp9in28jkmzwh5p69v1zwpi5mi4-linux-pam-1.6.1' from 'https://cache.nixos.org'...
2025-07-01T14:45:08.8931317Z copying path '/nix/store/cjg4jmnnf26367irpagiiffrni9bk7z0-gnupg-2.4.5' from 'https://cache.nixos.org'...
2025-07-01T14:45:08.9272996Z copying path '/nix/store/q95qgxy40rx1ifa13j8l38sx3myvkhb9-nettle-3.10' from 'https://cache.nixos.org'...
2025-07-01T14:45:08.9346286Z copying path '/nix/store/pbjp09wrnbklrfy7n2h5qix15fl5ylhj-libmpc-1.3.1' from 'https://cache.nixos.org'...
2025-07-01T14:45:08.9357927Z copying path '/nix/store/w8xb93nwhnhlkqd9kwahkzqvbg98qs74-nghttp2-1.64.0-dev' from 'https://cache.nixos.org'...
2025-07-01T14:45:09.0061519Z copying path '/nix/store/mqvgaq2bnb1701l7zcn0d6vd7w8b0z7l-openssl-3.3.3' from 'https://cache.nixos.org'...
2025-07-01T14:45:09.0151738Z copying path '/nix/store/kavgc464axad77kj4x4bza7s345nrhin-iptables-1.8.10' from 'https://cache.nixos.org'...
2025-07-01T14:45:09.0220019Z copying path '/nix/store/smd33cbgm2pwwnwj9l4b4fk39bdxfsfv-p11-kit-0.25.5' from 'https://cache.nixos.org'...
2025-07-01T14:45:09.0609884Z copying path '/nix/store/zfjv48ikkqn3yhi8zi7lvqvxyscbg87n-patch-2.7.6' from 'https://cache.nixos.org'...
2025-07-01T14:45:09.0695937Z copying path '/nix/store/lr3cvmq5ahqcj29p8c6m0fdl1y8krc86-diffutils-3.10' from 'https://cache.nixos.org'...
2025-07-01T14:45:09.1268402Z copying path '/nix/store/vc2d1bfy1a5y1195nq7k6p0zcm6q89nx-findutils-4.10.0' from 'https://cache.nixos.org'...
2025-07-01T14:45:09.1314158Z copying path '/nix/store/9wwkzvmrlv43y71rbw8sbh9bamc62a16-patchelf-0.15.0' from 'https://cache.nixos.org'...
2025-07-01T14:45:09.1447388Z copying path '/nix/store/5md7gyz45fm4bmkg2kb9a1hnmg8ryk9j-pcre2-10.44' from 'https://cache.nixos.org'...
2025-07-01T14:45:09.1619249Z copying path '/nix/store/pgq4agv5wpanzr9a8mqlkncdbick7mn2-pcsclite-2.3.0-lib' from 'https://cache.nixos.org'...
2025-07-01T14:45:09.1879329Z copying path '/nix/store/9sqpmkq9fcycsrldbsdxw93hvspy8pr9-perl5.40.0-Clone-0.46' from 'https://cache.nixos.org'...
2025-07-01T14:45:09.2070540Z copying path '/nix/store/jpk7s673pli65raimpl43jbhbg6ja4kx-perl5.40.0-FCGI-0.82' from 'https://cache.nixos.org'...
2025-07-01T14:45:09.2083225Z copying path '/nix/store/x4kgvzlrndlsc9mn2gyrx9dla0a5y7y3-perl5.40.0-TermReadKey-2.38' from 'https://cache.nixos.org'...
2025-07-01T14:45:09.2176535Z copying path '/nix/store/gda0f0dw64h74i98vkk7b7jwzxbkigzs-prometheus-2.55.0' from 'https://cache.nixos.org'...
2025-07-01T14:45:09.2178351Z copying path '/nix/store/6hrwqlqxzvn3lry7fjyz4i6dkdmg38m6-perl5.40.0-HTTP-Message-6.45' from 'https://cache.nixos.org'...
2025-07-01T14:45:09.2280299Z copying path '/nix/store/zwh1q2r2a1prmw4xxfpqa06ic7dl31yd-qrencode-4.1.1' from 'https://cache.nixos.org'...
2025-07-01T14:45:09.2404135Z copying path '/nix/store/flw2dwllbq50954bk1qm6xwdzp8ikacl-systemd-minimal-libs-256.10' from 'https://cache.nixos.org'...
2025-07-01T14:45:09.2412862Z copying path '/nix/store/88x6dfa5gnls0pmbvp4b9ci3bqqfja0n-util-linux-minimal-2.39.4-lib' from 'https://cache.nixos.org'...
2025-07-01T14:45:09.2467249Z copying path '/nix/store/7f8vg8z0q721jyahy1vjbg2x3irbk5az-unbound-1.22.0-lib' from 'https://cache.nixos.org'...
2025-07-01T14:45:09.2585686Z copying path '/nix/store/mcr5gqxgkknqxa2vhnhixzd97vdsnsxi-perl5.40.0-HTML-Parser-3.81' from 'https://cache.nixos.org'...
2025-07-01T14:45:09.2941232Z copying path '/nix/store/q73n7qdcl9yvlwh6p4n414vkxgnjjryp-perl5.40.0-HTTP-Cookies-6.10' from 'https://cache.nixos.org'...
2025-07-01T14:45:09.3079350Z copying path '/nix/store/qxp4rv76dpjbvs37c3sfq33ial7mxgb0-perl5.40.0-HTTP-Daemon-6.16' from 'https://cache.nixos.org'...
2025-07-01T14:45:09.3200284Z copying path '/nix/store/q0fgny8kpagi6blmzyw15n4cmfx647kn-perl5.40.0-HTTP-Negotiate-6.01' from 'https://cache.nixos.org'...
2025-07-01T14:45:09.3382015Z copying path '/nix/store/qjsj5vnbfpbg6r7jhd7znfgmcy0arn8n-gnugrep-3.11' from 'https://cache.nixos.org'...
2025-07-01T14:45:09.3426658Z copying path '/nix/store/bhvah40258cfi5sj1wiy2zmdn5xgj4m1-krb5-1.21.3-lib' from 'https://cache.nixos.org'...
2025-07-01T14:45:09.4012686Z copying path '/nix/store/09pyjyjdr5mwmki9gb0yf809l54xr8p2-openssl-3.3.3-bin' from 'https://cache.nixos.org'...
2025-07-01T14:45:09.4049686Z copying path '/nix/store/53rkjnnkbgg8pfn6ffpcdx4xbrl98yh8-readline-8.2p13' from 'https://cache.nixos.org'...
2025-07-01T14:45:09.4113859Z copying path '/nix/store/j7k6mzbdydimzw4mf23ahq6a7rz2f7w2-util-linux-minimal-2.39.4-login' from 'https://cache.nixos.org'...
2025-07-01T14:45:09.4115665Z copying path '/nix/store/sf31nmjhlsdp2h26vbwbpa7gwfn4i4na-xz-5.6.3' from 'https://cache.nixos.org'...
2025-07-01T14:45:09.4690062Z copying path '/nix/store/0z09m6fwgmc2a0zazp6lhyadfig10fd6-perl5.40.0-CGI-4.59' from 'https://cache.nixos.org'...
2025-07-01T14:45:09.5129739Z copying path '/nix/store/fvm65iknlk5kx9938xsc5485s9wzz1ig-lvm2-2.03.27-lib' from 'https://cache.nixos.org'...
2025-07-01T14:45:09.5319732Z copying path '/nix/store/dwyr8xvjby2l1zz92a5pfl6bq27jhrm6-krb5-1.21.3-lib' from 'https://cache.nixos.org'...
2025-07-01T14:45:09.5468986Z copying path '/nix/store/6k8v1ffagipraln3nn12h1n22d5l9dvr-perl5.40.0-Net-SSLeay-1.92' from 'https://cache.nixos.org'...
2025-07-01T14:45:09.5470947Z copying path '/nix/store/a9vgxnafcgb1khpjgn87ixmyv4dsqlp0-util-linux-minimal-2.39.4-mount' from 'https://cache.nixos.org'...
2025-07-01T14:45:09.5727261Z copying path '/nix/store/blkjagm7k01k9sghpyckw4y6dd6z0knl-util-linux-minimal-2.39.4-swap' from 'https://cache.nixos.org'...
2025-07-01T14:45:09.5824436Z copying path '/nix/store/xv2bvwf6zv1hhlm9w4x0f7n0idhbsjh7-perl5.40.0-CGI-Fast-2.16' from 'https://cache.nixos.org'...
2025-07-01T14:45:09.5830523Z copying path '/nix/store/pa7plncc30fhm909bis9haakh7gi0qbl-bash-interactive-5.2p37' from 'https://cache.nixos.org'...
2025-07-01T14:45:09.5882026Z copying path '/nix/store/rbns8mzghhqxih4hj2js4mb4s6ivy5d1-xz-5.6.3-bin' from 'https://cache.nixos.org'...
2025-07-01T14:45:09.5883664Z copying path '/nix/store/xxssfwyz4l32wiadvsrcf259nkb91myn-z3-4.11.2-lib' from 'https://cache.nixos.org'...
2025-07-01T14:45:09.5893269Z copying path '/nix/store/lmfya9by589b0qgc2pqps1zy4jhldkvq-cryptsetup-2.7.5' from 'https://cache.nixos.org'...
2025-07-01T14:45:09.5999056Z copying path '/nix/store/vpg96mfr1jw5arlqg831i69g29v0sdb3-zlib-1.3.1' from 'https://cache.nixos.org'...
2025-07-01T14:45:09.6011476Z copying path '/nix/store/6cf2yj12gf51jn5vdbdw01gmgvyj431s-zstd-1.5.6' from 'https://cache.nixos.org'...
2025-07-01T14:45:09.6025734Z copying path '/nix/store/hgq0ircylcm0mx6y7ml9chcbwgrz9xg7-openssl-3.3.3-dev' from 'https://cache.nixos.org'...
2025-07-01T14:45:09.6259956Z copying path '/nix/store/73pq792gn6i9qfywsnd347vg0152w8rw-perl5.40.0-IO-Socket-SSL-2.083' from 'https://cache.nixos.org'...
2025-07-01T14:45:09.6649301Z copying path '/nix/store/23j515bg7lgis34f0jkm9j6g00dpp2sh-binutils-2.43.1-lib' from 'https://cache.nixos.org'...
2025-07-01T14:45:09.6657241Z copying path '/nix/store/yk246qv4bbmr0mmh9y3gnfdkra5nnjgi-cracklib-2.10.0' from 'https://cache.nixos.org'...
2025-07-01T14:45:09.6826363Z copying path '/nix/store/p751fjd81h3926ivxsq0x20lz5j7yscc-file-5.45' from 'https://cache.nixos.org'...
2025-07-01T14:45:09.6929352Z copying path '/nix/store/yg4ahy7gahx91nq80achmzilrjyv0scj-gcc-13.3.0' from 'https://cache.nixos.org'...
2025-07-01T14:45:09.7178102Z copying path '/nix/store/1md58p5vm4dixcwwpwrs78a7kjf6nnqk-gnutls-3.8.6' from 'https://cache.nixos.org'...
2025-07-01T14:45:09.7576449Z copying path '/nix/store/nfdnparxrnv6sy627lw1c27pdqzpbfs2-kexec-tools-2.0.29' from 'https://cache.nixos.org'...
2025-07-01T14:45:09.7624067Z copying path '/nix/store/yr9xanc3bgp95fj9kvbrrq47zhzni2i6-kmod-31' from 'https://cache.nixos.org'...
2025-07-01T14:45:09.7881357Z copying path '/nix/store/qdypipr8zp0nkyrwqnakn3q3xhpghsrb-kmod-31-lib' from 'https://cache.nixos.org'...
2025-07-01T14:45:09.8591717Z copying path '/nix/store/n6zw4496n0bd9r6gjwkjmf5ja6757q32-krb5-1.21.3' from 'https://cache.nixos.org'...
2025-07-01T14:45:09.9004350Z copying path '/nix/store/kc1sdzqnymjwy74chlnkq2xlxnmrg30x-libfido2-1.15.0' from 'https://cache.nixos.org'...
2025-07-01T14:45:09.9014037Z copying path '/nix/store/6m49g3aqk5d5vdxp7chpgim5l6cfm7d6-libarchive-3.7.7-lib' from 'https://cache.nixos.org'...
2025-07-01T14:45:10.0306792Z copying path '/nix/store/22qnvg3zddkf7rbpckv676qpsc2najv9-binutils-2.43.1' from 'https://cache.nixos.org'...
2025-07-01T14:45:10.0380571Z copying path '/nix/store/17rp2wzkp8xfhxcd5zihx6qmnbaadlhs-libmicrohttpd-1.0.1' from 'https://cache.nixos.org'...
2025-07-01T14:45:10.0413750Z copying path '/nix/store/pvyhn761hgn17fpr6fy168vcv1ciwsgl-libssh2-1.11.1' from 'https://cache.nixos.org'...
2025-07-01T14:45:10.0462804Z copying path '/nix/store/qmz79v7x18zmi6g2iagxwazqfwbxzhra-libssh2-1.11.1' from 'https://cache.nixos.org'...
2025-07-01T14:45:10.1499295Z copying path '/nix/store/q4j9jj8jw74216cw4chsqlwdnglwly6p-perl-5.40.0' from 'https://cache.nixos.org'...
2025-07-01T14:45:10.1559690Z copying path '/nix/store/f2sjbvr2gbp1dl1fwak6b77j18wv2rm8-perl5.40.0-Net-SMTP-SSL-1.04' from 'https://cache.nixos.org'...
2025-07-01T14:45:10.1601205Z copying path '/nix/store/zfk4v9lxal3ch98qnf7zlciwgmk4w1ij-krb5-1.21.3-dev' from 'https://cache.nixos.org'...
2025-07-01T14:45:10.2091847Z copying path '/nix/store/i7gfv740vcygvl9pgqwq29nkzmsp09ww-sqlite-3.46.1' from 'https://cache.nixos.org'...
2025-07-01T14:45:10.2884868Z copying path '/nix/store/hsxp8g7zdr6wxk1mp812g8nbzvajzn4w-stdenv-linux' from 'https://cache.nixos.org'...
2025-07-01T14:45:10.3009342Z copying path '/nix/store/lgfp6sl5hpykmld29rqvi9pam8ji8k24-curl-8.12.1' from 'https://cache.nixos.org'...
2025-07-01T14:45:10.3019315Z copying path '/nix/store/sh26c2jcz7w2gii2px77bqy64fd026jd-boost-1.81.0' from 'https://cache.nixos.org'...
2025-07-01T14:45:10.3020889Z copying path '/nix/store/w2m5p0fb6pmqq6dz2jqlvnyw7n4vcbpx-curl-8.12.1' from 'https://cache.nixos.org'...
2025-07-01T14:45:10.3220095Z copying path '/nix/store/0rg4nqym82ngd29dy8qm1bggm94dkry3-libssh2-1.11.1-dev' from 'https://cache.nixos.org'...
2025-07-01T14:45:10.3287135Z copying path '/nix/store/ccrjbcfl5zcdp0n5mh69f4airrb9g8m4-zlib-1.3.1-dev' from 'https://cache.nixos.org'...
2025-07-01T14:45:10.4054815Z copying path '/nix/store/gnnac2vpa466p2lpzskmbj5vjr6ikzhg-libpwquality-1.4.5-lib' from 'https://cache.nixos.org'...
2025-07-01T14:45:10.4195909Z copying path '/nix/store/xmmli2ijsz2br6573z3sqsgg0spnj7i9-zstd-1.5.6-bin' from 'https://cache.nixos.org'...
2025-07-01T14:45:10.5331918Z copying path '/nix/store/lhpwdis5hkyljz1d200bj1s6g51ljq9k-python3-3.12.8' from 'https://cache.nixos.org'...
2025-07-01T14:45:10.6187704Z copying path '/nix/store/8qf68jid6rr2f4c8ppyp0ixdlv0axnpn-curl-8.12.1-bin' from 'https://cache.nixos.org'...
2025-07-01T14:45:10.6249415Z copying path '/nix/store/3hgwjb5hp0jm8fyi4vx9s4f3hjvp0n1r-tpm2-tss-4.1.3' from 'https://cache.nixos.org'...
2025-07-01T14:45:10.6253174Z copying path '/nix/store/awbfciyq3cjvw6x8wd8wdjy8z2qxm98n-elfutils-0.191' from 'https://cache.nixos.org'...
2025-07-01T14:45:10.7102512Z copying path '/nix/store/z9lnvmqymg80hk671fm2533ncczkf7z2-kbd-2.6.4' from 'https://cache.nixos.org'...
2025-07-01T14:45:10.8295922Z copying path '/nix/store/04shrm4bvxw1yam87da7y9k872kqn777-curl-8.12.1-dev' from 'https://cache.nixos.org'...
2025-07-01T14:45:10.9531469Z copying path '/nix/store/f95nqmgp2vaz1h68n36k605ay1ixnj0a-libbpf-1.4.7' from 'https://cache.nixos.org'...
2025-07-01T14:45:10.9538133Z copying path '/nix/store/007wiy8x5irdxzsdx3bdqx0k0a8hp6ji-shellcheck-0.10.0-bin' from 'https://cache.nixos.org'...
2025-07-01T14:45:11.1243195Z building '/nix/store/rkn5fk95kmnbxk65bxlyzqnmsmafh1f1-kind-with-registry.sh.drv'...
2025-07-01T14:45:11.1280270Z copying path '/nix/store/00x4qvjp4kcm932rv281v8n9y4xk9dv1-solc-0.8.21' from 'https://cache.nixos.org'...
2025-07-01T14:45:11.2520752Z copying path '/nix/store/w9qcpyhjrxsqrps91wkz8r4mqvg9zrxc-systemd-256.10' from 'https://cache.nixos.org'...
2025-07-01T14:45:11.2768504Z copying path '/nix/store/1mv8pj4nxwnd9bbxshljc9p4cnl3rakj-binutils-wrapper-2.43.1' from 'https://cache.nixos.org'...
2025-07-01T14:45:11.3532382Z copying path '/nix/store/ch1brsi5xwxgyv23csmvw1am9l40rf1c-shellcheck-0.10.0' from 'https://cache.nixos.org'...
2025-07-01T14:45:12.2278550Z copying path '/nix/store/99accs107rzm78z74cj1wns59d0m1nh8-perl5.40.0-libwww-perl-6.72' from 'https://cache.nixos.org'...
2025-07-01T14:45:12.4188816Z copying path '/nix/store/7s649psqfmp6bf2ij6kba3nbwjp50z0w-promtail-3.2.1' from 'https://cache.nixos.org'...
2025-07-01T14:45:13.3088008Z copying path '/nix/store/1fwh9nv8n93rjc7i7j9gcm3whdqpgy84-git-2.47.2' from 'https://cache.nixos.org'...
2025-07-01T14:45:14.2086860Z copying path '/nix/store/gnd8f9h2ycxrfrvrga508c4n9cxy6720-gcc-wrapper-13.3.0' from 'https://cache.nixos.org'...
2025-07-01T14:45:14.2190879Z copying path '/nix/store/szfi0xd0cwdaldhkp8vlgi7jfv662nmd-stdenv-linux' from 'https://cache.nixos.org'...
2025-07-01T14:45:14.2752112Z building '/nix/store/mbmxfdxryq3wr2wxm5brh42mcad1gvzy-kind-with-registry-1.0.0.drv'...
2025-07-01T14:45:14.5249728Z building '/nix/store/l2gp0i5ccps3gdgrqx8mmvfl0jx2l5p5-nix-shell-env.drv'...
2025-07-01T14:45:14.9903676Z this path will be fetched (0.10 MiB download, 0.10 MiB unpacked):
2025-07-01T14:45:14.9905710Z   /nix/store/hlv28jlwzk6kqj6vljm9cn8i7pw030nx-bash-interactive-5.2p37-man
2025-07-01T14:45:14.9913430Z copying path '/nix/store/hlv28jlwzk6kqj6vljm9cn8i7pw030nx-bash-interactive-5.2p37-man' from 'https://cache.nixos.org'...
2025-07-01T14:45:15.0303315Z dependencies installed
2025-07-01T14:45:15.0339036Z ##[group]Run /home/runner/work/_actions/ava-labs/avalanchego/092cf182dd92b66a8ab882b657d3ae52b174c913/.github/actions/run-monitored-tmpnet-cmd/notify-metrics-availability.sh
2025-07-01T14:45:15.0340240Z [36;1m/home/runner/work/_actions/ava-labs/avalanchego/092cf182dd92b66a8ab882b657d3ae52b174c913/.github/actions/run-monitored-tmpnet-cmd/notify-metrics-availability.sh[0m
2025-07-01T14:45:15.0399537Z shell: /usr/bin/bash --noprofile --norc -e -o pipefail {0}
2025-07-01T14:45:15.0399857Z env:
2025-07-01T14:45:15.0400043Z   TMPDIR: /home/runner/work/_temp
2025-07-01T14:45:15.0401028Z   GRAFANA_URL: https://grafana-poc.avax-dev.network/d/kBQpRdWnk/avalanche-main-dashboard?orgId=1&refresh=10s&var-filter=is_ephemeral_node%7C%3D%7Cfalse&var-filter=gh_repo%7C%3D%7Cava-labs%2Fsubnet-evm&var-filter=gh_run_id%7C%3D%7C16002582210&var-filter=gh_run_attempt%7C%3D%7C1
2025-07-01T14:45:15.0401982Z   GH_JOB_ID: e2e_warp
2025-07-01T14:45:15.0402167Z   FILTER_BY_OWNER: 
2025-07-01T14:45:15.0402352Z ##[endgroup]
2025-07-01T14:45:15.0512396Z grafana link for shared network logs and metrics: https://grafana-poc.avax-dev.network/d/kBQpRdWnk/avalanche-main-dashboard?orgId=1&refresh=10s&var-filter=is_ephemeral_node%7C%3D%7Cfalse&var-filter=gh_repo%7C%3D%7Cava-labs%2Fsubnet-evm&var-filter=gh_run_id%7C%3D%7C16002582210&var-filter=gh_run_attempt%7C%3D%7C1&var-filter=gh_job_id%7C%3D%7Ce2e_warp&from=1751381115000&to=1751382015000
2025-07-01T14:45:15.0538475Z ##[group]Run /home/runner/work/_actions/ava-labs/avalanchego/092cf182dd92b66a8ab882b657d3ae52b174c913/.github/actions/run-monitored-tmpnet-cmd/nix-develop.sh --impure --command bash -x ./scripts/run_task.sh test-e2e-warp-ci
2025-07-01T14:45:15.0539963Z [36;1m /home/runner/work/_actions/ava-labs/avalanchego/092cf182dd92b66a8ab882b657d3ae52b174c913/.github/actions/run-monitored-tmpnet-cmd/nix-develop.sh --impure --command bash -x ./scripts/run_task.sh test-e2e-warp-ci[0m
2025-07-01T14:45:15.0591991Z shell: /usr/bin/bash --noprofile --norc -e -o pipefail {0}
2025-07-01T14:45:15.0592304Z env:
2025-07-01T14:45:15.0592485Z   TMPDIR: /home/runner/work/_temp
2025-07-01T14:45:15.0592748Z   TMPNET_START_METRICS_COLLECTOR: true
2025-07-01T14:45:15.0593008Z   TMPNET_START_LOGS_COLLECTOR: true
2025-07-01T14:45:15.0593242Z   TMPNET_CHECK_METRICS_COLLECTED: true
2025-07-01T14:45:15.0593483Z   TMPNET_CHECK_LOGS_COLLECTED: true
2025-07-01T14:45:15.0594183Z   LOKI_USERNAME: ***
2025-07-01T14:45:15.0594497Z   LOKI_PASSWORD: ***
2025-07-01T14:45:15.0594714Z   PROMETHEUS_USERNAME: ***
2025-07-01T14:45:15.0595026Z   PROMETHEUS_PASSWORD: ***
2025-07-01T14:45:15.0595244Z   GH_REPO: ava-labs/subnet-evm
2025-07-01T14:45:15.0595459Z   GH_WORKFLOW: Tests
2025-07-01T14:45:15.0595647Z   GH_RUN_ID: 16002582210
2025-07-01T14:45:15.0595844Z   GH_RUN_NUMBER: 2076
2025-07-01T14:45:15.0596227Z   GH_RUN_ATTEMPT: 1
2025-07-01T14:45:15.0596419Z   GH_JOB_ID: e2e_warp
2025-07-01T14:45:15.0596605Z ##[endgroup]
2025-07-01T14:45:15.0689064Z No local flake found, will attempt to use avalanchego flake
2025-07-01T14:45:15.0778736Z Starting nix shell for github:ava-labs/avalanchego?ref=v1.13.2
2025-07-01T14:45:17.6763196Z + set -euo pipefail
2025-07-01T14:45:17.6763780Z + command -v task
2025-07-01T14:45:17.6764060Z + exec task test-e2e-warp-ci
2025-07-01T14:45:17.6958414Z task: [install-avalanchego-release] ./scripts/install_avalanchego_release.sh
2025-07-01T14:45:17.7242890Z Using branch: c46a4f11e
2025-07-01T14:45:17.8589011Z https://github.com/ava-labs/avalanchego/releases/download/v1.13.2/avalanchego-linux-amd64-v1.13.2.tar.gz found
2025-07-01T14:45:17.8590544Z downloading to /tmp/avalanchego-release/avalanchego-linux-amd64-v1.13.2.tar.gz
2025-07-01T14:45:17.8641552Z   % Total    % Received % Xferd  Average Speed   Time    Time     Time  Current
2025-07-01T14:45:17.8643054Z                                  Dload  Upload   Total   Spent    Left  Speed
2025-07-01T14:45:17.8643437Z 
2025-07-01T14:45:17.9023771Z   0     0    0     0    0     0      0      0 --:--:-- --:--:-- --:--:--     0
2025-07-01T14:45:17.9024592Z   0     0    0     0    0     0      0      0 --:--:-- --:--:-- --:--:--     0
2025-07-01T14:45:18.0754157Z 
2025-07-01T14:45:18.0754929Z 100 36.2M  100 36.2M    0     0   171M      0 --:--:-- --:--:-- --:--:--  171M
2025-07-01T14:45:18.0849309Z avalanchego-v1.13.2/avalanchego
2025-07-01T14:45:18.6938450Z Installed AvalancheGo release v1.13.2
2025-07-01T14:45:18.6939027Z AvalancheGo Path: /tmp/avalanchego-release/avalanchego/avalanchego
2025-07-01T14:45:18.6939489Z Plugin Dir: /home/runner/.avalanchego/plugins
2025-07-01T14:45:18.6974146Z task: [build] ./scripts/build.sh
2025-07-01T14:45:18.7259329Z Using branch: c46a4f11e
2025-07-01T14:45:18.7260467Z Building Subnet EVM @ GitCommit: c46a4f11ecd55a5ab361920393adf5859e0dc097 at /home/runner/.avalanchego/plugins/srEXiWaHuhNyGwPUi444Tu47ZEDwxTWrbQiuD7FmgSAQ6X7Dy
2025-07-01T14:45:18.7299808Z go: downloading github.com/ava-labs/avalanchego v1.13.2
2025-07-01T14:45:19.4127851Z go: downloading github.com/spf13/pflag v1.0.5
2025-07-01T14:45:19.4128854Z go: downloading github.com/spf13/viper v1.12.0
2025-07-01T14:45:19.4315299Z go: downloading github.com/ava-labs/libevm v1.13.14-0.3.0.rc.1
2025-07-01T14:45:20.3432750Z go: downloading github.com/gorilla/rpc v1.2.0
2025-07-01T14:45:20.3433491Z go: downloading github.com/holiman/uint256 v1.2.4
2025-07-01T14:45:20.3434229Z go: downloading github.com/prometheus/client_golang v1.16.0
2025-07-01T14:45:20.3435078Z go: downloading golang.org/x/exp v0.0.0-20241215155358-4a5509556b9e
2025-07-01T14:45:20.3735870Z go: downloading go.uber.org/zap v1.26.0
2025-07-01T14:45:20.4399348Z go: downloading golang.org/x/term v0.30.0
2025-07-01T14:45:20.4401887Z go: downloading gopkg.in/natefinch/lumberjack.v2 v2.0.0
2025-07-01T14:45:20.4601178Z go: downloading github.com/grpc-ecosystem/go-grpc-prometheus v1.2.0
2025-07-01T14:45:20.4688367Z go: downloading github.com/prometheus/client_model v0.3.0
2025-07-01T14:45:20.4698889Z go: downloading google.golang.org/grpc v1.66.0
2025-07-01T14:45:20.4895135Z go: downloading google.golang.org/protobuf v1.35.2
2025-07-01T14:45:20.7213760Z go: downloading go.opentelemetry.io/otel v1.22.0
2025-07-01T14:45:20.7472176Z go: downloading go.opentelemetry.io/otel/trace v1.22.0
2025-07-01T14:45:20.7473140Z go: downloading github.com/prometheus/common v0.42.0
2025-07-01T14:45:20.7475538Z go: downloading github.com/cockroachdb/pebble v0.0.0-20230928194634-aa077af62593
2025-07-01T14:45:20.7931499Z go: downloading github.com/StephenButtolph/canoto v0.15.0
2025-07-01T14:45:20.8304387Z go: downloading github.com/google/renameio/v2 v2.0.0
2025-07-01T14:45:20.8508605Z go: downloading golang.org/x/sync v0.12.0
2025-07-01T14:45:20.8693527Z go: downloading github.com/fsnotify/fsnotify v1.6.0
2025-07-01T14:45:20.8700932Z go: downloading github.com/mitchellh/mapstructure v1.5.0
2025-07-01T14:45:20.8781890Z go: downloading github.com/spf13/afero v1.8.2
2025-07-01T14:45:20.8905052Z go: downloading github.com/spf13/cast v1.5.0
2025-07-01T14:45:20.8950947Z go: downloading github.com/spf13/jwalterweatherman v1.1.0
2025-07-01T14:45:20.9131745Z go: downloading golang.org/x/crypto v0.36.0
2025-07-01T14:45:20.9148216Z go: downloading github.com/gofrs/flock v0.8.1
2025-07-01T14:45:20.9149756Z go: downloading github.com/golang/snappy v0.0.5-0.20220116011046-fa5810519dcb
2025-07-01T14:45:20.9365217Z go: downloading github.com/olekukonko/tablewriter v0.0.5
2025-07-01T14:45:20.9410905Z go: downloading github.com/shirou/gopsutil v3.21.11+incompatible
2025-07-01T14:45:20.9613926Z go: downloading golang.org/x/sys v0.31.0
2025-07-01T14:45:21.0114770Z go: downloading github.com/gballet/go-verkle v0.1.1-0.20231031103413-a67434b50f46
2025-07-01T14:45:21.0700758Z go: downloading github.com/dop251/goja v0.0.0-20230806174421-c933cf95e127
2025-07-01T14:45:21.1196903Z go: downloading github.com/holiman/bloomfilter/v2 v2.0.3
2025-07-01T14:45:21.1442375Z go: downloading github.com/stretchr/testify v1.10.0
2025-07-01T14:45:21.1881824Z go: downloading go.uber.org/mock v0.5.0
2025-07-01T14:45:21.1926615Z go: downloading github.com/deckarep/golang-set/v2 v2.1.0
2025-07-01T14:45:21.1984903Z go: downloading github.com/gorilla/websocket v1.5.0
2025-07-01T14:45:21.2192138Z go: downloading golang.org/x/time v0.3.0
2025-07-01T14:45:21.2284975Z go: downloading github.com/beorn7/perks v1.0.1
2025-07-01T14:45:21.2286950Z go: downloading github.com/cespare/xxhash/v2 v2.3.0
2025-07-01T14:45:21.2413158Z go: downloading github.com/prometheus/procfs v0.10.1
2025-07-01T14:45:21.2425284Z go: downloading go.uber.org/multierr v1.11.0
2025-07-01T14:45:21.2525655Z go: downloading github.com/supranational/blst v0.3.14
2025-07-01T14:45:21.2556465Z go: downloading google.golang.org/genproto/googleapis/rpc v0.0.0-20240827150818-7e3bb234dfed
2025-07-01T14:45:21.2669073Z go: downloading golang.org/x/net v0.38.0
2025-07-01T14:45:21.3146797Z go: downloading github.com/golang/protobuf v1.5.4
2025-07-01T14:45:21.3559207Z go: downloading go.opentelemetry.io/otel/exporters/otlp/otlptrace v1.22.0
2025-07-01T14:45:21.3563424Z go: downloading go.opentelemetry.io/otel/exporters/otlp/otlptrace/otlptracegrpc v1.22.0
2025-07-01T14:45:21.3750732Z go: downloading go.opentelemetry.io/otel/exporters/otlp/otlptrace/otlptracehttp v1.22.0
2025-07-01T14:45:21.3855645Z go: downloading go.opentelemetry.io/otel/sdk v1.22.0
2025-07-01T14:45:21.4322522Z go: downloading github.com/syndtr/goleveldb v1.0.1-0.20220614013038-64ee5596c38a
2025-07-01T14:45:21.4713993Z go: downloading github.com/matttproud/golang_protobuf_extensions v1.0.4
2025-07-01T14:45:21.4734489Z go: downloading github.com/mr-tron/base58 v1.2.0
2025-07-01T14:45:21.4858838Z go: downloading gonum.org/v1/gonum v0.11.0
2025-07-01T14:45:21.4874544Z go: downloading github.com/DataDog/zstd v1.5.2
2025-07-01T14:45:21.4936173Z go: downloading github.com/subosito/gotenv v1.3.0
2025-07-01T14:45:21.4946436Z go: downloading github.com/hashicorp/hcl v1.0.0
2025-07-01T14:45:21.5392257Z go: downloading gopkg.in/ini.v1 v1.67.0
2025-07-01T14:45:21.5393111Z go: downloading github.com/magiconair/properties v1.8.6
2025-07-01T14:45:21.5648906Z go: downloading github.com/pelletier/go-toml/v2 v2.0.5
2025-07-01T14:45:21.5697682Z go: downloading gopkg.in/yaml.v3 v3.0.1
2025-07-01T14:45:21.5707842Z go: downloading golang.org/x/text v0.23.0
2025-07-01T14:45:21.6049428Z go: downloading github.com/pelletier/go-toml v1.9.5
2025-07-01T14:45:21.6407018Z go: downloading github.com/mattn/go-runewidth v0.0.13
2025-07-01T14:45:21.6602371Z go: downloading github.com/tklauser/go-sysconf v0.3.12
2025-07-01T14:45:21.6983158Z go: downloading github.com/crate-crypto/go-kzg-4844 v0.7.0
2025-07-01T14:45:21.9102372Z go: downloading github.com/VictoriaMetrics/fastcache v1.12.1
2025-07-01T14:45:21.9297463Z go: downloading github.com/crate-crypto/go-ipa v0.0.0-20231025140028-3c0104f4b233
2025-07-01T14:45:21.9601105Z go: downloading github.com/holiman/billy v0.0.0-20240216141850-2abb0c79d3c4
2025-07-01T14:45:21.9888950Z go: downloading github.com/hashicorp/golang-lru v0.5.5-0.20210104140557-80c98217689d
2025-07-01T14:45:22.0093183Z go: downloading github.com/davecgh/go-spew v1.1.1
2025-07-01T14:45:22.0325718Z go: downloading github.com/tyler-smith/go-bip39 v1.1.0
2025-07-01T14:45:22.0575249Z go: downloading github.com/dlclark/regexp2 v1.7.0
2025-07-01T14:45:22.1830307Z go: downloading github.com/google/pprof v0.0.0-20230207041349-798e818bf904
2025-07-01T14:45:22.1880066Z go: downloading github.com/pmezard/go-difflib v1.0.0
2025-07-01T14:45:22.2178482Z go: downloading github.com/google/uuid v1.6.0
2025-07-01T14:45:22.2416771Z go: downloading github.com/hashicorp/go-bexpr v0.1.10
2025-07-01T14:45:22.2615377Z go: downloading github.com/mattn/go-colorable v0.1.13
2025-07-01T14:45:22.2647586Z go: downloading github.com/mattn/go-isatty v0.0.17
2025-07-01T14:45:22.2837907Z go: downloading github.com/urfave/cli/v2 v2.25.7
2025-07-01T14:45:22.2862733Z go: downloading github.com/cockroachdb/errors v1.9.1
2025-07-01T14:45:22.3611124Z go: downloading github.com/cockroachdb/redact v1.1.3
2025-07-01T14:45:22.3612152Z go: downloading github.com/cockroachdb/tokenbucket v0.0.0-20230807174530-cc333fc44b06
2025-07-01T14:45:22.3852775Z go: downloading go.opentelemetry.io/proto/otlp v1.0.0
2025-07-01T14:45:22.4122850Z go: downloading github.com/rivo/uniseg v0.2.0
2025-07-01T14:45:22.4132019Z go: downloading github.com/tklauser/numcpus v0.6.1
2025-07-01T14:45:22.4334522Z go: downloading github.com/gballet/go-libpcsclite v0.0.0-20191108122812-4678299bea08
2025-07-01T14:45:22.4339289Z go: downloading github.com/status-im/keycard-go v0.2.0
2025-07-01T14:45:22.4524499Z go: downloading github.com/go-sourcemap/sourcemap v2.1.3+incompatible
2025-07-01T14:45:22.4535802Z go: downloading github.com/mitchellh/pointerstructure v1.2.0
2025-07-01T14:45:22.4619147Z go: downloading github.com/cockroachdb/logtags v0.0.0-20230118201751-21c54148d20b
2025-07-01T14:45:22.4727647Z go: downloading github.com/getsentry/sentry-go v0.18.0
2025-07-01T14:45:22.4787425Z go: downloading github.com/pkg/errors v0.9.1
2025-07-01T14:45:22.5287334Z go: downloading github.com/go-logr/logr v1.4.1
2025-07-01T14:45:22.5458689Z go: downloading go.opentelemetry.io/otel/metric v1.22.0
2025-07-01T14:45:22.5567100Z go: downloading github.com/cenkalti/backoff/v4 v4.2.1
2025-07-01T14:45:22.5653530Z go: downloading github.com/grpc-ecosystem/grpc-gateway/v2 v2.16.0
2025-07-01T14:45:22.6100477Z go: downloading github.com/go-logr/stdr v1.2.2
2025-07-01T14:45:22.6294473Z go: downloading github.com/consensys/gnark-crypto v0.12.1
2025-07-01T14:45:22.7000131Z go: downloading github.com/cpuguy83/go-md2man/v2 v2.0.4
2025-07-01T14:45:22.7183755Z go: downloading github.com/xrash/smetrics v0.0.0-20201216005158-039620a65673
2025-07-01T14:45:22.8074329Z go: downloading github.com/gogo/protobuf v1.3.2
2025-07-01T14:45:23.0835833Z go: downloading github.com/kr/pretty v0.3.1
2025-07-01T14:45:23.0868025Z go: downloading github.com/huin/goupnp v1.3.0
2025-07-01T14:45:23.1180876Z go: downloading github.com/jackpal/go-nat-pmp v1.0.2
2025-07-01T14:45:23.1182543Z go: downloading google.golang.org/genproto/googleapis/api v0.0.0-20240604185151-ef581f913117
2025-07-01T14:45:23.1347600Z go: downloading github.com/russross/blackfriday/v2 v2.1.0
2025-07-01T14:45:23.1656339Z go: downloading github.com/kr/text v0.2.0
2025-07-01T14:45:23.1845172Z go: downloading github.com/rogpeppe/go-internal v1.12.0
2025-07-01T14:45:23.2654948Z go: downloading github.com/bits-and-blooms/bitset v1.10.0
2025-07-01T14:45:23.2657335Z go: downloading github.com/mmcloughlin/addchain v0.4.0
2025-07-01T14:45:23.2658494Z go: downloading github.com/consensys/bavard v0.1.13
2025-07-01T14:45:23.3158158Z go: downloading rsc.io/tmplfunc v0.0.3
2025-07-01T14:46:36.3172932Z task: [test-e2e-warp] ./scripts/run_ginkgo_warp.sh
2025-07-01T14:46:36.3462765Z Using branch: c46a4f11e
2025-07-01T14:46:36.3550133Z go: downloading github.com/onsi/ginkgo/v2 v2.13.1
2025-07-01T14:46:36.5265109Z go: downloading github.com/go-task/slim-sprig v0.0.0-20230315185526-52ccab3ef572
2025-07-01T14:46:36.5269473Z go: downloading golang.org/x/tools v0.29.0
2025-07-01T14:47:28.8351089Z go: downloading github.com/ava-labs/coreth v0.15.2-rc.0.0.20250620163936-0058a7ec6d9d
2025-07-01T14:47:28.8351972Z go: downloading k8s.io/api v0.29.0
2025-07-01T14:47:28.8352503Z go: downloading k8s.io/apimachinery v0.29.0
2025-07-01T14:47:28.8353195Z go: downloading k8s.io/client-go v0.29.0
2025-07-01T14:47:28.8353980Z go: downloading k8s.io/utils v0.0.0-20230726121419-3b25d923346b
2025-07-01T14:47:28.8354428Z go: downloading github.com/go-cmd/cmd v1.4.1
2025-07-01T14:47:28.8354952Z go: downloading github.com/pires/go-proxyproto v0.6.2
2025-07-01T14:47:28.8355497Z go: downloading github.com/decred/dcrd/dcrec/secp256k1/v4 v4.1.0
2025-07-01T14:47:28.8355952Z go: downloading github.com/btcsuite/btcd/btcutil v1.1.3
2025-07-01T14:47:28.8356603Z go: downloading github.com/google/btree v1.1.2
2025-07-01T14:47:28.8357080Z go: downloading github.com/json-iterator/go v1.1.12
2025-07-01T14:47:28.8357455Z go: downloading gopkg.in/inf.v0 v0.9.1
2025-07-01T14:47:28.8357894Z go: downloading github.com/google/gofuzz v1.2.0
2025-07-01T14:47:28.8358244Z go: downloading k8s.io/klog/v2 v2.110.1
2025-07-01T14:47:28.8358592Z go: downloading sigs.k8s.io/yaml v1.3.0
2025-07-01T14:47:28.8358992Z go: downloading github.com/imdario/mergo v0.3.16
2025-07-01T14:47:28.8359377Z go: downloading github.com/gorilla/mux v1.8.0
2025-07-01T14:47:28.8359794Z go: downloading github.com/rs/cors v1.7.0
2025-07-01T14:47:28.8360232Z go: downloading sigs.k8s.io/structured-merge-diff/v4 v4.4.1
2025-07-01T14:47:28.8360760Z go: downloading sigs.k8s.io/json v0.0.0-20221116044647-bc3834ca7abd
2025-07-01T14:47:28.8361269Z go: downloading github.com/moby/spdystream v0.2.0
2025-07-01T14:47:28.8361669Z go: downloading github.com/google/gnostic-models v0.6.8
2025-07-01T14:47:28.8362132Z go: downloading golang.org/x/oauth2 v0.21.0
2025-07-01T14:47:28.8362462Z go: downloading gopkg.in/yaml.v2 v2.4.0
2025-07-01T14:47:28.8363048Z go: downloading github.com/modern-go/concurrent v0.0.0-20180306012644-bacd9c7ef1dd
2025-07-01T14:47:28.8363630Z go: downloading github.com/modern-go/reflect2 v1.0.2
2025-07-01T14:47:28.8364128Z go: downloading github.com/mxk/go-flowrate v0.0.0-20140419014527-cca7078d478f
2025-07-01T14:47:28.8364792Z go: downloading k8s.io/kube-openapi v0.0.0-20231010175941-2dd684a91f00
2025-07-01T14:47:28.8365445Z go: downloading github.com/munnerz/goautoneg v0.0.0-20191010083416-a7dc8b61c822
2025-07-01T14:47:28.8366117Z go: downloading github.com/go-openapi/swag v0.22.3
2025-07-01T14:47:28.8366846Z go: downloading github.com/go-openapi/jsonreference v0.20.2
2025-07-01T14:47:28.8367577Z go: downloading github.com/emicklei/go-restful/v3 v3.11.0
2025-07-01T14:47:28.8368270Z go: downloading github.com/go-openapi/jsonpointer v0.19.6
2025-07-01T14:47:28.8368914Z go: downloading github.com/mailru/easyjson v0.7.7
2025-07-01T14:47:28.8369529Z go: downloading github.com/josharian/intern v1.0.0
2025-07-01T14:47:28.8369863Z 
2025-07-01T14:47:28.9282475Z Running Suite: subnet-evm warp e2e test - /home/runner/work/subnet-evm/subnet-evm/tests/warp
2025-07-01T14:47:28.9283779Z ============================================================================================
2025-07-01T14:47:28.9284786Z Random Seed: [1m1751381197[0m
2025-07-01T14:47:28.9285150Z 
2025-07-01T14:47:28.9285589Z Will run [1m5[0m of [1m5[0m specs
2025-07-01T14:47:28.9286635Z [38;5;243m------------------------------[0m
2025-07-01T14:47:28.9287298Z [0m[1m[SynchronizedBeforeSuite] [0m
2025-07-01T14:47:28.9288339Z [38;5;243m/home/runner/work/subnet-evm/subnet-evm/tests/warp/warp_test.go:92[0m
2025-07-01T14:47:28.9289816Z   > Enter [1m[SynchronizedBeforeSuite][0m TOP-LEVEL [38;5;243m- /home/runner/work/subnet-evm/subnet-evm/tests/warp/warp_test.go:92 @ 07/01/25 14:47:28.928[0m
2025-07-01T14:47:28.9299407Z    [0;0mINFO[0;0m	writing collector config	{"cmd": "prometheus", "path": "/home/runner/.tmpnet/prometheus/prometheus.yaml"}
2025-07-01T14:47:28.9301907Z    [0;0mINFO[0;0m	starting collector	{"cmd": "prometheus", "workingDir": "/home/runner/.tmpnet/prometheus", "fullCmd": "nohup prometheus --config.file=prometheus.yaml --web.listen-address=127.0.0.1:9090 --enable-feature=agent --storage.agent.path=./data > prometheus.log 2>&1 & echo -n \"$!\" > /home/runner/.tmpnet/prometheus/run.pid", "logPath": "/home/runner/.tmpnet/prometheus/prometheus.log"}
2025-07-01T14:47:29.0308375Z    [0;0mINFO[0;0m	started collector	{"cmd": "prometheus", "pid": 19291}
2025-07-01T14:47:29.0312432Z    [0;0mINFO[0;0m	waiting for collector readiness	{"cmd": "prometheus", "url": "http://127.0.0.1:9090/-/ready", "logPath": "/home/runner/.tmpnet/prometheus/prometheus.log"}
2025-07-01T14:47:29.0315308Z    [0;0mINFO[0;0m	collector ready	{"cmd": "prometheus"}
2025-07-01T14:47:29.0317137Z    [0;0mINFO[0;0m	To stop: tmpnetctl stop-metrics-collector
2025-07-01T14:47:29.0319282Z    [0;0mINFO[0;0m	writing collector config	{"cmd": "promtail", "path": "/home/runner/.tmpnet/promtail/promtail.yaml"}
2025-07-01T14:47:29.0322577Z    [0;0mINFO[0;0m	starting collector	{"cmd": "promtail", "workingDir": "/home/runner/.tmpnet/promtail", "fullCmd": "nohup promtail -config.file=promtail.yaml > promtail.log 2>&1 & echo -n \"$!\" > /home/runner/.tmpnet/promtail/run.pid", "logPath": "/home/runner/.tmpnet/promtail/promtail.log"}
2025-07-01T14:47:29.1329324Z    [0;0mINFO[0;0m	started collector	{"cmd": "promtail", "pid": 19302}
2025-07-01T14:47:29.2331424Z    [0;0mINFO[0;0m	skipping promtail readiness check until one or more nodes have written their service discovery configuration
2025-07-01T14:47:29.2333244Z    [0;0mINFO[0;0m	To stop: tmpnetctl stop-logs-collector
2025-07-01T14:47:29.2335291Z   [38;5;9m[FAILED] 
2025-07-01T14:47:29.2336745Z   	Error Trace:	/home/runner/go/pkg/mod/github.com/ava-labs/avalanchego@v1.13.2/tests/fixture/e2e/env.go:182
2025-07-01T14:47:29.2338750Z   	            				/home/runner/work/subnet-evm/subnet-evm/tests/warp/warp_test.go:98
2025-07-01T14:47:29.2340266Z   	            				/opt/hostedtoolcache/go/1.23.9/x64/src/reflect/value.go:584
2025-07-01T14:47:29.2341766Z   	            				/opt/hostedtoolcache/go/1.23.9/x64/src/reflect/value.go:368
2025-07-01T14:47:29.2343583Z   	            				/home/runner/go/pkg/mod/github.com/onsi/ginkgo/v2@v2.13.1/internal/node.go:486
2025-07-01T14:47:29.2345509Z   	            				/home/runner/go/pkg/mod/github.com/onsi/ginkgo/v2@v2.13.1/internal/suite.go:642
2025-07-01T14:47:29.2347696Z   	            				/home/runner/go/pkg/mod/github.com/onsi/ginkgo/v2@v2.13.1/internal/suite.go:889
2025-07-01T14:47:29.2349008Z   	            				/opt/hostedtoolcache/go/1.23.9/x64/src/runtime/asm_amd64.s:1700
2025-07-01T14:47:29.2349632Z   	Error:      	Received unexpected error:
2025-07-01T14:47:29.2350741Z   	            	failed to configure process runtime: --avalanchego-path or AVALANCHEGO_PATH are required
2025-07-01T14:47:29.2351323Z   [0m
2025-07-01T14:47:29.2352481Z   [38;5;9mIn [1m[SynchronizedBeforeSuite][0m[38;5;9m at: [1m/home/runner/go/pkg/mod/github.com/stretchr/testify@v1.10.0/assert/assertions.go:1586[0m [38;5;243m@ 07/01/25 14:47:29.233[0m
2025-07-01T14:47:29.2365162Z   < Exit [1m[SynchronizedBeforeSuite][0m TOP-LEVEL [38;5;243m- /home/runner/work/subnet-evm/subnet-evm/tests/warp/warp_test.go:92 @ 07/01/25 14:47:29.233 (305ms)[0m
2025-07-01T14:47:29.2366534Z [38;5;9m[SynchronizedBeforeSuite] [FAILED] [0.305 seconds][0m
2025-07-01T14:47:29.2366997Z [38;5;9m[1m[SynchronizedBeforeSuite] [0m
2025-07-01T14:47:29.2367582Z [38;5;243m/home/runner/work/subnet-evm/subnet-evm/tests/warp/warp_test.go:92[0m
2025-07-01T14:47:29.2368328Z [38;5;243m------------------------------[0m
2025-07-01T14:47:29.2368677Z [0m[1m[DeferCleanup (Suite)] [0m
2025-07-01T14:47:29.2369444Z [38;5;243m/home/runner/go/pkg/mod/github.com/ava-labs/avalanchego@v1.13.2/tests/fixture/e2e/ginkgo_test_context.go:96[0m
2025-07-01T14:47:29.2370786Z   > Enter [1m[DeferCleanup (Suite)][0m TOP-LEVEL [38;5;243m- /home/runner/go/pkg/mod/github.com/ava-labs/avalanchego@v1.13.2/tests/fixture/e2e/ginkgo_test_context.go:96 @ 07/01/25 14:47:29.233[0m
2025-07-01T14:47:29.2372721Z    [0;0mINFO[0;0m	checking if logs exist	{"url": "https://loki-poc.avax-dev.network", "query": "sum(count_over_time({gh_repo=\"ava-labs/subnet-evm\",gh_workflow=\"Tests\",gh_run_id=\"16002582210\",gh_run_number=\"2076\",gh_run_attempt=\"1\",gh_job_id=\"e2e_warp\"}[1h]))"}
2025-07-01T14:49:29.2343819Z    [1;33mWARN[0;0m	failed to query for collected count	{"type": "logs", "error": "failed to execute request: Get \"https://loki-poc.avax-dev.network/loki/api/v1/query?query=sum%28count_over_time%28%7Bgh_repo%3D%22ava-labs%2Fsubnet-evm%22%2Cgh_workflow%3D%22Tests%22%2Cgh_run_id%3D%2216002582210%22%2Cgh_run_number%3D%222076%22%2Cgh_run_attempt%3D%221%22%2Cgh_job_id%3D%22e2e_warp%22%7D%5B1h%5D%29%29\": context deadline exceeded"}
2025-07-01T14:49:29.2347138Z   [38;5;9m[FAILED] 
2025-07-01T14:49:29.2351188Z   	Error Trace:	/home/runner/go/pkg/mod/github.com/ava-labs/avalanchego@v1.13.2/tests/fixture/e2e/env.go:119
2025-07-01T14:49:29.2353008Z   	            				/opt/hostedtoolcache/go/1.23.9/x64/src/reflect/value.go:584
2025-07-01T14:49:29.2354111Z   	            				/opt/hostedtoolcache/go/1.23.9/x64/src/reflect/value.go:368
2025-07-01T14:49:29.2355229Z   	            				/home/runner/go/pkg/mod/github.com/onsi/ginkgo/v2@v2.13.1/internal/node.go:585
2025-07-01T14:49:29.2356591Z   	            				/home/runner/go/pkg/mod/github.com/onsi/ginkgo/v2@v2.13.1/internal/node.go:463
2025-07-01T14:49:29.2357698Z   	            				/home/runner/go/pkg/mod/github.com/onsi/ginkgo/v2@v2.13.1/internal/suite.go:889
2025-07-01T14:49:29.2358638Z   	            				/opt/hostedtoolcache/go/1.23.9/x64/src/runtime/asm_amd64.s:1700
2025-07-01T14:49:29.2359102Z   	Error:      	Received unexpected error:
2025-07-01T14:49:29.2359777Z   	            	logs not found before timeout: context deadline exceeded
2025-07-01T14:49:29.2360202Z   [0m
2025-07-01T14:49:29.2361143Z   [38;5;9mIn [1m[DeferCleanup (Suite)][0m[38;5;9m at: [1m/home/runner/go/pkg/mod/github.com/stretchr/testify@v1.10.0/assert/assertions.go:1586[0m [38;5;243m@ 07/01/25 14:49:29.234[0m
2025-07-01T14:49:29.2362660Z   < Exit [1m[DeferCleanup (Suite)][0m TOP-LEVEL [38;5;243m- /home/runner/go/pkg/mod/github.com/ava-labs/avalanchego@v1.13.2/tests/fixture/e2e/ginkgo_test_context.go:96 @ 07/01/25 14:49:29.234 (2m0.001s)[0m
2025-07-01T14:49:29.2363565Z [38;5;9m[DeferCleanup (Suite)] [FAILED] [120.001 seconds][0m
2025-07-01T14:49:29.2363963Z [38;5;9m[1m[DeferCleanup (Suite)] [0m
2025-07-01T14:49:29.2364705Z [38;5;243m/home/runner/go/pkg/mod/github.com/ava-labs/avalanchego@v1.13.2/tests/fixture/e2e/ginkgo_test_context.go:96[0m
2025-07-01T14:49:29.2365331Z [38;5;243m------------------------------[0m
2025-07-01T14:49:29.2365678Z [0m[1m[DeferCleanup (Suite)] [0m
2025-07-01T14:49:29.2366528Z [38;5;243m/home/runner/go/pkg/mod/github.com/ava-labs/avalanchego@v1.13.2/tests/fixture/e2e/ginkgo_test_context.go:96[0m
2025-07-01T14:49:29.2367841Z   > Enter [1m[DeferCleanup (Suite)][0m TOP-LEVEL [38;5;243m- /home/runner/go/pkg/mod/github.com/ava-labs/avalanchego@v1.13.2/tests/fixture/e2e/ginkgo_test_context.go:96 @ 07/01/25 14:49:29.234[0m
2025-07-01T14:49:29.2369622Z    [0;0mINFO[0;0m	checking if metrics exist	{"url": "https://prometheus-poc.avax-dev.network", "query": "count({gh_repo=\"ava-labs/subnet-evm\",gh_workflow=\"Tests\",gh_run_id=\"16002582210\",gh_run_number=\"2076\",gh_run_attempt=\"1\",gh_job_id=\"e2e_warp\"})"}
2025-07-01T14:51:29.2359543Z   [38;5;9m[FAILED] 
2025-07-01T14:51:29.2362925Z   	Error Trace:	/home/runner/go/pkg/mod/github.com/ava-labs/avalanchego@v1.13.2/tests/fixture/e2e/env.go:107
2025-07-01T14:51:29.2365417Z   	            				/opt/hostedtoolcache/go/1.23.9/x64/src/reflect/value.go:584
2025-07-01T14:51:29.2367358Z   	            				/opt/hostedtoolcache/go/1.23.9/x64/src/reflect/value.go:368
2025-07-01T14:51:29.2369421Z   	            				/home/runner/go/pkg/mod/github.com/onsi/ginkgo/v2@v2.13.1/internal/node.go:585
2025-07-01T14:51:29.2371513Z   	            				/home/runner/go/pkg/mod/github.com/onsi/ginkgo/v2@v2.13.1/internal/node.go:463
2025-07-01T14:51:29.2373441Z   	            				/home/runner/go/pkg/mod/github.com/onsi/ginkgo/v2@v2.13.1/internal/suite.go:889
2025-07-01T14:51:29.2375200Z   	            				/opt/hostedtoolcache/go/1.23.9/x64/src/runtime/asm_amd64.s:1700
2025-07-01T14:51:29.2376322Z   	Error:      	Received unexpected error:
2025-07-01T14:51:29.2377469Z   	            	metrics not found before timeout: context deadline exceeded
2025-07-01T14:51:29.2378113Z   [0m
2025-07-01T14:51:29.2379831Z   [38;5;9mIn [1m[DeferCleanup (Suite)][0m[38;5;9m at: [1m/home/runner/go/pkg/mod/github.com/stretchr/testify@v1.10.0/assert/assertions.go:1586[0m [38;5;243m@ 07/01/25 14:51:29.235[0m
2025-07-01T14:51:29.2382600Z   < Exit [1m[DeferCleanup (Suite)][0m TOP-LEVEL [38;5;243m- /home/runner/go/pkg/mod/github.com/ava-labs/avalanchego@v1.13.2/tests/fixture/e2e/ginkgo_test_context.go:96 @ 07/01/25 14:51:29.235 (2m0.001s)[0m
2025-07-01T14:51:29.2384266Z [38;5;9m[DeferCleanup (Suite)] [FAILED] [120.001 seconds][0m
2025-07-01T14:51:29.2384908Z [38;5;9m[1m[DeferCleanup (Suite)] [0m
2025-07-01T14:51:29.2386308Z [38;5;243m/home/runner/go/pkg/mod/github.com/ava-labs/avalanchego@v1.13.2/tests/fixture/e2e/ginkgo_test_context.go:96[0m
2025-07-01T14:51:29.2387320Z [38;5;243m------------------------------[0m
2025-07-01T14:51:29.2387893Z [0m[1m[DeferCleanup (Suite)] [0m
2025-07-01T14:51:29.2389176Z [38;5;243m/home/runner/go/pkg/mod/github.com/ava-labs/avalanchego@v1.13.2/tests/fixture/e2e/ginkgo_test_context.go:96[0m
2025-07-01T14:51:29.2391644Z   > Enter [1m[DeferCleanup (Suite)][0m TOP-LEVEL [38;5;243m- /home/runner/go/pkg/mod/github.com/ava-labs/avalanchego@v1.13.2/tests/fixture/e2e/ginkgo_test_context.go:96 @ 07/01/25 14:51:29.235[0m
2025-07-01T14:51:29.2394379Z   < Exit [1m[DeferCleanup (Suite)][0m TOP-LEVEL [38;5;243m- /home/runner/go/pkg/mod/github.com/ava-labs/avalanchego@v1.13.2/tests/fixture/e2e/ginkgo_test_context.go:96 @ 07/01/25 14:51:29.235 (0s)[0m
2025-07-01T14:51:29.2395930Z [38;5;10m[DeferCleanup (Suite)] PASSED [0.000 seconds][0m
2025-07-01T14:51:29.2396720Z [38;5;243m------------------------------[0m
2025-07-01T14:51:29.2397237Z [0m[1m[DeferCleanup (Suite)] [0m
2025-07-01T14:51:29.2398465Z [38;5;243m/home/runner/go/pkg/mod/github.com/ava-labs/avalanchego@v1.13.2/tests/fixture/e2e/ginkgo_test_context.go:96[0m
2025-07-01T14:51:29.2400875Z   > Enter [1m[DeferCleanup (Suite)][0m TOP-LEVEL [38;5;243m- /home/runner/go/pkg/mod/github.com/ava-labs/avalanchego@v1.13.2/tests/fixture/e2e/ginkgo_test_context.go:96 @ 07/01/25 14:51:29.235[0m
2025-07-01T14:51:29.2403646Z   < Exit [1m[DeferCleanup (Suite)][0m TOP-LEVEL [38;5;243m- /home/runner/go/pkg/mod/github.com/ava-labs/avalanchego@v1.13.2/tests/fixture/e2e/ginkgo_test_context.go:96 @ 07/01/25 14:51:29.235 (0s)[0m
2025-07-01T14:51:29.2405219Z [38;5;10m[DeferCleanup (Suite)] PASSED [0.000 seconds][0m
2025-07-01T14:51:29.2405911Z [38;5;243m------------------------------[0m
2025-07-01T14:51:29.2406385Z 
2025-07-01T14:51:29.2406714Z [38;5;9m[1mSummarizing 3 Failures:[0m
2025-07-01T14:51:29.2407473Z   [38;5;9m[FAIL][0m [38;5;9m[1m[SynchronizedBeforeSuite] [0m
2025-07-01T14:51:29.2408708Z   [38;5;243m/home/runner/go/pkg/mod/github.com/stretchr/testify@v1.10.0/assert/assertions.go:1586[0m
2025-07-01T14:51:29.2409778Z   [38;5;9m[FAIL][0m [38;5;9m[1m[DeferCleanup (Suite)] [0m
2025-07-01T14:51:29.2410966Z   [38;5;243m/home/runner/go/pkg/mod/github.com/stretchr/testify@v1.10.0/assert/assertions.go:1586[0m
2025-07-01T14:51:29.2412217Z   [38;5;9m[FAIL][0m [38;5;9m[1m[DeferCleanup (Suite)] [0m
2025-07-01T14:51:29.2413389Z   [38;5;243m/home/runner/go/pkg/mod/github.com/stretchr/testify@v1.10.0/assert/assertions.go:1586[0m
2025-07-01T14:51:29.2414027Z 
2025-07-01T14:51:29.2414410Z [38;5;9m[1mRan 0 of 5 Specs in 240.308 seconds[0m
2025-07-01T14:51:29.2415423Z [38;5;9m[1mFAIL![0m -- [38;5;14m[1mA BeforeSuite node failed so all tests were skipped.[0m
2025-07-01T14:51:29.2416279Z --- FAIL: TestE2E (240.31s)
2025-07-01T14:51:29.2416641Z FAIL
2025-07-01T14:51:29.2551385Z 
2025-07-01T14:51:29.2551843Z Ginkgo ran 1 suite in 4m51.286124267s
2025-07-01T14:51:29.2552214Z 
2025-07-01T14:51:29.2559582Z exit status 1
2025-07-01T14:51:29.2559944Z Test Suite Failed
2025-07-01T14:51:29.2634398Z task: Failed to run task "test-e2e-warp-ci": exit status 1
2025-07-01T14:51:29.2667606Z ##[error]Process completed with exit code 201.
2025-07-01T14:51:29.2708373Z ##[group]Run actions/upload-artifact@v4
2025-07-01T14:51:29.2708627Z with:
2025-07-01T14:51:29.2708824Z   name: warp-tmpnet-data
2025-07-01T14:51:29.2709233Z   path: ~/.tmpnet/networks
~/.tmpnet/prometheus/prometheus.log
~/.tmpnet/promtail/promtail.log

2025-07-01T14:51:29.2709671Z   if-no-files-found: error
2025-07-01T14:51:29.2709890Z   compression-level: 6
2025-07-01T14:51:29.2710091Z   overwrite: false
2025-07-01T14:51:29.2710291Z   include-hidden-files: false
2025-07-01T14:51:29.2710507Z env:
2025-07-01T14:51:29.2710684Z   TMPDIR: /home/runner/work/_temp
2025-07-01T14:51:29.2710911Z ##[endgroup]
2025-07-01T14:51:29.4826604Z Multiple search paths detected. Calculating the least common ancestor of all paths
2025-07-01T14:51:29.4832217Z The least common ancestor is /home/runner/.tmpnet. This will be the root directory of the artifact
2025-07-01T14:51:29.4833562Z With the provided path, there will be 2 files uploaded
2025-07-01T14:51:29.4838587Z Artifact name is valid!
2025-07-01T14:51:29.4840720Z Root directory input is valid!
2025-07-01T14:51:29.5893080Z Beginning upload of artifact content to blob storage
2025-07-01T14:51:29.6306370Z Uploaded bytes 1651
2025-07-01T14:51:29.6434488Z Finished uploading artifact content to blob storage!
2025-07-01T14:51:29.6438503Z SHA256 digest of uploaded artifact zip is 14bc3c541d2de2b26e1022c572db46b8a52400b63577874ebbe25ff6b9ac2129
2025-07-01T14:51:29.6439809Z Finalizing artifact upload
2025-07-01T14:51:29.7382962Z Artifact warp-tmpnet-data.zip successfully finalized. Artifact ID 3441732207
2025-07-01T14:51:29.7384697Z Artifact warp-tmpnet-data has been successfully uploaded! Final size is 1651 bytes. Artifact ID is 3441732207
2025-07-01T14:51:29.7390827Z Artifact download URL: https://github.com/ava-labs/subnet-evm/actions/runs/16002582210/artifacts/3441732207
2025-07-01T14:51:29.7561022Z Post job cleanup.
2025-07-01T14:51:29.8508118Z [command]/usr/bin/git version
2025-07-01T14:51:29.8544894Z git version 2.49.0
2025-07-01T14:51:29.8594123Z Temporarily overriding HOME='/home/runner/work/_temp/92b7620c-1e91-45b5-ae78-bfa0dd8e09d5' before making global git config changes
2025-07-01T14:51:29.8595600Z Adding repository directory to the temporary git global config as a safe directory
2025-07-01T14:51:29.8599610Z [command]/usr/bin/git config --global --add safe.directory /home/runner/work/subnet-evm/subnet-evm
2025-07-01T14:51:29.8637975Z [command]/usr/bin/git config --local --name-only --get-regexp core\.sshCommand
2025-07-01T14:51:29.8672987Z [command]/usr/bin/git submodule foreach --recursive sh -c "git config --local --name-only --get-regexp 'core\.sshCommand' && git config --local --unset-all 'core.sshCommand' || :"
2025-07-01T14:51:29.8911342Z [command]/usr/bin/git config --local --name-only --get-regexp http\.https\:\/\/github\.com\/\.extraheader
2025-07-01T14:51:29.8933530Z http.https://github.com/.extraheader
2025-07-01T14:51:29.8947079Z [command]/usr/bin/git config --local --unset-all http.https://github.com/.extraheader
2025-07-01T14:51:29.8980131Z [command]/usr/bin/git submodule foreach --recursive sh -c "git config --local --name-only --get-regexp 'http\.https\:\/\/github\.com\/\.extraheader' && git config --local --unset-all 'http.https://github.com/.extraheader' || :"
2025-07-01T14:51:29.9319100Z Cleaning up orphan processes
2025-07-01T14:51:29.9670067Z Terminate orphan process: pid (19291) (prometheus)
2025-07-01T14:51:29.9728768Z Terminate orphan process: pid (19302) (.promtail-wrapp)
