2025-07-01T16:10:26.8041446Z ##[group]Run ava-labs/avalanchego/.github/actions/run-monitored-tmpnet-cmd@092cf182dd92b66a8ab882b657d3ae52b174c913
2025-07-01T16:10:26.8042011Z with:
2025-07-01T16:10:26.8042250Z   run: ./scripts/run_task.sh test-e2e-warp-ci
2025-07-01T16:10:26.8042605Z   run_env: AVALANCHEGO_BUILD_PATH=/tmp/e2e-test/avalanchego
2025-07-01T16:10:26.8042940Z   artifact_prefix: warp
2025-07-01T16:10:26.8043254Z   prometheus_username: ***
2025-07-01T16:10:26.8043604Z   prometheus_password: ***
2025-07-01T16:10:26.8044093Z   loki_username: ***
2025-07-01T16:10:26.8044403Z   loki_password: ***
2025-07-01T16:10:26.8044616Z   runtime: process
2025-07-01T16:10:26.8044840Z   repository_owner: ava-labs
2025-07-01T16:10:26.8045095Z   repository_name: subnet-evm
2025-07-01T16:10:26.8059030Z   workflow: Tests
2025-07-01T16:10:26.8059268Z   run_id: 16004559474
2025-07-01T16:10:26.8059496Z   run_number: 2079
2025-07-01T16:10:26.8059701Z   run_attempt: 1
2025-07-01T16:10:26.8059910Z   job: e2e_warp
2025-07-01T16:10:26.8060116Z ##[endgroup]
2025-07-01T16:10:26.8154003Z ##[group]Run cachix/install-nix-action@02a151ada4993995686f9ed4f1be7cfbb229e56f
2025-07-01T16:10:26.8154409Z with:
2025-07-01T16:10:26.8154605Z   enable_kvm: true
2025-07-01T16:10:26.8154813Z ##[endgroup]
2025-07-01T16:10:26.8177018Z ##[group]Run ${GITHUB_ACTION_PATH}/install-nix.sh
2025-07-01T16:10:26.8177598Z [36;1m${GITHUB_ACTION_PATH}/install-nix.sh[0m
2025-07-01T16:10:26.8234663Z shell: /usr/bin/bash --noprofile --norc -e -o pipefail {0}
2025-07-01T16:10:26.8235001Z env:
2025-07-01T16:10:26.8235207Z   INPUT_EXTRA_NIX_CONFIG: 
2025-07-01T16:10:26.8235456Z   INPUT_GITHUB_ACCESS_TOKEN: 
2025-07-01T16:10:26.8235702Z   INPUT_INSTALL_OPTIONS: 
2025-07-01T16:10:26.8235925Z   INPUT_INSTALL_URL: 
2025-07-01T16:10:26.8236134Z   INPUT_NIX_PATH: 
2025-07-01T16:10:26.8236346Z   INPUT_ENABLE_KVM: true
2025-07-01T16:10:26.8236751Z   GITHUB_TOKEN: ***
2025-07-01T16:10:26.8236973Z ##[endgroup]
2025-07-01T16:10:26.8345280Z ##[group]Enabling KVM support
2025-07-01T16:10:26.8414903Z KERNEL=="kvm", GROUP="kvm", MODE="0666", OPTIONS+="static_node=kvm"
2025-07-01T16:10:26.8726745Z Enabled KVM
2025-07-01T16:10:26.8727615Z ##[endgroup]
2025-07-01T16:10:26.8728216Z ##[group]Installing Nix
2025-07-01T16:10:26.9027534Z installer options: --no-channel-add --darwin-use-unencrypted-nix-store-volume --nix-extra-conf-file /tmp/tmp.l2eLi7aVvp/nix.conf --daemon --daemon-user-count 8
2025-07-01T16:10:26.9130166Z * Host releases.nixos.org:443 was resolved.
2025-07-01T16:10:26.9130767Z * IPv6: 2a04:4e42:2f::729
2025-07-01T16:10:26.9131116Z * IPv4: 151.101.202.217
2025-07-01T16:10:26.9131467Z *   Trying 151.101.202.217:443...
2025-07-01T16:10:26.9140818Z * Connected to releases.nixos.org (151.101.202.217) port 443
2025-07-01T16:10:26.9154569Z * ALPN: curl offers h2,http/1.1
2025-07-01T16:10:26.9156380Z } [5 bytes data]
2025-07-01T16:10:26.9157110Z * TLSv1.3 (OUT), TLS handshake, Client hello (1):
2025-07-01T16:10:26.9157752Z } [512 bytes data]
2025-07-01T16:10:26.9368447Z *  CAfile: /etc/ssl/certs/ca-certificates.crt
2025-07-01T16:10:26.9369227Z *  CApath: /etc/ssl/certs
2025-07-01T16:10:26.9369584Z { [5 bytes data]
2025-07-01T16:10:26.9370038Z * TLSv1.3 (IN), TLS handshake, Server hello (2):
2025-07-01T16:10:26.9370480Z { [104 bytes data]
2025-07-01T16:10:26.9370911Z * TLSv1.2 (IN), TLS handshake, Certificate (11):
2025-07-01T16:10:26.9371339Z { [2827 bytes data]
2025-07-01T16:10:26.9374870Z * TLSv1.2 (IN), TLS handshake, Server key exchange (12):
2025-07-01T16:10:26.9375668Z { [300 bytes data]
2025-07-01T16:10:26.9376304Z * TLSv1.2 (IN), TLS handshake, Server finished (14):
2025-07-01T16:10:26.9376754Z { [4 bytes data]
2025-07-01T16:10:26.9377446Z * TLSv1.2 (OUT), TLS handshake, Client key exchange (16):
2025-07-01T16:10:26.9378095Z } [37 bytes data]
2025-07-01T16:10:26.9378775Z * TLSv1.2 (OUT), TLS change cipher, Change cipher spec (1):
2025-07-01T16:10:26.9379404Z } [1 bytes data]
2025-07-01T16:10:26.9379829Z * TLSv1.2 (OUT), TLS handshake, Finished (20):
2025-07-01T16:10:26.9380211Z } [16 bytes data]
2025-07-01T16:10:26.9479305Z * TLSv1.2 (IN), TLS handshake, Finished (20):
2025-07-01T16:10:26.9479987Z { [16 bytes data]
2025-07-01T16:10:26.9480981Z * SSL connection using TLSv1.2 / ECDHE-RSA-CHACHA20-POLY1305 / X25519 / RSASSA-PSS
2025-07-01T16:10:26.9481914Z * ALPN: server accepted h2
2025-07-01T16:10:26.9482447Z * Server certificate:
2025-07-01T16:10:26.9483007Z *  subject: CN=releases.nixos.org
2025-07-01T16:10:26.9483470Z *  start date: Oct 11 20:56:16 2024 GMT
2025-07-01T16:10:26.9484137Z *  expire date: Nov 12 20:56:15 2025 GMT
2025-07-01T16:10:26.9484864Z *  subjectAltName: host "releases.nixos.org" matched cert's "releases.nixos.org"
2025-07-01T16:10:26.9485733Z *  issuer: C=BE; O=GlobalSign nv-sa; CN=GlobalSign Atlas R3 DV TLS CA 2024 Q4
2025-07-01T16:10:26.9486209Z *  SSL certificate verify ok.
2025-07-01T16:10:26.9486909Z *   Certificate level 0: Public key type RSA (2048/112 Bits/secBits), signed using sha256WithRSAEncryption
2025-07-01T16:10:26.9487838Z *   Certificate level 1: Public key type RSA (2048/112 Bits/secBits), signed using sha256WithRSAEncryption
2025-07-01T16:10:26.9488885Z *   Certificate level 2: Public key type RSA (2048/112 Bits/secBits), signed using sha256WithRSAEncryption
2025-07-01T16:10:26.9489426Z } [5 bytes data]
2025-07-01T16:10:26.9489783Z * using HTTP/2
2025-07-01T16:10:26.9490460Z * [HTTP/2] [1] OPENED stream for https://releases.nixos.org/nix/nix-2.26.3/install
2025-07-01T16:10:26.9491502Z * [HTTP/2] [1] [:method: GET]
2025-07-01T16:10:26.9491848Z * [HTTP/2] [1] [:scheme: https]
2025-07-01T16:10:26.9492950Z * [HTTP/2] [1] [:authority: releases.nixos.org]
2025-07-01T16:10:26.9493646Z * [HTTP/2] [1] [:path: /nix/nix-2.26.3/install]
2025-07-01T16:10:26.9494190Z * [HTTP/2] [1] [user-agent: curl/8.5.0]
2025-07-01T16:10:26.9494557Z * [HTTP/2] [1] [accept: */*]
2025-07-01T16:10:26.9494957Z } [5 bytes data]
2025-07-01T16:10:26.9495362Z > GET /nix/nix-2.26.3/install HTTP/2
2025-07-01T16:10:26.9495716Z > Host: releases.nixos.org
2025-07-01T16:10:26.9496085Z > User-Agent: curl/8.5.0
2025-07-01T16:10:26.9496363Z > Accept: */*
2025-07-01T16:10:26.9496566Z > 
2025-07-01T16:10:26.9496777Z { [5 bytes data]
2025-07-01T16:10:26.9496996Z < HTTP/2 200 
2025-07-01T16:10:26.9497302Z < last-modified: Wed, 05 Mar 2025 18:21:15 GMT
2025-07-01T16:10:26.9497794Z < etag: "c6753896884bce9b95ec3ca7be157ef6"
2025-07-01T16:10:26.9498162Z < x-amz-server-side-encryption: AES256
2025-07-01T16:10:26.9498490Z < content-type: text/plain
2025-07-01T16:10:26.9498754Z < server: AmazonS3
2025-07-01T16:10:26.9499019Z < via: 1.1 varnish, 1.1 varnish
2025-07-01T16:10:26.9499326Z < access-control-allow-origin: *
2025-07-01T16:10:26.9499611Z < accept-ranges: bytes
2025-07-01T16:10:26.9499904Z < date: Tue, 01 Jul 2025 16:10:26 GMT
2025-07-01T16:10:26.9500169Z < age: 88441
2025-07-01T16:10:26.9500527Z < x-served-by: cache-dub4357-DUB, cache-pao-kpao1770039-PAO
2025-07-01T16:10:26.9500888Z < x-cache: HIT, HIT
2025-07-01T16:10:26.9501121Z < x-cache-hits: 435, 6
2025-07-01T16:10:26.9501369Z < content-length: 4267
2025-07-01T16:10:26.9501585Z < 
2025-07-01T16:10:26.9501777Z { [5 bytes data]
2025-07-01T16:10:26.9502116Z * Connection #0 to host releases.nixos.org left intact
2025-07-01T16:10:26.9573211Z downloading Nix 2.26.3 binary tarball for x86_64-linux from 'https://releases.nixos.org/nix/nix-2.26.3/nix-2.26.3-x86_64-linux.tar.xz' to '/tmp/nix-binary-tarball-unpack.RhcJF9bBbc'...
2025-07-01T16:10:26.9621034Z   % Total    % Received % Xferd  Average Speed   Time    Time     Time  Current
2025-07-01T16:10:26.9622464Z                                  Dload  Upload   Total   Spent    Left  Speed
2025-07-01T16:10:26.9622851Z 
2025-07-01T16:10:27.0713804Z   0     0    0     0    0     0      0      0 --:--:-- --:--:-- --:--:--     0
2025-07-01T16:10:27.0714974Z 100 22.6M  100 22.6M    0     0   207M      0 --:--:-- --:--:-- --:--:--  207M
2025-07-01T16:10:28.6766009Z Note: a multi-user installation is possible. See https://nixos.org/manual/nix/stable/installation/installing-binary.html#multi-user-installation
2025-07-01T16:10:28.6775630Z Warning: the flag --darwin-use-unencrypted-nix-store-volume
2025-07-01T16:10:28.6776585Z          is no longer needed and will be removed in the future.
2025-07-01T16:10:28.6776817Z 
2025-07-01T16:10:28.6786468Z [1;31mSwitching to the Multi-user Installer[0m
2025-07-01T16:10:28.6884882Z [32mWelcome to the Multi-User Nix Installation
2025-07-01T16:10:28.6894332Z [0m
2025-07-01T16:10:28.6895061Z This installation tool will set up your computer with the Nix package
2025-07-01T16:10:28.6895553Z manager. This will happen in a few stages:
2025-07-01T16:10:28.6895762Z 
2025-07-01T16:10:28.6896026Z 1. Make sure your computer doesn't already have Nix. If it does, I
2025-07-01T16:10:28.6896651Z    will show you instructions on how to clean up your old install.
2025-07-01T16:10:28.6897062Z 
2025-07-01T16:10:28.6897469Z 2. Show you what I am going to install and where. Then I will ask
2025-07-01T16:10:28.6897882Z    if you are ready to continue.
2025-07-01T16:10:28.6898052Z 
2025-07-01T16:10:28.6898503Z 3. Create the system users [34m(uids [30001..30008])[0m and groups [34m(gid 30000)[0m
2025-07-01T16:10:28.6899078Z    that the Nix daemon uses to run builds. To create system users
2025-07-01T16:10:28.6899558Z    in a different range, exit and run this tool again with
2025-07-01T16:10:28.6899907Z    NIX_FIRST_BUILD_UID set.
2025-07-01T16:10:28.6900336Z 
2025-07-01T16:10:28.6900578Z 4. Perform the basic installation of the Nix files daemon.
2025-07-01T16:10:28.6900820Z 
2025-07-01T16:10:28.6901092Z 5. Configure your shell to import special Nix Profile files, so you
2025-07-01T16:10:28.6901454Z    can use Nix.
2025-07-01T16:10:28.6901569Z 
2025-07-01T16:10:28.6901683Z 6. Start the Nix daemon.
2025-07-01T16:10:28.6901824Z 
2025-07-01T16:10:28.6902191Z [32m[4;32mWould you like to see a more detailed list of what I will do?
2025-07-01T16:10:28.6902667Z [0mNo TTY, assuming you would say yes :)
2025-07-01T16:10:28.6906580Z 
2025-07-01T16:10:28.6906751Z I will:
2025-07-01T16:10:28.6906928Z 
2025-07-01T16:10:28.6907276Z  - make sure your computer doesn't already have Nix files
2025-07-01T16:10:28.6907832Z    (if it does, I will tell you how to clean them up.)
2025-07-01T16:10:28.6908294Z  - create local users (see the list above for the users I'll make)
2025-07-01T16:10:28.6908706Z  - create a local group (nixbld)
2025-07-01T16:10:28.6908966Z  - install Nix in /nix
2025-07-01T16:10:28.6909251Z  - create a configuration file in /etc/nix
2025-07-01T16:10:28.6909664Z  - set up the "default profile" by creating some Nix-related files in
2025-07-01T16:10:28.6910015Z    /root
2025-07-01T16:10:28.6920809Z  - back up /etc/bash.bashrc to /etc/bash.bashrc.backup-before-nix
2025-07-01T16:10:28.6921346Z  - update /etc/bash.bashrc to include some Nix configuration
2025-07-01T16:10:28.6931993Z  - load and start a service (at /etc/systemd/system/nix-daemon.service
2025-07-01T16:10:28.6932554Z    and /etc/systemd/system/nix-daemon.socket) for nix-daemon
2025-07-01T16:10:28.6932889Z 
2025-07-01T16:10:28.6935196Z [32m[4;32mReady to continue?
2025-07-01T16:10:28.6935880Z [0mNo TTY, assuming you would say yes :)
2025-07-01T16:10:28.6957175Z 
2025-07-01T16:10:28.6958159Z [34m---- let's talk about sudo -----------------------------------------------------
2025-07-01T16:10:28.6968306Z [0mThis script is going to call sudo a lot. Normally, it would show you
2025-07-01T16:10:28.6969239Z exactly what commands it is running and why. However, the script is
2025-07-01T16:10:28.6969971Z run in a headless fashion, like this:
2025-07-01T16:10:28.6970276Z 
2025-07-01T16:10:28.6970621Z   $ curl -L https://nixos.org/nix/install | sh
2025-07-01T16:10:28.6971023Z 
2025-07-01T16:10:28.6971445Z or maybe in a CI pipeline. Because of that, I'm going to skip the
2025-07-01T16:10:28.6972136Z verbose output in the interest of brevity.
2025-07-01T16:10:28.6972437Z 
2025-07-01T16:10:28.6972618Z If you would like to
2025-07-01T16:10:28.6973051Z see the output, try like this:
2025-07-01T16:10:28.6973314Z 
2025-07-01T16:10:28.6973684Z   $ curl -L -o install-nix https://nixos.org/nix/install
2025-07-01T16:10:28.6974705Z   $ sh ./install-nix
2025-07-01T16:10:28.6974912Z 
2025-07-01T16:10:28.6976657Z 
2025-07-01T16:10:28.6977215Z [32m~~> Checking for artifacts of previous installs
2025-07-01T16:10:28.6986950Z [0mBefore I try to install, I'll check for signs Nix already is or has
2025-07-01T16:10:28.6987381Z been installed on this system.
2025-07-01T16:10:28.7022124Z 
2025-07-01T16:10:28.7022995Z [34m---- Nix config report ---------------------------------------------------------
2025-07-01T16:10:28.7024038Z [0m[1m        Temp Dir[0m:	/tmp/tmp.Xy7SUE6udX
2025-07-01T16:10:28.7024660Z [1m        Nix Root[0m:	/nix
2025-07-01T16:10:28.7025136Z [1m     Build Users[0m:	8
2025-07-01T16:10:28.7025460Z [1m  Build Group ID[0m:	30000
2025-07-01T16:10:28.7025785Z [1mBuild Group Name[0m:	nixbld
2025-07-01T16:10:28.7026046Z 
2025-07-01T16:10:28.7026270Z [4;34mbuild users:
2025-07-01T16:10:28.7026712Z [0m[1m    Username[0m:	UID
2025-07-01T16:10:28.7058424Z [1m     nixbld1[0m:	30001
2025-07-01T16:10:28.7068816Z [1m     nixbld2[0m:	30002
2025-07-01T16:10:28.7078861Z [1m     nixbld3[0m:	30003
2025-07-01T16:10:28.7089046Z [1m     nixbld4[0m:	30004
2025-07-01T16:10:28.7098872Z [1m     nixbld5[0m:	30005
2025-07-01T16:10:28.7109033Z [1m     nixbld6[0m:	30006
2025-07-01T16:10:28.7118940Z [1m     nixbld7[0m:	30007
2025-07-01T16:10:28.7129032Z [1m     nixbld8[0m:	30008
2025-07-01T16:10:28.7129312Z 
2025-07-01T16:10:28.7129618Z [32m[4;32mReady to continue?
2025-07-01T16:10:28.7130242Z [0mNo TTY, assuming you would say yes :)
2025-07-01T16:10:28.7130572Z 
2025-07-01T16:10:28.7130937Z [32m~~> Setting up the build group nixbld
2025-07-01T16:10:28.7530103Z [0m[1m            Created[0m:	Yes
2025-07-01T16:10:28.7555946Z 
2025-07-01T16:10:28.7556603Z [32m~~> Setting up the build user nixbld1
2025-07-01T16:10:28.7727459Z useradd warning: nixbld1's uid 30001 is greater than SYS_UID_MAX 999
2025-07-01T16:10:28.7829737Z [0m[1m           Created[0m:	Yes
2025-07-01T16:10:28.7835297Z [1m            Hidden[0m:	Yes
2025-07-01T16:10:28.7854303Z [1m    Home Directory[0m:	/var/empty
2025-07-01T16:10:28.7874716Z [1m              Note[0m:	Nix build user 1
2025-07-01T16:10:28.7892430Z [1m   Logins Disabled[0m:	Yes
2025-07-01T16:10:28.7916505Z [1m  Member of nixbld[0m:	Yes
2025-07-01T16:10:28.7939050Z [1m    PrimaryGroupID[0m:	30000
2025-07-01T16:10:28.7949974Z 
2025-07-01T16:10:28.7950490Z [32m~~> Setting up the build user nixbld2
2025-07-01T16:10:28.8098508Z useradd warning: nixbld2's uid 30002 is greater than SYS_UID_MAX 999
2025-07-01T16:10:28.8200436Z [0m[1m           Created[0m:	Yes
2025-07-01T16:10:28.8206526Z [1m            Hidden[0m:	Yes
2025-07-01T16:10:28.8225677Z [1m    Home Directory[0m:	/var/empty
2025-07-01T16:10:28.8246619Z [1m              Note[0m:	Nix build user 2
2025-07-01T16:10:28.8264751Z [1m   Logins Disabled[0m:	Yes
2025-07-01T16:10:28.8286401Z [1m  Member of nixbld[0m:	Yes
2025-07-01T16:10:28.8303358Z [1m    PrimaryGroupID[0m:	30000
2025-07-01T16:10:28.8314355Z 
2025-07-01T16:10:28.8314952Z [32m~~> Setting up the build user nixbld3
2025-07-01T16:10:28.8457952Z useradd warning: nixbld3's uid 30003 is greater than SYS_UID_MAX 999
2025-07-01T16:10:28.8551659Z [0m[1m           Created[0m:	Yes
2025-07-01T16:10:28.8557378Z [1m            Hidden[0m:	Yes
2025-07-01T16:10:28.8576963Z [1m    Home Directory[0m:	/var/empty
2025-07-01T16:10:28.8597628Z [1m              Note[0m:	Nix build user 3
2025-07-01T16:10:28.8615568Z [1m   Logins Disabled[0m:	Yes
2025-07-01T16:10:28.8635031Z [1m  Member of nixbld[0m:	Yes
2025-07-01T16:10:28.8652485Z [1m    PrimaryGroupID[0m:	30000
2025-07-01T16:10:28.8663366Z 
2025-07-01T16:10:28.8663796Z [32m~~> Setting up the build user nixbld4
2025-07-01T16:10:28.8802914Z useradd warning: nixbld4's uid 30004 is greater than SYS_UID_MAX 999
2025-07-01T16:10:28.8893664Z [0m[1m           Created[0m:	Yes
2025-07-01T16:10:28.8899639Z [1m            Hidden[0m:	Yes
2025-07-01T16:10:28.8918957Z [1m    Home Directory[0m:	/var/empty
2025-07-01T16:10:28.8941589Z [1m              Note[0m:	Nix build user 4
2025-07-01T16:10:28.8960547Z [1m   Logins Disabled[0m:	Yes
2025-07-01T16:10:28.8980393Z [1m  Member of nixbld[0m:	Yes
2025-07-01T16:10:28.8998581Z [1m    PrimaryGroupID[0m:	30000
2025-07-01T16:10:28.9009263Z 
2025-07-01T16:10:28.9009803Z [32m~~> Setting up the build user nixbld5
2025-07-01T16:10:28.9155472Z useradd warning: nixbld5's uid 30005 is greater than SYS_UID_MAX 999
2025-07-01T16:10:28.9246099Z [0m[1m           Created[0m:	Yes
2025-07-01T16:10:28.9251681Z [1m            Hidden[0m:	Yes
2025-07-01T16:10:28.9272516Z [1m    Home Directory[0m:	/var/empty
2025-07-01T16:10:28.9294192Z [1m              Note[0m:	Nix build user 5
2025-07-01T16:10:28.9312236Z [1m   Logins Disabled[0m:	Yes
2025-07-01T16:10:28.9331453Z [1m  Member of nixbld[0m:	Yes
2025-07-01T16:10:28.9349830Z [1m    PrimaryGroupID[0m:	30000
2025-07-01T16:10:28.9360515Z 
2025-07-01T16:10:28.9361077Z [32m~~> Setting up the build user nixbld6
2025-07-01T16:10:28.9500106Z useradd warning: nixbld6's uid 30006 is greater than SYS_UID_MAX 999
2025-07-01T16:10:28.9598850Z [0m[1m           Created[0m:	Yes
2025-07-01T16:10:28.9604536Z [1m            Hidden[0m:	Yes
2025-07-01T16:10:28.9623265Z [1m    Home Directory[0m:	/var/empty
2025-07-01T16:10:28.9644318Z [1m              Note[0m:	Nix build user 6
2025-07-01T16:10:28.9662204Z [1m   Logins Disabled[0m:	Yes
2025-07-01T16:10:28.9681592Z [1m  Member of nixbld[0m:	Yes
2025-07-01T16:10:28.9699854Z [1m    PrimaryGroupID[0m:	30000
2025-07-01T16:10:28.9710411Z 
2025-07-01T16:10:28.9710942Z [32m~~> Setting up the build user nixbld7
2025-07-01T16:10:28.9903403Z useradd warning: nixbld7's uid 30007 is greater than SYS_UID_MAX 999
2025-07-01T16:10:28.9994925Z [0m[1m           Created[0m:	Yes
2025-07-01T16:10:29.0000580Z [1m            Hidden[0m:	Yes
2025-07-01T16:10:29.0020178Z [1m    Home Directory[0m:	/var/empty
2025-07-01T16:10:29.0040885Z [1m              Note[0m:	Nix build user 7
2025-07-01T16:10:29.0059173Z [1m   Logins Disabled[0m:	Yes
2025-07-01T16:10:29.0078559Z [1m  Member of nixbld[0m:	Yes
2025-07-01T16:10:29.0096644Z [1m    PrimaryGroupID[0m:	30000
2025-07-01T16:10:29.0107347Z 
2025-07-01T16:10:29.0107757Z [32m~~> Setting up the build user nixbld8
2025-07-01T16:10:29.0246292Z useradd warning: nixbld8's uid 30008 is greater than SYS_UID_MAX 999
2025-07-01T16:10:29.0348583Z [0m[1m           Created[0m:	Yes
2025-07-01T16:10:29.0354344Z [1m            Hidden[0m:	Yes
2025-07-01T16:10:29.0373390Z [1m    Home Directory[0m:	/var/empty
2025-07-01T16:10:29.0394335Z [1m              Note[0m:	Nix build user 8
2025-07-01T16:10:29.0412655Z [1m   Logins Disabled[0m:	Yes
2025-07-01T16:10:29.0431905Z [1m  Member of nixbld[0m:	Yes
2025-07-01T16:10:29.0450162Z [1m    PrimaryGroupID[0m:	30000
2025-07-01T16:10:29.0450518Z 
2025-07-01T16:10:29.0450862Z [32m~~> Setting up the basic directory structure
2025-07-01T16:10:29.0539277Z [0minstall: creating directory '/nix'
2025-07-01T16:10:29.0539731Z install: creating directory '/nix/var'
2025-07-01T16:10:29.0540090Z install: creating directory '/nix/var/log'
2025-07-01T16:10:29.0540448Z install: creating directory '/nix/var/log/nix'
2025-07-01T16:10:29.0540830Z install: creating directory '/nix/var/log/nix/drvs'
2025-07-01T16:10:29.0541189Z install: creating directory '/nix/var/nix'
2025-07-01T16:10:29.0541775Z install: creating directory '/nix/var/nix/db'
2025-07-01T16:10:29.0542421Z install: creating directory '/nix/var/nix/gcroots'
2025-07-01T16:10:29.0542823Z install: creating directory '/nix/var/nix/profiles'
2025-07-01T16:10:29.0543234Z install: creating directory '/nix/var/nix/temproots'
2025-07-01T16:10:29.0543763Z install: creating directory '/nix/var/nix/userpool'
2025-07-01T16:10:29.0545046Z install: creating directory '/nix/var/nix/daemon-socket'
2025-07-01T16:10:29.0545529Z install: creating directory '/nix/var/nix/gcroots/per-user'
2025-07-01T16:10:29.0546011Z install: creating directory '/nix/var/nix/profiles/per-user'
2025-07-01T16:10:29.0626335Z install: creating directory '/nix/store'
2025-07-01T16:10:29.0711112Z install: creating directory '/etc/nix'
2025-07-01T16:10:29.0721388Z 
2025-07-01T16:10:29.0721917Z [32m~~> Installing Nix
2025-07-01T16:10:29.2705865Z [0m      Alright! We have our first nix at /nix/store/x3235311q3n51rppm2y2ycwd7nb3mgpn-nix-2.26.3
2025-07-01T16:10:29.3163520Z       Just finished getting the nix database ready.
2025-07-01T16:10:29.3166415Z 
2025-07-01T16:10:29.3167944Z [32m~~> Setting up shell profiles: /etc/bashrc /etc/profile.d/nix.sh /etc/zshrc /etc/bash.bashrc /etc/zsh/zshrc
2025-07-01T16:10:29.3341574Z [0m
2025-07-01T16:10:29.3341978Z # Nix
2025-07-01T16:10:29.3342519Z if [ -e '/nix/var/nix/profiles/default/etc/profile.d/nix-daemon.sh' ]; then
2025-07-01T16:10:29.3343097Z   . '/nix/var/nix/profiles/default/etc/profile.d/nix-daemon.sh'
2025-07-01T16:10:29.3343627Z fi
2025-07-01T16:10:29.3344314Z # End Nix
2025-07-01T16:10:29.3344442Z 
2025-07-01T16:10:29.3532266Z 
2025-07-01T16:10:29.3532953Z # Nix
2025-07-01T16:10:29.3535013Z if [ -e '/nix/var/nix/profiles/default/etc/profile.d/nix-daemon.sh' ]; then
2025-07-01T16:10:29.3536034Z   . '/nix/var/nix/profiles/default/etc/profile.d/nix-daemon.sh'
2025-07-01T16:10:29.3536595Z fi
2025-07-01T16:10:29.3536874Z # End Nix
2025-07-01T16:10:29.3537043Z 
2025-07-01T16:10:29.3721497Z 
2025-07-01T16:10:29.3722445Z # Nix
2025-07-01T16:10:29.3723312Z if [ -e '/nix/var/nix/profiles/default/etc/profile.d/nix-daemon.sh' ]; then
2025-07-01T16:10:29.3724632Z   . '/nix/var/nix/profiles/default/etc/profile.d/nix-daemon.sh'
2025-07-01T16:10:29.3725221Z fi
2025-07-01T16:10:29.3725522Z # End Nix
2025-07-01T16:10:29.3725701Z 
2025-07-01T16:10:29.3907637Z 
2025-07-01T16:10:29.3908187Z # Nix
2025-07-01T16:10:29.3908887Z if [ -e '/nix/var/nix/profiles/default/etc/profile.d/nix-daemon.sh' ]; then
2025-07-01T16:10:29.3909513Z   . '/nix/var/nix/profiles/default/etc/profile.d/nix-daemon.sh'
2025-07-01T16:10:29.3910013Z fi
2025-07-01T16:10:29.3910338Z # End Nix
2025-07-01T16:10:29.3910554Z 
2025-07-01T16:10:29.3935347Z 
2025-07-01T16:10:29.3936950Z [32m~~> Setting up shell profiles for Fish with conf.d/nix.fish inside /etc/fish /usr/local/etc/fish /opt/homebrew/etc/fish /opt/local/etc/fish
2025-07-01T16:10:29.4006238Z [0m
2025-07-01T16:10:29.4007021Z [32m~~> Setting up the default profile
2025-07-01T16:10:29.4330198Z installing 'nix-2.26.3'
2025-07-01T16:10:29.4468838Z building '/nix/store/5afca9ydks0pp5szkwwhi7a6m2zmgk9g-user-environment.drv'...
2025-07-01T16:10:29.4885686Z installing 'nss-cacert-3.107'
2025-07-01T16:10:29.5020784Z building '/nix/store/ilxzpc39hcw5jr229rmajjkyz1a0fym1-user-environment.drv'...
2025-07-01T16:10:29.5236619Z [0m
2025-07-01T16:10:29.5237193Z [32m~~> Setting up the nix-daemon systemd service
2025-07-01T16:10:29.5625301Z Created symlink /etc/systemd/system/nix-daemon.service → /nix/var/nix/profiles/default/lib/systemd/system/nix-daemon.service.
2025-07-01T16:10:29.8355677Z Created symlink /etc/systemd/system/nix-daemon.socket → /nix/var/nix/profiles/default/lib/systemd/system/nix-daemon.socket.
2025-07-01T16:10:29.8357251Z Created symlink /etc/systemd/system/sockets.target.wants/nix-daemon.socket → /nix/var/nix/profiles/default/lib/systemd/system/nix-daemon.socket.
2025-07-01T16:10:30.4083394Z [0m[32mAlright! We're done!
2025-07-01T16:10:30.4105683Z [0mTry it! Open a new terminal, and type:
2025-07-01T16:10:30.4106162Z 
2025-07-01T16:10:30.4106511Z   $ nix-shell -p nix-info --run "nix-info -m"
2025-07-01T16:10:30.4106872Z 
2025-07-01T16:10:30.4107366Z Thank you for using this installer. If you have any feedback or need
2025-07-01T16:10:30.4108043Z help, don't hesitate:
2025-07-01T16:10:30.4108291Z 
2025-07-01T16:10:30.4108493Z You can open an issue at
2025-07-01T16:10:30.4109319Z https://github.com/NixOS/nix/issues/new?labels=installer&template=installer.md
2025-07-01T16:10:30.4109872Z 
2025-07-01T16:10:30.4110303Z Or get in touch with the community: https://nixos.org/community
2025-07-01T16:10:30.4126067Z 
2025-07-01T16:10:30.4127307Z [34m---- Reminders -----------------------------------------------------------------
2025-07-01T16:10:30.4128353Z [0m[34m[ 1 ][0m
2025-07-01T16:10:30.4131770Z Nix won't work in active shell sessions until you restart them.
2025-07-01T16:10:30.4132223Z 
2025-07-01T16:10:30.4834440Z ##[endgroup]
2025-07-01T16:10:30.4911147Z ##[group]Run /home/runner/work/_actions/ava-labs/avalanchego/092cf182dd92b66a8ab882b657d3ae52b174c913/.github/actions/run-monitored-tmpnet-cmd/nix-develop.sh --command echo "dependencies installed"
2025-07-01T16:10:30.4912568Z [36;1m/home/runner/work/_actions/ava-labs/avalanchego/092cf182dd92b66a8ab882b657d3ae52b174c913/.github/actions/run-monitored-tmpnet-cmd/nix-develop.sh --command echo "dependencies installed"[0m
2025-07-01T16:10:30.4973109Z shell: /usr/bin/bash --noprofile --norc -e -o pipefail {0}
2025-07-01T16:10:30.4973460Z env:
2025-07-01T16:10:30.4973650Z   TMPDIR: /home/runner/work/_temp
2025-07-01T16:10:30.4974089Z ##[endgroup]
2025-07-01T16:10:30.5077830Z No local flake found, will attempt to use avalanchego flake
2025-07-01T16:10:30.5165694Z Starting nix shell for github:ava-labs/avalanchego?ref=v1.13.2
2025-07-01T16:10:30.7944504Z unpacking 'github:ava-labs/avalanchego/092cf182dd92b66a8ab882b657d3ae52b174c913' into the Git cache...
2025-07-01T16:10:32.5540719Z copying path '/nix/store/i99indk3y6pc3sm0k1xx3nakm193lqzb-source' from 'https://cache.nixos.org'...
2025-07-01T16:10:48.7558611Z copying path '/nix/store/899rx4l5zz1za8nx7ijp7swv5ibc8wx2-git-2.47.2-doc' from 'https://cache.nixos.org'...
2025-07-01T16:10:48.7565148Z copying path '/nix/store/zpab59ialz19x6f65jbjf5xb8waa54av-iana-etc-20240318' from 'https://cache.nixos.org'...
2025-07-01T16:10:48.7592089Z copying path '/nix/store/dgzz9k53hz1qgklnj9667xzliyidj9cs-mailcap-2.1.54' from 'https://cache.nixos.org'...
2025-07-01T16:10:48.7604180Z copying path '/nix/store/hnpph37w6p5jfspwf5pksljpf0wqwjg3-perl5.40.0-Digest-HMAC-1.04' from 'https://cache.nixos.org'...
2025-07-01T16:10:48.7613200Z copying path '/nix/store/cnb01qfmg8c3irp630nplhwa201d7xsr-perl5.40.0-FCGI-ProcManager-0.28' from 'https://cache.nixos.org'...
2025-07-01T16:10:48.7620839Z copying path '/nix/store/v657ak4hdkixvq99rk3qvyh28in945dv-perl5.40.0-HTML-TagCloud-0.38' from 'https://cache.nixos.org'...
2025-07-01T16:10:48.7634688Z copying path '/nix/store/9qrv0d0yd9wss610gjzv3507ry6v9mzw-perl5.40.0-URI-5.21' from 'https://cache.nixos.org'...
2025-07-01T16:10:48.7639969Z copying path '/nix/store/pz7y4qd8lyhg9y6wmb9hynivx36f53zp-perl5.40.0-libnet-3.15' from 'https://cache.nixos.org'...
2025-07-01T16:10:48.7651220Z copying path '/nix/store/l6mypzy4rvkxd5kwzs18d88syirislib-tzdata-2024b' from 'https://cache.nixos.org'...
2025-07-01T16:10:48.7676163Z copying path '/nix/store/czlhi3r9b6ip4xyynwibfhm458ljwsir-gcc-13.3.0-libgcc' from 'https://cache.nixos.org'...
2025-07-01T16:10:48.7679979Z copying path '/nix/store/d8qbcrirc6jidfacy0qa50zy07i15xcz-gnu-config-2024-01-01' from 'https://cache.nixos.org'...
2025-07-01T16:10:48.7722834Z copying path '/nix/store/krx6xw6wxakapdkviirq57yh3nl3227h-perl5.40.0-IO-HTML-1.004' from 'https://cache.nixos.org'...
2025-07-01T16:10:48.7726992Z copying path '/nix/store/3r0pprxsd9n52nb2yqq3idwb75d0spzd-perl5.40.0-LWP-MediaTypes-6.04' from 'https://cache.nixos.org'...
2025-07-01T16:10:48.7728950Z copying path '/nix/store/rscnjwdmhya0wcdmbygr3jpz6p39kvhr-perl5.40.0-Encode-Locale-1.05' from 'https://cache.nixos.org'...
2025-07-01T16:10:48.7736444Z copying path '/nix/store/w9yrswzdifcjhg0righ76aqb6bpslhkb-perl5.40.0-Mozilla-CA-20230821' from 'https://cache.nixos.org'...
2025-07-01T16:10:48.7741753Z copying path '/nix/store/74bbxwiamv62d2l089f1r8apv295vsry-perl5.40.0-HTML-Tagset-3.20' from 'https://cache.nixos.org'...
2025-07-01T16:10:48.7952865Z copying path '/nix/store/dvsai0ym9czjl5mcsarcdwccb70615n4-linux-headers-6.10' from 'https://cache.nixos.org'...
2025-07-01T16:10:48.7955139Z copying path '/nix/store/5ahjfkydg49xvbr3vghhv317prgspnf3-mirrors-list' from 'https://cache.nixos.org'...
2025-07-01T16:10:48.7972386Z copying path '/nix/store/swnhrfysvmwjvibcafm0im377pcfs80v-curl-8.12.1-man' from 'https://cache.nixos.org'...
2025-07-01T16:10:48.7975041Z copying path '/nix/store/x6i8jiz3yv3h209xfbz9a3ch1sm16167-dns-root-data-2024-06-20' from 'https://cache.nixos.org'...
2025-07-01T16:10:48.7977966Z copying path '/nix/store/970fk2m63qra4ybkpp99rw7mld9fphlv-nghttp2-1.64.0' from 'https://cache.nixos.org'...
2025-07-01T16:10:48.7979668Z copying path '/nix/store/maxa3xhmxggrc5v2vc0c3pjb79hjlkp9-glibc-2.40-66' from 'https://cache.nixos.org'...
2025-07-01T16:10:48.7981426Z copying path '/nix/store/frpqzb3223826xq72s0fcjmjmj50wpyn-perl5.40.0-Authen-SASL-2.1700' from 'https://cache.nixos.org'...
2025-07-01T16:10:48.7992496Z copying path '/nix/store/vlfgix8rcbj3l9yk0rna1damxkafbq18-perl5.40.0-Net-HTTP-6.23' from 'https://cache.nixos.org'...
2025-07-01T16:10:48.7996138Z copying path '/nix/store/hz5m52dx8x6vvi5pp0yikxb3b05bmi2j-perl5.40.0-Test-Needs-0.002010' from 'https://cache.nixos.org'...
2025-07-01T16:10:48.8008718Z copying path '/nix/store/vvjpgyk6jgd6k74pgpjrln6m6aqyiaig-perl5.40.0-Try-Tiny-0.31' from 'https://cache.nixos.org'...
2025-07-01T16:10:48.8010687Z copying path '/nix/store/6aqxgf5ygcscqsh4p9krd0dz2hc1cn0w-perl5.40.0-WWW-RobotRules-6.02' from 'https://cache.nixos.org'...
2025-07-01T16:10:48.8014131Z copying path '/nix/store/ldlsmrf2rrq28s08mzjk245vr26dwwhi-perl5.40.0-Test-RequiresInternet-0.05' from 'https://cache.nixos.org'...
2025-07-01T16:10:48.8016345Z copying path '/nix/store/5xvxvpl9armf0p6y9m4g1zl1mypvr9m7-perl5.40.0-TimeDate-2.33' from 'https://cache.nixos.org'...
2025-07-01T16:10:48.8092188Z copying path '/nix/store/lj7p9q5kgmdcq768rvsgvjndi42mjcn8-publicsuffix-list-0-unstable-2024-10-25' from 'https://cache.nixos.org'...
2025-07-01T16:10:48.8097654Z copying path '/nix/store/i9ymkbklv1q9yzl7wwx7300wbkqdln0r-update-autotools-gnu-config-scripts-hook' from 'https://cache.nixos.org'...
2025-07-01T16:10:48.8259324Z copying path '/nix/store/2h648f4xlzszyc01yf67xd2rgira65js-perl5.40.0-Test-Fatal-0.017' from 'https://cache.nixos.org'...
2025-07-01T16:10:48.8288148Z copying path '/nix/store/shx8jax9b662cd9nlml731hh9wks24v1-perl5.40.0-HTTP-Date-6.06' from 'https://cache.nixos.org'...
2025-07-01T16:10:48.8609054Z copying path '/nix/store/i9hiqc4dfksm9cpqvff39smfpn49zbj6-perl5.40.0-File-Listing-6.16' from 'https://cache.nixos.org'...
2025-07-01T16:10:48.8616708Z copying path '/nix/store/0m34prvcx3d3vd9f4djbaqji7yb9swsh-perl5.40.0-HTTP-CookieJar-0.014' from 'https://cache.nixos.org'...
2025-07-01T16:10:48.8941490Z copying path '/nix/store/as8g73awbgrhpf5p6qjnrd5v9anw74ix-go-task-3.39.2' from 'https://cache.nixos.org'...
2025-07-01T16:10:48.8946702Z copying path '/nix/store/19402vwa1rndilww6fpbviz0lza8846p-kind-0.24.0' from 'https://cache.nixos.org'...
2025-07-01T16:10:48.8948316Z copying path '/nix/store/23cshhh8k7z46gadr86krv15xphggawm-kubectl-1.31.2' from 'https://cache.nixos.org'...
2025-07-01T16:10:48.8954727Z copying path '/nix/store/i7r45jjmvfxiw8j7ihjx51jachylq1si-protoc-gen-go-1.35.1' from 'https://cache.nixos.org'...
2025-07-01T16:10:48.8956622Z copying path '/nix/store/1fqgvq0i498w4ynywyj224i49izzzqrk-protoc-gen-go-grpc-1.3.0' from 'https://cache.nixos.org'...
2025-07-01T16:10:49.3993336Z copying path '/nix/store/vlgwyb076hkz7yv96sjnj9msb1jn1ggz-attr-2.5.2' from 'https://cache.nixos.org'...
2025-07-01T16:10:49.3996411Z copying path '/nix/store/8vpg72ik2kgxfj05lc56hkqrdrfl8xi9-bash-5.2p37' from 'https://cache.nixos.org'...
2025-07-01T16:10:49.3999359Z copying path '/nix/store/83s1wqvrx7yvy3g6dmdr2icgg3qqbjcp-brotli-1.1.0-lib' from 'https://cache.nixos.org'...
2025-07-01T16:10:49.4010118Z copying path '/nix/store/qiisx6c7qpyzq522j3icsfhj8ayw6ah4-bzip2-1.0.8' from 'https://cache.nixos.org'...
2025-07-01T16:10:49.4011727Z copying path '/nix/store/c9z2sp8dyx1k0zk374v1142hmphashd0-buf-1.47.2' from 'https://cache.nixos.org'...
2025-07-01T16:10:49.4013476Z copying path '/nix/store/wg9gg3zkwcqhyycj0vkfnhgk5a4z9faq-ed-1.20.2' from 'https://cache.nixos.org'...
2025-07-01T16:10:49.4015462Z copying path '/nix/store/fcqfyri9kljs5jd7h556f004qmci1qin-expand-response-params' from 'https://cache.nixos.org'...
2025-07-01T16:10:49.4017515Z copying path '/nix/store/0hv5ymwkczx3ak8h3yldfbwbab33jnrw-expat-2.6.4' from 'https://cache.nixos.org'...
2025-07-01T16:10:49.4019193Z copying path '/nix/store/3p3fwczck2yn1wwfjnymzkz8w11vbvg7-gawk-5.3.1' from 'https://cache.nixos.org'...
2025-07-01T16:10:49.4021003Z copying path '/nix/store/mhd0rk497xm0xnip7262xdw9bylvzh99-gcc-13.3.0-lib' from 'https://cache.nixos.org'...
2025-07-01T16:10:49.4026467Z copying path '/nix/store/7zv1sq1k25gk2rvgxnm262vp5hydkv1a-gdbm-1.24-lib' from 'https://cache.nixos.org'...
2025-07-01T16:10:49.4028195Z copying path '/nix/store/cfb4pxnfh2sf4csk8xh7abfqv96k66nh-glibc-2.40-66-getent' from 'https://cache.nixos.org'...
2025-07-01T16:10:49.4029998Z copying path '/nix/store/2kiskq24j06g4qw3xs8zsy2dkawh4gxk-glibc-2.40-66-bin' from 'https://cache.nixos.org'...
2025-07-01T16:10:49.4031648Z copying path '/nix/store/8k19h07hh2g1w5kp5yglzddswnvdmxpy-gmp-6.3.0' from 'https://cache.nixos.org'...
2025-07-01T16:10:49.4033185Z copying path '/nix/store/m3da56j3r7h4hp0kr8v1xsnk16x900yf-gnumake-4.4.1' from 'https://cache.nixos.org'...
2025-07-01T16:10:49.4112450Z copying path '/nix/store/3ks7b6p43dpvnlnxgvlcy2jaf1np37p2-gnused-4.9' from 'https://cache.nixos.org'...
2025-07-01T16:10:49.4137186Z copying path '/nix/store/dyizbk50iglbibrbwbgw2mhgskwb6ham-acl-2.3.2' from 'https://cache.nixos.org'...
2025-07-01T16:10:49.4224174Z copying path '/nix/store/1fby1pxf0z16lgl728i2sqwqr2hrw2h8-json-c-0.17' from 'https://cache.nixos.org'...
2025-07-01T16:10:49.4237651Z copying path '/nix/store/mwwpv4k7skbx4vr2qjc89pvs7mhmgapb-k9s-0.32.7' from 'https://cache.nixos.org'...
2025-07-01T16:10:49.4247376Z copying path '/nix/store/yyfzan4mn874v885jy6fs598gjb31c4l-bzip2-1.0.8-bin' from 'https://cache.nixos.org'...
2025-07-01T16:10:49.4255954Z copying path '/nix/store/r4p475lxvaklr9rj8l2a4sahkx5c0209-getent-glibc-2.40-66' from 'https://cache.nixos.org'...
2025-07-01T16:10:49.4373014Z copying path '/nix/store/79kh226vw8rrk62jbs27hdad1clwy447-keyutils-1.6.3-lib' from 'https://cache.nixos.org'...
2025-07-01T16:10:49.4456452Z copying path '/nix/store/wnsn67xb3i072b6i496y002byvc3ipa3-kubernetes-helm-3.16.3' from 'https://cache.nixos.org'...
2025-07-01T16:10:49.4613655Z copying path '/nix/store/bpzy7snv1xr7s1z2xi7bw0q5z9j6g1gg-libantlr3c-3.4' from 'https://cache.nixos.org'...
2025-07-01T16:10:49.4672265Z copying path '/nix/store/0iabf1jhsfrrxkdi599kb8m37p82yr1z-audit-4.0' from 'https://cache.nixos.org'...
2025-07-01T16:10:49.4783311Z copying path '/nix/store/nc394xps4al1r99ziabqvajbkrhxr5b7-gzip-1.13' from 'https://cache.nixos.org'...
2025-07-01T16:10:49.4964179Z copying path '/nix/store/pmg7hw4ar16dhx5hk6jswvxy349wzsm7-gnutar-1.35' from 'https://cache.nixos.org'...
2025-07-01T16:10:49.4994435Z copying path '/nix/store/q57zi48njdcgxy4n8d5lm5pf746drc8f-isl-0.20' from 'https://cache.nixos.org'...
2025-07-01T16:10:49.5023526Z copying path '/nix/store/ky06iawcwsvxmx8yw66y2a7iy7b14yii-libapparmor-4.0.3' from 'https://cache.nixos.org'...
2025-07-01T16:10:49.5029144Z copying path '/nix/store/fx6mfndjsbb0dqn9jzf1ksz9wf1dlrq7-libcap-2.70-lib' from 'https://cache.nixos.org'...
2025-07-01T16:10:49.5097347Z copying path '/nix/store/7yf5ijcl2lh90xs5nkrdpfdvcmc9fnc5-libcbor-0.11.0' from 'https://cache.nixos.org'...
2025-07-01T16:10:49.5169821Z copying path '/nix/store/bldybfhh9v9dvpms8kh87v1a6jp6i28p-libevent-2.1.12' from 'https://cache.nixos.org'...
2025-07-01T16:10:49.5332131Z copying path '/nix/store/wxgvd9mivxdbahxidq751gxyz7x7jb8n-libffi-3.4.6' from 'https://cache.nixos.org'...
2025-07-01T16:10:49.5420201Z copying path '/nix/store/81awch8mhqanda1vy0c09bflgra4cxh0-glibc-2.40-66-dev' from 'https://cache.nixos.org'...
2025-07-01T16:10:49.5468921Z copying path '/nix/store/p0c3g3dxr818lggbk6ms3nhm97g0pir9-libgpg-error-1.50' from 'https://cache.nixos.org'...
2025-07-01T16:10:49.5710411Z copying path '/nix/store/2w8a5z0rcs4fk3ds3fnd03x6syjjl1hb-libmnl-1.0.5' from 'https://cache.nixos.org'...
2025-07-01T16:10:49.5713715Z copying path '/nix/store/ywvi2y4yv3qyh0phw9y2ji17smh8nawj-libnfnetlink-1.0.2' from 'https://cache.nixos.org'...
2025-07-01T16:10:49.5951137Z copying path '/nix/store/dg6d7zs1bwnhwb3sd3xdbldvpa163a5z-libnl-3.10.0' from 'https://cache.nixos.org'...
2025-07-01T16:10:49.5955087Z copying path '/nix/store/xxc6rkndd68cq1225asn380bbj0512dg-libpsl-0.21.5' from 'https://cache.nixos.org'...
2025-07-01T16:10:49.6187232Z copying path '/nix/store/68vmpyiabh89l7hbp9z2hmwci74vnfi4-libseccomp-2.5.5-lib' from 'https://cache.nixos.org'...
2025-07-01T16:10:49.6297557Z copying path '/nix/store/wr7w1x0x1j4qli60wm22q3bc02dga08c-libtasn1-4.20.0' from 'https://cache.nixos.org'...
2025-07-01T16:10:49.6468070Z copying path '/nix/store/hnh6ivl105y4sw0ifv4kbihrvbddmlkm-libxcrypt-4.4.36' from 'https://cache.nixos.org'...
2025-07-01T16:10:49.6470821Z copying path '/nix/store/9yh47sg27z9263ll65d414rgcyrclk57-libxml2-2.13.6' from 'https://cache.nixos.org'...
2025-07-01T16:10:49.6548690Z copying path '/nix/store/17195j62sjxjn0xwnmj3icr01n3d678r-libnetfilter_conntrack-1.1.0' from 'https://cache.nixos.org'...
2025-07-01T16:10:49.6639097Z copying path '/nix/store/96m2mjx55syyky6zymjnbl3pvgxlwchb-libnftnl-1.2.8' from 'https://cache.nixos.org'...
2025-07-01T16:10:49.6954536Z copying path '/nix/store/qhs6zflzhdr11j6byf1c1j52z39hnaaw-db-4.8.30' from 'https://cache.nixos.org'...
2025-07-01T16:10:49.6999503Z copying path '/nix/store/8g8wdqid20924fbppbljsl6l7gr0p21j-gettext-0.21.1' from 'https://cache.nixos.org'...
2025-07-01T16:10:49.7139690Z copying path '/nix/store/dsxb6qvi21bzy21c98kb71wfbdj4lmz7-gmp-with-cxx-6.3.0' from 'https://cache.nixos.org'...
2025-07-01T16:10:49.7208571Z copying path '/nix/store/nn7nj7xq8gdfyxqhchphzia7i34rwb0v-gmp-with-cxx-6.3.0' from 'https://cache.nixos.org'...
2025-07-01T16:10:49.7271671Z copying path '/nix/store/rq8lq7r8vjqrbn2bgfglm9dxfi83gdg9-icu4c-74.2' from 'https://cache.nixos.org'...
2025-07-01T16:10:49.7376721Z copying path '/nix/store/99jfkvhck3c2675n2cy71g40km6m0pf9-libassuan-2.5.7' from 'https://cache.nixos.org'...
2025-07-01T16:10:49.7384528Z copying path '/nix/store/h9c111ckc8wg3ksxb7kj8cwhgaj52118-libgcrypt-1.10.3-lib' from 'https://cache.nixos.org'...
2025-07-01T16:10:49.7387805Z copying path '/nix/store/p9k3wzaw6d3wjgcbrfv2g1chj0mj2inb-lz4-1.10.0-lib' from 'https://cache.nixos.org'...
2025-07-01T16:10:49.7751208Z copying path '/nix/store/yh2c9f04q1vcfhpkamidrg3sdnwk5bvy-mpdecimal-4.0.0' from 'https://cache.nixos.org'...
2025-07-01T16:10:49.7845069Z copying path '/nix/store/b75dbfz0gria25kn2qlfpnmp39h31spw-mpfr-4.2.1' from 'https://cache.nixos.org'...
2025-07-01T16:10:49.8146909Z copying path '/nix/store/1h2yigiwy6bgpyzlywj36s5nqkgca8bv-libpcap-1.10.5' from 'https://cache.nixos.org'...
2025-07-01T16:10:49.8150125Z copying path '/nix/store/z7ndn3k8zfjrf713gq443q7a2ixzaab5-ncurses-6.4.20221231' from 'https://cache.nixos.org'...
2025-07-01T16:10:49.8410905Z copying path '/nix/store/1w5jm9zaxwr5b8nvh41c7iz236my185m-nghttp2-1.64.0-lib' from 'https://cache.nixos.org'...
2025-07-01T16:10:49.8648786Z copying path '/nix/store/j4377imdqpm27h5hspds1skgsazyj0d9-nghttp2-1.64.0-lib' from 'https://cache.nixos.org'...
2025-07-01T16:10:49.8828371Z copying path '/nix/store/9m68vvhnsq5cpkskphgw84ikl9m6wjwp-coreutils-9.5' from 'https://cache.nixos.org'...
2025-07-01T16:10:49.8937169Z copying path '/nix/store/n9ya3i584zvcw6696326sdlg61d6lamf-npth-1.7' from 'https://cache.nixos.org'...
2025-07-01T16:10:49.9219356Z copying path '/nix/store/mgpn83jmnf37ky77a8qy6m466qqmlyqk-cln-1.3.7' from 'https://cache.nixos.org'...
2025-07-01T16:10:49.9364667Z copying path '/nix/store/qvrp85i3yc9vw5x1vyx714m03jsf60rc-cvc4-1.8' from 'https://cache.nixos.org'...
2025-07-01T16:10:49.9408467Z copying path '/nix/store/6s0zzvp9in28jkmzwh5p69v1zwpi5mi4-linux-pam-1.6.1' from 'https://cache.nixos.org'...
2025-07-01T16:10:49.9581062Z copying path '/nix/store/q95qgxy40rx1ifa13j8l38sx3myvkhb9-nettle-3.10' from 'https://cache.nixos.org'...
2025-07-01T16:10:49.9859171Z copying path '/nix/store/pbjp09wrnbklrfy7n2h5qix15fl5ylhj-libmpc-1.3.1' from 'https://cache.nixos.org'...
2025-07-01T16:10:49.9968716Z copying path '/nix/store/cjg4jmnnf26367irpagiiffrni9bk7z0-gnupg-2.4.5' from 'https://cache.nixos.org'...
2025-07-01T16:10:50.0175633Z copying path '/nix/store/isk8l71r4d1nl39mpv92ank2rs4cx3w9-openssl-3.3.3' from 'https://cache.nixos.org'...
2025-07-01T16:10:50.0344525Z copying path '/nix/store/kavgc464axad77kj4x4bza7s345nrhin-iptables-1.8.10' from 'https://cache.nixos.org'...
2025-07-01T16:10:50.0415737Z copying path '/nix/store/w8xb93nwhnhlkqd9kwahkzqvbg98qs74-nghttp2-1.64.0-dev' from 'https://cache.nixos.org'...
2025-07-01T16:10:50.1225511Z copying path '/nix/store/mqvgaq2bnb1701l7zcn0d6vd7w8b0z7l-openssl-3.3.3' from 'https://cache.nixos.org'...
2025-07-01T16:10:50.1395971Z copying path '/nix/store/lr3cvmq5ahqcj29p8c6m0fdl1y8krc86-diffutils-3.10' from 'https://cache.nixos.org'...
2025-07-01T16:10:50.1436296Z copying path '/nix/store/vc2d1bfy1a5y1195nq7k6p0zcm6q89nx-findutils-4.10.0' from 'https://cache.nixos.org'...
2025-07-01T16:10:50.1607551Z copying path '/nix/store/smd33cbgm2pwwnwj9l4b4fk39bdxfsfv-p11-kit-0.25.5' from 'https://cache.nixos.org'...
2025-07-01T16:10:50.1689821Z copying path '/nix/store/zfjv48ikkqn3yhi8zi7lvqvxyscbg87n-patch-2.7.6' from 'https://cache.nixos.org'...
2025-07-01T16:10:50.2060560Z copying path '/nix/store/9wwkzvmrlv43y71rbw8sbh9bamc62a16-patchelf-0.15.0' from 'https://cache.nixos.org'...
2025-07-01T16:10:50.2234658Z copying path '/nix/store/5md7gyz45fm4bmkg2kb9a1hnmg8ryk9j-pcre2-10.44' from 'https://cache.nixos.org'...
2025-07-01T16:10:50.2570709Z copying path '/nix/store/pgq4agv5wpanzr9a8mqlkncdbick7mn2-pcsclite-2.3.0-lib' from 'https://cache.nixos.org'...
2025-07-01T16:10:50.3043608Z copying path '/nix/store/9sqpmkq9fcycsrldbsdxw93hvspy8pr9-perl5.40.0-Clone-0.46' from 'https://cache.nixos.org'...
2025-07-01T16:10:50.3247286Z copying path '/nix/store/jpk7s673pli65raimpl43jbhbg6ja4kx-perl5.40.0-FCGI-0.82' from 'https://cache.nixos.org'...
2025-07-01T16:10:50.3307202Z copying path '/nix/store/x4kgvzlrndlsc9mn2gyrx9dla0a5y7y3-perl5.40.0-TermReadKey-2.38' from 'https://cache.nixos.org'...
2025-07-01T16:10:50.3380229Z copying path '/nix/store/gda0f0dw64h74i98vkk7b7jwzxbkigzs-prometheus-2.55.0' from 'https://cache.nixos.org'...
2025-07-01T16:10:50.3685454Z copying path '/nix/store/zwh1q2r2a1prmw4xxfpqa06ic7dl31yd-qrencode-4.1.1' from 'https://cache.nixos.org'...
2025-07-01T16:10:50.3706457Z copying path '/nix/store/53rkjnnkbgg8pfn6ffpcdx4xbrl98yh8-readline-8.2p13' from 'https://cache.nixos.org'...
2025-07-01T16:10:50.3865108Z copying path '/nix/store/flw2dwllbq50954bk1qm6xwdzp8ikacl-systemd-minimal-libs-256.10' from 'https://cache.nixos.org'...
2025-07-01T16:10:50.4231068Z copying path '/nix/store/7f8vg8z0q721jyahy1vjbg2x3irbk5az-unbound-1.22.0-lib' from 'https://cache.nixos.org'...
2025-07-01T16:10:50.4378206Z copying path '/nix/store/6hrwqlqxzvn3lry7fjyz4i6dkdmg38m6-perl5.40.0-HTTP-Message-6.45' from 'https://cache.nixos.org'...
2025-07-01T16:10:50.4402875Z copying path '/nix/store/88x6dfa5gnls0pmbvp4b9ci3bqqfja0n-util-linux-minimal-2.39.4-lib' from 'https://cache.nixos.org'...
2025-07-01T16:10:50.4454245Z copying path '/nix/store/qjsj5vnbfpbg6r7jhd7znfgmcy0arn8n-gnugrep-3.11' from 'https://cache.nixos.org'...
2025-07-01T16:10:50.4792599Z copying path '/nix/store/j7k6mzbdydimzw4mf23ahq6a7rz2f7w2-util-linux-minimal-2.39.4-login' from 'https://cache.nixos.org'...
2025-07-01T16:10:50.4954083Z copying path '/nix/store/sf31nmjhlsdp2h26vbwbpa7gwfn4i4na-xz-5.6.3' from 'https://cache.nixos.org'...
2025-07-01T16:10:50.5100713Z copying path '/nix/store/xxssfwyz4l32wiadvsrcf259nkb91myn-z3-4.11.2-lib' from 'https://cache.nixos.org'...
2025-07-01T16:10:50.5412764Z copying path '/nix/store/bhvah40258cfi5sj1wiy2zmdn5xgj4m1-krb5-1.21.3-lib' from 'https://cache.nixos.org'...
2025-07-01T16:10:50.5538214Z copying path '/nix/store/09pyjyjdr5mwmki9gb0yf809l54xr8p2-openssl-3.3.3-bin' from 'https://cache.nixos.org'...
2025-07-01T16:10:50.5748648Z copying path '/nix/store/pa7plncc30fhm909bis9haakh7gi0qbl-bash-interactive-5.2p37' from 'https://cache.nixos.org'...
2025-07-01T16:10:50.6120371Z copying path '/nix/store/mcr5gqxgkknqxa2vhnhixzd97vdsnsxi-perl5.40.0-HTML-Parser-3.81' from 'https://cache.nixos.org'...
2025-07-01T16:10:50.6185404Z copying path '/nix/store/dwyr8xvjby2l1zz92a5pfl6bq27jhrm6-krb5-1.21.3-lib' from 'https://cache.nixos.org'...
2025-07-01T16:10:50.6401236Z copying path '/nix/store/fvm65iknlk5kx9938xsc5485s9wzz1ig-lvm2-2.03.27-lib' from 'https://cache.nixos.org'...
2025-07-01T16:10:50.6516534Z copying path '/nix/store/q73n7qdcl9yvlwh6p4n414vkxgnjjryp-perl5.40.0-HTTP-Cookies-6.10' from 'https://cache.nixos.org'...
2025-07-01T16:10:50.6688838Z copying path '/nix/store/qxp4rv76dpjbvs37c3sfq33ial7mxgb0-perl5.40.0-HTTP-Daemon-6.16' from 'https://cache.nixos.org'...
2025-07-01T16:10:50.6937965Z copying path '/nix/store/q0fgny8kpagi6blmzyw15n4cmfx647kn-perl5.40.0-HTTP-Negotiate-6.01' from 'https://cache.nixos.org'...
2025-07-01T16:10:50.7105430Z copying path '/nix/store/6k8v1ffagipraln3nn12h1n22d5l9dvr-perl5.40.0-Net-SSLeay-1.92' from 'https://cache.nixos.org'...
2025-07-01T16:10:50.7505077Z copying path '/nix/store/0z09m6fwgmc2a0zazp6lhyadfig10fd6-perl5.40.0-CGI-4.59' from 'https://cache.nixos.org'...
2025-07-01T16:10:50.8111922Z copying path '/nix/store/a9vgxnafcgb1khpjgn87ixmyv4dsqlp0-util-linux-minimal-2.39.4-mount' from 'https://cache.nixos.org'...
2025-07-01T16:10:50.8248735Z copying path '/nix/store/blkjagm7k01k9sghpyckw4y6dd6z0knl-util-linux-minimal-2.39.4-swap' from 'https://cache.nixos.org'...
2025-07-01T16:10:50.8295599Z copying path '/nix/store/rbns8mzghhqxih4hj2js4mb4s6ivy5d1-xz-5.6.3-bin' from 'https://cache.nixos.org'...
2025-07-01T16:10:50.8442586Z copying path '/nix/store/vpg96mfr1jw5arlqg831i69g29v0sdb3-zlib-1.3.1' from 'https://cache.nixos.org'...
2025-07-01T16:10:50.8446110Z copying path '/nix/store/lmfya9by589b0qgc2pqps1zy4jhldkvq-cryptsetup-2.7.5' from 'https://cache.nixos.org'...
2025-07-01T16:10:50.8457135Z copying path '/nix/store/6cf2yj12gf51jn5vdbdw01gmgvyj431s-zstd-1.5.6' from 'https://cache.nixos.org'...
2025-07-01T16:10:50.8500157Z copying path '/nix/store/xv2bvwf6zv1hhlm9w4x0f7n0idhbsjh7-perl5.40.0-CGI-Fast-2.16' from 'https://cache.nixos.org'...
2025-07-01T16:10:50.8576179Z copying path '/nix/store/hgq0ircylcm0mx6y7ml9chcbwgrz9xg7-openssl-3.3.3-dev' from 'https://cache.nixos.org'...
2025-07-01T16:10:50.8598607Z copying path '/nix/store/73pq792gn6i9qfywsnd347vg0152w8rw-perl5.40.0-IO-Socket-SSL-2.083' from 'https://cache.nixos.org'...
2025-07-01T16:10:50.8659204Z copying path '/nix/store/23j515bg7lgis34f0jkm9j6g00dpp2sh-binutils-2.43.1-lib' from 'https://cache.nixos.org'...
2025-07-01T16:10:50.8857570Z copying path '/nix/store/yk246qv4bbmr0mmh9y3gnfdkra5nnjgi-cracklib-2.10.0' from 'https://cache.nixos.org'...
2025-07-01T16:10:50.9057838Z copying path '/nix/store/p751fjd81h3926ivxsq0x20lz5j7yscc-file-5.45' from 'https://cache.nixos.org'...
2025-07-01T16:10:50.9575777Z copying path '/nix/store/yg4ahy7gahx91nq80achmzilrjyv0scj-gcc-13.3.0' from 'https://cache.nixos.org'...
2025-07-01T16:10:50.9761041Z copying path '/nix/store/nfdnparxrnv6sy627lw1c27pdqzpbfs2-kexec-tools-2.0.29' from 'https://cache.nixos.org'...
2025-07-01T16:10:50.9763511Z copying path '/nix/store/1md58p5vm4dixcwwpwrs78a7kjf6nnqk-gnutls-3.8.6' from 'https://cache.nixos.org'...
2025-07-01T16:10:50.9967730Z copying path '/nix/store/yr9xanc3bgp95fj9kvbrrq47zhzni2i6-kmod-31' from 'https://cache.nixos.org'...
2025-07-01T16:10:51.0134890Z copying path '/nix/store/qdypipr8zp0nkyrwqnakn3q3xhpghsrb-kmod-31-lib' from 'https://cache.nixos.org'...
2025-07-01T16:10:51.0212594Z copying path '/nix/store/22qnvg3zddkf7rbpckv676qpsc2najv9-binutils-2.43.1' from 'https://cache.nixos.org'...
2025-07-01T16:10:51.0246257Z copying path '/nix/store/n6zw4496n0bd9r6gjwkjmf5ja6757q32-krb5-1.21.3' from 'https://cache.nixos.org'...
2025-07-01T16:10:51.1124642Z copying path '/nix/store/6m49g3aqk5d5vdxp7chpgim5l6cfm7d6-libarchive-3.7.7-lib' from 'https://cache.nixos.org'...
2025-07-01T16:10:51.1374029Z copying path '/nix/store/kc1sdzqnymjwy74chlnkq2xlxnmrg30x-libfido2-1.15.0' from 'https://cache.nixos.org'...
2025-07-01T16:10:51.1538365Z copying path '/nix/store/pvyhn761hgn17fpr6fy168vcv1ciwsgl-libssh2-1.11.1' from 'https://cache.nixos.org'...
2025-07-01T16:10:51.1572980Z copying path '/nix/store/qmz79v7x18zmi6g2iagxwazqfwbxzhra-libssh2-1.11.1' from 'https://cache.nixos.org'...
2025-07-01T16:10:51.2279232Z copying path '/nix/store/17rp2wzkp8xfhxcd5zihx6qmnbaadlhs-libmicrohttpd-1.0.1' from 'https://cache.nixos.org'...
2025-07-01T16:10:51.2941321Z copying path '/nix/store/q4j9jj8jw74216cw4chsqlwdnglwly6p-perl-5.40.0' from 'https://cache.nixos.org'...
2025-07-01T16:10:51.3517615Z copying path '/nix/store/zfk4v9lxal3ch98qnf7zlciwgmk4w1ij-krb5-1.21.3-dev' from 'https://cache.nixos.org'...
2025-07-01T16:10:51.3580644Z copying path '/nix/store/w2m5p0fb6pmqq6dz2jqlvnyw7n4vcbpx-curl-8.12.1' from 'https://cache.nixos.org'...
2025-07-01T16:10:51.3595215Z copying path '/nix/store/lgfp6sl5hpykmld29rqvi9pam8ji8k24-curl-8.12.1' from 'https://cache.nixos.org'...
2025-07-01T16:10:51.3599623Z copying path '/nix/store/0rg4nqym82ngd29dy8qm1bggm94dkry3-libssh2-1.11.1-dev' from 'https://cache.nixos.org'...
2025-07-01T16:10:51.4441604Z copying path '/nix/store/f2sjbvr2gbp1dl1fwak6b77j18wv2rm8-perl5.40.0-Net-SMTP-SSL-1.04' from 'https://cache.nixos.org'...
2025-07-01T16:10:51.4644480Z copying path '/nix/store/i7gfv740vcygvl9pgqwq29nkzmsp09ww-sqlite-3.46.1' from 'https://cache.nixos.org'...
2025-07-01T16:10:51.5242243Z copying path '/nix/store/hsxp8g7zdr6wxk1mp812g8nbzvajzn4w-stdenv-linux' from 'https://cache.nixos.org'...
2025-07-01T16:10:51.5394835Z copying path '/nix/store/gnnac2vpa466p2lpzskmbj5vjr6ikzhg-libpwquality-1.4.5-lib' from 'https://cache.nixos.org'...
2025-07-01T16:10:51.5544137Z copying path '/nix/store/ccrjbcfl5zcdp0n5mh69f4airrb9g8m4-zlib-1.3.1-dev' from 'https://cache.nixos.org'...
2025-07-01T16:10:51.5618218Z copying path '/nix/store/xmmli2ijsz2br6573z3sqsgg0spnj7i9-zstd-1.5.6-bin' from 'https://cache.nixos.org'...
2025-07-01T16:10:51.5693638Z copying path '/nix/store/sh26c2jcz7w2gii2px77bqy64fd026jd-boost-1.81.0' from 'https://cache.nixos.org'...
2025-07-01T16:10:51.5820009Z copying path '/nix/store/8qf68jid6rr2f4c8ppyp0ixdlv0axnpn-curl-8.12.1-bin' from 'https://cache.nixos.org'...
2025-07-01T16:10:51.6132626Z copying path '/nix/store/awbfciyq3cjvw6x8wd8wdjy8z2qxm98n-elfutils-0.191' from 'https://cache.nixos.org'...
2025-07-01T16:10:51.6329669Z copying path '/nix/store/3hgwjb5hp0jm8fyi4vx9s4f3hjvp0n1r-tpm2-tss-4.1.3' from 'https://cache.nixos.org'...
2025-07-01T16:10:51.7218113Z copying path '/nix/store/lhpwdis5hkyljz1d200bj1s6g51ljq9k-python3-3.12.8' from 'https://cache.nixos.org'...
2025-07-01T16:10:51.7398496Z copying path '/nix/store/z9lnvmqymg80hk671fm2533ncczkf7z2-kbd-2.6.4' from 'https://cache.nixos.org'...
2025-07-01T16:10:51.7901550Z copying path '/nix/store/04shrm4bvxw1yam87da7y9k872kqn777-curl-8.12.1-dev' from 'https://cache.nixos.org'...
2025-07-01T16:10:51.9337180Z copying path '/nix/store/f95nqmgp2vaz1h68n36k605ay1ixnj0a-libbpf-1.4.7' from 'https://cache.nixos.org'...
2025-07-01T16:10:51.9339031Z copying path '/nix/store/007wiy8x5irdxzsdx3bdqx0k0a8hp6ji-shellcheck-0.10.0-bin' from 'https://cache.nixos.org'...
2025-07-01T16:10:52.0567345Z building '/nix/store/rkn5fk95kmnbxk65bxlyzqnmsmafh1f1-kind-with-registry.sh.drv'...
2025-07-01T16:10:52.3951228Z copying path '/nix/store/w9qcpyhjrxsqrps91wkz8r4mqvg9zrxc-systemd-256.10' from 'https://cache.nixos.org'...
2025-07-01T16:10:52.5167121Z copying path '/nix/store/1mv8pj4nxwnd9bbxshljc9p4cnl3rakj-binutils-wrapper-2.43.1' from 'https://cache.nixos.org'...
2025-07-01T16:10:52.5198438Z copying path '/nix/store/ch1brsi5xwxgyv23csmvw1am9l40rf1c-shellcheck-0.10.0' from 'https://cache.nixos.org'...
2025-07-01T16:10:52.5369668Z copying path '/nix/store/00x4qvjp4kcm932rv281v8n9y4xk9dv1-solc-0.8.21' from 'https://cache.nixos.org'...
2025-07-01T16:10:53.4347697Z copying path '/nix/store/99accs107rzm78z74cj1wns59d0m1nh8-perl5.40.0-libwww-perl-6.72' from 'https://cache.nixos.org'...
2025-07-01T16:10:53.5085777Z copying path '/nix/store/7s649psqfmp6bf2ij6kba3nbwjp50z0w-promtail-3.2.1' from 'https://cache.nixos.org'...
2025-07-01T16:10:54.6472706Z copying path '/nix/store/1fwh9nv8n93rjc7i7j9gcm3whdqpgy84-git-2.47.2' from 'https://cache.nixos.org'...
2025-07-01T16:10:55.5591605Z copying path '/nix/store/gnd8f9h2ycxrfrvrga508c4n9cxy6720-gcc-wrapper-13.3.0' from 'https://cache.nixos.org'...
2025-07-01T16:10:55.5647054Z copying path '/nix/store/szfi0xd0cwdaldhkp8vlgi7jfv662nmd-stdenv-linux' from 'https://cache.nixos.org'...
2025-07-01T16:10:55.6212201Z building '/nix/store/mbmxfdxryq3wr2wxm5brh42mcad1gvzy-kind-with-registry-1.0.0.drv'...
2025-07-01T16:10:55.7120150Z building '/nix/store/l2gp0i5ccps3gdgrqx8mmvfl0jx2l5p5-nix-shell-env.drv'...
2025-07-01T16:10:56.1461594Z this path will be fetched (0.10 MiB download, 0.10 MiB unpacked):
2025-07-01T16:10:56.1462594Z   /nix/store/hlv28jlwzk6kqj6vljm9cn8i7pw030nx-bash-interactive-5.2p37-man
2025-07-01T16:10:56.1471001Z copying path '/nix/store/hlv28jlwzk6kqj6vljm9cn8i7pw030nx-bash-interactive-5.2p37-man' from 'https://cache.nixos.org'...
2025-07-01T16:10:56.1966395Z dependencies installed
2025-07-01T16:10:56.2011102Z ##[group]Run /home/runner/work/_actions/ava-labs/avalanchego/092cf182dd92b66a8ab882b657d3ae52b174c913/.github/actions/run-monitored-tmpnet-cmd/notify-metrics-availability.sh
2025-07-01T16:10:56.2013179Z [36;1m/home/runner/work/_actions/ava-labs/avalanchego/092cf182dd92b66a8ab882b657d3ae52b174c913/.github/actions/run-monitored-tmpnet-cmd/notify-metrics-availability.sh[0m
2025-07-01T16:10:56.2089448Z shell: /usr/bin/bash --noprofile --norc -e -o pipefail {0}
2025-07-01T16:10:56.2089959Z env:
2025-07-01T16:10:56.2090254Z   TMPDIR: /home/runner/work/_temp
2025-07-01T16:10:56.2091903Z   GRAFANA_URL: https://grafana-poc.avax-dev.network/d/kBQpRdWnk/avalanche-main-dashboard?orgId=1&refresh=10s&var-filter=is_ephemeral_node%7C%3D%7Cfalse&var-filter=gh_repo%7C%3D%7Cava-labs%2Fsubnet-evm&var-filter=gh_run_id%7C%3D%7C16004559474&var-filter=gh_run_attempt%7C%3D%7C1
2025-07-01T16:10:56.2093528Z   GH_JOB_ID: e2e_warp
2025-07-01T16:10:56.2093993Z   FILTER_BY_OWNER: 
2025-07-01T16:10:56.2094309Z ##[endgroup]
2025-07-01T16:10:56.2217538Z grafana link for shared network logs and metrics: https://grafana-poc.avax-dev.network/d/kBQpRdWnk/avalanche-main-dashboard?orgId=1&refresh=10s&var-filter=is_ephemeral_node%7C%3D%7Cfalse&var-filter=gh_repo%7C%3D%7Cava-labs%2Fsubnet-evm&var-filter=gh_run_id%7C%3D%7C16004559474&var-filter=gh_run_attempt%7C%3D%7C1&var-filter=gh_job_id%7C%3D%7Ce2e_warp&from=1751386256000&to=1751387156000
2025-07-01T16:10:56.2246963Z ##[group]Run AVALANCHEGO_BUILD_PATH=/tmp/e2e-test/avalanchego /home/runner/work/_actions/ava-labs/avalanchego/092cf182dd92b66a8ab882b657d3ae52b174c913/.github/actions/run-monitored-tmpnet-cmd/nix-develop.sh --impure --command bash -x ./scripts/run_task.sh test-e2e-warp-ci
2025-07-01T16:10:56.2248801Z [36;1mAVALANCHEGO_BUILD_PATH=/tmp/e2e-test/avalanchego /home/runner/work/_actions/ava-labs/avalanchego/092cf182dd92b66a8ab882b657d3ae52b174c913/.github/actions/run-monitored-tmpnet-cmd/nix-develop.sh --impure --command bash -x ./scripts/run_task.sh test-e2e-warp-ci[0m
2025-07-01T16:10:56.2308526Z shell: /usr/bin/bash --noprofile --norc -e -o pipefail {0}
2025-07-01T16:10:56.2308870Z env:
2025-07-01T16:10:56.2309065Z   TMPDIR: /home/runner/work/_temp
2025-07-01T16:10:56.2309319Z   TMPNET_START_METRICS_COLLECTOR: true
2025-07-01T16:10:56.2309576Z   TMPNET_START_LOGS_COLLECTOR: true
2025-07-01T16:10:56.2309823Z   TMPNET_CHECK_METRICS_COLLECTED: true
2025-07-01T16:10:56.2310076Z   TMPNET_CHECK_LOGS_COLLECTED: true
2025-07-01T16:10:56.2310385Z   LOKI_USERNAME: ***
2025-07-01T16:10:56.2310676Z   LOKI_PASSWORD: ***
2025-07-01T16:10:56.2310896Z   PROMETHEUS_USERNAME: ***
2025-07-01T16:10:56.2311243Z   PROMETHEUS_PASSWORD: ***
2025-07-01T16:10:56.2311469Z   GH_REPO: ava-labs/subnet-evm
2025-07-01T16:10:56.2311694Z   GH_WORKFLOW: Tests
2025-07-01T16:10:56.2311888Z   GH_RUN_ID: 16004559474
2025-07-01T16:10:56.2312091Z   GH_RUN_NUMBER: 2079
2025-07-01T16:10:56.2312286Z   GH_RUN_ATTEMPT: 1
2025-07-01T16:10:56.2312473Z   GH_JOB_ID: e2e_warp
2025-07-01T16:10:56.2312662Z ##[endgroup]
2025-07-01T16:10:56.2416736Z No local flake found, will attempt to use avalanchego flake
2025-07-01T16:10:56.2505724Z Starting nix shell for github:ava-labs/avalanchego?ref=v1.13.2
2025-07-01T16:10:58.7087452Z + set -euo pipefail
2025-07-01T16:10:58.7087978Z + command -v task
2025-07-01T16:10:58.7088359Z + exec task test-e2e-warp-ci
2025-07-01T16:10:58.7291065Z task: [install-avalanchego-release] ./scripts/install_avalanchego_release.sh
2025-07-01T16:10:58.7595586Z Using branch: 24d42c4a5
2025-07-01T16:10:58.8843264Z https://github.com/ava-labs/avalanchego/releases/download/v1.13.2/avalanchego-linux-amd64-v1.13.2.tar.gz found
2025-07-01T16:10:58.8845069Z downloading to /tmp/e2e-test/avalanchego-linux-amd64-v1.13.2.tar.gz
2025-07-01T16:10:58.8897044Z   % Total    % Received % Xferd  Average Speed   Time    Time     Time  Current
2025-07-01T16:10:58.8898380Z                                  Dload  Upload   Total   Spent    Left  Speed
2025-07-01T16:10:58.8898610Z 
2025-07-01T16:10:58.9540310Z   0     0    0     0    0     0      0      0 --:--:-- --:--:-- --:--:--     0
2025-07-01T16:10:58.9541238Z   0     0    0     0    0     0      0      0 --:--:-- --:--:-- --:--:--     0
2025-07-01T16:10:59.3941009Z 
2025-07-01T16:10:59.3941863Z 100 36.2M  100 36.2M    0     0  71.7M      0 --:--:-- --:--:-- --:--:-- 71.7M
2025-07-01T16:10:59.4040725Z avalanchego-v1.13.2/avalanchego
2025-07-01T16:11:00.0159704Z Installed AvalancheGo release v1.13.2
2025-07-01T16:11:00.0161053Z AvalancheGo Path: /tmp/e2e-test/avalanchego/avalanchego
2025-07-01T16:11:00.0161777Z Plugin Dir: /home/runner/.avalanchego/plugins
2025-07-01T16:11:00.0190608Z task: [build] ./scripts/build.sh
2025-07-01T16:11:00.0509731Z Using branch: 24d42c4a5
2025-07-01T16:11:00.0511925Z Building Subnet EVM @ GitCommit: 24d42c4a5aa0c26b2727d8d8210c4ae7db4855fd at /home/runner/.avalanchego/plugins/srEXiWaHuhNyGwPUi444Tu47ZEDwxTWrbQiuD7FmgSAQ6X7Dy
2025-07-01T16:11:00.0571550Z go: downloading github.com/ava-labs/avalanchego v1.13.2
2025-07-01T16:11:00.5061392Z go: downloading github.com/spf13/viper v1.12.0
2025-07-01T16:11:00.5103096Z go: downloading github.com/ava-labs/libevm v1.13.14-0.3.0.rc.1
2025-07-01T16:11:01.4726766Z go: downloading github.com/gorilla/rpc v1.2.0
2025-07-01T16:11:01.4733080Z go: downloading github.com/holiman/uint256 v1.2.4
2025-07-01T16:11:01.4738364Z go: downloading github.com/prometheus/client_golang v1.16.0
2025-07-01T16:11:01.4743066Z go: downloading golang.org/x/exp v0.0.0-20241215155358-4a5509556b9e
2025-07-01T16:11:01.4909621Z go: downloading go.uber.org/zap v1.26.0
2025-07-01T16:11:01.5503711Z go: downloading golang.org/x/term v0.30.0
2025-07-01T16:11:01.5505125Z go: downloading gopkg.in/natefinch/lumberjack.v2 v2.0.0
2025-07-01T16:11:01.5634741Z go: downloading github.com/grpc-ecosystem/go-grpc-prometheus v1.2.0
2025-07-01T16:11:01.5635867Z go: downloading github.com/prometheus/client_model v0.3.0
2025-07-01T16:11:01.5721404Z go: downloading google.golang.org/grpc v1.66.0
2025-07-01T16:11:01.5860717Z go: downloading google.golang.org/protobuf v1.35.2
2025-07-01T16:11:01.8045841Z go: downloading go.opentelemetry.io/otel v1.22.0
2025-07-01T16:11:01.8544932Z go: downloading go.opentelemetry.io/otel/trace v1.22.0
2025-07-01T16:11:01.8545846Z go: downloading github.com/prometheus/common v0.42.0
2025-07-01T16:11:01.8546831Z go: downloading github.com/cockroachdb/pebble v0.0.0-20230928194634-aa077af62593
2025-07-01T16:11:01.9020539Z go: downloading github.com/StephenButtolph/canoto v0.15.0
2025-07-01T16:11:01.9327321Z go: downloading github.com/google/renameio/v2 v2.0.0
2025-07-01T16:11:01.9328610Z go: downloading golang.org/x/sync v0.12.0
2025-07-01T16:11:01.9373458Z go: downloading github.com/fsnotify/fsnotify v1.6.0
2025-07-01T16:11:01.9483149Z go: downloading github.com/mitchellh/mapstructure v1.5.0
2025-07-01T16:11:01.9493792Z go: downloading github.com/spf13/afero v1.8.2
2025-07-01T16:11:01.9543111Z go: downloading github.com/spf13/cast v1.5.0
2025-07-01T16:11:01.9604797Z go: downloading github.com/spf13/jwalterweatherman v1.1.0
2025-07-01T16:11:01.9629247Z go: downloading golang.org/x/crypto v0.36.0
2025-07-01T16:11:01.9717831Z go: downloading github.com/gofrs/flock v0.8.1
2025-07-01T16:11:01.9724895Z go: downloading github.com/golang/snappy v0.0.5-0.20220116011046-fa5810519dcb
2025-07-01T16:11:01.9850664Z go: downloading github.com/olekukonko/tablewriter v0.0.5
2025-07-01T16:11:01.9906014Z go: downloading github.com/shirou/gopsutil v3.21.11+incompatible
2025-07-01T16:11:01.9984338Z go: downloading golang.org/x/sys v0.31.0
2025-07-01T16:11:02.0494547Z go: downloading github.com/dop251/goja v0.0.0-20230806174421-c933cf95e127
2025-07-01T16:11:02.1319046Z go: downloading github.com/gballet/go-verkle v0.1.1-0.20231031103413-a67434b50f46
2025-07-01T16:11:02.1697345Z go: downloading github.com/stretchr/testify v1.10.0
2025-07-01T16:11:02.2312486Z go: downloading github.com/holiman/bloomfilter/v2 v2.0.3
2025-07-01T16:11:02.2554964Z go: downloading go.uber.org/mock v0.5.0
2025-07-01T16:11:02.2581478Z go: downloading github.com/deckarep/golang-set/v2 v2.1.0
2025-07-01T16:11:02.2787950Z go: downloading github.com/gorilla/websocket v1.5.0
2025-07-01T16:11:02.3038733Z go: downloading golang.org/x/time v0.3.0
2025-07-01T16:11:02.3140667Z go: downloading github.com/beorn7/perks v1.0.1
2025-07-01T16:11:02.3141729Z go: downloading github.com/cespare/xxhash/v2 v2.3.0
2025-07-01T16:11:02.3255461Z go: downloading github.com/prometheus/procfs v0.10.1
2025-07-01T16:11:02.3300911Z go: downloading go.uber.org/multierr v1.11.0
2025-07-01T16:11:02.3305940Z go: downloading github.com/supranational/blst v0.3.14
2025-07-01T16:11:02.3440980Z go: downloading google.golang.org/genproto/googleapis/rpc v0.0.0-20240827150818-7e3bb234dfed
2025-07-01T16:11:02.3580367Z go: downloading github.com/golang/protobuf v1.5.4
2025-07-01T16:11:02.4031438Z go: downloading golang.org/x/net v0.38.0
2025-07-01T16:11:02.4039819Z go: downloading go.opentelemetry.io/otel/exporters/otlp/otlptrace v1.22.0
2025-07-01T16:11:02.4043493Z go: downloading go.opentelemetry.io/otel/exporters/otlp/otlptrace/otlptracegrpc v1.22.0
2025-07-01T16:11:02.4158001Z go: downloading go.opentelemetry.io/otel/exporters/otlp/otlptrace/otlptracehttp v1.22.0
2025-07-01T16:11:02.4202768Z go: downloading go.opentelemetry.io/otel/sdk v1.22.0
2025-07-01T16:11:02.4586816Z go: downloading github.com/syndtr/goleveldb v1.0.1-0.20220614013038-64ee5596c38a
2025-07-01T16:11:02.4919869Z go: downloading github.com/matttproud/golang_protobuf_extensions v1.0.4
2025-07-01T16:11:02.4927507Z go: downloading github.com/mr-tron/base58 v1.2.0
2025-07-01T16:11:02.5031677Z go: downloading gonum.org/v1/gonum v0.11.0
2025-07-01T16:11:02.5048012Z go: downloading github.com/DataDog/zstd v1.5.2
2025-07-01T16:11:02.5953554Z go: downloading github.com/subosito/gotenv v1.3.0
2025-07-01T16:11:02.6025775Z go: downloading github.com/hashicorp/hcl v1.0.0
2025-07-01T16:11:02.6360013Z go: downloading gopkg.in/ini.v1 v1.67.0
2025-07-01T16:11:02.6517605Z go: downloading github.com/magiconair/properties v1.8.6
2025-07-01T16:11:02.6524266Z go: downloading github.com/pelletier/go-toml/v2 v2.0.5
2025-07-01T16:11:02.6533709Z go: downloading golang.org/x/text v0.23.0
2025-07-01T16:11:02.7058581Z go: downloading github.com/pelletier/go-toml v1.9.5
2025-07-01T16:11:02.7277278Z go: downloading github.com/mattn/go-runewidth v0.0.13
2025-07-01T16:11:02.7379639Z go: downloading github.com/tklauser/go-sysconf v0.3.12
2025-07-01T16:11:02.7608741Z go: downloading github.com/crate-crypto/go-kzg-4844 v0.7.0
2025-07-01T16:11:03.0205536Z go: downloading github.com/VictoriaMetrics/fastcache v1.12.1
2025-07-01T16:11:03.0335230Z go: downloading github.com/dlclark/regexp2 v1.7.0
2025-07-01T16:11:03.2488145Z go: downloading github.com/google/pprof v0.0.0-20230207041349-798e818bf904
2025-07-01T16:11:03.4152586Z go: downloading github.com/crate-crypto/go-ipa v0.0.0-20231025140028-3c0104f4b233
2025-07-01T16:11:03.4160415Z go: downloading github.com/pmezard/go-difflib v1.0.0
2025-07-01T16:11:03.4273741Z go: downloading github.com/holiman/billy v0.0.0-20240216141850-2abb0c79d3c4
2025-07-01T16:11:03.4356888Z go: downloading github.com/hashicorp/golang-lru v0.5.5-0.20210104140557-80c98217689d
2025-07-01T16:11:03.4368272Z go: downloading github.com/tyler-smith/go-bip39 v1.1.0
2025-07-01T16:11:03.4453623Z go: downloading github.com/google/uuid v1.6.0
2025-07-01T16:11:03.4486349Z go: downloading github.com/hashicorp/go-bexpr v0.1.10
2025-07-01T16:11:03.4505686Z go: downloading github.com/mattn/go-isatty v0.0.17
2025-07-01T16:11:03.4666898Z go: downloading github.com/urfave/cli/v2 v2.25.7
2025-07-01T16:11:03.4723465Z go: downloading github.com/cockroachdb/errors v1.9.1
2025-07-01T16:11:03.5285057Z go: downloading github.com/cockroachdb/redact v1.1.3
2025-07-01T16:11:03.5290763Z go: downloading github.com/cockroachdb/tokenbucket v0.0.0-20230807174530-cc333fc44b06
2025-07-01T16:11:03.5380048Z go: downloading go.opentelemetry.io/proto/otlp v1.0.0
2025-07-01T16:11:03.5632462Z go: downloading github.com/rivo/uniseg v0.2.0
2025-07-01T16:11:03.5641177Z go: downloading github.com/tklauser/numcpus v0.6.1
2025-07-01T16:11:03.5770985Z go: downloading github.com/go-sourcemap/sourcemap v2.1.3+incompatible
2025-07-01T16:11:03.5782570Z go: downloading github.com/gballet/go-libpcsclite v0.0.0-20191108122812-4678299bea08
2025-07-01T16:11:03.5849497Z go: downloading github.com/status-im/keycard-go v0.2.0
2025-07-01T16:11:03.5896556Z go: downloading github.com/mitchellh/pointerstructure v1.2.0
2025-07-01T16:11:03.6191441Z go: downloading github.com/cockroachdb/logtags v0.0.0-20230118201751-21c54148d20b
2025-07-01T16:11:03.6244519Z go: downloading github.com/getsentry/sentry-go v0.18.0
2025-07-01T16:11:03.6351529Z go: downloading github.com/pkg/errors v0.9.1
2025-07-01T16:11:03.6375359Z go: downloading github.com/go-logr/logr v1.4.1
2025-07-01T16:11:03.6469320Z go: downloading go.opentelemetry.io/otel/metric v1.22.0
2025-07-01T16:11:03.6639033Z go: downloading github.com/cenkalti/backoff/v4 v4.2.1
2025-07-01T16:11:03.6701275Z go: downloading github.com/grpc-ecosystem/grpc-gateway/v2 v2.16.0
2025-07-01T16:11:03.6836816Z go: downloading github.com/go-logr/stdr v1.2.2
2025-07-01T16:11:03.6976049Z go: downloading github.com/consensys/gnark-crypto v0.12.1
2025-07-01T16:11:03.8272875Z go: downloading github.com/gogo/protobuf v1.3.2
2025-07-01T16:11:04.1319946Z go: downloading github.com/kr/pretty v0.3.1
2025-07-01T16:11:04.1329961Z go: downloading github.com/cpuguy83/go-md2man/v2 v2.0.4
2025-07-01T16:11:04.1455505Z go: downloading github.com/xrash/smetrics v0.0.0-20201216005158-039620a65673
2025-07-01T16:11:04.1475618Z go: downloading github.com/huin/goupnp v1.3.0
2025-07-01T16:11:04.1765483Z go: downloading github.com/jackpal/go-nat-pmp v1.0.2
2025-07-01T16:11:04.1866883Z go: downloading google.golang.org/genproto/googleapis/api v0.0.0-20240604185151-ef581f913117
2025-07-01T16:11:04.2406004Z go: downloading github.com/kr/text v0.2.0
2025-07-01T16:11:04.2498904Z go: downloading github.com/rogpeppe/go-internal v1.12.0
2025-07-01T16:11:04.3071681Z go: downloading github.com/russross/blackfriday/v2 v2.1.0
2025-07-01T16:11:04.3802761Z go: downloading github.com/bits-and-blooms/bitset v1.10.0
2025-07-01T16:11:04.3804063Z go: downloading github.com/mmcloughlin/addchain v0.4.0
2025-07-01T16:11:04.3805140Z go: downloading github.com/consensys/bavard v0.1.13
2025-07-01T16:11:04.4215683Z go: downloading rsc.io/tmplfunc v0.0.3
2025-07-01T16:12:11.0172308Z task: [test-e2e-warp] ./scripts/run_ginkgo_warp.sh
2025-07-01T16:12:11.0460133Z Using branch: 24d42c4a5
2025-07-01T16:12:11.0461029Z Running with extra args: --avalanchego-path=/tmp/e2e-test/avalanchego/avalanchego
2025-07-01T16:12:11.0561055Z go: downloading github.com/onsi/ginkgo/v2 v2.13.1
2025-07-01T16:12:11.1941348Z go: downloading github.com/go-task/slim-sprig v0.0.0-20230315185526-52ccab3ef572
2025-07-01T16:12:11.1949280Z go: downloading golang.org/x/tools v0.29.0
2025-07-01T16:13:04.0476440Z go: downloading github.com/ava-labs/coreth v0.15.2-rc.0.0.20250620163936-0058a7ec6d9d
2025-07-01T16:13:04.0477424Z go: downloading k8s.io/api v0.29.0
2025-07-01T16:13:04.0477999Z go: downloading k8s.io/apimachinery v0.29.0
2025-07-01T16:13:04.0478429Z go: downloading k8s.io/client-go v0.29.0
2025-07-01T16:13:04.0479389Z go: downloading k8s.io/utils v0.0.0-20230726121419-3b25d923346b
2025-07-01T16:13:04.0480023Z go: downloading github.com/go-cmd/cmd v1.4.1
2025-07-01T16:13:04.0480701Z go: downloading github.com/pires/go-proxyproto v0.6.2
2025-07-01T16:13:04.0481345Z go: downloading github.com/decred/dcrd/dcrec/secp256k1/v4 v4.1.0
2025-07-01T16:13:04.0481943Z go: downloading github.com/btcsuite/btcd/btcutil v1.1.3
2025-07-01T16:13:04.0482475Z go: downloading github.com/json-iterator/go v1.1.12
2025-07-01T16:13:04.0482985Z go: downloading gopkg.in/inf.v0 v0.9.1
2025-07-01T16:13:04.0483403Z go: downloading github.com/google/gofuzz v1.2.0
2025-07-01T16:13:04.0486721Z go: downloading k8s.io/klog/v2 v2.110.1
2025-07-01T16:13:04.0487486Z go: downloading github.com/google/btree v1.1.2
2025-07-01T16:13:04.0488021Z go: downloading sigs.k8s.io/yaml v1.3.0
2025-07-01T16:13:04.0488603Z go: downloading github.com/imdario/mergo v0.3.16
2025-07-01T16:13:04.0489182Z go: downloading github.com/gorilla/mux v1.8.0
2025-07-01T16:13:04.0492476Z go: downloading github.com/rs/cors v1.7.0
2025-07-01T16:13:04.0493315Z go: downloading sigs.k8s.io/structured-merge-diff/v4 v4.4.1
2025-07-01T16:13:04.0494248Z go: downloading github.com/modern-go/reflect2 v1.0.2
2025-07-01T16:13:04.0495187Z go: downloading github.com/modern-go/concurrent v0.0.0-20180306012644-bacd9c7ef1dd
2025-07-01T16:13:04.0496445Z go: downloading sigs.k8s.io/json v0.0.0-20221116044647-bc3834ca7abd
2025-07-01T16:13:04.0497239Z go: downloading github.com/google/gnostic-models v0.6.8
2025-07-01T16:13:04.0497937Z go: downloading github.com/moby/spdystream v0.2.0
2025-07-01T16:13:04.0498563Z go: downloading golang.org/x/oauth2 v0.21.0
2025-07-01T16:13:04.0499152Z go: downloading gopkg.in/yaml.v2 v2.4.0
2025-07-01T16:13:04.0499915Z go: downloading k8s.io/kube-openapi v0.0.0-20231010175941-2dd684a91f00
2025-07-01T16:13:04.0500867Z go: downloading github.com/mxk/go-flowrate v0.0.0-20140419014527-cca7078d478f
2025-07-01T16:13:04.0501848Z go: downloading github.com/munnerz/goautoneg v0.0.0-20191010083416-a7dc8b61c822
2025-07-01T16:13:04.0502679Z go: downloading github.com/go-openapi/swag v0.22.3
2025-07-01T16:13:04.0503417Z go: downloading github.com/go-openapi/jsonreference v0.20.2
2025-07-01T16:13:04.0504351Z go: downloading github.com/emicklei/go-restful/v3 v3.11.0
2025-07-01T16:13:04.0505099Z go: downloading github.com/go-openapi/jsonpointer v0.19.6
2025-07-01T16:13:04.0505804Z go: downloading github.com/mailru/easyjson v0.7.7
2025-07-01T16:13:04.0506483Z go: downloading github.com/josharian/intern v1.0.0
2025-07-01T16:13:04.0506856Z 
2025-07-01T16:13:04.1416577Z Running Suite: subnet-evm warp e2e test - /home/runner/work/subnet-evm/subnet-evm/tests/warp
2025-07-01T16:13:04.1417785Z ============================================================================================
2025-07-01T16:13:04.1418673Z Random Seed: [1m1751386332[0m
2025-07-01T16:13:04.1418966Z 
2025-07-01T16:13:04.1419300Z Will run [1m5[0m of [1m5[0m specs
2025-07-01T16:13:04.1419944Z [38;5;243m------------------------------[0m
2025-07-01T16:13:04.1420623Z [0m[1m[SynchronizedBeforeSuite] [0m
2025-07-01T16:13:04.1421750Z [38;5;243m/home/runner/work/subnet-evm/subnet-evm/tests/warp/warp_test.go:92[0m
2025-07-01T16:13:04.1423680Z   > Enter [1m[SynchronizedBeforeSuite][0m TOP-LEVEL [38;5;243m- /home/runner/work/subnet-evm/subnet-evm/tests/warp/warp_test.go:92 @ 07/01/25 16:13:04.141[0m
2025-07-01T16:13:04.1432634Z    [0;0mINFO[0;0m	writing collector config	{"cmd": "prometheus", "path": "/home/runner/.tmpnet/prometheus/prometheus.yaml"}
2025-07-01T16:13:04.1436190Z    [0;0mINFO[0;0m	starting collector	{"cmd": "prometheus", "workingDir": "/home/runner/.tmpnet/prometheus", "fullCmd": "nohup prometheus --config.file=prometheus.yaml --web.listen-address=127.0.0.1:9090 --enable-feature=agent --storage.agent.path=./data > prometheus.log 2>&1 & echo -n \"$!\" > /home/runner/.tmpnet/prometheus/run.pid", "logPath": "/home/runner/.tmpnet/prometheus/prometheus.log"}
2025-07-01T16:13:04.2442723Z    [0;0mINFO[0;0m	started collector	{"cmd": "prometheus", "pid": 20086}
2025-07-01T16:13:04.2446261Z    [0;0mINFO[0;0m	waiting for collector readiness	{"cmd": "prometheus", "url": "http://127.0.0.1:9090/-/ready", "logPath": "/home/runner/.tmpnet/prometheus/prometheus.log"}
2025-07-01T16:13:04.2449895Z    [0;0mINFO[0;0m	collector ready	{"cmd": "prometheus"}
2025-07-01T16:13:04.2451105Z    [0;0mINFO[0;0m	To stop: tmpnetctl stop-metrics-collector
2025-07-01T16:13:04.2452932Z    [0;0mINFO[0;0m	writing collector config	{"cmd": "promtail", "path": "/home/runner/.tmpnet/promtail/promtail.yaml"}
2025-07-01T16:13:04.2456852Z    [0;0mINFO[0;0m	starting collector	{"cmd": "promtail", "workingDir": "/home/runner/.tmpnet/promtail", "fullCmd": "nohup promtail -config.file=promtail.yaml > promtail.log 2>&1 & echo -n \"$!\" > /home/runner/.tmpnet/promtail/run.pid", "logPath": "/home/runner/.tmpnet/promtail/promtail.log"}
2025-07-01T16:13:04.3462198Z    [0;0mINFO[0;0m	started collector	{"cmd": "promtail", "pid": 20096}
2025-07-01T16:13:04.4465089Z    [0;0mINFO[0;0m	skipping promtail readiness check until one or more nodes have written their service discovery configuration
2025-07-01T16:13:04.4466214Z    [0;0mINFO[0;0m	To stop: tmpnetctl stop-logs-collector
2025-07-01T16:13:04.4466876Z    [0;0mINFO[0;0m	waiting for network to start	{"timeoutSeconds": 120}
2025-07-01T16:13:04.6900257Z    [0;0mINFO[0;0m	preparing configuration for new network	{"runtimeConfig": {"process":{"avalancheGoPath":"/tmp/e2e-test/avalanchego/avalanchego","pluginDir":"/home/runner/.avalanchego/plugins"}}}
2025-07-01T16:13:04.7027700Z    [0;0mINFO[0;0m	starting a single-node network with sybil protection disabled for quicker subnet creation
2025-07-01T16:13:04.7029150Z    [0;0mINFO[0;0m	starting network	{"networkDir": "/home/runner/.tmpnet/networks/20250701-161304.689902-subnet-evm-warp-e2e", "uuid": "31bf987e-361e-4586-a38d-841f5b87e718"}
2025-07-01T16:13:05.3450613Z    [0;0mINFO[0;0m	started local node	{"nodeID": "NodeID-6xnp5gKWsPFP1G37nX9WVmw7nyFrchwtr", "dataDir": "/home/runner/.tmpnet/networks/20250701-161304.689902-subnet-evm-warp-e2e/NodeID-6xnp5gKWsPFP1G37nX9WVmw7nyFrchwtr", "isEphemeral": false}
2025-07-01T16:13:05.3453280Z    [0;0mINFO[0;0m	waiting for nodes to report healthy
2025-07-01T16:13:07.3470514Z    [0;0mINFO[0;0m	node is healthy	{"nodeID": "NodeID-6xnp5gKWsPFP1G37nX9WVmw7nyFrchwtr", "uri": "http://127.0.0.1:35847"}
2025-07-01T16:13:07.3473084Z    [0;0mINFO[0;0m	started network	{"networkDir": "/home/runner/.tmpnet/networks/20250701-161304.689902-subnet-evm-warp-e2e", "uuid": "31bf987e-361e-4586-a38d-841f5b87e718"}
2025-07-01T16:13:07.3477852Z    [0;0mINFO[0;0m	metrics and logs available via grafana (collectors must be running)	{"url": "https://grafana-poc.avax-dev.network/d/kBQpRdWnk/avalanche-main-dashboard?&var-filter=network_uuid%7C%3D%7C31bf987e-361e-4586-a38d-841f5b87e718&var-filter=is_ephemeral_node%7C%3D%7Cfalse&from=1751386384702&to=now", "linkPath": "/home/runner/.tmpnet/networks/20250701-161304.689902-subnet-evm-warp-e2e/metrics.txt"}
2025-07-01T16:13:07.3480127Z    [0;0mINFO[0;0m	creating subnet	{"name": "warp-subnet-a"}
2025-07-01T16:13:07.4644681Z    [0;0mINFO[0;0m	created subnet	{"name": "warp-subnet-a", "id": "2umPeJrhDSjvHZYXoY4DY4S6f4R5wTUnjmwgiENWQTsY3yfExB"}
2025-07-01T16:13:07.4646625Z    [0;0mINFO[0;0m	wrote subnet configuration	{"name": "warp-subnet-a"}
2025-07-01T16:13:07.4647688Z    [0;0mINFO[0;0m	creating subnet	{"name": "warp-subnet-b"}
2025-07-01T16:13:08.0737576Z    [0;0mINFO[0;0m	created subnet	{"name": "warp-subnet-b", "id": "7ZghdxEoHQemyi6KnwsLJShA8BwZ7f9s5r6Qvn4uTB4nS8ArB"}
2025-07-01T16:13:08.0738966Z    [0;0mINFO[0;0m	wrote subnet configuration	{"name": "warp-subnet-b"}
2025-07-01T16:13:08.0749330Z    [0;0mINFO[0;0m	adding validators for subnet	{"name": "warp-subnet-a"}
2025-07-01T16:13:09.0846913Z    [0;0mINFO[0;0m	added validator to subnet	{"subnet": "warp-subnet-a", "nodeID": "NodeID-6xnp5gKWsPFP1G37nX9WVmw7nyFrchwtr"}
2025-07-01T16:13:10.0867837Z    [0;0mINFO[0;0m	added validator to subnet	{"subnet": "warp-subnet-a", "nodeID": "NodeID-5M5xGCAGuumuKpU6occoH8FmTwb34EhPX"}
2025-07-01T16:13:10.0870042Z    [0;0mINFO[0;0m	adding validators for subnet	{"name": "warp-subnet-b"}
2025-07-01T16:13:11.0964200Z    [0;0mINFO[0;0m	added validator to subnet	{"subnet": "warp-subnet-b", "nodeID": "NodeID-6xnp5gKWsPFP1G37nX9WVmw7nyFrchwtr"}
2025-07-01T16:13:12.0985569Z    [0;0mINFO[0;0m	added validator to subnet	{"subnet": "warp-subnet-b", "nodeID": "NodeID-5M5xGCAGuumuKpU6occoH8FmTwb34EhPX"}
2025-07-01T16:13:12.0987109Z    [0;0mINFO[0;0m	waiting for subnet validators to become active	{"subnet": "warp-subnet-a"}
2025-07-01T16:13:12.0989158Z    [0;0mINFO[0;0m	saw the expected active validators of the subnet	{"subnet": "warp-subnet-a"}
2025-07-01T16:13:12.1056824Z    [0;0mINFO[0;0m	creating chains for subnet	{"subnet": "warp-subnet-a"}
2025-07-01T16:13:13.0080958Z    [0;0mINFO[0;0m	created chain	{"chain": "8uMTjzDUHq4LEY6pGFsHRTXTBjJqPdJYD4Ckw79BRMcbvLHkD", "subnet": "warp-subnet-a", "vm": "srEXiWaHuhNyGwPUi444Tu47ZEDwxTWrbQiuD7FmgSAQ6X7Dy"}
2025-07-01T16:13:13.0083350Z    [0;0mINFO[0;0m	wrote subnet configuration	{"name": "warp-subnet-a", "id": "2umPeJrhDSjvHZYXoY4DY4S6f4R5wTUnjmwgiENWQTsY3yfExB"}
2025-07-01T16:13:13.0085082Z    [0;0mINFO[0;0m	waiting for subnet validators to become active	{"subnet": "warp-subnet-b"}
2025-07-01T16:13:13.0086743Z    [0;0mINFO[0;0m	saw the expected active validators of the subnet	{"subnet": "warp-subnet-b"}
2025-07-01T16:13:13.0154683Z    [0;0mINFO[0;0m	creating chains for subnet	{"subnet": "warp-subnet-b"}
2025-07-01T16:13:14.0182158Z    [0;0mINFO[0;0m	created chain	{"chain": "2SpjtMgu3b8s1dxEa8CfFqYF3BUU8xze1XmoEetaQbSxRji5hh", "subnet": "warp-subnet-b", "vm": "srEXiWaHuhNyGwPUi444Tu47ZEDwxTWrbQiuD7FmgSAQ6X7Dy"}
2025-07-01T16:13:14.0184672Z    [0;0mINFO[0;0m	wrote subnet configuration	{"name": "warp-subnet-b", "id": "7ZghdxEoHQemyi6KnwsLJShA8BwZ7f9s5r6Qvn4uTB4nS8ArB"}
2025-07-01T16:13:14.0186281Z    [0;0mINFO[0;0m	re-enabling sybil protection	{"nodeID": "NodeID-6xnp5gKWsPFP1G37nX9WVmw7nyFrchwtr"}
2025-07-01T16:13:14.0187701Z    [0;0mINFO[0;0m	restarting bootstrap node	{"nodeID": "NodeID-6xnp5gKWsPFP1G37nX9WVmw7nyFrchwtr"}
2025-07-01T16:13:14.6966709Z    [0;0mINFO[0;0m	started local node	{"nodeID": "NodeID-6xnp5gKWsPFP1G37nX9WVmw7nyFrchwtr", "dataDir": "/home/runner/.tmpnet/networks/20250701-161304.689902-subnet-evm-warp-e2e/NodeID-6xnp5gKWsPFP1G37nX9WVmw7nyFrchwtr", "isEphemeral": false}
2025-07-01T16:13:14.6971251Z    [0;0mINFO[0;0m	starting remaining nodes
2025-07-01T16:13:15.2993653Z    [0;0mINFO[0;0m	started local node	{"nodeID": "NodeID-5M5xGCAGuumuKpU6occoH8FmTwb34EhPX", "dataDir": "/home/runner/.tmpnet/networks/20250701-161304.689902-subnet-evm-warp-e2e/NodeID-5M5xGCAGuumuKpU6occoH8FmTwb34EhPX", "isEphemeral": false}
2025-07-01T16:13:15.2999228Z    [0;0mINFO[0;0m	waiting for nodes to report healthy
2025-07-01T16:13:17.3011937Z    [0;0mINFO[0;0m	node is healthy	{"nodeID": "NodeID-5M5xGCAGuumuKpU6occoH8FmTwb34EhPX", "uri": "http://127.0.0.1:36627"}
2025-07-01T16:13:20.7005163Z    [0;0mINFO[0;0m	node is healthy	{"nodeID": "NodeID-6xnp5gKWsPFP1G37nX9WVmw7nyFrchwtr", "uri": "http://127.0.0.1:39771"}
2025-07-01T16:13:20.7007587Z    [0;0mINFO[0;0m	started network	{"networkDir": "/home/runner/.tmpnet/networks/20250701-161304.689902-subnet-evm-warp-e2e", "uuid": "31bf987e-361e-4586-a38d-841f5b87e718"}
2025-07-01T16:13:20.7012103Z    [0;0mINFO[0;0m	metrics and logs available via grafana (collectors must be running)	{"url": "https://grafana-poc.avax-dev.network/d/kBQpRdWnk/avalanche-main-dashboard?&var-filter=network_uuid%7C%3D%7C31bf987e-361e-4586-a38d-841f5b87e718&var-filter=is_ephemeral_node%7C%3D%7Cfalse&from=1751386394696&to=now", "linkPath": "/home/runner/.tmpnet/networks/20250701-161304.689902-subnet-evm-warp-e2e/metrics.txt"}
2025-07-01T16:13:20.7014491Z    [0;0mINFO[0;0m	network started successfully
2025-07-01T16:13:20.7015845Z    [0;0mINFO[0;0m	waiting for collector readiness	{"cmd": "promtail", "url": "http://127.0.0.1:3101/ready", "logPath": "/home/runner/.tmpnet/promtail/promtail.log"}
2025-07-01T16:13:20.7017179Z    [0;0mINFO[0;0m	collector ready	{"cmd": "promtail"}
2025-07-01T16:13:20.7026731Z    [0;0mINFO[0;0m	network nodes are available	{"uris": [{"NodeID":"NodeID-5M5xGCAGuumuKpU6occoH8FmTwb34EhPX","URI":"http://127.0.0.1:36627"},{"NodeID":"NodeID-6xnp5gKWsPFP1G37nX9WVmw7nyFrchwtr","URI":"http://127.0.0.1:39771"}]}
2025-07-01T16:13:20.7029717Z   < Exit [1m[SynchronizedBeforeSuite][0m TOP-LEVEL [38;5;243m- /home/runner/work/subnet-evm/subnet-evm/tests/warp/warp_test.go:92 @ 07/01/25 16:13:20.702 (16.561s)[0m
2025-07-01T16:13:20.7032212Z   > Enter [1m[SynchronizedBeforeSuite][0m TOP-LEVEL [38;5;243m- /home/runner/work/subnet-evm/subnet-evm/tests/warp/warp_test.go:92 @ 07/01/25 16:13:20.702[0m
2025-07-01T16:13:20.7054856Z   < Exit [1m[SynchronizedBeforeSuite][0m TOP-LEVEL [38;5;243m- /home/runner/work/subnet-evm/subnet-evm/tests/warp/warp_test.go:92 @ 07/01/25 16:13:20.705 (3ms)[0m
2025-07-01T16:13:20.7056457Z [38;5;10m[SynchronizedBeforeSuite] PASSED [16.564 seconds][0m
2025-07-01T16:13:20.7057278Z [38;5;243m------------------------------[0m
2025-07-01T16:13:20.7057749Z [Warp]
2025-07-01T16:13:20.7058428Z [38;5;243m/home/runner/work/subnet-evm/subnet-evm/tests/warp/warp_test.go:160[0m
2025-07-01T16:13:20.7059059Z   [0m[1mSubnetA -> SubnetB[0m
2025-07-01T16:13:20.7060335Z   [38;5;243m/home/runner/work/subnet-evm/subnet-evm/tests/warp/warp_test.go:186[0m
2025-07-01T16:13:20.7062171Z   > Enter [1m[BeforeEach][0m TOP-LEVEL [38;5;243m- /home/runner/go/pkg/mod/github.com/ava-labs/avalanchego@v1.13.2/tests/fixture/e2e/metrics_link.go:27 @ 07/01/25 16:13:20.705[0m
2025-07-01T16:13:20.7064523Z   < Exit [1m[BeforeEach][0m TOP-LEVEL [38;5;243m- /home/runner/go/pkg/mod/github.com/ava-labs/avalanchego@v1.13.2/tests/fixture/e2e/metrics_link.go:27 @ 07/01/25 16:13:20.705 (0s)[0m
2025-07-01T16:13:20.7066778Z   > Enter [1m[It][0m SubnetA -> SubnetB [38;5;243m- /home/runner/work/subnet-evm/subnet-evm/tests/warp/warp_test.go:186 @ 07/01/25 16:13:20.705[0m
2025-07-01T16:13:27.9836286Z 
2025-07-01T16:13:27.9836853Z Combined output:
2025-07-01T16:13:27.9837132Z 
2025-07-01T16:13:27.9837144Z 
2025-07-01T16:13:27.9837154Z 
2025-07-01T16:13:27.9837324Z   IWarpMessenger
2025-07-01T16:13:27.9839357Z Sending warp message with payload 0x010203, expected unsigned message 0x000000015b3811f1a343332a3b71941f1260785e367543c8df02ec3ac65eb56f416f482e977500000025000000000001000000148db97c7cece249c2b98bdc0226cc4c2a57bf52fc00000003010203
2025-07-01T16:13:27.9841713Z     ✔ contract should be to send warp message (693ms)
2025-07-01T16:13:27.9842660Z     ✔ should be able to fetch correct blockchain ID
2025-07-01T16:13:27.9842933Z 
2025-07-01T16:13:27.9842946Z 
2025-07-01T16:13:27.9843138Z   2 passing (716ms)
2025-07-01T16:13:27.9843380Z 
2025-07-01T16:13:27.9843391Z 
2025-07-01T16:13:31.1717728Z   < Exit [1m[It][0m SubnetA -> SubnetB [38;5;243m- /home/runner/work/subnet-evm/subnet-evm/tests/warp/warp_test.go:186 @ 07/01/25 16:13:31.171 (10.466s)[0m
2025-07-01T16:13:31.1720481Z   > Enter [1m[AfterEach][0m TOP-LEVEL [38;5;243m- /home/runner/go/pkg/mod/github.com/ava-labs/avalanchego@v1.13.2/tests/fixture/e2e/metrics_link.go:33 @ 07/01/25 16:13:31.171[0m
2025-07-01T16:13:31.1732196Z    [0;0mINFO[0;0m	metrics and logs available via grafana (collectors must be running)	{"uri": "https://grafana-poc.avax-dev.network/d/kBQpRdWnk/avalanche-main-dashboard?&var-filter=network_uuid%7C%3D%7C31bf987e-361e-4586-a38d-841f5b87e718&var-filter=is_ephemeral_node%7C%3D%7Cfalse&from=1751386400705&to=1751386423171"}
2025-07-01T16:13:31.1735818Z   < Exit [1m[AfterEach][0m TOP-LEVEL [38;5;243m- /home/runner/go/pkg/mod/github.com/ava-labs/avalanchego@v1.13.2/tests/fixture/e2e/metrics_link.go:33 @ 07/01/25 16:13:31.172 (1ms)[0m
2025-07-01T16:13:31.1737906Z   > Enter [1m[DeferCleanup (Each)][0m TOP-LEVEL [38;5;243m- /home/runner/go/pkg/mod/github.com/ava-labs/avalanchego@v1.13.2/tests/fixture/e2e/ginkgo_test_context.go:96 @ 07/01/25 16:13:31.172[0m
2025-07-01T16:13:31.1740231Z   < Exit [1m[DeferCleanup (Each)][0m TOP-LEVEL [38;5;243m- /home/runner/go/pkg/mod/github.com/ava-labs/avalanchego@v1.13.2/tests/fixture/e2e/ginkgo_test_context.go:96 @ 07/01/25 16:13:31.172 (0s)[0m
2025-07-01T16:13:31.1742885Z   > Enter [1m[DeferCleanup (Each)][0m [Warp] [38;5;243m- /home/runner/go/pkg/mod/github.com/ava-labs/avalanchego@v1.13.2/tests/fixture/e2e/ginkgo_test_context.go:96 @ 07/01/25 16:13:31.172[0m
2025-07-01T16:13:31.1745731Z   < Exit [1m[DeferCleanup (Each)][0m [Warp] [38;5;243m- /home/runner/go/pkg/mod/github.com/ava-labs/avalanchego@v1.13.2/tests/fixture/e2e/ginkgo_test_context.go:96 @ 07/01/25 16:13:31.173 (0s)[0m
2025-07-01T16:13:31.1748384Z   > Enter [1m[DeferCleanup (Each)][0m [Warp] [38;5;243m- /home/runner/go/pkg/mod/github.com/ava-labs/avalanchego@v1.13.2/tests/fixture/e2e/ginkgo_test_context.go:96 @ 07/01/25 16:13:31.173[0m
2025-07-01T16:13:31.1751263Z   < Exit [1m[DeferCleanup (Each)][0m [Warp] [38;5;243m- /home/runner/go/pkg/mod/github.com/ava-labs/avalanchego@v1.13.2/tests/fixture/e2e/ginkgo_test_context.go:96 @ 07/01/25 16:13:31.173 (0s)[0m
2025-07-01T16:13:31.1754156Z   > Enter [1m[DeferCleanup (Each)][0m [Warp] [38;5;243m- /home/runner/go/pkg/mod/github.com/ava-labs/avalanchego@v1.13.2/tests/fixture/e2e/ginkgo_test_context.go:96 @ 07/01/25 16:13:31.173[0m
2025-07-01T16:13:31.1756668Z   < Exit [1m[DeferCleanup (Each)][0m [Warp] [38;5;243m- /home/runner/go/pkg/mod/github.com/ava-labs/avalanchego@v1.13.2/tests/fixture/e2e/ginkgo_test_context.go:96 @ 07/01/25 16:13:31.173 (0s)[0m
2025-07-01T16:13:31.1759565Z   > Enter [1m[DeferCleanup (Each)][0m [Warp] [38;5;243m- /home/runner/go/pkg/mod/github.com/ava-labs/avalanchego@v1.13.2/tests/fixture/e2e/ginkgo_test_context.go:96 @ 07/01/25 16:13:31.173[0m
2025-07-01T16:13:31.1762496Z   < Exit [1m[DeferCleanup (Each)][0m [Warp] [38;5;243m- /home/runner/go/pkg/mod/github.com/ava-labs/avalanchego@v1.13.2/tests/fixture/e2e/ginkgo_test_context.go:96 @ 07/01/25 16:13:31.173 (0s)[0m
2025-07-01T16:13:31.1765242Z   > Enter [1m[DeferCleanup (Each)][0m [Warp] [38;5;243m- /home/runner/go/pkg/mod/github.com/ava-labs/avalanchego@v1.13.2/tests/fixture/e2e/ginkgo_test_context.go:96 @ 07/01/25 16:13:31.173[0m
2025-07-01T16:13:31.1767952Z   < Exit [1m[DeferCleanup (Each)][0m [Warp] [38;5;243m- /home/runner/go/pkg/mod/github.com/ava-labs/avalanchego@v1.13.2/tests/fixture/e2e/ginkgo_test_context.go:96 @ 07/01/25 16:13:31.173 (0s)[0m
2025-07-01T16:13:31.1770279Z   > Enter [1m[DeferCleanup (Each)][0m [Warp] [38;5;243m- /home/runner/go/pkg/mod/github.com/ava-labs/avalanchego@v1.13.2/tests/fixture/e2e/ginkgo_test_context.go:96 @ 07/01/25 16:13:31.173[0m
2025-07-01T16:13:31.1772516Z   < Exit [1m[DeferCleanup (Each)][0m [Warp] [38;5;243m- /home/runner/go/pkg/mod/github.com/ava-labs/avalanchego@v1.13.2/tests/fixture/e2e/ginkgo_test_context.go:96 @ 07/01/25 16:13:31.173 (0s)[0m
2025-07-01T16:13:31.1775543Z   > Enter [1m[DeferCleanup (Each)][0m [Warp] [38;5;243m- /home/runner/go/pkg/mod/github.com/ava-labs/avalanchego@v1.13.2/tests/fixture/e2e/ginkgo_test_context.go:96 @ 07/01/25 16:13:31.173[0m
2025-07-01T16:13:31.1778079Z   < Exit [1m[DeferCleanup (Each)][0m [Warp] [38;5;243m- /home/runner/go/pkg/mod/github.com/ava-labs/avalanchego@v1.13.2/tests/fixture/e2e/ginkgo_test_context.go:96 @ 07/01/25 16:13:31.173 (0s)[0m
2025-07-01T16:13:31.1780172Z   > Enter [1m[DeferCleanup (Each)][0m [Warp] [38;5;243m- /home/runner/go/pkg/mod/github.com/ava-labs/avalanchego@v1.13.2/tests/fixture/e2e/ginkgo_test_context.go:96 @ 07/01/25 16:13:31.173[0m
2025-07-01T16:13:31.1782455Z   < Exit [1m[DeferCleanup (Each)][0m [Warp] [38;5;243m- /home/runner/go/pkg/mod/github.com/ava-labs/avalanchego@v1.13.2/tests/fixture/e2e/ginkgo_test_context.go:96 @ 07/01/25 16:13:31.173 (0s)[0m
2025-07-01T16:13:31.1784388Z [38;5;10m• [10.468 seconds][0m
2025-07-01T16:13:31.1785160Z [38;5;243m------------------------------[0m
2025-07-01T16:13:31.1785636Z [Warp]
2025-07-01T16:13:31.1786556Z [38;5;243m/home/runner/work/subnet-evm/subnet-evm/tests/warp/warp_test.go:160[0m
2025-07-01T16:13:31.1787789Z   [0m[1mSubnetA -> SubnetA[0m
2025-07-01T16:13:31.1788731Z   [38;5;243m/home/runner/work/subnet-evm/subnet-evm/tests/warp/warp_test.go:187[0m
2025-07-01T16:13:31.1790578Z   > Enter [1m[BeforeEach][0m TOP-LEVEL [38;5;243m- /home/runner/go/pkg/mod/github.com/ava-labs/avalanchego@v1.13.2/tests/fixture/e2e/metrics_link.go:27 @ 07/01/25 16:13:31.173[0m
2025-07-01T16:13:31.1792585Z   < Exit [1m[BeforeEach][0m TOP-LEVEL [38;5;243m- /home/runner/go/pkg/mod/github.com/ava-labs/avalanchego@v1.13.2/tests/fixture/e2e/metrics_link.go:27 @ 07/01/25 16:13:31.173 (0s)[0m
2025-07-01T16:13:31.1793831Z   > Enter [1m[It][0m SubnetA -> SubnetA [38;5;243m- /home/runner/work/subnet-evm/subnet-evm/tests/warp/warp_test.go:187 @ 07/01/25 16:13:31.173[0m
2025-07-01T16:13:43.3435338Z 
2025-07-01T16:13:43.3435881Z Combined output:
2025-07-01T16:13:43.3436170Z 
2025-07-01T16:13:43.3436182Z 
2025-07-01T16:13:43.3436192Z 
2025-07-01T16:13:43.3436407Z   IWarpMessenger
2025-07-01T16:13:43.3438580Z Sending warp message with payload 0x010203, expected unsigned message 0x000000015b3811f1a343332a3b71941f1260785e367543c8df02ec3ac65eb56f416f482e977500000025000000000001000000148db97c7cece249c2b98bdc0226cc4c2a57bf52fc00000003010203
2025-07-01T16:13:43.3440966Z     ✔ contract should be to send warp message (1197ms)
2025-07-01T16:13:43.3442309Z     ✔ should be able to fetch correct blockchain ID
2025-07-01T16:13:43.3442680Z 
2025-07-01T16:13:43.3442691Z 
2025-07-01T16:13:43.3442869Z   2 passing (1s)
2025-07-01T16:13:43.3443083Z 
2025-07-01T16:13:43.3443096Z 
2025-07-01T16:13:49.1895429Z   < Exit [1m[It][0m SubnetA -> SubnetA [38;5;243m- /home/runner/work/subnet-evm/subnet-evm/tests/warp/warp_test.go:187 @ 07/01/25 16:13:49.189 (18.016s)[0m
2025-07-01T16:13:49.1896901Z   > Enter [1m[AfterEach][0m TOP-LEVEL [38;5;243m- /home/runner/go/pkg/mod/github.com/ava-labs/avalanchego@v1.13.2/tests/fixture/e2e/metrics_link.go:33 @ 07/01/25 16:13:49.189[0m
2025-07-01T16:13:49.1909570Z    [0;0mINFO[0;0m	metrics and logs available via grafana (collectors must be running)	{"uri": "https://grafana-poc.avax-dev.network/d/kBQpRdWnk/avalanche-main-dashboard?&var-filter=network_uuid%7C%3D%7C31bf987e-361e-4586-a38d-841f5b87e718&var-filter=is_ephemeral_node%7C%3D%7Cfalse&from=1751386411173&to=1751386441189"}
2025-07-01T16:13:49.1912808Z   < Exit [1m[AfterEach][0m TOP-LEVEL [38;5;243m- /home/runner/go/pkg/mod/github.com/ava-labs/avalanchego@v1.13.2/tests/fixture/e2e/metrics_link.go:33 @ 07/01/25 16:13:49.19 (1ms)[0m
2025-07-01T16:13:49.1915580Z   > Enter [1m[DeferCleanup (Each)][0m TOP-LEVEL [38;5;243m- /home/runner/go/pkg/mod/github.com/ava-labs/avalanchego@v1.13.2/tests/fixture/e2e/ginkgo_test_context.go:96 @ 07/01/25 16:13:49.19[0m
2025-07-01T16:13:49.1917494Z   < Exit [1m[DeferCleanup (Each)][0m TOP-LEVEL [38;5;243m- /home/runner/go/pkg/mod/github.com/ava-labs/avalanchego@v1.13.2/tests/fixture/e2e/ginkgo_test_context.go:96 @ 07/01/25 16:13:49.19 (0s)[0m
2025-07-01T16:13:49.1920137Z   > Enter [1m[DeferCleanup (Each)][0m [Warp] [38;5;243m- /home/runner/go/pkg/mod/github.com/ava-labs/avalanchego@v1.13.2/tests/fixture/e2e/ginkgo_test_context.go:96 @ 07/01/25 16:13:49.19[0m
2025-07-01T16:13:49.1922827Z   < Exit [1m[DeferCleanup (Each)][0m [Warp] [38;5;243m- /home/runner/go/pkg/mod/github.com/ava-labs/avalanchego@v1.13.2/tests/fixture/e2e/ginkgo_test_context.go:96 @ 07/01/25 16:13:49.19 (0s)[0m
2025-07-01T16:13:49.1925115Z   > Enter [1m[DeferCleanup (Each)][0m [Warp] [38;5;243m- /home/runner/go/pkg/mod/github.com/ava-labs/avalanchego@v1.13.2/tests/fixture/e2e/ginkgo_test_context.go:96 @ 07/01/25 16:13:49.19[0m
2025-07-01T16:13:49.1927778Z   < Exit [1m[DeferCleanup (Each)][0m [Warp] [38;5;243m- /home/runner/go/pkg/mod/github.com/ava-labs/avalanchego@v1.13.2/tests/fixture/e2e/ginkgo_test_context.go:96 @ 07/01/25 16:13:49.19 (0s)[0m
2025-07-01T16:13:49.1930475Z   > Enter [1m[DeferCleanup (Each)][0m [Warp] [38;5;243m- /home/runner/go/pkg/mod/github.com/ava-labs/avalanchego@v1.13.2/tests/fixture/e2e/ginkgo_test_context.go:96 @ 07/01/25 16:13:49.19[0m
2025-07-01T16:13:49.1933687Z   < Exit [1m[DeferCleanup (Each)][0m [Warp] [38;5;243m- /home/runner/go/pkg/mod/github.com/ava-labs/avalanchego@v1.13.2/tests/fixture/e2e/ginkgo_test_context.go:96 @ 07/01/25 16:13:49.19 (0s)[0m
2025-07-01T16:13:49.1936632Z   > Enter [1m[DeferCleanup (Each)][0m [Warp] [38;5;243m- /home/runner/go/pkg/mod/github.com/ava-labs/avalanchego@v1.13.2/tests/fixture/e2e/ginkgo_test_context.go:96 @ 07/01/25 16:13:49.19[0m
2025-07-01T16:13:49.1939182Z   < Exit [1m[DeferCleanup (Each)][0m [Warp] [38;5;243m- /home/runner/go/pkg/mod/github.com/ava-labs/avalanchego@v1.13.2/tests/fixture/e2e/ginkgo_test_context.go:96 @ 07/01/25 16:13:49.19 (0s)[0m
2025-07-01T16:13:49.1941763Z   > Enter [1m[DeferCleanup (Each)][0m [Warp] [38;5;243m- /home/runner/go/pkg/mod/github.com/ava-labs/avalanchego@v1.13.2/tests/fixture/e2e/ginkgo_test_context.go:96 @ 07/01/25 16:13:49.19[0m
2025-07-01T16:13:49.1944393Z   < Exit [1m[DeferCleanup (Each)][0m [Warp] [38;5;243m- /home/runner/go/pkg/mod/github.com/ava-labs/avalanchego@v1.13.2/tests/fixture/e2e/ginkgo_test_context.go:96 @ 07/01/25 16:13:49.19 (0s)[0m
2025-07-01T16:13:49.1946894Z   > Enter [1m[DeferCleanup (Each)][0m [Warp] [38;5;243m- /home/runner/go/pkg/mod/github.com/ava-labs/avalanchego@v1.13.2/tests/fixture/e2e/ginkgo_test_context.go:96 @ 07/01/25 16:13:49.19[0m
2025-07-01T16:13:49.1949814Z   < Exit [1m[DeferCleanup (Each)][0m [Warp] [38;5;243m- /home/runner/go/pkg/mod/github.com/ava-labs/avalanchego@v1.13.2/tests/fixture/e2e/ginkgo_test_context.go:96 @ 07/01/25 16:13:49.19 (0s)[0m
2025-07-01T16:13:49.1952265Z   > Enter [1m[DeferCleanup (Each)][0m [Warp] [38;5;243m- /home/runner/go/pkg/mod/github.com/ava-labs/avalanchego@v1.13.2/tests/fixture/e2e/ginkgo_test_context.go:96 @ 07/01/25 16:13:49.19[0m
2025-07-01T16:13:49.1954396Z   < Exit [1m[DeferCleanup (Each)][0m [Warp] [38;5;243m- /home/runner/go/pkg/mod/github.com/ava-labs/avalanchego@v1.13.2/tests/fixture/e2e/ginkgo_test_context.go:96 @ 07/01/25 16:13:49.19 (0s)[0m
2025-07-01T16:13:49.1956822Z   > Enter [1m[DeferCleanup (Each)][0m [Warp] [38;5;243m- /home/runner/go/pkg/mod/github.com/ava-labs/avalanchego@v1.13.2/tests/fixture/e2e/ginkgo_test_context.go:96 @ 07/01/25 16:13:49.19[0m
2025-07-01T16:13:49.1970832Z   < Exit [1m[DeferCleanup (Each)][0m [Warp] [38;5;243m- /home/runner/go/pkg/mod/github.com/ava-labs/avalanchego@v1.13.2/tests/fixture/e2e/ginkgo_test_context.go:96 @ 07/01/25 16:13:49.19 (0s)[0m
2025-07-01T16:13:49.1972428Z [38;5;10m• [18.018 seconds][0m
2025-07-01T16:13:49.1973142Z [38;5;243m------------------------------[0m
2025-07-01T16:13:49.1973545Z [Warp]
2025-07-01T16:13:49.1974560Z [38;5;243m/home/runner/work/subnet-evm/subnet-evm/tests/warp/warp_test.go:160[0m
2025-07-01T16:13:49.1975347Z   [0m[1mSubnetA -> C-Chain[0m
2025-07-01T16:13:49.1976293Z   [38;5;243m/home/runner/work/subnet-evm/subnet-evm/tests/warp/warp_test.go:188[0m
2025-07-01T16:13:49.1978261Z   > Enter [1m[BeforeEach][0m TOP-LEVEL [38;5;243m- /home/runner/go/pkg/mod/github.com/ava-labs/avalanchego@v1.13.2/tests/fixture/e2e/metrics_link.go:27 @ 07/01/25 16:13:49.191[0m
2025-07-01T16:13:49.1980793Z   < Exit [1m[BeforeEach][0m TOP-LEVEL [38;5;243m- /home/runner/go/pkg/mod/github.com/ava-labs/avalanchego@v1.13.2/tests/fixture/e2e/metrics_link.go:27 @ 07/01/25 16:13:49.191 (0s)[0m
2025-07-01T16:13:49.1983157Z   > Enter [1m[It][0m SubnetA -> C-Chain [38;5;243m- /home/runner/work/subnet-evm/subnet-evm/tests/warp/warp_test.go:188 @ 07/01/25 16:13:49.191[0m
2025-07-01T16:13:55.8342475Z 
2025-07-01T16:13:55.8343025Z Combined output:
2025-07-01T16:13:55.8343314Z 
2025-07-01T16:13:55.8343330Z 
2025-07-01T16:13:55.8343348Z 
2025-07-01T16:13:55.8343616Z   IWarpMessenger
2025-07-01T16:13:55.8346230Z Sending warp message with payload 0x010203, expected unsigned message 0x000000015b3811f1a343332a3b71941f1260785e367543c8df02ec3ac65eb56f416f482e977500000025000000000001000000148db97c7cece249c2b98bdc0226cc4c2a57bf52fc00000003010203
2025-07-01T16:13:55.8349057Z     ✔ contract should be to send warp message (692ms)
2025-07-01T16:13:55.8349815Z     ✔ should be able to fetch correct blockchain ID
2025-07-01T16:13:55.8350071Z 
2025-07-01T16:13:55.8350080Z 
2025-07-01T16:13:55.8350235Z   2 passing (721ms)
2025-07-01T16:13:55.8350463Z 
2025-07-01T16:13:55.8350470Z 
2025-07-01T16:13:59.1187412Z   < Exit [1m[It][0m SubnetA -> C-Chain [38;5;243m- /home/runner/work/subnet-evm/subnet-evm/tests/warp/warp_test.go:188 @ 07/01/25 16:13:59.118 (9.927s)[0m
2025-07-01T16:13:59.1188929Z   > Enter [1m[AfterEach][0m TOP-LEVEL [38;5;243m- /home/runner/go/pkg/mod/github.com/ava-labs/avalanchego@v1.13.2/tests/fixture/e2e/metrics_link.go:33 @ 07/01/25 16:13:59.118[0m
2025-07-01T16:13:59.1201199Z    [0;0mINFO[0;0m	metrics and logs available via grafana (collectors must be running)	{"uri": "https://grafana-poc.avax-dev.network/d/kBQpRdWnk/avalanche-main-dashboard?&var-filter=network_uuid%7C%3D%7C31bf987e-361e-4586-a38d-841f5b87e718&var-filter=is_ephemeral_node%7C%3D%7Cfalse&from=1751386429191&to=1751386451118"}
2025-07-01T16:13:59.1204931Z   < Exit [1m[AfterEach][0m TOP-LEVEL [38;5;243m- /home/runner/go/pkg/mod/github.com/ava-labs/avalanchego@v1.13.2/tests/fixture/e2e/metrics_link.go:33 @ 07/01/25 16:13:59.119 (1ms)[0m
2025-07-01T16:13:59.1208016Z   > Enter [1m[DeferCleanup (Each)][0m TOP-LEVEL [38;5;243m- /home/runner/go/pkg/mod/github.com/ava-labs/avalanchego@v1.13.2/tests/fixture/e2e/ginkgo_test_context.go:96 @ 07/01/25 16:13:59.119[0m
2025-07-01T16:13:59.1210773Z   < Exit [1m[DeferCleanup (Each)][0m TOP-LEVEL [38;5;243m- /home/runner/go/pkg/mod/github.com/ava-labs/avalanchego@v1.13.2/tests/fixture/e2e/ginkgo_test_context.go:96 @ 07/01/25 16:13:59.119 (0s)[0m
2025-07-01T16:13:59.1213414Z   > Enter [1m[DeferCleanup (Each)][0m [Warp] [38;5;243m- /home/runner/go/pkg/mod/github.com/ava-labs/avalanchego@v1.13.2/tests/fixture/e2e/ginkgo_test_context.go:96 @ 07/01/25 16:13:59.119[0m
2025-07-01T16:13:59.1216130Z   < Exit [1m[DeferCleanup (Each)][0m [Warp] [38;5;243m- /home/runner/go/pkg/mod/github.com/ava-labs/avalanchego@v1.13.2/tests/fixture/e2e/ginkgo_test_context.go:96 @ 07/01/25 16:13:59.119 (0s)[0m
2025-07-01T16:13:59.1218573Z   > Enter [1m[DeferCleanup (Each)][0m [Warp] [38;5;243m- /home/runner/go/pkg/mod/github.com/ava-labs/avalanchego@v1.13.2/tests/fixture/e2e/ginkgo_test_context.go:96 @ 07/01/25 16:13:59.119[0m
2025-07-01T16:13:59.1221297Z   < Exit [1m[DeferCleanup (Each)][0m [Warp] [38;5;243m- /home/runner/go/pkg/mod/github.com/ava-labs/avalanchego@v1.13.2/tests/fixture/e2e/ginkgo_test_context.go:96 @ 07/01/25 16:13:59.119 (0s)[0m
2025-07-01T16:13:59.1224101Z   > Enter [1m[DeferCleanup (Each)][0m [Warp] [38;5;243m- /home/runner/go/pkg/mod/github.com/ava-labs/avalanchego@v1.13.2/tests/fixture/e2e/ginkgo_test_context.go:96 @ 07/01/25 16:13:59.119[0m
2025-07-01T16:13:59.1226497Z   < Exit [1m[DeferCleanup (Each)][0m [Warp] [38;5;243m- /home/runner/go/pkg/mod/github.com/ava-labs/avalanchego@v1.13.2/tests/fixture/e2e/ginkgo_test_context.go:96 @ 07/01/25 16:13:59.119 (0s)[0m
2025-07-01T16:13:59.1228886Z   > Enter [1m[DeferCleanup (Each)][0m [Warp] [38;5;243m- /home/runner/go/pkg/mod/github.com/ava-labs/avalanchego@v1.13.2/tests/fixture/e2e/ginkgo_test_context.go:96 @ 07/01/25 16:13:59.12[0m
2025-07-01T16:13:59.1231321Z   < Exit [1m[DeferCleanup (Each)][0m [Warp] [38;5;243m- /home/runner/go/pkg/mod/github.com/ava-labs/avalanchego@v1.13.2/tests/fixture/e2e/ginkgo_test_context.go:96 @ 07/01/25 16:13:59.12 (0s)[0m
2025-07-01T16:13:59.1233828Z   > Enter [1m[DeferCleanup (Each)][0m [Warp] [38;5;243m- /home/runner/go/pkg/mod/github.com/ava-labs/avalanchego@v1.13.2/tests/fixture/e2e/ginkgo_test_context.go:96 @ 07/01/25 16:13:59.12[0m
2025-07-01T16:13:59.1236494Z   < Exit [1m[DeferCleanup (Each)][0m [Warp] [38;5;243m- /home/runner/go/pkg/mod/github.com/ava-labs/avalanchego@v1.13.2/tests/fixture/e2e/ginkgo_test_context.go:96 @ 07/01/25 16:13:59.12 (0s)[0m
2025-07-01T16:13:59.1239085Z   > Enter [1m[DeferCleanup (Each)][0m [Warp] [38;5;243m- /home/runner/go/pkg/mod/github.com/ava-labs/avalanchego@v1.13.2/tests/fixture/e2e/ginkgo_test_context.go:96 @ 07/01/25 16:13:59.12[0m
2025-07-01T16:13:59.1241880Z   < Exit [1m[DeferCleanup (Each)][0m [Warp] [38;5;243m- /home/runner/go/pkg/mod/github.com/ava-labs/avalanchego@v1.13.2/tests/fixture/e2e/ginkgo_test_context.go:96 @ 07/01/25 16:13:59.12 (0s)[0m
2025-07-01T16:13:59.1244619Z   > Enter [1m[DeferCleanup (Each)][0m [Warp] [38;5;243m- /home/runner/go/pkg/mod/github.com/ava-labs/avalanchego@v1.13.2/tests/fixture/e2e/ginkgo_test_context.go:96 @ 07/01/25 16:13:59.12[0m
2025-07-01T16:13:59.1247231Z   < Exit [1m[DeferCleanup (Each)][0m [Warp] [38;5;243m- /home/runner/go/pkg/mod/github.com/ava-labs/avalanchego@v1.13.2/tests/fixture/e2e/ginkgo_test_context.go:96 @ 07/01/25 16:13:59.12 (0s)[0m
2025-07-01T16:13:59.1249768Z   > Enter [1m[DeferCleanup (Each)][0m [Warp] [38;5;243m- /home/runner/go/pkg/mod/github.com/ava-labs/avalanchego@v1.13.2/tests/fixture/e2e/ginkgo_test_context.go:96 @ 07/01/25 16:13:59.12[0m
2025-07-01T16:13:59.1252396Z   < Exit [1m[DeferCleanup (Each)][0m [Warp] [38;5;243m- /home/runner/go/pkg/mod/github.com/ava-labs/avalanchego@v1.13.2/tests/fixture/e2e/ginkgo_test_context.go:96 @ 07/01/25 16:13:59.12 (0s)[0m
2025-07-01T16:13:59.1254121Z [38;5;10m• [9.929 seconds][0m
2025-07-01T16:13:59.1255048Z [38;5;243m------------------------------[0m
2025-07-01T16:13:59.1255439Z [Warp]
2025-07-01T16:13:59.1256316Z [38;5;243m/home/runner/work/subnet-evm/subnet-evm/tests/warp/warp_test.go:160[0m
2025-07-01T16:13:59.1257107Z   [0m[1mC-Chain -> SubnetA[0m
2025-07-01T16:13:59.1258058Z   [38;5;243m/home/runner/work/subnet-evm/subnet-evm/tests/warp/warp_test.go:189[0m
2025-07-01T16:13:59.1259974Z   > Enter [1m[BeforeEach][0m TOP-LEVEL [38;5;243m- /home/runner/go/pkg/mod/github.com/ava-labs/avalanchego@v1.13.2/tests/fixture/e2e/metrics_link.go:27 @ 07/01/25 16:13:59.12[0m
2025-07-01T16:13:59.1262284Z   < Exit [1m[BeforeEach][0m TOP-LEVEL [38;5;243m- /home/runner/go/pkg/mod/github.com/ava-labs/avalanchego@v1.13.2/tests/fixture/e2e/metrics_link.go:27 @ 07/01/25 16:13:59.12 (0s)[0m
2025-07-01T16:13:59.1264535Z   > Enter [1m[It][0m C-Chain -> SubnetA [38;5;243m- /home/runner/work/subnet-evm/subnet-evm/tests/warp/warp_test.go:189 @ 07/01/25 16:13:59.12[0m
2025-07-01T16:14:08.8480456Z 
2025-07-01T16:14:08.8480939Z Combined output:
2025-07-01T16:14:08.8481221Z 
2025-07-01T16:14:08.8481234Z 
2025-07-01T16:14:08.8481252Z 
2025-07-01T16:14:08.8481429Z   IWarpMessenger
2025-07-01T16:14:08.8483547Z Sending warp message with payload 0x010203, expected unsigned message 0x000000015b386c469cfe3c633dc8f94d04d095a3d87eb581def72f224db4274c93172bc0d2ca00000025000000000001000000148db97c7cece249c2b98bdc0226cc4c2a57bf52fc00000003010203
2025-07-01T16:14:08.8485964Z     ✔ contract should be to send warp message (697ms)
2025-07-01T16:14:08.8486769Z     ✔ should be able to fetch correct blockchain ID
2025-07-01T16:14:08.8487129Z 
2025-07-01T16:14:08.8487180Z 
2025-07-01T16:14:08.8487349Z   2 passing (722ms)
2025-07-01T16:14:08.8487557Z 
2025-07-01T16:14:08.8487570Z 
2025-07-01T16:14:12.1054780Z   < Exit [1m[It][0m C-Chain -> SubnetA [38;5;243m- /home/runner/work/subnet-evm/subnet-evm/tests/warp/warp_test.go:189 @ 07/01/25 16:14:12.105 (12.985s)[0m
2025-07-01T16:14:12.1056566Z   > Enter [1m[AfterEach][0m TOP-LEVEL [38;5;243m- /home/runner/go/pkg/mod/github.com/ava-labs/avalanchego@v1.13.2/tests/fixture/e2e/metrics_link.go:33 @ 07/01/25 16:14:12.105[0m
2025-07-01T16:14:12.1067154Z    [0;0mINFO[0;0m	metrics and logs available via grafana (collectors must be running)	{"uri": "https://grafana-poc.avax-dev.network/d/kBQpRdWnk/avalanche-main-dashboard?&var-filter=network_uuid%7C%3D%7C31bf987e-361e-4586-a38d-841f5b87e718&var-filter=is_ephemeral_node%7C%3D%7Cfalse&from=1751386439120&to=1751386464105"}
2025-07-01T16:14:12.1070695Z   < Exit [1m[AfterEach][0m TOP-LEVEL [38;5;243m- /home/runner/go/pkg/mod/github.com/ava-labs/avalanchego@v1.13.2/tests/fixture/e2e/metrics_link.go:33 @ 07/01/25 16:14:12.106 (1ms)[0m
2025-07-01T16:14:12.1073760Z   > Enter [1m[DeferCleanup (Each)][0m TOP-LEVEL [38;5;243m- /home/runner/go/pkg/mod/github.com/ava-labs/avalanchego@v1.13.2/tests/fixture/e2e/ginkgo_test_context.go:96 @ 07/01/25 16:14:12.106[0m
2025-07-01T16:14:12.1075928Z   < Exit [1m[DeferCleanup (Each)][0m TOP-LEVEL [38;5;243m- /home/runner/go/pkg/mod/github.com/ava-labs/avalanchego@v1.13.2/tests/fixture/e2e/ginkgo_test_context.go:96 @ 07/01/25 16:14:12.106 (0s)[0m
2025-07-01T16:14:12.1078454Z   > Enter [1m[DeferCleanup (Each)][0m [Warp] [38;5;243m- /home/runner/go/pkg/mod/github.com/ava-labs/avalanchego@v1.13.2/tests/fixture/e2e/ginkgo_test_context.go:96 @ 07/01/25 16:14:12.106[0m
2025-07-01T16:14:12.1080727Z   < Exit [1m[DeferCleanup (Each)][0m [Warp] [38;5;243m- /home/runner/go/pkg/mod/github.com/ava-labs/avalanchego@v1.13.2/tests/fixture/e2e/ginkgo_test_context.go:96 @ 07/01/25 16:14:12.106 (0s)[0m
2025-07-01T16:14:12.1083547Z   > Enter [1m[DeferCleanup (Each)][0m [Warp] [38;5;243m- /home/runner/go/pkg/mod/github.com/ava-labs/avalanchego@v1.13.2/tests/fixture/e2e/ginkgo_test_context.go:96 @ 07/01/25 16:14:12.106[0m
2025-07-01T16:14:12.1086478Z   < Exit [1m[DeferCleanup (Each)][0m [Warp] [38;5;243m- /home/runner/go/pkg/mod/github.com/ava-labs/avalanchego@v1.13.2/tests/fixture/e2e/ginkgo_test_context.go:96 @ 07/01/25 16:14:12.106 (0s)[0m
2025-07-01T16:14:12.1088955Z   > Enter [1m[DeferCleanup (Each)][0m [Warp] [38;5;243m- /home/runner/go/pkg/mod/github.com/ava-labs/avalanchego@v1.13.2/tests/fixture/e2e/ginkgo_test_context.go:96 @ 07/01/25 16:14:12.106[0m
2025-07-01T16:14:12.1091702Z   < Exit [1m[DeferCleanup (Each)][0m [Warp] [38;5;243m- /home/runner/go/pkg/mod/github.com/ava-labs/avalanchego@v1.13.2/tests/fixture/e2e/ginkgo_test_context.go:96 @ 07/01/25 16:14:12.106 (0s)[0m
2025-07-01T16:14:12.1094446Z   > Enter [1m[DeferCleanup (Each)][0m [Warp] [38;5;243m- /home/runner/go/pkg/mod/github.com/ava-labs/avalanchego@v1.13.2/tests/fixture/e2e/ginkgo_test_context.go:96 @ 07/01/25 16:14:12.106[0m
2025-07-01T16:14:12.1096611Z   < Exit [1m[DeferCleanup (Each)][0m [Warp] [38;5;243m- /home/runner/go/pkg/mod/github.com/ava-labs/avalanchego@v1.13.2/tests/fixture/e2e/ginkgo_test_context.go:96 @ 07/01/25 16:14:12.106 (0s)[0m
2025-07-01T16:14:12.1099055Z   > Enter [1m[DeferCleanup (Each)][0m [Warp] [38;5;243m- /home/runner/go/pkg/mod/github.com/ava-labs/avalanchego@v1.13.2/tests/fixture/e2e/ginkgo_test_context.go:96 @ 07/01/25 16:14:12.106[0m
2025-07-01T16:14:12.1101240Z   < Exit [1m[DeferCleanup (Each)][0m [Warp] [38;5;243m- /home/runner/go/pkg/mod/github.com/ava-labs/avalanchego@v1.13.2/tests/fixture/e2e/ginkgo_test_context.go:96 @ 07/01/25 16:14:12.106 (0s)[0m
2025-07-01T16:14:12.1102759Z   > Enter [1m[DeferCleanup (Each)][0m [Warp] [38;5;243m- /home/runner/go/pkg/mod/github.com/ava-labs/avalanchego@v1.13.2/tests/fixture/e2e/ginkgo_test_context.go:96 @ 07/01/25 16:14:12.106[0m
2025-07-01T16:14:12.1105030Z   < Exit [1m[DeferCleanup (Each)][0m [Warp] [38;5;243m- /home/runner/go/pkg/mod/github.com/ava-labs/avalanchego@v1.13.2/tests/fixture/e2e/ginkgo_test_context.go:96 @ 07/01/25 16:14:12.106 (0s)[0m
2025-07-01T16:14:12.1107153Z   > Enter [1m[DeferCleanup (Each)][0m [Warp] [38;5;243m- /home/runner/go/pkg/mod/github.com/ava-labs/avalanchego@v1.13.2/tests/fixture/e2e/ginkgo_test_context.go:96 @ 07/01/25 16:14:12.106[0m
2025-07-01T16:14:12.1109103Z   < Exit [1m[DeferCleanup (Each)][0m [Warp] [38;5;243m- /home/runner/go/pkg/mod/github.com/ava-labs/avalanchego@v1.13.2/tests/fixture/e2e/ginkgo_test_context.go:96 @ 07/01/25 16:14:12.106 (0s)[0m
2025-07-01T16:14:12.1111062Z   > Enter [1m[DeferCleanup (Each)][0m [Warp] [38;5;243m- /home/runner/go/pkg/mod/github.com/ava-labs/avalanchego@v1.13.2/tests/fixture/e2e/ginkgo_test_context.go:96 @ 07/01/25 16:14:12.106[0m
2025-07-01T16:14:12.1112574Z   < Exit [1m[DeferCleanup (Each)][0m [Warp] [38;5;243m- /home/runner/go/pkg/mod/github.com/ava-labs/avalanchego@v1.13.2/tests/fixture/e2e/ginkgo_test_context.go:96 @ 07/01/25 16:14:12.106 (0s)[0m
2025-07-01T16:14:12.1113788Z [38;5;10m• [12.986 seconds][0m
2025-07-01T16:14:12.1114451Z [38;5;243m------------------------------[0m
2025-07-01T16:14:12.1114940Z [Warp]
2025-07-01T16:14:12.1115475Z [38;5;243m/home/runner/work/subnet-evm/subnet-evm/tests/warp/warp_test.go:160[0m
2025-07-01T16:14:12.1115957Z   [0m[1mC-Chain -> C-Chain[0m
2025-07-01T16:14:12.1116607Z   [38;5;243m/home/runner/work/subnet-evm/subnet-evm/tests/warp/warp_test.go:190[0m
2025-07-01T16:14:12.1118132Z   > Enter [1m[BeforeEach][0m TOP-LEVEL [38;5;243m- /home/runner/go/pkg/mod/github.com/ava-labs/avalanchego@v1.13.2/tests/fixture/e2e/metrics_link.go:27 @ 07/01/25 16:14:12.106[0m
2025-07-01T16:14:12.1120090Z   < Exit [1m[BeforeEach][0m TOP-LEVEL [38;5;243m- /home/runner/go/pkg/mod/github.com/ava-labs/avalanchego@v1.13.2/tests/fixture/e2e/metrics_link.go:27 @ 07/01/25 16:14:12.106 (0s)[0m
2025-07-01T16:14:12.1121349Z   > Enter [1m[It][0m C-Chain -> C-Chain [38;5;243m- /home/runner/work/subnet-evm/subnet-evm/tests/warp/warp_test.go:190 @ 07/01/25 16:14:12.106[0m
2025-07-01T16:14:23.8555987Z 
2025-07-01T16:14:23.8556498Z Combined output:
2025-07-01T16:14:23.8556790Z 
2025-07-01T16:14:23.8556803Z 
2025-07-01T16:14:23.8556812Z 
2025-07-01T16:14:23.8556998Z   IWarpMessenger
2025-07-01T16:14:23.8559583Z Sending warp message with payload 0x010203, expected unsigned message 0x000000015b386c469cfe3c633dc8f94d04d095a3d87eb581def72f224db4274c93172bc0d2ca00000025000000000001000000148db97c7cece249c2b98bdc0226cc4c2a57bf52fc00000003010203
2025-07-01T16:14:23.8561761Z     ✔ contract should be to send warp message (6709ms)
2025-07-01T16:14:23.8562594Z     ✔ should be able to fetch correct blockchain ID
2025-07-01T16:14:23.8562953Z 
2025-07-01T16:14:23.8562965Z 
2025-07-01T16:14:23.8563122Z   2 passing (7s)
2025-07-01T16:14:23.8563316Z 
2025-07-01T16:14:23.8563325Z 
2025-07-01T16:14:31.0185492Z   < Exit [1m[It][0m C-Chain -> C-Chain [38;5;243m- /home/runner/work/subnet-evm/subnet-evm/tests/warp/warp_test.go:190 @ 07/01/25 16:14:31.018 (18.911s)[0m
2025-07-01T16:14:31.0188055Z   > Enter [1m[AfterEach][0m TOP-LEVEL [38;5;243m- /home/runner/go/pkg/mod/github.com/ava-labs/avalanchego@v1.13.2/tests/fixture/e2e/metrics_link.go:33 @ 07/01/25 16:14:31.018[0m
2025-07-01T16:14:31.0199580Z    [0;0mINFO[0;0m	metrics and logs available via grafana (collectors must be running)	{"uri": "https://grafana-poc.avax-dev.network/d/kBQpRdWnk/avalanche-main-dashboard?&var-filter=network_uuid%7C%3D%7C31bf987e-361e-4586-a38d-841f5b87e718&var-filter=is_ephemeral_node%7C%3D%7Cfalse&from=1751386452106&to=1751386483018"}
2025-07-01T16:14:31.0203069Z   < Exit [1m[AfterEach][0m TOP-LEVEL [38;5;243m- /home/runner/go/pkg/mod/github.com/ava-labs/avalanchego@v1.13.2/tests/fixture/e2e/metrics_link.go:33 @ 07/01/25 16:14:31.019 (1ms)[0m
2025-07-01T16:14:31.0206089Z   > Enter [1m[DeferCleanup (Each)][0m TOP-LEVEL [38;5;243m- /home/runner/go/pkg/mod/github.com/ava-labs/avalanchego@v1.13.2/tests/fixture/e2e/ginkgo_test_context.go:96 @ 07/01/25 16:14:31.019[0m
2025-07-01T16:14:31.0207940Z   < Exit [1m[DeferCleanup (Each)][0m TOP-LEVEL [38;5;243m- /home/runner/go/pkg/mod/github.com/ava-labs/avalanchego@v1.13.2/tests/fixture/e2e/ginkgo_test_context.go:96 @ 07/01/25 16:14:31.019 (0s)[0m
2025-07-01T16:14:31.0209440Z   > Enter [1m[DeferCleanup (Each)][0m [Warp] [38;5;243m- /home/runner/go/pkg/mod/github.com/ava-labs/avalanchego@v1.13.2/tests/fixture/e2e/ginkgo_test_context.go:96 @ 07/01/25 16:14:31.019[0m
2025-07-01T16:14:31.0210958Z   < Exit [1m[DeferCleanup (Each)][0m [Warp] [38;5;243m- /home/runner/go/pkg/mod/github.com/ava-labs/avalanchego@v1.13.2/tests/fixture/e2e/ginkgo_test_context.go:96 @ 07/01/25 16:14:31.019 (0s)[0m
2025-07-01T16:14:31.0212567Z   > Enter [1m[DeferCleanup (Each)][0m [Warp] [38;5;243m- /home/runner/go/pkg/mod/github.com/ava-labs/avalanchego@v1.13.2/tests/fixture/e2e/ginkgo_test_context.go:96 @ 07/01/25 16:14:31.019[0m
2025-07-01T16:14:31.0214489Z   < Exit [1m[DeferCleanup (Each)][0m [Warp] [38;5;243m- /home/runner/go/pkg/mod/github.com/ava-labs/avalanchego@v1.13.2/tests/fixture/e2e/ginkgo_test_context.go:96 @ 07/01/25 16:14:31.019 (0s)[0m
2025-07-01T16:14:31.0216282Z   > Enter [1m[DeferCleanup (Each)][0m [Warp] [38;5;243m- /home/runner/go/pkg/mod/github.com/ava-labs/avalanchego@v1.13.2/tests/fixture/e2e/ginkgo_test_context.go:96 @ 07/01/25 16:14:31.019[0m
2025-07-01T16:14:31.0217769Z   < Exit [1m[DeferCleanup (Each)][0m [Warp] [38;5;243m- /home/runner/go/pkg/mod/github.com/ava-labs/avalanchego@v1.13.2/tests/fixture/e2e/ginkgo_test_context.go:96 @ 07/01/25 16:14:31.019 (0s)[0m
2025-07-01T16:14:31.0219210Z   > Enter [1m[DeferCleanup (Each)][0m [Warp] [38;5;243m- /home/runner/go/pkg/mod/github.com/ava-labs/avalanchego@v1.13.2/tests/fixture/e2e/ginkgo_test_context.go:96 @ 07/01/25 16:14:31.019[0m
2025-07-01T16:14:31.0220653Z   < Exit [1m[DeferCleanup (Each)][0m [Warp] [38;5;243m- /home/runner/go/pkg/mod/github.com/ava-labs/avalanchego@v1.13.2/tests/fixture/e2e/ginkgo_test_context.go:96 @ 07/01/25 16:14:31.019 (0s)[0m
2025-07-01T16:14:31.0222124Z   > Enter [1m[DeferCleanup (Each)][0m [Warp] [38;5;243m- /home/runner/go/pkg/mod/github.com/ava-labs/avalanchego@v1.13.2/tests/fixture/e2e/ginkgo_test_context.go:96 @ 07/01/25 16:14:31.019[0m
2025-07-01T16:14:31.0223564Z   < Exit [1m[DeferCleanup (Each)][0m [Warp] [38;5;243m- /home/runner/go/pkg/mod/github.com/ava-labs/avalanchego@v1.13.2/tests/fixture/e2e/ginkgo_test_context.go:96 @ 07/01/25 16:14:31.019 (0s)[0m
2025-07-01T16:14:31.0225313Z   > Enter [1m[DeferCleanup (Each)][0m [Warp] [38;5;243m- /home/runner/go/pkg/mod/github.com/ava-labs/avalanchego@v1.13.2/tests/fixture/e2e/ginkgo_test_context.go:96 @ 07/01/25 16:14:31.019[0m
2025-07-01T16:14:31.0226777Z   < Exit [1m[DeferCleanup (Each)][0m [Warp] [38;5;243m- /home/runner/go/pkg/mod/github.com/ava-labs/avalanchego@v1.13.2/tests/fixture/e2e/ginkgo_test_context.go:96 @ 07/01/25 16:14:31.019 (0s)[0m
2025-07-01T16:14:31.0228242Z   > Enter [1m[DeferCleanup (Each)][0m [Warp] [38;5;243m- /home/runner/go/pkg/mod/github.com/ava-labs/avalanchego@v1.13.2/tests/fixture/e2e/ginkgo_test_context.go:96 @ 07/01/25 16:14:31.019[0m
2025-07-01T16:14:31.0229700Z   < Exit [1m[DeferCleanup (Each)][0m [Warp] [38;5;243m- /home/runner/go/pkg/mod/github.com/ava-labs/avalanchego@v1.13.2/tests/fixture/e2e/ginkgo_test_context.go:96 @ 07/01/25 16:14:31.019 (0s)[0m
2025-07-01T16:14:31.0231150Z   > Enter [1m[DeferCleanup (Each)][0m [Warp] [38;5;243m- /home/runner/go/pkg/mod/github.com/ava-labs/avalanchego@v1.13.2/tests/fixture/e2e/ginkgo_test_context.go:96 @ 07/01/25 16:14:31.019[0m
2025-07-01T16:14:31.0232599Z   < Exit [1m[DeferCleanup (Each)][0m [Warp] [38;5;243m- /home/runner/go/pkg/mod/github.com/ava-labs/avalanchego@v1.13.2/tests/fixture/e2e/ginkgo_test_context.go:96 @ 07/01/25 16:14:31.019 (0s)[0m
2025-07-01T16:14:31.0233392Z [38;5;10m• [18.913 seconds][0m
2025-07-01T16:14:31.0233750Z [38;5;243m------------------------------[0m
2025-07-01T16:14:31.0234219Z [0m[1m[DeferCleanup (Suite)] [0m
2025-07-01T16:14:31.0235002Z [38;5;243m/home/runner/go/pkg/mod/github.com/ava-labs/avalanchego@v1.13.2/tests/fixture/e2e/ginkgo_test_context.go:96[0m
2025-07-01T16:14:31.0236323Z   > Enter [1m[DeferCleanup (Suite)][0m TOP-LEVEL [38;5;243m- /home/runner/go/pkg/mod/github.com/ava-labs/avalanchego@v1.13.2/tests/fixture/e2e/ginkgo_test_context.go:96 @ 07/01/25 16:14:31.02[0m
2025-07-01T16:14:31.0237833Z   < Exit [1m[DeferCleanup (Suite)][0m TOP-LEVEL [38;5;243m- /home/runner/go/pkg/mod/github.com/ava-labs/avalanchego@v1.13.2/tests/fixture/e2e/ginkgo_test_context.go:96 @ 07/01/25 16:14:31.02 (0s)[0m
2025-07-01T16:14:31.0238719Z [38;5;10m[DeferCleanup (Suite)] PASSED [0.000 seconds][0m
2025-07-01T16:14:31.0239134Z [38;5;243m------------------------------[0m
2025-07-01T16:14:31.0239473Z [0m[1m[DeferCleanup (Suite)] [0m
2025-07-01T16:14:31.0240214Z [38;5;243m/home/runner/go/pkg/mod/github.com/ava-labs/avalanchego@v1.13.2/tests/fixture/e2e/ginkgo_test_context.go:96[0m
2025-07-01T16:14:31.0241692Z   > Enter [1m[DeferCleanup (Suite)][0m TOP-LEVEL [38;5;243m- /home/runner/go/pkg/mod/github.com/ava-labs/avalanchego@v1.13.2/tests/fixture/e2e/ginkgo_test_context.go:96 @ 07/01/25 16:14:31.02[0m
2025-07-01T16:14:31.0243312Z   < Exit [1m[DeferCleanup (Suite)][0m TOP-LEVEL [38;5;243m- /home/runner/go/pkg/mod/github.com/ava-labs/avalanchego@v1.13.2/tests/fixture/e2e/ginkgo_test_context.go:96 @ 07/01/25 16:14:31.02 (0s)[0m
2025-07-01T16:14:31.0244414Z [38;5;10m[DeferCleanup (Suite)] PASSED [0.000 seconds][0m
2025-07-01T16:14:31.0244830Z [38;5;243m------------------------------[0m
2025-07-01T16:14:31.0245183Z [0m[1m[DeferCleanup (Suite)] [0m
2025-07-01T16:14:31.0245939Z [38;5;243m/home/runner/go/pkg/mod/github.com/ava-labs/avalanchego@v1.13.2/tests/fixture/e2e/ginkgo_test_context.go:96[0m
2025-07-01T16:14:31.0247258Z   > Enter [1m[DeferCleanup (Suite)][0m TOP-LEVEL [38;5;243m- /home/runner/go/pkg/mod/github.com/ava-labs/avalanchego@v1.13.2/tests/fixture/e2e/ginkgo_test_context.go:96 @ 07/01/25 16:14:31.02[0m
2025-07-01T16:14:31.0248775Z   < Exit [1m[DeferCleanup (Suite)][0m TOP-LEVEL [38;5;243m- /home/runner/go/pkg/mod/github.com/ava-labs/avalanchego@v1.13.2/tests/fixture/e2e/ginkgo_test_context.go:96 @ 07/01/25 16:14:31.02 (0s)[0m
2025-07-01T16:14:31.0249656Z [38;5;10m[DeferCleanup (Suite)] PASSED [0.000 seconds][0m
2025-07-01T16:14:31.0250231Z [38;5;243m------------------------------[0m
2025-07-01T16:14:31.0250578Z [0m[1m[DeferCleanup (Suite)] [0m
2025-07-01T16:14:31.0251314Z [38;5;243m/home/runner/go/pkg/mod/github.com/ava-labs/avalanchego@v1.13.2/tests/fixture/e2e/ginkgo_test_context.go:96[0m
2025-07-01T16:14:31.0252620Z   > Enter [1m[DeferCleanup (Suite)][0m TOP-LEVEL [38;5;243m- /home/runner/go/pkg/mod/github.com/ava-labs/avalanchego@v1.13.2/tests/fixture/e2e/ginkgo_test_context.go:96 @ 07/01/25 16:14:31.02[0m
2025-07-01T16:14:31.0254226Z   < Exit [1m[DeferCleanup (Suite)][0m TOP-LEVEL [38;5;243m- /home/runner/go/pkg/mod/github.com/ava-labs/avalanchego@v1.13.2/tests/fixture/e2e/ginkgo_test_context.go:96 @ 07/01/25 16:14:31.02 (0s)[0m
2025-07-01T16:14:31.0255112Z [38;5;10m[DeferCleanup (Suite)] PASSED [0.000 seconds][0m
2025-07-01T16:14:31.0255512Z [38;5;243m------------------------------[0m
2025-07-01T16:14:31.0255847Z [0m[1m[DeferCleanup (Suite)] [0m
2025-07-01T16:14:31.0256588Z [38;5;243m/home/runner/go/pkg/mod/github.com/ava-labs/avalanchego@v1.13.2/tests/fixture/e2e/ginkgo_test_context.go:96[0m
2025-07-01T16:14:31.0257894Z   > Enter [1m[DeferCleanup (Suite)][0m TOP-LEVEL [38;5;243m- /home/runner/go/pkg/mod/github.com/ava-labs/avalanchego@v1.13.2/tests/fixture/e2e/ginkgo_test_context.go:96 @ 07/01/25 16:14:31.02[0m
2025-07-01T16:14:31.0259382Z   < Exit [1m[DeferCleanup (Suite)][0m TOP-LEVEL [38;5;243m- /home/runner/go/pkg/mod/github.com/ava-labs/avalanchego@v1.13.2/tests/fixture/e2e/ginkgo_test_context.go:96 @ 07/01/25 16:14:31.02 (0s)[0m
2025-07-01T16:14:31.0260248Z [38;5;10m[DeferCleanup (Suite)] PASSED [0.000 seconds][0m
2025-07-01T16:14:31.0260650Z [38;5;243m------------------------------[0m
2025-07-01T16:14:31.0260992Z [0m[1m[DeferCleanup (Suite)] [0m
2025-07-01T16:14:31.0261724Z [38;5;243m/home/runner/go/pkg/mod/github.com/ava-labs/avalanchego@v1.13.2/tests/fixture/e2e/ginkgo_test_context.go:96[0m
2025-07-01T16:14:31.0263024Z   > Enter [1m[DeferCleanup (Suite)][0m TOP-LEVEL [38;5;243m- /home/runner/go/pkg/mod/github.com/ava-labs/avalanchego@v1.13.2/tests/fixture/e2e/ginkgo_test_context.go:96 @ 07/01/25 16:14:31.02[0m
2025-07-01T16:14:31.0264654Z   < Exit [1m[DeferCleanup (Suite)][0m TOP-LEVEL [38;5;243m- /home/runner/go/pkg/mod/github.com/ava-labs/avalanchego@v1.13.2/tests/fixture/e2e/ginkgo_test_context.go:96 @ 07/01/25 16:14:31.02 (0s)[0m
2025-07-01T16:14:31.0265534Z [38;5;10m[DeferCleanup (Suite)] PASSED [0.000 seconds][0m
2025-07-01T16:14:31.0265942Z [38;5;243m------------------------------[0m
2025-07-01T16:14:31.0266291Z [0m[1m[DeferCleanup (Suite)] [0m
2025-07-01T16:14:31.0267036Z [38;5;243m/home/runner/go/pkg/mod/github.com/ava-labs/avalanchego@v1.13.2/tests/fixture/e2e/ginkgo_test_context.go:96[0m
2025-07-01T16:14:31.0268532Z   > Enter [1m[DeferCleanup (Suite)][0m TOP-LEVEL [38;5;243m- /home/runner/go/pkg/mod/github.com/ava-labs/avalanchego@v1.13.2/tests/fixture/e2e/ginkgo_test_context.go:96 @ 07/01/25 16:14:31.02[0m
2025-07-01T16:14:31.0270035Z   < Exit [1m[DeferCleanup (Suite)][0m TOP-LEVEL [38;5;243m- /home/runner/go/pkg/mod/github.com/ava-labs/avalanchego@v1.13.2/tests/fixture/e2e/ginkgo_test_context.go:96 @ 07/01/25 16:14:31.02 (0s)[0m
2025-07-01T16:14:31.0270913Z [38;5;10m[DeferCleanup (Suite)] PASSED [0.000 seconds][0m
2025-07-01T16:14:31.0271317Z [38;5;243m------------------------------[0m
2025-07-01T16:14:31.0271658Z [0m[1m[DeferCleanup (Suite)] [0m
2025-07-01T16:14:31.0272391Z [38;5;243m/home/runner/go/pkg/mod/github.com/ava-labs/avalanchego@v1.13.2/tests/fixture/e2e/ginkgo_test_context.go:96[0m
2025-07-01T16:14:31.0273706Z   > Enter [1m[DeferCleanup (Suite)][0m TOP-LEVEL [38;5;243m- /home/runner/go/pkg/mod/github.com/ava-labs/avalanchego@v1.13.2/tests/fixture/e2e/ginkgo_test_context.go:96 @ 07/01/25 16:14:31.02[0m
2025-07-01T16:14:31.0275321Z   < Exit [1m[DeferCleanup (Suite)][0m TOP-LEVEL [38;5;243m- /home/runner/go/pkg/mod/github.com/ava-labs/avalanchego@v1.13.2/tests/fixture/e2e/ginkgo_test_context.go:96 @ 07/01/25 16:14:31.02 (0s)[0m
2025-07-01T16:14:31.0276335Z [38;5;10m[DeferCleanup (Suite)] PASSED [0.000 seconds][0m
2025-07-01T16:14:31.0276736Z [38;5;243m------------------------------[0m
2025-07-01T16:14:31.0277072Z [0m[1m[DeferCleanup (Suite)] [0m
2025-07-01T16:14:31.0277802Z [38;5;243m/home/runner/go/pkg/mod/github.com/ava-labs/avalanchego@v1.13.2/tests/fixture/e2e/ginkgo_test_context.go:96[0m
2025-07-01T16:14:31.0279112Z   > Enter [1m[DeferCleanup (Suite)][0m TOP-LEVEL [38;5;243m- /home/runner/go/pkg/mod/github.com/ava-labs/avalanchego@v1.13.2/tests/fixture/e2e/ginkgo_test_context.go:96 @ 07/01/25 16:14:31.02[0m
2025-07-01T16:14:31.0280148Z    [0;0mINFO[0;0m	delaying network shutdown to ensure final metrics scrape	{"delay": "12s"}
2025-07-01T16:14:43.0210068Z    [0;0mINFO[0;0m	shutting down network
2025-07-01T16:14:43.1397436Z   < Exit [1m[DeferCleanup (Suite)][0m TOP-LEVEL [38;5;243m- /home/runner/go/pkg/mod/github.com/ava-labs/avalanchego@v1.13.2/tests/fixture/e2e/ginkgo_test_context.go:96 @ 07/01/25 16:14:43.139 (12.119s)[0m
2025-07-01T16:14:43.1398934Z [38;5;10m[DeferCleanup (Suite)] PASSED [12.119 seconds][0m
2025-07-01T16:14:43.1399676Z [38;5;243m------------------------------[0m
2025-07-01T16:14:43.1400314Z [0m[1m[DeferCleanup (Suite)] [0m
2025-07-01T16:14:43.1401374Z [38;5;243m/home/runner/go/pkg/mod/github.com/ava-labs/avalanchego@v1.13.2/tests/fixture/e2e/ginkgo_test_context.go:96[0m
2025-07-01T16:14:43.1402959Z   > Enter [1m[DeferCleanup (Suite)][0m TOP-LEVEL [38;5;243m- /home/runner/go/pkg/mod/github.com/ava-labs/avalanchego@v1.13.2/tests/fixture/e2e/ginkgo_test_context.go:96 @ 07/01/25 16:14:43.139[0m
2025-07-01T16:14:43.1405554Z   < Exit [1m[DeferCleanup (Suite)][0m TOP-LEVEL [38;5;243m- /home/runner/go/pkg/mod/github.com/ava-labs/avalanchego@v1.13.2/tests/fixture/e2e/ginkgo_test_context.go:96 @ 07/01/25 16:14:43.139 (0s)[0m
2025-07-01T16:14:43.1406632Z [38;5;10m[DeferCleanup (Suite)] PASSED [0.000 seconds][0m
2025-07-01T16:14:43.1407182Z [38;5;243m------------------------------[0m
2025-07-01T16:14:43.1407571Z [0m[1m[DeferCleanup (Suite)] [0m
2025-07-01T16:14:43.1408345Z [38;5;243m/home/runner/go/pkg/mod/github.com/ava-labs/avalanchego@v1.13.2/tests/fixture/e2e/ginkgo_test_context.go:96[0m
2025-07-01T16:14:43.1410005Z   > Enter [1m[DeferCleanup (Suite)][0m TOP-LEVEL [38;5;243m- /home/runner/go/pkg/mod/github.com/ava-labs/avalanchego@v1.13.2/tests/fixture/e2e/ginkgo_test_context.go:96 @ 07/01/25 16:14:43.139[0m
2025-07-01T16:14:43.1411569Z    [0;0mINFO[0;0m	checking if logs exist	{"url": "https://loki-poc.avax-dev.network", "query": "sum(count_over_time({network_uuid=\"31bf987e-361e-4586-a38d-841f5b87e718\"}[1h]))"}
2025-07-01T16:14:43.2612821Z    [0;0mINFO[0;0m	collected count is non-zero	{"type": "logs", "count": 13372}
2025-07-01T16:14:43.2615417Z   < Exit [1m[DeferCleanup (Suite)][0m TOP-LEVEL [38;5;243m- /home/runner/go/pkg/mod/github.com/ava-labs/avalanchego@v1.13.2/tests/fixture/e2e/ginkgo_test_context.go:96 @ 07/01/25 16:14:43.261 (121ms)[0m
2025-07-01T16:14:43.2617073Z [38;5;10m[DeferCleanup (Suite)] PASSED [0.122 seconds][0m
2025-07-01T16:14:43.2617587Z [38;5;243m------------------------------[0m
2025-07-01T16:14:43.2618147Z [0m[1m[DeferCleanup (Suite)] [0m
2025-07-01T16:14:43.2619552Z [38;5;243m/home/runner/go/pkg/mod/github.com/ava-labs/avalanchego@v1.13.2/tests/fixture/e2e/ginkgo_test_context.go:96[0m
2025-07-01T16:14:43.2621948Z   > Enter [1m[DeferCleanup (Suite)][0m TOP-LEVEL [38;5;243m- /home/runner/go/pkg/mod/github.com/ava-labs/avalanchego@v1.13.2/tests/fixture/e2e/ginkgo_test_context.go:96 @ 07/01/25 16:14:43.261[0m
2025-07-01T16:14:43.2623752Z    [0;0mINFO[0;0m	checking if metrics exist	{"url": "https://prometheus-poc.avax-dev.network", "query": "count({network_uuid=\"31bf987e-361e-4586-a38d-841f5b87e718\"})"}
2025-07-01T16:14:43.3932083Z    [0;0mINFO[0;0m	collected count is non-zero	{"type": "metrics", "count": 8771}
2025-07-01T16:14:43.3935189Z   < Exit [1m[DeferCleanup (Suite)][0m TOP-LEVEL [38;5;243m- /home/runner/go/pkg/mod/github.com/ava-labs/avalanchego@v1.13.2/tests/fixture/e2e/ginkgo_test_context.go:96 @ 07/01/25 16:14:43.392 (132ms)[0m
2025-07-01T16:14:43.3937930Z [38;5;10m[DeferCleanup (Suite)] PASSED [0.132 seconds][0m
2025-07-01T16:14:43.3938734Z [38;5;243m------------------------------[0m
2025-07-01T16:14:43.3939409Z [0m[1m[DeferCleanup (Suite)] [0m
2025-07-01T16:14:43.3940912Z [38;5;243m/home/runner/go/pkg/mod/github.com/ava-labs/avalanchego@v1.13.2/tests/fixture/e2e/ginkgo_test_context.go:96[0m
2025-07-01T16:14:43.3943592Z   > Enter [1m[DeferCleanup (Suite)][0m TOP-LEVEL [38;5;243m- /home/runner/go/pkg/mod/github.com/ava-labs/avalanchego@v1.13.2/tests/fixture/e2e/ginkgo_test_context.go:96 @ 07/01/25 16:14:43.393[0m
2025-07-01T16:14:43.3946830Z   < Exit [1m[DeferCleanup (Suite)][0m TOP-LEVEL [38;5;243m- /home/runner/go/pkg/mod/github.com/ava-labs/avalanchego@v1.13.2/tests/fixture/e2e/ginkgo_test_context.go:96 @ 07/01/25 16:14:43.393 (0s)[0m
2025-07-01T16:14:43.3948572Z [38;5;10m[DeferCleanup (Suite)] PASSED [0.000 seconds][0m
2025-07-01T16:14:43.3949283Z [38;5;243m------------------------------[0m
2025-07-01T16:14:43.3949859Z [0m[1m[DeferCleanup (Suite)] [0m
2025-07-01T16:14:43.3951205Z [38;5;243m/home/runner/go/pkg/mod/github.com/ava-labs/avalanchego@v1.13.2/tests/fixture/e2e/ginkgo_test_context.go:96[0m
2025-07-01T16:14:43.3953635Z   > Enter [1m[DeferCleanup (Suite)][0m TOP-LEVEL [38;5;243m- /home/runner/go/pkg/mod/github.com/ava-labs/avalanchego@v1.13.2/tests/fixture/e2e/ginkgo_test_context.go:96 @ 07/01/25 16:14:43.393[0m
2025-07-01T16:14:43.3956328Z   < Exit [1m[DeferCleanup (Suite)][0m TOP-LEVEL [38;5;243m- /home/runner/go/pkg/mod/github.com/ava-labs/avalanchego@v1.13.2/tests/fixture/e2e/ginkgo_test_context.go:96 @ 07/01/25 16:14:43.393 (0s)[0m
2025-07-01T16:14:43.3957806Z [38;5;10m[DeferCleanup (Suite)] PASSED [0.000 seconds][0m
2025-07-01T16:14:43.3958454Z [38;5;243m------------------------------[0m
2025-07-01T16:14:43.3958745Z 
2025-07-01T16:14:43.3959133Z [38;5;10m[1mRan 5 of 5 Specs in 99.252 seconds[0m
2025-07-01T16:14:43.3960351Z [38;5;10m[1mSUCCESS![0m -- [38;5;10m[1m5 Passed[0m | [38;5;9m[1m0 Failed[0m | [38;5;11m[1m0 Pending[0m | [38;5;14m[1m0 Skipped[0m
2025-07-01T16:14:43.3961022Z PASS
2025-07-01T16:14:43.4123810Z 
2025-07-01T16:14:43.4124401Z Ginkgo ran 1 suite in 2m30.726001223s
2025-07-01T16:14:43.4124742Z Test Suite Passed
2025-07-01T16:14:43.4259518Z ##[group]Run actions/upload-artifact@v4
2025-07-01T16:14:43.4259806Z with:
2025-07-01T16:14:43.4260005Z   name: warp-tmpnet-data
2025-07-01T16:14:43.4260431Z   path: ~/.tmpnet/networks
~/.tmpnet/prometheus/prometheus.log
~/.tmpnet/promtail/promtail.log

2025-07-01T16:14:43.4261071Z   if-no-files-found: error
2025-07-01T16:14:43.4261307Z   compression-level: 6
2025-07-01T16:14:43.4261529Z   overwrite: false
2025-07-01T16:14:43.4261750Z   include-hidden-files: false
2025-07-01T16:14:43.4261986Z env:
2025-07-01T16:14:43.4262183Z   TMPDIR: /home/runner/work/_temp
2025-07-01T16:14:43.4262437Z ##[endgroup]
2025-07-01T16:14:43.6642992Z Multiple search paths detected. Calculating the least common ancestor of all paths
2025-07-01T16:14:43.6645802Z The least common ancestor is /home/runner/.tmpnet. This will be the root directory of the artifact
2025-07-01T16:14:43.6646794Z With the provided path, there will be 65 files uploaded
2025-07-01T16:14:43.6651165Z Artifact name is valid!
2025-07-01T16:14:43.6652286Z Root directory input is valid!
2025-07-01T16:14:43.9618246Z Beginning upload of artifact content to blob storage
2025-07-01T16:14:44.7481227Z Uploaded bytes 774838
2025-07-01T16:14:44.8257684Z Finished uploading artifact content to blob storage!
2025-07-01T16:14:44.8260556Z SHA256 digest of uploaded artifact zip is 6e6d958126c8410c96763bf2fca082f43e7c11bb0576b7e6d5ed162405a45b75
2025-07-01T16:14:44.8262570Z Finalizing artifact upload
2025-07-01T16:14:44.9740492Z Artifact warp-tmpnet-data.zip successfully finalized. Artifact ID 3442467435
2025-07-01T16:14:44.9741521Z Artifact warp-tmpnet-data has been successfully uploaded! Final size is 774838 bytes. Artifact ID is 3442467435
2025-07-01T16:14:44.9748877Z Artifact download URL: https://github.com/ava-labs/subnet-evm/actions/runs/16004559474/artifacts/3442467435
