2025-07-31T20:48:40.8154041Z Current runner version: '2.327.1'
2025-07-31T20:48:40.8180370Z ##[group]Runner Image Provisioner
2025-07-31T20:48:40.8181288Z Hosted Compute Agent
2025-07-31T20:48:40.8181834Z Version: 20250711.363
2025-07-31T20:48:40.8182484Z Commit: 6785254374ce925a23743850c1cb91912ce5c14c
2025-07-31T20:48:40.8183143Z Build Date: 2025-07-11T20:04:25Z
2025-07-31T20:48:40.8183728Z ##[endgroup]
2025-07-31T20:48:40.8184230Z ##[group]Operating System
2025-07-31T20:48:40.8184929Z Ubuntu
2025-07-31T20:48:40.8185372Z 24.04.2
2025-07-31T20:48:40.8185813Z LTS
2025-07-31T20:48:40.8186302Z ##[endgroup]
2025-07-31T20:48:40.8186788Z ##[group]Runner Image
2025-07-31T20:48:40.8187321Z Image: ubuntu-24.04
2025-07-31T20:48:40.8188010Z Version: 20250728.1.0
2025-07-31T20:48:40.8189015Z Included Software: https://github.com/actions/runner-images/blob/ubuntu24/20250728.1/images/ubuntu/Ubuntu2404-Readme.md
2025-07-31T20:48:40.8190590Z Image Release: https://github.com/actions/runner-images/releases/tag/ubuntu24%2F20250728.1
2025-07-31T20:48:40.8191564Z ##[endgroup]
2025-07-31T20:48:40.8193987Z ##[group]GITHUB_TOKEN Permissions
2025-07-31T20:48:40.8196265Z Actions: write
2025-07-31T20:48:40.8196868Z Attestations: write
2025-07-31T20:48:40.8197524Z Checks: write
2025-07-31T20:48:40.8198177Z Contents: write
2025-07-31T20:48:40.8198716Z Deployments: write
2025-07-31T20:48:40.8199230Z Discussions: write
2025-07-31T20:48:40.8199796Z Issues: write
2025-07-31T20:48:40.8200278Z Metadata: read
2025-07-31T20:48:40.8200815Z Models: read
2025-07-31T20:48:40.8201294Z Packages: write
2025-07-31T20:48:40.8201797Z Pages: write
2025-07-31T20:48:40.8202235Z PullRequests: write
2025-07-31T20:48:40.8202937Z RepositoryProjects: write
2025-07-31T20:48:40.8203494Z SecurityEvents: write
2025-07-31T20:48:40.8204054Z Statuses: write
2025-07-31T20:48:40.8204621Z ##[endgroup]
2025-07-31T20:48:40.8206781Z Secret source: Actions
2025-07-31T20:48:40.8208080Z Prepare workflow directory
2025-07-31T20:48:40.8542766Z Prepare all required actions
2025-07-31T20:48:40.8581205Z Getting action download info
2025-07-31T20:48:41.3443412Z ##[group]Download immutable action package 'actions/checkout@v4'
2025-07-31T20:48:41.3445014Z Version: 4.2.2
2025-07-31T20:48:41.3446094Z Digest: sha256:ccb2698953eaebd21c7bf6268a94f9c26518a7e38e27e0b83c1fe1ad049819b1
2025-07-31T20:48:41.3447332Z Source commit SHA: 11bd71901bbe5b1630ceea73d27597364c9af683
2025-07-31T20:48:41.3448469Z ##[endgroup]
2025-07-31T20:48:41.4339308Z ##[group]Download immutable action package 'actions/setup-go@v5'
2025-07-31T20:48:41.4340202Z Version: 5.5.0
2025-07-31T20:48:41.4340948Z Digest: sha256:f5eeb2233d0c6714b5236de9b44ad0b935014e15eeab3c28d73dc44c1c641ebb
2025-07-31T20:48:41.4342044Z Source commit SHA: d35c59abb061a4a6fb18e82ac0862c26744d6ab5
2025-07-31T20:48:41.4342758Z ##[endgroup]
2025-07-31T20:48:41.7683541Z Complete job name: Golang Unit Tests (ubuntu-latest)
2025-07-31T20:48:41.8417071Z ##[group]Run actions/checkout@v4
2025-07-31T20:48:41.8418265Z with:
2025-07-31T20:48:41.8418716Z   repository: ava-labs/subnet-evm
2025-07-31T20:48:41.8419465Z   token: ***
2025-07-31T20:48:41.8419890Z   ssh-strict: true
2025-07-31T20:48:41.8420336Z   ssh-user: git
2025-07-31T20:48:41.8420787Z   persist-credentials: true
2025-07-31T20:48:41.8421279Z   clean: true
2025-07-31T20:48:41.8421700Z   sparse-checkout-cone-mode: true
2025-07-31T20:48:41.8422208Z   fetch-depth: 1
2025-07-31T20:48:41.8422619Z   fetch-tags: false
2025-07-31T20:48:41.8423044Z   show-progress: true
2025-07-31T20:48:41.8423467Z   lfs: false
2025-07-31T20:48:41.8423860Z   submodules: false
2025-07-31T20:48:41.8424295Z   set-safe-directory: true
2025-07-31T20:48:41.8425020Z ##[endgroup]
2025-07-31T20:48:41.9523035Z Syncing repository: ava-labs/subnet-evm
2025-07-31T20:48:41.9525279Z ##[group]Getting Git version info
2025-07-31T20:48:41.9526209Z Working directory is '/home/runner/work/subnet-evm/subnet-evm'
2025-07-31T20:48:41.9527394Z [command]/usr/bin/git version
2025-07-31T20:48:41.9561803Z git version 2.50.1
2025-07-31T20:48:41.9588003Z ##[endgroup]
2025-07-31T20:48:41.9602650Z Temporarily overriding HOME='/home/runner/work/_temp/0a624060-c11d-411b-b7be-51afdaf0ec09' before making global git config changes
2025-07-31T20:48:41.9604079Z Adding repository directory to the temporary git global config as a safe directory
2025-07-31T20:48:41.9608248Z [command]/usr/bin/git config --global --add safe.directory /home/runner/work/subnet-evm/subnet-evm
2025-07-31T20:48:41.9642772Z Deleting the contents of '/home/runner/work/subnet-evm/subnet-evm'
2025-07-31T20:48:41.9646012Z ##[group]Initializing the repository
2025-07-31T20:48:41.9650429Z [command]/usr/bin/git init /home/runner/work/subnet-evm/subnet-evm
2025-07-31T20:48:41.9707884Z hint: Using 'master' as the name for the initial branch. This default branch name
2025-07-31T20:48:41.9709735Z hint: is subject to change. To configure the initial branch name to use in all
2025-07-31T20:48:41.9711370Z hint: of your new repositories, which will suppress this warning, call:
2025-07-31T20:48:41.9712097Z hint:
2025-07-31T20:48:41.9712620Z hint: 	git config --global init.defaultBranch <name>
2025-07-31T20:48:41.9713232Z hint:
2025-07-31T20:48:41.9713812Z hint: Names commonly chosen instead of 'master' are 'main', 'trunk' and
2025-07-31T20:48:41.9714737Z hint: 'development'. The just-created branch can be renamed via this command:
2025-07-31T20:48:41.9715855Z hint:
2025-07-31T20:48:41.9716412Z hint: 	git branch -m <name>
2025-07-31T20:48:41.9716886Z hint:
2025-07-31T20:48:41.9717525Z hint: Disable this message with "git config set advice.defaultBranchName false"
2025-07-31T20:48:41.9719078Z Initialized empty Git repository in /home/runner/work/subnet-evm/subnet-evm/.git/
2025-07-31T20:48:41.9721164Z [command]/usr/bin/git remote add origin https://github.com/ava-labs/subnet-evm
2025-07-31T20:48:41.9751897Z ##[endgroup]
2025-07-31T20:48:41.9752688Z ##[group]Disabling automatic garbage collection
2025-07-31T20:48:41.9755760Z [command]/usr/bin/git config --local gc.auto 0
2025-07-31T20:48:41.9783624Z ##[endgroup]
2025-07-31T20:48:41.9784365Z ##[group]Setting up auth
2025-07-31T20:48:41.9790694Z [command]/usr/bin/git config --local --name-only --get-regexp core\.sshCommand
2025-07-31T20:48:41.9821466Z [command]/usr/bin/git submodule foreach --recursive sh -c "git config --local --name-only --get-regexp 'core\.sshCommand' && git config --local --unset-all 'core.sshCommand' || :"
2025-07-31T20:48:42.0077334Z [command]/usr/bin/git config --local --name-only --get-regexp http\.https\:\/\/github\.com\/\.extraheader
2025-07-31T20:48:42.0106542Z [command]/usr/bin/git submodule foreach --recursive sh -c "git config --local --name-only --get-regexp 'http\.https\:\/\/github\.com\/\.extraheader' && git config --local --unset-all 'http.https://github.com/.extraheader' || :"
2025-07-31T20:48:42.0347459Z [command]/usr/bin/git config --local http.https://github.com/.extraheader AUTHORIZATION: basic ***
2025-07-31T20:48:42.0402734Z ##[endgroup]
2025-07-31T20:48:42.0403689Z ##[group]Fetching the repository
2025-07-31T20:48:42.0411979Z [command]/usr/bin/git -c protocol.version=2 fetch --no-tags --prune --no-recurse-submodules --depth=1 origin +458961795523cdde7218683f234d1bdfd7d9e2c6:refs/remotes/pull/1670/merge
2025-07-31T20:48:42.6714234Z From https://github.com/ava-labs/subnet-evm
2025-07-31T20:48:42.6716351Z  * [new ref]         458961795523cdde7218683f234d1bdfd7d9e2c6 -> pull/1670/merge
2025-07-31T20:48:42.6738953Z ##[endgroup]
2025-07-31T20:48:42.6740783Z ##[group]Determining the checkout info
2025-07-31T20:48:42.6742790Z ##[endgroup]
2025-07-31T20:48:42.6746524Z [command]/usr/bin/git sparse-checkout disable
2025-07-31T20:48:42.6785599Z [command]/usr/bin/git config --local --unset-all extensions.worktreeConfig
2025-07-31T20:48:42.6813834Z ##[group]Checking out the ref
2025-07-31T20:48:42.6817491Z [command]/usr/bin/git checkout --progress --force refs/remotes/pull/1670/merge
2025-07-31T20:48:42.7584445Z Note: switching to 'refs/remotes/pull/1670/merge'.
2025-07-31T20:48:42.7585826Z 
2025-07-31T20:48:42.7586795Z You are in 'detached HEAD' state. You can look around, make experimental
2025-07-31T20:48:42.7589342Z changes and commit them, and you can discard any commits you make in this
2025-07-31T20:48:42.7592098Z state without impacting any branches by switching back to a branch.
2025-07-31T20:48:42.7593762Z 
2025-07-31T20:48:42.7594735Z If you want to create a new branch to retain commits you create, you may
2025-07-31T20:48:42.7597003Z do so (now or later) by using -c with the switch command. Example:
2025-07-31T20:48:42.7598533Z 
2025-07-31T20:48:42.7599075Z   git switch -c <new-branch-name>
2025-07-31T20:48:42.7600021Z 
2025-07-31T20:48:42.7600583Z Or undo this operation with:
2025-07-31T20:48:42.7601473Z 
2025-07-31T20:48:42.7601950Z   git switch -
2025-07-31T20:48:42.7602643Z 
2025-07-31T20:48:42.7603744Z Turn off this advice by setting config variable advice.detachedHead to false
2025-07-31T20:48:42.7605285Z 
2025-07-31T20:48:42.7607240Z HEAD is now at 4589617 Merge 621baa1f6abfd4cdb6de9f7d90086977ca126195 into cac7421f86c7d9b283181c568fbc6dc80abb74bc
2025-07-31T20:48:42.7612267Z ##[endgroup]
2025-07-31T20:48:42.7638669Z [command]/usr/bin/git log -1 --format=%H
2025-07-31T20:48:42.7661703Z 458961795523cdde7218683f234d1bdfd7d9e2c6
2025-07-31T20:48:42.7971195Z ##[group]Run actions/setup-go@v5
2025-07-31T20:48:42.7972336Z with:
2025-07-31T20:48:42.7973168Z   go-version-file: go.mod
2025-07-31T20:48:42.7974160Z   check-latest: false
2025-07-31T20:48:42.7975374Z   token: ***
2025-07-31T20:48:42.7976199Z   cache: true
2025-07-31T20:48:42.7977043Z ##[endgroup]
2025-07-31T20:48:42.9651333Z Setup go version spec 1.23.9
2025-07-31T20:48:42.9662904Z Attempting to download 1.23.9...
2025-07-31T20:48:43.3499813Z matching 1.23.9...
2025-07-31T20:48:43.3546753Z Acquiring 1.23.9 from https://github.com/actions/go-versions/releases/download/1.23.9-14875265214/go-1.23.9-linux-x64.tar.gz
2025-07-31T20:48:43.8749141Z Extracting Go...
2025-07-31T20:48:43.8885519Z [command]/usr/bin/tar xz --warning=no-unknown-keyword --overwrite -C /home/runner/work/_temp/9af9a70c-3aa5-4663-aa3a-65c5ff06343d -f /home/runner/work/_temp/4a3eb935-549a-4966-b4fd-1c6857d5e3d9
2025-07-31T20:48:45.5419779Z Successfully extracted go to /home/runner/work/_temp/9af9a70c-3aa5-4663-aa3a-65c5ff06343d
2025-07-31T20:48:45.5420853Z Adding to the cache ...
2025-07-31T20:48:50.0898462Z Successfully cached go to /opt/hostedtoolcache/go/1.23.9/x64
2025-07-31T20:48:50.0899059Z Added go to the path
2025-07-31T20:48:50.0901591Z Successfully set up Go version 1.23.9
2025-07-31T20:48:50.1126161Z [command]/opt/hostedtoolcache/go/1.23.9/x64/bin/go env GOMODCACHE
2025-07-31T20:48:50.1159054Z [command]/opt/hostedtoolcache/go/1.23.9/x64/bin/go env GOCACHE
2025-07-31T20:48:50.1196307Z /home/runner/go/pkg/mod
2025-07-31T20:48:50.1214162Z /home/runner/.cache/go-build
2025-07-31T20:48:50.2448863Z Cache hit for: setup-go-Linux-x64-ubuntu24-go-1.23.9-0b3e90913b97e03ae3703c92249b7dba10f2132eed5fabcf4cb0b538b1b5d6c0
2025-07-31T20:48:51.4003858Z Received 134217728 of 498708242 (26.9%), 127.4 MBs/sec
2025-07-31T20:48:52.4012106Z Received 352321536 of 498708242 (70.6%), 167.6 MBs/sec
2025-07-31T20:48:53.4014122Z Received 494513938 of 498708242 (99.2%), 156.9 MBs/sec
2025-07-31T20:48:53.5233233Z Received 498708242 of 498708242 (100.0%), 152.0 MBs/sec
2025-07-31T20:48:53.5234289Z Cache Size: ~476 MB (498708242 B)
2025-07-31T20:48:53.5275622Z [command]/usr/bin/tar -xf /home/runner/work/_temp/99584e7a-b5ab-4eb5-8e01-00e27deac4a5/cache.tzst -P -C /home/runner/work/subnet-evm/subnet-evm --use-compress-program unzstd
2025-07-31T20:48:57.7936282Z Cache restored successfully
2025-07-31T20:48:57.8850297Z Cache restored from key: setup-go-Linux-x64-ubuntu24-go-1.23.9-0b3e90913b97e03ae3703c92249b7dba10f2132eed5fabcf4cb0b538b1b5d6c0
2025-07-31T20:48:57.8870776Z go version go1.23.9 linux/amd64
2025-07-31T20:48:57.8870986Z 
2025-07-31T20:48:57.8871276Z ##[group]go env
2025-07-31T20:48:58.0277228Z GO111MODULE=''
2025-07-31T20:48:58.0277552Z GOARCH='amd64'
2025-07-31T20:48:58.0278129Z GOBIN=''
2025-07-31T20:48:58.0278392Z GOCACHE='/home/runner/.cache/go-build'
2025-07-31T20:48:58.0279123Z GOENV='/home/runner/.config/go/env'
2025-07-31T20:48:58.0279452Z GOEXE=''
2025-07-31T20:48:58.0279663Z GOEXPERIMENT=''
2025-07-31T20:48:58.0279947Z GOFLAGS=''
2025-07-31T20:48:58.0280199Z GOHOSTARCH='amd64'
2025-07-31T20:48:58.0280448Z GOHOSTOS='linux'
2025-07-31T20:48:58.0280676Z GOINSECURE=''
2025-07-31T20:48:58.0280921Z GOMODCACHE='/home/runner/go/pkg/mod'
2025-07-31T20:48:58.0281226Z GONOPROXY=''
2025-07-31T20:48:58.0281442Z GONOSUMDB=''
2025-07-31T20:48:58.0281659Z GOOS='linux'
2025-07-31T20:48:58.0281868Z GOPATH='/home/runner/go'
2025-07-31T20:48:58.0282124Z GOPRIVATE=''
2025-07-31T20:48:58.0282636Z GOPROXY='https://proxy.golang.org,direct'
2025-07-31T20:48:58.0282997Z GOROOT='/opt/hostedtoolcache/go/1.23.9/x64'
2025-07-31T20:48:58.0283346Z GOSUMDB='sum.golang.org'
2025-07-31T20:48:58.0283596Z GOTMPDIR=''
2025-07-31T20:48:58.0283814Z GOTOOLCHAIN='auto'
2025-07-31T20:48:58.0284155Z GOTOOLDIR='/opt/hostedtoolcache/go/1.23.9/x64/pkg/tool/linux_amd64'
2025-07-31T20:48:58.0284549Z GOVCS=''
2025-07-31T20:48:58.0284774Z GOVERSION='go1.23.9'
2025-07-31T20:48:58.0285020Z GODEBUG=''
2025-07-31T20:48:58.0285237Z GOTELEMETRY='local'
2025-07-31T20:48:58.0285762Z GOTELEMETRYDIR='/home/runner/.config/go/telemetry'
2025-07-31T20:48:58.0286108Z GCCGO='gccgo'
2025-07-31T20:48:58.0286329Z GOAMD64='v1'
2025-07-31T20:48:58.0286530Z AR='ar'
2025-07-31T20:48:58.0286735Z CC='gcc'
2025-07-31T20:48:58.0286932Z CXX='g++'
2025-07-31T20:48:58.0287139Z CGO_ENABLED='1'
2025-07-31T20:48:58.0287427Z GOMOD='/home/runner/work/subnet-evm/subnet-evm/go.mod'
2025-07-31T20:48:58.0288060Z GOWORK=''
2025-07-31T20:48:58.0288301Z CGO_CFLAGS='-O2 -g'
2025-07-31T20:48:58.0288556Z CGO_CPPFLAGS=''
2025-07-31T20:48:58.0288807Z CGO_CXXFLAGS='-O2 -g'
2025-07-31T20:48:58.0289052Z CGO_FFLAGS='-O2 -g'
2025-07-31T20:48:58.0289293Z CGO_LDFLAGS='-O2 -g'
2025-07-31T20:48:58.0289550Z PKG_CONFIG='pkg-config'
2025-07-31T20:48:58.0290220Z GOGCCFLAGS='-fPIC -m64 -pthread -Wl,--no-gc-sections -fmessage-length=0 -ffile-prefix-map=/tmp/go-build1017585712=/tmp/go-build -gno-record-gcc-switches'
2025-07-31T20:48:58.0290772Z 
2025-07-31T20:48:58.0291092Z ##[endgroup]
2025-07-31T20:48:58.0568211Z ##[group]Run go mod download
2025-07-31T20:48:58.0568580Z [36;1mgo mod download[0m
2025-07-31T20:48:58.0604266Z shell: /usr/bin/bash -e {0}
2025-07-31T20:48:58.0604542Z ##[endgroup]
2025-07-31T20:49:00.3732046Z ##[group]Run ./scripts/run_task.sh check-generate-codec
2025-07-31T20:49:00.3732456Z [36;1m./scripts/run_task.sh check-generate-codec[0m
2025-07-31T20:49:00.3760176Z shell: /usr/bin/bash -e {0}
2025-07-31T20:49:00.3760404Z ##[endgroup]
2025-07-31T20:49:00.9653632Z task: [generate-codec] grep -lr -E '^// Code generated by github\.com\/fjl\/gencodec\. DO NOT EDIT\.$' . | xargs -r rm
2025-07-31T20:49:00.9825099Z task: [generate-codec] go generate -run "github.com/fjl/gencodec" ./...
2025-07-31T20:49:49.6920842Z task: [check-clean-branch] git add --all
2025-07-31T20:49:49.7341058Z task: [check-clean-branch] git update-index --really-refresh >> /dev/null
2025-07-31T20:49:49.7403866Z task: [check-clean-branch] git status --short
2025-07-31T20:49:49.7486425Z task: [check-clean-branch] git diff-index --quiet HEAD
2025-07-31T20:49:49.7628837Z ##[group]Run ./scripts/run_task.sh check-generate-mocks
2025-07-31T20:49:49.7629278Z [36;1m./scripts/run_task.sh check-generate-mocks[0m
2025-07-31T20:49:49.7657446Z shell: /usr/bin/bash -e {0}
2025-07-31T20:49:49.7657905Z ##[endgroup]
2025-07-31T20:49:50.1914383Z task: [generate-mocks] grep -lr -E '^// Code generated by MockGen\. DO NOT EDIT\.$' . | xargs -r rm
2025-07-31T20:49:50.2062623Z task: [generate-mocks] go generate -run "go.uber.org/mock/mockgen" ./...
2025-07-31T20:50:11.5236559Z task: [check-clean-branch] git add --all
2025-07-31T20:50:11.5321914Z task: [check-clean-branch] git update-index --really-refresh >> /dev/null
2025-07-31T20:50:11.5369646Z task: [check-clean-branch] git status --short
2025-07-31T20:50:11.5455626Z task: [check-clean-branch] git diff-index --quiet HEAD
2025-07-31T20:50:11.5603448Z ##[group]Run ./scripts/run_task.sh build
2025-07-31T20:50:11.5604217Z [36;1m./scripts/run_task.sh build[0m
2025-07-31T20:50:11.5643554Z shell: /usr/bin/bash -e {0}
2025-07-31T20:50:11.5643958Z ##[endgroup]
2025-07-31T20:50:12.0531239Z task: [build] ./scripts/build.sh
2025-07-31T20:50:12.0759446Z Using branch: 4589617
2025-07-31T20:50:12.0760284Z Building Subnet EVM @ GitCommit: 458961795523cdde7218683f234d1bdfd7d9e2c6 at /home/runner/.avalanchego/plugins/srEXiWaHuhNyGwPUi444Tu47ZEDwxTWrbQiuD7FmgSAQ6X7Dy
2025-07-31T20:50:49.9462346Z ##[group]Run ./scripts/run_task.sh build-test
2025-07-31T20:50:49.9462705Z [36;1m./scripts/run_task.sh build-test[0m
2025-07-31T20:50:49.9492199Z shell: /usr/bin/bash -e {0}
2025-07-31T20:50:49.9492421Z env:
2025-07-31T20:50:49.9492580Z   TIMEOUT: 
2025-07-31T20:50:49.9492745Z ##[endgroup]
2025-07-31T20:50:50.3784383Z task: [build-test] ./scripts/build_test.sh
2025-07-31T20:50:50.4017835Z Using branch: 4589617
2025-07-31T20:51:22.5155745Z ok  	github.com/ava-labs/subnet-evm/accounts/abi	1.276s	coverage: 89.4% of statements
2025-07-31T20:52:33.5725016Z ok  	github.com/ava-labs/subnet-evm/accounts/abi/bind	26.214s	coverage: 62.7% of statements
2025-07-31T20:52:34.3184157Z 	github.com/ava-labs/subnet-evm/accounts/abi/bind/backends		coverage: 0.0% of statements
2025-07-31T20:52:42.1689658Z 	github.com/ava-labs/subnet-evm/cmd/evm/internal/compiler		coverage: 0.0% of statements
2025-07-31T20:52:42.1719843Z 	github.com/ava-labs/subnet-evm/cmd/evm/internal/t8ntool		coverage: 0.0% of statements
2025-07-31T20:52:42.2911880Z 	github.com/ava-labs/subnet-evm/cmd/precompilegen		coverage: 0.0% of statements
2025-07-31T20:52:42.2959538Z 	github.com/ava-labs/subnet-evm/cmd/simulator/config		coverage: 0.0% of statements
2025-07-31T20:52:42.4353587Z 	github.com/ava-labs/subnet-evm/cmd/simulator/key		coverage: 0.0% of statements
2025-07-31T20:52:43.1969904Z 	github.com/ava-labs/subnet-evm/cmd/simulator/load		coverage: 0.0% of statements
2025-07-31T20:52:43.2500172Z 	github.com/ava-labs/subnet-evm/cmd/simulator/main		coverage: 0.0% of statements
2025-07-31T20:52:43.2535797Z 	github.com/ava-labs/subnet-evm/cmd/simulator/metrics		coverage: 0.0% of statements
2025-07-31T20:52:43.2572911Z 	github.com/ava-labs/subnet-evm/cmd/utils		coverage: 0.0% of statements
2025-07-31T20:52:43.2574366Z 	github.com/ava-labs/subnet-evm/cmd/simulator/txs		coverage: 0.0% of statements
2025-07-31T20:52:43.5082329Z ok  	github.com/ava-labs/subnet-evm/accounts/abi/bind/precompilebind	9.185s	coverage: 87.6% of statements
2025-07-31T20:52:43.5097911Z ok  	github.com/ava-labs/subnet-evm/cmd/abigen	1.089s	coverage: 24.5% of statements
2025-07-31T20:52:43.6921335Z ?   	github.com/ava-labs/subnet-evm/consensus	[no test files]
2025-07-31T20:52:44.9472864Z ?   	github.com/ava-labs/subnet-evm/constants	[no test files]
2025-07-31T20:52:48.9332288Z 	github.com/ava-labs/subnet-evm/core/coretest		coverage: 0.0% of statements
2025-07-31T20:52:55.3367407Z 	github.com/ava-labs/subnet-evm/core/state/pruner		coverage: 0.0% of statements
2025-07-31T20:53:06.7759501Z ok  	github.com/ava-labs/subnet-evm/cmd/evm	24.533s	coverage: 3.9% of statements
2025-07-31T20:53:06.7760933Z ok  	github.com/ava-labs/subnet-evm/commontype	1.017s	coverage: 64.3% of statements
2025-07-31T20:53:06.7762084Z ok  	github.com/ava-labs/subnet-evm/consensus/dummy	1.062s	coverage: 10.8% of statements
2025-07-31T20:53:06.7763257Z ok  	github.com/ava-labs/subnet-evm/consensus/misc/eip4844	1.022s	coverage: 42.9% of statements
2025-07-31T20:53:08.5340952Z 	github.com/ava-labs/subnet-evm/core/txpool		coverage: 0.0% of statements
2025-07-31T20:54:27.4613232Z 	github.com/ava-labs/subnet-evm/eth/ethconfig		coverage: 0.0% of statements
2025-07-31T20:54:32.8843953Z 	github.com/ava-labs/subnet-evm/eth/gasestimator		coverage: 0.0% of statements
2025-07-31T20:54:52.4674323Z 	github.com/ava-labs/subnet-evm/ethclient/subnetevmclient		coverage: 0.0% of statements
2025-07-31T20:55:28.1345703Z ?   	github.com/ava-labs/subnet-evm/interfaces	[no test files]
2025-07-31T20:55:28.1399016Z 	github.com/ava-labs/subnet-evm/internal/cmdtest		coverage: 0.0% of statements
2025-07-31T20:55:28.1400882Z 	github.com/ava-labs/subnet-evm/internal/blocktest		coverage: 0.0% of statements
2025-07-31T20:55:28.1405932Z 	github.com/ava-labs/subnet-evm/examples/sign-uptime-message		coverage: 0.0% of statements
2025-07-31T20:55:28.1542053Z 	github.com/ava-labs/subnet-evm/internal/debug		coverage: 0.0% of statements
2025-07-31T20:55:33.7659135Z 	github.com/ava-labs/subnet-evm/internal/reexec		coverage: 0.0% of statements
2025-07-31T20:55:33.7754810Z 	github.com/ava-labs/subnet-evm/internal/shutdowncheck		coverage: 0.0% of statements
2025-07-31T20:55:33.7921607Z 	github.com/ava-labs/subnet-evm/internal/version		coverage: 0.0% of statements
2025-07-31T20:55:33.8063685Z 	github.com/ava-labs/subnet-evm/log		coverage: 0.0% of statements
2025-07-31T20:55:33.8653688Z 	github.com/ava-labs/subnet-evm/metrics/metricstest		coverage: 0.0% of statements
2025-07-31T20:55:40.0138158Z ?   	github.com/ava-labs/subnet-evm/network/peertest	[no test files]
2025-07-31T20:55:40.0193632Z 	github.com/ava-labs/subnet-evm/network/stats		coverage: 0.0% of statements
2025-07-31T20:55:40.0354177Z 	github.com/ava-labs/subnet-evm/node		coverage: 0.0% of statements
2025-07-31T20:55:52.0634944Z 	github.com/ava-labs/subnet-evm/plugin		coverage: 0.0% of statements
2025-07-31T20:56:06.6649485Z 	github.com/ava-labs/subnet-evm/plugin/evm/client		coverage: 0.0% of statements
2025-07-31T20:56:08.1543905Z 	github.com/ava-labs/subnet-evm/plugin/evm/customlogs		coverage: 0.0% of statements
2025-07-31T20:56:14.2933918Z 	github.com/ava-labs/subnet-evm/plugin/evm/database		coverage: 0.0% of statements
2025-07-31T20:56:22.3517045Z ?   	github.com/ava-labs/subnet-evm/plugin/evm/upgrade/legacy	[no test files]
2025-07-31T20:56:25.4085533Z ?   	github.com/ava-labs/subnet-evm/plugin/evm/validators/interfaces	[no test files]
2025-07-31T20:56:29.0251404Z ?   	github.com/ava-labs/subnet-evm/plugin/evm/validators/uptime/interfaces	[no test files]
2025-07-31T20:56:29.0258311Z ?   	github.com/ava-labs/subnet-evm/plugin/evm/vmerrors	[no test files]
2025-07-31T20:56:29.0365237Z 	github.com/ava-labs/subnet-evm/plugin/runner		coverage: 0.0% of statements
2025-07-31T20:56:34.4065552Z 	github.com/ava-labs/subnet-evm/precompile/contracts/deployerallowlist		coverage: 0.0% of statements
2025-07-31T20:56:52.1671818Z 	github.com/ava-labs/subnet-evm/precompile/precompiletest		coverage: 0.0% of statements
2025-07-31T20:56:52.1688896Z ?   	github.com/ava-labs/subnet-evm/precompile/registry	[no test files]
2025-07-31T20:56:59.7988977Z 	github.com/ava-labs/subnet-evm/signer/core/apitypes		coverage: 0.0% of statements
2025-07-31T20:56:59.8042261Z 	github.com/ava-labs/subnet-evm/stateupgrade		coverage: 0.0% of statements
2025-07-31T20:57:19.4134497Z 	github.com/ava-labs/subnet-evm/sync/client/stats		coverage: 0.0% of statements
2025-07-31T20:57:34.2583792Z 	github.com/ava-labs/subnet-evm/sync/handlers/stats		coverage: 0.0% of statements
2025-07-31T20:57:45.9471881Z 	github.com/ava-labs/subnet-evm/sync/statesync/statesynctest		coverage: 0.0% of statements
2025-07-31T20:57:45.9588825Z 	github.com/ava-labs/subnet-evm/sync/syncutils		coverage: 0.0% of statements
2025-07-31T20:57:45.9695807Z 	github.com/ava-labs/subnet-evm/triedb/firewood		coverage: 0.0% of statements
2025-07-31T20:57:45.9821393Z 	github.com/ava-labs/subnet-evm/triedb/hashdb		coverage: 0.0% of statements
2025-07-31T20:58:51.4254323Z 	github.com/ava-labs/subnet-evm/warp/messages		coverage: 0.0% of statements
2025-07-31T20:58:52.5030527Z 	github.com/ava-labs/subnet-evm/warp/warptest		coverage: 0.0% of statements
2025-07-31T20:59:02.1964652Z -test.shuffle 1753995169058555152
2025-07-31T20:59:02.1965696Z --- FAIL: TestBlockChainOfflinePruningUngracefulShutdown (0.01s)
2025-07-31T20:59:02.1966818Z     --- FAIL: TestBlockChainOfflinePruningUngracefulShutdown/TestStatefulPrecompiles (0.20s)
2025-07-31T20:59:02.1971074Z         blockchain_ext_test.go:1704: invalid block gas cost: have 0, want 1000000
2025-07-31T20:59:02.1971564Z From: `0xffffFFFfFFffffffffffffffFfFFFfffFFFfFFfE`
2025-07-31T20:59:02.1972203Z To: `0x000F3df6D732807Ef1319fB7B8bB8522d0Beac02`
2025-07-31T20:59:02.1972593Z Data: `0x0000000000000000000000000000000000000000000000000000000000000000`
2025-07-31T20:59:02.1972930Z Gas: `30000000`
2025-07-31T20:59:02.1973118Z Value `0` wei
2025-07-31T20:59:02.1973220Z 
2025-07-31T20:59:02.1973362Z |  Pc   |      Op     | Cost |   Stack   |   RStack  |  Refund |
2025-07-31T20:59:02.1973714Z |-------|-------------|------|-----------|-----------|---------|
2025-07-31T20:59:02.1974100Z 
2025-07-31T20:59:02.1974179Z Output: ``
2025-07-31T20:59:02.1974352Z Consumed gas: `0`
2025-07-31T20:59:02.1974537Z Error: `<nil>`
2025-07-31T20:59:02.1974750Z From: `0x71562b71999873DB5b286dF957af199Ec94617F7`
2025-07-31T20:59:02.1975043Z To: `0x000000000000000000000000000000000000BbBB`
2025-07-31T20:59:02.1975288Z Data: ``
2025-07-31T20:59:02.1975441Z Gas: `479000`
2025-07-31T20:59:02.1975607Z Value `0` wei
2025-07-31T20:59:02.1975705Z 
2025-07-31T20:59:02.1975833Z |  Pc   |      Op     | Cost |   Stack   |   RStack  |  Refund |
2025-07-31T20:59:02.1976159Z |-------|-------------|------|-----------|-----------|---------|
2025-07-31T20:59:02.1976450Z |    0  |      PUSH1  |    3 |        [] |         0 |
2025-07-31T20:59:02.1976726Z |    2  |       DUP1  |    3 |     [0x0] |         0 |
2025-07-31T20:59:02.1977001Z |    3  |       DUP1  |    3 | [0x0,0x0] |         0 |
2025-07-31T20:59:02.1977282Z |    4  |       DUP1  |    3 |[0x0,0x0,0x0] |         0 |
2025-07-31T20:59:02.1977592Z |    5  |      PUSH2  |    3 |[0x0,0x0,0x0,0x0] |         0 |
2025-07-31T20:59:02.1978160Z |    8  |        GAS  |    2 |[0x0,0x0,0x0,0x0,0xaaaa] |         0 |
2025-07-31T20:59:02.1978550Z |    9  | DELEGATECALL  |  471501 |[0x0,0x0,0x0,0x0,0xaaaa,0x74f07] |         0 |
2025-07-31T20:59:02.1978911Z |    0  |         PC  |    2 |        [] |         0 |
2025-07-31T20:59:02.1979185Z |    1  |         PC  |    2 |     [0x0] |         0 |
2025-07-31T20:59:02.1979459Z |    2  |      SLOAD  |  2100 | [0x0,0x1] |         0 |
2025-07-31T20:59:02.1979741Z |    3  |      SLOAD  |  2100 | [0x0,0x0] |         0 |
2025-07-31T20:59:02.1980098Z |    4  |       STOP  |    0 | [0x0,0x0] |         0 |
2025-07-31T20:59:02.1980369Z |   10  |       STOP  |    0 |     [0x1] |         0 |
2025-07-31T20:59:02.1980552Z 
2025-07-31T20:59:02.1980650Z Output: ``
2025-07-31T20:59:02.1980817Z Consumed gas: `4321`
2025-07-31T20:59:02.1981005Z Error: `<nil>`
2025-07-31T20:59:02.1981245Z --- FAIL: TestTxLookupSkipIndexingBlockChain (6.64s)
2025-07-31T20:59:02.1981778Z     --- FAIL: TestTxLookupSkipIndexingBlockChain/TestStatefulPrecompiles (0.02s)
2025-07-31T20:59:02.1982611Z         blockchain_ext_test.go:1704: invalid block gas cost: have 0, want 1000000
2025-07-31T20:59:02.1983237Z --- FAIL: TestVerkleGenesisCommit (6.32s)
2025-07-31T20:59:02.1985031Z     genesis_test.go:417: invalid genesis state root, expected 14398d42be3394ff8d50681816a4b7bf8d8283306f577faba2d5bc57498de23b, got 22678ccc2daa04e91013ce47799973bd6c1824f37989d7cea4cbdcd79b39137f
2025-07-31T20:59:02.1986501Z --- FAIL: TestArchiveBlockChain (4.97s)
2025-07-31T20:59:02.1987203Z     --- FAIL: TestArchiveBlockChain/TestStatefulPrecompiles (0.02s)
2025-07-31T20:59:02.1988529Z         blockchain_ext_test.go:1704: invalid block gas cost: have 0, want 1000000
2025-07-31T20:59:02.1989243Z --- FAIL: TestPruningBlockChainSnapsDisabled (4.84s)
2025-07-31T20:59:02.1989981Z     --- FAIL: TestPruningBlockChainSnapsDisabled/hash (1.69s)
2025-07-31T20:59:02.1991112Z         --- FAIL: TestPruningBlockChainSnapsDisabled/hash/TestStatefulPrecompiles (0.01s)
2025-07-31T20:59:02.1992467Z             blockchain_ext_test.go:1704: invalid block gas cost: have 0, want 1000000
2025-07-31T20:59:02.1993333Z     --- FAIL: TestPruningBlockChainSnapsDisabled/firewood (3.15s)
2025-07-31T20:59:02.1994297Z         --- FAIL: TestPruningBlockChainSnapsDisabled/firewood/TestStatefulPrecompiles (0.06s)
2025-07-31T20:59:02.1995093Z             blockchain_ext_test.go:1704: invalid block gas cost: have 0, want 1000000
2025-07-31T20:59:02.1995722Z --- FAIL: TestCorruptSnapshots (6.24s)
2025-07-31T20:59:02.1996131Z     --- FAIL: TestCorruptSnapshots/TestStatefulPrecompiles (0.02s)
2025-07-31T20:59:02.1996735Z         blockchain_ext_test.go:1704: invalid block gas cost: have 0, want 1000000
2025-07-31T20:59:02.1997113Z --- FAIL: TestEnableSnapshots (5.56s)
2025-07-31T20:59:02.1997497Z     --- FAIL: TestEnableSnapshots/TestStatefulPrecompiles (0.02s)
2025-07-31T20:59:02.1998460Z         blockchain_ext_test.go:1704: invalid block gas cost: have 0, want 1000000
2025-07-31T20:59:02.1998861Z --- FAIL: TestTxLookupBlockChain (6.46s)
2025-07-31T20:59:02.1999276Z     --- FAIL: TestTxLookupBlockChain/TestStatefulPrecompiles (0.02s)
2025-07-31T20:59:02.1999872Z         blockchain_ext_test.go:1704: invalid block gas cost: have 0, want 1000000
2025-07-31T20:59:02.2000304Z --- FAIL: TestPruningBlockChainUngracefulShutdown (5.91s)
2025-07-31T20:59:02.2000861Z     --- FAIL: TestPruningBlockChainUngracefulShutdown/TestStatefulPrecompiles (0.02s)
2025-07-31T20:59:02.2001535Z         blockchain_ext_test.go:1704: invalid block gas cost: have 0, want 1000000
2025-07-31T20:59:02.2001909Z --- FAIL: TestPruningBlockChain (5.06s)
2025-07-31T20:59:02.2002419Z     --- FAIL: TestPruningBlockChain/TestStatefulPrecompiles (0.02s)
2025-07-31T20:59:02.2003060Z         blockchain_ext_test.go:1704: invalid block gas cost: have 0, want 1000000
2025-07-31T20:59:02.2003554Z --- FAIL: TestPruningBlockChainUngracefulShutdownSnapsDisabled (5.56s)
2025-07-31T20:59:02.2004148Z     --- FAIL: TestPruningBlockChainUngracefulShutdownSnapsDisabled/hash (1.69s)
2025-07-31T20:59:02.2004977Z         --- FAIL: TestPruningBlockChainUngracefulShutdownSnapsDisabled/hash/TestStatefulPrecompiles (0.02s)
2025-07-31T20:59:02.2005822Z             blockchain_ext_test.go:1704: invalid block gas cost: have 0, want 1000000
2025-07-31T20:59:02.2006416Z     --- FAIL: TestPruningBlockChainUngracefulShutdownSnapsDisabled/firewood (3.86s)
2025-07-31T20:59:02.2007284Z         --- FAIL: TestPruningBlockChainUngracefulShutdownSnapsDisabled/firewood/TestStatefulPrecompiles (0.06s)
2025-07-31T20:59:02.2008351Z             blockchain_ext_test.go:1704: invalid block gas cost: have 0, want 1000000
2025-07-31T20:59:02.2008768Z --- FAIL: TestArchiveBlockChainSnapsDisabled (1.68s)
2025-07-31T20:59:02.2009270Z     --- FAIL: TestArchiveBlockChainSnapsDisabled/TestStatefulPrecompiles (0.02s)
2025-07-31T20:59:02.2009921Z         blockchain_ext_test.go:1704: invalid block gas cost: have 0, want 1000000
2025-07-31T20:59:02.2010293Z --- FAIL: TestSetupGenesis (0.07s)
2025-07-31T20:59:02.2010588Z     --- FAIL: TestSetupGenesis/hash (0.02s)
2025-07-31T20:59:02.2011069Z         --- FAIL: TestSetupGenesis/hash/compatible_config_in_DB_hash (0.00s)
2025-07-31T20:59:02.2011998Z             genesis_test.go:198: returned error (*errors.errorString)missing last accepted block, want (interface {})<nil>
2025-07-31T20:59:02.2013428Z             genesis_test.go:204: returned hash 0x0000000000000000000000000000000000000000000000000000000000000000, want 0x4a12fe7bf8d40d152d7e9de22337b115186a4662aa3a97217b36146202bbfc66
2025-07-31T20:59:02.2014484Z         --- FAIL: TestSetupGenesis/hash/incompatible_config_for_avalanche_fork_in_DB_hash (0.02s)
2025-07-31T20:59:02.2015884Z             genesis_test.go:204: returned hash 0x345af9a5a615fe184e45989b850afeee399d10a69b0e49000733c2593f3c487e, want 0x4a12fe7bf8d40d152d7e9de22337b115186a4662aa3a97217b36146202bbfc66
2025-07-31T20:59:02.2016679Z     --- FAIL: TestSetupGenesis/path (0.02s)
2025-07-31T20:59:02.2017171Z         --- FAIL: TestSetupGenesis/path/compatible_config_in_DB_path (0.00s)
2025-07-31T20:59:02.2018329Z             genesis_test.go:198: returned error (*errors.errorString)missing last accepted block, want (interface {})<nil>
2025-07-31T20:59:02.2019754Z             genesis_test.go:204: returned hash 0x0000000000000000000000000000000000000000000000000000000000000000, want 0x4a12fe7bf8d40d152d7e9de22337b115186a4662aa3a97217b36146202bbfc66
2025-07-31T20:59:02.2020805Z         --- FAIL: TestSetupGenesis/path/incompatible_config_for_avalanche_fork_in_DB_path (0.02s)
2025-07-31T20:59:02.2022362Z             genesis_test.go:204: returned hash 0x345af9a5a615fe184e45989b850afeee399d10a69b0e49000733c2593f3c487e, want 0x4a12fe7bf8d40d152d7e9de22337b115186a4662aa3a97217b36146202bbfc66
2025-07-31T20:59:02.2023170Z     --- FAIL: TestSetupGenesis/firewood (0.03s)
2025-07-31T20:59:02.2023711Z         --- FAIL: TestSetupGenesis/firewood/compatible_config_in_DB_firewood (0.00s)
2025-07-31T20:59:02.2024765Z             genesis_test.go:198: returned error (*errors.errorString)missing last accepted block, want (interface {})<nil>
2025-07-31T20:59:02.2026184Z             genesis_test.go:204: returned hash 0x0000000000000000000000000000000000000000000000000000000000000000, want 0x4a12fe7bf8d40d152d7e9de22337b115186a4662aa3a97217b36146202bbfc66
2025-07-31T20:59:02.2027284Z         --- FAIL: TestSetupGenesis/firewood/incompatible_config_for_avalanche_fork_in_DB_firewood (0.02s)
2025-07-31T20:59:02.2029151Z             genesis_test.go:204: returned hash 0x345af9a5a615fe184e45989b850afeee399d10a69b0e49000733c2593f3c487e, want 0x4a12fe7bf8d40d152d7e9de22337b115186a4662aa3a97217b36146202bbfc66
2025-07-31T20:59:02.2029992Z FAIL
2025-07-31T20:59:02.2030306Z coverage: 70.7% of statements
2025-07-31T20:59:02.2030830Z FAIL	github.com/ava-labs/subnet-evm/core	373.252s
2025-07-31T20:59:02.2031661Z ok  	github.com/ava-labs/subnet-evm/core/bloombits	6.375s	coverage: 95.6% of statements
2025-07-31T20:59:02.2032617Z ok  	github.com/ava-labs/subnet-evm/core/extstate	1.064s	coverage: 23.1% of statements
2025-07-31T20:59:02.2033536Z ok  	github.com/ava-labs/subnet-evm/core/state	92.303s	coverage: 50.0% of statements
2025-07-31T20:59:02.2034502Z ok  	github.com/ava-labs/subnet-evm/core/state/snapshot	52.715s	coverage: 69.6% of statements
2025-07-31T20:59:02.2035545Z ok  	github.com/ava-labs/subnet-evm/core/txpool/blobpool	7.605s	coverage: 55.7% of statements
2025-07-31T20:59:02.2036603Z ok  	github.com/ava-labs/subnet-evm/core/txpool/legacypool	54.306s	coverage: 81.0% of statements
2025-07-31T20:59:02.2037849Z ok  	github.com/ava-labs/subnet-evm/core/vm/runtime	3.662s	coverage: 93.6% of statements
2025-07-31T20:59:02.2038552Z -test.shuffle 1753995267706656690
2025-07-31T20:59:02.2039009Z --- FAIL: TestStorageRangeAt (0.01s)
2025-07-31T20:59:02.2039648Z     api_debug_test.go:229: wrong result for range .., limit 0:
2025-07-31T20:59:02.2040278Z         got (eth.StorageRangeResult) {
2025-07-31T20:59:02.2040859Z             Storage: (eth.storageMap) {
2025-07-31T20:59:02.2041289Z             },
2025-07-31T20:59:02.2042595Z             NextKey: (*common.Hash)(0xc00003eb00)((len=32 cap=32) 0x290decd9548b62a8d60345a988386fc84ba6bc95484008f6362f93160ef3e563)
2025-07-31T20:59:02.2043435Z         }
2025-07-31T20:59:02.2043696Z         
2025-07-31T20:59:02.2044177Z         want (*eth.StorageRangeResult)(0xc00059b130)({
2025-07-31T20:59:02.2044797Z             Storage: (eth.storageMap) {
2025-07-31T20:59:02.2045217Z             },
2025-07-31T20:59:02.2046538Z             NextKey: (*common.Hash)(0xc000376900)((len=32 cap=32) 0x340dd630ad21bf010b4e676dbfa9ba9a02175262d1fa356232cfde6cb5b47ef2)
2025-07-31T20:59:02.2047379Z         })
2025-07-31T20:59:02.2047620Z FAIL
2025-07-31T20:59:02.2048027Z coverage: 2.9% of statements
2025-07-31T20:59:02.2048442Z FAIL	github.com/ava-labs/subnet-evm/eth	0.654s
2025-07-31T20:59:02.2049146Z ok  	github.com/ava-labs/subnet-evm/eth/filters	6.037s	coverage: 62.4% of statements
2025-07-31T20:59:02.2049814Z -test.shuffle 1753995277565671783
2025-07-31T20:59:02.2050320Z --- FAIL: TestSuggestGasPriceAfterFeeConfigUpdate (0.04s)
2025-07-31T20:59:02.2050908Z     gasprice_test.go:448: 
2025-07-31T20:59:02.2051896Z         	Error Trace:	/home/runner/work/subnet-evm/subnet-evm/eth/gasprice/gasprice_test.go:448
2025-07-31T20:59:02.2052769Z         	Error:      	Received unexpected error:
2025-07-31T20:59:02.2053726Z         	            	invalid block gas cost: have 0, want 1000000
2025-07-31T20:59:02.2054476Z         	Test:       	TestSuggestGasPriceAfterFeeConfigUpdate
2025-07-31T20:59:02.2055163Z FAIL
2025-07-31T20:59:02.2055434Z coverage: 81.5% of statements
2025-07-31T20:59:02.2055907Z FAIL	github.com/ava-labs/subnet-evm/eth/gasprice	27.317s
2025-07-31T20:59:02.2056664Z ok  	github.com/ava-labs/subnet-evm/eth/tracers	11.812s	coverage: 42.9% of statements
2025-07-31T20:59:02.2057550Z ok  	github.com/ava-labs/subnet-evm/ethclient	1.129s	coverage: 0.0% of statements
2025-07-31T20:59:02.2058845Z ok  	github.com/ava-labs/subnet-evm/ethclient/simulated	1.635s	coverage: 84.0% of statements
2025-07-31T20:59:02.2059835Z ok  	github.com/ava-labs/subnet-evm/internal/ethapi	1.917s	coverage: 36.1% of statements
2025-07-31T20:59:02.2060771Z ok  	github.com/ava-labs/subnet-evm/internal/flags	1.082s	coverage: 5.1% of statements
2025-07-31T20:59:02.2061733Z ok  	github.com/ava-labs/subnet-evm/metrics/prometheus	1.046s	coverage: 100.0% of statements
2025-07-31T20:59:02.2062641Z ok  	github.com/ava-labs/subnet-evm/miner	2.147s	coverage: 15.6% of statements
2025-07-31T20:59:02.2063476Z ok  	github.com/ava-labs/subnet-evm/network	2.593s	coverage: 83.6% of statements
2025-07-31T20:59:02.2064312Z ok  	github.com/ava-labs/subnet-evm/params	1.120s	coverage: 53.2% of statements
2025-07-31T20:59:02.2065173Z ok  	github.com/ava-labs/subnet-evm/params/extras	1.155s	coverage: 67.0% of statements
2025-07-31T20:59:02.2065852Z -test.shuffle 1753995367204071624
2025-07-31T20:59:02.2066277Z --- FAIL: TestFeeManagerChangeFee (0.07s)
2025-07-31T20:59:02.2066772Z     vm_test.go:2654: 
2025-07-31T20:59:02.2067849Z         	Error Trace:	/home/runner/work/subnet-evm/subnet-evm/plugin/evm/vm_test.go:2654
2025-07-31T20:59:02.2068652Z         	Error:      	Not equal: 
2025-07-31T20:59:02.2070974Z         	            	expected: commontype.FeeConfig{GasLimit:8000000, TargetBlockRate:0x12a05f200, MinBaseFee:5000000000, TargetGas:3396, BaseFeeChangeDenominator:3396, MinBlockGasCost:4000000, MaxBlockGasCost:4000000, BlockGasCostStep:500000}
2025-07-31T20:59:02.2073556Z         	            	actual  : commontype.FeeConfig{GasLimit:8000000, TargetBlockRate:0x5, MinBaseFee:5000000000, TargetGas:18000000, BaseFeeChangeDenominator:3396, MinBlockGasCost:0, MaxBlockGasCost:4000000, BlockGasCostStep:500000}
2025-07-31T20:59:02.2074474Z         	            	
2025-07-31T20:59:02.2074745Z         	            	Diff:
2025-07-31T20:59:02.2075081Z         	            	--- Expected
2025-07-31T20:59:02.2075408Z         	            	+++ Actual
2025-07-31T20:59:02.2075751Z         	            	@@ -7,3 +7,3 @@
2025-07-31T20:59:02.2076066Z         	            	  }),
2025-07-31T20:59:02.2076529Z         	            	- TargetBlockRate: (uint64) 5000000000,
2025-07-31T20:59:02.2077007Z         	            	+ TargetBlockRate: (uint64) 5,
2025-07-31T20:59:02.2077461Z         	            	  MinBaseFee: (*big.Int)({
2025-07-31T20:59:02.2078100Z         	            	@@ -17,3 +17,3 @@
2025-07-31T20:59:02.2078534Z         	            	   abs: (big.nat) (len=1) {
2025-07-31T20:59:02.2078946Z         	            	-   (big.Word) 3396
2025-07-31T20:59:02.2079360Z         	            	+   (big.Word) 18000000
2025-07-31T20:59:02.2079671Z         	            	   }
2025-07-31T20:59:02.2080001Z         	            	@@ -28,5 +28,3 @@
2025-07-31T20:59:02.2080400Z         	            	   neg: (bool) false,
2025-07-31T20:59:02.2080827Z         	            	-  abs: (big.nat) (len=1) {
2025-07-31T20:59:02.2081236Z         	            	-   (big.Word) 4000000
2025-07-31T20:59:02.2081550Z         	            	-  }
2025-07-31T20:59:02.2081921Z         	            	+  abs: (big.nat) <nil>
2025-07-31T20:59:02.2082234Z         	            	  }),
2025-07-31T20:59:02.2082527Z         	Test:       	TestFeeManagerChangeFee
2025-07-31T20:59:02.2082921Z --- FAIL: TestFeeManagerRegressionMempoolMinFeeAfterRestart (0.06s)
2025-07-31T20:59:02.2083322Z     vm_test.go:3450: 
2025-07-31T20:59:02.2083855Z         	Error Trace:	/home/runner/work/subnet-evm/subnet-evm/plugin/evm/vm_test.go:3450
2025-07-31T20:59:02.2084316Z         	Error:      	Not equal: 
2025-07-31T20:59:02.2086603Z         	            	expected: commontype.FeeConfig{GasLimit:8000000, TargetBlockRate:0x2faf080, MinBaseFee:50000000, TargetGas:3396, BaseFeeChangeDenominator:3396, MinBlockGasCost:4000000, MaxBlockGasCost:4000000, BlockGasCostStep:500000}
2025-07-31T20:59:02.2089434Z         	            	actual  : commontype.FeeConfig{GasLimit:8000000, TargetBlockRate:0x5, MinBaseFee:50000000, TargetGas:18000000, BaseFeeChangeDenominator:3396, MinBlockGasCost:0, MaxBlockGasCost:4000000, BlockGasCostStep:500000}
2025-07-31T20:59:02.2090669Z         	            	
2025-07-31T20:59:02.2091178Z         	            	Diff:
2025-07-31T20:59:02.2091780Z         	            	--- Expected
2025-07-31T20:59:02.2092351Z         	            	+++ Actual
2025-07-31T20:59:02.2092931Z         	            	@@ -7,3 +7,3 @@
2025-07-31T20:59:02.2093473Z         	            	  }),
2025-07-31T20:59:02.2094257Z         	            	- TargetBlockRate: (uint64) 50000000,
2025-07-31T20:59:02.2095106Z         	            	+ TargetBlockRate: (uint64) 5,
2025-07-31T20:59:02.2095927Z         	            	  MinBaseFee: (*big.Int)({
2025-07-31T20:59:02.2096799Z         	            	@@ -17,3 +17,3 @@
2025-07-31T20:59:02.2097570Z         	            	   abs: (big.nat) (len=1) {
2025-07-31T20:59:02.2098432Z         	            	-   (big.Word) 3396
2025-07-31T20:59:02.2099143Z         	            	+   (big.Word) 18000000
2025-07-31T20:59:02.2099677Z         	            	   }
2025-07-31T20:59:02.2100309Z         	            	@@ -28,5 +28,3 @@
2025-07-31T20:59:02.2101006Z         	            	   neg: (bool) false,
2025-07-31T20:59:02.2101758Z         	            	-  abs: (big.nat) (len=1) {
2025-07-31T20:59:02.2102488Z         	            	-   (big.Word) 4000000
2025-07-31T20:59:02.2103024Z         	            	-  }
2025-07-31T20:59:02.2103665Z         	            	+  abs: (big.nat) <nil>
2025-07-31T20:59:02.2104217Z         	            	  }),
2025-07-31T20:59:02.2104941Z         	Test:       	TestFeeManagerRegressionMempoolMinFeeAfterRestart
2025-07-31T20:59:02.2105536Z --- FAIL: TestMustNotImport (0.07s)
2025-07-31T20:59:02.2106016Z     imports_test.go:69: 
2025-07-31T20:59:02.2106963Z         	Error Trace:	/home/runner/work/subnet-evm/subnet-evm/plugin/evm/imports_test.go:69
2025-07-31T20:59:02.2108016Z         	Error:      	Received unexpected error:
2025-07-31T20:59:02.2109338Z         	            	failed to load package github.com/ava-labs/subnet-evm/plugin/evm/atomic
2025-07-31T20:59:02.2110090Z         	Test:       	TestMustNotImport
2025-07-31T20:59:02.2110458Z FAIL
2025-07-31T20:59:02.2110737Z coverage: 64.7% of statements
2025-07-31T20:59:02.2111203Z FAIL	github.com/ava-labs/subnet-evm/plugin/evm	164.732s
2025-07-31T20:59:02.2112051Z ok  	github.com/ava-labs/subnet-evm/plugin/evm/blockgascost	1.032s	coverage: 93.3% of statements
2025-07-31T20:59:02.2113094Z ok  	github.com/ava-labs/subnet-evm/plugin/evm/config	1.040s	coverage: 11.1% of statements
2025-07-31T20:59:02.2114126Z ok  	github.com/ava-labs/subnet-evm/plugin/evm/customrawdb	1.126s	coverage: 31.3% of statements
2025-07-31T20:59:02.2115205Z ok  	github.com/ava-labs/subnet-evm/plugin/evm/customtypes	5.888s	coverage: 86.4% of statements
2025-07-31T20:59:02.2116227Z ok  	github.com/ava-labs/subnet-evm/plugin/evm/header	1.095s	coverage: 90.8% of statements
2025-07-31T20:59:02.2117189Z ok  	github.com/ava-labs/subnet-evm/plugin/evm/log	1.038s	coverage: 42.1% of statements
2025-07-31T20:59:02.2118332Z ok  	github.com/ava-labs/subnet-evm/plugin/evm/message	1.059s	coverage: 17.3% of statements
2025-07-31T20:59:02.2119431Z ok  	github.com/ava-labs/subnet-evm/plugin/evm/upgrade/subnetevm	1.038s	coverage: 100.0% of statements
2025-07-31T20:59:02.2120537Z ok  	github.com/ava-labs/subnet-evm/plugin/evm/validators	1.056s	coverage: 18.3% of statements
2025-07-31T20:59:02.2121645Z ok  	github.com/ava-labs/subnet-evm/plugin/evm/validators/state	1.043s	coverage: 72.6% of statements
2025-07-31T20:59:02.2123011Z ok  	github.com/ava-labs/subnet-evm/plugin/evm/validators/state/interfaces	1.021s	coverage: 0.0% of statements [no tests to run]
2025-07-31T20:59:02.2124730Z ok  	github.com/ava-labs/subnet-evm/plugin/evm/validators/uptime	1.023s	coverage: 62.9% of statements
2025-07-31T20:59:02.2125860Z ok  	github.com/ava-labs/subnet-evm/precompile/allowlist	1.068s	coverage: 18.5% of statements
2025-07-31T20:59:02.2127030Z ok  	github.com/ava-labs/subnet-evm/precompile/allowlist/allowlisttest	1.292s	coverage: 88.6% of statements
2025-07-31T20:59:02.2128625Z ok  	github.com/ava-labs/subnet-evm/precompile/contract	1.035s	coverage: 0.0% of statements
2025-07-31T20:59:02.2130100Z ok  	github.com/ava-labs/subnet-evm/precompile/contracts/deployerallowlist/deployerallowlisttest	1.207s	coverage: [no statements]
2025-07-31T20:59:02.2131159Z -test.shuffle 1753995398225258212
2025-07-31T20:59:02.2131580Z --- FAIL: TestFeeManager (0.16s)
2025-07-31T20:59:02.2132227Z     --- FAIL: TestFeeManager/set_config_from_admin_address (0.01s)
2025-07-31T20:59:02.2132911Z         contract_test.go:152: 
2025-07-31T20:59:02.2134374Z             	Error Trace:	/home/runner/work/subnet-evm/subnet-evm/precompile/contracts/feemanager/contract_test.go:152
2025-07-31T20:59:02.2136829Z             	            				/home/runner/work/subnet-evm/subnet-evm/precompile/precompiletest/test_precompile.go:87
2025-07-31T20:59:02.2139461Z             	            				/home/runner/work/subnet-evm/subnet-evm/precompile/precompiletest/test_precompile.go:151
2025-07-31T20:59:02.2140406Z             	Error:      	Not equal: 
2025-07-31T20:59:02.2144163Z             	            	expected: commontype.FeeConfig{GasLimit:8000000, TargetBlockRate:0x2, MinBaseFee:25000000000, TargetGas:15000000, BaseFeeChangeDenominator:36, MinBlockGasCost:0, MaxBlockGasCost:1000000, BlockGasCostStep:200000}
2025-07-31T20:59:02.2149304Z             	            	actual  : commontype.FeeConfig{GasLimit:8000000, TargetBlockRate:0x5d21dba00, MinBaseFee:25000000000, TargetGas:36, BaseFeeChangeDenominator:36, MinBlockGasCost:1000000, MaxBlockGasCost:1000000, BlockGasCostStep:200000}
2025-07-31T20:59:02.2150991Z             	            	
2025-07-31T20:59:02.2151504Z             	            	Diff:
2025-07-31T20:59:02.2152125Z             	            	--- Expected
2025-07-31T20:59:02.2152753Z             	            	+++ Actual
2025-07-31T20:59:02.2153417Z             	            	@@ -7,3 +7,3 @@
2025-07-31T20:59:02.2153997Z             	            	  }),
2025-07-31T20:59:02.2154830Z             	            	- TargetBlockRate: (uint64) 2,
2025-07-31T20:59:02.2155862Z             	            	+ TargetBlockRate: (uint64) 25000000000,
2025-07-31T20:59:02.2156756Z             	            	  MinBaseFee: (*big.Int)({
2025-07-31T20:59:02.2157492Z             	            	@@ -17,3 +17,3 @@
2025-07-31T20:59:02.2158557Z             	            	   abs: (big.nat) (len=1) {
2025-07-31T20:59:02.2159363Z             	            	-   (big.Word) 15000000
2025-07-31T20:59:02.2160095Z             	            	+   (big.Word) 36
2025-07-31T20:59:02.2160672Z             	            	   }
2025-07-31T20:59:02.2161327Z             	            	@@ -28,3 +28,5 @@
2025-07-31T20:59:02.2162101Z             	            	   neg: (bool) false,
2025-07-31T20:59:02.2162892Z             	            	-  abs: (big.nat) <nil>
2025-07-31T20:59:02.2163731Z             	            	+  abs: (big.nat) (len=1) {
2025-07-31T20:59:02.2164516Z             	            	+   (big.Word) 1000000
2025-07-31T20:59:02.2165116Z             	            	+  }
2025-07-31T20:59:02.2165707Z             	            	  }),
2025-07-31T20:59:02.2166501Z             	Test:       	TestFeeManager/set_config_from_admin_address
2025-07-31T20:59:02.2167333Z     --- FAIL: TestFeeManager/get_last_changed_at_from_non-enabled_address (0.01s)
2025-07-31T20:59:02.2168246Z         contract_test.go:247: 
2025-07-31T20:59:02.2169611Z             	Error Trace:	/home/runner/work/subnet-evm/subnet-evm/precompile/contracts/feemanager/contract_test.go:247
2025-07-31T20:59:02.2171914Z             	            				/home/runner/work/subnet-evm/subnet-evm/precompile/precompiletest/test_precompile.go:87
2025-07-31T20:59:02.2174416Z             	            				/home/runner/work/subnet-evm/subnet-evm/precompile/precompiletest/test_precompile.go:151
2025-07-31T20:59:02.2175288Z             	Error:      	Not equal: 
2025-07-31T20:59:02.2179184Z             	            	expected: commontype.FeeConfig{GasLimit:8000000, TargetBlockRate:0x2, MinBaseFee:25000000000, TargetGas:15000000, BaseFeeChangeDenominator:36, MinBlockGasCost:0, MaxBlockGasCost:1000000, BlockGasCostStep:200000}
2025-07-31T20:59:02.2183934Z             	            	actual  : commontype.FeeConfig{GasLimit:8000000, TargetBlockRate:0x5d21dba00, MinBaseFee:25000000000, TargetGas:36, BaseFeeChangeDenominator:36, MinBlockGasCost:1000000, MaxBlockGasCost:1000000, BlockGasCostStep:200000}
2025-07-31T20:59:02.2185522Z             	            	
2025-07-31T20:59:02.2186017Z             	            	Diff:
2025-07-31T20:59:02.2186614Z             	            	--- Expected
2025-07-31T20:59:02.2187217Z             	            	+++ Actual
2025-07-31T20:59:02.2188001Z             	            	@@ -7,3 +7,3 @@
2025-07-31T20:59:02.2188563Z             	            	  }),
2025-07-31T20:59:02.2189348Z             	            	- TargetBlockRate: (uint64) 2,
2025-07-31T20:59:02.2190324Z             	            	+ TargetBlockRate: (uint64) 25000000000,
2025-07-31T20:59:02.2191184Z             	            	  MinBaseFee: (*big.Int)({
2025-07-31T20:59:02.2191890Z             	            	@@ -17,3 +17,3 @@
2025-07-31T20:59:02.2192724Z             	            	   abs: (big.nat) (len=1) {
2025-07-31T20:59:02.2193501Z             	            	-   (big.Word) 15000000
2025-07-31T20:59:02.2194205Z             	            	+   (big.Word) 36
2025-07-31T20:59:02.2194758Z             	            	   }
2025-07-31T20:59:02.2195395Z             	            	@@ -28,3 +28,5 @@
2025-07-31T20:59:02.2196140Z             	            	   neg: (bool) false,
2025-07-31T20:59:02.2196915Z             	            	-  abs: (big.nat) <nil>
2025-07-31T20:59:02.2197892Z             	            	+  abs: (big.nat) (len=1) {
2025-07-31T20:59:02.2198656Z             	            	+   (big.Word) 1000000
2025-07-31T20:59:02.2199216Z             	            	+  }
2025-07-31T20:59:02.2199736Z             	            	  }),
2025-07-31T20:59:02.2200626Z             	Test:       	TestFeeManager/get_last_changed_at_from_non-enabled_address
2025-07-31T20:59:02.2201455Z     --- FAIL: TestFeeManager/set_config_from_manager_succeeds (0.01s)
2025-07-31T20:59:02.2202127Z         contract_test.go:106: 
2025-07-31T20:59:02.2203497Z             	Error Trace:	/home/runner/work/subnet-evm/subnet-evm/precompile/contracts/feemanager/contract_test.go:106
2025-07-31T20:59:02.2205799Z             	            				/home/runner/work/subnet-evm/subnet-evm/precompile/precompiletest/test_precompile.go:87
2025-07-31T20:59:02.2208189Z             	            				/home/runner/work/subnet-evm/subnet-evm/precompile/precompiletest/test_precompile.go:151
2025-07-31T20:59:02.2209078Z             	Error:      	Not equal: 
2025-07-31T20:59:02.2212794Z             	            	expected: commontype.FeeConfig{GasLimit:8000000, TargetBlockRate:0x2, MinBaseFee:25000000000, TargetGas:15000000, BaseFeeChangeDenominator:36, MinBlockGasCost:0, MaxBlockGasCost:1000000, BlockGasCostStep:200000}
2025-07-31T20:59:02.2218075Z             	            	actual  : commontype.FeeConfig{GasLimit:8000000, TargetBlockRate:0x5d21dba00, MinBaseFee:25000000000, TargetGas:36, BaseFeeChangeDenominator:36, MinBlockGasCost:1000000, MaxBlockGasCost:1000000, BlockGasCostStep:200000}
2025-07-31T20:59:02.2219789Z             	            	
2025-07-31T20:59:02.2220313Z             	            	Diff:
2025-07-31T20:59:02.2220939Z             	            	--- Expected
2025-07-31T20:59:02.2221569Z             	            	+++ Actual
2025-07-31T20:59:02.2222232Z             	            	@@ -7,3 +7,3 @@
2025-07-31T20:59:02.2222813Z             	            	  }),
2025-07-31T20:59:02.2223646Z             	            	- TargetBlockRate: (uint64) 2,
2025-07-31T20:59:02.2224958Z             	            	+ TargetBlockRate: (uint64) 25000000000,
2025-07-31T20:59:02.2225855Z             	            	  MinBaseFee: (*big.Int)({
2025-07-31T20:59:02.2226603Z             	            	@@ -17,3 +17,3 @@
2025-07-31T20:59:02.2227470Z             	            	   abs: (big.nat) (len=1) {
2025-07-31T20:59:02.2228484Z             	            	-   (big.Word) 15000000
2025-07-31T20:59:02.2229396Z             	            	+   (big.Word) 36
2025-07-31T20:59:02.2229977Z             	            	   }
2025-07-31T20:59:02.2230624Z             	            	@@ -28,3 +28,5 @@
2025-07-31T20:59:02.2231408Z             	            	   neg: (bool) false,
2025-07-31T20:59:02.2232199Z             	            	-  abs: (big.nat) <nil>
2025-07-31T20:59:02.2233034Z             	            	+  abs: (big.nat) (len=1) {
2025-07-31T20:59:02.2233822Z             	            	+   (big.Word) 1000000
2025-07-31T20:59:02.2234402Z             	            	+  }
2025-07-31T20:59:02.2234943Z             	            	  }),
2025-07-31T20:59:02.2235742Z             	Test:       	TestFeeManager/set_config_from_manager_succeeds
2025-07-31T20:59:02.2236574Z     --- FAIL: TestFeeManager/get_fee_config_from_non-enabled_address (0.01s)
2025-07-31T20:59:02.2237325Z         test_precompile.go:83: 
2025-07-31T20:59:02.2239041Z             	Error Trace:	/home/runner/work/subnet-evm/subnet-evm/precompile/precompiletest/test_precompile.go:83
2025-07-31T20:59:02.2241461Z             	            				/home/runner/work/subnet-evm/subnet-evm/precompile/precompiletest/test_precompile.go:151
2025-07-31T20:59:02.2242393Z             	Error:      	Not equal: 
2025-07-31T20:59:02.2260408Z             	            	expected: []byte{0x0, 0x0, 0x0, 0x0, 0x0, 0x0, 0x0, 0x0, 0x0, 0x0, 0x0, 0x0, 0x0, 0x0, 0x0, 0x0, 0x0, 0x0, 0x0, 0x0, 0x0, 0x0, 0x0, 0x0, 0x0, 0x0, 0x0, 0x0, 0x0, 0x7a, 0x12, 0x0, 0x0, 0x0, 0x0, 0x0, 0x0, 0x0, 0x0, 0x0, 0x0, 0x0, 0x0, 0x0, 0x0, 0x0, 0x0, 0x0, 0x0, 0x0, 0x0, 0x0, 0x0, 0x0, 0x0, 0x0, 0x0, 0x0, 0x0, 0x0, 0x0, 0x0, 0x0, 0x2, 0x0, 0x0, 0x0, 0x0, 0x0, 0x0, 0x0, 0x0, 0x0, 0x0, 0x0, 0x0, 0x0, 0x0, 0x0, 0x0, 0x0, 0x0, 0x0, 0x0, 0x0, 0x0, 0x0, 0x0, 0x0, 0x0, 0x0, 0x5, 0xd2, 0x1d, 0xba, 0x0, 0x0, 0x0, 0x0, 0x0, 0x0, 0x0, 0x0, 0x0, 0x0, 0x0, 0x0, 0x0, 0x0, 0x0, 0x0, 0x0, 0x0, 0x0, 0x0, 0x0, 0x0, 0x0, 0x0, 0x0, 0x0, 0x0, 0x0, 0x0, 0x0, 0xe4, 0xe1, 0xc0, 0x0, 0x0, 0x0, 0x0, 0x0, 0x0, 0x0, 0x0, 0x0, 0x0, 0x0, 0x0, 0x0, 0x0, 0x0, 0x0, 0x0, 0x0, 0x0, 0x0, 0x0, 0x0, 0x0, 0x0, 0x0, 0x0, 0x0, 0x0, 0x0, 0x0, 0x0, 0x24, 0x0, 0x0, 0x0, 0x0, 0x0, 0x0, 0x0, 0x0, 0x0, 0x0, 0x0, 0x0, 0x0, 0x0, 0x0, 0x0, 0x0, 0x0, 0x0, 0x0, 0x0, 0x0, 0x0, 0x0, 0x0, 0x0, 0x0, 0x0, 0x0, 0x0, 0x0, 0x0, 0x0, 0x0, 0x0, 0x0, 0x0, 0x0, 0x0, 0x0, 0x0, 0x0, 0x0, 0x0, 0x0, 0x0, 0x0, 0x0, 0x0, 0x0, 0x0, 0x0, 0x0, 0x0, 0x0, 0x0, 0x0, 0x0, 0x0, 0x0, 0x0, 0xf, 0x42, 0x40, 0x0, 0x0, 0x0, 0x0, 0x0, 0x0, 0x0, 0x0, 0x0, 0x0, 0x0, 0x0, 0x0, 0x0, 0x0, 0x0, 0x0, 0x0, 0x0, 0x0, 0x0, 0x0, 0x0, 0x0, 0x0, 0x0, 0x0, 0x0, 0x0, 0x3, 0xd, 0x40}
2025-07-31T20:59:02.2272887Z             	            	actual  : []byte{0x0, 0x0, 0x0, 0x0, 0x0, 0x0, 0x0, 0x0, 0x0, 0x0, 0x0, 0x0, 0x0, 0x0, 0x0, 0x0, 0x0, 0x0, 0x0, 0x0, 0x0, 0x0, 0x0, 0x0, 0x0, 0x0, 0x0, 0x0, 0x0, 0x7a, 0x12, 0x0, 0x0, 0x0, 0x0, 0x0, 0x0, 0x0, 0x0, 0x0, 0x0, 0x0, 0x0, 0x0, 0x0, 0x0, 0x0, 0x0, 0x0, 0x0, 0x0, 0x0, 0x0, 0x0, 0x0, 0x0, 0x0, 0x0, 0x0, 0x5, 0xd2, 0x1d, 0xba, 0x0, 0x0, 0x0, 0x0, 0x0, 0x0, 0x0, 0x0, 0x0, 0x0, 0x0, 0x0, 0x0, 0x0, 0x0, 0x0, 0x0, 0x0, 0x0, 0x0, 0x0, 0x0, 0x0, 0x0, 0x0, 0x0, 0x0, 0x0, 0x5, 0xd2, 0x1d, 0xba, 0x0, 0x0, 0x0, 0x0, 0x0, 0x0, 0x0, 0x0, 0x0, 0x0, 0x0, 0x0, 0x0, 0x0, 0x0, 0x0, 0x0, 0x0, 0x0, 0x0, 0x0, 0x0, 0x0, 0x0, 0x0, 0x0, 0x0, 0x0, 0x0, 0x0, 0x0, 0x0, 0x24, 0x0, 0x0, 0x0, 0x0, 0x0, 0x0, 0x0, 0x0, 0x0, 0x0, 0x0, 0x0, 0x0, 0x0, 0x0, 0x0, 0x0, 0x0, 0x0, 0x0, 0x0, 0x0, 0x0, 0x0, 0x0, 0x0, 0x0, 0x0, 0x0, 0x0, 0x0, 0x24, 0x0, 0x0, 0x0, 0x0, 0x0, 0x0, 0x0, 0x0, 0x0, 0x0, 0x0, 0x0, 0x0, 0x0, 0x0, 0x0, 0x0, 0x0, 0x0, 0x0, 0x0, 0x0, 0x0, 0x0, 0x0, 0x0, 0x0, 0x0, 0x0, 0xf, 0x42, 0x40, 0x0, 0x0, 0x0, 0x0, 0x0, 0x0, 0x0, 0x0, 0x0, 0x0, 0x0, 0x0, 0x0, 0x0, 0x0, 0x0, 0x0, 0x0, 0x0, 0x0, 0x0, 0x0, 0x0, 0x0, 0x0, 0x0, 0x0, 0x0, 0x0, 0xf, 0x42, 0x40, 0x0, 0x0, 0x0, 0x0, 0x0, 0x0, 0x0, 0x0, 0x0, 0x0, 0x0, 0x0, 0x0, 0x0, 0x0, 0x0, 0x0, 0x0, 0x0, 0x0, 0x0, 0x0, 0x0, 0x0, 0x0, 0x0, 0x0, 0x0, 0x0, 0x3, 0xd, 0x40}
2025-07-31T20:59:02.2276053Z             	            	
2025-07-31T20:59:02.2276362Z             	            	Diff:
2025-07-31T20:59:02.2276829Z             	            	--- Expected
2025-07-31T20:59:02.2277199Z             	            	+++ Actual
2025-07-31T20:59:02.2277580Z             	            	@@ -4,3 +4,3 @@
2025-07-31T20:59:02.2278623Z             	            	  00000020  00 00 00 00 00 00 00 00  00 00 00 00 00 00 00 00  |................|
2025-07-31T20:59:02.2279519Z             	            	- 00000030  00 00 00 00 00 00 00 00  00 00 00 00 00 00 00 02  |................|
2025-07-31T20:59:02.2280410Z             	            	+ 00000030  00 00 00 00 00 00 00 00  00 00 00 05 d2 1d ba 00  |................|
2025-07-31T20:59:02.2281628Z             	            	  00000040  00 00 00 00 00 00 00 00  00 00 00 00 00 00 00 00  |................|
2025-07-31T20:59:02.2282124Z             	            	@@ -8,3 +8,3 @@
2025-07-31T20:59:02.2282947Z             	            	  00000060  00 00 00 00 00 00 00 00  00 00 00 00 00 00 00 00  |................|
2025-07-31T20:59:02.2283830Z             	            	- 00000070  00 00 00 00 00 00 00 00  00 00 00 00 00 e4 e1 c0  |................|
2025-07-31T20:59:02.2284690Z             	            	+ 00000070  00 00 00 00 00 00 00 00  00 00 00 00 00 00 00 24  |...............$|
2025-07-31T20:59:02.2285582Z             	            	  00000080  00 00 00 00 00 00 00 00  00 00 00 00 00 00 00 00  |................|
2025-07-31T20:59:02.2286062Z             	            	@@ -12,3 +12,3 @@
2025-07-31T20:59:02.2286888Z             	            	  000000a0  00 00 00 00 00 00 00 00  00 00 00 00 00 00 00 00  |................|
2025-07-31T20:59:02.2287937Z             	            	- 000000b0  00 00 00 00 00 00 00 00  00 00 00 00 00 00 00 00  |................|
2025-07-31T20:59:02.2288814Z             	            	+ 000000b0  00 00 00 00 00 00 00 00  00 00 00 00 00 0f 42 40  |..............B@|
2025-07-31T20:59:02.2289703Z             	            	  000000c0  00 00 00 00 00 00 00 00  00 00 00 00 00 00 00 00  |................|
2025-07-31T20:59:02.2290310Z             	Test:       	TestFeeManager/get_fee_config_from_non-enabled_address
2025-07-31T20:59:02.2290816Z     --- FAIL: TestFeeManager/set_invalid_config_from_enabled_address (0.01s)
2025-07-31T20:59:02.2291264Z         contract_test.go:131: 
2025-07-31T20:59:02.2292088Z             	Error Trace:	/home/runner/work/subnet-evm/subnet-evm/precompile/contracts/feemanager/contract_test.go:131
2025-07-31T20:59:02.2293436Z             	            				/home/runner/work/subnet-evm/subnet-evm/precompile/precompiletest/test_precompile.go:87
2025-07-31T20:59:02.2294729Z             	            				/home/runner/work/subnet-evm/subnet-evm/precompile/precompiletest/test_precompile.go:151
2025-07-31T20:59:02.2295258Z             	Error:      	Not equal: 
2025-07-31T20:59:02.2297318Z             	            	expected: commontype.FeeConfig{GasLimit:8000000, TargetBlockRate:0x2, MinBaseFee:25000000000, TargetGas:15000000, BaseFeeChangeDenominator:36, MinBlockGasCost:0, MaxBlockGasCost:1000000, BlockGasCostStep:200000}
2025-07-31T20:59:02.2300188Z             	            	actual  : commontype.FeeConfig{GasLimit:8000000, TargetBlockRate:0x5d21dba00, MinBaseFee:25000000000, TargetGas:36, BaseFeeChangeDenominator:36, MinBlockGasCost:1000000, MaxBlockGasCost:1000000, BlockGasCostStep:200000}
2025-07-31T20:59:02.2301136Z             	            	
2025-07-31T20:59:02.2301436Z             	            	Diff:
2025-07-31T20:59:02.2301796Z             	            	--- Expected
2025-07-31T20:59:02.2302151Z             	            	+++ Actual
2025-07-31T20:59:02.2302672Z             	            	@@ -7,3 +7,3 @@
2025-07-31T20:59:02.2303180Z             	            	  }),
2025-07-31T20:59:02.2303640Z             	            	- TargetBlockRate: (uint64) 2,
2025-07-31T20:59:02.2304220Z             	            	+ TargetBlockRate: (uint64) 25000000000,
2025-07-31T20:59:02.2304723Z             	            	  MinBaseFee: (*big.Int)({
2025-07-31T20:59:02.2305144Z             	            	@@ -17,3 +17,3 @@
2025-07-31T20:59:02.2305616Z             	            	   abs: (big.nat) (len=1) {
2025-07-31T20:59:02.2306203Z             	            	-   (big.Word) 15000000
2025-07-31T20:59:02.2306633Z             	            	+   (big.Word) 36
2025-07-31T20:59:02.2306961Z             	            	   }
2025-07-31T20:59:02.2307329Z             	            	@@ -28,3 +28,5 @@
2025-07-31T20:59:02.2308032Z             	            	   neg: (bool) false,
2025-07-31T20:59:02.2308490Z             	            	-  abs: (big.nat) <nil>
2025-07-31T20:59:02.2308963Z             	            	+  abs: (big.nat) (len=1) {
2025-07-31T20:59:02.2309418Z             	            	+   (big.Word) 1000000
2025-07-31T20:59:02.2309754Z             	            	+  }
2025-07-31T20:59:02.2310052Z             	            	  }),
2025-07-31T20:59:02.2310539Z             	Test:       	TestFeeManager/set_invalid_config_from_enabled_address
2025-07-31T20:59:02.2311110Z     --- FAIL: TestFeeManager/set_config_from_enabled_address_succeeds_and_emits_logs (0.01s)
2025-07-31T20:59:02.2311595Z         contract_test.go:86: 
2025-07-31T20:59:02.2312401Z             	Error Trace:	/home/runner/work/subnet-evm/subnet-evm/precompile/contracts/feemanager/contract_test.go:86
2025-07-31T20:59:02.2313742Z             	            				/home/runner/work/subnet-evm/subnet-evm/precompile/precompiletest/test_precompile.go:87
2025-07-31T20:59:02.2315028Z             	            				/home/runner/work/subnet-evm/subnet-evm/precompile/precompiletest/test_precompile.go:151
2025-07-31T20:59:02.2315547Z             	Error:      	Not equal: 
2025-07-31T20:59:02.2317594Z             	            	expected: commontype.FeeConfig{GasLimit:8000000, TargetBlockRate:0x2, MinBaseFee:25000000000, TargetGas:15000000, BaseFeeChangeDenominator:36, MinBlockGasCost:0, MaxBlockGasCost:1000000, BlockGasCostStep:200000}
2025-07-31T20:59:02.2320426Z             	            	actual  : commontype.FeeConfig{GasLimit:8000000, TargetBlockRate:0x5d21dba00, MinBaseFee:25000000000, TargetGas:36, BaseFeeChangeDenominator:36, MinBlockGasCost:1000000, MaxBlockGasCost:1000000, BlockGasCostStep:200000}
2025-07-31T20:59:02.2321369Z             	            	
2025-07-31T20:59:02.2321664Z             	            	Diff:
2025-07-31T20:59:02.2322015Z             	            	--- Expected
2025-07-31T20:59:02.2322372Z             	            	+++ Actual
2025-07-31T20:59:02.2322778Z             	            	@@ -7,3 +7,3 @@
2025-07-31T20:59:02.2323383Z             	            	  }),
2025-07-31T20:59:02.2324240Z             	            	- TargetBlockRate: (uint64) 2,
2025-07-31T20:59:02.2325125Z             	            	+ TargetBlockRate: (uint64) 25000000000,
2025-07-31T20:59:02.2325644Z             	            	  MinBaseFee: (*big.Int)({
2025-07-31T20:59:02.2326067Z             	            	@@ -17,3 +17,3 @@
2025-07-31T20:59:02.2326548Z             	            	   abs: (big.nat) (len=1) {
2025-07-31T20:59:02.2327005Z             	            	-   (big.Word) 15000000
2025-07-31T20:59:02.2327424Z             	            	+   (big.Word) 36
2025-07-31T20:59:02.2327892Z             	            	   }
2025-07-31T20:59:02.2328262Z             	            	@@ -28,3 +28,5 @@
2025-07-31T20:59:02.2328697Z             	            	   neg: (bool) false,
2025-07-31T20:59:02.2329145Z             	            	-  abs: (big.nat) <nil>
2025-07-31T20:59:02.2329618Z             	            	+  abs: (big.nat) (len=1) {
2025-07-31T20:59:02.2330066Z             	            	+   (big.Word) 1000000
2025-07-31T20:59:02.2330404Z             	            	+  }
2025-07-31T20:59:02.2330714Z             	            	  }),
2025-07-31T20:59:02.2331468Z             	Test:       	TestFeeManager/set_config_from_enabled_address_succeeds_and_emits_logs
2025-07-31T20:59:02.2331956Z     --- FAIL: TestFeeManager/get_initial_fee_config (0.01s)
2025-07-31T20:59:02.2332340Z         test_precompile.go:83: 
2025-07-31T20:59:02.2333193Z             	Error Trace:	/home/runner/work/subnet-evm/subnet-evm/precompile/precompiletest/test_precompile.go:83
2025-07-31T20:59:02.2358160Z             	            				/home/runner/work/subnet-evm/subnet-evm/precompile/precompiletest/test_precompile.go:151
2025-07-31T20:59:02.2359124Z             	Error:      	Not equal: 
2025-07-31T20:59:02.2376716Z             	            	expected: []byte{0x0, 0x0, 0x0, 0x0, 0x0, 0x0, 0x0, 0x0, 0x0, 0x0, 0x0, 0x0, 0x0, 0x0, 0x0, 0x0, 0x0, 0x0, 0x0, 0x0, 0x0, 0x0, 0x0, 0x0, 0x0, 0x0, 0x0, 0x0, 0x0, 0x7a, 0x12, 0x0, 0x0, 0x0, 0x0, 0x0, 0x0, 0x0, 0x0, 0x0, 0x0, 0x0, 0x0, 0x0, 0x0, 0x0, 0x0, 0x0, 0x0, 0x0, 0x0, 0x0, 0x0, 0x0, 0x0, 0x0, 0x0, 0x0, 0x0, 0x0, 0x0, 0x0, 0x0, 0x2, 0x0, 0x0, 0x0, 0x0, 0x0, 0x0, 0x0, 0x0, 0x0, 0x0, 0x0, 0x0, 0x0, 0x0, 0x0, 0x0, 0x0, 0x0, 0x0, 0x0, 0x0, 0x0, 0x0, 0x0, 0x0, 0x0, 0x0, 0x5, 0xd2, 0x1d, 0xba, 0x0, 0x0, 0x0, 0x0, 0x0, 0x0, 0x0, 0x0, 0x0, 0x0, 0x0, 0x0, 0x0, 0x0, 0x0, 0x0, 0x0, 0x0, 0x0, 0x0, 0x0, 0x0, 0x0, 0x0, 0x0, 0x0, 0x0, 0x0, 0x0, 0x0, 0xe4, 0xe1, 0xc0, 0x0, 0x0, 0x0, 0x0, 0x0, 0x0, 0x0, 0x0, 0x0, 0x0, 0x0, 0x0, 0x0, 0x0, 0x0, 0x0, 0x0, 0x0, 0x0, 0x0, 0x0, 0x0, 0x0, 0x0, 0x0, 0x0, 0x0, 0x0, 0x0, 0x0, 0x0, 0x24, 0x0, 0x0, 0x0, 0x0, 0x0, 0x0, 0x0, 0x0, 0x0, 0x0, 0x0, 0x0, 0x0, 0x0, 0x0, 0x0, 0x0, 0x0, 0x0, 0x0, 0x0, 0x0, 0x0, 0x0, 0x0, 0x0, 0x0, 0x0, 0x0, 0x0, 0x0, 0x0, 0x0, 0x0, 0x0, 0x0, 0x0, 0x0, 0x0, 0x0, 0x0, 0x0, 0x0, 0x0, 0x0, 0x0, 0x0, 0x0, 0x0, 0x0, 0x0, 0x0, 0x0, 0x0, 0x0, 0x0, 0x0, 0x0, 0x0, 0x0, 0x0, 0xf, 0x42, 0x40, 0x0, 0x0, 0x0, 0x0, 0x0, 0x0, 0x0, 0x0, 0x0, 0x0, 0x0, 0x0, 0x0, 0x0, 0x0, 0x0, 0x0, 0x0, 0x0, 0x0, 0x0, 0x0, 0x0, 0x0, 0x0, 0x0, 0x0, 0x0, 0x0, 0x3, 0xd, 0x40}
2025-07-31T20:59:02.2399001Z             	            	actual  : []byte{0x0, 0x0, 0x0, 0x0, 0x0, 0x0, 0x0, 0x0, 0x0, 0x0, 0x0, 0x0, 0x0, 0x0, 0x0, 0x0, 0x0, 0x0, 0x0, 0x0, 0x0, 0x0, 0x0, 0x0, 0x0, 0x0, 0x0, 0x0, 0x0, 0x7a, 0x12, 0x0, 0x0, 0x0, 0x0, 0x0, 0x0, 0x0, 0x0, 0x0, 0x0, 0x0, 0x0, 0x0, 0x0, 0x0, 0x0, 0x0, 0x0, 0x0, 0x0, 0x0, 0x0, 0x0, 0x0, 0x0, 0x0, 0x0, 0x0, 0x5, 0xd2, 0x1d, 0xba, 0x0, 0x0, 0x0, 0x0, 0x0, 0x0, 0x0, 0x0, 0x0, 0x0, 0x0, 0x0, 0x0, 0x0, 0x0, 0x0, 0x0, 0x0, 0x0, 0x0, 0x0, 0x0, 0x0, 0x0, 0x0, 0x0, 0x0, 0x0, 0x5, 0xd2, 0x1d, 0xba, 0x0, 0x0, 0x0, 0x0, 0x0, 0x0, 0x0, 0x0, 0x0, 0x0, 0x0, 0x0, 0x0, 0x0, 0x0, 0x0, 0x0, 0x0, 0x0, 0x0, 0x0, 0x0, 0x0, 0x0, 0x0, 0x0, 0x0, 0x0, 0x0, 0x0, 0x0, 0x0, 0x24, 0x0, 0x0, 0x0, 0x0, 0x0, 0x0, 0x0, 0x0, 0x0, 0x0, 0x0, 0x0, 0x0, 0x0, 0x0, 0x0, 0x0, 0x0, 0x0, 0x0, 0x0, 0x0, 0x0, 0x0, 0x0, 0x0, 0x0, 0x0, 0x0, 0x0, 0x0, 0x24, 0x0, 0x0, 0x0, 0x0, 0x0, 0x0, 0x0, 0x0, 0x0, 0x0, 0x0, 0x0, 0x0, 0x0, 0x0, 0x0, 0x0, 0x0, 0x0, 0x0, 0x0, 0x0, 0x0, 0x0, 0x0, 0x0, 0x0, 0x0, 0x0, 0xf, 0x42, 0x40, 0x0, 0x0, 0x0, 0x0, 0x0, 0x0, 0x0, 0x0, 0x0, 0x0, 0x0, 0x0, 0x0, 0x0, 0x0, 0x0, 0x0, 0x0, 0x0, 0x0, 0x0, 0x0, 0x0, 0x0, 0x0, 0x0, 0x0, 0x0, 0x0, 0xf, 0x42, 0x40, 0x0, 0x0, 0x0, 0x0, 0x0, 0x0, 0x0, 0x0, 0x0, 0x0, 0x0, 0x0, 0x0, 0x0, 0x0, 0x0, 0x0, 0x0, 0x0, 0x0, 0x0, 0x0, 0x0, 0x0, 0x0, 0x0, 0x0, 0x0, 0x0, 0x3, 0xd, 0x40}
2025-07-31T20:59:02.2402307Z             	            	
2025-07-31T20:59:02.2402628Z             	            	Diff:
2025-07-31T20:59:02.2402994Z             	            	--- Expected
2025-07-31T20:59:02.2403367Z             	            	+++ Actual
2025-07-31T20:59:02.2403759Z             	            	@@ -4,3 +4,3 @@
2025-07-31T20:59:02.2404602Z             	            	  00000020  00 00 00 00 00 00 00 00  00 00 00 00 00 00 00 00  |................|
2025-07-31T20:59:02.2405501Z             	            	- 00000030  00 00 00 00 00 00 00 00  00 00 00 00 00 00 00 02  |................|
2025-07-31T20:59:02.2406390Z             	            	+ 00000030  00 00 00 00 00 00 00 00  00 00 00 05 d2 1d ba 00  |................|
2025-07-31T20:59:02.2407541Z             	            	  00000040  00 00 00 00 00 00 00 00  00 00 00 00 00 00 00 00  |................|
2025-07-31T20:59:02.2408345Z             	            	@@ -8,3 +8,3 @@
2025-07-31T20:59:02.2409181Z             	            	  00000060  00 00 00 00 00 00 00 00  00 00 00 00 00 00 00 00  |................|
2025-07-31T20:59:02.2410069Z             	            	- 00000070  00 00 00 00 00 00 00 00  00 00 00 00 00 e4 e1 c0  |................|
2025-07-31T20:59:02.2411111Z             	            	+ 00000070  00 00 00 00 00 00 00 00  00 00 00 00 00 00 00 24  |...............$|
2025-07-31T20:59:02.2412029Z             	            	  00000080  00 00 00 00 00 00 00 00  00 00 00 00 00 00 00 00  |................|
2025-07-31T20:59:02.2412516Z             	            	@@ -12,3 +12,3 @@
2025-07-31T20:59:02.2413350Z             	            	  000000a0  00 00 00 00 00 00 00 00  00 00 00 00 00 00 00 00  |................|
2025-07-31T20:59:02.2414221Z             	            	- 000000b0  00 00 00 00 00 00 00 00  00 00 00 00 00 00 00 00  |................|
2025-07-31T20:59:02.2415107Z             	            	+ 000000b0  00 00 00 00 00 00 00 00  00 00 00 00 00 0f 42 40  |..............B@|
2025-07-31T20:59:02.2416029Z             	            	  000000c0  00 00 00 00 00 00 00 00  00 00 00 00 00 00 00 00  |................|
2025-07-31T20:59:02.2416555Z             	Test:       	TestFeeManager/get_initial_fee_config
2025-07-31T20:59:02.2417111Z     --- FAIL: TestFeeManager/setFeeConfig_regression_test_should_succeed_after_Durango (0.01s)
2025-07-31T20:59:02.2417842Z         contract_test.go:394: 
2025-07-31T20:59:02.2418709Z             	Error Trace:	/home/runner/work/subnet-evm/subnet-evm/precompile/contracts/feemanager/contract_test.go:394
2025-07-31T20:59:02.2420075Z             	            				/home/runner/work/subnet-evm/subnet-evm/precompile/precompiletest/test_precompile.go:87
2025-07-31T20:59:02.2421375Z             	            				/home/runner/work/subnet-evm/subnet-evm/precompile/precompiletest/test_precompile.go:151
2025-07-31T20:59:02.2421910Z             	Error:      	Not equal: 
2025-07-31T20:59:02.2424188Z             	            	expected: commontype.FeeConfig{GasLimit:25000000, TargetBlockRate:0x2, MinBaseFee:5000000000, TargetGas:75000000, BaseFeeChangeDenominator:84, MinBlockGasCost:0, MaxBlockGasCost:2000000000000000000, BlockGasCostStep:1000000000000000000}
2025-07-31T20:59:02.2427330Z             	            	actual  : commontype.FeeConfig{GasLimit:25000000, TargetBlockRate:0x12a05f200, MinBaseFee:5000000000, TargetGas:84, BaseFeeChangeDenominator:84, MinBlockGasCost:2000000000000000000, MaxBlockGasCost:2000000000000000000, BlockGasCostStep:1000000000000000000}
2025-07-31T20:59:02.2428716Z             	            	
2025-07-31T20:59:02.2429042Z             	            	Diff:
2025-07-31T20:59:02.2429405Z             	            	--- Expected
2025-07-31T20:59:02.2429771Z             	            	+++ Actual
2025-07-31T20:59:02.2430146Z             	            	@@ -7,3 +7,3 @@
2025-07-31T20:59:02.2430492Z             	            	  }),
2025-07-31T20:59:02.2431192Z             	            	- TargetBlockRate: (uint64) 2,
2025-07-31T20:59:02.2432305Z             	            	+ TargetBlockRate: (uint64) 5000000000,
2025-07-31T20:59:02.2433236Z             	            	  MinBaseFee: (*big.Int)({
2025-07-31T20:59:02.2434057Z             	            	@@ -17,3 +17,3 @@
2025-07-31T20:59:02.2434917Z             	            	   abs: (big.nat) (len=1) {
2025-07-31T20:59:02.2435746Z             	            	-   (big.Word) 75000000
2025-07-31T20:59:02.2436489Z             	            	+   (big.Word) 84
2025-07-31T20:59:02.2437073Z             	            	   }
2025-07-31T20:59:02.2437923Z             	            	@@ -28,3 +28,5 @@
2025-07-31T20:59:02.2438713Z             	            	   neg: (bool) false,
2025-07-31T20:59:02.2439556Z             	            	-  abs: (big.nat) <nil>
2025-07-31T20:59:02.2440401Z             	            	+  abs: (big.nat) (len=1) {
2025-07-31T20:59:02.2441333Z             	            	+   (big.Word) 2000000000000000000
2025-07-31T20:59:02.2442217Z             	            	+  }
2025-07-31T20:59:02.2442755Z             	            	  }),
2025-07-31T20:59:02.2443853Z             	Test:       	TestFeeManager/setFeeConfig_regression_test_should_succeed_after_Durango
2025-07-31T20:59:02.2445031Z     --- FAIL: TestFeeManager/set_config_with_extra_padded_bytes_should_succeed_with_Durango (0.00s)
2025-07-31T20:59:02.2446061Z         contract_test.go:350: 
2025-07-31T20:59:02.2447524Z             	Error Trace:	/home/runner/work/subnet-evm/subnet-evm/precompile/contracts/feemanager/contract_test.go:350
2025-07-31T20:59:02.2450136Z             	            				/home/runner/work/subnet-evm/subnet-evm/precompile/precompiletest/test_precompile.go:87
2025-07-31T20:59:02.2452496Z             	            				/home/runner/work/subnet-evm/subnet-evm/precompile/precompiletest/test_precompile.go:151
2025-07-31T20:59:02.2453408Z             	Error:      	Not equal: 
2025-07-31T20:59:02.2457164Z             	            	expected: commontype.FeeConfig{GasLimit:8000000, TargetBlockRate:0x2, MinBaseFee:25000000000, TargetGas:15000000, BaseFeeChangeDenominator:36, MinBlockGasCost:0, MaxBlockGasCost:1000000, BlockGasCostStep:200000}
2025-07-31T20:59:02.2462276Z             	            	actual  : commontype.FeeConfig{GasLimit:8000000, TargetBlockRate:0x5d21dba00, MinBaseFee:25000000000, TargetGas:36, BaseFeeChangeDenominator:36, MinBlockGasCost:1000000, MaxBlockGasCost:1000000, BlockGasCostStep:200000}
2025-07-31T20:59:02.2463949Z             	            	
2025-07-31T20:59:02.2464473Z             	            	Diff:
2025-07-31T20:59:02.2465096Z             	            	--- Expected
2025-07-31T20:59:02.2465724Z             	            	+++ Actual
2025-07-31T20:59:02.2466392Z             	            	@@ -7,3 +7,3 @@
2025-07-31T20:59:02.2466976Z             	            	  }),
2025-07-31T20:59:02.2467959Z             	            	- TargetBlockRate: (uint64) 2,
2025-07-31T20:59:02.2469006Z             	            	+ TargetBlockRate: (uint64) 25000000000,
2025-07-31T20:59:02.2469908Z             	            	  MinBaseFee: (*big.Int)({
2025-07-31T20:59:02.2470656Z             	            	@@ -17,3 +17,3 @@
2025-07-31T20:59:02.2471567Z             	            	   abs: (big.nat) (len=1) {
2025-07-31T20:59:02.2472408Z             	            	-   (big.Word) 15000000
2025-07-31T20:59:02.2473163Z             	            	+   (big.Word) 36
2025-07-31T20:59:02.2473767Z             	            	   }
2025-07-31T20:59:02.2474457Z             	            	@@ -28,3 +28,5 @@
2025-07-31T20:59:02.2475265Z             	            	   neg: (bool) false,
2025-07-31T20:59:02.2476084Z             	            	-  abs: (big.nat) <nil>
2025-07-31T20:59:02.2476967Z             	            	+  abs: (big.nat) (len=1) {
2025-07-31T20:59:02.2477965Z             	            	+   (big.Word) 1000000
2025-07-31T20:59:02.2478583Z             	            	+  }
2025-07-31T20:59:02.2479126Z             	            	  }),
2025-07-31T20:59:02.2480305Z             	Test:       	TestFeeManager/set_config_with_extra_padded_bytes_should_succeed_with_Durango
2025-07-31T20:59:02.2480998Z FAIL
2025-07-31T20:59:02.2481274Z coverage: 82.2% of statements
2025-07-31T20:59:02.2481904Z FAIL	github.com/ava-labs/subnet-evm/precompile/contracts/feemanager	0.309s
2025-07-31T20:59:02.2483003Z ok  	github.com/ava-labs/subnet-evm/precompile/contracts/nativeminter	1.300s	coverage: 87.4% of statements
2025-07-31T20:59:02.2484309Z ok  	github.com/ava-labs/subnet-evm/precompile/contracts/rewardmanager	1.182s	coverage: 83.2% of statements
2025-07-31T20:59:02.2485609Z ok  	github.com/ava-labs/subnet-evm/precompile/contracts/txallowlist	1.267s	coverage: 64.7% of statements
2025-07-31T20:59:02.2486831Z ok  	github.com/ava-labs/subnet-evm/precompile/contracts/warp	13.013s	coverage: 76.3% of statements
2025-07-31T20:59:02.2488082Z ok  	github.com/ava-labs/subnet-evm/precompile/modules	1.056s	coverage: 46.9% of statements
2025-07-31T20:59:02.2489323Z ok  	github.com/ava-labs/subnet-evm/precompile/precompileconfig	1.038s	coverage: 0.0% of statements [no tests to run]
2025-07-31T20:59:02.2490686Z ok  	github.com/ava-labs/subnet-evm/predicate	1.091s	coverage: 58.5% of statements
2025-07-31T20:59:02.2491563Z ok  	github.com/ava-labs/subnet-evm/rpc	48.129s	coverage: 83.6% of statements
2025-07-31T20:59:02.2492458Z ok  	github.com/ava-labs/subnet-evm/sync/client	16.010s	coverage: 53.8% of statements
2025-07-31T20:59:02.2493561Z ok  	github.com/ava-labs/subnet-evm/sync/handlers	11.582s	coverage: 83.6% of statements
2025-07-31T20:59:27.8127583Z ok  	github.com/ava-labs/subnet-evm/sync/statesync	111.965s	coverage: 77.2% of statements
2025-07-31T20:59:27.8130510Z ok  	github.com/ava-labs/subnet-evm/triedb/pathdb	55.463s	coverage: 75.2% of statements
2025-07-31T20:59:27.8131432Z ok  	github.com/ava-labs/subnet-evm/utils	1.029s	coverage: 22.8% of statements
2025-07-31T20:59:27.8132334Z ok  	github.com/ava-labs/subnet-evm/utils/utilstest	1.028s	coverage: 33.3% of statements
2025-07-31T20:59:27.8133266Z ok  	github.com/ava-labs/subnet-evm/warp	1.071s	coverage: 48.0% of statements
2025-07-31T20:59:27.8134145Z ok  	github.com/ava-labs/subnet-evm/warp/validators	1.030s	coverage: 100.0% of statements
2025-07-31T20:59:27.8134799Z FAIL
2025-07-31T20:59:28.1848100Z Unexpected test failures: TestArchiveBlockChain
2025-07-31T20:59:28.1848605Z TestArchiveBlockChainSnapsDisabled
2025-07-31T20:59:28.1848977Z TestBlockChainOfflinePruningUngracefulShutdown
2025-07-31T20:59:28.1849523Z TestCorruptSnapshots
2025-07-31T20:59:28.1849829Z TestEnableSnapshots
2025-07-31T20:59:28.1850127Z TestFeeManager
2025-07-31T20:59:28.1850434Z TestFeeManagerChangeFee
2025-07-31T20:59:28.1850879Z TestFeeManagerRegressionMempoolMinFeeAfterRestart
2025-07-31T20:59:28.1851403Z TestMustNotImport
2025-07-31T20:59:28.1851746Z TestPruningBlockChain
2025-07-31T20:59:28.1852117Z TestPruningBlockChainSnapsDisabled
2025-07-31T20:59:28.1852558Z TestPruningBlockChainUngracefulShutdown
2025-07-31T20:59:28.1853101Z TestPruningBlockChainUngracefulShutdownSnapsDisabled
2025-07-31T20:59:28.1853618Z TestSetupGenesis
2025-07-31T20:59:28.1853911Z TestStorageRangeAt
2025-07-31T20:59:28.1854258Z TestSuggestGasPriceAfterFeeConfigUpdate
2025-07-31T20:59:28.1854670Z TestTxLookupBlockChain
2025-07-31T20:59:28.1855056Z TestTxLookupSkipIndexingBlockChain
2025-07-31T20:59:28.1855444Z TestVerkleGenesisCommit
2025-07-31T20:59:28.1855891Z task: Failed to run task "build-test": exit status 1
2025-07-31T20:59:28.1863777Z exit status 201
2025-07-31T20:59:28.1921808Z ##[error]Process completed with exit code 1.
2025-07-31T20:59:28.2023351Z Post job cleanup.
2025-07-31T20:59:28.3002866Z [command]/usr/bin/git version
2025-07-31T20:59:28.3045908Z git version 2.50.1
2025-07-31T20:59:28.3097429Z Temporarily overriding HOME='/home/runner/work/_temp/6ea5356b-8f1b-4498-b270-c9635fbe93e8' before making global git config changes
2025-07-31T20:59:28.3098806Z Adding repository directory to the temporary git global config as a safe directory
2025-07-31T20:59:28.3103059Z [command]/usr/bin/git config --global --add safe.directory /home/runner/work/subnet-evm/subnet-evm
2025-07-31T20:59:28.3138900Z [command]/usr/bin/git config --local --name-only --get-regexp core\.sshCommand
2025-07-31T20:59:28.3172050Z [command]/usr/bin/git submodule foreach --recursive sh -c "git config --local --name-only --get-regexp 'core\.sshCommand' && git config --local --unset-all 'core.sshCommand' || :"
2025-07-31T20:59:28.3410478Z [command]/usr/bin/git config --local --name-only --get-regexp http\.https\:\/\/github\.com\/\.extraheader
2025-07-31T20:59:28.3437492Z http.https://github.com/.extraheader
2025-07-31T20:59:28.3451722Z [command]/usr/bin/git config --local --unset-all http.https://github.com/.extraheader
2025-07-31T20:59:28.3488773Z [command]/usr/bin/git submodule foreach --recursive sh -c "git config --local --name-only --get-regexp 'http\.https\:\/\/github\.com\/\.extraheader' && git config --local --unset-all 'http.https://github.com/.extraheader' || :"
2025-07-31T20:59:28.3858738Z Cleaning up orphan processes
