2025-07-31T20:48:42.5931313Z Current runner version: '2.327.1'
2025-07-31T20:48:42.5955732Z ##[group]Runner Image Provisioner
2025-07-31T20:48:42.5956560Z Hosted Compute Agent
2025-07-31T20:48:42.5957179Z Version: 20250711.363
2025-07-31T20:48:42.5957826Z Commit: 6785254374ce925a23743850c1cb91912ce5c14c
2025-07-31T20:48:42.5958565Z Build Date: 2025-07-11T20:04:25Z
2025-07-31T20:48:42.5959227Z ##[endgroup]
2025-07-31T20:48:42.5959722Z ##[group]Operating System
2025-07-31T20:48:42.5960497Z Ubuntu
2025-07-31T20:48:42.5961059Z 24.04.2
2025-07-31T20:48:42.5961579Z LTS
2025-07-31T20:48:42.5962024Z ##[endgroup]
2025-07-31T20:48:42.5962672Z ##[group]Runner Image
2025-07-31T20:48:42.5963252Z Image: ubuntu-24.04
2025-07-31T20:48:42.5963772Z Version: 20250728.1.0
2025-07-31T20:48:42.5964844Z Included Software: https://github.com/actions/runner-images/blob/ubuntu24/20250728.1/images/ubuntu/Ubuntu2404-Readme.md
2025-07-31T20:48:42.5966443Z Image Release: https://github.com/actions/runner-images/releases/tag/ubuntu24%2F20250728.1
2025-07-31T20:48:42.5967524Z ##[endgroup]
2025-07-31T20:48:42.5970210Z ##[group]GITHUB_TOKEN Permissions
2025-07-31T20:48:42.5972231Z Actions: write
2025-07-31T20:48:42.5972827Z Attestations: write
2025-07-31T20:48:42.5973436Z Checks: write
2025-07-31T20:48:42.5973981Z Contents: write
2025-07-31T20:48:42.5974524Z Deployments: write
2025-07-31T20:48:42.5975124Z Discussions: write
2025-07-31T20:48:42.5975689Z Issues: write
2025-07-31T20:48:42.5976264Z Metadata: read
2025-07-31T20:48:42.5976888Z Models: read
2025-07-31T20:48:42.5977444Z Packages: write
2025-07-31T20:48:42.5977927Z Pages: write
2025-07-31T20:48:42.5978506Z PullRequests: write
2025-07-31T20:48:42.5979100Z RepositoryProjects: write
2025-07-31T20:48:42.5979992Z SecurityEvents: write
2025-07-31T20:48:42.5980868Z Statuses: write
2025-07-31T20:48:42.5981420Z ##[endgroup]
2025-07-31T20:48:42.5984154Z Secret source: Actions
2025-07-31T20:48:42.5984922Z Prepare workflow directory
2025-07-31T20:48:42.6312586Z Prepare all required actions
2025-07-31T20:48:42.6350463Z Getting action download info
2025-07-31T20:48:43.0442522Z ##[group]Download immutable action package 'actions/checkout@v4'
2025-07-31T20:48:43.0443642Z Version: 4.2.2
2025-07-31T20:48:43.0444770Z Digest: sha256:ccb2698953eaebd21c7bf6268a94f9c26518a7e38e27e0b83c1fe1ad049819b1
2025-07-31T20:48:43.0446221Z Source commit SHA: 11bd71901bbe5b1630ceea73d27597364c9af683
2025-07-31T20:48:43.0447048Z ##[endgroup]
2025-07-31T20:48:43.1625442Z ##[group]Download immutable action package 'actions/setup-go@v5'
2025-07-31T20:48:43.1626332Z Version: 5.5.0
2025-07-31T20:48:43.1627167Z Digest: sha256:f5eeb2233d0c6714b5236de9b44ad0b935014e15eeab3c28d73dc44c1c641ebb
2025-07-31T20:48:43.1628270Z Source commit SHA: d35c59abb061a4a6fb18e82ac0862c26744d6ab5
2025-07-31T20:48:43.1629031Z ##[endgroup]
2025-07-31T20:48:43.4247800Z ##[group]Download immutable action package 'actions/setup-node@v4'
2025-07-31T20:48:43.4248589Z Version: 4.4.0
2025-07-31T20:48:43.4249322Z Digest: sha256:9427cefe82346e992fb5b949e3569b39d537ae41aa3086483b14eceebfc16bc1
2025-07-31T20:48:43.4250881Z Source commit SHA: 49933ea5288caeca8642d1e84afbd3f7d6820020
2025-07-31T20:48:43.4251538Z ##[endgroup]
2025-07-31T20:48:43.5157056Z Download action repository 'ava-labs/avalanchego@e2bcbaffcb771ed08eda454d03d3001e558438f1' (SHA:e2bcbaffcb771ed08eda454d03d3001e558438f1)
2025-07-31T20:48:44.2416299Z Getting action download info
2025-07-31T20:48:44.4007503Z Download action repository 'cachix/install-nix-action@02a151ada4993995686f9ed4f1be7cfbb229e56f' (SHA:02a151ada4993995686f9ed4f1be7cfbb229e56f)
2025-07-31T20:48:44.6356068Z ##[group]Download immutable action package 'actions/upload-artifact@v4'
2025-07-31T20:48:44.6357609Z Version: 4.6.2
2025-07-31T20:48:44.6358983Z Digest: sha256:290722aa3281d5caf23d0acdc3dbeb3424786a1a01a9cc97e72f147225e37c38
2025-07-31T20:48:44.6361099Z Source commit SHA: ea165f8d65b6e75b540449e92b4886f43607fa02
2025-07-31T20:48:44.6362366Z ##[endgroup]
2025-07-31T20:48:44.8132571Z Complete job name: e2e warp tests
2025-07-31T20:48:44.8932036Z ##[group]Run actions/checkout@v4
2025-07-31T20:48:44.8933580Z with:
2025-07-31T20:48:44.8934332Z   fetch-depth: 0
2025-07-31T20:48:44.8935169Z   repository: ava-labs/subnet-evm
2025-07-31T20:48:44.8936415Z   token: ***
2025-07-31T20:48:44.8937220Z   ssh-strict: true
2025-07-31T20:48:44.8938042Z   ssh-user: git
2025-07-31T20:48:44.8938848Z   persist-credentials: true
2025-07-31T20:48:44.8939753Z   clean: true
2025-07-31T20:48:44.8940826Z   sparse-checkout-cone-mode: true
2025-07-31T20:48:44.8941805Z   fetch-tags: false
2025-07-31T20:48:44.8942616Z   show-progress: true
2025-07-31T20:48:44.8943433Z   lfs: false
2025-07-31T20:48:44.8944185Z   submodules: false
2025-07-31T20:48:44.8945018Z   set-safe-directory: true
2025-07-31T20:48:44.8946176Z ##[endgroup]
2025-07-31T20:48:45.0081414Z Syncing repository: ava-labs/subnet-evm
2025-07-31T20:48:45.0084942Z ##[group]Getting Git version info
2025-07-31T20:48:45.0087098Z Working directory is '/home/runner/work/subnet-evm/subnet-evm'
2025-07-31T20:48:45.0089961Z [command]/usr/bin/git version
2025-07-31T20:48:45.0142378Z git version 2.50.1
2025-07-31T20:48:45.0170533Z ##[endgroup]
2025-07-31T20:48:45.0186394Z Temporarily overriding HOME='/home/runner/work/_temp/9127182e-8e42-4bbe-8723-962cdc512520' before making global git config changes
2025-07-31T20:48:45.0188981Z Adding repository directory to the temporary git global config as a safe directory
2025-07-31T20:48:45.0192209Z [command]/usr/bin/git config --global --add safe.directory /home/runner/work/subnet-evm/subnet-evm
2025-07-31T20:48:45.0233079Z Deleting the contents of '/home/runner/work/subnet-evm/subnet-evm'
2025-07-31T20:48:45.0236820Z ##[group]Initializing the repository
2025-07-31T20:48:45.0241420Z [command]/usr/bin/git init /home/runner/work/subnet-evm/subnet-evm
2025-07-31T20:48:45.0311621Z hint: Using 'master' as the name for the initial branch. This default branch name
2025-07-31T20:48:45.0314767Z hint: is subject to change. To configure the initial branch name to use in all
2025-07-31T20:48:45.0317218Z hint: of your new repositories, which will suppress this warning, call:
2025-07-31T20:48:45.0318566Z hint:
2025-07-31T20:48:45.0319514Z hint: 	git config --global init.defaultBranch <name>
2025-07-31T20:48:45.0321163Z hint:
2025-07-31T20:48:45.0322527Z hint: Names commonly chosen instead of 'master' are 'main', 'trunk' and
2025-07-31T20:48:45.0324239Z hint: 'development'. The just-created branch can be renamed via this command:
2025-07-31T20:48:45.0325777Z hint:
2025-07-31T20:48:45.0326665Z hint: 	git branch -m <name>
2025-07-31T20:48:45.0327916Z hint:
2025-07-31T20:48:45.0329081Z hint: Disable this message with "git config set advice.defaultBranchName false"
2025-07-31T20:48:45.0331216Z Initialized empty Git repository in /home/runner/work/subnet-evm/subnet-evm/.git/
2025-07-31T20:48:45.0334288Z [command]/usr/bin/git remote add origin https://github.com/ava-labs/subnet-evm
2025-07-31T20:48:45.0364881Z ##[endgroup]
2025-07-31T20:48:45.0366304Z ##[group]Disabling automatic garbage collection
2025-07-31T20:48:45.0368285Z [command]/usr/bin/git config --local gc.auto 0
2025-07-31T20:48:45.0398844Z ##[endgroup]
2025-07-31T20:48:45.0400429Z ##[group]Setting up auth
2025-07-31T20:48:45.0405257Z [command]/usr/bin/git config --local --name-only --get-regexp core\.sshCommand
2025-07-31T20:48:45.0436813Z [command]/usr/bin/git submodule foreach --recursive sh -c "git config --local --name-only --get-regexp 'core\.sshCommand' && git config --local --unset-all 'core.sshCommand' || :"
2025-07-31T20:48:45.0740993Z [command]/usr/bin/git config --local --name-only --get-regexp http\.https\:\/\/github\.com\/\.extraheader
2025-07-31T20:48:45.0771211Z [command]/usr/bin/git submodule foreach --recursive sh -c "git config --local --name-only --get-regexp 'http\.https\:\/\/github\.com\/\.extraheader' && git config --local --unset-all 'http.https://github.com/.extraheader' || :"
2025-07-31T20:48:45.0995293Z [command]/usr/bin/git config --local http.https://github.com/.extraheader AUTHORIZATION: basic ***
2025-07-31T20:48:45.1033786Z ##[endgroup]
2025-07-31T20:48:45.1036454Z ##[group]Fetching the repository
2025-07-31T20:48:45.1046585Z [command]/usr/bin/git -c protocol.version=2 fetch --prune --no-recurse-submodules origin +refs/heads/*:refs/remotes/origin/* +refs/tags/*:refs/tags/* +458961795523cdde7218683f234d1bdfd7d9e2c6:refs/remotes/pull/1670/merge
2025-07-31T20:48:57.8242673Z From https://github.com/ava-labs/subnet-evm
2025-07-31T20:48:57.8244132Z  * [new branch]          0.7.2-avalanchego-v1.13.0-fuji-rc.2 -> origin/0.7.2-avalanchego-v1.13.0-fuji-rc.2
2025-07-31T20:48:57.8245337Z  * [new branch]          HelloWorldOfficialTutorial -> origin/HelloWorldOfficialTutorial
2025-07-31T20:48:57.8246447Z  * [new branch]          abi-fuzz-testing          -> origin/abi-fuzz-testing
2025-07-31T20:48:57.8249625Z  * [new branch]          abi-standardize           -> origin/abi-standardize
2025-07-31T20:48:57.8251369Z  * [new branch]          acceptor-queue            -> origin/acceptor-queue
2025-07-31T20:48:57.8252056Z  * [new branch]          acp-176                   -> origin/acp-176
2025-07-31T20:48:57.8253721Z  * [new branch]          acp-176-config            -> origin/acp-176-config
2025-07-31T20:48:57.8255880Z  * [new branch]          add-aggregator-unit-test  -> origin/add-aggregator-unit-test
2025-07-31T20:48:57.8257922Z  * [new branch]          add-cpu-profiling         -> origin/add-cpu-profiling
2025-07-31T20:48:57.8260760Z  * [new branch]          add-cross-chain-request-to-s-evm -> origin/add-cross-chain-request-to-s-evm
2025-07-31T20:48:57.8262728Z  * [new branch]          add-else                  -> origin/add-else
2025-07-31T20:48:57.8264679Z  * [new branch]          add-manager-role          -> origin/add-manager-role
2025-07-31T20:48:57.8266670Z  * [new branch]          add-max-cache-size        -> origin/add-max-cache-size
2025-07-31T20:48:57.8268968Z  * [new branch]          add-more-unit-tests-for-aggregator -> origin/add-more-unit-tests-for-aggregator
2025-07-31T20:48:57.8270805Z  * [new branch]          add-pong-request-to-s-evm -> origin/add-pong-request-to-s-evm
2025-07-31T20:48:57.8273346Z  * [new branch]          addTestScript             -> origin/addTestScript
2025-07-31T20:48:57.8275398Z  * [new branch]          ago-v1.7.17               -> origin/ago-v1.7.17
2025-07-31T20:48:57.8277334Z  * [new branch]          align-big2                -> origin/align-big2
2025-07-31T20:48:57.8279379Z  * [new branch]          align-block-request       -> origin/align-block-request
2025-07-31T20:48:57.8281940Z  * [new branch]          always-sign-uptime        -> origin/always-sign-uptime
2025-07-31T20:48:57.8284128Z  * [new branch]          always-sign-validator-uptimes -> origin/always-sign-validator-uptimes
2025-07-31T20:48:57.8286042Z  * [new branch]          anr-functionality-test    -> origin/anr-functionality-test
2025-07-31T20:48:57.8288025Z  * [new branch]          anusha-test-remote-sync   -> origin/anusha-test-remote-sync
2025-07-31T20:48:57.8290260Z  * [new branch]          anusha-test-remove-verify -> origin/anusha-test-remove-verify
2025-07-31T20:48:57.8292911Z  * [new branch]          arr4n/allowlist-refactor  -> origin/arr4n/allowlist-refactor
2025-07-31T20:48:57.8295066Z  * [new branch]          arr4n/circular-dep-types-precompiles -> origin/arr4n/circular-dep-types-precompiles
2025-07-31T20:48:57.8296983Z  * [new branch]          arr4n/geth-1.13.14        -> origin/arr4n/geth-1.13.14
2025-07-31T20:48:57.8299048Z  * [new branch]          arr4n/geth-1.13.14-squashed -> origin/arr4n/geth-1.13.14-squashed
2025-07-31T20:48:57.8301556Z  * [new branch]          arr4n/gethclone           -> origin/arr4n/gethclone
2025-07-31T20:48:57.8303362Z  * [new branch]          arr4n/gethclone-extension -> origin/arr4n/gethclone-extension
2025-07-31T20:48:57.8305596Z  * [new branch]          arr4n/gethclone-stateful-precompiles -> origin/arr4n/gethclone-stateful-precompiles
2025-07-31T20:48:57.8307237Z  * [new branch]          arr4n/move-precompile-interfaces -> origin/arr4n/move-precompile-interfaces
2025-07-31T20:48:57.8310080Z  * [new branch]          arr4n/precompile-go-tests -> origin/arr4n/precompile-go-tests
2025-07-31T20:48:57.8311867Z  * [new branch]          arr4n/solc-downloader     -> origin/arr4n/solc-downloader
2025-07-31T20:48:57.8313917Z  * [new branch]          ava-lru                   -> origin/ava-lru
2025-07-31T20:48:57.8316035Z  * [new branch]          avago-databaseconfig      -> origin/avago-databaseconfig
2025-07-31T20:48:57.8318033Z  * [new branch]          avagobump-for-relayer     -> origin/avagobump-for-relayer
2025-07-31T20:48:57.8320215Z  * [new branch]          avalanche-boundaries      -> origin/avalanche-boundaries
2025-07-31T20:48:57.8322183Z  * [new branch]          avalanchego-v1.9.2        -> origin/avalanchego-v1.9.2
2025-07-31T20:48:57.8324423Z  * [new branch]          awm-precompile-interface  -> origin/awm-precompile-interface
2025-07-31T20:48:57.8326453Z  * [new branch]          awm-precompile-interface-nits -> origin/awm-precompile-interface-nits
2025-07-31T20:48:57.8328340Z  * [new branch]          batch-inner               -> origin/batch-inner
2025-07-31T20:48:57.8330634Z  * [new branch]          bench-storage-trie        -> origin/bench-storage-trie
2025-07-31T20:48:57.8332677Z  * [new branch]          bench-study               -> origin/bench-study
2025-07-31T20:48:57.8334658Z  * [new branch]          break-cyclic              -> origin/break-cyclic
2025-07-31T20:48:57.8336684Z  * [new branch]          bump-ago                  -> origin/bump-ago
2025-07-31T20:48:57.8338697Z  * [new branch]          bump-anr-nits             -> origin/bump-anr-nits
2025-07-31T20:48:57.8340961Z  * [new branch]          bump-avago-master         -> origin/bump-avago-master
2025-07-31T20:48:57.8343181Z  * [new branch]          bump-avalanchego-c-chain-warp -> origin/bump-avalanchego-c-chain-warp
2025-07-31T20:48:57.8345389Z  * [new branch]          changes-to-requester      -> origin/changes-to-requester
2025-07-31T20:48:57.8347409Z  * [new branch]          check-code-scanning       -> origin/check-code-scanning
2025-07-31T20:48:57.8349526Z  * [new branch]          ci-enabled-fuzz           -> origin/ci-enabled-fuzz
2025-07-31T20:48:57.8352348Z  * [new branch]          cleanup-client            -> origin/cleanup-client
2025-07-31T20:48:57.8354349Z  * [new branch]          cleanup-jobs              -> origin/cleanup-jobs
2025-07-31T20:48:57.8356547Z  * [new branch]          cleanup-upgrades          -> origin/cleanup-upgrades
2025-07-31T20:48:57.8358908Z  * [new branch]          config-mainnet-warp-optimization -> origin/config-mainnet-warp-optimization
2025-07-31T20:48:57.8361117Z  * [new branch]          config-test-suites        -> origin/config-test-suites
2025-07-31T20:48:57.8363434Z  * [new branch]          configurable-suggestpriceoptions -> origin/configurable-suggestpriceoptions
2025-07-31T20:48:57.8365462Z  * [new branch]          containerize-vm-runtime   -> origin/containerize-vm-runtime
2025-07-31T20:48:57.8367585Z  * [new branch]          coreth-0.12.4-sync-x      -> origin/coreth-0.12.4-sync-x
2025-07-31T20:48:57.8370198Z  * [new branch]          coreth-diff               -> origin/coreth-diff
2025-07-31T20:48:57.8373061Z  * [new branch]          coreth-diff-script        -> origin/coreth-diff-script
2025-07-31T20:48:57.8375228Z  * [new branch]          coreth-merge              -> origin/coreth-merge
2025-07-31T20:48:57.8377774Z  * [new branch]          coreth-test-0             -> origin/coreth-test-0
2025-07-31T20:48:57.8380802Z  * [new branch]          custom-log-format         -> origin/custom-log-format
2025-07-31T20:48:57.8383955Z  * [new branch]          darioush/simplify-ci-monitoring -> origin/darioush/simplify-ci-monitoring
2025-07-31T20:48:57.8385650Z  * [new branch]          debian-update-to-debian12 -> origin/debian-update-to-debian12
2025-07-31T20:48:57.8387458Z  * [new branch]          debug-cache-rate          -> origin/debug-cache-rate
2025-07-31T20:48:57.8389967Z  * [new branch]          debug-fee-config-manager  -> origin/debug-fee-config-manager
2025-07-31T20:48:57.8392036Z  * [new branch]          decouple-precompiles      -> origin/decouple-precompiles
2025-07-31T20:48:57.8394613Z  * [new branch]          decouple-precompiles-0    -> origin/decouple-precompiles-0
2025-07-31T20:48:57.8396763Z  * [new branch]          default-rejournal         -> origin/default-rejournal
2025-07-31T20:48:57.8398499Z  * [new branch]          delete-redundant-tests    -> origin/delete-redundant-tests
2025-07-31T20:48:57.8400424Z  * [new branch]          deleteme                  -> origin/deleteme
2025-07-31T20:48:57.8404846Z  * [new branch]          dependabot/github_actions/docker/setup-buildx-action-3.11.1 -> origin/dependabot/github_actions/docker/setup-buildx-action-3.11.1
2025-07-31T20:48:57.8407428Z  * [new branch]          dependabot/github_actions/github/codeql-action-3.29.4 -> origin/dependabot/github_actions/github/codeql-action-3.29.4
2025-07-31T20:48:57.8411281Z  * [new branch]          dependabot/go_modules/github.com/antithesishq/antithesis-sdk-go-0.4.4 -> origin/dependabot/go_modules/github.com/antithesishq/antithesis-sdk-go-0.4.4
2025-07-31T20:48:57.8414446Z  * [new branch]          dependabot/go_modules/github.com/go-viper/mapstructure/v2-2.3.0 -> origin/dependabot/go_modules/github.com/go-viper/mapstructure/v2-2.3.0
2025-07-31T20:48:57.8416967Z  * [new branch]          dependabot/go_modules/github.com/gorilla/rpc-1.2.1 -> origin/dependabot/go_modules/github.com/gorilla/rpc-1.2.1
2025-07-31T20:48:57.8419999Z  * [new branch]          dependabot/go_modules/github.com/prometheus/client_model-0.6.2 -> origin/dependabot/go_modules/github.com/prometheus/client_model-0.6.2
2025-07-31T20:48:57.8422802Z  * [new branch]          dependabot/go_modules/google.golang.org/protobuf-1.36.6 -> origin/dependabot/go_modules/google.golang.org/protobuf-1.36.6
2025-07-31T20:48:57.8425709Z  * [new branch]          dependabot/npm_and_yarn/contracts/pbkdf2-3.1.3 -> origin/dependabot/npm_and_yarn/contracts/pbkdf2-3.1.3
2025-07-31T20:48:57.8427281Z  * [new branch]          dev-setup-testing         -> origin/dev-setup-testing
2025-07-31T20:48:57.8429255Z  * [new branch]          docker-tag                -> origin/docker-tag
2025-07-31T20:48:57.8432195Z  * [new branch]          docs/avalanche-ops        -> origin/docs/avalanche-ops
2025-07-31T20:48:57.8433943Z  * [new branch]          e2e                       -> origin/e2e
2025-07-31T20:48:57.8436013Z  * [new branch]          e2e-testing-s-evm         -> origin/e2e-testing-s-evm
2025-07-31T20:48:57.8438029Z  * [new branch]          e2e-to-tmpnet-x           -> origin/e2e-to-tmpnet-x
2025-07-31T20:48:57.8440031Z  * [new branch]          e2e-use-local-uri         -> origin/e2e-use-local-uri
2025-07-31T20:48:57.8442555Z  * [new branch]          e2e-verbose-logging       -> origin/e2e-verbose-logging
2025-07-31T20:48:57.8444235Z  * [new branch]          e2e-warp-to-tmpnet-x      -> origin/e2e-warp-to-tmpnet-x
2025-07-31T20:48:57.8446591Z  * [new branch]          eth-call-depth-metrics    -> origin/eth-call-depth-metrics
2025-07-31T20:48:57.8449191Z  * [new branch]          feature/ci-avago-commitish -> origin/feature/ci-avago-commitish
2025-07-31T20:48:57.8451479Z  * [new branch]          final-changes-ccr-send    -> origin/final-changes-ccr-send
2025-07-31T20:48:57.8453296Z  * [new branch]          fix-antithesis-image-build -> origin/fix-antithesis-image-build
2025-07-31T20:48:57.8455386Z  * [new branch]          fix-build-protobuf        -> origin/fix-build-protobuf
2025-07-31T20:48:57.8457475Z  * [new branch]          fix-contexts              -> origin/fix-contexts
2025-07-31T20:48:57.8459591Z  * [new branch]          fix-docker-binaries-2     -> origin/fix-docker-binaries-2
2025-07-31T20:48:57.8461888Z  * [new branch]          fix-docker-push           -> origin/fix-docker-push
2025-07-31T20:48:57.8464171Z  * [new branch]          fix-goreleaser            -> origin/fix-goreleaser
2025-07-31T20:48:57.8466251Z  * [new branch]          fix-goroutine-leak        -> origin/fix-goroutine-leak
2025-07-31T20:48:57.8468546Z  * [new branch]          fix-issuance              -> origin/fix-issuance
2025-07-31T20:48:57.8470463Z  * [new branch]          fix-load-test             -> origin/fix-load-test
2025-07-31T20:48:57.8472787Z  * [new branch]          fix-shutdown-hang         -> origin/fix-shutdown-hang
2025-07-31T20:48:57.8475056Z  * [new branch]          fix-size-checks           -> origin/fix-size-checks
2025-07-31T20:48:57.8477149Z  * [new branch]          fix-v1.13.0-fuji-rc.2     -> origin/fix-v1.13.0-fuji-rc.2
2025-07-31T20:48:57.8479407Z  * [new branch]          fix-verdb                 -> origin/fix-verdb
2025-07-31T20:48:57.8481835Z  * [new branch]          fix-warp-events           -> origin/fix-warp-events
2025-07-31T20:48:57.8483867Z  * [new branch]          fuji-warp                 -> origin/fuji-warp
2025-07-31T20:48:57.8485900Z  * [new branch]          geth-master               -> origin/geth-master
2025-07-31T20:48:57.8487984Z  * [new branch]          geth-v.13.2-x             -> origin/geth-v.13.2-x
2025-07-31T20:48:57.8490589Z  * [new branch]          geth-v1.12.2-x            -> origin/geth-v1.12.2-x
2025-07-31T20:48:57.8492816Z  * [new branch]          geth-v1.13.14-sq          -> origin/geth-v1.13.14-sq
2025-07-31T20:48:57.8494753Z  * [new branch]          geth-v1.13.14-sq-arr4n-sq -> origin/geth-v1.13.14-sq-arr4n-sq
2025-07-31T20:48:57.8496857Z  * [new branch]          geth-v1.13.2-squashed-diff -> origin/geth-v1.13.2-squashed-diff
2025-07-31T20:48:57.8498868Z  * [new branch]          geth-v1.14.7              -> origin/geth-v1.14.7
2025-07-31T20:48:57.8501096Z  * [new branch]          geth-v1.14.7-sq           -> origin/geth-v1.14.7-sq
2025-07-31T20:48:57.8503456Z  * [new branch]          geth-v1.14.7-sq-reset     -> origin/geth-v1.14.7-sq-reset
2025-07-31T20:48:57.8507316Z  * [new branch]          gh-readonly-queue/master/pr-1557-8b0ef322b993fea02a4341fe023b31424388ac17 -> origin/gh-readonly-queue/master/pr-1557-8b0ef322b993fea02a4341fe023b31424388ac17
2025-07-31T20:48:57.8508889Z  * [new branch]          go-ethereum-1.11.4        -> origin/go-ethereum-1.11.4
2025-07-31T20:48:57.8511362Z  * [new branch]          handshake-codec           -> origin/handshake-codec
2025-07-31T20:48:57.8513849Z  * [new branch]          handshake-codec-deterministic-json -> origin/handshake-codec-deterministic-json
2025-07-31T20:48:57.8516127Z  * [new branch]          hello-world-tutorial-walkthrough -> origin/hello-world-tutorial-walkthrough
2025-07-31T20:48:57.8518409Z  * [new branch]          helloworld-official-tutorial-v2 -> origin/helloworld-official-tutorial-v2
2025-07-31T20:48:57.8521230Z  * [new branch]          helloworld-official-tutorial-v2-generate-test -> origin/helloworld-official-tutorial-v2-generate-test
2025-07-31T20:48:57.8523189Z  * [new branch]          iface-dependency          -> origin/iface-dependency
2025-07-31T20:48:57.8525417Z  * [new branch]          improve-log-v0.5.3        -> origin/improve-log-v0.5.3
2025-07-31T20:48:57.8527718Z  * [new branch]          inspector                 -> origin/inspector
2025-07-31T20:48:57.8530392Z  * [new branch]          journal-clean             -> origin/journal-clean
2025-07-31T20:48:57.8532651Z  * [new branch]          libevm                    -> origin/libevm
2025-07-31T20:48:57.8535025Z  * [new branch]          libevm-sync-codeql        -> origin/libevm-sync-codeql
2025-07-31T20:48:57.8537225Z  * [new branch]          load-test-best-config     -> origin/load-test-best-config
2025-07-31T20:48:57.8539637Z  * [new branch]          loadtestN                 -> origin/loadtestN
2025-07-31T20:48:57.8542638Z  * [new branch]          macos-goreleaser          -> origin/macos-goreleaser
2025-07-31T20:48:57.8544947Z  * [new branch]          master                    -> origin/master
2025-07-31T20:48:57.8547330Z  * [new branch]          merge-coreth-master       -> origin/merge-coreth-master
2025-07-31T20:48:57.8549685Z  * [new branch]          merge-geth                -> origin/merge-geth
2025-07-31T20:48:57.8552460Z  * [new branch]          merge-master-libevm-387bbc1 -> origin/merge-master-libevm-387bbc1
2025-07-31T20:48:57.8554898Z  * [new branch]          merkledb-experiment-y     -> origin/merkledb-experiment-y
2025-07-31T20:48:57.8557045Z  * [new branch]          migrate-coreth-v0.8.16-rc2 -> origin/migrate-coreth-v0.8.16-rc2
2025-07-31T20:48:57.8559394Z  * [new branch]          migrate-hardhat-to-ds-test-backup -> origin/migrate-hardhat-to-ds-test-backup
2025-07-31T20:48:57.8562101Z  * [new branch]          move-gas-limit-simplify   -> origin/move-gas-limit-simplify
2025-07-31T20:48:57.8564380Z  * [new branch]          multicoin-idea            -> origin/multicoin-idea
2025-07-31T20:48:57.8566596Z  * [new branch]          new-block-context-err     -> origin/new-block-context-err
2025-07-31T20:48:57.8569391Z  * [new branch]          nits-arr4n/geth-1.13.14   -> origin/nits-arr4n/geth-1.13.14
2025-07-31T20:48:57.8572027Z  * [new branch]          no-improvements           -> origin/no-improvements
2025-07-31T20:48:57.8574535Z  * [new branch]          off-chain-warp-messages   -> origin/off-chain-warp-messages
2025-07-31T20:48:57.8576789Z  * [new branch]          offchain-message-logging  -> origin/offchain-message-logging
2025-07-31T20:48:57.8579151Z  * [new branch]          only-load-test-ginkgo     -> origin/only-load-test-ginkgo
2025-07-31T20:48:57.8581825Z  * [new branch]          overflows-revisited       -> origin/overflows-revisited
2025-07-31T20:48:57.8584111Z  * [new branch]          peer-tracker-test         -> origin/peer-tracker-test
2025-07-31T20:48:57.8586374Z  * [new branch]          pod-yaml                  -> origin/pod-yaml
2025-07-31T20:48:57.8588847Z  * [new branch]          precompile-hello-world    -> origin/precompile-hello-world
2025-07-31T20:48:57.8591454Z  * [new branch]          precompile-template-testing -> origin/precompile-template-testing
2025-07-31T20:48:57.8593678Z  * [new branch]          precompile-tutorial-only  -> origin/precompile-tutorial-only
2025-07-31T20:48:57.8595798Z  * [new branch]          pruning                   -> origin/pruning
2025-07-31T20:48:57.8598217Z  * [new branch]          readmesubnet              -> origin/readmesubnet
2025-07-31T20:48:57.8600803Z  * [new branch]          refactor-config           -> origin/refactor-config
2025-07-31T20:48:57.8604082Z  * [new branch]          refactor-e2e-tests-5-node-network-bash -> origin/refactor-e2e-tests-5-node-network-bash
2025-07-31T20:48:57.8606266Z  * [new branch]          refactored-warp-precompile -> origin/refactored-warp-precompile
2025-07-31T20:48:57.8608651Z  * [new branch]          release-v0.6.4-fix-pebble -> origin/release-v0.6.4-fix-pebble
2025-07-31T20:48:57.8611243Z  * [new branch]          remote-docs               -> origin/remote-docs
2025-07-31T20:48:57.8613560Z  * [new branch]          remove-codeowner          -> origin/remove-codeowner
2025-07-31T20:48:57.8616316Z  * [new branch]          remove-get-message        -> origin/remove-get-message
2025-07-31T20:48:57.8618603Z  * [new branch]          remove-status             -> origin/remove-status
2025-07-31T20:48:57.8621005Z  * [new branch]          remove-unused-mux         -> origin/remove-unused-mux
2025-07-31T20:48:57.8623230Z  * [new branch]          remove-vm-dead-code       -> origin/remove-vm-dead-code
2025-07-31T20:48:57.8625553Z  * [new branch]          reprocess-before-setpreference -> origin/reprocess-before-setpreference
2025-07-31T20:48:57.8627669Z  * [new branch]          reproduceable-ci          -> origin/reproduceable-ci
2025-07-31T20:48:57.8630033Z  * [new branch]          restore-genesis-verify    -> origin/restore-genesis-verify
2025-07-31T20:48:57.8632389Z  * [new branch]          return-bytes              -> origin/return-bytes
2025-07-31T20:48:57.8634661Z  * [new branch]          run-linter                -> origin/run-linter
2025-07-31T20:48:57.8637077Z  * [new branch]          safe-balance-ops          -> origin/safe-balance-ops
2025-07-31T20:48:57.8639255Z  * [new branch]          sanity                    -> origin/sanity
2025-07-31T20:48:57.8642395Z  * [new branch]          send-multiple-gossip-txs  -> origin/send-multiple-gossip-txs
2025-07-31T20:48:57.8644436Z  * [new branch]          separate-precompiles      -> origin/separate-precompiles
2025-07-31T20:48:57.8646815Z  * [new branch]          separate-upgradeconfig    -> origin/separate-upgradeconfig
2025-07-31T20:48:57.8649050Z  * [new branch]          serialize-upgrade-config  -> origin/serialize-upgrade-config
2025-07-31T20:48:57.8651567Z  * [new branch]          setup-framework-for-ds-test -> origin/setup-framework-for-ds-test
2025-07-31T20:48:57.8653751Z  * [new branch]          shared-memory-precompile  -> origin/shared-memory-precompile
2025-07-31T20:48:57.8656103Z  * [new branch]          shared-memory-precompiles-regen0 -> origin/shared-memory-precompiles-regen0
2025-07-31T20:48:57.8658318Z  * [new branch]          simulator-2               -> origin/simulator-2
2025-07-31T20:48:57.8660879Z  * [new branch]          single-node-e2e-w         -> origin/single-node-e2e-w
2025-07-31T20:48:57.8663217Z  * [new branch]          single-predicate-verify-test -> origin/single-predicate-verify-test
2025-07-31T20:48:57.8665415Z  * [new branch]          specify-default-hashdb    -> origin/specify-default-hashdb
2025-07-31T20:48:57.8667592Z  * [new branch]          split-extra-data          -> origin/split-extra-data
2025-07-31T20:48:57.8670170Z  * [new branch]          start-release-cycle       -> origin/start-release-cycle
2025-07-31T20:48:57.8672533Z  * [new branch]          statesync-e2e             -> origin/statesync-e2e
2025-07-31T20:48:57.8674774Z  * [new branch]          subnet-evm-002            -> origin/subnet-evm-002
2025-07-31T20:48:57.8677046Z  * [new branch]          subnet-evm-002-wagmi      -> origin/subnet-evm-002-wagmi
2025-07-31T20:48:57.8679254Z  * [new branch]          subnet-evm-pod            -> origin/subnet-evm-pod
2025-07-31T20:48:57.8681829Z  * [new branch]          subnet-evm-rename-coreth  -> origin/subnet-evm-rename-coreth
2025-07-31T20:48:57.8684337Z  * [new branch]          sync-coreth-pr-987-add-granite-configs -> origin/sync-coreth-pr-987-add-granite-configs
2025-07-31T20:48:57.8686440Z  * [new branch]          sync-coreth-v0.12.4-rc0-xx -> origin/sync-coreth-v0.12.4-rc0-xx
2025-07-31T20:48:57.8688823Z  * [new branch]          sync-pr-1053-remove-custom-statedb -> origin/sync-pr-1053-remove-custom-statedb
2025-07-31T20:48:57.8691019Z  * [new branch]          teleporter-demo           -> origin/teleporter-demo
2025-07-31T20:48:57.8693602Z  * [new branch]          teleporter-demo-mod-sig-response -> origin/teleporter-demo-mod-sig-response
2025-07-31T20:48:57.8695553Z  * [new branch]          test-ago                  -> origin/test-ago
2025-07-31T20:48:57.8697949Z  * [new branch]          test-avago-updates        -> origin/test-avago-updates
2025-07-31T20:48:57.8700453Z  * [new branch]          test-branch-ci            -> origin/test-branch-ci
2025-07-31T20:48:57.8702794Z  * [new branch]          test-dockerfile           -> origin/test-dockerfile
2025-07-31T20:48:57.8705322Z  * [new branch]          test-hello-world-precompile-example -> origin/test-hello-world-precompile-example
2025-07-31T20:48:57.8707356Z  * [new branch]          test-libevm               -> origin/test-libevm
2025-07-31T20:48:57.8709724Z  * [new branch]          test_workers              -> origin/test_workers
2025-07-31T20:48:57.8712717Z  * [new branch]          testing-image-build-for-unmerged-commit-test -> origin/testing-image-build-for-unmerged-commit-test
2025-07-31T20:48:57.8717942Z  * [new branch]          tmp-master                -> origin/tmp-master
2025-07-31T20:48:57.8720501Z  * [new branch]          tmpnet-disjoint-validator-sets -> origin/tmpnet-disjoint-validator-sets
2025-07-31T20:48:57.8722637Z  * [new branch]          tps-fix                   -> origin/tps-fix
2025-07-31T20:48:57.8725026Z  * [new branch]          trie-prefetcher-alt       -> origin/trie-prefetcher-alt
2025-07-31T20:48:57.8727329Z  * [new branch]          trie-prefetcher-alt1      -> origin/trie-prefetcher-alt1
2025-07-31T20:48:57.8730101Z  * [new branch]          truncate-call-log         -> origin/truncate-call-log
2025-07-31T20:48:57.8732306Z  * [new branch]          tx-count-metrics          -> origin/tx-count-metrics
2025-07-31T20:48:57.8734608Z  * [new branch]          txpool-mutex              -> origin/txpool-mutex
2025-07-31T20:48:57.8736951Z  * [new branch]          typed-revert-error        -> origin/typed-revert-error
2025-07-31T20:48:57.8739232Z  * [new branch]          update-12.0-fuji          -> origin/update-12.0-fuji
2025-07-31T20:48:57.8741918Z  * [new branch]          update-avago-teleporter   -> origin/update-avago-teleporter
2025-07-31T20:48:57.8744155Z  * [new branch]          update-avalanchego        -> origin/update-avalanchego
2025-07-31T20:48:57.8746442Z  * [new branch]          update-subnet-evm         -> origin/update-subnet-evm
2025-07-31T20:48:57.8748675Z  * [new branch]          uptime-tracking-wip       -> origin/uptime-tracking-wip
2025-07-31T20:48:57.8751104Z  * [new branch]          use-libevm-params         -> origin/use-libevm-params
2025-07-31T20:48:57.8753417Z  * [new branch]          use-libevm-statedb        -> origin/use-libevm-statedb
2025-07-31T20:48:57.8755689Z  * [new branch]          v0.6.1-fix-client         -> origin/v0.6.1-fix-client
2025-07-31T20:48:57.8757983Z  * [new branch]          v1.7.17-rc.8              -> origin/v1.7.17-rc.8
2025-07-31T20:48:57.8760348Z  * [new branch]          validator-manager         -> origin/validator-manager
2025-07-31T20:48:57.8762916Z  * [new branch]          validator-metastate       -> origin/validator-metastate
2025-07-31T20:48:57.8765318Z  * [new branch]          verify-no-blobs           -> origin/verify-no-blobs
2025-07-31T20:48:57.8767652Z  * [new branch]          version-v0.6.0-fuji       -> origin/version-v0.6.0-fuji
2025-07-31T20:48:57.8770119Z  * [new branch]          vmerrs-putback            -> origin/vmerrs-putback
2025-07-31T20:48:57.8772558Z  * [new branch]          wagmi-upgrade-json        -> origin/wagmi-upgrade-json
2025-07-31T20:48:57.8774856Z  * [new branch]          warp-contract-feature     -> origin/warp-contract-feature
2025-07-31T20:48:57.8777094Z  * [new branch]          warp-contract-l           -> origin/warp-contract-l
2025-07-31T20:48:57.8779481Z  * [new branch]          warp-contract-l-repro     -> origin/warp-contract-l-repro
2025-07-31T20:48:57.8782054Z  * [new branch]          warp-contract-testing     -> origin/warp-contract-testing
2025-07-31T20:48:57.8784274Z  * [new branch]          warp-e2e                  -> origin/warp-e2e
2025-07-31T20:48:57.8786571Z  * [new branch]          warp-load-e2e             -> origin/warp-load-e2e
2025-07-31T20:48:57.8789238Z  * [new branch]          warp-load-e2e-bls-genesis-validators -> origin/warp-load-e2e-bls-genesis-validators
2025-07-31T20:48:57.8791553Z  * [new branch]          warp-load-test            -> origin/warp-load-test
2025-07-31T20:48:57.8793741Z  * [new branch]          warp-load-testing         -> origin/warp-load-testing
2025-07-31T20:48:57.8796039Z  * [new branch]          warp-network-run          -> origin/warp-network-run
2025-07-31T20:48:57.8798332Z  * [new branch]          warp-precompile           -> origin/warp-precompile
2025-07-31T20:48:57.8801034Z  * [new branch]          warp-precompile-on-accept -> origin/warp-precompile-on-accept
2025-07-31T20:48:57.8803476Z  * [new branch]          warp-requirePrimaryNetworkSignersAlt -> origin/warp-requirePrimaryNetworkSignersAlt
2025-07-31T20:48:57.8805577Z  * [new branch]          wip-script-ideas          -> origin/wip-script-ideas
2025-07-31T20:48:57.8807932Z  * [new branch]          worker-err-test           -> origin/worker-err-test
2025-07-31T20:48:57.8809177Z  * [new tag]             v0.0.0-apm-alpha          -> v0.0.0-apm-alpha
2025-07-31T20:48:57.8810731Z  * [new tag]             v0.0.1                    -> v0.0.1
2025-07-31T20:48:57.8812247Z  * [new tag]             v0.0.2                    -> v0.0.2
2025-07-31T20:48:57.8813294Z  * [new tag]             v0.1.0                    -> v0.1.0
2025-07-31T20:48:57.8814962Z  * [new tag]             v0.1.1                    -> v0.1.1
2025-07-31T20:48:57.8816489Z  * [new tag]             v0.1.2                    -> v0.1.2
2025-07-31T20:48:57.8817768Z  * [new tag]             v0.1.2-rc.0               -> v0.1.2-rc.0
2025-07-31T20:48:57.8819724Z  * [new tag]             v0.2.0                    -> v0.2.0
2025-07-31T20:48:57.8821196Z  * [new tag]             v0.2.1                    -> v0.2.1
2025-07-31T20:48:57.8822834Z  * [new tag]             v0.2.1-rc.0               -> v0.2.1-rc.0
2025-07-31T20:48:57.8824104Z  * [new tag]             v0.2.2                    -> v0.2.2
2025-07-31T20:48:57.8825682Z  * [new tag]             v0.2.3                    -> v0.2.3
2025-07-31T20:48:57.8826944Z  * [new tag]             v0.2.4                    -> v0.2.4
2025-07-31T20:48:57.8828525Z  * [new tag]             v0.2.5                    -> v0.2.5
2025-07-31T20:48:57.8829963Z  * [new tag]             v0.2.6                    -> v0.2.6
2025-07-31T20:48:57.8831567Z  * [new tag]             v0.2.7                    -> v0.2.7
2025-07-31T20:48:57.8832877Z  * [new tag]             v0.2.8                    -> v0.2.8
2025-07-31T20:48:57.8834390Z  * [new tag]             v0.2.9                    -> v0.2.9
2025-07-31T20:48:57.8835673Z  * [new tag]             v0.3.0                    -> v0.3.0
2025-07-31T20:48:57.8837286Z  * [new tag]             v0.3.0-rc.0               -> v0.3.0-rc.0
2025-07-31T20:48:57.8838550Z  * [new tag]             v0.4.0                    -> v0.4.0
2025-07-31T20:48:57.8840446Z  * [new tag]             v0.4.1                    -> v0.4.1
2025-07-31T20:48:57.8841781Z  * [new tag]             v0.4.1-rc.0               -> v0.4.1-rc.0
2025-07-31T20:48:57.8843370Z  * [new tag]             v0.4.1-rc.1               -> v0.4.1-rc.1
2025-07-31T20:48:57.8844590Z  * [new tag]             v0.4.1-rc.2               -> v0.4.1-rc.2
2025-07-31T20:48:57.8846273Z  * [new tag]             v0.4.1-rc.3               -> v0.4.1-rc.3
2025-07-31T20:48:57.8847346Z  * [new tag]             v0.4.1-rc.4               -> v0.4.1-rc.4
2025-07-31T20:48:57.8848679Z  * [new tag]             v0.4.1-rc.5               -> v0.4.1-rc.5
2025-07-31T20:48:57.8850373Z  * [new tag]             v0.4.10                   -> v0.4.10
2025-07-31T20:48:57.8852211Z  * [new tag]             v0.4.11                   -> v0.4.11
2025-07-31T20:48:57.8853310Z  * [new tag]             v0.4.11-rc.0              -> v0.4.11-rc.0
2025-07-31T20:48:57.8854819Z  * [new tag]             v0.4.12                   -> v0.4.12
2025-07-31T20:48:57.8856206Z  * [new tag]             v0.4.12-rc.0              -> v0.4.12-rc.0
2025-07-31T20:48:57.8857719Z  * [new tag]             v0.4.12-rc.1              -> v0.4.12-rc.1
2025-07-31T20:48:57.8859021Z  * [new tag]             v0.4.2                    -> v0.4.2
2025-07-31T20:48:57.8860939Z  * [new tag]             v0.4.2-rc.0               -> v0.4.2-rc.0
2025-07-31T20:48:57.8862138Z  * [new tag]             v0.4.2-rc.1               -> v0.4.2-rc.1
2025-07-31T20:48:57.8863747Z  * [new tag]             v0.4.2-rc.2               -> v0.4.2-rc.2
2025-07-31T20:48:57.8865098Z  * [new tag]             v0.4.2-rc.3               -> v0.4.2-rc.3
2025-07-31T20:48:57.8866478Z  * [new tag]             v0.4.2-rc.4               -> v0.4.2-rc.4
2025-07-31T20:48:57.8868003Z  * [new tag]             v0.4.2-rc.5               -> v0.4.2-rc.5
2025-07-31T20:48:57.8869445Z  * [new tag]             v0.4.2-rc.6               -> v0.4.2-rc.6
2025-07-31T20:48:57.8870909Z  * [new tag]             v0.4.2-rc.7               -> v0.4.2-rc.7
2025-07-31T20:48:57.8872144Z  * [new tag]             v0.4.2-rc.8               -> v0.4.2-rc.8
2025-07-31T20:48:57.8873388Z  * [new tag]             v0.4.2-rc.9               -> v0.4.2-rc.9
2025-07-31T20:48:57.8875088Z  * [new tag]             v0.4.3                    -> v0.4.3
2025-07-31T20:48:57.8876360Z  * [new tag]             v0.4.4                    -> v0.4.4
2025-07-31T20:48:57.8877635Z  * [new tag]             v0.4.4-rc.0               -> v0.4.4-rc.0
2025-07-31T20:48:57.8879717Z  * [new tag]             v0.4.5                    -> v0.4.5
2025-07-31T20:48:57.8881490Z  * [new tag]             v0.4.5-rc.0               -> v0.4.5-rc.0
2025-07-31T20:48:57.8882751Z  * [new tag]             v0.4.5-rc.1               -> v0.4.5-rc.1
2025-07-31T20:48:57.8884320Z  * [new tag]             v0.4.6                    -> v0.4.6
2025-07-31T20:48:57.8885682Z  * [new tag]             v0.4.6-rc.0               -> v0.4.6-rc.0
2025-07-31T20:48:57.8886922Z  * [new tag]             v0.4.6-rc.1               -> v0.4.6-rc.1
2025-07-31T20:48:57.8888527Z  * [new tag]             v0.4.7                    -> v0.4.7
2025-07-31T20:48:57.8889748Z  * [new tag]             v0.4.7-rc.0               -> v0.4.7-rc.0
2025-07-31T20:48:57.8891785Z  * [new tag]             v0.4.8                    -> v0.4.8
2025-07-31T20:48:57.8893003Z  * [new tag]             v0.4.8-rc.0               -> v0.4.8-rc.0
2025-07-31T20:48:57.8894401Z  * [new tag]             v0.4.9                    -> v0.4.9
2025-07-31T20:48:57.8896032Z  * [new tag]             v0.4.9-rc.0               -> v0.4.9-rc.0
2025-07-31T20:48:57.8897439Z  * [new tag]             v0.4.9-rc.1               -> v0.4.9-rc.1
2025-07-31T20:48:57.8898970Z  * [new tag]             v0.4.9-rc.2               -> v0.4.9-rc.2
2025-07-31T20:48:57.8900520Z  * [new tag]             v0.5.0                    -> v0.5.0
2025-07-31T20:48:57.8902324Z  * [new tag]             v0.5.0-fuji               -> v0.5.0-fuji
2025-07-31T20:48:57.8903747Z  * [new tag]             v0.5.0-fuji-1             -> v0.5.0-fuji-1
2025-07-31T20:48:57.8905102Z  * [new tag]             v0.5.0-fuji-rc.0          -> v0.5.0-fuji-rc.0
2025-07-31T20:48:57.8906713Z  * [new tag]             v0.5.1                    -> v0.5.1
2025-07-31T20:48:57.8908039Z  * [new tag]             v0.5.1-warp-rc.0          -> v0.5.1-warp-rc.0
2025-07-31T20:48:57.8909647Z  * [new tag]             v0.5.10                   -> v0.5.10
2025-07-31T20:48:57.8911341Z  * [new tag]             v0.5.10-rc.0              -> v0.5.10-rc.0
2025-07-31T20:48:57.8912686Z  * [new tag]             v0.5.11                   -> v0.5.11
2025-07-31T20:48:57.8914492Z  * [new tag]             v0.5.11-rc.0              -> v0.5.11-rc.0
2025-07-31T20:48:57.8915574Z  * [new tag]             v0.5.11-rc.1              -> v0.5.11-rc.1
2025-07-31T20:48:57.8917161Z  * [new tag]             v0.5.2                    -> v0.5.2
2025-07-31T20:48:57.8918469Z  * [new tag]             v0.5.2-call-depth-metrics -> v0.5.2-call-depth-metrics
2025-07-31T20:48:57.8920535Z  * [new tag]             v0.5.2-rc.0               -> v0.5.2-rc.0
2025-07-31T20:48:57.8921719Z  * [new tag]             v0.5.2-warp-rc.0          -> v0.5.2-warp-rc.0
2025-07-31T20:48:57.8923327Z  * [new tag]             v0.5.3                    -> v0.5.3
2025-07-31T20:48:57.8924790Z  * [new tag]             v0.5.3-coreth-sync-rc     -> v0.5.3-coreth-sync-rc
2025-07-31T20:48:57.8926154Z  * [new tag]             v0.5.4                    -> v0.5.4
2025-07-31T20:48:57.8927863Z  * [new tag]             v0.5.4-rc.0               -> v0.5.4-rc.0
2025-07-31T20:48:57.8929201Z  * [new tag]             v0.5.4-rc.1               -> v0.5.4-rc.1
2025-07-31T20:48:57.8931553Z  * [new tag]             v0.5.4-rc.2               -> v0.5.4-rc.2
2025-07-31T20:48:57.8932765Z  * [new tag]             v0.5.5                    -> v0.5.5
2025-07-31T20:48:57.8934486Z  * [new tag]             v0.5.6                    -> v0.5.6
2025-07-31T20:48:57.8935763Z  * [new tag]             v0.5.6-fuji-warp          -> v0.5.6-fuji-warp
2025-07-31T20:48:57.8937676Z  * [new tag]             v0.5.7                    -> v0.5.7
2025-07-31T20:48:57.8940087Z  * [new tag]             v0.5.7-rc.0               -> v0.5.7-rc.0
2025-07-31T20:48:57.8941258Z  * [new tag]             v0.5.8                    -> v0.5.8
2025-07-31T20:48:57.8943056Z  * [new tag]             v0.5.8-rc.0               -> v0.5.8-rc.0
2025-07-31T20:48:57.8945187Z  * [new tag]             v0.5.8-rc.1               -> v0.5.8-rc.1
2025-07-31T20:48:57.8946175Z  * [new tag]             v0.5.8-rc.2               -> v0.5.8-rc.2
2025-07-31T20:48:57.8948383Z  * [new tag]             v0.5.9                    -> v0.5.9
2025-07-31T20:48:57.8949950Z  * [new tag]             v0.5.9-rc.0               -> v0.5.9-rc.0
2025-07-31T20:48:57.8951838Z  * [new tag]             v0.5.9-rc.1               -> v0.5.9-rc.1
2025-07-31T20:48:57.8953222Z  * [new tag]             v0.5.9-rc.2               -> v0.5.9-rc.2
2025-07-31T20:48:57.8955229Z  * [new tag]             v0.6.0                    -> v0.6.0
2025-07-31T20:48:57.8956545Z  * [new tag]             v0.6.0-fuji               -> v0.6.0-fuji
2025-07-31T20:48:57.8958424Z  * [new tag]             v0.6.1                    -> v0.6.1
2025-07-31T20:48:57.8960332Z  * [new tag]             v0.6.10                   -> v0.6.10
2025-07-31T20:48:57.8962218Z  * [new tag]             v0.6.10-rc.0              -> v0.6.10-rc.0
2025-07-31T20:48:57.8963861Z  * [new tag]             v0.6.11                   -> v0.6.11
2025-07-31T20:48:57.8965205Z  * [new tag]             v0.6.11-rc.0              -> v0.6.11-rc.0
2025-07-31T20:48:57.8966955Z  * [new tag]             v0.6.12                   -> v0.6.12
2025-07-31T20:48:57.8968264Z  * [new tag]             v0.6.12-fuji-example      -> v0.6.12-fuji-example
2025-07-31T20:48:57.8970285Z  * [new tag]             v0.6.12-rc.0              -> v0.6.12-rc.0
2025-07-31T20:48:57.8972043Z  * [new tag]             v0.6.12-rc.1              -> v0.6.12-rc.1
2025-07-31T20:48:57.8974232Z  * [new tag]             v0.6.2                    -> v0.6.2
2025-07-31T20:48:57.8975334Z  * [new tag]             v0.6.3                    -> v0.6.3
2025-07-31T20:48:57.8977326Z  * [new tag]             v0.6.3-rc.0               -> v0.6.3-rc.0
2025-07-31T20:48:57.8978757Z  * [new tag]             v0.6.4                    -> v0.6.4
2025-07-31T20:48:57.8981116Z  * [new tag]             v0.6.4-rc.0               -> v0.6.4-rc.0
2025-07-31T20:48:57.8982994Z  * [new tag]             v0.6.4-rc.1               -> v0.6.4-rc.1
2025-07-31T20:48:57.8984258Z  * [new tag]             v0.6.4-rc.2               -> v0.6.4-rc.2
2025-07-31T20:48:57.8986120Z  * [new tag]             v0.6.5                    -> v0.6.5
2025-07-31T20:48:57.8987694Z  * [new tag]             v0.6.5-geth-1.13.8        -> v0.6.5-geth-1.13.8
2025-07-31T20:48:57.8988992Z  * [new tag]             v0.6.5-rc.0               -> v0.6.5-rc.0
2025-07-31T20:48:57.8990897Z  * [new tag]             v0.6.5-rc.1               -> v0.6.5-rc.1
2025-07-31T20:48:57.8992748Z  * [new tag]             v0.6.6                    -> v0.6.6
2025-07-31T20:48:57.8994411Z  * [new tag]             v0.6.6-rc.0               -> v0.6.6-rc.0
2025-07-31T20:48:57.8996036Z  * [new tag]             v0.6.7                    -> v0.6.7
2025-07-31T20:48:57.8997836Z  * [new tag]             v0.6.7-rc.0               -> v0.6.7-rc.0
2025-07-31T20:48:57.8999431Z  * [new tag]             v0.6.8                    -> v0.6.8
2025-07-31T20:48:57.9001369Z  * [new tag]             v0.6.8-acp-118-handlers   -> v0.6.8-acp-118-handlers
2025-07-31T20:48:57.9003052Z  * [new tag]             v0.6.8-geth-v1.13.14      -> v0.6.8-geth-v1.13.14
2025-07-31T20:48:57.9032945Z  * [new tag]             v0.6.8-rc.0               -> v0.6.8-rc.0
2025-07-31T20:48:57.9033691Z  * [new tag]             v0.6.8-rc.1               -> v0.6.8-rc.1
2025-07-31T20:48:57.9035701Z  * [new tag]             v0.6.8-rc.2               -> v0.6.8-rc.2
2025-07-31T20:48:57.9036287Z  * [new tag]             v0.6.8-rc.3               -> v0.6.8-rc.3
2025-07-31T20:48:57.9036908Z  * [new tag]             v0.6.8-status-removal     -> v0.6.8-status-removal
2025-07-31T20:48:57.9037533Z  * [new tag]             v0.6.9                    -> v0.6.9
2025-07-31T20:48:57.9038129Z  * [new tag]             v0.6.9-rc.0               -> v0.6.9-rc.0
2025-07-31T20:48:57.9038745Z  * [new tag]             v0.7.0                    -> v0.7.0
2025-07-31T20:48:57.9039344Z  * [new tag]             v0.7.0-rc.0               -> v0.7.0-rc.0
2025-07-31T20:48:57.9040154Z  * [new tag]             v0.7.1                    -> v0.7.1
2025-07-31T20:48:57.9040743Z  * [new tag]             v0.7.1-rc.0               -> v0.7.1-rc.0
2025-07-31T20:48:57.9041617Z  * [new tag]             v0.7.1-rc.1               -> v0.7.1-rc.1
2025-07-31T20:48:57.9042378Z  * [new tag]             v0.7.1-rc.2               -> v0.7.1-rc.2
2025-07-31T20:48:57.9042976Z  * [new tag]             v0.7.2                    -> v0.7.2
2025-07-31T20:48:57.9043545Z  * [new tag]             v0.7.2-fuji               -> v0.7.2-fuji
2025-07-31T20:48:57.9044125Z  * [new tag]             v0.7.2-rc.0               -> v0.7.2-rc.0
2025-07-31T20:48:57.9044695Z  * [new tag]             v0.7.3                    -> v0.7.3
2025-07-31T20:48:57.9045277Z  * [new tag]             v0.7.3-rc.0               -> v0.7.3-rc.0
2025-07-31T20:48:57.9045843Z  * [new tag]             v0.7.4                    -> v0.7.4
2025-07-31T20:48:57.9046401Z  * [new tag]             v0.7.4-rc.0               -> v0.7.4-rc.0
2025-07-31T20:48:57.9047040Z  * [new tag]             v0.7.5                    -> v0.7.5
2025-07-31T20:48:57.9047553Z  * [new tag]             v0.7.5-rc.0               -> v0.7.5-rc.0
2025-07-31T20:48:57.9048168Z  * [new tag]             v0.7.6                    -> v0.7.6
2025-07-31T20:48:57.9048717Z  * [new tag]             v0.7.7                    -> v0.7.7
2025-07-31T20:48:57.9049214Z  * [new tag]             v0.7.7-rc.0               -> v0.7.7-rc.0
2025-07-31T20:48:57.9050242Z  * [new ref]             458961795523cdde7218683f234d1bdfd7d9e2c6 -> pull/1670/merge
2025-07-31T20:48:57.9125593Z ##[endgroup]
2025-07-31T20:48:57.9126363Z ##[group]Determining the checkout info
2025-07-31T20:48:57.9127220Z ##[endgroup]
2025-07-31T20:48:57.9133886Z [command]/usr/bin/git sparse-checkout disable
2025-07-31T20:48:57.9180080Z [command]/usr/bin/git config --local --unset-all extensions.worktreeConfig
2025-07-31T20:48:57.9208386Z ##[group]Checking out the ref
2025-07-31T20:48:57.9213207Z [command]/usr/bin/git checkout --progress --force refs/remotes/pull/1670/merge
2025-07-31T20:48:58.0042895Z Note: switching to 'refs/remotes/pull/1670/merge'.
2025-07-31T20:48:58.0043420Z 
2025-07-31T20:48:58.0043769Z You are in 'detached HEAD' state. You can look around, make experimental
2025-07-31T20:48:58.0044510Z changes and commit them, and you can discard any commits you make in this
2025-07-31T20:48:58.0045174Z state without impacting any branches by switching back to a branch.
2025-07-31T20:48:58.0045524Z 
2025-07-31T20:48:58.0045770Z If you want to create a new branch to retain commits you create, you may
2025-07-31T20:48:58.0046330Z do so (now or later) by using -c with the switch command. Example:
2025-07-31T20:48:58.0046641Z 
2025-07-31T20:48:58.0046774Z   git switch -c <new-branch-name>
2025-07-31T20:48:58.0046994Z 
2025-07-31T20:48:58.0047121Z Or undo this operation with:
2025-07-31T20:48:58.0047327Z 
2025-07-31T20:48:58.0047434Z   git switch -
2025-07-31T20:48:58.0047582Z 
2025-07-31T20:48:58.0047867Z Turn off this advice by setting config variable advice.detachedHead to false
2025-07-31T20:48:58.0048246Z 
2025-07-31T20:48:58.0048730Z HEAD is now at 458961795 Merge 621baa1f6abfd4cdb6de9f7d90086977ca126195 into cac7421f86c7d9b283181c568fbc6dc80abb74bc
2025-07-31T20:48:58.0059583Z ##[endgroup]
2025-07-31T20:48:58.0102967Z [command]/usr/bin/git log -1 --format=%H
2025-07-31T20:48:58.0127741Z 458961795523cdde7218683f234d1bdfd7d9e2c6
2025-07-31T20:48:58.0342071Z ##[group]Run actions/setup-go@v5
2025-07-31T20:48:58.0342371Z with:
2025-07-31T20:48:58.0342568Z   go-version-file: go.mod
2025-07-31T20:48:58.0342796Z   check-latest: false
2025-07-31T20:48:58.0343200Z   token: ***
2025-07-31T20:48:58.0343392Z   cache: true
2025-07-31T20:48:58.0343579Z ##[endgroup]
2025-07-31T20:48:58.1995592Z Setup go version spec 1.23.9
2025-07-31T20:48:58.2005680Z Attempting to download 1.23.9...
2025-07-31T20:48:58.4708789Z matching 1.23.9...
2025-07-31T20:48:58.4751775Z Acquiring 1.23.9 from https://github.com/actions/go-versions/releases/download/1.23.9-14875265214/go-1.23.9-linux-x64.tar.gz
2025-07-31T20:48:58.9845871Z Extracting Go...
2025-07-31T20:48:58.9963138Z [command]/usr/bin/tar xz --warning=no-unknown-keyword --overwrite -C /home/runner/work/_temp/f21619c3-4d2c-4bc5-954b-359f6254a194 -f /home/runner/work/_temp/8fa3315b-e0ad-482d-bd4d-3c3939f77e5c
2025-07-31T20:49:00.6473561Z Successfully extracted go to /home/runner/work/_temp/f21619c3-4d2c-4bc5-954b-359f6254a194
2025-07-31T20:49:00.6474213Z Adding to the cache ...
2025-07-31T20:49:05.1754148Z Successfully cached go to /opt/hostedtoolcache/go/1.23.9/x64
2025-07-31T20:49:05.1756752Z Added go to the path
2025-07-31T20:49:05.1758826Z Successfully set up Go version 1.23.9
2025-07-31T20:49:05.1973527Z [command]/opt/hostedtoolcache/go/1.23.9/x64/bin/go env GOMODCACHE
2025-07-31T20:49:05.2009411Z [command]/opt/hostedtoolcache/go/1.23.9/x64/bin/go env GOCACHE
2025-07-31T20:49:05.2045465Z /home/runner/go/pkg/mod
2025-07-31T20:49:05.2058618Z /home/runner/.cache/go-build
2025-07-31T20:49:05.2554149Z Cache hit for: setup-go-Linux-x64-ubuntu24-go-1.23.9-0b3e90913b97e03ae3703c92249b7dba10f2132eed5fabcf4cb0b538b1b5d6c0
2025-07-31T20:49:06.3094927Z Received 251658240 of 498708242 (50.5%), 240.0 MBs/sec
2025-07-31T20:49:07.3020437Z Received 498708242 of 498708242 (100.0%), 238.8 MBs/sec
2025-07-31T20:49:07.3021534Z Cache Size: ~476 MB (498708242 B)
2025-07-31T20:49:07.3144892Z [command]/usr/bin/tar -xf /home/runner/work/_temp/1aa55ba8-23a5-4a99-993c-0e23a2ffe100/cache.tzst -P -C /home/runner/work/subnet-evm/subnet-evm --use-compress-program unzstd
2025-07-31T20:49:11.7402641Z Cache restored successfully
2025-07-31T20:49:11.9063176Z Cache restored from key: setup-go-Linux-x64-ubuntu24-go-1.23.9-0b3e90913b97e03ae3703c92249b7dba10f2132eed5fabcf4cb0b538b1b5d6c0
2025-07-31T20:49:11.9089429Z go version go1.23.9 linux/amd64
2025-07-31T20:49:11.9089738Z 
2025-07-31T20:49:11.9090376Z ##[group]go env
2025-07-31T20:49:11.9563709Z GO111MODULE=''
2025-07-31T20:49:11.9564105Z GOARCH='amd64'
2025-07-31T20:49:11.9564431Z GOBIN=''
2025-07-31T20:49:11.9564787Z GOCACHE='/home/runner/.cache/go-build'
2025-07-31T20:49:11.9565268Z GOENV='/home/runner/.config/go/env'
2025-07-31T20:49:11.9565754Z GOEXE=''
2025-07-31T20:49:11.9566122Z GOEXPERIMENT=''
2025-07-31T20:49:11.9566473Z GOFLAGS=''
2025-07-31T20:49:11.9566783Z GOHOSTARCH='amd64'
2025-07-31T20:49:11.9567116Z GOHOSTOS='linux'
2025-07-31T20:49:11.9567437Z GOINSECURE=''
2025-07-31T20:49:11.9567687Z GOMODCACHE='/home/runner/go/pkg/mod'
2025-07-31T20:49:11.9567947Z GONOPROXY=''
2025-07-31T20:49:11.9568136Z GONOSUMDB=''
2025-07-31T20:49:11.9568308Z GOOS='linux'
2025-07-31T20:49:11.9568497Z GOPATH='/home/runner/go'
2025-07-31T20:49:11.9568714Z GOPRIVATE=''
2025-07-31T20:49:11.9568966Z GOPROXY='https://proxy.golang.org,direct'
2025-07-31T20:49:11.9569277Z GOROOT='/opt/hostedtoolcache/go/1.23.9/x64'
2025-07-31T20:49:11.9569563Z GOSUMDB='sum.golang.org'
2025-07-31T20:49:11.9569962Z GOTMPDIR=''
2025-07-31T20:49:11.9570180Z GOTOOLCHAIN='auto'
2025-07-31T20:49:11.9570513Z GOTOOLDIR='/opt/hostedtoolcache/go/1.23.9/x64/pkg/tool/linux_amd64'
2025-07-31T20:49:11.9570856Z GOVCS=''
2025-07-31T20:49:11.9571046Z GOVERSION='go1.23.9'
2025-07-31T20:49:11.9571247Z GODEBUG=''
2025-07-31T20:49:11.9571430Z GOTELEMETRY='local'
2025-07-31T20:49:11.9571723Z GOTELEMETRYDIR='/home/runner/.config/go/telemetry'
2025-07-31T20:49:11.9572005Z GCCGO='gccgo'
2025-07-31T20:49:11.9572192Z GOAMD64='v1'
2025-07-31T20:49:11.9572639Z AR='ar'
2025-07-31T20:49:11.9572824Z CC='gcc'
2025-07-31T20:49:11.9572996Z CXX='g++'
2025-07-31T20:49:11.9573195Z CGO_ENABLED='1'
2025-07-31T20:49:11.9573455Z GOMOD='/home/runner/work/subnet-evm/subnet-evm/go.mod'
2025-07-31T20:49:11.9573753Z GOWORK=''
2025-07-31T20:49:11.9573937Z CGO_CFLAGS='-O2 -g'
2025-07-31T20:49:11.9574135Z CGO_CPPFLAGS=''
2025-07-31T20:49:11.9574332Z CGO_CXXFLAGS='-O2 -g'
2025-07-31T20:49:11.9574534Z CGO_FFLAGS='-O2 -g'
2025-07-31T20:49:11.9574724Z CGO_LDFLAGS='-O2 -g'
2025-07-31T20:49:11.9574934Z PKG_CONFIG='pkg-config'
2025-07-31T20:49:11.9575584Z GOGCCFLAGS='-fPIC -m64 -pthread -Wl,--no-gc-sections -fmessage-length=0 -ffile-prefix-map=/tmp/go-build3884032276=/tmp/go-build -gno-record-gcc-switches'
2025-07-31T20:49:11.9576117Z 
2025-07-31T20:49:11.9576455Z ##[endgroup]
2025-07-31T20:49:11.9756053Z ##[group]Run actions/setup-node@v4
2025-07-31T20:49:11.9756503Z with:
2025-07-31T20:49:11.9756685Z   node-version: 20.13
2025-07-31T20:49:11.9756892Z   always-auth: false
2025-07-31T20:49:11.9757090Z   check-latest: false
2025-07-31T20:49:11.9757400Z   token: ***
2025-07-31T20:49:11.9757583Z ##[endgroup]
2025-07-31T20:49:12.5617087Z Attempting to download 20.13...
2025-07-31T20:49:12.8608608Z Acquiring 20.13.1 - x64 from https://github.com/actions/node-versions/releases/download/20.13.1-9021092103/node-20.13.1-linux-x64.tar.gz
2025-07-31T20:49:13.2333534Z Extracting ...
2025-07-31T20:49:13.2450072Z [command]/usr/bin/tar xz --strip 1 --warning=no-unknown-keyword --overwrite -C /home/runner/work/_temp/32ca85b8-54dd-443a-9fde-40633dc0dc25 -f /home/runner/work/_temp/407ca22d-c53b-4a34-a0a6-88b677d25007
2025-07-31T20:49:14.3757083Z Adding to the cache ...
2025-07-31T20:49:16.3271529Z ##[group]Environment details
2025-07-31T20:49:16.5444329Z node: v20.13.1
2025-07-31T20:49:16.5444934Z npm: 10.5.2
2025-07-31T20:49:16.5445281Z yarn: 1.22.22
2025-07-31T20:49:16.5446022Z ##[endgroup]
2025-07-31T20:49:16.5611553Z ##[group]Run ./scripts/run_task.sh setup-contracts
2025-07-31T20:49:16.5611976Z [36;1m./scripts/run_task.sh setup-contracts[0m
2025-07-31T20:49:16.5643665Z shell: /usr/bin/bash -e {0}
2025-07-31T20:49:16.5643932Z ##[endgroup]
2025-07-31T20:49:17.3920320Z task: [setup-contracts] npm ci
2025-07-31T20:49:19.6834967Z npm WARN deprecated rimraf@2.7.1: Rimraf versions prior to v4 are no longer supported
2025-07-31T20:49:20.1881183Z npm WARN deprecated glob@7.2.0: Glob versions prior to v9 are no longer supported
2025-07-31T20:49:20.2175356Z npm WARN deprecated inflight@1.0.6: This module is not supported, and leaks memory. Do not use it. Check out lru-cache if you want a good and tested way to coalesce async requests by a key value, which is much more comprehensive and powerful.
2025-07-31T20:49:21.6672793Z npm WARN deprecated glob@7.1.7: Glob versions prior to v9 are no longer supported
2025-07-31T20:49:21.8021919Z npm WARN deprecated glob@5.0.15: Glob versions prior to v9 are no longer supported
2025-07-31T20:49:21.8464966Z npm WARN deprecated glob@8.1.0: Glob versions prior to v9 are no longer supported
2025-07-31T20:49:25.7593251Z 
2025-07-31T20:49:25.7593984Z > @avalabs/subnet-evm-contracts@1.2.2 prepublish
2025-07-31T20:49:25.7594730Z > npm run build
2025-07-31T20:49:25.7594939Z 
2025-07-31T20:49:25.8851576Z 
2025-07-31T20:49:25.8852369Z > @avalabs/subnet-evm-contracts@1.2.2 build
2025-07-31T20:49:25.8853142Z > rm -rf dist/ && npx hardhat compile && npx tsc -b
2025-07-31T20:49:25.8853439Z 
2025-07-31T20:49:27.0275113Z Downloading compiler 0.8.24
2025-07-31T20:49:28.4445353Z Generating typings for: 27 artifacts in dir: typechain-types for target: ethers-v6
2025-07-31T20:49:29.8065449Z Successfully generated 78 typings!
2025-07-31T20:49:29.8103877Z Compiled 24 Solidity files successfully (evm target: shanghai).
2025-07-31T20:49:32.5056591Z 
2025-07-31T20:49:32.5057365Z added 584 packages, and audited 585 packages in 15s
2025-07-31T20:49:32.5057833Z 
2025-07-31T20:49:32.5058120Z 96 packages are looking for funding
2025-07-31T20:49:32.5058622Z   run `npm fund` for details
2025-07-31T20:49:32.5256289Z 
2025-07-31T20:49:32.5258933Z 24 vulnerabilities (15 low, 1 moderate, 5 high, 3 critical)
2025-07-31T20:49:32.5260476Z 
2025-07-31T20:49:32.5261170Z To address issues that do not require attention, run:
2025-07-31T20:49:32.5261753Z   npm audit fix
2025-07-31T20:49:32.5261972Z 
2025-07-31T20:49:32.5262355Z Some issues need review, and may require choosing
2025-07-31T20:49:32.5262914Z a different dependency.
2025-07-31T20:49:32.5263157Z 
2025-07-31T20:49:32.5263393Z Run `npm audit` for details.
2025-07-31T20:49:32.5561037Z task: [setup-contracts] npx hardhat clean
2025-07-31T20:49:33.5351991Z task: [setup-contracts] npx hardhat compile
2025-07-31T20:49:35.2689429Z Generating typings for: 27 artifacts in dir: typechain-types for target: ethers-v6
2025-07-31T20:49:36.6691799Z Successfully generated 78 typings!
2025-07-31T20:49:36.6703984Z Compiled 24 Solidity files successfully (evm target: shanghai).
2025-07-31T20:49:36.7258709Z ##[group]Run ava-labs/avalanchego/.github/actions/run-monitored-tmpnet-cmd@e2bcbaffcb771ed08eda454d03d3001e558438f1
2025-07-31T20:49:36.7259254Z with:
2025-07-31T20:49:36.7259471Z   run: ./scripts/run_task.sh test-e2e-warp-ci
2025-07-31T20:49:36.7259746Z   artifact_prefix: warp
2025-07-31T20:49:36.7260344Z   prometheus_username: ***
2025-07-31T20:49:36.7260682Z   prometheus_password: ***
2025-07-31T20:49:36.7260911Z   loki_username: ***
2025-07-31T20:49:36.7261191Z   loki_password: ***
2025-07-31T20:49:36.7261394Z   runtime: process
2025-07-31T20:49:36.7261587Z   repository_owner: ava-labs
2025-07-31T20:49:36.7261818Z   repository_name: subnet-evm
2025-07-31T20:49:36.7262035Z   workflow: Tests
2025-07-31T20:49:36.7262218Z   run_id: 16659661225
2025-07-31T20:49:36.7262403Z   run_number: 2455
2025-07-31T20:49:36.7262583Z   run_attempt: 1
2025-07-31T20:49:36.7262768Z   job: e2e_warp
2025-07-31T20:49:36.7263020Z   grafana_dashboard_id: kBQpRdWnk/avalanche-main-dashboard
2025-07-31T20:49:36.7263378Z ##[endgroup]
2025-07-31T20:49:36.7364345Z ##[group]Run cachix/install-nix-action@02a151ada4993995686f9ed4f1be7cfbb229e56f
2025-07-31T20:49:36.7364742Z with:
2025-07-31T20:49:36.7364923Z   enable_kvm: true
2025-07-31T20:49:36.7365114Z ##[endgroup]
2025-07-31T20:49:36.7386909Z ##[group]Run ${GITHUB_ACTION_PATH}/install-nix.sh
2025-07-31T20:49:36.7387278Z [36;1m${GITHUB_ACTION_PATH}/install-nix.sh[0m
2025-07-31T20:49:36.7416898Z shell: /usr/bin/bash --noprofile --norc -e -o pipefail {0}
2025-07-31T20:49:36.7417221Z env:
2025-07-31T20:49:36.7417404Z   INPUT_EXTRA_NIX_CONFIG: 
2025-07-31T20:49:36.7417625Z   INPUT_GITHUB_ACCESS_TOKEN: 
2025-07-31T20:49:36.7417850Z   INPUT_INSTALL_OPTIONS: 
2025-07-31T20:49:36.7418055Z   INPUT_INSTALL_URL: 
2025-07-31T20:49:36.7418249Z   INPUT_NIX_PATH: 
2025-07-31T20:49:36.7418440Z   INPUT_ENABLE_KVM: true
2025-07-31T20:49:36.7418825Z   GITHUB_TOKEN: ***
2025-07-31T20:49:36.7419027Z ##[endgroup]
2025-07-31T20:49:36.7494712Z ##[group]Enabling KVM support
2025-07-31T20:49:36.7562334Z KERNEL=="kvm", GROUP="kvm", MODE="0666", OPTIONS+="static_node=kvm"
2025-07-31T20:49:36.7874330Z Enabled KVM
2025-07-31T20:49:36.7875067Z ##[endgroup]
2025-07-31T20:49:36.7875615Z ##[group]Installing Nix
2025-07-31T20:49:36.8164277Z installer options: --no-channel-add --darwin-use-unencrypted-nix-store-volume --nix-extra-conf-file /tmp/tmp.L7LgCDHjlx/nix.conf --daemon --daemon-user-count 8
2025-07-31T20:49:36.8353601Z * Host releases.nixos.org:443 was resolved.
2025-07-31T20:49:36.8354235Z * IPv6: 2a04:4e42:77::729
2025-07-31T20:49:36.8354560Z * IPv4: 146.75.30.217
2025-07-31T20:49:36.8354893Z *   Trying 146.75.30.217:443...
2025-07-31T20:49:36.8367467Z * Connected to releases.nixos.org (146.75.30.217) port 443
2025-07-31T20:49:36.8380711Z * ALPN: curl offers h2,http/1.1
2025-07-31T20:49:36.8381868Z } [5 bytes data]
2025-07-31T20:49:36.8382554Z * TLSv1.3 (OUT), TLS handshake, Client hello (1):
2025-07-31T20:49:36.8383176Z } [512 bytes data]
2025-07-31T20:49:36.8593681Z *  CAfile: /etc/ssl/certs/ca-certificates.crt
2025-07-31T20:49:36.8594224Z *  CApath: /etc/ssl/certs
2025-07-31T20:49:36.8594603Z { [5 bytes data]
2025-07-31T20:49:36.8595134Z * TLSv1.3 (IN), TLS handshake, Server hello (2):
2025-07-31T20:49:36.8595698Z { [104 bytes data]
2025-07-31T20:49:36.8596250Z * TLSv1.2 (IN), TLS handshake, Certificate (11):
2025-07-31T20:49:36.8596794Z { [2827 bytes data]
2025-07-31T20:49:36.8601072Z * TLSv1.2 (IN), TLS handshake, Server key exchange (12):
2025-07-31T20:49:36.8601731Z { [300 bytes data]
2025-07-31T20:49:36.8602358Z * TLSv1.2 (IN), TLS handshake, Server finished (14):
2025-07-31T20:49:36.8602947Z { [4 bytes data]
2025-07-31T20:49:36.8603613Z * TLSv1.2 (OUT), TLS handshake, Client key exchange (16):
2025-07-31T20:49:36.8604239Z } [37 bytes data]
2025-07-31T20:49:36.8604913Z * TLSv1.2 (OUT), TLS change cipher, Change cipher spec (1):
2025-07-31T20:49:36.8605538Z } [1 bytes data]
2025-07-31T20:49:36.8606117Z * TLSv1.2 (OUT), TLS handshake, Finished (20):
2025-07-31T20:49:36.8607342Z } [16 bytes data]
2025-07-31T20:49:36.8624617Z * TLSv1.2 (IN), TLS handshake, Finished (20):
2025-07-31T20:49:36.8625111Z { [16 bytes data]
2025-07-31T20:49:36.8625871Z * SSL connection using TLSv1.2 / ECDHE-RSA-CHACHA20-POLY1305 / X25519 / RSASSA-PSS
2025-07-31T20:49:36.8626585Z * ALPN: server accepted h2
2025-07-31T20:49:36.8626999Z * Server certificate:
2025-07-31T20:49:36.8627445Z *  subject: CN=releases.nixos.org
2025-07-31T20:49:36.8627974Z *  start date: Oct 11 20:56:16 2024 GMT
2025-07-31T20:49:36.8628314Z *  expire date: Nov 12 20:56:15 2025 GMT
2025-07-31T20:49:36.8628810Z *  subjectAltName: host "releases.nixos.org" matched cert's "releases.nixos.org"
2025-07-31T20:49:36.8629387Z *  issuer: C=BE; O=GlobalSign nv-sa; CN=GlobalSign Atlas R3 DV TLS CA 2024 Q4
2025-07-31T20:49:36.8630038Z *  SSL certificate verify ok.
2025-07-31T20:49:36.8630653Z *   Certificate level 0: Public key type RSA (2048/112 Bits/secBits), signed using sha256WithRSAEncryption
2025-07-31T20:49:36.8631458Z *   Certificate level 1: Public key type RSA (2048/112 Bits/secBits), signed using sha256WithRSAEncryption
2025-07-31T20:49:36.8632217Z *   Certificate level 2: Public key type RSA (2048/112 Bits/secBits), signed using sha256WithRSAEncryption
2025-07-31T20:49:36.8632665Z } [5 bytes data]
2025-07-31T20:49:36.8632867Z * using HTTP/2
2025-07-31T20:49:36.8633293Z * [HTTP/2] [1] OPENED stream for https://releases.nixos.org/nix/nix-2.26.3/install
2025-07-31T20:49:36.8633701Z * [HTTP/2] [1] [:method: GET]
2025-07-31T20:49:36.8633982Z * [HTTP/2] [1] [:scheme: https]
2025-07-31T20:49:36.8634306Z * [HTTP/2] [1] [:authority: releases.nixos.org]
2025-07-31T20:49:36.8634672Z * [HTTP/2] [1] [:path: /nix/nix-2.26.3/install]
2025-07-31T20:49:36.8634998Z * [HTTP/2] [1] [user-agent: curl/8.5.0]
2025-07-31T20:49:36.8635281Z * [HTTP/2] [1] [accept: */*]
2025-07-31T20:49:36.8635505Z } [5 bytes data]
2025-07-31T20:49:36.8635759Z > GET /nix/nix-2.26.3/install HTTP/2
2025-07-31T20:49:36.8636034Z > Host: releases.nixos.org
2025-07-31T20:49:36.8636288Z > User-Agent: curl/8.5.0
2025-07-31T20:49:36.8636504Z > Accept: */*
2025-07-31T20:49:36.8636691Z > 
2025-07-31T20:49:36.8641258Z { [5 bytes data]
2025-07-31T20:49:36.8655916Z < HTTP/2 200 
2025-07-31T20:49:36.8656445Z < last-modified: Wed, 05 Mar 2025 18:21:15 GMT
2025-07-31T20:49:36.8657045Z < etag: "c6753896884bce9b95ec3ca7be157ef6"
2025-07-31T20:49:36.8657621Z < x-amz-server-side-encryption: AES256
2025-07-31T20:49:36.8658121Z < content-type: text/plain
2025-07-31T20:49:36.8658527Z < server: AmazonS3
2025-07-31T20:49:36.8658942Z < via: 1.1 varnish, 1.1 varnish
2025-07-31T20:49:36.8659438Z < access-control-allow-origin: *
2025-07-31T20:49:36.8660092Z < accept-ranges: bytes
2025-07-31T20:49:36.8660424Z < date: Thu, 31 Jul 2025 20:49:36 GMT
2025-07-31T20:49:36.8660675Z < age: 94582
2025-07-31T20:49:36.8661007Z < x-served-by: cache-dub4357-DUB, cache-iad-kiad7000033-IAD
2025-07-31T20:49:36.8661346Z < x-cache: HIT, HIT
2025-07-31T20:49:36.8661570Z < x-cache-hits: 3, 1
2025-07-31T20:49:36.8661804Z < content-length: 4267
2025-07-31T20:49:36.8662014Z < 
2025-07-31T20:49:36.8662199Z { [4267 bytes data]
2025-07-31T20:49:36.8662524Z * Connection #0 to host releases.nixos.org left intact
2025-07-31T20:49:36.8729347Z downloading Nix 2.26.3 binary tarball for x86_64-linux from 'https://releases.nixos.org/nix/nix-2.26.3/nix-2.26.3-x86_64-linux.tar.xz' to '/tmp/nix-binary-tarball-unpack.KgU7XB44rn'...
2025-07-31T20:49:36.8778054Z   % Total    % Received % Xferd  Average Speed   Time    Time     Time  Current
2025-07-31T20:49:36.8779627Z                                  Dload  Upload   Total   Spent    Left  Speed
2025-07-31T20:49:36.8780284Z 
2025-07-31T20:49:36.9826359Z   0     0    0     0    0     0      0      0 --:--:-- --:--:-- --:--:--     0
2025-07-31T20:49:36.9827383Z 100 22.6M  100 22.6M    0     0   216M      0 --:--:-- --:--:-- --:--:--  217M
2025-07-31T20:49:38.5521598Z Note: a multi-user installation is possible. See https://nixos.org/manual/nix/stable/installation/installing-binary.html#multi-user-installation
2025-07-31T20:49:38.5531154Z Warning: the flag --darwin-use-unencrypted-nix-store-volume
2025-07-31T20:49:38.5533311Z          is no longer needed and will be removed in the future.
2025-07-31T20:49:38.5533756Z 
2025-07-31T20:49:38.5542270Z [1;31mSwitching to the Multi-user Installer[0m
2025-07-31T20:49:38.5641921Z [32mWelcome to the Multi-User Nix Installation
2025-07-31T20:49:38.5653180Z [0m
2025-07-31T20:49:38.5654063Z This installation tool will set up your computer with the Nix package
2025-07-31T20:49:38.5654911Z manager. This will happen in a few stages:
2025-07-31T20:49:38.5655272Z 
2025-07-31T20:49:38.5655751Z 1. Make sure your computer doesn't already have Nix. If it does, I
2025-07-31T20:49:38.5656682Z    will show you instructions on how to clean up your old install.
2025-07-31T20:49:38.5657137Z 
2025-07-31T20:49:38.5657587Z 2. Show you what I am going to install and where. Then I will ask
2025-07-31T20:49:38.5658143Z    if you are ready to continue.
2025-07-31T20:49:38.5658425Z 
2025-07-31T20:49:38.5658990Z 3. Create the system users [34m(uids [30001..30008])[0m and groups [34m(gid 30000)[0m
2025-07-31T20:49:38.5659682Z    that the Nix daemon uses to run builds. To create system users
2025-07-31T20:49:38.5660937Z    in a different range, exit and run this tool again with
2025-07-31T20:49:38.5661352Z    NIX_FIRST_BUILD_UID set.
2025-07-31T20:49:38.5661571Z 
2025-07-31T20:49:38.5661805Z 4. Perform the basic installation of the Nix files daemon.
2025-07-31T20:49:38.5662041Z 
2025-07-31T20:49:38.5662392Z 5. Configure your shell to import special Nix Profile files, so you
2025-07-31T20:49:38.5662840Z    can use Nix.
2025-07-31T20:49:38.5662961Z 
2025-07-31T20:49:38.5663066Z 6. Start the Nix daemon.
2025-07-31T20:49:38.5663291Z 
2025-07-31T20:49:38.5663735Z [32m[4;32mWould you like to see a more detailed list of what I will do?
2025-07-31T20:49:38.5664289Z [0mNo TTY, assuming you would say yes :)
2025-07-31T20:49:38.5668327Z 
2025-07-31T20:49:38.5668522Z I will:
2025-07-31T20:49:38.5668666Z 
2025-07-31T20:49:38.5668893Z  - make sure your computer doesn't already have Nix files
2025-07-31T20:49:38.5669349Z    (if it does, I will tell you how to clean them up.)
2025-07-31T20:49:38.5670307Z  - create local users (see the list above for the users I'll make)
2025-07-31T20:49:38.5670982Z  - create a local group (nixbld)
2025-07-31T20:49:38.5671278Z  - install Nix in /nix
2025-07-31T20:49:38.5671563Z  - create a configuration file in /etc/nix
2025-07-31T20:49:38.5672289Z  - set up the "default profile" by creating some Nix-related files in
2025-07-31T20:49:38.5672856Z    /root
2025-07-31T20:49:38.5686190Z  - back up /etc/bash.bashrc to /etc/bash.bashrc.backup-before-nix
2025-07-31T20:49:38.5687112Z  - update /etc/bash.bashrc to include some Nix configuration
2025-07-31T20:49:38.5697320Z  - load and start a service (at /etc/systemd/system/nix-daemon.service
2025-07-31T20:49:38.5698043Z    and /etc/systemd/system/nix-daemon.socket) for nix-daemon
2025-07-31T20:49:38.5698319Z 
2025-07-31T20:49:38.5698994Z [32m[4;32mReady to continue?
2025-07-31T20:49:38.5699427Z [0mNo TTY, assuming you would say yes :)
2025-07-31T20:49:38.5723256Z 
2025-07-31T20:49:38.5724336Z [34m---- let's talk about sudo -----------------------------------------------------
2025-07-31T20:49:38.5733959Z [0mThis script is going to call sudo a lot. Normally, it would show you
2025-07-31T20:49:38.5734518Z exactly what commands it is running and why. However, the script is
2025-07-31T20:49:38.5734939Z run in a headless fashion, like this:
2025-07-31T20:49:38.5735119Z 
2025-07-31T20:49:38.5735308Z   $ curl -L https://nixos.org/nix/install | sh
2025-07-31T20:49:38.5735521Z 
2025-07-31T20:49:38.5735945Z or maybe in a CI pipeline. Because of that, I'm going to skip the
2025-07-31T20:49:38.5736479Z verbose output in the interest of brevity.
2025-07-31T20:49:38.5736673Z 
2025-07-31T20:49:38.5736773Z If you would like to
2025-07-31T20:49:38.5737033Z see the output, try like this:
2025-07-31T20:49:38.5737448Z 
2025-07-31T20:49:38.5737776Z   $ curl -L -o install-nix https://nixos.org/nix/install
2025-07-31T20:49:38.5738122Z   $ sh ./install-nix
2025-07-31T20:49:38.5738252Z 
2025-07-31T20:49:38.5738359Z 
2025-07-31T20:49:38.5738809Z [32m~~> Checking for artifacts of previous installs
2025-07-31T20:49:38.5745952Z [0mBefore I try to install, I'll check for signs Nix already is or has
2025-07-31T20:49:38.5746397Z been installed on this system.
2025-07-31T20:49:38.5780850Z 
2025-07-31T20:49:38.5781709Z [34m---- Nix config report ---------------------------------------------------------
2025-07-31T20:49:38.5782573Z [0m[1m        Temp Dir[0m:	/tmp/tmp.j4qJSDRHqr
2025-07-31T20:49:38.5783020Z [1m        Nix Root[0m:	/nix
2025-07-31T20:49:38.5783313Z [1m     Build Users[0m:	8
2025-07-31T20:49:38.5783626Z [1m  Build Group ID[0m:	30000
2025-07-31T20:49:38.5783943Z [1mBuild Group Name[0m:	nixbld
2025-07-31T20:49:38.5784106Z 
2025-07-31T20:49:38.5784231Z [4;34mbuild users:
2025-07-31T20:49:38.5784486Z [0m[1m    Username[0m:	UID
2025-07-31T20:49:38.5810811Z [1m     nixbld1[0m:	30001
2025-07-31T20:49:38.5820768Z [1m     nixbld2[0m:	30002
2025-07-31T20:49:38.5830480Z [1m     nixbld3[0m:	30003
2025-07-31T20:49:38.5840387Z [1m     nixbld4[0m:	30004
2025-07-31T20:49:38.5850403Z [1m     nixbld5[0m:	30005
2025-07-31T20:49:38.5859997Z [1m     nixbld6[0m:	30006
2025-07-31T20:49:38.5869607Z [1m     nixbld7[0m:	30007
2025-07-31T20:49:38.5879482Z [1m     nixbld8[0m:	30008
2025-07-31T20:49:38.5880026Z 
2025-07-31T20:49:38.5880417Z [32m[4;32mReady to continue?
2025-07-31T20:49:38.5881221Z [0mNo TTY, assuming you would say yes :)
2025-07-31T20:49:38.5881588Z 
2025-07-31T20:49:38.5881994Z [32m~~> Setting up the build group nixbld
2025-07-31T20:49:38.7076666Z [0m[1m            Created[0m:	Yes
2025-07-31T20:49:38.7100986Z 
2025-07-31T20:49:38.7101417Z [32m~~> Setting up the build user nixbld1
2025-07-31T20:49:38.7258845Z useradd warning: nixbld1's uid 30001 is greater than SYS_UID_MAX 999
2025-07-31T20:49:38.7350108Z [0m[1m           Created[0m:	Yes
2025-07-31T20:49:38.7355202Z [1m            Hidden[0m:	Yes
2025-07-31T20:49:38.7373532Z [1m    Home Directory[0m:	/var/empty
2025-07-31T20:49:38.7393261Z [1m              Note[0m:	Nix build user 1
2025-07-31T20:49:38.7411082Z [1m   Logins Disabled[0m:	Yes
2025-07-31T20:49:38.7438151Z [1m  Member of nixbld[0m:	Yes
2025-07-31T20:49:38.7455912Z [1m    PrimaryGroupID[0m:	30000
2025-07-31T20:49:38.7466537Z 
2025-07-31T20:49:38.7466912Z [32m~~> Setting up the build user nixbld2
2025-07-31T20:49:38.7599704Z useradd warning: nixbld2's uid 30002 is greater than SYS_UID_MAX 999
2025-07-31T20:49:38.7685150Z [0m[1m           Created[0m:	Yes
2025-07-31T20:49:38.7690887Z [1m            Hidden[0m:	Yes
2025-07-31T20:49:38.7709475Z [1m    Home Directory[0m:	/var/empty
2025-07-31T20:49:38.7729724Z [1m              Note[0m:	Nix build user 2
2025-07-31T20:49:38.7747852Z [1m   Logins Disabled[0m:	Yes
2025-07-31T20:49:38.7766790Z [1m  Member of nixbld[0m:	Yes
2025-07-31T20:49:38.7784764Z [1m    PrimaryGroupID[0m:	30000
2025-07-31T20:49:38.7795475Z 
2025-07-31T20:49:38.7795802Z [32m~~> Setting up the build user nixbld3
2025-07-31T20:49:38.7927431Z useradd warning: nixbld3's uid 30003 is greater than SYS_UID_MAX 999
2025-07-31T20:49:38.8012683Z [0m[1m           Created[0m:	Yes
2025-07-31T20:49:38.8017967Z [1m            Hidden[0m:	Yes
2025-07-31T20:49:38.8036519Z [1m    Home Directory[0m:	/var/empty
2025-07-31T20:49:38.8056718Z [1m              Note[0m:	Nix build user 3
2025-07-31T20:49:38.8074828Z [1m   Logins Disabled[0m:	Yes
2025-07-31T20:49:38.8093885Z [1m  Member of nixbld[0m:	Yes
2025-07-31T20:49:38.8111908Z [1m    PrimaryGroupID[0m:	30000
2025-07-31T20:49:38.8122528Z 
2025-07-31T20:49:38.8122922Z [32m~~> Setting up the build user nixbld4
2025-07-31T20:49:38.8258813Z useradd warning: nixbld4's uid 30004 is greater than SYS_UID_MAX 999
2025-07-31T20:49:38.8342295Z [0m[1m           Created[0m:	Yes
2025-07-31T20:49:38.8347791Z [1m            Hidden[0m:	Yes
2025-07-31T20:49:38.8367062Z [1m    Home Directory[0m:	/var/empty
2025-07-31T20:49:38.8387327Z [1m              Note[0m:	Nix build user 4
2025-07-31T20:49:38.8405512Z [1m   Logins Disabled[0m:	Yes
2025-07-31T20:49:38.8424202Z [1m  Member of nixbld[0m:	Yes
2025-07-31T20:49:38.8442787Z [1m    PrimaryGroupID[0m:	30000
2025-07-31T20:49:38.8453700Z 
2025-07-31T20:49:38.8454072Z [32m~~> Setting up the build user nixbld5
2025-07-31T20:49:38.8706303Z useradd warning: nixbld5's uid 30005 is greater than SYS_UID_MAX 999
2025-07-31T20:49:38.8796060Z [0m[1m           Created[0m:	Yes
2025-07-31T20:49:38.8801755Z [1m            Hidden[0m:	Yes
2025-07-31T20:49:38.8821345Z [1m    Home Directory[0m:	/var/empty
2025-07-31T20:49:38.8841579Z [1m              Note[0m:	Nix build user 5
2025-07-31T20:49:38.8859408Z [1m   Logins Disabled[0m:	Yes
2025-07-31T20:49:38.8879031Z [1m  Member of nixbld[0m:	Yes
2025-07-31T20:49:38.8899207Z [1m    PrimaryGroupID[0m:	30000
2025-07-31T20:49:38.8910255Z 
2025-07-31T20:49:38.8910764Z [32m~~> Setting up the build user nixbld6
2025-07-31T20:49:38.9042662Z useradd warning: nixbld6's uid 30006 is greater than SYS_UID_MAX 999
2025-07-31T20:49:38.9130775Z [0m[1m           Created[0m:	Yes
2025-07-31T20:49:38.9136109Z [1m            Hidden[0m:	Yes
2025-07-31T20:49:38.9154935Z [1m    Home Directory[0m:	/var/empty
2025-07-31T20:49:38.9175429Z [1m              Note[0m:	Nix build user 6
2025-07-31T20:49:38.9193538Z [1m   Logins Disabled[0m:	Yes
2025-07-31T20:49:38.9212546Z [1m  Member of nixbld[0m:	Yes
2025-07-31T20:49:38.9230810Z [1m    PrimaryGroupID[0m:	30000
2025-07-31T20:49:38.9242030Z 
2025-07-31T20:49:38.9242400Z [32m~~> Setting up the build user nixbld7
2025-07-31T20:49:38.9374226Z useradd warning: nixbld7's uid 30007 is greater than SYS_UID_MAX 999
2025-07-31T20:49:38.9456939Z [0m[1m           Created[0m:	Yes
2025-07-31T20:49:38.9462566Z [1m            Hidden[0m:	Yes
2025-07-31T20:49:38.9481328Z [1m    Home Directory[0m:	/var/empty
2025-07-31T20:49:38.9501714Z [1m              Note[0m:	Nix build user 7
2025-07-31T20:49:38.9520755Z [1m   Logins Disabled[0m:	Yes
2025-07-31T20:49:38.9545876Z [1m  Member of nixbld[0m:	Yes
2025-07-31T20:49:38.9563843Z [1m    PrimaryGroupID[0m:	30000
2025-07-31T20:49:38.9574589Z 
2025-07-31T20:49:38.9575108Z [32m~~> Setting up the build user nixbld8
2025-07-31T20:49:38.9719985Z useradd warning: nixbld8's uid 30008 is greater than SYS_UID_MAX 999
2025-07-31T20:49:38.9806226Z [0m[1m           Created[0m:	Yes
2025-07-31T20:49:38.9811940Z [1m            Hidden[0m:	Yes
2025-07-31T20:49:38.9831471Z [1m    Home Directory[0m:	/var/empty
2025-07-31T20:49:38.9852007Z [1m              Note[0m:	Nix build user 8
2025-07-31T20:49:38.9870668Z [1m   Logins Disabled[0m:	Yes
2025-07-31T20:49:38.9889589Z [1m  Member of nixbld[0m:	Yes
2025-07-31T20:49:38.9908093Z [1m    PrimaryGroupID[0m:	30000
2025-07-31T20:49:38.9908437Z 
2025-07-31T20:49:38.9908865Z [32m~~> Setting up the basic directory structure
2025-07-31T20:49:39.0038568Z [0minstall: creating directory '/nix'
2025-07-31T20:49:39.0039355Z install: creating directory '/nix/var'
2025-07-31T20:49:39.0040051Z install: creating directory '/nix/var/log'
2025-07-31T20:49:39.0040540Z install: creating directory '/nix/var/log/nix'
2025-07-31T20:49:39.0041240Z install: creating directory '/nix/var/log/nix/drvs'
2025-07-31T20:49:39.0041882Z install: creating directory '/nix/var/nix'
2025-07-31T20:49:39.0042287Z install: creating directory '/nix/var/nix/db'
2025-07-31T20:49:39.0042688Z install: creating directory '/nix/var/nix/gcroots'
2025-07-31T20:49:39.0043105Z install: creating directory '/nix/var/nix/profiles'
2025-07-31T20:49:39.0043535Z install: creating directory '/nix/var/nix/temproots'
2025-07-31T20:49:39.0043943Z install: creating directory '/nix/var/nix/userpool'
2025-07-31T20:49:39.0044376Z install: creating directory '/nix/var/nix/daemon-socket'
2025-07-31T20:49:39.0044844Z install: creating directory '/nix/var/nix/gcroots/per-user'
2025-07-31T20:49:39.0045717Z install: creating directory '/nix/var/nix/profiles/per-user'
2025-07-31T20:49:39.0120106Z install: creating directory '/nix/store'
2025-07-31T20:49:39.0200772Z install: creating directory '/etc/nix'
2025-07-31T20:49:39.0210943Z 
2025-07-31T20:49:39.0211601Z [32m~~> Installing Nix
2025-07-31T20:49:39.2167523Z [0m      Alright! We have our first nix at /nix/store/x3235311q3n51rppm2y2ycwd7nb3mgpn-nix-2.26.3
2025-07-31T20:49:39.2589122Z       Just finished getting the nix database ready.
2025-07-31T20:49:39.2591945Z 
2025-07-31T20:49:39.2593546Z [32m~~> Setting up shell profiles: /etc/bashrc /etc/profile.d/nix.sh /etc/zshrc /etc/bash.bashrc /etc/zsh/zshrc
2025-07-31T20:49:39.2764110Z [0m
2025-07-31T20:49:39.2764510Z # Nix
2025-07-31T20:49:39.2765340Z if [ -e '/nix/var/nix/profiles/default/etc/profile.d/nix-daemon.sh' ]; then
2025-07-31T20:49:39.2766372Z   . '/nix/var/nix/profiles/default/etc/profile.d/nix-daemon.sh'
2025-07-31T20:49:39.2766969Z fi
2025-07-31T20:49:39.2767278Z # End Nix
2025-07-31T20:49:39.2767488Z 
2025-07-31T20:49:39.2937463Z 
2025-07-31T20:49:39.2937884Z # Nix
2025-07-31T20:49:39.2938633Z if [ -e '/nix/var/nix/profiles/default/etc/profile.d/nix-daemon.sh' ]; then
2025-07-31T20:49:39.2939206Z   . '/nix/var/nix/profiles/default/etc/profile.d/nix-daemon.sh'
2025-07-31T20:49:39.2939543Z fi
2025-07-31T20:49:39.2940405Z # End Nix
2025-07-31T20:49:39.2940551Z 
2025-07-31T20:49:39.3110201Z 
2025-07-31T20:49:39.3110535Z # Nix
2025-07-31T20:49:39.3111286Z if [ -e '/nix/var/nix/profiles/default/etc/profile.d/nix-daemon.sh' ]; then
2025-07-31T20:49:39.3111897Z   . '/nix/var/nix/profiles/default/etc/profile.d/nix-daemon.sh'
2025-07-31T20:49:39.3112417Z fi
2025-07-31T20:49:39.3112735Z # End Nix
2025-07-31T20:49:39.3112921Z 
2025-07-31T20:49:39.3274041Z 
2025-07-31T20:49:39.3274327Z # Nix
2025-07-31T20:49:39.3274855Z if [ -e '/nix/var/nix/profiles/default/etc/profile.d/nix-daemon.sh' ]; then
2025-07-31T20:49:39.3275832Z   . '/nix/var/nix/profiles/default/etc/profile.d/nix-daemon.sh'
2025-07-31T20:49:39.3276462Z fi
2025-07-31T20:49:39.3276762Z # End Nix
2025-07-31T20:49:39.3276960Z 
2025-07-31T20:49:39.3299470Z 
2025-07-31T20:49:39.3301119Z [32m~~> Setting up shell profiles for Fish with conf.d/nix.fish inside /etc/fish /usr/local/etc/fish /opt/homebrew/etc/fish /opt/local/etc/fish
2025-07-31T20:49:39.3413393Z [0m
2025-07-31T20:49:39.3413976Z [32m~~> Setting up the default profile
2025-07-31T20:49:39.3707620Z installing 'nix-2.26.3'
2025-07-31T20:49:39.3838759Z building '/nix/store/5afca9ydks0pp5szkwwhi7a6m2zmgk9g-user-environment.drv'...
2025-07-31T20:49:39.4252160Z installing 'nss-cacert-3.107'
2025-07-31T20:49:39.4381934Z building '/nix/store/ilxzpc39hcw5jr229rmajjkyz1a0fym1-user-environment.drv'...
2025-07-31T20:49:39.4592888Z [0m
2025-07-31T20:49:39.4593575Z [32m~~> Setting up the nix-daemon systemd service
2025-07-31T20:49:39.4971317Z Created symlink /etc/systemd/system/nix-daemon.service → /nix/var/nix/profiles/default/lib/systemd/system/nix-daemon.service.
2025-07-31T20:49:39.7686072Z Created symlink /etc/systemd/system/nix-daemon.socket → /nix/var/nix/profiles/default/lib/systemd/system/nix-daemon.socket.
2025-07-31T20:49:39.7688324Z Created symlink /etc/systemd/system/sockets.target.wants/nix-daemon.socket → /nix/var/nix/profiles/default/lib/systemd/system/nix-daemon.socket.
2025-07-31T20:49:40.3470377Z [0m[32mAlright! We're done!
2025-07-31T20:49:40.3492220Z [0mTry it! Open a new terminal, and type:
2025-07-31T20:49:40.3492616Z 
2025-07-31T20:49:40.3492943Z   $ nix-shell -p nix-info --run "nix-info -m"
2025-07-31T20:49:40.3493304Z 
2025-07-31T20:49:40.3493765Z Thank you for using this installer. If you have any feedback or need
2025-07-31T20:49:40.3494394Z help, don't hesitate:
2025-07-31T20:49:40.3494622Z 
2025-07-31T20:49:40.3494801Z You can open an issue at
2025-07-31T20:49:40.3495589Z https://github.com/NixOS/nix/issues/new?labels=installer&template=installer.md
2025-07-31T20:49:40.3496128Z 
2025-07-31T20:49:40.3496552Z Or get in touch with the community: https://nixos.org/community
2025-07-31T20:49:40.3512843Z 
2025-07-31T20:49:40.3514402Z [34m---- Reminders -----------------------------------------------------------------
2025-07-31T20:49:40.3515151Z [0m[34m[ 1 ][0m
2025-07-31T20:49:40.3515782Z Nix won't work in active shell sessions until you restart them.
2025-07-31T20:49:40.3516197Z 
2025-07-31T20:49:40.4187792Z ##[endgroup]
2025-07-31T20:49:40.4254425Z ##[group]Run $GITHUB_ACTION_PATH/nix-develop.sh --command echo "dependencies installed"
2025-07-31T20:49:40.4255000Z [36;1m$GITHUB_ACTION_PATH/nix-develop.sh --command echo "dependencies installed"[0m
2025-07-31T20:49:40.4306965Z shell: /usr/bin/bash --noprofile --norc -e -o pipefail {0}
2025-07-31T20:49:40.4307294Z env:
2025-07-31T20:49:40.4307485Z   TMPDIR: /home/runner/work/_temp
2025-07-31T20:49:40.4307720Z ##[endgroup]
2025-07-31T20:49:40.4379037Z No local flake found, will attempt to use avalanchego flake
2025-07-31T20:49:40.4463518Z Starting nix shell for github:ava-labs/avalanchego?ref=v1.13.3
2025-07-31T20:49:40.6208779Z unpacking 'github:ava-labs/avalanchego/e2bcbaffcb771ed08eda454d03d3001e558438f1' into the Git cache...
2025-07-31T20:49:42.1968356Z copying path '/nix/store/j95fcik6rzsydwips4m89dmlvfj9hg9y-source' from 'https://cache.nixos.org'...
2025-07-31T20:49:59.6345464Z copying path '/nix/store/7dfxlvdhr5g57b1v8gxwpa2gs7i9g3y5-git-2.49.0-doc' from 'https://cache.nixos.org'...
2025-07-31T20:49:59.6351957Z copying path '/nix/store/j4gc8fk7wazgn2hqnh0m8b12xx6m1n75-iana-etc-20250108' from 'https://cache.nixos.org'...
2025-07-31T20:49:59.6375100Z copying path '/nix/store/1jj2lq1kzys105rqq5n1a2r4v59arz43-mailcap-2.1.54' from 'https://cache.nixos.org'...
2025-07-31T20:49:59.6382057Z copying path '/nix/store/v0r2ndk31k1lsj967qrywdwxb87zdil6-perl5.40.0-Digest-HMAC-1.04' from 'https://cache.nixos.org'...
2025-07-31T20:49:59.6385935Z copying path '/nix/store/mri94g6brszrzi5spdp3yjqig0dix246-perl5.40.0-FCGI-ProcManager-0.28' from 'https://cache.nixos.org'...
2025-07-31T20:49:59.6389708Z copying path '/nix/store/jvy29fslpki9ygmipnawxkacs0gdpwbg-perl5.40.0-HTML-TagCloud-0.38' from 'https://cache.nixos.org'...
2025-07-31T20:49:59.6404003Z copying path '/nix/store/1hb2dxywm239rfwgdrd55z090hb1zbg3-perl5.40.0-URI-5.21' from 'https://cache.nixos.org'...
2025-07-31T20:49:59.6410111Z copying path '/nix/store/5vc5pjg9yqxkxk855il2anp6jm5gkpa3-perl5.40.0-libnet-3.15' from 'https://cache.nixos.org'...
2025-07-31T20:49:59.6413550Z copying path '/nix/store/qyihkwbhd70ynz380whj3bsxk1d2lyc4-tzdata-2025b' from 'https://cache.nixos.org'...
2025-07-31T20:49:59.6427066Z copying path '/nix/store/6hqzbvz50bm87hcj4qfn51gh7arxj8a6-gcc-14.2.1.20250322-libgcc' from 'https://cache.nixos.org'...
2025-07-31T20:49:59.6431849Z copying path '/nix/store/rzdjxxf4jkv3qdsjxkg54fxbma5zr05k-gnu-config-2024-01-01' from 'https://cache.nixos.org'...
2025-07-31T20:49:59.6470812Z copying path '/nix/store/l6b79dzj572yjifnwnrmjmf2r8qx1542-perl5.40.0-Encode-Locale-1.05' from 'https://cache.nixos.org'...
2025-07-31T20:49:59.6472735Z copying path '/nix/store/3fvhcxjgn3a4r6pkidwz9nd4cs84p6jv-perl5.40.0-Mozilla-CA-20230821' from 'https://cache.nixos.org'...
2025-07-31T20:49:59.6474817Z copying path '/nix/store/q6gp62h0h2z2lx3qh318crhikwc86m2y-perl5.40.0-HTML-Tagset-3.20' from 'https://cache.nixos.org'...
2025-07-31T20:49:59.6476704Z copying path '/nix/store/1f3pkwqxmhglz59hdl9mizgaafrcxr2g-perl5.40.0-IO-HTML-1.004' from 'https://cache.nixos.org'...
2025-07-31T20:49:59.6485481Z copying path '/nix/store/gvjb0301bm7lc20cbbp6q4mznb3k09j3-perl5.40.0-LWP-MediaTypes-6.04' from 'https://cache.nixos.org'...
2025-07-31T20:49:59.6683317Z copying path '/nix/store/c5k72696a984v5gcxd7grg6f4154yv8d-curl-8.13.0-man' from 'https://cache.nixos.org'...
2025-07-31T20:49:59.6689969Z copying path '/nix/store/qxk9122p34qwivq20k154jflwxjjjxb3-dns-root-data-2025-04-14' from 'https://cache.nixos.org'...
2025-07-31T20:49:59.6691828Z copying path '/nix/store/yq3yqv9limsk8w5vimygq1h23vjv6i3m-nghttp2-1.65.0' from 'https://cache.nixos.org'...
2025-07-31T20:49:59.6694000Z copying path '/nix/store/yypqcvqhnv8y4zpicgxdigp3giq81gzb-libunistring-1.3' from 'https://cache.nixos.org'...
2025-07-31T20:49:59.6696049Z copying path '/nix/store/hxrjrzngydk24ah8b5n8cl777n39y08b-linux-headers-6.12.7' from 'https://cache.nixos.org'...
2025-07-31T20:49:59.6697947Z copying path '/nix/store/pimqpkya3wybrpcm17zk298gpivhps5j-perl5.40.0-Test-Needs-0.002010' from 'https://cache.nixos.org'...
2025-07-31T20:49:59.6700310Z copying path '/nix/store/wq3ij7g3r6jfkx61d3nbxrfmyw3f3bng-perl5.40.0-Test-RequiresInternet-0.05' from 'https://cache.nixos.org'...
2025-07-31T20:49:59.6703020Z copying path '/nix/store/nqlhzbplrrhkm2rynv3ild1236p0h1c3-mirrors-list' from 'https://cache.nixos.org'...
2025-07-31T20:49:59.6705165Z copying path '/nix/store/187sf67ng5l08pirjv1hcnvvsx6bg6vi-perl5.40.0-Authen-SASL-2.1700' from 'https://cache.nixos.org'...
2025-07-31T20:49:59.6760484Z copying path '/nix/store/3zf0hlfxwam2pcpr28374plf3zwcbkr0-perl5.40.0-Net-HTTP-6.23' from 'https://cache.nixos.org'...
2025-07-31T20:49:59.6766719Z copying path '/nix/store/j5agsmr85pb3waxmzxn2m79yb1i7hhmh-perl5.40.0-TimeDate-2.33' from 'https://cache.nixos.org'...
2025-07-31T20:49:59.6773191Z copying path '/nix/store/lyr4v74c0vw9j77fvr0d6dribm1lmfsr-perl5.40.0-Try-Tiny-0.31' from 'https://cache.nixos.org'...
2025-07-31T20:49:59.6793857Z copying path '/nix/store/5i759vgj25fdy680l9v0sjhjg65q0q4h-perl5.40.0-WWW-RobotRules-6.02' from 'https://cache.nixos.org'...
2025-07-31T20:49:59.6871017Z copying path '/nix/store/lmc7x75jvrca79fc2r2j1frmklzvh04h-update-autotools-gnu-config-scripts-hook' from 'https://cache.nixos.org'...
2025-07-31T20:49:59.6874505Z copying path '/nix/store/nfwlyasnxxdbnpiziw2nixwkz9b5f7g3-publicsuffix-list-0-unstable-2025-03-12' from 'https://cache.nixos.org'...
2025-07-31T20:49:59.6912253Z copying path '/nix/store/za53jjhjl1xajv3y1zpjvr9mh4w0c1ay-xgcc-14.2.1.20250322-libgcc' from 'https://cache.nixos.org'...
2025-07-31T20:49:59.7083427Z copying path '/nix/store/xnfzahna7b6jb6m1vdczap4v103qmr6w-perl5.40.0-Test-Fatal-0.017' from 'https://cache.nixos.org'...
2025-07-31T20:49:59.7118457Z copying path '/nix/store/blgz4vzk56rbajaavr6kg437zr7jcabp-perl5.40.0-HTTP-Date-6.06' from 'https://cache.nixos.org'...
2025-07-31T20:49:59.7250456Z copying path '/nix/store/x51649mj5ppmj97qrgxwr0calf82m9a5-perl5.40.0-File-Listing-6.16' from 'https://cache.nixos.org'...
2025-07-31T20:49:59.7253854Z copying path '/nix/store/krfhnl4n5a9w201z5pzwgps9fgz8z5j5-perl5.40.0-HTTP-CookieJar-0.014' from 'https://cache.nixos.org'...
2025-07-31T20:49:59.7307741Z copying path '/nix/store/6nkqdqzpa75514lhglgnjs5k4dklw4sb-libidn2-2.3.8' from 'https://cache.nixos.org'...
2025-07-31T20:49:59.7523335Z copying path '/nix/store/cg9s562sa33k78m63njfn1rw47dp9z0i-glibc-2.40-66' from 'https://cache.nixos.org'...
2025-07-31T20:49:59.7581192Z copying path '/nix/store/gjdgw1zhvl9hl7mmiw6ncpnpmpxlk2yb-go-task-3.43.3' from 'https://cache.nixos.org'...
2025-07-31T20:49:59.7584571Z copying path '/nix/store/52vfnn1wcqn3d5jzrqvcd6yzp3i1gw2m-kind-0.29.0' from 'https://cache.nixos.org'...
2025-07-31T20:49:59.7596088Z copying path '/nix/store/f93la7iy82zzmhr9wc5rxh18yqajr95v-kubectl-1.33.0' from 'https://cache.nixos.org'...
2025-07-31T20:49:59.7597845Z copying path '/nix/store/dssdkka6y0sjkiknyrsc73lbrw6x70w5-protoc-gen-go-1.36.6' from 'https://cache.nixos.org'...
2025-07-31T20:49:59.7599667Z copying path '/nix/store/h1cbksykikg9wfhrh5304bfh6xhbbziy-protoc-gen-go-grpc-1.5.1' from 'https://cache.nixos.org'...
2025-07-31T20:50:00.3062048Z copying path '/nix/store/8syylmkvnn7lg2nar9fddpp5izb4gh56-attr-2.5.2' from 'https://cache.nixos.org'...
2025-07-31T20:50:00.3065929Z copying path '/nix/store/2x51wvk10m9l014lyrfdskc3b360ifjp-ed-1.21.1' from 'https://cache.nixos.org'...
2025-07-31T20:50:00.3070689Z copying path '/nix/store/fcyn0dqszgfysiasdmkv1jh3syncajay-gawk-5.3.2' from 'https://cache.nixos.org'...
2025-07-31T20:50:00.3073429Z copying path '/nix/store/xy4jjgw87sbgwylm5kn047d9gkbhsr9x-bash-5.2p37' from 'https://cache.nixos.org'...
2025-07-31T20:50:00.3078034Z copying path '/nix/store/j0bzxly2rvcym1zkhn393adiqcwn8np6-expat-2.7.1' from 'https://cache.nixos.org'...
2025-07-31T20:50:00.3080737Z copying path '/nix/store/7a8gf62bfl22k4gy2cd300h7cvqmn9yl-brotli-1.1.0-lib' from 'https://cache.nixos.org'...
2025-07-31T20:50:00.3082566Z copying path '/nix/store/p9k7bd23v5yvmap9594f9x7hpvacdh32-expand-response-params' from 'https://cache.nixos.org'...
2025-07-31T20:50:00.3084342Z copying path '/nix/store/7c0v0kbrrdc2cqgisi78jdqxn73n3401-gcc-14.2.1.20250322-lib' from 'https://cache.nixos.org'...
2025-07-31T20:50:00.3085589Z copying path '/nix/store/zrnqzhcvlpiycqbswl0w172y4bpn0lb4-bzip2-1.0.8' from 'https://cache.nixos.org'...
2025-07-31T20:50:00.3087171Z copying path '/nix/store/v684vrham0343x1dwzdi8v2l68hb28zp-buf-1.52.1' from 'https://cache.nixos.org'...
2025-07-31T20:50:00.3088785Z copying path '/nix/store/kv10h4pidkmx8cjs2sw2pi9rlcnighbc-gnumake-4.4.1' from 'https://cache.nixos.org'...
2025-07-31T20:50:00.3090696Z copying path '/nix/store/qkzkz12l4q06lzbji0ifgynzrd44bpjs-gdbm-1.25-lib' from 'https://cache.nixos.org'...
2025-07-31T20:50:00.3092401Z copying path '/nix/store/if83fp73ln7ksdnp1wkywvyv53b6fw3f-glibc-2.40-66-getent' from 'https://cache.nixos.org'...
2025-07-31T20:50:00.3094055Z copying path '/nix/store/dwwc14ppzkl0yphcgsz25xvi24c9d1zm-gmp-6.3.0' from 'https://cache.nixos.org'...
2025-07-31T20:50:00.3095682Z copying path '/nix/store/303islqk386z1w2g1ngvxnkl4glfpgrs-glibc-2.40-66-bin' from 'https://cache.nixos.org'...
2025-07-31T20:50:00.3237193Z copying path '/nix/store/clbb2cvigynr235ab5zgi18dyavznlk2-gnused-4.9' from 'https://cache.nixos.org'...
2025-07-31T20:50:00.3325944Z copying path '/nix/store/677sx4qrmnmgk83ynn0sw8hqgh439g6b-json-c-0.18' from 'https://cache.nixos.org'...
2025-07-31T20:50:00.3345572Z copying path '/nix/store/3mi59bgj22xx29dyss7jhmx3sgznd85m-acl-2.3.2' from 'https://cache.nixos.org'...
2025-07-31T20:50:00.3364044Z copying path '/nix/store/j2v7jjnczkj7ra7jsgq6kv3242a1l52x-getent-glibc-2.40-66' from 'https://cache.nixos.org'...
2025-07-31T20:50:00.3368623Z copying path '/nix/store/0jzwmqm1j81n7696azyvxmk007qza014-k9s-0.50.5' from 'https://cache.nixos.org'...
2025-07-31T20:50:00.3524982Z copying path '/nix/store/1abbyfv3bpxalfjfgpmwg8jcy931bf76-bzip2-1.0.8-bin' from 'https://cache.nixos.org'...
2025-07-31T20:50:00.3621787Z copying path '/nix/store/4v64wga9rk0c919ip673j36g6ikx26ha-keyutils-1.6.3-lib' from 'https://cache.nixos.org'...
2025-07-31T20:50:00.3775575Z copying path '/nix/store/z8fh9w8y3hlckw7zqi29hgfz0x5gyi0s-kubernetes-helm-3.17.3' from 'https://cache.nixos.org'...
2025-07-31T20:50:00.3852799Z copying path '/nix/store/1rlljm73ch98b2q9qqk8g0vhv2n9mya8-libapparmor-4.1.0' from 'https://cache.nixos.org'...
2025-07-31T20:50:00.3950486Z copying path '/nix/store/bh1hxs692a2fv806wkiprig10j5znd7c-libcap-2.75-lib' from 'https://cache.nixos.org'...
2025-07-31T20:50:00.3953819Z copying path '/nix/store/aq5b44b37zp5dfwz5330pxqm699gs4g3-isl-0.20' from 'https://cache.nixos.org'...
2025-07-31T20:50:00.3967086Z copying path '/nix/store/dfznrcrr2raj9x4bdysvs896jfnx84ih-libcbor-0.12.0' from 'https://cache.nixos.org'...
2025-07-31T20:50:00.4074779Z copying path '/nix/store/wrxvqj822kz8746608lgns7h8mkpn79f-gnutar-1.35' from 'https://cache.nixos.org'...
2025-07-31T20:50:00.4082975Z copying path '/nix/store/yai7mpy5d4rw0jvflyxdf0vzjkiqxhv6-libevent-2.1.12' from 'https://cache.nixos.org'...
2025-07-31T20:50:00.4232301Z copying path '/nix/store/afhkqb5a94zlwjxigsnwsfwkf38h21dk-gzip-1.14' from 'https://cache.nixos.org'...
2025-07-31T20:50:00.4236376Z copying path '/nix/store/90c412b9wqhfny300rg5s2gpsbrqb31q-libffi-3.4.8' from 'https://cache.nixos.org'...
2025-07-31T20:50:00.4326519Z copying path '/nix/store/9hbdbr5hikxjb16ir40w2v24gbivv22x-libmnl-1.0.5' from 'https://cache.nixos.org'...
2025-07-31T20:50:00.4332058Z copying path '/nix/store/9z7wv6k9i38k83xpbgqcapaxhdkbaqhz-libgpg-error-1.51' from 'https://cache.nixos.org'...
2025-07-31T20:50:00.4517631Z copying path '/nix/store/r25srliigrrv5q3n7y8ms6z10spvjcd9-glibc-2.40-66-dev' from 'https://cache.nixos.org'...
2025-07-31T20:50:00.4685967Z copying path '/nix/store/ygz5dcpzd7qkw44wpbd65rl6amwpxp5f-libnfnetlink-1.0.2' from 'https://cache.nixos.org'...
2025-07-31T20:50:00.4805942Z copying path '/nix/store/635dz3p1afjwym9snp2r9hm0vaznwngy-libnl-3.11.0' from 'https://cache.nixos.org'...
2025-07-31T20:50:00.4852534Z copying path '/nix/store/bxs5j3zhh35nwhyhwc3db724c7nzfl36-libpsl-0.21.5' from 'https://cache.nixos.org'...
2025-07-31T20:50:00.4922786Z copying path '/nix/store/a7zbljj0cwkbfzn22v6s2cbh39dj9hip-libseccomp-2.6.0-lib' from 'https://cache.nixos.org'...
2025-07-31T20:50:00.5106876Z copying path '/nix/store/zf61wng66ik05clni78571wfmfp5kqzq-libtasn1-4.20.0' from 'https://cache.nixos.org'...
2025-07-31T20:50:00.5343993Z copying path '/nix/store/f7y5q4jwja2z3i5zlylgbv5av6839a54-libnftnl-1.2.9' from 'https://cache.nixos.org'...
2025-07-31T20:50:00.5540187Z copying path '/nix/store/qizipyz9y17nr4w4gmxvwd3x4k0bp2rh-libxcrypt-4.4.38' from 'https://cache.nixos.org'...
2025-07-31T20:50:00.5603132Z copying path '/nix/store/6wrjb93m2arv7adx6k2x9nlb0y7rmgpi-libnetfilter_conntrack-1.1.0' from 'https://cache.nixos.org'...
2025-07-31T20:50:00.5761650Z copying path '/nix/store/xv0pc5nc41v5vi0lac1i2d353s3rqlkm-libxml2-2.13.8' from 'https://cache.nixos.org'...
2025-07-31T20:50:00.5994110Z copying path '/nix/store/51sr6m5fb8fff9vydnz7gkqyl5sjpixl-lz4-1.10.0-lib' from 'https://cache.nixos.org'...
2025-07-31T20:50:00.6163552Z copying path '/nix/store/wyf93cvh25b2xg82mkjcpmwgcspk0ggr-mpdecimal-4.0.0' from 'https://cache.nixos.org'...
2025-07-31T20:50:00.6165955Z copying path '/nix/store/rmrbzp98xrk54pdlm7cxhayj4344zw6h-libassuan-3.0.2' from 'https://cache.nixos.org'...
2025-07-31T20:50:00.6295384Z copying path '/nix/store/0dqmgjr0jsc2s75sbgdvkk7d08zx5g61-libgcrypt-1.10.3-lib' from 'https://cache.nixos.org'...
2025-07-31T20:50:00.6356384Z copying path '/nix/store/n52k1dccv0mipz1s4gkk45x64cmmcvrf-mpfr-4.2.2' from 'https://cache.nixos.org'...
2025-07-31T20:50:00.6432086Z copying path '/nix/store/fm2ky0fkkkici6zpf2s41c1lvkcpfbm5-db-4.8.30' from 'https://cache.nixos.org'...
2025-07-31T20:50:00.6721511Z copying path '/nix/store/sdqvwr8gc74ms9cgf56yvy409xvl8hsf-gettext-0.22.5' from 'https://cache.nixos.org'...
2025-07-31T20:50:00.6796445Z copying path '/nix/store/kxhsmlrscry4pvbpwkbbbxsksmzg0gp0-gmp-with-cxx-6.3.0' from 'https://cache.nixos.org'...
2025-07-31T20:50:00.6881774Z copying path '/nix/store/nzg6zqsijbv7yc95wlfcdswx6bg69srq-gmp-with-cxx-6.3.0' from 'https://cache.nixos.org'...
2025-07-31T20:50:00.7074056Z copying path '/nix/store/i4lj3w4yd9x9jbi7a1xhjqsr7bg8jq7p-icu4c-76.1' from 'https://cache.nixos.org'...
2025-07-31T20:50:00.7167503Z copying path '/nix/store/vfmnmqsnfiiqmphy7ffh2zqynsxfck1q-ncurses-6.5' from 'https://cache.nixos.org'...
2025-07-31T20:50:00.7193275Z copying path '/nix/store/v7rzgm8p6p0ghg5mqcin4vbx6pcrvc0j-nghttp2-1.65.0-lib' from 'https://cache.nixos.org'...
2025-07-31T20:50:00.7510207Z copying path '/nix/store/1r4qwdkxwc1r3n0bij0sq9q4nvfraw6i-libpcap-1.10.5' from 'https://cache.nixos.org'...
2025-07-31T20:50:00.7637929Z copying path '/nix/store/w5jysn25rynd1d4f3z1nzdkm3rv7rmf0-nghttp2-1.65.0-lib' from 'https://cache.nixos.org'...
2025-07-31T20:50:00.7751283Z copying path '/nix/store/ci5nyvrii461hnaw267c1zvna0sjfxif-npth-1.8' from 'https://cache.nixos.org'...
2025-07-31T20:50:00.7967156Z copying path '/nix/store/8pviily4fgsl02ijm65binz236717wfs-openssl-3.4.1' from 'https://cache.nixos.org'...
2025-07-31T20:50:00.8244657Z copying path '/nix/store/mb407pssv7zc7pfb4d910k6fshfagm6j-libmpc-1.3.1' from 'https://cache.nixos.org'...
2025-07-31T20:50:00.8583712Z copying path '/nix/store/qr2rzzddcyvmdlrq1fy68c3nwcz29jyb-openssl-3.4.1' from 'https://cache.nixos.org'...
2025-07-31T20:50:00.8628946Z copying path '/nix/store/9m6a4iv2nh6v4aga830r499s4arknsfb-p11-kit-0.25.5' from 'https://cache.nixos.org'...
2025-07-31T20:50:00.8705149Z copying path '/nix/store/m4yrdwg3zv50mw8hy2zni5dyy7ljlg7j-nettle-3.10.1' from 'https://cache.nixos.org'...
2025-07-31T20:50:00.8724569Z copying path '/nix/store/87fck6hm17chxjq7badb11mq036zbyv9-coreutils-9.7' from 'https://cache.nixos.org'...
2025-07-31T20:50:00.8867112Z copying path '/nix/store/x0kaspzb5jqvgp357bj27z6iq24ximfg-patch-2.7.6' from 'https://cache.nixos.org'...
2025-07-31T20:50:00.8933795Z copying path '/nix/store/md8kapandyhs7bbw5s782aanw38p2kax-gnupg-2.4.7' from 'https://cache.nixos.org'...
2025-07-31T20:50:00.9702051Z copying path '/nix/store/2jc1jmzis19adawjwhl8qhdvh7vlbk0q-patchelf-0.15.0' from 'https://cache.nixos.org'...
2025-07-31T20:50:00.9894978Z copying path '/nix/store/zh2hx7p0dgkpn08m4gx1csg970dp8b0g-nghttp2-1.65.0-dev' from 'https://cache.nixos.org'...
2025-07-31T20:50:01.0269451Z copying path '/nix/store/wxkbp7kwvpxvjh28rigmf6lfq64zlsyj-iptables-1.8.11' from 'https://cache.nixos.org'...
2025-07-31T20:50:01.1104452Z copying path '/nix/store/a9c6rz5183psp30q1nhkakis6ab4km4b-pcre2-10.44' from 'https://cache.nixos.org'...
2025-07-31T20:50:01.1194542Z copying path '/nix/store/qqpgwzhpakcqaz6fiy95x19iydj471ca-pcsclite-2.3.0-lib' from 'https://cache.nixos.org'...
2025-07-31T20:50:01.1518005Z copying path '/nix/store/r4bvdpg1761bqc4jxn4sqxr6ymbcdw8f-perl5.40.0-Clone-0.46' from 'https://cache.nixos.org'...
2025-07-31T20:50:01.1622872Z copying path '/nix/store/vqhxms7i64vb86p07i8q50x32yi9gv5c-perl5.40.0-FCGI-0.82' from 'https://cache.nixos.org'...
2025-07-31T20:50:01.1685003Z copying path '/nix/store/7h0sard22wnbz0jyz07w8y9y0fcs795r-diffutils-3.12' from 'https://cache.nixos.org'...
2025-07-31T20:50:01.1924414Z copying path '/nix/store/7y59hzi3svdj1xjddjn2k7km96pifcyl-findutils-4.10.0' from 'https://cache.nixos.org'...
2025-07-31T20:50:01.2582744Z copying path '/nix/store/bafwfabi148bigqra4nc5w029zj7dx7c-perl5.40.0-TermReadKey-2.38' from 'https://cache.nixos.org'...
2025-07-31T20:50:01.2688288Z copying path '/nix/store/8235ynhyv1ilxb8b45mfm2gg00c7514r-prometheus-3.1.0' from 'https://cache.nixos.org'...
2025-07-31T20:50:01.2726693Z copying path '/nix/store/7dac1achpwid46gi2a0p751jgn907p6w-protoc-gen-connect-go-1.18.1' from 'https://cache.nixos.org'...
2025-07-31T20:50:01.2957346Z copying path '/nix/store/1l2x502h3j9bkp2ln3axm9qp70ibg7a1-qrencode-4.1.1' from 'https://cache.nixos.org'...
2025-07-31T20:50:01.3070069Z copying path '/nix/store/971mpk4nqhqcxggx0yi60w9y1ya570bj-readline-8.2p13' from 'https://cache.nixos.org'...
2025-07-31T20:50:01.3107471Z copying path '/nix/store/v03zr9slrp64psxlpwh7gn0m5gcdglwm-systemd-minimal-libs-257.5' from 'https://cache.nixos.org'...
2025-07-31T20:50:01.3115062Z copying path '/nix/store/8y5hcryppj548yfx6akiw93qrw8zv6js-unbound-1.23.0-lib' from 'https://cache.nixos.org'...
2025-07-31T20:50:01.3814750Z copying path '/nix/store/vim07ywfgdqz217qnmik9knbmm5glpcn-perl5.40.0-HTTP-Message-6.45' from 'https://cache.nixos.org'...
2025-07-31T20:50:01.3957081Z copying path '/nix/store/bmjb20jhxkq881f43pd264240sp677an-krb5-1.21.3-lib' from 'https://cache.nixos.org'...
2025-07-31T20:50:01.4124886Z copying path '/nix/store/bmckdjhp1cn78n4md1m55zglpqxwijj3-libtpms-0.10.0' from 'https://cache.nixos.org'...
2025-07-31T20:50:01.4166482Z copying path '/nix/store/d4knbwl8kbkaai01bp5pb0ph0xpb7bnz-perl5.40.0-Net-SSLeay-1.92' from 'https://cache.nixos.org'...
2025-07-31T20:50:01.4356776Z copying path '/nix/store/gqmr3gixlddz3667ba1iyqck3c0dkpvd-gnugrep-3.11' from 'https://cache.nixos.org'...
2025-07-31T20:50:01.4393253Z copying path '/nix/store/jc4bqxwq93ki4b5wf638sgygd1ghjz7a-krb5-1.21.3-lib' from 'https://cache.nixos.org'...
2025-07-31T20:50:01.4504228Z copying path '/nix/store/xr3wxsyn60shsns69sgkxfhv2d95536w-openssl-3.4.1-bin' from 'https://cache.nixos.org'...
2025-07-31T20:50:01.5315367Z copying path '/nix/store/675r4l9rpmaxdanw0i48z4n7gzchngv7-util-linux-minimal-2.41-login' from 'https://cache.nixos.org'...
2025-07-31T20:50:01.5345062Z copying path '/nix/store/j6rlrmd7jqk1902s98mjjxj8d563hv8q-perl5.40.0-HTML-Parser-3.81' from 'https://cache.nixos.org'...
2025-07-31T20:50:01.5903798Z copying path '/nix/store/1q9lw4r2mbap8rsr8cja46nap6wvrw2p-bash-interactive-5.2p37' from 'https://cache.nixos.org'...
2025-07-31T20:50:01.6206602Z copying path '/nix/store/cxqg93vhjddswn75f5bdzbkcpbix32gg-perl5.40.0-HTTP-Cookies-6.10' from 'https://cache.nixos.org'...
2025-07-31T20:50:01.6523815Z copying path '/nix/store/2pvhq9kgqh5669qj6805vpasngivad8h-lvm2-2.03.31-lib' from 'https://cache.nixos.org'...
2025-07-31T20:50:01.6817182Z copying path '/nix/store/dfyds9allpyy0nwhr2j729jvkb49mrxn-perl5.40.0-HTTP-Daemon-6.16' from 'https://cache.nixos.org'...
2025-07-31T20:50:01.7004240Z copying path '/nix/store/3pd9kl0nnn22in35ad4p6v5zha8s24gj-perl5.40.0-HTTP-Negotiate-6.01' from 'https://cache.nixos.org'...
2025-07-31T20:50:01.7040850Z copying path '/nix/store/n75k5rjvbc7gfp4zpajpab5rykajdcmy-perl5.40.0-IO-Socket-SSL-2.083' from 'https://cache.nixos.org'...
2025-07-31T20:50:01.7206786Z copying path '/nix/store/pa60s415p92gnhv5ffz1bmfgzzfvhvd8-xz-5.8.1' from 'https://cache.nixos.org'...
2025-07-31T20:50:01.7209168Z copying path '/nix/store/jrfl1fwkb3aqbh19ap1ipk8sjlbpcjy4-openssl-3.4.1-dev' from 'https://cache.nixos.org'...
2025-07-31T20:50:01.7511295Z copying path '/nix/store/fmf4095h2x5rxsgsyxz655049k2ibchl-perl5.40.0-CGI-4.59' from 'https://cache.nixos.org'...
2025-07-31T20:50:01.7537119Z copying path '/nix/store/ab94zphiyyy8xa1adssy4n94f4nn799l-z3-4.15.1-lib' from 'https://cache.nixos.org'...
2025-07-31T20:50:01.7603447Z copying path '/nix/store/srby6wmvg7dp454pwb6qvaxdiri38sc1-zlib-1.3.1' from 'https://cache.nixos.org'...
2025-07-31T20:50:01.7607765Z copying path '/nix/store/k8asbblj2xn748rslklcll68b4ygh2am-zlib-ng-2.2.4' from 'https://cache.nixos.org'...
2025-07-31T20:50:01.7674619Z copying path '/nix/store/d8vq999dg607ha6718fimpakacfax0gd-zstd-1.5.7' from 'https://cache.nixos.org'...
2025-07-31T20:50:01.7708224Z copying path '/nix/store/qih5jc5im739yjgdslbswyxmz8kslqdl-perl5.40.0-Net-SMTP-SSL-1.04' from 'https://cache.nixos.org'...
2025-07-31T20:50:01.7866816Z copying path '/nix/store/0gn4mrgjlx9dhffs19yshpdrhi9pcbyl-perl5.40.0-CGI-Fast-2.16' from 'https://cache.nixos.org'...
2025-07-31T20:50:01.7873371Z copying path '/nix/store/974a51073v6cb7cr5j0dazanxzmk9bxg-binutils-2.44-lib' from 'https://cache.nixos.org'...
2025-07-31T20:50:01.7875378Z copying path '/nix/store/a7h3ly9qzh8wk1vsycpdk69xp82dl5ry-cracklib-2.10.0' from 'https://cache.nixos.org'...
2025-07-31T20:50:01.8178565Z copying path '/nix/store/imhzyxqr7swq08ip81az5kfa07r07kg0-file-5.46' from 'https://cache.nixos.org'...
2025-07-31T20:50:01.8214520Z copying path '/nix/store/9ds850ifd4jwcccpp3v14818kk74ldf2-gcc-14.2.1.20250322' from 'https://cache.nixos.org'...
2025-07-31T20:50:01.8300441Z copying path '/nix/store/yba197xwc8vvxv9wmcrs9bngmmgp5njb-gnutls-3.8.9' from 'https://cache.nixos.org'...
2025-07-31T20:50:01.8312653Z copying path '/nix/store/4f7ssdb8qgaajl4pr1s1p77r51qsrb8y-kexec-tools-2.0.29' from 'https://cache.nixos.org'...
2025-07-31T20:50:01.8359710Z copying path '/nix/store/dd8qw391ljsri9mkx07mihb1ap0g52mp-krb5-1.21.3' from 'https://cache.nixos.org'...
2025-07-31T20:50:01.8774668Z copying path '/nix/store/5f0bv68v1sjrp4pnr8c6p7k04271659w-libfido2-1.15.0' from 'https://cache.nixos.org'...
2025-07-31T20:50:01.9026952Z copying path '/nix/store/9642gi5dl4w9nkhab0l6xry685cg403c-libssh2-1.11.1' from 'https://cache.nixos.org'...
2025-07-31T20:50:01.9433676Z copying path '/nix/store/qvyvscqgr6vyqvmjdgxqa521myv5db0p-kmod-31' from 'https://cache.nixos.org'...
2025-07-31T20:50:02.0831777Z copying path '/nix/store/mzvz45f54a0r0zjjygvlzn6pidfkkwj3-audit-4.0.3-lib' from 'https://cache.nixos.org'...
2025-07-31T20:50:02.0901149Z copying path '/nix/store/89bxhx3rhk6r4d5fvwaysrykpmvmgcnm-kmod-31-lib' from 'https://cache.nixos.org'...
2025-07-31T20:50:02.0945189Z copying path '/nix/store/g91dviqva4rkkw8lw30zy3gj14c1p23s-libarchive-3.7.8-lib' from 'https://cache.nixos.org'...
2025-07-31T20:50:02.1414688Z copying path '/nix/store/v578vkzh0qhzczjvrzf64lqb2c74d5pk-curl-8.13.0' from 'https://cache.nixos.org'...
2025-07-31T20:50:02.1466953Z copying path '/nix/store/hbg912lq82jclwv8xnrwx5dgm8wq79sb-libssh2-1.11.1' from 'https://cache.nixos.org'...
2025-07-31T20:50:02.1813694Z copying path '/nix/store/mgzqqyadpfwhqq68lpfp7c91ywzrzm10-krb5-1.21.3-dev' from 'https://cache.nixos.org'...
2025-07-31T20:50:02.2253080Z copying path '/nix/store/v63bxfiacw082c7ijshf60alvvrpfxsq-binutils-2.44' from 'https://cache.nixos.org'...
2025-07-31T20:50:02.2444250Z copying path '/nix/store/1dxfw2zshri809ddyfqllvff3cfj96ma-libmicrohttpd-1.0.1' from 'https://cache.nixos.org'...
2025-07-31T20:50:02.2811441Z copying path '/nix/store/al9x8cr5xifp3qd2f5cdzh6z603kb5ps-perl-5.40.0' from 'https://cache.nixos.org'...
2025-07-31T20:50:02.3167888Z copying path '/nix/store/yfjzkkkyxcalyj7l1n4d4y6s81i65hmy-sqlite-3.48.0' from 'https://cache.nixos.org'...
2025-07-31T20:50:02.3424418Z copying path '/nix/store/vrdwlbzr74ibnzcli2yl1nxg9jqmr237-linux-pam-1.6.1' from 'https://cache.nixos.org'...
2025-07-31T20:50:02.3476063Z copying path '/nix/store/98zamhd8d0jq3skqwz28dlgph94mrqir-xz-5.8.1-bin' from 'https://cache.nixos.org'...
2025-07-31T20:50:02.4074343Z copying path '/nix/store/cly4pxh7avd579girjmpxmx8z6ad4dyp-elfutils-0.192' from 'https://cache.nixos.org'...
2025-07-31T20:50:02.4236736Z copying path '/nix/store/3f5adc5ygjllrbgm913gabzf9afmkh7s-curl-8.13.0' from 'https://cache.nixos.org'...
2025-07-31T20:50:02.5397230Z copying path '/nix/store/9pfg9c10kjqzbdfy37vhylkqhmwf1208-libssh2-1.11.1-dev' from 'https://cache.nixos.org'...
2025-07-31T20:50:02.5408196Z copying path '/nix/store/cbdvjyn19y77m8l06n089x30v7irqz3j-zlib-1.3.1-dev' from 'https://cache.nixos.org'...
2025-07-31T20:50:02.5419708Z copying path '/nix/store/l9xn7mbn0wh0z7swfcfj1n56byvcrisw-zstd-1.5.7-bin' from 'https://cache.nixos.org'...
2025-07-31T20:50:02.5808837Z copying path '/nix/store/aq801xbgs98nxx3lckrym06qfvl8mfsf-stdenv-linux' from 'https://cache.nixos.org'...
2025-07-31T20:50:02.7159666Z copying path '/nix/store/grpscx1ba72r34zbdkq8im08xmjrkad0-boost-1.87.0' from 'https://cache.nixos.org'...
2025-07-31T20:50:02.7170682Z copying path '/nix/store/r03ly1w54924k8fag1dhjl3yrllj6czd-util-linux-minimal-2.41-lib' from 'https://cache.nixos.org'...
2025-07-31T20:50:02.7672890Z copying path '/nix/store/bmmmy3sz3fmlxx64rlw1apm7ffywpyap-libpwquality-1.4.5-lib' from 'https://cache.nixos.org'...
2025-07-31T20:50:02.7794168Z copying path '/nix/store/a1v66jvhbr6xia023m16c4pkhxrpkqqr-curl-8.13.0-bin' from 'https://cache.nixos.org'...
2025-07-31T20:50:02.8475040Z copying path '/nix/store/9r81a64smasyz3j7x3ah684hyzivmplx-kbd-2.7.1' from 'https://cache.nixos.org'...
2025-07-31T20:50:02.8648211Z copying path '/nix/store/0dw5b8ypwqy87xrb0jgn5ygpzsiv6di9-curl-8.13.0-dev' from 'https://cache.nixos.org'...
2025-07-31T20:50:02.8717691Z copying path '/nix/store/dw5aa0sf40aahg0fbwgfjwhjxnnrmipl-shellcheck-0.10.0-bin' from 'https://cache.nixos.org'...
2025-07-31T20:50:02.8736424Z copying path '/nix/store/7f3nwfvk0f32663rz1xn38cbsl66idx2-libbpf-1.5.0' from 'https://cache.nixos.org'...
2025-07-31T20:50:02.9678608Z building '/nix/store/99c82r6q9jma7g5hzimr3l4z629afmqk-kind-with-registry.sh.drv'...
2025-07-31T20:50:02.9701475Z copying path '/nix/store/m4w8d2h3v76anng7s9cv9c1iq9w6y2jj-cryptsetup-2.7.5' from 'https://cache.nixos.org'...
2025-07-31T20:50:02.9786391Z copying path '/nix/store/8w718rm43x7z73xhw9d6vh8s4snrq67h-python3-3.12.10' from 'https://cache.nixos.org'...
2025-07-31T20:50:02.9807280Z copying path '/nix/store/a885zzx9s5y8dxbfvahwdcwcx6pdzm9q-tpm2-tss-4.1.3' from 'https://cache.nixos.org'...
2025-07-31T20:50:02.9812669Z copying path '/nix/store/agpxymqp96k4bksyz3bbzr5y8jgykf4p-util-linux-minimal-2.41-mount' from 'https://cache.nixos.org'...
2025-07-31T20:50:03.0230525Z copying path '/nix/store/jws80m7djgv03chq0ylw7vmv3vqsbvgg-util-linux-minimal-2.41-swap' from 'https://cache.nixos.org'...
2025-07-31T20:50:03.3273715Z copying path '/nix/store/if9z6wmzmb07j63c02mvfkhn1mw1w5p4-systemd-257.5' from 'https://cache.nixos.org'...
2025-07-31T20:50:03.3709931Z copying path '/nix/store/gxzk021q0f0h0jqwxiqikl1gkiih7qiq-shellcheck-0.10.0' from 'https://cache.nixos.org'...
2025-07-31T20:50:03.6500816Z copying path '/nix/store/lzy7d0z17q11m9g3ggx0kqq498wz9g6m-solc-0.8.28' from 'https://cache.nixos.org'...
2025-07-31T20:50:03.7533925Z copying path '/nix/store/hhfm5fkvb1alg1np5a69m2qlcjqhr062-binutils-wrapper-2.44' from 'https://cache.nixos.org'...
2025-07-31T20:50:04.4609393Z copying path '/nix/store/p90lckzsmp16zh0rfx7pfc6ryf77y3c6-perl5.40.0-libwww-perl-6.72' from 'https://cache.nixos.org'...
2025-07-31T20:50:04.6207931Z copying path '/nix/store/0yh5wr3mhk09q1bxzh1l7fakkvdsdi67-promtail-3.4.4' from 'https://cache.nixos.org'...
2025-07-31T20:50:05.6628575Z copying path '/nix/store/805a5wv1cyah5awij184yfad1ksmbh9f-git-2.49.0' from 'https://cache.nixos.org'...
2025-07-31T20:50:06.8530329Z copying path '/nix/store/0fsnicvfpf55nkza12cjnad0w84d6ba7-gcc-wrapper-14.2.1.20250322' from 'https://cache.nixos.org'...
2025-07-31T20:50:06.8638254Z copying path '/nix/store/nivcx63drxqzm6pic6vm2wbkxl368w83-stdenv-linux' from 'https://cache.nixos.org'...
2025-07-31T20:50:06.9201956Z building '/nix/store/v8pnp5xw7q2k443b6vd42qb4b1hwxjyx-kind-with-registry-1.0.0.drv'...
2025-07-31T20:50:07.0145250Z building '/nix/store/ayfxm9ax1f2w9k8ngmdx8ddlk9zg1n2d-nix-shell-env.drv'...
2025-07-31T20:50:07.6926015Z this path will be fetched (0.10 MiB download, 0.10 MiB unpacked):
2025-07-31T20:50:07.6927444Z   /nix/store/s3zz5nasd7qr894a8jrp6fy52pdrz2f1-bash-interactive-5.2p37-man
2025-07-31T20:50:07.6935692Z copying path '/nix/store/s3zz5nasd7qr894a8jrp6fy52pdrz2f1-bash-interactive-5.2p37-man' from 'https://cache.nixos.org'...
2025-07-31T20:50:07.7450859Z dependencies installed
2025-07-31T20:50:07.7515981Z ##[group]Run $GITHUB_ACTION_PATH/notify-metrics-availability.sh
2025-07-31T20:50:07.7516621Z [36;1m$GITHUB_ACTION_PATH/notify-metrics-availability.sh[0m
2025-07-31T20:50:07.7553674Z shell: /usr/bin/bash --noprofile --norc -e -o pipefail {0}
2025-07-31T20:50:07.7554173Z env:
2025-07-31T20:50:07.7554470Z   TMPDIR: /home/runner/work/_temp
2025-07-31T20:50:07.7556121Z   GRAFANA_URL: https://grafana-poc.avax-dev.network/d/kBQpRdWnk/avalanche-main-dashboard?orgId=1&refresh=10s&var-filter=is_ephemeral_node%7C%3D%7Cfalse&var-filter=gh_repo%7C%3D%7Cava-labs%2Fsubnet-evm&var-filter=gh_run_id%7C%3D%7C16659661225&var-filter=gh_run_attempt%7C%3D%7C1
2025-07-31T20:50:07.7557762Z   GH_JOB_ID: e2e_warp
2025-07-31T20:50:07.7558076Z   FILTER_BY_OWNER: 
2025-07-31T20:50:07.7558379Z ##[endgroup]
2025-07-31T20:50:07.7653533Z grafana link for shared network logs and metrics: https://grafana-poc.avax-dev.network/d/kBQpRdWnk/avalanche-main-dashboard?orgId=1&refresh=10s&var-filter=is_ephemeral_node%7C%3D%7Cfalse&var-filter=gh_repo%7C%3D%7Cava-labs%2Fsubnet-evm&var-filter=gh_run_id%7C%3D%7C16659661225&var-filter=gh_run_attempt%7C%3D%7C1&var-filter=gh_job_id%7C%3D%7Ce2e_warp&from=1753995007000&to=1753995907000
2025-07-31T20:50:07.7689970Z ##[group]Run $GITHUB_ACTION_PATH/nix-develop.sh --impure --command bash -x ./scripts/run_task.sh test-e2e-warp-ci
2025-07-31T20:50:07.7691140Z [36;1m $GITHUB_ACTION_PATH/nix-develop.sh --impure --command bash -x ./scripts/run_task.sh test-e2e-warp-ci[0m
2025-07-31T20:50:07.7725786Z shell: /usr/bin/bash --noprofile --norc -e -o pipefail {0}
2025-07-31T20:50:07.7726291Z env:
2025-07-31T20:50:07.7726593Z   TMPDIR: /home/runner/work/_temp
2025-07-31T20:50:07.7727017Z   TMPNET_START_METRICS_COLLECTOR: true
2025-07-31T20:50:07.7727463Z   TMPNET_START_LOGS_COLLECTOR: true
2025-07-31T20:50:07.7727893Z   TMPNET_CHECK_METRICS_COLLECTED: true
2025-07-31T20:50:07.7728318Z   TMPNET_CHECK_LOGS_COLLECTED: true
2025-07-31T20:50:07.7728783Z   LOKI_USERNAME: ***
2025-07-31T20:50:07.7729249Z   LOKI_PASSWORD: ***
2025-07-31T20:50:07.7729603Z   PROMETHEUS_USERNAME: ***
2025-07-31T20:50:07.7730298Z   PROMETHEUS_PASSWORD: ***
2025-07-31T20:50:07.7730668Z   GH_REPO: ava-labs/subnet-evm
2025-07-31T20:50:07.7731041Z   GH_WORKFLOW: Tests
2025-07-31T20:50:07.7731363Z   GH_RUN_ID: 16659661225
2025-07-31T20:50:07.7731699Z   GH_RUN_NUMBER: 2455
2025-07-31T20:50:07.7732019Z   GH_RUN_ATTEMPT: 1
2025-07-31T20:50:07.7732320Z   GH_JOB_ID: e2e_warp
2025-07-31T20:50:07.7732622Z ##[endgroup]
2025-07-31T20:50:07.7813228Z No local flake found, will attempt to use avalanchego flake
2025-07-31T20:50:07.7904488Z Starting nix shell for github:ava-labs/avalanchego?ref=v1.13.3
2025-07-31T20:50:10.2910975Z + set -euo pipefail
2025-07-31T20:50:10.2911427Z + command -v task
2025-07-31T20:50:10.2912025Z + exec task test-e2e-warp-ci
2025-07-31T20:50:10.3122056Z task: [install-avalanchego-release] ./scripts/install_avalanchego_release.sh
2025-07-31T20:50:10.3626171Z Using branch: 458961795
2025-07-31T20:50:10.4817982Z https://github.com/ava-labs/avalanchego/releases/download/v1.13.3/avalanchego-linux-amd64-v1.13.3.tar.gz found
2025-07-31T20:50:10.4819277Z downloading to /tmp/e2e-test/avalanchego-linux-amd64-v1.13.3.tar.gz
2025-07-31T20:50:10.4870236Z   % Total    % Received % Xferd  Average Speed   Time    Time     Time  Current
2025-07-31T20:50:10.4871903Z                                  Dload  Upload   Total   Spent    Left  Speed
2025-07-31T20:50:10.4872363Z 
2025-07-31T20:50:10.5173816Z   0     0    0     0    0     0      0      0 --:--:-- --:--:-- --:--:--     0
2025-07-31T20:50:10.5174711Z   0     0    0     0    0     0      0      0 --:--:-- --:--:-- --:--:--     0
2025-07-31T20:50:10.6814905Z 
2025-07-31T20:50:10.6815910Z 100 39.2M  100 39.2M    0     0   201M      0 --:--:-- --:--:-- --:--:--  201M
2025-07-31T20:50:10.6937844Z avalanchego-v1.13.3/avalanchego
2025-07-31T20:50:11.1124551Z Installed AvalancheGo release v1.13.3
2025-07-31T20:50:11.1125515Z AvalancheGo Path: /tmp/e2e-test/avalanchego/avalanchego
2025-07-31T20:50:11.1126316Z Plugin Dir: /home/runner/.avalanchego/plugins
2025-07-31T20:50:11.1162933Z task: [build] ./scripts/build.sh
2025-07-31T20:50:11.1676429Z Using branch: 458961795
2025-07-31T20:50:11.1678619Z Building Subnet EVM @ GitCommit: 458961795523cdde7218683f234d1bdfd7d9e2c6 at /home/runner/.avalanchego/plugins/srEXiWaHuhNyGwPUi444Tu47ZEDwxTWrbQiuD7FmgSAQ6X7Dy
2025-07-31T20:50:19.0817763Z task: [test-e2e-warp] ./scripts/run_ginkgo_warp.sh
2025-07-31T20:50:19.1331947Z Using branch: 458961795
2025-07-31T20:50:19.1332861Z Running with extra args: --avalanchego-path=/tmp/e2e-test/avalanchego/avalanchego
2025-07-31T20:50:26.5994306Z Running Suite: subnet-evm warp e2e test - /home/runner/work/subnet-evm/subnet-evm/tests/warp
2025-07-31T20:50:26.5995440Z ============================================================================================
2025-07-31T20:50:26.5996156Z Random Seed: [1m1753995019[0m
2025-07-31T20:50:26.5996362Z 
2025-07-31T20:50:26.5996612Z Will run [1m5[0m of [1m5[0m specs
2025-07-31T20:50:26.5997090Z [38;5;243m------------------------------[0m
2025-07-31T20:50:26.5997547Z [0m[1m[SynchronizedBeforeSuite] [0m
2025-07-31T20:50:26.5998297Z [38;5;243m/home/runner/work/subnet-evm/subnet-evm/tests/warp/warp_test.go:92[0m
2025-07-31T20:50:26.5999646Z   > Enter [1m[SynchronizedBeforeSuite][0m TOP-LEVEL [38;5;243m- /home/runner/work/subnet-evm/subnet-evm/tests/warp/warp_test.go:92 @ 07/31/25 20:50:26.599[0m
2025-07-31T20:50:26.6007242Z    [0;0mINFO[0;0m	writing collector config	{"cmd": "prometheus", "path": "/home/runner/.tmpnet/prometheus/prometheus.yaml"}
2025-07-31T20:50:26.6012951Z    [0;0mINFO[0;0m	starting collector	{"cmd": "prometheus", "workingDir": "/home/runner/.tmpnet/prometheus", "fullCmd": "nohup prometheus --config.file=prometheus.yaml --web.listen-address=127.0.0.1:9090 --agent --storage.agent.path=./data > prometheus.log 2>&1 & echo -n \"$!\" > /home/runner/.tmpnet/prometheus/run.pid", "logPath": "/home/runner/.tmpnet/prometheus/prometheus.log"}
2025-07-31T20:50:26.7017725Z    [0;0mINFO[0;0m	started collector	{"cmd": "prometheus", "pid": 4477}
2025-07-31T20:50:26.7020643Z    [0;0mINFO[0;0m	waiting for collector readiness	{"cmd": "prometheus", "url": "http://127.0.0.1:9090/-/ready", "logPath": "/home/runner/.tmpnet/prometheus/prometheus.log"}
2025-07-31T20:50:26.7025378Z    [0;0mINFO[0;0m	collector ready	{"cmd": "prometheus"}
2025-07-31T20:50:26.7026198Z    [0;0mINFO[0;0m	To stop: tmpnetctl stop-metrics-collector
2025-07-31T20:50:26.7028222Z    [0;0mINFO[0;0m	writing collector config	{"cmd": "promtail", "path": "/home/runner/.tmpnet/promtail/promtail.yaml"}
2025-07-31T20:50:26.7031237Z    [0;0mINFO[0;0m	starting collector	{"cmd": "promtail", "workingDir": "/home/runner/.tmpnet/promtail", "fullCmd": "nohup promtail -config.file=promtail.yaml > promtail.log 2>&1 & echo -n \"$!\" > /home/runner/.tmpnet/promtail/run.pid", "logPath": "/home/runner/.tmpnet/promtail/promtail.log"}
2025-07-31T20:50:26.8037450Z    [0;0mINFO[0;0m	started collector	{"cmd": "promtail", "pid": 4487}
2025-07-31T20:50:26.9041097Z    [0;0mINFO[0;0m	skipping promtail readiness check until one or more nodes have written their service discovery configuration
2025-07-31T20:50:26.9043051Z    [0;0mINFO[0;0m	To stop: tmpnetctl stop-logs-collector
2025-07-31T20:50:26.9044389Z    [0;0mINFO[0;0m	waiting for network to start	{"timeoutSeconds": 120}
2025-07-31T20:50:27.1725889Z    [0;0mINFO[0;0m	preparing configuration for new network	{"runtimeConfig": {"process":{"avalancheGoPath":"/tmp/e2e-test/avalanchego/avalanchego","pluginDir":"/home/runner/.avalanchego/plugins"}}}
2025-07-31T20:50:27.1853502Z    [0;0mINFO[0;0m	starting a single-node network with sybil protection disabled for quicker subnet creation
2025-07-31T20:50:27.1855630Z    [0;0mINFO[0;0m	starting network	{"networkDir": "/home/runner/.tmpnet/networks/20250731-205027.172366-subnet-evm-warp-e2e", "uuid": "ddb088a1-f20a-4091-9d8a-bfaafeeff940"}
2025-07-31T20:50:27.8554608Z    [0;0mINFO[0;0m	started local node	{"nodeID": "NodeID-Nc8Tkz7qFf3yXhtxB56TYwDneU6KWByFp", "dataDir": "/home/runner/.tmpnet/networks/20250731-205027.172366-subnet-evm-warp-e2e/NodeID-Nc8Tkz7qFf3yXhtxB56TYwDneU6KWByFp", "isEphemeral": false}
2025-07-31T20:50:27.8557959Z    [0;0mINFO[0;0m	waiting for nodes to report healthy
2025-07-31T20:50:29.8570197Z    [0;0mINFO[0;0m	node is healthy	{"nodeID": "NodeID-Nc8Tkz7qFf3yXhtxB56TYwDneU6KWByFp", "uri": "http://127.0.0.1:40457"}
2025-07-31T20:50:29.8572913Z    [0;0mINFO[0;0m	started network	{"networkDir": "/home/runner/.tmpnet/networks/20250731-205027.172366-subnet-evm-warp-e2e", "uuid": "ddb088a1-f20a-4091-9d8a-bfaafeeff940"}
2025-07-31T20:50:29.8578528Z    [0;0mINFO[0;0m	metrics and logs available via grafana (collectors must be running)	{"url": "https://grafana-poc.avax-dev.network/d/kBQpRdWnk/avalanche-main-dashboard?&var-filter=network_uuid%7C%3D%7Cddb088a1-f20a-4091-9d8a-bfaafeeff940&var-filter=is_ephemeral_node%7C%3D%7Cfalse&from=1753995027185&to=now", "linkPath": "/home/runner/.tmpnet/networks/20250731-205027.172366-subnet-evm-warp-e2e/metrics.txt"}
2025-07-31T20:50:29.8581803Z    [0;0mINFO[0;0m	creating subnet	{"name": "warp-subnet-a"}
2025-07-31T20:50:29.9726408Z    [0;0mINFO[0;0m	created subnet	{"name": "warp-subnet-a", "id": "2CzaFmmcC89Q7aEHcsZLDv1ovb394W9huXrASWBSKeHUnL1kUC"}
2025-07-31T20:50:29.9728004Z    [0;0mINFO[0;0m	wrote subnet configuration	{"name": "warp-subnet-a"}
2025-07-31T20:50:29.9729033Z    [0;0mINFO[0;0m	creating subnet	{"name": "warp-subnet-b"}
2025-07-31T20:50:30.0812322Z    [0;0mINFO[0;0m	created subnet	{"name": "warp-subnet-b", "id": "2mNKWbMqEQStEZ3EZ1suE7HLJaA7wXjhvp99DFJw1RyEXNTP9T"}
2025-07-31T20:50:30.0814154Z    [0;0mINFO[0;0m	wrote subnet configuration	{"name": "warp-subnet-b"}
2025-07-31T20:50:30.0826470Z    [0;0mINFO[0;0m	adding validators for subnet	{"name": "warp-subnet-a"}
2025-07-31T20:50:31.0930150Z    [0;0mINFO[0;0m	added validator to subnet	{"subnet": "warp-subnet-a", "nodeID": "NodeID-Nc8Tkz7qFf3yXhtxB56TYwDneU6KWByFp"}
2025-07-31T20:50:32.0951326Z    [0;0mINFO[0;0m	added validator to subnet	{"subnet": "warp-subnet-a", "nodeID": "NodeID-PD5Zy73v7NJoYH48bFN2pA1J7zJvmxgc"}
2025-07-31T20:50:32.0953428Z    [0;0mINFO[0;0m	adding validators for subnet	{"name": "warp-subnet-b"}
2025-07-31T20:50:33.0043608Z    [0;0mINFO[0;0m	added validator to subnet	{"subnet": "warp-subnet-b", "nodeID": "NodeID-Nc8Tkz7qFf3yXhtxB56TYwDneU6KWByFp"}
2025-07-31T20:50:34.0064478Z    [0;0mINFO[0;0m	added validator to subnet	{"subnet": "warp-subnet-b", "nodeID": "NodeID-PD5Zy73v7NJoYH48bFN2pA1J7zJvmxgc"}
2025-07-31T20:50:34.0065966Z    [0;0mINFO[0;0m	waiting for subnet validators to become active	{"subnet": "warp-subnet-a"}
2025-07-31T20:50:34.0067558Z    [0;0mINFO[0;0m	saw the expected active validators of the subnet	{"subnet": "warp-subnet-a"}
2025-07-31T20:50:34.0131440Z    [0;0mINFO[0;0m	creating chains for subnet	{"subnet": "warp-subnet-a"}
2025-07-31T20:50:35.0158561Z    [0;0mINFO[0;0m	created chain	{"chain": "d4WpCeFkrBGro6yRJ57fzhmsU9MAwK6xAHjZDiYFCNYhq8QTX", "subnet": "warp-subnet-a", "vm": "srEXiWaHuhNyGwPUi444Tu47ZEDwxTWrbQiuD7FmgSAQ6X7Dy"}
2025-07-31T20:50:35.0161224Z    [0;0mINFO[0;0m	wrote subnet configuration	{"name": "warp-subnet-a", "id": "2CzaFmmcC89Q7aEHcsZLDv1ovb394W9huXrASWBSKeHUnL1kUC"}
2025-07-31T20:50:35.0162677Z    [0;0mINFO[0;0m	waiting for subnet validators to become active	{"subnet": "warp-subnet-b"}
2025-07-31T20:50:35.0163981Z    [0;0mINFO[0;0m	saw the expected active validators of the subnet	{"subnet": "warp-subnet-b"}
2025-07-31T20:50:35.0226169Z    [0;0mINFO[0;0m	creating chains for subnet	{"subnet": "warp-subnet-b"}
2025-07-31T20:50:36.0251311Z    [0;0mINFO[0;0m	created chain	{"chain": "dQAaaZ5ujbBjZWndc5eMU52q3uSQmDfghXEQfiLx59Hjx6gQt", "subnet": "warp-subnet-b", "vm": "srEXiWaHuhNyGwPUi444Tu47ZEDwxTWrbQiuD7FmgSAQ6X7Dy"}
2025-07-31T20:50:36.0253889Z    [0;0mINFO[0;0m	wrote subnet configuration	{"name": "warp-subnet-b", "id": "2mNKWbMqEQStEZ3EZ1suE7HLJaA7wXjhvp99DFJw1RyEXNTP9T"}
2025-07-31T20:50:36.0255520Z    [0;0mINFO[0;0m	re-enabling sybil protection	{"nodeID": "NodeID-Nc8Tkz7qFf3yXhtxB56TYwDneU6KWByFp"}
2025-07-31T20:50:36.0256954Z    [0;0mINFO[0;0m	restarting bootstrap node	{"nodeID": "NodeID-Nc8Tkz7qFf3yXhtxB56TYwDneU6KWByFp"}
2025-07-31T20:50:36.7729230Z    [0;0mINFO[0;0m	started local node	{"nodeID": "NodeID-Nc8Tkz7qFf3yXhtxB56TYwDneU6KWByFp", "dataDir": "/home/runner/.tmpnet/networks/20250731-205027.172366-subnet-evm-warp-e2e/NodeID-Nc8Tkz7qFf3yXhtxB56TYwDneU6KWByFp", "isEphemeral": false}
2025-07-31T20:50:36.7742951Z    [0;0mINFO[0;0m	starting remaining nodes
2025-07-31T20:50:37.4490020Z    [0;0mINFO[0;0m	started local node	{"nodeID": "NodeID-PD5Zy73v7NJoYH48bFN2pA1J7zJvmxgc", "dataDir": "/home/runner/.tmpnet/networks/20250731-205027.172366-subnet-evm-warp-e2e/NodeID-PD5Zy73v7NJoYH48bFN2pA1J7zJvmxgc", "isEphemeral": false}
2025-07-31T20:50:37.4496718Z    [0;0mINFO[0;0m	waiting for nodes to report healthy
2025-07-31T20:50:39.4513392Z    [0;0mINFO[0;0m	node is healthy	{"nodeID": "NodeID-PD5Zy73v7NJoYH48bFN2pA1J7zJvmxgc", "uri": "http://127.0.0.1:38243"}
2025-07-31T20:50:42.8502222Z    [0;0mINFO[0;0m	node is healthy	{"nodeID": "NodeID-Nc8Tkz7qFf3yXhtxB56TYwDneU6KWByFp", "uri": "http://127.0.0.1:36093"}
2025-07-31T20:50:42.8504792Z    [0;0mINFO[0;0m	started network	{"networkDir": "/home/runner/.tmpnet/networks/20250731-205027.172366-subnet-evm-warp-e2e", "uuid": "ddb088a1-f20a-4091-9d8a-bfaafeeff940"}
2025-07-31T20:50:42.8509569Z    [0;0mINFO[0;0m	metrics and logs available via grafana (collectors must be running)	{"url": "https://grafana-poc.avax-dev.network/d/kBQpRdWnk/avalanche-main-dashboard?&var-filter=network_uuid%7C%3D%7Cddb088a1-f20a-4091-9d8a-bfaafeeff940&var-filter=is_ephemeral_node%7C%3D%7Cfalse&from=1753995036772&to=now", "linkPath": "/home/runner/.tmpnet/networks/20250731-205027.172366-subnet-evm-warp-e2e/metrics.txt"}
2025-07-31T20:50:42.8511864Z    [0;0mINFO[0;0m	network started successfully
2025-07-31T20:50:42.8513063Z    [0;0mINFO[0;0m	waiting for collector readiness	{"cmd": "promtail", "url": "http://127.0.0.1:3101/ready", "logPath": "/home/runner/.tmpnet/promtail/promtail.log"}
2025-07-31T20:50:42.8514010Z    [0;0mINFO[0;0m	collector ready	{"cmd": "promtail"}
2025-07-31T20:50:42.8523173Z    [0;0mINFO[0;0m	network nodes are available	{"uris": [{"NodeID":"NodeID-Nc8Tkz7qFf3yXhtxB56TYwDneU6KWByFp","URI":"http://127.0.0.1:36093"},{"NodeID":"NodeID-PD5Zy73v7NJoYH48bFN2pA1J7zJvmxgc","URI":"http://127.0.0.1:38243"}]}
2025-07-31T20:50:42.8525528Z   < Exit [1m[SynchronizedBeforeSuite][0m TOP-LEVEL [38;5;243m- /home/runner/work/subnet-evm/subnet-evm/tests/warp/warp_test.go:92 @ 07/31/25 20:50:42.852 (16.253s)[0m
2025-07-31T20:50:42.8527458Z   > Enter [1m[SynchronizedBeforeSuite][0m TOP-LEVEL [38;5;243m- /home/runner/work/subnet-evm/subnet-evm/tests/warp/warp_test.go:92 @ 07/31/25 20:50:42.852[0m
2025-07-31T20:50:42.8567583Z   < Exit [1m[SynchronizedBeforeSuite][0m TOP-LEVEL [38;5;243m- /home/runner/work/subnet-evm/subnet-evm/tests/warp/warp_test.go:92 @ 07/31/25 20:50:42.856 (4ms)[0m
2025-07-31T20:50:42.8569224Z [38;5;10m[SynchronizedBeforeSuite] PASSED [16.257 seconds][0m
2025-07-31T20:50:42.8570256Z [38;5;243m------------------------------[0m
2025-07-31T20:50:42.8570711Z [Warp]
2025-07-31T20:50:42.8571632Z [38;5;243m/home/runner/work/subnet-evm/subnet-evm/tests/warp/warp_test.go:160[0m
2025-07-31T20:50:42.8572288Z   [0m[1mSubnetA -> SubnetB[0m
2025-07-31T20:50:42.8573385Z   [38;5;243m/home/runner/work/subnet-evm/subnet-evm/tests/warp/warp_test.go:186[0m
2025-07-31T20:50:42.8575414Z   > Enter [1m[BeforeEach][0m TOP-LEVEL [38;5;243m- /home/runner/go/pkg/mod/github.com/ava-labs/avalanchego@v1.13.3/tests/fixture/e2e/metrics_link.go:27 @ 07/31/25 20:50:42.856[0m
2025-07-31T20:50:42.8577340Z   < Exit [1m[BeforeEach][0m TOP-LEVEL [38;5;243m- /home/runner/go/pkg/mod/github.com/ava-labs/avalanchego@v1.13.3/tests/fixture/e2e/metrics_link.go:27 @ 07/31/25 20:50:42.856 (0s)[0m
2025-07-31T20:50:42.8579402Z   > Enter [1m[It][0m SubnetA -> SubnetB [38;5;243m- /home/runner/work/subnet-evm/subnet-evm/tests/warp/warp_test.go:186 @ 07/31/25 20:50:42.856[0m
2025-07-31T20:50:43.4138640Z   "level"=0 "msg"="Aggregating signatures from validator set" "numValidators"=2 "totalWeight"=98926
2025-07-31T20:50:49.9908706Z 
2025-07-31T20:50:49.9909213Z Combined output:
2025-07-31T20:50:49.9909476Z 
2025-07-31T20:50:49.9909485Z 
2025-07-31T20:50:49.9909495Z 
2025-07-31T20:50:49.9909676Z   IWarpMessenger
2025-07-31T20:50:49.9911950Z Sending warp message with payload 0x010203, expected unsigned message 0x000000015b3851e145f334c4891cca883de35f8a48b33655064f24e1afbce14691e02181318b00000025000000000001000000148db97c7cece249c2b98bdc0226cc4c2a57bf52fc00000003010203
2025-07-31T20:50:49.9914269Z     ✔ contract should be to send warp message (703ms)
2025-07-31T20:50:49.9915185Z     ✔ should be able to fetch correct blockchain ID
2025-07-31T20:50:49.9915582Z 
2025-07-31T20:50:49.9915601Z 
2025-07-31T20:50:49.9915730Z   2 passing (726ms)
2025-07-31T20:50:49.9915892Z 
2025-07-31T20:50:49.9915900Z 
2025-07-31T20:50:52.7848764Z   < Exit [1m[It][0m SubnetA -> SubnetB [38;5;243m- /home/runner/work/subnet-evm/subnet-evm/tests/warp/warp_test.go:186 @ 07/31/25 20:50:52.784 (9.928s)[0m
2025-07-31T20:50:52.7851160Z   > Enter [1m[AfterEach][0m TOP-LEVEL [38;5;243m- /home/runner/go/pkg/mod/github.com/ava-labs/avalanchego@v1.13.3/tests/fixture/e2e/metrics_link.go:33 @ 07/31/25 20:50:52.784[0m
2025-07-31T20:50:52.7860845Z    [0;0mINFO[0;0m	metrics and logs available via grafana (collectors must be running)	{"uri": "https://grafana-poc.avax-dev.network/d/kBQpRdWnk/avalanche-main-dashboard?&var-filter=network_uuid%7C%3D%7Cddb088a1-f20a-4091-9d8a-bfaafeeff940&var-filter=is_ephemeral_node%7C%3D%7Cfalse&from=1753995042856&to=1753995064784"}
2025-07-31T20:50:52.7864448Z   < Exit [1m[AfterEach][0m TOP-LEVEL [38;5;243m- /home/runner/go/pkg/mod/github.com/ava-labs/avalanchego@v1.13.3/tests/fixture/e2e/metrics_link.go:33 @ 07/31/25 20:50:52.785 (1ms)[0m
2025-07-31T20:50:52.7866568Z   > Enter [1m[DeferCleanup (Each)][0m TOP-LEVEL [38;5;243m- /home/runner/go/pkg/mod/github.com/ava-labs/avalanchego@v1.13.3/tests/fixture/e2e/ginkgo_test_context.go:96 @ 07/31/25 20:50:52.785[0m
2025-07-31T20:50:52.7869469Z   < Exit [1m[DeferCleanup (Each)][0m TOP-LEVEL [38;5;243m- /home/runner/go/pkg/mod/github.com/ava-labs/avalanchego@v1.13.3/tests/fixture/e2e/ginkgo_test_context.go:96 @ 07/31/25 20:50:52.785 (0s)[0m
2025-07-31T20:50:52.7872368Z   > Enter [1m[DeferCleanup (Each)][0m [Warp] [38;5;243m- /home/runner/go/pkg/mod/github.com/ava-labs/avalanchego@v1.13.3/tests/fixture/e2e/ginkgo_test_context.go:96 @ 07/31/25 20:50:52.785[0m
2025-07-31T20:50:52.7874914Z   < Exit [1m[DeferCleanup (Each)][0m [Warp] [38;5;243m- /home/runner/go/pkg/mod/github.com/ava-labs/avalanchego@v1.13.3/tests/fixture/e2e/ginkgo_test_context.go:96 @ 07/31/25 20:50:52.785 (0s)[0m
2025-07-31T20:50:52.7878481Z   > Enter [1m[DeferCleanup (Each)][0m [Warp] [38;5;243m- /home/runner/go/pkg/mod/github.com/ava-labs/avalanchego@v1.13.3/tests/fixture/e2e/ginkgo_test_context.go:96 @ 07/31/25 20:50:52.785[0m
2025-07-31T20:50:52.7881398Z   < Exit [1m[DeferCleanup (Each)][0m [Warp] [38;5;243m- /home/runner/go/pkg/mod/github.com/ava-labs/avalanchego@v1.13.3/tests/fixture/e2e/ginkgo_test_context.go:96 @ 07/31/25 20:50:52.785 (0s)[0m
2025-07-31T20:50:52.7883947Z   > Enter [1m[DeferCleanup (Each)][0m [Warp] [38;5;243m- /home/runner/go/pkg/mod/github.com/ava-labs/avalanchego@v1.13.3/tests/fixture/e2e/ginkgo_test_context.go:96 @ 07/31/25 20:50:52.785[0m
2025-07-31T20:50:52.7886299Z   < Exit [1m[DeferCleanup (Each)][0m [Warp] [38;5;243m- /home/runner/go/pkg/mod/github.com/ava-labs/avalanchego@v1.13.3/tests/fixture/e2e/ginkgo_test_context.go:96 @ 07/31/25 20:50:52.785 (0s)[0m
2025-07-31T20:50:52.7889306Z   > Enter [1m[DeferCleanup (Each)][0m [Warp] [38;5;243m- /home/runner/go/pkg/mod/github.com/ava-labs/avalanchego@v1.13.3/tests/fixture/e2e/ginkgo_test_context.go:96 @ 07/31/25 20:50:52.785[0m
2025-07-31T20:50:52.7892347Z   < Exit [1m[DeferCleanup (Each)][0m [Warp] [38;5;243m- /home/runner/go/pkg/mod/github.com/ava-labs/avalanchego@v1.13.3/tests/fixture/e2e/ginkgo_test_context.go:96 @ 07/31/25 20:50:52.785 (0s)[0m
2025-07-31T20:50:52.7895234Z   > Enter [1m[DeferCleanup (Each)][0m [Warp] [38;5;243m- /home/runner/go/pkg/mod/github.com/ava-labs/avalanchego@v1.13.3/tests/fixture/e2e/ginkgo_test_context.go:96 @ 07/31/25 20:50:52.785[0m
2025-07-31T20:50:52.7897907Z   < Exit [1m[DeferCleanup (Each)][0m [Warp] [38;5;243m- /home/runner/go/pkg/mod/github.com/ava-labs/avalanchego@v1.13.3/tests/fixture/e2e/ginkgo_test_context.go:96 @ 07/31/25 20:50:52.786 (0s)[0m
2025-07-31T20:50:52.7900600Z   > Enter [1m[DeferCleanup (Each)][0m [Warp] [38;5;243m- /home/runner/go/pkg/mod/github.com/ava-labs/avalanchego@v1.13.3/tests/fixture/e2e/ginkgo_test_context.go:96 @ 07/31/25 20:50:52.786[0m
2025-07-31T20:50:52.7903412Z   < Exit [1m[DeferCleanup (Each)][0m [Warp] [38;5;243m- /home/runner/go/pkg/mod/github.com/ava-labs/avalanchego@v1.13.3/tests/fixture/e2e/ginkgo_test_context.go:96 @ 07/31/25 20:50:52.786 (0s)[0m
2025-07-31T20:50:52.7906349Z   > Enter [1m[DeferCleanup (Each)][0m [Warp] [38;5;243m- /home/runner/go/pkg/mod/github.com/ava-labs/avalanchego@v1.13.3/tests/fixture/e2e/ginkgo_test_context.go:96 @ 07/31/25 20:50:52.786[0m
2025-07-31T20:50:52.7908831Z   < Exit [1m[DeferCleanup (Each)][0m [Warp] [38;5;243m- /home/runner/go/pkg/mod/github.com/ava-labs/avalanchego@v1.13.3/tests/fixture/e2e/ginkgo_test_context.go:96 @ 07/31/25 20:50:52.786 (0s)[0m
2025-07-31T20:50:52.7911732Z   > Enter [1m[DeferCleanup (Each)][0m [Warp] [38;5;243m- /home/runner/go/pkg/mod/github.com/ava-labs/avalanchego@v1.13.3/tests/fixture/e2e/ginkgo_test_context.go:96 @ 07/31/25 20:50:52.786[0m
2025-07-31T20:50:52.7914292Z   < Exit [1m[DeferCleanup (Each)][0m [Warp] [38;5;243m- /home/runner/go/pkg/mod/github.com/ava-labs/avalanchego@v1.13.3/tests/fixture/e2e/ginkgo_test_context.go:96 @ 07/31/25 20:50:52.786 (0s)[0m
2025-07-31T20:50:52.7916298Z [38;5;10m• [9.930 seconds][0m
2025-07-31T20:50:52.7917032Z [38;5;243m------------------------------[0m
2025-07-31T20:50:52.7917511Z [Warp]
2025-07-31T20:50:52.7918440Z [38;5;243m/home/runner/work/subnet-evm/subnet-evm/tests/warp/warp_test.go:160[0m
2025-07-31T20:50:52.7919398Z   [0m[1mSubnetA -> SubnetA[0m
2025-07-31T20:50:52.7920589Z   [38;5;243m/home/runner/work/subnet-evm/subnet-evm/tests/warp/warp_test.go:187[0m
2025-07-31T20:50:52.7922116Z   > Enter [1m[BeforeEach][0m TOP-LEVEL [38;5;243m- /home/runner/go/pkg/mod/github.com/ava-labs/avalanchego@v1.13.3/tests/fixture/e2e/metrics_link.go:27 @ 07/31/25 20:50:52.786[0m
2025-07-31T20:50:52.7924347Z   < Exit [1m[BeforeEach][0m TOP-LEVEL [38;5;243m- /home/runner/go/pkg/mod/github.com/ava-labs/avalanchego@v1.13.3/tests/fixture/e2e/metrics_link.go:27 @ 07/31/25 20:50:52.786 (0s)[0m
2025-07-31T20:50:52.7926790Z   > Enter [1m[It][0m SubnetA -> SubnetA [38;5;243m- /home/runner/work/subnet-evm/subnet-evm/tests/warp/warp_test.go:187 @ 07/31/25 20:50:52.786[0m
2025-07-31T20:50:59.0329257Z   "level"=0 "msg"="Aggregating signatures from validator set" "numValidators"=2 "totalWeight"=98926
2025-07-31T20:51:05.8573474Z 
2025-07-31T20:51:05.8573936Z Combined output:
2025-07-31T20:51:05.8574170Z 
2025-07-31T20:51:05.8574188Z 
2025-07-31T20:51:05.8574218Z 
2025-07-31T20:51:05.8574342Z   IWarpMessenger
2025-07-31T20:51:05.8576428Z Sending warp message with payload 0x010203, expected unsigned message 0x000000015b3851e145f334c4891cca883de35f8a48b33655064f24e1afbce14691e02181318b00000025000000000001000000148db97c7cece249c2b98bdc0226cc4c2a57bf52fc00000003010203
2025-07-31T20:51:05.8578635Z     ✔ contract should be to send warp message (1700ms)
2025-07-31T20:51:05.8579311Z     ✔ should be able to fetch correct blockchain ID
2025-07-31T20:51:05.8579624Z 
2025-07-31T20:51:05.8579669Z 
2025-07-31T20:51:05.8580049Z   2 passing (2s)
2025-07-31T20:51:05.8580290Z 
2025-07-31T20:51:05.8580300Z 
2025-07-31T20:51:11.1928121Z   < Exit [1m[It][0m SubnetA -> SubnetA [38;5;243m- /home/runner/work/subnet-evm/subnet-evm/tests/warp/warp_test.go:187 @ 07/31/25 20:51:11.192 (18.406s)[0m
2025-07-31T20:51:11.1929999Z   > Enter [1m[AfterEach][0m TOP-LEVEL [38;5;243m- /home/runner/go/pkg/mod/github.com/ava-labs/avalanchego@v1.13.3/tests/fixture/e2e/metrics_link.go:33 @ 07/31/25 20:51:11.192[0m
2025-07-31T20:51:11.1942668Z    [0;0mINFO[0;0m	metrics and logs available via grafana (collectors must be running)	{"uri": "https://grafana-poc.avax-dev.network/d/kBQpRdWnk/avalanche-main-dashboard?&var-filter=network_uuid%7C%3D%7Cddb088a1-f20a-4091-9d8a-bfaafeeff940&var-filter=is_ephemeral_node%7C%3D%7Cfalse&from=1753995052786&to=1753995083192"}
2025-07-31T20:51:11.1946218Z   < Exit [1m[AfterEach][0m TOP-LEVEL [38;5;243m- /home/runner/go/pkg/mod/github.com/ava-labs/avalanchego@v1.13.3/tests/fixture/e2e/metrics_link.go:33 @ 07/31/25 20:51:11.193 (1ms)[0m
2025-07-31T20:51:11.1948183Z   > Enter [1m[DeferCleanup (Each)][0m TOP-LEVEL [38;5;243m- /home/runner/go/pkg/mod/github.com/ava-labs/avalanchego@v1.13.3/tests/fixture/e2e/ginkgo_test_context.go:96 @ 07/31/25 20:51:11.193[0m
2025-07-31T20:51:11.1950020Z   < Exit [1m[DeferCleanup (Each)][0m TOP-LEVEL [38;5;243m- /home/runner/go/pkg/mod/github.com/ava-labs/avalanchego@v1.13.3/tests/fixture/e2e/ginkgo_test_context.go:96 @ 07/31/25 20:51:11.193 (0s)[0m
2025-07-31T20:51:11.1952109Z   > Enter [1m[DeferCleanup (Each)][0m [Warp] [38;5;243m- /home/runner/go/pkg/mod/github.com/ava-labs/avalanchego@v1.13.3/tests/fixture/e2e/ginkgo_test_context.go:96 @ 07/31/25 20:51:11.193[0m
2025-07-31T20:51:11.1954364Z   < Exit [1m[DeferCleanup (Each)][0m [Warp] [38;5;243m- /home/runner/go/pkg/mod/github.com/ava-labs/avalanchego@v1.13.3/tests/fixture/e2e/ginkgo_test_context.go:96 @ 07/31/25 20:51:11.194 (0s)[0m
2025-07-31T20:51:11.1957111Z   > Enter [1m[DeferCleanup (Each)][0m [Warp] [38;5;243m- /home/runner/go/pkg/mod/github.com/ava-labs/avalanchego@v1.13.3/tests/fixture/e2e/ginkgo_test_context.go:96 @ 07/31/25 20:51:11.194[0m
2025-07-31T20:51:11.1960318Z   < Exit [1m[DeferCleanup (Each)][0m [Warp] [38;5;243m- /home/runner/go/pkg/mod/github.com/ava-labs/avalanchego@v1.13.3/tests/fixture/e2e/ginkgo_test_context.go:96 @ 07/31/25 20:51:11.194 (0s)[0m
2025-07-31T20:51:11.1962453Z   > Enter [1m[DeferCleanup (Each)][0m [Warp] [38;5;243m- /home/runner/go/pkg/mod/github.com/ava-labs/avalanchego@v1.13.3/tests/fixture/e2e/ginkgo_test_context.go:96 @ 07/31/25 20:51:11.194[0m
2025-07-31T20:51:11.1964701Z   < Exit [1m[DeferCleanup (Each)][0m [Warp] [38;5;243m- /home/runner/go/pkg/mod/github.com/ava-labs/avalanchego@v1.13.3/tests/fixture/e2e/ginkgo_test_context.go:96 @ 07/31/25 20:51:11.194 (0s)[0m
2025-07-31T20:51:11.1967280Z   > Enter [1m[DeferCleanup (Each)][0m [Warp] [38;5;243m- /home/runner/go/pkg/mod/github.com/ava-labs/avalanchego@v1.13.3/tests/fixture/e2e/ginkgo_test_context.go:96 @ 07/31/25 20:51:11.194[0m
2025-07-31T20:51:11.1970840Z   < Exit [1m[DeferCleanup (Each)][0m [Warp] [38;5;243m- /home/runner/go/pkg/mod/github.com/ava-labs/avalanchego@v1.13.3/tests/fixture/e2e/ginkgo_test_context.go:96 @ 07/31/25 20:51:11.194 (0s)[0m
2025-07-31T20:51:11.1973751Z   > Enter [1m[DeferCleanup (Each)][0m [Warp] [38;5;243m- /home/runner/go/pkg/mod/github.com/ava-labs/avalanchego@v1.13.3/tests/fixture/e2e/ginkgo_test_context.go:96 @ 07/31/25 20:51:11.194[0m
2025-07-31T20:51:11.1976388Z   < Exit [1m[DeferCleanup (Each)][0m [Warp] [38;5;243m- /home/runner/go/pkg/mod/github.com/ava-labs/avalanchego@v1.13.3/tests/fixture/e2e/ginkgo_test_context.go:96 @ 07/31/25 20:51:11.194 (0s)[0m
2025-07-31T20:51:11.1978965Z   > Enter [1m[DeferCleanup (Each)][0m [Warp] [38;5;243m- /home/runner/go/pkg/mod/github.com/ava-labs/avalanchego@v1.13.3/tests/fixture/e2e/ginkgo_test_context.go:96 @ 07/31/25 20:51:11.194[0m
2025-07-31T20:51:11.1981858Z   < Exit [1m[DeferCleanup (Each)][0m [Warp] [38;5;243m- /home/runner/go/pkg/mod/github.com/ava-labs/avalanchego@v1.13.3/tests/fixture/e2e/ginkgo_test_context.go:96 @ 07/31/25 20:51:11.194 (0s)[0m
2025-07-31T20:51:11.1984217Z   > Enter [1m[DeferCleanup (Each)][0m [Warp] [38;5;243m- /home/runner/go/pkg/mod/github.com/ava-labs/avalanchego@v1.13.3/tests/fixture/e2e/ginkgo_test_context.go:96 @ 07/31/25 20:51:11.194[0m
2025-07-31T20:51:11.1986609Z   < Exit [1m[DeferCleanup (Each)][0m [Warp] [38;5;243m- /home/runner/go/pkg/mod/github.com/ava-labs/avalanchego@v1.13.3/tests/fixture/e2e/ginkgo_test_context.go:96 @ 07/31/25 20:51:11.194 (0s)[0m
2025-07-31T20:51:11.1989336Z   > Enter [1m[DeferCleanup (Each)][0m [Warp] [38;5;243m- /home/runner/go/pkg/mod/github.com/ava-labs/avalanchego@v1.13.3/tests/fixture/e2e/ginkgo_test_context.go:96 @ 07/31/25 20:51:11.194[0m
2025-07-31T20:51:11.1992097Z   < Exit [1m[DeferCleanup (Each)][0m [Warp] [38;5;243m- /home/runner/go/pkg/mod/github.com/ava-labs/avalanchego@v1.13.3/tests/fixture/e2e/ginkgo_test_context.go:96 @ 07/31/25 20:51:11.194 (0s)[0m
2025-07-31T20:51:11.1993665Z [38;5;10m• [18.408 seconds][0m
2025-07-31T20:51:11.1994388Z [38;5;243m------------------------------[0m
2025-07-31T20:51:11.1994892Z [Warp]
2025-07-31T20:51:11.1995763Z [38;5;243m/home/runner/work/subnet-evm/subnet-evm/tests/warp/warp_test.go:160[0m
2025-07-31T20:51:11.1996687Z   [0m[1mSubnetA -> C-Chain[0m
2025-07-31T20:51:11.1997766Z   [38;5;243m/home/runner/work/subnet-evm/subnet-evm/tests/warp/warp_test.go:188[0m
2025-07-31T20:51:11.1999417Z   > Enter [1m[BeforeEach][0m TOP-LEVEL [38;5;243m- /home/runner/go/pkg/mod/github.com/ava-labs/avalanchego@v1.13.3/tests/fixture/e2e/metrics_link.go:27 @ 07/31/25 20:51:11.194[0m
2025-07-31T20:51:11.2001873Z   < Exit [1m[BeforeEach][0m TOP-LEVEL [38;5;243m- /home/runner/go/pkg/mod/github.com/ava-labs/avalanchego@v1.13.3/tests/fixture/e2e/metrics_link.go:27 @ 07/31/25 20:51:11.194 (0s)[0m
2025-07-31T20:51:11.2004583Z   > Enter [1m[It][0m SubnetA -> C-Chain [38;5;243m- /home/runner/work/subnet-evm/subnet-evm/tests/warp/warp_test.go:188 @ 07/31/25 20:51:11.194[0m
2025-07-31T20:51:15.0477904Z   "level"=0 "msg"="Aggregating signatures from validator set" "numValidators"=2 "totalWeight"=98926
2025-07-31T20:51:17.8240401Z 
2025-07-31T20:51:17.8240905Z Combined output:
2025-07-31T20:51:17.8241174Z 
2025-07-31T20:51:17.8241183Z 
2025-07-31T20:51:17.8241192Z 
2025-07-31T20:51:17.8241391Z   IWarpMessenger
2025-07-31T20:51:17.8243553Z Sending warp message with payload 0x010203, expected unsigned message 0x000000015b3851e145f334c4891cca883de35f8a48b33655064f24e1afbce14691e02181318b00000025000000000001000000148db97c7cece249c2b98bdc0226cc4c2a57bf52fc00000003010203
2025-07-31T20:51:17.8246065Z     ✔ contract should be to send warp message (692ms)
2025-07-31T20:51:17.8246998Z     ✔ should be able to fetch correct blockchain ID
2025-07-31T20:51:17.8247407Z 
2025-07-31T20:51:17.8247417Z 
2025-07-31T20:51:17.8247635Z   2 passing (714ms)
2025-07-31T20:51:17.8247854Z 
2025-07-31T20:51:17.8248250Z 
2025-07-31T20:51:21.1298929Z   < Exit [1m[It][0m SubnetA -> C-Chain [38;5;243m- /home/runner/work/subnet-evm/subnet-evm/tests/warp/warp_test.go:188 @ 07/31/25 20:51:21.129 (9.935s)[0m
2025-07-31T20:51:21.1300618Z   > Enter [1m[AfterEach][0m TOP-LEVEL [38;5;243m- /home/runner/go/pkg/mod/github.com/ava-labs/avalanchego@v1.13.3/tests/fixture/e2e/metrics_link.go:33 @ 07/31/25 20:51:21.129[0m
2025-07-31T20:51:21.1312469Z    [0;0mINFO[0;0m	metrics and logs available via grafana (collectors must be running)	{"uri": "https://grafana-poc.avax-dev.network/d/kBQpRdWnk/avalanche-main-dashboard?&var-filter=network_uuid%7C%3D%7Cddb088a1-f20a-4091-9d8a-bfaafeeff940&var-filter=is_ephemeral_node%7C%3D%7Cfalse&from=1753995071194&to=1753995093129"}
2025-07-31T20:51:21.1315968Z   < Exit [1m[AfterEach][0m TOP-LEVEL [38;5;243m- /home/runner/go/pkg/mod/github.com/ava-labs/avalanchego@v1.13.3/tests/fixture/e2e/metrics_link.go:33 @ 07/31/25 20:51:21.13 (1ms)[0m
2025-07-31T20:51:21.1318924Z   > Enter [1m[DeferCleanup (Each)][0m TOP-LEVEL [38;5;243m- /home/runner/go/pkg/mod/github.com/ava-labs/avalanchego@v1.13.3/tests/fixture/e2e/ginkgo_test_context.go:96 @ 07/31/25 20:51:21.13[0m
2025-07-31T20:51:21.1321836Z   < Exit [1m[DeferCleanup (Each)][0m TOP-LEVEL [38;5;243m- /home/runner/go/pkg/mod/github.com/ava-labs/avalanchego@v1.13.3/tests/fixture/e2e/ginkgo_test_context.go:96 @ 07/31/25 20:51:21.13 (0s)[0m
2025-07-31T20:51:21.1324444Z   > Enter [1m[DeferCleanup (Each)][0m [Warp] [38;5;243m- /home/runner/go/pkg/mod/github.com/ava-labs/avalanchego@v1.13.3/tests/fixture/e2e/ginkgo_test_context.go:96 @ 07/31/25 20:51:21.13[0m
2025-07-31T20:51:21.1326960Z   < Exit [1m[DeferCleanup (Each)][0m [Warp] [38;5;243m- /home/runner/go/pkg/mod/github.com/ava-labs/avalanchego@v1.13.3/tests/fixture/e2e/ginkgo_test_context.go:96 @ 07/31/25 20:51:21.13 (0s)[0m
2025-07-31T20:51:21.1329252Z   > Enter [1m[DeferCleanup (Each)][0m [Warp] [38;5;243m- /home/runner/go/pkg/mod/github.com/ava-labs/avalanchego@v1.13.3/tests/fixture/e2e/ginkgo_test_context.go:96 @ 07/31/25 20:51:21.131[0m
2025-07-31T20:51:21.1331973Z   < Exit [1m[DeferCleanup (Each)][0m [Warp] [38;5;243m- /home/runner/go/pkg/mod/github.com/ava-labs/avalanchego@v1.13.3/tests/fixture/e2e/ginkgo_test_context.go:96 @ 07/31/25 20:51:21.131 (0s)[0m
2025-07-31T20:51:21.1334400Z   > Enter [1m[DeferCleanup (Each)][0m [Warp] [38;5;243m- /home/runner/go/pkg/mod/github.com/ava-labs/avalanchego@v1.13.3/tests/fixture/e2e/ginkgo_test_context.go:96 @ 07/31/25 20:51:21.131[0m
2025-07-31T20:51:21.1337245Z   < Exit [1m[DeferCleanup (Each)][0m [Warp] [38;5;243m- /home/runner/go/pkg/mod/github.com/ava-labs/avalanchego@v1.13.3/tests/fixture/e2e/ginkgo_test_context.go:96 @ 07/31/25 20:51:21.131 (0s)[0m
2025-07-31T20:51:21.1339711Z   > Enter [1m[DeferCleanup (Each)][0m [Warp] [38;5;243m- /home/runner/go/pkg/mod/github.com/ava-labs/avalanchego@v1.13.3/tests/fixture/e2e/ginkgo_test_context.go:96 @ 07/31/25 20:51:21.131[0m
2025-07-31T20:51:21.1342759Z   < Exit [1m[DeferCleanup (Each)][0m [Warp] [38;5;243m- /home/runner/go/pkg/mod/github.com/ava-labs/avalanchego@v1.13.3/tests/fixture/e2e/ginkgo_test_context.go:96 @ 07/31/25 20:51:21.131 (0s)[0m
2025-07-31T20:51:21.1345853Z   > Enter [1m[DeferCleanup (Each)][0m [Warp] [38;5;243m- /home/runner/go/pkg/mod/github.com/ava-labs/avalanchego@v1.13.3/tests/fixture/e2e/ginkgo_test_context.go:96 @ 07/31/25 20:51:21.131[0m
2025-07-31T20:51:21.1348710Z   < Exit [1m[DeferCleanup (Each)][0m [Warp] [38;5;243m- /home/runner/go/pkg/mod/github.com/ava-labs/avalanchego@v1.13.3/tests/fixture/e2e/ginkgo_test_context.go:96 @ 07/31/25 20:51:21.131 (0s)[0m
2025-07-31T20:51:21.1351804Z   > Enter [1m[DeferCleanup (Each)][0m [Warp] [38;5;243m- /home/runner/go/pkg/mod/github.com/ava-labs/avalanchego@v1.13.3/tests/fixture/e2e/ginkgo_test_context.go:96 @ 07/31/25 20:51:21.131[0m
2025-07-31T20:51:21.1354821Z   < Exit [1m[DeferCleanup (Each)][0m [Warp] [38;5;243m- /home/runner/go/pkg/mod/github.com/ava-labs/avalanchego@v1.13.3/tests/fixture/e2e/ginkgo_test_context.go:96 @ 07/31/25 20:51:21.131 (0s)[0m
2025-07-31T20:51:21.1357907Z   > Enter [1m[DeferCleanup (Each)][0m [Warp] [38;5;243m- /home/runner/go/pkg/mod/github.com/ava-labs/avalanchego@v1.13.3/tests/fixture/e2e/ginkgo_test_context.go:96 @ 07/31/25 20:51:21.131[0m
2025-07-31T20:51:21.1360906Z   < Exit [1m[DeferCleanup (Each)][0m [Warp] [38;5;243m- /home/runner/go/pkg/mod/github.com/ava-labs/avalanchego@v1.13.3/tests/fixture/e2e/ginkgo_test_context.go:96 @ 07/31/25 20:51:21.131 (0s)[0m
2025-07-31T20:51:21.1363974Z   > Enter [1m[DeferCleanup (Each)][0m [Warp] [38;5;243m- /home/runner/go/pkg/mod/github.com/ava-labs/avalanchego@v1.13.3/tests/fixture/e2e/ginkgo_test_context.go:96 @ 07/31/25 20:51:21.131[0m
2025-07-31T20:51:21.1366519Z   < Exit [1m[DeferCleanup (Each)][0m [Warp] [38;5;243m- /home/runner/go/pkg/mod/github.com/ava-labs/avalanchego@v1.13.3/tests/fixture/e2e/ginkgo_test_context.go:96 @ 07/31/25 20:51:21.131 (0s)[0m
2025-07-31T20:51:21.1368187Z [38;5;10m• [9.937 seconds][0m
2025-07-31T20:51:21.1368958Z [38;5;243m------------------------------[0m
2025-07-31T20:51:21.1369506Z [Warp]
2025-07-31T20:51:21.1370569Z [38;5;243m/home/runner/work/subnet-evm/subnet-evm/tests/warp/warp_test.go:160[0m
2025-07-31T20:51:21.1371558Z   [0m[1mC-Chain -> SubnetA[0m
2025-07-31T20:51:21.1372690Z   [38;5;243m/home/runner/work/subnet-evm/subnet-evm/tests/warp/warp_test.go:189[0m
2025-07-31T20:51:21.1374879Z   > Enter [1m[BeforeEach][0m TOP-LEVEL [38;5;243m- /home/runner/go/pkg/mod/github.com/ava-labs/avalanchego@v1.13.3/tests/fixture/e2e/metrics_link.go:27 @ 07/31/25 20:51:21.131[0m
2025-07-31T20:51:21.1377472Z   < Exit [1m[BeforeEach][0m TOP-LEVEL [38;5;243m- /home/runner/go/pkg/mod/github.com/ava-labs/avalanchego@v1.13.3/tests/fixture/e2e/metrics_link.go:27 @ 07/31/25 20:51:21.131 (0s)[0m
2025-07-31T20:51:21.1379943Z   > Enter [1m[It][0m C-Chain -> SubnetA [38;5;243m- /home/runner/work/subnet-evm/subnet-evm/tests/warp/warp_test.go:189 @ 07/31/25 20:51:21.131[0m
2025-07-31T20:51:23.0295705Z   "level"=0 "msg"="Aggregating signatures from validator set" "numValidators"=2 "totalWeight"=98926
2025-07-31T20:51:30.8569981Z 
2025-07-31T20:51:30.8570473Z Combined output:
2025-07-31T20:51:30.8570747Z 
2025-07-31T20:51:30.8570756Z 
2025-07-31T20:51:30.8570763Z 
2025-07-31T20:51:30.8570934Z   IWarpMessenger
2025-07-31T20:51:30.8572975Z Sending warp message with payload 0x010203, expected unsigned message 0x000000015b38f354a0c6aeff0c9983e90ae3841e4383c7116650f158baadf25ed0cd21eb179000000025000000000001000000148db97c7cece249c2b98bdc0226cc4c2a57bf52fc00000003010203
2025-07-31T20:51:30.8574656Z     ✔ contract should be to send warp message (689ms)
2025-07-31T20:51:30.8575145Z     ✔ should be able to fetch correct blockchain ID
2025-07-31T20:51:30.8575467Z 
2025-07-31T20:51:30.8575474Z 
2025-07-31T20:51:30.8575591Z   2 passing (712ms)
2025-07-31T20:51:30.8575717Z 
2025-07-31T20:51:30.8575723Z 
2025-07-31T20:51:33.7445416Z   < Exit [1m[It][0m C-Chain -> SubnetA [38;5;243m- /home/runner/work/subnet-evm/subnet-evm/tests/warp/warp_test.go:189 @ 07/31/25 20:51:33.744 (12.613s)[0m
2025-07-31T20:51:33.7447062Z   > Enter [1m[AfterEach][0m TOP-LEVEL [38;5;243m- /home/runner/go/pkg/mod/github.com/ava-labs/avalanchego@v1.13.3/tests/fixture/e2e/metrics_link.go:33 @ 07/31/25 20:51:33.744[0m
2025-07-31T20:51:33.7457476Z    [0;0mINFO[0;0m	metrics and logs available via grafana (collectors must be running)	{"uri": "https://grafana-poc.avax-dev.network/d/kBQpRdWnk/avalanche-main-dashboard?&var-filter=network_uuid%7C%3D%7Cddb088a1-f20a-4091-9d8a-bfaafeeff940&var-filter=is_ephemeral_node%7C%3D%7Cfalse&from=1753995081131&to=1753995105744"}
2025-07-31T20:51:33.7460734Z   < Exit [1m[AfterEach][0m TOP-LEVEL [38;5;243m- /home/runner/go/pkg/mod/github.com/ava-labs/avalanchego@v1.13.3/tests/fixture/e2e/metrics_link.go:33 @ 07/31/25 20:51:33.745 (1ms)[0m
2025-07-31T20:51:33.7463053Z   > Enter [1m[DeferCleanup (Each)][0m TOP-LEVEL [38;5;243m- /home/runner/go/pkg/mod/github.com/ava-labs/avalanchego@v1.13.3/tests/fixture/e2e/ginkgo_test_context.go:96 @ 07/31/25 20:51:33.745[0m
2025-07-31T20:51:33.7465454Z   < Exit [1m[DeferCleanup (Each)][0m TOP-LEVEL [38;5;243m- /home/runner/go/pkg/mod/github.com/ava-labs/avalanchego@v1.13.3/tests/fixture/e2e/ginkgo_test_context.go:96 @ 07/31/25 20:51:33.745 (0s)[0m
2025-07-31T20:51:33.7467757Z   > Enter [1m[DeferCleanup (Each)][0m [Warp] [38;5;243m- /home/runner/go/pkg/mod/github.com/ava-labs/avalanchego@v1.13.3/tests/fixture/e2e/ginkgo_test_context.go:96 @ 07/31/25 20:51:33.745[0m
2025-07-31T20:51:33.7470986Z   < Exit [1m[DeferCleanup (Each)][0m [Warp] [38;5;243m- /home/runner/go/pkg/mod/github.com/ava-labs/avalanchego@v1.13.3/tests/fixture/e2e/ginkgo_test_context.go:96 @ 07/31/25 20:51:33.745 (0s)[0m
2025-07-31T20:51:33.7473665Z   > Enter [1m[DeferCleanup (Each)][0m [Warp] [38;5;243m- /home/runner/go/pkg/mod/github.com/ava-labs/avalanchego@v1.13.3/tests/fixture/e2e/ginkgo_test_context.go:96 @ 07/31/25 20:51:33.745[0m
2025-07-31T20:51:33.7476191Z   < Exit [1m[DeferCleanup (Each)][0m [Warp] [38;5;243m- /home/runner/go/pkg/mod/github.com/ava-labs/avalanchego@v1.13.3/tests/fixture/e2e/ginkgo_test_context.go:96 @ 07/31/25 20:51:33.745 (0s)[0m
2025-07-31T20:51:33.7478701Z   > Enter [1m[DeferCleanup (Each)][0m [Warp] [38;5;243m- /home/runner/go/pkg/mod/github.com/ava-labs/avalanchego@v1.13.3/tests/fixture/e2e/ginkgo_test_context.go:96 @ 07/31/25 20:51:33.745[0m
2025-07-31T20:51:33.7480905Z   < Exit [1m[DeferCleanup (Each)][0m [Warp] [38;5;243m- /home/runner/go/pkg/mod/github.com/ava-labs/avalanchego@v1.13.3/tests/fixture/e2e/ginkgo_test_context.go:96 @ 07/31/25 20:51:33.745 (0s)[0m
2025-07-31T20:51:33.7483578Z   > Enter [1m[DeferCleanup (Each)][0m [Warp] [38;5;243m- /home/runner/go/pkg/mod/github.com/ava-labs/avalanchego@v1.13.3/tests/fixture/e2e/ginkgo_test_context.go:96 @ 07/31/25 20:51:33.745[0m
2025-07-31T20:51:33.7486443Z   < Exit [1m[DeferCleanup (Each)][0m [Warp] [38;5;243m- /home/runner/go/pkg/mod/github.com/ava-labs/avalanchego@v1.13.3/tests/fixture/e2e/ginkgo_test_context.go:96 @ 07/31/25 20:51:33.745 (0s)[0m
2025-07-31T20:51:33.7488962Z   > Enter [1m[DeferCleanup (Each)][0m [Warp] [38;5;243m- /home/runner/go/pkg/mod/github.com/ava-labs/avalanchego@v1.13.3/tests/fixture/e2e/ginkgo_test_context.go:96 @ 07/31/25 20:51:33.745[0m
2025-07-31T20:51:33.7491973Z   < Exit [1m[DeferCleanup (Each)][0m [Warp] [38;5;243m- /home/runner/go/pkg/mod/github.com/ava-labs/avalanchego@v1.13.3/tests/fixture/e2e/ginkgo_test_context.go:96 @ 07/31/25 20:51:33.745 (0s)[0m
2025-07-31T20:51:33.7494658Z   > Enter [1m[DeferCleanup (Each)][0m [Warp] [38;5;243m- /home/runner/go/pkg/mod/github.com/ava-labs/avalanchego@v1.13.3/tests/fixture/e2e/ginkgo_test_context.go:96 @ 07/31/25 20:51:33.745[0m
2025-07-31T20:51:33.7497419Z   < Exit [1m[DeferCleanup (Each)][0m [Warp] [38;5;243m- /home/runner/go/pkg/mod/github.com/ava-labs/avalanchego@v1.13.3/tests/fixture/e2e/ginkgo_test_context.go:96 @ 07/31/25 20:51:33.745 (0s)[0m
2025-07-31T20:51:33.7499334Z   > Enter [1m[DeferCleanup (Each)][0m [Warp] [38;5;243m- /home/runner/go/pkg/mod/github.com/ava-labs/avalanchego@v1.13.3/tests/fixture/e2e/ginkgo_test_context.go:96 @ 07/31/25 20:51:33.745[0m
2025-07-31T20:51:33.7501077Z   < Exit [1m[DeferCleanup (Each)][0m [Warp] [38;5;243m- /home/runner/go/pkg/mod/github.com/ava-labs/avalanchego@v1.13.3/tests/fixture/e2e/ginkgo_test_context.go:96 @ 07/31/25 20:51:33.745 (0s)[0m
2025-07-31T20:51:33.7502551Z   > Enter [1m[DeferCleanup (Each)][0m [Warp] [38;5;243m- /home/runner/go/pkg/mod/github.com/ava-labs/avalanchego@v1.13.3/tests/fixture/e2e/ginkgo_test_context.go:96 @ 07/31/25 20:51:33.745[0m
2025-07-31T20:51:33.7504016Z   < Exit [1m[DeferCleanup (Each)][0m [Warp] [38;5;243m- /home/runner/go/pkg/mod/github.com/ava-labs/avalanchego@v1.13.3/tests/fixture/e2e/ginkgo_test_context.go:96 @ 07/31/25 20:51:33.745 (0s)[0m
2025-07-31T20:51:33.7504843Z [38;5;10m• [12.614 seconds][0m
2025-07-31T20:51:33.7505197Z [38;5;243m------------------------------[0m
2025-07-31T20:51:33.7505674Z [Warp]
2025-07-31T20:51:33.7506291Z [38;5;243m/home/runner/work/subnet-evm/subnet-evm/tests/warp/warp_test.go:160[0m
2025-07-31T20:51:33.7506766Z   [0m[1mC-Chain -> C-Chain[0m
2025-07-31T20:51:33.7507294Z   [38;5;243m/home/runner/work/subnet-evm/subnet-evm/tests/warp/warp_test.go:190[0m
2025-07-31T20:51:33.7508410Z   > Enter [1m[BeforeEach][0m TOP-LEVEL [38;5;243m- /home/runner/go/pkg/mod/github.com/ava-labs/avalanchego@v1.13.3/tests/fixture/e2e/metrics_link.go:27 @ 07/31/25 20:51:33.745[0m
2025-07-31T20:51:33.7509990Z   < Exit [1m[BeforeEach][0m TOP-LEVEL [38;5;243m- /home/runner/go/pkg/mod/github.com/ava-labs/avalanchego@v1.13.3/tests/fixture/e2e/metrics_link.go:27 @ 07/31/25 20:51:33.745 (0s)[0m
2025-07-31T20:51:33.7511256Z   > Enter [1m[It][0m C-Chain -> C-Chain [38;5;243m- /home/runner/work/subnet-evm/subnet-evm/tests/warp/warp_test.go:190 @ 07/31/25 20:51:33.745[0m
2025-07-31T20:51:36.0132439Z   "level"=0 "msg"="Aggregating signatures from validator set" "numValidators"=2 "totalWeight"=2000000000000000
2025-07-31T20:51:45.3656246Z 
2025-07-31T20:51:45.3656787Z Combined output:
2025-07-31T20:51:45.3657050Z 
2025-07-31T20:51:45.3657059Z 
2025-07-31T20:51:45.3657066Z 
2025-07-31T20:51:45.3657249Z   IWarpMessenger
2025-07-31T20:51:45.3659479Z Sending warp message with payload 0x010203, expected unsigned message 0x000000015b38f354a0c6aeff0c9983e90ae3841e4383c7116650f158baadf25ed0cd21eb179000000025000000000001000000148db97c7cece249c2b98bdc0226cc4c2a57bf52fc00000003010203
2025-07-31T20:51:45.3661114Z     ✔ contract should be to send warp message (6210ms)
2025-07-31T20:51:45.3661597Z     ✔ should be able to fetch correct blockchain ID
2025-07-31T20:51:45.3661798Z 
2025-07-31T20:51:45.3661804Z 
2025-07-31T20:51:45.3661908Z   2 passing (6s)
2025-07-31T20:51:45.3662027Z 
2025-07-31T20:51:45.3662033Z 
2025-07-31T20:51:53.0184134Z   < Exit [1m[It][0m C-Chain -> C-Chain [38;5;243m- /home/runner/work/subnet-evm/subnet-evm/tests/warp/warp_test.go:190 @ 07/31/25 20:51:53.018 (19.272s)[0m
2025-07-31T20:51:53.0185593Z   > Enter [1m[AfterEach][0m TOP-LEVEL [38;5;243m- /home/runner/go/pkg/mod/github.com/ava-labs/avalanchego@v1.13.3/tests/fixture/e2e/metrics_link.go:33 @ 07/31/25 20:51:53.018[0m
2025-07-31T20:51:53.0197607Z    [0;0mINFO[0;0m	metrics and logs available via grafana (collectors must be running)	{"uri": "https://grafana-poc.avax-dev.network/d/kBQpRdWnk/avalanche-main-dashboard?&var-filter=network_uuid%7C%3D%7Cddb088a1-f20a-4091-9d8a-bfaafeeff940&var-filter=is_ephemeral_node%7C%3D%7Cfalse&from=1753995093745&to=1753995125018"}
2025-07-31T20:51:53.0201374Z   < Exit [1m[AfterEach][0m TOP-LEVEL [38;5;243m- /home/runner/go/pkg/mod/github.com/ava-labs/avalanchego@v1.13.3/tests/fixture/e2e/metrics_link.go:33 @ 07/31/25 20:51:53.019 (1ms)[0m
2025-07-31T20:51:53.0204108Z   > Enter [1m[DeferCleanup (Each)][0m TOP-LEVEL [38;5;243m- /home/runner/go/pkg/mod/github.com/ava-labs/avalanchego@v1.13.3/tests/fixture/e2e/ginkgo_test_context.go:96 @ 07/31/25 20:51:53.019[0m
2025-07-31T20:51:53.0206766Z   < Exit [1m[DeferCleanup (Each)][0m TOP-LEVEL [38;5;243m- /home/runner/go/pkg/mod/github.com/ava-labs/avalanchego@v1.13.3/tests/fixture/e2e/ginkgo_test_context.go:96 @ 07/31/25 20:51:53.019 (0s)[0m
2025-07-31T20:51:53.0209425Z   > Enter [1m[DeferCleanup (Each)][0m [Warp] [38;5;243m- /home/runner/go/pkg/mod/github.com/ava-labs/avalanchego@v1.13.3/tests/fixture/e2e/ginkgo_test_context.go:96 @ 07/31/25 20:51:53.019[0m
2025-07-31T20:51:53.0212276Z   < Exit [1m[DeferCleanup (Each)][0m [Warp] [38;5;243m- /home/runner/go/pkg/mod/github.com/ava-labs/avalanchego@v1.13.3/tests/fixture/e2e/ginkgo_test_context.go:96 @ 07/31/25 20:51:53.019 (0s)[0m
2025-07-31T20:51:53.0214997Z   > Enter [1m[DeferCleanup (Each)][0m [Warp] [38;5;243m- /home/runner/go/pkg/mod/github.com/ava-labs/avalanchego@v1.13.3/tests/fixture/e2e/ginkgo_test_context.go:96 @ 07/31/25 20:51:53.019[0m
2025-07-31T20:51:53.0218144Z   < Exit [1m[DeferCleanup (Each)][0m [Warp] [38;5;243m- /home/runner/go/pkg/mod/github.com/ava-labs/avalanchego@v1.13.3/tests/fixture/e2e/ginkgo_test_context.go:96 @ 07/31/25 20:51:53.019 (0s)[0m
2025-07-31T20:51:53.0221308Z   > Enter [1m[DeferCleanup (Each)][0m [Warp] [38;5;243m- /home/runner/go/pkg/mod/github.com/ava-labs/avalanchego@v1.13.3/tests/fixture/e2e/ginkgo_test_context.go:96 @ 07/31/25 20:51:53.019[0m
2025-07-31T20:51:53.0224122Z   < Exit [1m[DeferCleanup (Each)][0m [Warp] [38;5;243m- /home/runner/go/pkg/mod/github.com/ava-labs/avalanchego@v1.13.3/tests/fixture/e2e/ginkgo_test_context.go:96 @ 07/31/25 20:51:53.019 (0s)[0m
2025-07-31T20:51:53.0226883Z   > Enter [1m[DeferCleanup (Each)][0m [Warp] [38;5;243m- /home/runner/go/pkg/mod/github.com/ava-labs/avalanchego@v1.13.3/tests/fixture/e2e/ginkgo_test_context.go:96 @ 07/31/25 20:51:53.02[0m
2025-07-31T20:51:53.0229622Z   < Exit [1m[DeferCleanup (Each)][0m [Warp] [38;5;243m- /home/runner/go/pkg/mod/github.com/ava-labs/avalanchego@v1.13.3/tests/fixture/e2e/ginkgo_test_context.go:96 @ 07/31/25 20:51:53.02 (0s)[0m
2025-07-31T20:51:53.0232537Z   > Enter [1m[DeferCleanup (Each)][0m [Warp] [38;5;243m- /home/runner/go/pkg/mod/github.com/ava-labs/avalanchego@v1.13.3/tests/fixture/e2e/ginkgo_test_context.go:96 @ 07/31/25 20:51:53.02[0m
2025-07-31T20:51:53.0234132Z   < Exit [1m[DeferCleanup (Each)][0m [Warp] [38;5;243m- /home/runner/go/pkg/mod/github.com/ava-labs/avalanchego@v1.13.3/tests/fixture/e2e/ginkgo_test_context.go:96 @ 07/31/25 20:51:53.02 (0s)[0m
2025-07-31T20:51:53.0235602Z   > Enter [1m[DeferCleanup (Each)][0m [Warp] [38;5;243m- /home/runner/go/pkg/mod/github.com/ava-labs/avalanchego@v1.13.3/tests/fixture/e2e/ginkgo_test_context.go:96 @ 07/31/25 20:51:53.02[0m
2025-07-31T20:51:53.0237081Z   < Exit [1m[DeferCleanup (Each)][0m [Warp] [38;5;243m- /home/runner/go/pkg/mod/github.com/ava-labs/avalanchego@v1.13.3/tests/fixture/e2e/ginkgo_test_context.go:96 @ 07/31/25 20:51:53.021 (1ms)[0m
2025-07-31T20:51:53.0238549Z   > Enter [1m[DeferCleanup (Each)][0m [Warp] [38;5;243m- /home/runner/go/pkg/mod/github.com/ava-labs/avalanchego@v1.13.3/tests/fixture/e2e/ginkgo_test_context.go:96 @ 07/31/25 20:51:53.021[0m
2025-07-31T20:51:53.0240249Z   < Exit [1m[DeferCleanup (Each)][0m [Warp] [38;5;243m- /home/runner/go/pkg/mod/github.com/ava-labs/avalanchego@v1.13.3/tests/fixture/e2e/ginkgo_test_context.go:96 @ 07/31/25 20:51:53.021 (0s)[0m
2025-07-31T20:51:53.0241744Z   > Enter [1m[DeferCleanup (Each)][0m [Warp] [38;5;243m- /home/runner/go/pkg/mod/github.com/ava-labs/avalanchego@v1.13.3/tests/fixture/e2e/ginkgo_test_context.go:96 @ 07/31/25 20:51:53.021[0m
2025-07-31T20:51:53.0243218Z   < Exit [1m[DeferCleanup (Each)][0m [Warp] [38;5;243m- /home/runner/go/pkg/mod/github.com/ava-labs/avalanchego@v1.13.3/tests/fixture/e2e/ginkgo_test_context.go:96 @ 07/31/25 20:51:53.021 (0s)[0m
2025-07-31T20:51:53.0244194Z [38;5;10m• [19.276 seconds][0m
2025-07-31T20:51:53.0244771Z [38;5;243m------------------------------[0m
2025-07-31T20:51:53.0245365Z [0m[1m[DeferCleanup (Suite)] [0m
2025-07-31T20:51:53.0246775Z [38;5;243m/home/runner/go/pkg/mod/github.com/ava-labs/avalanchego@v1.13.3/tests/fixture/e2e/ginkgo_test_context.go:96[0m
2025-07-31T20:51:53.0249419Z   > Enter [1m[DeferCleanup (Suite)][0m TOP-LEVEL [38;5;243m- /home/runner/go/pkg/mod/github.com/ava-labs/avalanchego@v1.13.3/tests/fixture/e2e/ginkgo_test_context.go:96 @ 07/31/25 20:51:53.021[0m
2025-07-31T20:51:53.0252645Z   < Exit [1m[DeferCleanup (Suite)][0m TOP-LEVEL [38;5;243m- /home/runner/go/pkg/mod/github.com/ava-labs/avalanchego@v1.13.3/tests/fixture/e2e/ginkgo_test_context.go:96 @ 07/31/25 20:51:53.021 (0s)[0m
2025-07-31T20:51:53.0254364Z [38;5;10m[DeferCleanup (Suite)] PASSED [0.000 seconds][0m
2025-07-31T20:51:53.0255213Z [38;5;243m------------------------------[0m
2025-07-31T20:51:53.0256112Z [0m[1m[DeferCleanup (Suite)] [0m
2025-07-31T20:51:53.0257706Z [38;5;243m/home/runner/go/pkg/mod/github.com/ava-labs/avalanchego@v1.13.3/tests/fixture/e2e/ginkgo_test_context.go:96[0m
2025-07-31T20:51:53.0259741Z   > Enter [1m[DeferCleanup (Suite)][0m TOP-LEVEL [38;5;243m- /home/runner/go/pkg/mod/github.com/ava-labs/avalanchego@v1.13.3/tests/fixture/e2e/ginkgo_test_context.go:96 @ 07/31/25 20:51:53.021[0m
2025-07-31T20:51:53.0261864Z   < Exit [1m[DeferCleanup (Suite)][0m TOP-LEVEL [38;5;243m- /home/runner/go/pkg/mod/github.com/ava-labs/avalanchego@v1.13.3/tests/fixture/e2e/ginkgo_test_context.go:96 @ 07/31/25 20:51:53.021 (0s)[0m
2025-07-31T20:51:53.0262889Z [38;5;10m[DeferCleanup (Suite)] PASSED [0.000 seconds][0m
2025-07-31T20:51:53.0274887Z [38;5;243m------------------------------[0m
2025-07-31T20:51:53.0275506Z [0m[1m[DeferCleanup (Suite)] [0m
2025-07-31T20:51:53.0276331Z [38;5;243m/home/runner/go/pkg/mod/github.com/ava-labs/avalanchego@v1.13.3/tests/fixture/e2e/ginkgo_test_context.go:96[0m
2025-07-31T20:51:53.0277719Z   > Enter [1m[DeferCleanup (Suite)][0m TOP-LEVEL [38;5;243m- /home/runner/go/pkg/mod/github.com/ava-labs/avalanchego@v1.13.3/tests/fixture/e2e/ginkgo_test_context.go:96 @ 07/31/25 20:51:53.022[0m
2025-07-31T20:51:53.0279284Z   < Exit [1m[DeferCleanup (Suite)][0m TOP-LEVEL [38;5;243m- /home/runner/go/pkg/mod/github.com/ava-labs/avalanchego@v1.13.3/tests/fixture/e2e/ginkgo_test_context.go:96 @ 07/31/25 20:51:53.022 (0s)[0m
2025-07-31T20:51:53.0280416Z [38;5;10m[DeferCleanup (Suite)] PASSED [0.000 seconds][0m
2025-07-31T20:51:53.0280834Z [38;5;243m------------------------------[0m
2025-07-31T20:51:53.0281193Z [0m[1m[DeferCleanup (Suite)] [0m
2025-07-31T20:51:53.0281964Z [38;5;243m/home/runner/go/pkg/mod/github.com/ava-labs/avalanchego@v1.13.3/tests/fixture/e2e/ginkgo_test_context.go:96[0m
2025-07-31T20:51:53.0283314Z   > Enter [1m[DeferCleanup (Suite)][0m TOP-LEVEL [38;5;243m- /home/runner/go/pkg/mod/github.com/ava-labs/avalanchego@v1.13.3/tests/fixture/e2e/ginkgo_test_context.go:96 @ 07/31/25 20:51:53.022[0m
2025-07-31T20:51:53.0284849Z   < Exit [1m[DeferCleanup (Suite)][0m TOP-LEVEL [38;5;243m- /home/runner/go/pkg/mod/github.com/ava-labs/avalanchego@v1.13.3/tests/fixture/e2e/ginkgo_test_context.go:96 @ 07/31/25 20:51:53.022 (0s)[0m
2025-07-31T20:51:53.0285755Z [38;5;10m[DeferCleanup (Suite)] PASSED [0.000 seconds][0m
2025-07-31T20:51:53.0286171Z [38;5;243m------------------------------[0m
2025-07-31T20:51:53.0286510Z [0m[1m[DeferCleanup (Suite)] [0m
2025-07-31T20:51:53.0287252Z [38;5;243m/home/runner/go/pkg/mod/github.com/ava-labs/avalanchego@v1.13.3/tests/fixture/e2e/ginkgo_test_context.go:96[0m
2025-07-31T20:51:53.0288590Z   > Enter [1m[DeferCleanup (Suite)][0m TOP-LEVEL [38;5;243m- /home/runner/go/pkg/mod/github.com/ava-labs/avalanchego@v1.13.3/tests/fixture/e2e/ginkgo_test_context.go:96 @ 07/31/25 20:51:53.022[0m
2025-07-31T20:51:53.0290338Z   < Exit [1m[DeferCleanup (Suite)][0m TOP-LEVEL [38;5;243m- /home/runner/go/pkg/mod/github.com/ava-labs/avalanchego@v1.13.3/tests/fixture/e2e/ginkgo_test_context.go:96 @ 07/31/25 20:51:53.022 (0s)[0m
2025-07-31T20:51:53.0291235Z [38;5;10m[DeferCleanup (Suite)] PASSED [0.000 seconds][0m
2025-07-31T20:51:53.0291643Z [38;5;243m------------------------------[0m
2025-07-31T20:51:53.0291991Z [0m[1m[DeferCleanup (Suite)] [0m
2025-07-31T20:51:53.0292739Z [38;5;243m/home/runner/go/pkg/mod/github.com/ava-labs/avalanchego@v1.13.3/tests/fixture/e2e/ginkgo_test_context.go:96[0m
2025-07-31T20:51:53.0294065Z   > Enter [1m[DeferCleanup (Suite)][0m TOP-LEVEL [38;5;243m- /home/runner/go/pkg/mod/github.com/ava-labs/avalanchego@v1.13.3/tests/fixture/e2e/ginkgo_test_context.go:96 @ 07/31/25 20:51:53.022[0m
2025-07-31T20:51:53.0295584Z   < Exit [1m[DeferCleanup (Suite)][0m TOP-LEVEL [38;5;243m- /home/runner/go/pkg/mod/github.com/ava-labs/avalanchego@v1.13.3/tests/fixture/e2e/ginkgo_test_context.go:96 @ 07/31/25 20:51:53.022 (0s)[0m
2025-07-31T20:51:53.0296471Z [38;5;10m[DeferCleanup (Suite)] PASSED [0.000 seconds][0m
2025-07-31T20:51:53.0296867Z [38;5;243m------------------------------[0m
2025-07-31T20:51:53.0297206Z [0m[1m[DeferCleanup (Suite)] [0m
2025-07-31T20:51:53.0297934Z [38;5;243m/home/runner/go/pkg/mod/github.com/ava-labs/avalanchego@v1.13.3/tests/fixture/e2e/ginkgo_test_context.go:96[0m
2025-07-31T20:51:53.0299688Z   > Enter [1m[DeferCleanup (Suite)][0m TOP-LEVEL [38;5;243m- /home/runner/go/pkg/mod/github.com/ava-labs/avalanchego@v1.13.3/tests/fixture/e2e/ginkgo_test_context.go:96 @ 07/31/25 20:51:53.022[0m
2025-07-31T20:51:53.0301438Z   < Exit [1m[DeferCleanup (Suite)][0m TOP-LEVEL [38;5;243m- /home/runner/go/pkg/mod/github.com/ava-labs/avalanchego@v1.13.3/tests/fixture/e2e/ginkgo_test_context.go:96 @ 07/31/25 20:51:53.022 (0s)[0m
2025-07-31T20:51:53.0302323Z [38;5;10m[DeferCleanup (Suite)] PASSED [0.000 seconds][0m
2025-07-31T20:51:53.0302723Z [38;5;243m------------------------------[0m
2025-07-31T20:51:53.0303063Z [0m[1m[DeferCleanup (Suite)] [0m
2025-07-31T20:51:53.0303799Z [38;5;243m/home/runner/go/pkg/mod/github.com/ava-labs/avalanchego@v1.13.3/tests/fixture/e2e/ginkgo_test_context.go:96[0m
2025-07-31T20:51:53.0305136Z   > Enter [1m[DeferCleanup (Suite)][0m TOP-LEVEL [38;5;243m- /home/runner/go/pkg/mod/github.com/ava-labs/avalanchego@v1.13.3/tests/fixture/e2e/ginkgo_test_context.go:96 @ 07/31/25 20:51:53.022[0m
2025-07-31T20:51:53.0306669Z   < Exit [1m[DeferCleanup (Suite)][0m TOP-LEVEL [38;5;243m- /home/runner/go/pkg/mod/github.com/ava-labs/avalanchego@v1.13.3/tests/fixture/e2e/ginkgo_test_context.go:96 @ 07/31/25 20:51:53.022 (0s)[0m
2025-07-31T20:51:53.0307546Z [38;5;10m[DeferCleanup (Suite)] PASSED [0.000 seconds][0m
2025-07-31T20:51:53.0307938Z [38;5;243m------------------------------[0m
2025-07-31T20:51:53.0308276Z [0m[1m[DeferCleanup (Suite)] [0m
2025-07-31T20:51:53.0309006Z [38;5;243m/home/runner/go/pkg/mod/github.com/ava-labs/avalanchego@v1.13.3/tests/fixture/e2e/ginkgo_test_context.go:96[0m
2025-07-31T20:51:53.0310531Z   > Enter [1m[DeferCleanup (Suite)][0m TOP-LEVEL [38;5;243m- /home/runner/go/pkg/mod/github.com/ava-labs/avalanchego@v1.13.3/tests/fixture/e2e/ginkgo_test_context.go:96 @ 07/31/25 20:51:53.022[0m
2025-07-31T20:51:53.0311583Z    [0;0mINFO[0;0m	delaying network shutdown to ensure final metrics scrape	{"delay": "12s"}
2025-07-31T20:52:05.0235366Z    [0;0mINFO[0;0m	shutting down network
2025-07-31T20:52:05.1373129Z   < Exit [1m[DeferCleanup (Suite)][0m TOP-LEVEL [38;5;243m- /home/runner/go/pkg/mod/github.com/ava-labs/avalanchego@v1.13.3/tests/fixture/e2e/ginkgo_test_context.go:96 @ 07/31/25 20:52:05.136 (12.114s)[0m
2025-07-31T20:52:05.1375737Z [38;5;10m[DeferCleanup (Suite)] PASSED [12.114 seconds][0m
2025-07-31T20:52:05.1376524Z [38;5;243m------------------------------[0m
2025-07-31T20:52:05.1377172Z [0m[1m[DeferCleanup (Suite)] [0m
2025-07-31T20:52:05.1378604Z [38;5;243m/home/runner/go/pkg/mod/github.com/ava-labs/avalanchego@v1.13.3/tests/fixture/e2e/ginkgo_test_context.go:96[0m
2025-07-31T20:52:05.1381557Z   > Enter [1m[DeferCleanup (Suite)][0m TOP-LEVEL [38;5;243m- /home/runner/go/pkg/mod/github.com/ava-labs/avalanchego@v1.13.3/tests/fixture/e2e/ginkgo_test_context.go:96 @ 07/31/25 20:52:05.137[0m
2025-07-31T20:52:05.1384141Z   < Exit [1m[DeferCleanup (Suite)][0m TOP-LEVEL [38;5;243m- /home/runner/go/pkg/mod/github.com/ava-labs/avalanchego@v1.13.3/tests/fixture/e2e/ginkgo_test_context.go:96 @ 07/31/25 20:52:05.137 (0s)[0m
2025-07-31T20:52:05.1385390Z [38;5;10m[DeferCleanup (Suite)] PASSED [0.000 seconds][0m
2025-07-31T20:52:05.1385808Z [38;5;243m------------------------------[0m
2025-07-31T20:52:05.1386173Z [0m[1m[DeferCleanup (Suite)] [0m
2025-07-31T20:52:05.1386937Z [38;5;243m/home/runner/go/pkg/mod/github.com/ava-labs/avalanchego@v1.13.3/tests/fixture/e2e/ginkgo_test_context.go:96[0m
2025-07-31T20:52:05.1388269Z   > Enter [1m[DeferCleanup (Suite)][0m TOP-LEVEL [38;5;243m- /home/runner/go/pkg/mod/github.com/ava-labs/avalanchego@v1.13.3/tests/fixture/e2e/ginkgo_test_context.go:96 @ 07/31/25 20:52:05.137[0m
2025-07-31T20:52:05.1389692Z    [0;0mINFO[0;0m	checking if logs exist	{"url": "https://loki-poc.avax-dev.network", "query": "sum(count_over_time({network_uuid=\"ddb088a1-f20a-4091-9d8a-bfaafeeff940\"}[1h]))"}
2025-07-31T20:52:05.2238703Z    [0;0mINFO[0;0m	collected count is non-zero	{"type": "logs", "count": 12849}
2025-07-31T20:52:05.2242262Z   < Exit [1m[DeferCleanup (Suite)][0m TOP-LEVEL [38;5;243m- /home/runner/go/pkg/mod/github.com/ava-labs/avalanchego@v1.13.3/tests/fixture/e2e/ginkgo_test_context.go:96 @ 07/31/25 20:52:05.223 (87ms)[0m
2025-07-31T20:52:05.2244199Z [38;5;10m[DeferCleanup (Suite)] PASSED [0.087 seconds][0m
2025-07-31T20:52:05.2244964Z [38;5;243m------------------------------[0m
2025-07-31T20:52:05.2245563Z [0m[1m[DeferCleanup (Suite)] [0m
2025-07-31T20:52:05.2246759Z [38;5;243m/home/runner/go/pkg/mod/github.com/ava-labs/avalanchego@v1.13.3/tests/fixture/e2e/ginkgo_test_context.go:96[0m
2025-07-31T20:52:05.2248381Z   > Enter [1m[DeferCleanup (Suite)][0m TOP-LEVEL [38;5;243m- /home/runner/go/pkg/mod/github.com/ava-labs/avalanchego@v1.13.3/tests/fixture/e2e/ginkgo_test_context.go:96 @ 07/31/25 20:52:05.223[0m
2025-07-31T20:52:05.2250136Z    [0;0mINFO[0;0m	checking if metrics exist	{"url": "https://prometheus-poc.avax-dev.network", "query": "count({network_uuid=\"ddb088a1-f20a-4091-9d8a-bfaafeeff940\"})"}
2025-07-31T20:52:05.3293877Z    [0;0mINFO[0;0m	collected count is non-zero	{"type": "metrics", "count": 8883}
2025-07-31T20:52:05.3297128Z   < Exit [1m[DeferCleanup (Suite)][0m TOP-LEVEL [38;5;243m- /home/runner/go/pkg/mod/github.com/ava-labs/avalanchego@v1.13.3/tests/fixture/e2e/ginkgo_test_context.go:96 @ 07/31/25 20:52:05.329 (105ms)[0m
2025-07-31T20:52:05.3298678Z [38;5;10m[DeferCleanup (Suite)] PASSED [0.105 seconds][0m
2025-07-31T20:52:05.3299221Z [38;5;243m------------------------------[0m
2025-07-31T20:52:05.3299677Z [0m[1m[DeferCleanup (Suite)] [0m
2025-07-31T20:52:05.3300990Z [38;5;243m/home/runner/go/pkg/mod/github.com/ava-labs/avalanchego@v1.13.3/tests/fixture/e2e/ginkgo_test_context.go:96[0m
2025-07-31T20:52:05.3302813Z   > Enter [1m[DeferCleanup (Suite)][0m TOP-LEVEL [38;5;243m- /home/runner/go/pkg/mod/github.com/ava-labs/avalanchego@v1.13.3/tests/fixture/e2e/ginkgo_test_context.go:96 @ 07/31/25 20:52:05.329[0m
2025-07-31T20:52:05.3304919Z   < Exit [1m[DeferCleanup (Suite)][0m TOP-LEVEL [38;5;243m- /home/runner/go/pkg/mod/github.com/ava-labs/avalanchego@v1.13.3/tests/fixture/e2e/ginkgo_test_context.go:96 @ 07/31/25 20:52:05.329 (0s)[0m
2025-07-31T20:52:05.3306103Z [38;5;10m[DeferCleanup (Suite)] PASSED [0.000 seconds][0m
2025-07-31T20:52:05.3306627Z [38;5;243m------------------------------[0m
2025-07-31T20:52:05.3307070Z [0m[1m[DeferCleanup (Suite)] [0m
2025-07-31T20:52:05.3308054Z [38;5;243m/home/runner/go/pkg/mod/github.com/ava-labs/avalanchego@v1.13.3/tests/fixture/e2e/ginkgo_test_context.go:96[0m
2025-07-31T20:52:05.3309590Z   > Enter [1m[DeferCleanup (Suite)][0m TOP-LEVEL [38;5;243m- /home/runner/go/pkg/mod/github.com/ava-labs/avalanchego@v1.13.3/tests/fixture/e2e/ginkgo_test_context.go:96 @ 07/31/25 20:52:05.329[0m
2025-07-31T20:52:05.3311324Z   < Exit [1m[DeferCleanup (Suite)][0m TOP-LEVEL [38;5;243m- /home/runner/go/pkg/mod/github.com/ava-labs/avalanchego@v1.13.3/tests/fixture/e2e/ginkgo_test_context.go:96 @ 07/31/25 20:52:05.329 (0s)[0m
2025-07-31T20:52:05.3312208Z [38;5;10m[DeferCleanup (Suite)] PASSED [0.000 seconds][0m
2025-07-31T20:52:05.3312616Z [38;5;243m------------------------------[0m
2025-07-31T20:52:05.3312794Z 
2025-07-31T20:52:05.3313026Z [38;5;10m[1mRan 5 of 5 Specs in 98.730 seconds[0m
2025-07-31T20:52:05.3313793Z [38;5;10m[1mSUCCESS![0m -- [38;5;10m[1m5 Passed[0m | [38;5;9m[1m0 Failed[0m | [38;5;11m[1m0 Pending[0m | [38;5;14m[1m0 Skipped[0m
2025-07-31T20:52:05.3314222Z PASS
2025-07-31T20:52:05.3477152Z 
2025-07-31T20:52:05.3477708Z Ginkgo ran 1 suite in 1m45.898075773s
2025-07-31T20:52:05.3478194Z Test Suite Passed
2025-07-31T20:52:05.3581691Z ##[group]Run actions/upload-artifact@v4
2025-07-31T20:52:05.3581960Z with:
2025-07-31T20:52:05.3582142Z   name: warp-tmpnet-data
2025-07-31T20:52:05.3582555Z   path: ~/.tmpnet/networks
~/.tmpnet/prometheus/prometheus.log
~/.tmpnet/promtail/promtail.log

2025-07-31T20:52:05.3582990Z   if-no-files-found: error
2025-07-31T20:52:05.3583420Z   compression-level: 6
2025-07-31T20:52:05.3583765Z   overwrite: false
2025-07-31T20:52:05.3583973Z   include-hidden-files: false
2025-07-31T20:52:05.3584191Z env:
2025-07-31T20:52:05.3584378Z   TMPDIR: /home/runner/work/_temp
2025-07-31T20:52:05.3584619Z ##[endgroup]
2025-07-31T20:52:05.5987428Z Multiple search paths detected. Calculating the least common ancestor of all paths
2025-07-31T20:52:05.5992056Z The least common ancestor is /home/runner/.tmpnet. This will be the root directory of the artifact
2025-07-31T20:52:05.5992663Z With the provided path, there will be 65 files uploaded
2025-07-31T20:52:05.5995713Z Artifact name is valid!
2025-07-31T20:52:05.5996853Z Root directory input is valid!
2025-07-31T20:52:05.6887327Z Beginning upload of artifact content to blob storage
2025-07-31T20:52:05.8903007Z Uploaded bytes 761745
2025-07-31T20:52:05.9062883Z Finished uploading artifact content to blob storage!
2025-07-31T20:52:05.9066411Z SHA256 digest of uploaded artifact zip is 2ca53809d87dc80556ece5c1cbeda6e5f95d6530d7ffa82ed394aea9f159e781
2025-07-31T20:52:05.9067661Z Finalizing artifact upload
2025-07-31T20:52:05.9940853Z Artifact warp-tmpnet-data.zip successfully finalized. Artifact ID 3662127841
2025-07-31T20:52:05.9941945Z Artifact warp-tmpnet-data has been successfully uploaded! Final size is 761745 bytes. Artifact ID is 3662127841
2025-07-31T20:52:05.9949318Z Artifact download URL: https://github.com/ava-labs/subnet-evm/actions/runs/16659661225/artifacts/3662127841
2025-07-31T20:52:06.0131783Z Post job cleanup.
2025-07-31T20:52:06.1838386Z Post job cleanup.
2025-07-31T20:52:06.3449014Z [command]/opt/hostedtoolcache/go/1.23.9/x64/bin/go env GOMODCACHE
2025-07-31T20:52:06.3489314Z [command]/opt/hostedtoolcache/go/1.23.9/x64/bin/go env GOCACHE
2025-07-31T20:52:06.3515008Z /home/runner/go/pkg/mod
2025-07-31T20:52:06.3540185Z /home/runner/.cache/go-build
2025-07-31T20:52:06.3545768Z Cache hit occurred on the primary key setup-go-Linux-x64-ubuntu24-go-1.23.9-0b3e90913b97e03ae3703c92249b7dba10f2132eed5fabcf4cb0b538b1b5d6c0, not saving cache.
2025-07-31T20:52:06.3643047Z Post job cleanup.
2025-07-31T20:52:06.4635125Z [command]/usr/bin/git version
2025-07-31T20:52:06.4673935Z git version 2.50.1
2025-07-31T20:52:06.4727398Z Temporarily overriding HOME='/home/runner/work/_temp/e32b2e97-a6ee-4724-b0a0-5330005a1baa' before making global git config changes
2025-07-31T20:52:06.4729056Z Adding repository directory to the temporary git global config as a safe directory
2025-07-31T20:52:06.4733967Z [command]/usr/bin/git config --global --add safe.directory /home/runner/work/subnet-evm/subnet-evm
2025-07-31T20:52:06.4768535Z [command]/usr/bin/git config --local --name-only --get-regexp core\.sshCommand
2025-07-31T20:52:06.4800641Z [command]/usr/bin/git submodule foreach --recursive sh -c "git config --local --name-only --get-regexp 'core\.sshCommand' && git config --local --unset-all 'core.sshCommand' || :"
2025-07-31T20:52:06.5032422Z [command]/usr/bin/git config --local --name-only --get-regexp http\.https\:\/\/github\.com\/\.extraheader
2025-07-31T20:52:06.5055822Z http.https://github.com/.extraheader
2025-07-31T20:52:06.5073338Z [command]/usr/bin/git config --local --unset-all http.https://github.com/.extraheader
2025-07-31T20:52:06.5106799Z [command]/usr/bin/git submodule foreach --recursive sh -c "git config --local --name-only --get-regexp 'http\.https\:\/\/github\.com\/\.extraheader' && git config --local --unset-all 'http.https://github.com/.extraheader' || :"
2025-07-31T20:52:06.5467996Z Cleaning up orphan processes
2025-07-31T20:52:06.5798987Z Terminate orphan process: pid (4477) (prometheus)
2025-07-31T20:52:06.5846180Z Terminate orphan process: pid (4487) (.promtail-wrapp)
