2025-07-31T20:48:42.6600174Z Current runner version: '2.327.1'
2025-07-31T20:48:42.6635527Z ##[group]Runner Image Provisioner
2025-07-31T20:48:42.6636916Z Hosted Compute Agent
2025-07-31T20:48:42.6637795Z Version: 20250711.363
2025-07-31T20:48:42.6638688Z Commit: 6785254374ce925a23743850c1cb91912ce5c14c
2025-07-31T20:48:42.6640012Z Build Date: 2025-07-11T20:04:25Z
2025-07-31T20:48:42.6640913Z ##[endgroup]
2025-07-31T20:48:42.6641732Z ##[group]Operating System
2025-07-31T20:48:42.6642638Z Ubuntu
2025-07-31T20:48:42.6643428Z 24.04.2
2025-07-31T20:48:42.6644230Z LTS
2025-07-31T20:48:42.6645004Z ##[endgroup]
2025-07-31T20:48:42.6645830Z ##[group]Runner Image
2025-07-31T20:48:42.6646977Z Image: ubuntu-24.04
2025-07-31T20:48:42.6647925Z Version: 20250728.1.0
2025-07-31T20:48:42.6649581Z Included Software: https://github.com/actions/runner-images/blob/ubuntu24/20250728.1/images/ubuntu/Ubuntu2404-Readme.md
2025-07-31T20:48:42.6652419Z Image Release: https://github.com/actions/runner-images/releases/tag/ubuntu24%2F20250728.1
2025-07-31T20:48:42.6654061Z ##[endgroup]
2025-07-31T20:48:42.6658505Z ##[group]GITHUB_TOKEN Permissions
2025-07-31T20:48:42.6661201Z Actions: write
2025-07-31T20:48:42.6662227Z Attestations: write
2025-07-31T20:48:42.6663090Z Checks: write
2025-07-31T20:48:42.6663876Z Contents: write
2025-07-31T20:48:42.6664726Z Deployments: write
2025-07-31T20:48:42.6665602Z Discussions: write
2025-07-31T20:48:42.6666344Z Issues: write
2025-07-31T20:48:42.6667440Z Metadata: read
2025-07-31T20:48:42.6668292Z Models: read
2025-07-31T20:48:42.6669107Z Packages: write
2025-07-31T20:48:42.6670003Z Pages: write
2025-07-31T20:48:42.6670799Z PullRequests: write
2025-07-31T20:48:42.6671705Z RepositoryProjects: write
2025-07-31T20:48:42.6672629Z SecurityEvents: write
2025-07-31T20:48:42.6673680Z Statuses: write
2025-07-31T20:48:42.6674444Z ##[endgroup]
2025-07-31T20:48:42.6677694Z Secret source: Actions
2025-07-31T20:48:42.6678897Z Prepare workflow directory
2025-07-31T20:48:42.7138732Z Prepare all required actions
2025-07-31T20:48:42.7196480Z Getting action download info
2025-07-31T20:48:42.9693219Z ##[group]Download immutable action package 'actions/checkout@v4'
2025-07-31T20:48:42.9694394Z Version: 4.2.2
2025-07-31T20:48:42.9695403Z Digest: sha256:ccb2698953eaebd21c7bf6268a94f9c26518a7e38e27e0b83c1fe1ad049819b1
2025-07-31T20:48:42.9696907Z Source commit SHA: 11bd71901bbe5b1630ceea73d27597364c9af683
2025-07-31T20:48:42.9697812Z ##[endgroup]
2025-07-31T20:48:43.1698022Z Complete job name: Image build
2025-07-31T20:48:43.2382848Z ##[group]Run actions/checkout@v4
2025-07-31T20:48:43.2383671Z with:
2025-07-31T20:48:43.2384083Z   repository: ava-labs/subnet-evm
2025-07-31T20:48:43.2384729Z   token: ***
2025-07-31T20:48:43.2385127Z   ssh-strict: true
2025-07-31T20:48:43.2385539Z   ssh-user: git
2025-07-31T20:48:43.2385948Z   persist-credentials: true
2025-07-31T20:48:43.2386404Z   clean: true
2025-07-31T20:48:43.2387017Z   sparse-checkout-cone-mode: true
2025-07-31T20:48:43.2387512Z   fetch-depth: 1
2025-07-31T20:48:43.2387895Z   fetch-tags: false
2025-07-31T20:48:43.2388358Z   show-progress: true
2025-07-31T20:48:43.2388763Z   lfs: false
2025-07-31T20:48:43.2389150Z   submodules: false
2025-07-31T20:48:43.2389553Z   set-safe-directory: true
2025-07-31T20:48:43.2390242Z ##[endgroup]
2025-07-31T20:48:43.3500300Z Syncing repository: ava-labs/subnet-evm
2025-07-31T20:48:43.3502047Z ##[group]Getting Git version info
2025-07-31T20:48:43.3502800Z Working directory is '/home/runner/work/subnet-evm/subnet-evm'
2025-07-31T20:48:43.3503963Z [command]/usr/bin/git version
2025-07-31T20:48:43.3550801Z git version 2.50.1
2025-07-31T20:48:43.3577553Z ##[endgroup]
2025-07-31T20:48:43.3594000Z Temporarily overriding HOME='/home/runner/work/_temp/f221617f-d67d-449e-9431-41033b3786c9' before making global git config changes
2025-07-31T20:48:43.3596963Z Adding repository directory to the temporary git global config as a safe directory
2025-07-31T20:48:43.3600403Z [command]/usr/bin/git config --global --add safe.directory /home/runner/work/subnet-evm/subnet-evm
2025-07-31T20:48:43.3636336Z Deleting the contents of '/home/runner/work/subnet-evm/subnet-evm'
2025-07-31T20:48:43.3640061Z ##[group]Initializing the repository
2025-07-31T20:48:43.3644573Z [command]/usr/bin/git init /home/runner/work/subnet-evm/subnet-evm
2025-07-31T20:48:43.3705553Z hint: Using 'master' as the name for the initial branch. This default branch name
2025-07-31T20:48:43.3707737Z hint: is subject to change. To configure the initial branch name to use in all
2025-07-31T20:48:43.3709634Z hint: of your new repositories, which will suppress this warning, call:
2025-07-31T20:48:43.3711044Z hint:
2025-07-31T20:48:43.3711968Z hint: 	git config --global init.defaultBranch <name>
2025-07-31T20:48:43.3713122Z hint:
2025-07-31T20:48:43.3713853Z hint: Names commonly chosen instead of 'master' are 'main', 'trunk' and
2025-07-31T20:48:43.3715262Z hint: 'development'. The just-created branch can be renamed via this command:
2025-07-31T20:48:43.3716178Z hint:
2025-07-31T20:48:43.3716882Z hint: 	git branch -m <name>
2025-07-31T20:48:43.3717481Z hint:
2025-07-31T20:48:43.3718315Z hint: Disable this message with "git config set advice.defaultBranchName false"
2025-07-31T20:48:43.3719692Z Initialized empty Git repository in /home/runner/work/subnet-evm/subnet-evm/.git/
2025-07-31T20:48:43.3721989Z [command]/usr/bin/git remote add origin https://github.com/ava-labs/subnet-evm
2025-07-31T20:48:43.3755866Z ##[endgroup]
2025-07-31T20:48:43.3757842Z ##[group]Disabling automatic garbage collection
2025-07-31T20:48:43.3761225Z [command]/usr/bin/git config --local gc.auto 0
2025-07-31T20:48:43.3790679Z ##[endgroup]
2025-07-31T20:48:43.3791954Z ##[group]Setting up auth
2025-07-31T20:48:43.3798224Z [command]/usr/bin/git config --local --name-only --get-regexp core\.sshCommand
2025-07-31T20:48:43.3830015Z [command]/usr/bin/git submodule foreach --recursive sh -c "git config --local --name-only --get-regexp 'core\.sshCommand' && git config --local --unset-all 'core.sshCommand' || :"
2025-07-31T20:48:43.4126931Z [command]/usr/bin/git config --local --name-only --get-regexp http\.https\:\/\/github\.com\/\.extraheader
2025-07-31T20:48:43.4162081Z [command]/usr/bin/git submodule foreach --recursive sh -c "git config --local --name-only --get-regexp 'http\.https\:\/\/github\.com\/\.extraheader' && git config --local --unset-all 'http.https://github.com/.extraheader' || :"
2025-07-31T20:48:43.4393949Z [command]/usr/bin/git config --local http.https://github.com/.extraheader AUTHORIZATION: basic ***
2025-07-31T20:48:43.4434073Z ##[endgroup]
2025-07-31T20:48:43.4435532Z ##[group]Fetching the repository
2025-07-31T20:48:43.4442499Z [command]/usr/bin/git -c protocol.version=2 fetch --no-tags --prune --no-recurse-submodules --depth=1 origin +458961795523cdde7218683f234d1bdfd7d9e2c6:refs/remotes/pull/1670/merge
2025-07-31T20:48:43.9773292Z From https://github.com/ava-labs/subnet-evm
2025-07-31T20:48:43.9775173Z  * [new ref]         458961795523cdde7218683f234d1bdfd7d9e2c6 -> pull/1670/merge
2025-07-31T20:48:43.9798272Z ##[endgroup]
2025-07-31T20:48:43.9799648Z ##[group]Determining the checkout info
2025-07-31T20:48:43.9801375Z ##[endgroup]
2025-07-31T20:48:43.9805926Z [command]/usr/bin/git sparse-checkout disable
2025-07-31T20:48:43.9853225Z [command]/usr/bin/git config --local --unset-all extensions.worktreeConfig
2025-07-31T20:48:43.9882882Z ##[group]Checking out the ref
2025-07-31T20:48:43.9885943Z [command]/usr/bin/git checkout --progress --force refs/remotes/pull/1670/merge
2025-07-31T20:48:44.0695292Z Note: switching to 'refs/remotes/pull/1670/merge'.
2025-07-31T20:48:44.0697105Z 
2025-07-31T20:48:44.0698241Z You are in 'detached HEAD' state. You can look around, make experimental
2025-07-31T20:48:44.0700788Z changes and commit them, and you can discard any commits you make in this
2025-07-31T20:48:44.0702500Z state without impacting any branches by switching back to a branch.
2025-07-31T20:48:44.0703492Z 
2025-07-31T20:48:44.0704134Z If you want to create a new branch to retain commits you create, you may
2025-07-31T20:48:44.0706087Z do so (now or later) by using -c with the switch command. Example:
2025-07-31T20:48:44.0707562Z 
2025-07-31T20:48:44.0707940Z   git switch -c <new-branch-name>
2025-07-31T20:48:44.0708590Z 
2025-07-31T20:48:44.0708942Z Or undo this operation with:
2025-07-31T20:48:44.0709494Z 
2025-07-31T20:48:44.0709798Z   git switch -
2025-07-31T20:48:44.0710308Z 
2025-07-31T20:48:44.0711034Z Turn off this advice by setting config variable advice.detachedHead to false
2025-07-31T20:48:44.0712150Z 
2025-07-31T20:48:44.0713450Z HEAD is now at 4589617 Merge 621baa1f6abfd4cdb6de9f7d90086977ca126195 into cac7421f86c7d9b283181c568fbc6dc80abb74bc
2025-07-31T20:48:44.0717733Z ##[endgroup]
2025-07-31T20:48:44.0750125Z [command]/usr/bin/git log -1 --format=%H
2025-07-31T20:48:44.0773966Z 458961795523cdde7218683f234d1bdfd7d9e2c6
2025-07-31T20:48:44.1019464Z ##[group]Run sudo apt update
2025-07-31T20:48:44.1020690Z [36;1msudo apt update[0m
2025-07-31T20:48:44.1022002Z [36;1msudo apt -y install qemu-system qemu-user-static[0m
2025-07-31T20:48:44.1058907Z shell: /usr/bin/bash -e {0}
2025-07-31T20:48:44.1060093Z ##[endgroup]
2025-07-31T20:48:44.1339504Z 
2025-07-31T20:48:44.1341623Z WARNING: apt does not have a stable CLI interface. Use with caution in scripts.
2025-07-31T20:48:44.1343954Z 
2025-07-31T20:48:44.1940865Z Get:1 file:/etc/apt/apt-mirrors.txt Mirrorlist [144 B]
2025-07-31T20:48:44.2415257Z Hit:2 http://azure.archive.ubuntu.com/ubuntu noble InRelease
2025-07-31T20:48:44.2439963Z Get:3 http://azure.archive.ubuntu.com/ubuntu noble-updates InRelease [126 kB]
2025-07-31T20:48:44.2637734Z Get:4 http://azure.archive.ubuntu.com/ubuntu noble-backports InRelease [126 kB]
2025-07-31T20:48:44.2683303Z Get:5 http://azure.archive.ubuntu.com/ubuntu noble-security InRelease [126 kB]
2025-07-31T20:48:44.3163952Z Hit:6 https://packages.microsoft.com/repos/azure-cli noble InRelease
2025-07-31T20:48:44.4899621Z Get:7 https://packages.microsoft.com/ubuntu/24.04/prod noble InRelease [3600 B]
2025-07-31T20:48:44.5069003Z Get:8 http://azure.archive.ubuntu.com/ubuntu noble-updates/main amd64 Packages [1313 kB]
2025-07-31T20:48:44.5220368Z Get:9 http://azure.archive.ubuntu.com/ubuntu noble-updates/main Translation-en [263 kB]
2025-07-31T20:48:44.5243946Z Get:10 http://azure.archive.ubuntu.com/ubuntu noble-updates/main amd64 Components [164 kB]
2025-07-31T20:48:44.5263050Z Get:11 http://azure.archive.ubuntu.com/ubuntu noble-updates/universe amd64 Packages [1116 kB]
2025-07-31T20:48:44.5333394Z Get:12 http://azure.archive.ubuntu.com/ubuntu noble-updates/universe Translation-en [286 kB]
2025-07-31T20:48:44.5358225Z Get:13 http://azure.archive.ubuntu.com/ubuntu noble-updates/universe amd64 Components [377 kB]
2025-07-31T20:48:44.5392909Z Get:14 http://azure.archive.ubuntu.com/ubuntu noble-updates/restricted amd64 Packages [1645 kB]
2025-07-31T20:48:44.5486436Z Get:15 http://azure.archive.ubuntu.com/ubuntu noble-updates/restricted Translation-en [359 kB]
2025-07-31T20:48:44.5514073Z Get:16 http://azure.archive.ubuntu.com/ubuntu noble-updates/restricted amd64 Components [212 B]
2025-07-31T20:48:44.5522072Z Get:17 http://azure.archive.ubuntu.com/ubuntu noble-updates/multiverse amd64 Components [940 B]
2025-07-31T20:48:44.6102378Z Get:18 http://azure.archive.ubuntu.com/ubuntu noble-backports/main amd64 Components [7072 B]
2025-07-31T20:48:44.6118269Z Get:19 http://azure.archive.ubuntu.com/ubuntu noble-backports/universe amd64 Components [28.3 kB]
2025-07-31T20:48:44.6124767Z Get:20 http://azure.archive.ubuntu.com/ubuntu noble-backports/restricted amd64 Components [212 B]
2025-07-31T20:48:44.6134573Z Get:21 http://azure.archive.ubuntu.com/ubuntu noble-backports/multiverse amd64 Components [212 B]
2025-07-31T20:48:44.6367662Z Get:22 http://azure.archive.ubuntu.com/ubuntu noble-security/main amd64 Packages [1052 kB]
2025-07-31T20:48:44.6434829Z Get:23 http://azure.archive.ubuntu.com/ubuntu noble-security/main Translation-en [183 kB]
2025-07-31T20:48:44.6452399Z Get:24 http://azure.archive.ubuntu.com/ubuntu noble-security/main amd64 Components [21.5 kB]
2025-07-31T20:48:44.6470986Z Get:25 http://azure.archive.ubuntu.com/ubuntu noble-security/universe amd64 Packages [879 kB]
2025-07-31T20:48:44.6522317Z Get:26 http://azure.archive.ubuntu.com/ubuntu noble-security/universe Translation-en [194 kB]
2025-07-31T20:48:44.6546454Z Get:27 http://azure.archive.ubuntu.com/ubuntu noble-security/universe amd64 Components [52.2 kB]
2025-07-31T20:48:44.6557897Z Get:28 http://azure.archive.ubuntu.com/ubuntu noble-security/restricted amd64 Packages [1554 kB]
2025-07-31T20:48:44.6648818Z Get:29 http://azure.archive.ubuntu.com/ubuntu noble-security/restricted Translation-en [341 kB]
2025-07-31T20:48:44.6672263Z Get:30 http://azure.archive.ubuntu.com/ubuntu noble-security/restricted amd64 Components [212 B]
2025-07-31T20:48:44.6679476Z Get:31 http://azure.archive.ubuntu.com/ubuntu noble-security/multiverse amd64 Components [212 B]
2025-07-31T20:48:44.7426768Z Get:32 https://packages.microsoft.com/ubuntu/24.04/prod noble/main arm64 Packages [31.4 kB]
2025-07-31T20:48:44.7497653Z Get:33 https://packages.microsoft.com/ubuntu/24.04/prod noble/main armhf Packages [9807 B]
2025-07-31T20:48:44.7567402Z Get:34 https://packages.microsoft.com/ubuntu/24.04/prod noble/main amd64 Packages [46.0 kB]
2025-07-31T20:48:49.7134909Z Fetched 10.3 MB in 1s (7446 kB/s)
2025-07-31T20:48:50.4826332Z Reading package lists...
2025-07-31T20:48:50.7827211Z Building dependency tree...
2025-07-31T20:48:50.7835364Z Reading state information...
2025-07-31T20:48:50.8142709Z 23 packages can be upgraded. Run 'apt list --upgradable' to see them.
2025-07-31T20:48:50.8280887Z 
2025-07-31T20:48:50.8282914Z WARNING: apt does not have a stable CLI interface. Use with caution in scripts.
2025-07-31T20:48:50.8285057Z 
2025-07-31T20:48:50.8436089Z Reading package lists...
2025-07-31T20:48:51.1514961Z Building dependency tree...
2025-07-31T20:48:51.1526301Z Reading state information...
2025-07-31T20:48:51.4754660Z The following additional packages will be installed:
2025-07-31T20:48:51.4756335Z   cpu-checker glib-networking glib-networking-common glib-networking-services
2025-07-31T20:48:51.4758588Z   gsettings-desktop-schemas gstreamer1.0-plugins-base
2025-07-31T20:48:51.4760165Z   gstreamer1.0-plugins-good gstreamer1.0-x ipxe-qemu
2025-07-31T20:48:51.4761648Z   ipxe-qemu-256k-compat-efi-roms libaa1 libasyncns0 libavc1394-0
2025-07-31T20:48:51.4763307Z   libboost-iostreams1.83.0 libboost-thread1.83.0 libbrlapi0.8 libcaca0
2025-07-31T20:48:51.4765005Z   libcacard0 libcdparanoia0 libdaxctl1 libdecor-0-0 libdecor-0-plugin-1-gtk
2025-07-31T20:48:51.4766513Z   libdv4t64 libfdt1 libflac12t64 libgstreamer-plugins-base1.0-0
2025-07-31T20:48:51.4768318Z   libgstreamer-plugins-good1.0-0 libiec61883-0 libiscsi7 libjack-jackd2-0
2025-07-31T20:48:51.4769696Z   libmp3lame0 libmpg123-0t64 libndctl6 libnfs14 libopus0 liborc-0.4-0t64
2025-07-31T20:48:51.4771056Z   libpcsclite1 libpipewire-0.3-0t64 libpipewire-0.3-common libpmem1
2025-07-31T20:48:51.4772185Z   libpmemobj1 libproxy1v5 libpulse0 librados2 libraw1394-11 librbd1
2025-07-31T20:48:51.4773413Z   librdmacm1t64 libsamplerate0 libsdl2-2.0-0 libshout3 libsndfile1
2025-07-31T20:48:51.4774752Z   libsoup-3.0-0 libsoup-3.0-common libspa-0.2-modules libspeex1
2025-07-31T20:48:51.4775990Z   libspice-server1 libtag1v5 libtag1v5-vanilla libtheora0 libtwolame0
2025-07-31T20:48:51.4777300Z   liburing2 libusbredirparser1t64 libv4l-0t64 libv4lconvert0t64
2025-07-31T20:48:51.4778390Z   libvirglrenderer1 libvisual-0.4-0 libvorbisenc2 libvpx9 libvte-2.91-0
2025-07-31T20:48:51.4779501Z   libvte-2.91-common libwavpack1 libwebrtc-audio-processing1 libxv1 msr-tools
2025-07-31T20:48:51.4780640Z   ovmf qemu-block-extra qemu-efi-aarch64 qemu-efi-arm qemu-system-arm
2025-07-31T20:48:51.4781457Z   qemu-system-common qemu-system-data qemu-system-gui qemu-system-mips
2025-07-31T20:48:51.4782403Z   qemu-system-misc qemu-system-modules-opengl qemu-system-modules-spice
2025-07-31T20:48:51.4783515Z   qemu-system-ppc qemu-system-s390x qemu-system-sparc qemu-system-x86
2025-07-31T20:48:51.4784363Z   qemu-utils seabios session-migration
2025-07-31T20:48:51.4784996Z Suggested packages:
2025-07-31T20:48:51.4786495Z   gvfs libdv-bin oss-compat libvisual-0.4-plugins jackd2 opus-tools pcscd
2025-07-31T20:48:51.4787492Z   pipewire pulseaudio libraw1394-doc speex gstreamer1.0-libav
2025-07-31T20:48:51.4788181Z   gstreamer1.0-plugins-ugly samba vde2
2025-07-31T20:48:51.5601128Z The following NEW packages will be installed:
2025-07-31T20:48:51.5605017Z   cpu-checker glib-networking glib-networking-common glib-networking-services
2025-07-31T20:48:51.5605981Z   gsettings-desktop-schemas gstreamer1.0-plugins-base
2025-07-31T20:48:51.5606906Z   gstreamer1.0-plugins-good gstreamer1.0-x ipxe-qemu
2025-07-31T20:48:51.5608261Z   ipxe-qemu-256k-compat-efi-roms libaa1 libasyncns0 libavc1394-0
2025-07-31T20:48:51.5609943Z   libboost-iostreams1.83.0 libboost-thread1.83.0 libbrlapi0.8 libcaca0
2025-07-31T20:48:51.5611202Z   libcacard0 libcdparanoia0 libdaxctl1 libdecor-0-0 libdecor-0-plugin-1-gtk
2025-07-31T20:48:51.5613486Z   libdv4t64 libfdt1 libflac12t64 libgstreamer-plugins-base1.0-0
2025-07-31T20:48:51.5615568Z   libgstreamer-plugins-good1.0-0 libiec61883-0 libiscsi7 libjack-jackd2-0
2025-07-31T20:48:51.5616763Z   libmp3lame0 libmpg123-0t64 libndctl6 libnfs14 libopus0 liborc-0.4-0t64
2025-07-31T20:48:51.5617726Z   libpcsclite1 libpipewire-0.3-0t64 libpipewire-0.3-common libpmem1
2025-07-31T20:48:51.5618647Z   libpmemobj1 libproxy1v5 libpulse0 librados2 libraw1394-11 librbd1
2025-07-31T20:48:51.5625813Z   librdmacm1t64 libsamplerate0 libsdl2-2.0-0 libshout3 libsndfile1
2025-07-31T20:48:51.5626809Z   libsoup-3.0-0 libsoup-3.0-common libspa-0.2-modules libspeex1
2025-07-31T20:48:51.5627636Z   libspice-server1 libtag1v5 libtag1v5-vanilla libtheora0 libtwolame0
2025-07-31T20:48:51.5628495Z   liburing2 libusbredirparser1t64 libv4l-0t64 libv4lconvert0t64
2025-07-31T20:48:51.5629431Z   libvirglrenderer1 libvisual-0.4-0 libvorbisenc2 libvpx9 libvte-2.91-0
2025-07-31T20:48:51.5635273Z   libvte-2.91-common libwavpack1 libwebrtc-audio-processing1 libxv1 msr-tools
2025-07-31T20:48:51.5637832Z   ovmf qemu-block-extra qemu-efi-aarch64 qemu-efi-arm qemu-system
2025-07-31T20:48:51.5638984Z   qemu-system-arm qemu-system-common qemu-system-data qemu-system-gui
2025-07-31T20:48:51.5640060Z   qemu-system-mips qemu-system-misc qemu-system-modules-opengl
2025-07-31T20:48:51.5640718Z   qemu-system-modules-spice qemu-system-ppc qemu-system-s390x
2025-07-31T20:48:51.5641708Z   qemu-system-sparc qemu-system-x86 qemu-user-static qemu-utils seabios
2025-07-31T20:48:51.5642531Z   session-migration
2025-07-31T20:48:51.5960898Z 0 upgraded, 95 newly installed, 0 to remove and 23 not upgraded.
2025-07-31T20:48:51.6381123Z Need to get 169 MB of archives.
2025-07-31T20:48:51.6381974Z After this operation, 1218 MB of additional disk space will be used.
2025-07-31T20:48:51.6383124Z Get:1 file:/etc/apt/apt-mirrors.txt Mirrorlist [144 B]
2025-07-31T20:48:51.6715274Z Get:2 http://azure.archive.ubuntu.com/ubuntu noble/main amd64 msr-tools amd64 1.3-5build1 [9610 B]
2025-07-31T20:48:51.6865050Z Get:3 http://azure.archive.ubuntu.com/ubuntu noble/main amd64 cpu-checker amd64 0.7-1.3build2 [6148 B]
2025-07-31T20:48:51.7008495Z Get:4 http://azure.archive.ubuntu.com/ubuntu noble/main amd64 libproxy1v5 amd64 0.5.4-4build1 [26.5 kB]
2025-07-31T20:48:51.7208509Z Get:5 http://azure.archive.ubuntu.com/ubuntu noble/main amd64 glib-networking-common all 2.80.0-1build1 [6702 B]
2025-07-31T20:48:51.7353314Z Get:6 http://azure.archive.ubuntu.com/ubuntu noble/main amd64 glib-networking-services amd64 2.80.0-1build1 [12.8 kB]
2025-07-31T20:48:51.7506214Z Get:7 http://azure.archive.ubuntu.com/ubuntu noble/main amd64 session-migration amd64 0.3.9build1 [9034 B]
2025-07-31T20:48:51.7655468Z Get:8 http://azure.archive.ubuntu.com/ubuntu noble-updates/main amd64 gsettings-desktop-schemas all 46.1-0ubuntu1 [35.6 kB]
2025-07-31T20:48:51.7802783Z Get:9 http://azure.archive.ubuntu.com/ubuntu noble/main amd64 glib-networking amd64 2.80.0-1build1 [64.1 kB]
2025-07-31T20:48:51.7955978Z Get:10 http://azure.archive.ubuntu.com/ubuntu noble/main amd64 libcdparanoia0 amd64 3.10.2+debian-14build3 [48.5 kB]
2025-07-31T20:48:51.8122845Z Get:11 http://azure.archive.ubuntu.com/ubuntu noble-updates/main amd64 liborc-0.4-0t64 amd64 1:0.4.38-1ubuntu0.1 [207 kB]
2025-07-31T20:48:51.8280678Z Get:12 http://azure.archive.ubuntu.com/ubuntu noble-updates/main amd64 libgstreamer-plugins-base1.0-0 amd64 1.24.2-1ubuntu0.2 [862 kB]
2025-07-31T20:48:51.8593048Z Get:13 http://azure.archive.ubuntu.com/ubuntu noble/main amd64 libopus0 amd64 1.4-1build1 [208 kB]
2025-07-31T20:48:51.8756045Z Get:14 http://azure.archive.ubuntu.com/ubuntu noble/main amd64 libtheora0 amd64 1.1.1+dfsg.1-16.1build3 [211 kB]
2025-07-31T20:48:51.8929345Z Get:15 http://azure.archive.ubuntu.com/ubuntu noble/main amd64 libvisual-0.4-0 amd64 0.4.2-2build1 [115 kB]
2025-07-31T20:48:51.9083091Z Get:16 http://azure.archive.ubuntu.com/ubuntu noble/main amd64 libvorbisenc2 amd64 1.3.7-1build3 [80.8 kB]
2025-07-31T20:48:51.9237249Z Get:17 http://azure.archive.ubuntu.com/ubuntu noble-updates/main amd64 gstreamer1.0-plugins-base amd64 1.24.2-1ubuntu0.2 [721 kB]
2025-07-31T20:48:51.9444840Z Get:18 http://azure.archive.ubuntu.com/ubuntu noble/main amd64 libaa1 amd64 1.4p5-51.1 [49.9 kB]
2025-07-31T20:48:51.9632923Z Get:19 http://azure.archive.ubuntu.com/ubuntu noble/main amd64 libraw1394-11 amd64 2.1.2-2build3 [26.2 kB]
2025-07-31T20:48:52.0251835Z Get:20 http://azure.archive.ubuntu.com/ubuntu noble/main amd64 libavc1394-0 amd64 0.5.4-5build3 [15.4 kB]
2025-07-31T20:48:52.0397002Z Get:21 http://azure.archive.ubuntu.com/ubuntu noble/main amd64 libcaca0 amd64 0.99.beta20-4build2 [208 kB]
2025-07-31T20:48:52.0630756Z Get:22 http://azure.archive.ubuntu.com/ubuntu noble/main amd64 libdv4t64 amd64 1.0.0-17.1build1 [63.2 kB]
2025-07-31T20:48:52.0784804Z Get:23 http://azure.archive.ubuntu.com/ubuntu noble/main amd64 libflac12t64 amd64 1.4.3+ds-2.1ubuntu2 [197 kB]
2025-07-31T20:48:52.0955723Z Get:24 http://azure.archive.ubuntu.com/ubuntu noble-updates/main amd64 libgstreamer-plugins-good1.0-0 amd64 1.24.2-1ubuntu1.1 [32.9 kB]
2025-07-31T20:48:52.1111936Z Get:25 http://azure.archive.ubuntu.com/ubuntu noble/main amd64 libiec61883-0 amd64 1.2.0-6build1 [24.5 kB]
2025-07-31T20:48:52.1263843Z Get:26 http://azure.archive.ubuntu.com/ubuntu noble/main amd64 libmp3lame0 amd64 3.100-6build1 [142 kB]
2025-07-31T20:48:52.1432113Z Get:27 http://azure.archive.ubuntu.com/ubuntu noble-updates/main amd64 libmpg123-0t64 amd64 1.32.5-1ubuntu1.1 [169 kB]
2025-07-31T20:48:52.1591383Z Get:28 http://azure.archive.ubuntu.com/ubuntu noble/main amd64 libasyncns0 amd64 0.8-6build4 [11.3 kB]
2025-07-31T20:48:52.1734366Z Get:29 http://azure.archive.ubuntu.com/ubuntu noble-updates/main amd64 libsndfile1 amd64 1.2.2-1ubuntu5.24.04.1 [209 kB]
2025-07-31T20:48:52.1958550Z Get:30 http://azure.archive.ubuntu.com/ubuntu noble-updates/main amd64 libpulse0 amd64 1:16.1+dfsg1-2ubuntu10.1 [292 kB]
2025-07-31T20:48:52.2123978Z Get:31 http://azure.archive.ubuntu.com/ubuntu noble-updates/main amd64 libspeex1 amd64 1.2.1-2ubuntu2.24.04.1 [59.6 kB]
2025-07-31T20:48:52.2313802Z Get:32 http://azure.archive.ubuntu.com/ubuntu noble/main amd64 libshout3 amd64 2.4.6-1build2 [50.3 kB]
2025-07-31T20:48:52.2467004Z Get:33 http://azure.archive.ubuntu.com/ubuntu noble/main amd64 libtag1v5-vanilla amd64 1.13.1-1build1 [326 kB]
2025-07-31T20:48:52.2651152Z Get:34 http://azure.archive.ubuntu.com/ubuntu noble/main amd64 libtag1v5 amd64 1.13.1-1build1 [11.7 kB]
2025-07-31T20:48:52.2804549Z Get:35 http://azure.archive.ubuntu.com/ubuntu noble/main amd64 libtwolame0 amd64 0.4.0-2build3 [52.3 kB]
2025-07-31T20:48:52.3051907Z Get:36 http://azure.archive.ubuntu.com/ubuntu noble/main amd64 libv4lconvert0t64 amd64 1.26.1-4build3 [87.6 kB]
2025-07-31T20:48:52.3367964Z Get:37 http://azure.archive.ubuntu.com/ubuntu noble/main amd64 libv4l-0t64 amd64 1.26.1-4build3 [46.9 kB]
2025-07-31T20:48:52.3520745Z Get:38 http://azure.archive.ubuntu.com/ubuntu noble-updates/main amd64 libvpx9 amd64 1.14.0-1ubuntu2.2 [1143 kB]
2025-07-31T20:48:52.4288897Z Get:39 http://azure.archive.ubuntu.com/ubuntu noble/main amd64 libwavpack1 amd64 5.6.0-1build1 [84.6 kB]
2025-07-31T20:48:52.4469057Z Get:40 http://azure.archive.ubuntu.com/ubuntu noble-updates/main amd64 libsoup-3.0-common all 3.4.4-5ubuntu0.5 [11.3 kB]
2025-07-31T20:48:52.4706908Z Get:41 http://azure.archive.ubuntu.com/ubuntu noble-updates/main amd64 libsoup-3.0-0 amd64 3.4.4-5ubuntu0.5 [291 kB]
2025-07-31T20:48:52.4944304Z Get:42 http://azure.archive.ubuntu.com/ubuntu noble-updates/main amd64 gstreamer1.0-plugins-good amd64 1.24.2-1ubuntu1.1 [2238 kB]
2025-07-31T20:48:52.5372246Z Get:43 http://azure.archive.ubuntu.com/ubuntu noble/main amd64 libxv1 amd64 2:1.0.11-1.1build1 [10.7 kB]
2025-07-31T20:48:52.5511854Z Get:44 http://azure.archive.ubuntu.com/ubuntu noble-updates/main amd64 gstreamer1.0-x amd64 1.24.2-1ubuntu0.2 [85.0 kB]
2025-07-31T20:48:52.5661256Z Get:45 http://azure.archive.ubuntu.com/ubuntu noble/main amd64 ipxe-qemu all 1.21.1+git-20220113.fbbdc3926-0ubuntu2 [1565 kB]
2025-07-31T20:48:52.6414147Z Get:46 http://azure.archive.ubuntu.com/ubuntu noble/main amd64 ipxe-qemu-256k-compat-efi-roms all 1.0.0+git-20150424.a25a16d-0ubuntu5 [548 kB]
2025-07-31T20:48:52.6727137Z Get:47 http://azure.archive.ubuntu.com/ubuntu noble-updates/main amd64 libboost-iostreams1.83.0 amd64 1.83.0-2.1ubuntu3.1 [259 kB]
2025-07-31T20:48:52.6882472Z Get:48 http://azure.archive.ubuntu.com/ubuntu noble-updates/main amd64 libboost-thread1.83.0 amd64 1.83.0-2.1ubuntu3.1 [276 kB]
2025-07-31T20:48:52.7051174Z Get:49 http://azure.archive.ubuntu.com/ubuntu noble/main amd64 libbrlapi0.8 amd64 6.6-4ubuntu5 [31.4 kB]
2025-07-31T20:48:52.7227219Z Get:50 http://azure.archive.ubuntu.com/ubuntu noble/main amd64 libpcsclite1 amd64 2.0.3-1build1 [21.4 kB]
2025-07-31T20:48:52.7382558Z Get:51 http://azure.archive.ubuntu.com/ubuntu noble/main amd64 libcacard0 amd64 1:2.8.0-3build4 [36.5 kB]
2025-07-31T20:48:52.7530193Z Get:52 http://azure.archive.ubuntu.com/ubuntu noble/main amd64 libdaxctl1 amd64 77-2ubuntu2 [21.4 kB]
2025-07-31T20:48:52.7672732Z Get:53 http://azure.archive.ubuntu.com/ubuntu noble/main amd64 libdecor-0-0 amd64 0.2.2-1build2 [16.5 kB]
2025-07-31T20:48:52.7808694Z Get:54 http://azure.archive.ubuntu.com/ubuntu noble/main amd64 libdecor-0-plugin-1-gtk amd64 0.2.2-1build2 [22.2 kB]
2025-07-31T20:48:52.7944543Z Get:55 http://azure.archive.ubuntu.com/ubuntu noble-updates/main amd64 librdmacm1t64 amd64 50.0-2ubuntu0.2 [70.7 kB]
2025-07-31T20:48:52.8095304Z Get:56 http://azure.archive.ubuntu.com/ubuntu noble/main amd64 libiscsi7 amd64 1.19.0-3build4 [68.7 kB]
2025-07-31T20:48:52.8659093Z Get:57 http://azure.archive.ubuntu.com/ubuntu noble/main amd64 libsamplerate0 amd64 0.2.2-4build1 [1344 kB]
2025-07-31T20:48:52.9051624Z Get:58 http://azure.archive.ubuntu.com/ubuntu noble/main amd64 libjack-jackd2-0 amd64 1.9.21~dfsg-3ubuntu3 [289 kB]
2025-07-31T20:48:52.9205309Z Get:59 http://azure.archive.ubuntu.com/ubuntu noble/main amd64 libndctl6 amd64 77-2ubuntu2 [62.8 kB]
2025-07-31T20:48:52.9347310Z Get:60 http://azure.archive.ubuntu.com/ubuntu noble/main amd64 libnfs14 amd64 5.0.2-1build1 [109 kB]
2025-07-31T20:48:52.9488554Z Get:61 http://azure.archive.ubuntu.com/ubuntu noble/main amd64 libwebrtc-audio-processing1 amd64 0.3.1-0ubuntu6 [290 kB]
2025-07-31T20:48:52.9639464Z Get:62 http://azure.archive.ubuntu.com/ubuntu noble-updates/main amd64 libspa-0.2-modules amd64 1.0.5-1ubuntu3.1 [626 kB]
2025-07-31T20:48:52.9899565Z Get:63 http://azure.archive.ubuntu.com/ubuntu noble-updates/main amd64 libpipewire-0.3-0t64 amd64 1.0.5-1ubuntu3.1 [252 kB]
2025-07-31T20:48:53.0052187Z Get:64 http://azure.archive.ubuntu.com/ubuntu noble-updates/main amd64 libpipewire-0.3-common all 1.0.5-1ubuntu3.1 [18.9 kB]
2025-07-31T20:48:53.0194624Z Get:65 http://azure.archive.ubuntu.com/ubuntu noble/main amd64 libpmem1 amd64 1.13.1-1.1ubuntu2 [84.8 kB]
2025-07-31T20:48:53.0339594Z Get:66 http://azure.archive.ubuntu.com/ubuntu noble/main amd64 libpmemobj1 amd64 1.13.1-1.1ubuntu2 [116 kB]
2025-07-31T20:48:53.0498256Z Get:67 http://azure.archive.ubuntu.com/ubuntu noble-updates/main amd64 librados2 amd64 19.2.1-0ubuntu0.24.04.2 [4042 kB]
2025-07-31T20:48:53.1073864Z Get:68 http://azure.archive.ubuntu.com/ubuntu noble-updates/main amd64 librbd1 amd64 19.2.1-0ubuntu0.24.04.2 [3511 kB]
2025-07-31T20:48:53.1498996Z Get:69 http://azure.archive.ubuntu.com/ubuntu noble-updates/main amd64 libsdl2-2.0-0 amd64 2.30.0+dfsg-1ubuntu3.1 [686 kB]
2025-07-31T20:48:53.1678635Z Get:70 http://azure.archive.ubuntu.com/ubuntu noble/main amd64 libspice-server1 amd64 0.15.1-1build2 [349 kB]
2025-07-31T20:48:53.1835802Z Get:71 http://azure.archive.ubuntu.com/ubuntu noble/main amd64 liburing2 amd64 2.5-1build1 [21.1 kB]
2025-07-31T20:48:53.1978053Z Get:72 http://azure.archive.ubuntu.com/ubuntu noble/main amd64 libusbredirparser1t64 amd64 0.13.0-2.1build1 [16.5 kB]
2025-07-31T20:48:53.2141498Z Get:73 http://azure.archive.ubuntu.com/ubuntu noble/main amd64 libvirglrenderer1 amd64 1.0.0-1ubuntu2 [226 kB]
2025-07-31T20:48:53.2311364Z Get:74 http://azure.archive.ubuntu.com/ubuntu noble-updates/main amd64 libvte-2.91-common amd64 0.76.0-1ubuntu0.1 [13.5 kB]
2025-07-31T20:48:53.2922950Z Get:75 http://azure.archive.ubuntu.com/ubuntu noble-updates/main amd64 libvte-2.91-0 amd64 0.76.0-1ubuntu0.1 [230 kB]
2025-07-31T20:48:53.3086156Z Get:76 http://azure.archive.ubuntu.com/ubuntu noble/main amd64 libfdt1 amd64 1.7.0-2build1 [20.1 kB]
2025-07-31T20:48:53.3230683Z Get:77 http://azure.archive.ubuntu.com/ubuntu noble-updates/main amd64 qemu-system-common amd64 1:8.2.2+ds-0ubuntu1.8 [1253 kB]
2025-07-31T20:48:53.3509038Z Get:78 http://azure.archive.ubuntu.com/ubuntu noble-updates/main amd64 qemu-system-data all 1:8.2.2+ds-0ubuntu1.8 [1794 kB]
2025-07-31T20:48:53.3971439Z Get:79 http://azure.archive.ubuntu.com/ubuntu noble/main amd64 seabios all 1.16.3-2 [175 kB]
2025-07-31T20:48:53.4131996Z Get:80 http://azure.archive.ubuntu.com/ubuntu noble-updates/main amd64 qemu-system-x86 amd64 1:8.2.2+ds-0ubuntu1.8 [11.2 MB]
2025-07-31T20:48:53.4913541Z Get:81 http://azure.archive.ubuntu.com/ubuntu noble-updates/main amd64 qemu-system-sparc amd64 1:8.2.2+ds-0ubuntu1.8 [6312 kB]
2025-07-31T20:48:53.5476966Z Get:82 http://azure.archive.ubuntu.com/ubuntu noble-updates/main amd64 qemu-system-s390x amd64 1:8.2.2+ds-0ubuntu1.8 [3434 kB]
2025-07-31T20:48:53.5895077Z Get:83 http://azure.archive.ubuntu.com/ubuntu noble-updates/main amd64 qemu-system-ppc amd64 1:8.2.2+ds-0ubuntu1.8 [9109 kB]
2025-07-31T20:48:53.6674929Z Get:84 http://azure.archive.ubuntu.com/ubuntu noble-updates/main amd64 qemu-system-misc amd64 1:8.2.2+ds-0ubuntu1.8 [57.7 MB]
2025-07-31T20:48:54.0237120Z Get:85 http://azure.archive.ubuntu.com/ubuntu noble-updates/main amd64 qemu-system-mips amd64 1:8.2.2+ds-0ubuntu1.8 [16.3 MB]
2025-07-31T20:48:54.1309644Z Get:86 http://azure.archive.ubuntu.com/ubuntu noble-updates/main amd64 qemu-system-arm amd64 1:8.2.2+ds-0ubuntu1.8 [10.9 MB]
2025-07-31T20:48:54.2857824Z Get:87 http://azure.archive.ubuntu.com/ubuntu noble-updates/main amd64 qemu-utils amd64 1:8.2.2+ds-0ubuntu1.8 [2220 kB]
2025-07-31T20:48:54.3223939Z Get:88 http://azure.archive.ubuntu.com/ubuntu noble-updates/main amd64 qemu-block-extra amd64 1:8.2.2+ds-0ubuntu1.8 [111 kB]
2025-07-31T20:48:54.3395197Z Get:89 http://azure.archive.ubuntu.com/ubuntu noble-updates/main amd64 qemu-system amd64 1:8.2.2+ds-0ubuntu1.8 [56.4 kB]
2025-07-31T20:48:54.3539250Z Get:90 http://azure.archive.ubuntu.com/ubuntu noble-updates/main amd64 qemu-system-modules-opengl amd64 1:8.2.2+ds-0ubuntu1.8 [184 kB]
2025-07-31T20:48:54.3704740Z Get:91 http://azure.archive.ubuntu.com/ubuntu noble-updates/main amd64 qemu-system-gui amd64 1:8.2.2+ds-0ubuntu1.8 [314 kB]
2025-07-31T20:48:54.3871807Z Get:92 http://azure.archive.ubuntu.com/ubuntu noble-updates/main amd64 qemu-system-modules-spice amd64 1:8.2.2+ds-0ubuntu1.8 [70.2 kB]
2025-07-31T20:48:54.4027525Z Get:93 http://azure.archive.ubuntu.com/ubuntu noble-updates/universe amd64 qemu-user-static amd64 1:8.2.2+ds-0ubuntu1.8 [14.7 MB]
2025-07-31T20:48:54.5833607Z Get:94 http://azure.archive.ubuntu.com/ubuntu noble-updates/main amd64 ovmf all 2024.02-2ubuntu0.4 [4571 kB]
2025-07-31T20:48:54.6421892Z Get:95 http://azure.archive.ubuntu.com/ubuntu noble-updates/main amd64 qemu-efi-aarch64 all 2024.02-2ubuntu0.4 [4095 kB]
2025-07-31T20:48:54.6983043Z Get:96 http://azure.archive.ubuntu.com/ubuntu noble-updates/main amd64 qemu-efi-arm all 2024.02-2ubuntu0.4 [774 kB]
2025-07-31T20:48:55.1744178Z Fetched 169 MB in 3s (54.9 MB/s)
2025-07-31T20:48:55.1989978Z Selecting previously unselected package msr-tools.
2025-07-31T20:48:55.2190572Z (Reading database ... 
2025-07-31T20:48:55.2191399Z (Reading database ... 5%
2025-07-31T20:48:55.2191844Z (Reading database ... 10%
2025-07-31T20:48:55.2192290Z (Reading database ... 15%
2025-07-31T20:48:55.2192801Z (Reading database ... 20%
2025-07-31T20:48:55.2193238Z (Reading database ... 25%
2025-07-31T20:48:55.2193698Z (Reading database ... 30%
2025-07-31T20:48:55.2194154Z (Reading database ... 35%
2025-07-31T20:48:55.2194973Z (Reading database ... 40%
2025-07-31T20:48:55.2195444Z (Reading database ... 45%
2025-07-31T20:48:55.2195893Z (Reading database ... 50%
2025-07-31T20:48:55.2285217Z (Reading database ... 55%
2025-07-31T20:48:55.2455525Z (Reading database ... 60%
2025-07-31T20:48:55.2639938Z (Reading database ... 65%
2025-07-31T20:48:55.2897729Z (Reading database ... 70%
2025-07-31T20:48:55.3051606Z (Reading database ... 75%
2025-07-31T20:48:55.3266044Z (Reading database ... 80%
2025-07-31T20:48:55.3609986Z (Reading database ... 85%
2025-07-31T20:48:55.3884046Z (Reading database ... 90%
2025-07-31T20:48:55.4429772Z (Reading database ... 95%
2025-07-31T20:48:55.4430468Z (Reading database ... 100%
2025-07-31T20:48:55.4431306Z (Reading database ... 219824 files and directories currently installed.)
2025-07-31T20:48:55.4491873Z Preparing to unpack .../00-msr-tools_1.3-5build1_amd64.deb ...
2025-07-31T20:48:55.4525555Z Unpacking msr-tools (1.3-5build1) ...
2025-07-31T20:48:55.4852321Z Selecting previously unselected package cpu-checker.
2025-07-31T20:48:55.5029934Z Preparing to unpack .../01-cpu-checker_0.7-1.3build2_amd64.deb ...
2025-07-31T20:48:55.5044331Z Unpacking cpu-checker (0.7-1.3build2) ...
2025-07-31T20:48:55.5347269Z Selecting previously unselected package libproxy1v5:amd64.
2025-07-31T20:48:55.5515420Z Preparing to unpack .../02-libproxy1v5_0.5.4-4build1_amd64.deb ...
2025-07-31T20:48:55.5551723Z Unpacking libproxy1v5:amd64 (0.5.4-4build1) ...
2025-07-31T20:48:55.5849706Z Selecting previously unselected package glib-networking-common.
2025-07-31T20:48:55.6014964Z Preparing to unpack .../03-glib-networking-common_2.80.0-1build1_all.deb ...
2025-07-31T20:48:55.6029237Z Unpacking glib-networking-common (2.80.0-1build1) ...
2025-07-31T20:48:55.6280283Z Selecting previously unselected package glib-networking-services.
2025-07-31T20:48:55.6454044Z Preparing to unpack .../04-glib-networking-services_2.80.0-1build1_amd64.deb ...
2025-07-31T20:48:55.6515794Z Unpacking glib-networking-services (2.80.0-1build1) ...
2025-07-31T20:48:55.6792962Z Selecting previously unselected package session-migration.
2025-07-31T20:48:55.6971965Z Preparing to unpack .../05-session-migration_0.3.9build1_amd64.deb ...
2025-07-31T20:48:55.6984562Z Unpacking session-migration (0.3.9build1) ...
2025-07-31T20:48:55.7259190Z Selecting previously unselected package gsettings-desktop-schemas.
2025-07-31T20:48:55.7430856Z Preparing to unpack .../06-gsettings-desktop-schemas_46.1-0ubuntu1_all.deb ...
2025-07-31T20:48:55.7443303Z Unpacking gsettings-desktop-schemas (46.1-0ubuntu1) ...
2025-07-31T20:48:55.7942379Z Selecting previously unselected package glib-networking:amd64.
2025-07-31T20:48:55.8118926Z Preparing to unpack .../07-glib-networking_2.80.0-1build1_amd64.deb ...
2025-07-31T20:48:55.8138715Z Unpacking glib-networking:amd64 (2.80.0-1build1) ...
2025-07-31T20:48:55.8448354Z Selecting previously unselected package libcdparanoia0:amd64.
2025-07-31T20:48:55.8617379Z Preparing to unpack .../08-libcdparanoia0_3.10.2+debian-14build3_amd64.deb ...
2025-07-31T20:48:55.8628346Z Unpacking libcdparanoia0:amd64 (3.10.2+debian-14build3) ...
2025-07-31T20:48:55.8922546Z Selecting previously unselected package liborc-0.4-0t64:amd64.
2025-07-31T20:48:55.9096163Z Preparing to unpack .../09-liborc-0.4-0t64_1%3a0.4.38-1ubuntu0.1_amd64.deb ...
2025-07-31T20:48:55.9107658Z Unpacking liborc-0.4-0t64:amd64 (1:0.4.38-1ubuntu0.1) ...
2025-07-31T20:48:55.9429273Z Selecting previously unselected package libgstreamer-plugins-base1.0-0:amd64.
2025-07-31T20:48:55.9607253Z Preparing to unpack .../10-libgstreamer-plugins-base1.0-0_1.24.2-1ubuntu0.2_amd64.deb ...
2025-07-31T20:48:55.9628283Z Unpacking libgstreamer-plugins-base1.0-0:amd64 (1.24.2-1ubuntu0.2) ...
2025-07-31T20:48:56.0061558Z Selecting previously unselected package libopus0:amd64.
2025-07-31T20:48:56.0231781Z Preparing to unpack .../11-libopus0_1.4-1build1_amd64.deb ...
2025-07-31T20:48:56.0320909Z Unpacking libopus0:amd64 (1.4-1build1) ...
2025-07-31T20:48:56.0549011Z Selecting previously unselected package libtheora0:amd64.
2025-07-31T20:48:56.0723124Z Preparing to unpack .../12-libtheora0_1.1.1+dfsg.1-16.1build3_amd64.deb ...
2025-07-31T20:48:56.0741984Z Unpacking libtheora0:amd64 (1.1.1+dfsg.1-16.1build3) ...
2025-07-31T20:48:56.1069618Z Selecting previously unselected package libvisual-0.4-0:amd64.
2025-07-31T20:48:56.1242004Z Preparing to unpack .../13-libvisual-0.4-0_0.4.2-2build1_amd64.deb ...
2025-07-31T20:48:56.1254166Z Unpacking libvisual-0.4-0:amd64 (0.4.2-2build1) ...
2025-07-31T20:48:56.1559283Z Selecting previously unselected package libvorbisenc2:amd64.
2025-07-31T20:48:56.1714457Z Preparing to unpack .../14-libvorbisenc2_1.3.7-1build3_amd64.deb ...
2025-07-31T20:48:56.1729251Z Unpacking libvorbisenc2:amd64 (1.3.7-1build3) ...
2025-07-31T20:48:56.2004911Z Selecting previously unselected package gstreamer1.0-plugins-base:amd64.
2025-07-31T20:48:56.2172851Z Preparing to unpack .../15-gstreamer1.0-plugins-base_1.24.2-1ubuntu0.2_amd64.deb ...
2025-07-31T20:48:56.2185362Z Unpacking gstreamer1.0-plugins-base:amd64 (1.24.2-1ubuntu0.2) ...
2025-07-31T20:48:56.2610402Z Selecting previously unselected package libaa1:amd64.
2025-07-31T20:48:56.2782682Z Preparing to unpack .../16-libaa1_1.4p5-51.1_amd64.deb ...
2025-07-31T20:48:56.2796057Z Unpacking libaa1:amd64 (1.4p5-51.1) ...
2025-07-31T20:48:56.3080536Z Selecting previously unselected package libraw1394-11:amd64.
2025-07-31T20:48:56.3245790Z Preparing to unpack .../17-libraw1394-11_2.1.2-2build3_amd64.deb ...
2025-07-31T20:48:56.3258263Z Unpacking libraw1394-11:amd64 (2.1.2-2build3) ...
2025-07-31T20:48:56.3585373Z Selecting previously unselected package libavc1394-0:amd64.
2025-07-31T20:48:56.3754328Z Preparing to unpack .../18-libavc1394-0_0.5.4-5build3_amd64.deb ...
2025-07-31T20:48:56.3767830Z Unpacking libavc1394-0:amd64 (0.5.4-5build3) ...
2025-07-31T20:48:56.4027034Z Selecting previously unselected package libcaca0:amd64.
2025-07-31T20:48:56.4194469Z Preparing to unpack .../19-libcaca0_0.99.beta20-4build2_amd64.deb ...
2025-07-31T20:48:56.4207524Z Unpacking libcaca0:amd64 (0.99.beta20-4build2) ...
2025-07-31T20:48:56.4522097Z Selecting previously unselected package libdv4t64:amd64.
2025-07-31T20:48:56.4688283Z Preparing to unpack .../20-libdv4t64_1.0.0-17.1build1_amd64.deb ...
2025-07-31T20:48:56.4698662Z Unpacking libdv4t64:amd64 (1.0.0-17.1build1) ...
2025-07-31T20:48:56.5008318Z Selecting previously unselected package libflac12t64:amd64.
2025-07-31T20:48:56.5179925Z Preparing to unpack .../21-libflac12t64_1.4.3+ds-2.1ubuntu2_amd64.deb ...
2025-07-31T20:48:56.5192829Z Unpacking libflac12t64:amd64 (1.4.3+ds-2.1ubuntu2) ...
2025-07-31T20:48:56.5498968Z Selecting previously unselected package libgstreamer-plugins-good1.0-0:amd64.
2025-07-31T20:48:56.5667174Z Preparing to unpack .../22-libgstreamer-plugins-good1.0-0_1.24.2-1ubuntu1.1_amd64.deb ...
2025-07-31T20:48:56.5682207Z Unpacking libgstreamer-plugins-good1.0-0:amd64 (1.24.2-1ubuntu1.1) ...
2025-07-31T20:48:56.5964704Z Selecting previously unselected package libiec61883-0:amd64.
2025-07-31T20:48:56.6125738Z Preparing to unpack .../23-libiec61883-0_1.2.0-6build1_amd64.deb ...
2025-07-31T20:48:56.6139214Z Unpacking libiec61883-0:amd64 (1.2.0-6build1) ...
2025-07-31T20:48:56.6420360Z Selecting previously unselected package libmp3lame0:amd64.
2025-07-31T20:48:56.6622530Z Preparing to unpack .../24-libmp3lame0_3.100-6build1_amd64.deb ...
2025-07-31T20:48:56.6637141Z Unpacking libmp3lame0:amd64 (3.100-6build1) ...
2025-07-31T20:48:56.6940702Z Selecting previously unselected package libmpg123-0t64:amd64.
2025-07-31T20:48:56.7108481Z Preparing to unpack .../25-libmpg123-0t64_1.32.5-1ubuntu1.1_amd64.deb ...
2025-07-31T20:48:56.7124962Z Unpacking libmpg123-0t64:amd64 (1.32.5-1ubuntu1.1) ...
2025-07-31T20:48:56.7425807Z Selecting previously unselected package libasyncns0:amd64.
2025-07-31T20:48:56.7603079Z Preparing to unpack .../26-libasyncns0_0.8-6build4_amd64.deb ...
2025-07-31T20:48:56.7621646Z Unpacking libasyncns0:amd64 (0.8-6build4) ...
2025-07-31T20:48:56.7936454Z Selecting previously unselected package libsndfile1:amd64.
2025-07-31T20:48:56.8120201Z Preparing to unpack .../27-libsndfile1_1.2.2-1ubuntu5.24.04.1_amd64.deb ...
2025-07-31T20:48:56.8233990Z Unpacking libsndfile1:amd64 (1.2.2-1ubuntu5.24.04.1) ...
2025-07-31T20:48:56.8653405Z Selecting previously unselected package libpulse0:amd64.
2025-07-31T20:48:56.8830962Z Preparing to unpack .../28-libpulse0_1%3a16.1+dfsg1-2ubuntu10.1_amd64.deb ...
2025-07-31T20:48:56.8968219Z Unpacking libpulse0:amd64 (1:16.1+dfsg1-2ubuntu10.1) ...
2025-07-31T20:48:56.9313090Z Selecting previously unselected package libspeex1:amd64.
2025-07-31T20:48:56.9497819Z Preparing to unpack .../29-libspeex1_1.2.1-2ubuntu2.24.04.1_amd64.deb ...
2025-07-31T20:48:56.9511944Z Unpacking libspeex1:amd64 (1.2.1-2ubuntu2.24.04.1) ...
2025-07-31T20:48:56.9790658Z Selecting previously unselected package libshout3:amd64.
2025-07-31T20:48:56.9958513Z Preparing to unpack .../30-libshout3_2.4.6-1build2_amd64.deb ...
2025-07-31T20:48:56.9972932Z Unpacking libshout3:amd64 (2.4.6-1build2) ...
2025-07-31T20:48:57.0242907Z Selecting previously unselected package libtag1v5-vanilla:amd64.
2025-07-31T20:48:57.0407501Z Preparing to unpack .../31-libtag1v5-vanilla_1.13.1-1build1_amd64.deb ...
2025-07-31T20:48:57.0418980Z Unpacking libtag1v5-vanilla:amd64 (1.13.1-1build1) ...
2025-07-31T20:48:57.1035733Z Selecting previously unselected package libtag1v5:amd64.
2025-07-31T20:48:57.1214215Z Preparing to unpack .../32-libtag1v5_1.13.1-1build1_amd64.deb ...
2025-07-31T20:48:57.1225425Z Unpacking libtag1v5:amd64 (1.13.1-1build1) ...
2025-07-31T20:48:57.1578070Z Selecting previously unselected package libtwolame0:amd64.
2025-07-31T20:48:57.1735799Z Preparing to unpack .../33-libtwolame0_0.4.0-2build3_amd64.deb ...
2025-07-31T20:48:57.1815644Z Unpacking libtwolame0:amd64 (0.4.0-2build3) ...
2025-07-31T20:48:57.2295278Z Selecting previously unselected package libv4lconvert0t64:amd64.
2025-07-31T20:48:57.2468429Z Preparing to unpack .../34-libv4lconvert0t64_1.26.1-4build3_amd64.deb ...
2025-07-31T20:48:57.2480976Z Unpacking libv4lconvert0t64:amd64 (1.26.1-4build3) ...
2025-07-31T20:48:57.2772705Z Selecting previously unselected package libv4l-0t64:amd64.
2025-07-31T20:48:57.2948642Z Preparing to unpack .../35-libv4l-0t64_1.26.1-4build3_amd64.deb ...
2025-07-31T20:48:57.2961989Z Unpacking libv4l-0t64:amd64 (1.26.1-4build3) ...
2025-07-31T20:48:57.3385375Z Selecting previously unselected package libvpx9:amd64.
2025-07-31T20:48:57.3559540Z Preparing to unpack .../36-libvpx9_1.14.0-1ubuntu2.2_amd64.deb ...
2025-07-31T20:48:57.3573497Z Unpacking libvpx9:amd64 (1.14.0-1ubuntu2.2) ...
2025-07-31T20:48:57.4066322Z Selecting previously unselected package libwavpack1:amd64.
2025-07-31T20:48:57.4237037Z Preparing to unpack .../37-libwavpack1_5.6.0-1build1_amd64.deb ...
2025-07-31T20:48:57.4250247Z Unpacking libwavpack1:amd64 (5.6.0-1build1) ...
2025-07-31T20:48:57.4623740Z Selecting previously unselected package libsoup-3.0-common.
2025-07-31T20:48:57.4795453Z Preparing to unpack .../38-libsoup-3.0-common_3.4.4-5ubuntu0.5_all.deb ...
2025-07-31T20:48:57.4809861Z Unpacking libsoup-3.0-common (3.4.4-5ubuntu0.5) ...
2025-07-31T20:48:57.5112428Z Selecting previously unselected package libsoup-3.0-0:amd64.
2025-07-31T20:48:57.5286186Z Preparing to unpack .../39-libsoup-3.0-0_3.4.4-5ubuntu0.5_amd64.deb ...
2025-07-31T20:48:57.5304964Z Unpacking libsoup-3.0-0:amd64 (3.4.4-5ubuntu0.5) ...
2025-07-31T20:48:57.5684999Z Selecting previously unselected package gstreamer1.0-plugins-good:amd64.
2025-07-31T20:48:57.5843379Z Preparing to unpack .../40-gstreamer1.0-plugins-good_1.24.2-1ubuntu1.1_amd64.deb ...
2025-07-31T20:48:57.5855789Z Unpacking gstreamer1.0-plugins-good:amd64 (1.24.2-1ubuntu1.1) ...
2025-07-31T20:48:57.6626995Z Selecting previously unselected package libxv1:amd64.
2025-07-31T20:48:57.6814541Z Preparing to unpack .../41-libxv1_2%3a1.0.11-1.1build1_amd64.deb ...
2025-07-31T20:48:57.6911880Z Unpacking libxv1:amd64 (2:1.0.11-1.1build1) ...
2025-07-31T20:48:57.7192393Z Selecting previously unselected package gstreamer1.0-x:amd64.
2025-07-31T20:48:57.7371352Z Preparing to unpack .../42-gstreamer1.0-x_1.24.2-1ubuntu0.2_amd64.deb ...
2025-07-31T20:48:57.7387900Z Unpacking gstreamer1.0-x:amd64 (1.24.2-1ubuntu0.2) ...
2025-07-31T20:48:57.7685076Z Selecting previously unselected package ipxe-qemu.
2025-07-31T20:48:57.7869945Z Preparing to unpack .../43-ipxe-qemu_1.21.1+git-20220113.fbbdc3926-0ubuntu2_all.deb ...
2025-07-31T20:48:57.7883819Z Unpacking ipxe-qemu (1.21.1+git-20220113.fbbdc3926-0ubuntu2) ...
2025-07-31T20:48:57.8477893Z Selecting previously unselected package ipxe-qemu-256k-compat-efi-roms.
2025-07-31T20:48:57.8660403Z Preparing to unpack .../44-ipxe-qemu-256k-compat-efi-roms_1.0.0+git-20150424.a25a16d-0ubuntu5_all.deb ...
2025-07-31T20:48:57.8673232Z Unpacking ipxe-qemu-256k-compat-efi-roms (1.0.0+git-20150424.a25a16d-0ubuntu5) ...
2025-07-31T20:48:57.9021066Z Selecting previously unselected package libboost-iostreams1.83.0:amd64.
2025-07-31T20:48:57.9202494Z Preparing to unpack .../45-libboost-iostreams1.83.0_1.83.0-2.1ubuntu3.1_amd64.deb ...
2025-07-31T20:48:57.9215291Z Unpacking libboost-iostreams1.83.0:amd64 (1.83.0-2.1ubuntu3.1) ...
2025-07-31T20:48:57.9635842Z Selecting previously unselected package libboost-thread1.83.0:amd64.
2025-07-31T20:48:57.9830965Z Preparing to unpack .../46-libboost-thread1.83.0_1.83.0-2.1ubuntu3.1_amd64.deb ...
2025-07-31T20:48:57.9859020Z Unpacking libboost-thread1.83.0:amd64 (1.83.0-2.1ubuntu3.1) ...
2025-07-31T20:48:58.0241322Z Selecting previously unselected package libbrlapi0.8:amd64.
2025-07-31T20:48:58.0422057Z Preparing to unpack .../47-libbrlapi0.8_6.6-4ubuntu5_amd64.deb ...
2025-07-31T20:48:58.0496306Z Unpacking libbrlapi0.8:amd64 (6.6-4ubuntu5) ...
2025-07-31T20:48:58.0800053Z Selecting previously unselected package libpcsclite1:amd64.
2025-07-31T20:48:58.0989852Z Preparing to unpack .../48-libpcsclite1_2.0.3-1build1_amd64.deb ...
2025-07-31T20:48:58.1004828Z Unpacking libpcsclite1:amd64 (2.0.3-1build1) ...
2025-07-31T20:48:58.1294605Z Selecting previously unselected package libcacard0:amd64.
2025-07-31T20:48:58.1466973Z Preparing to unpack .../49-libcacard0_1%3a2.8.0-3build4_amd64.deb ...
2025-07-31T20:48:58.1482745Z Unpacking libcacard0:amd64 (1:2.8.0-3build4) ...
2025-07-31T20:48:58.1811377Z Selecting previously unselected package libdaxctl1:amd64.
2025-07-31T20:48:58.1984637Z Preparing to unpack .../50-libdaxctl1_77-2ubuntu2_amd64.deb ...
2025-07-31T20:48:58.2005002Z Unpacking libdaxctl1:amd64 (77-2ubuntu2) ...
2025-07-31T20:48:58.2302567Z Selecting previously unselected package libdecor-0-0:amd64.
2025-07-31T20:48:58.2481545Z Preparing to unpack .../51-libdecor-0-0_0.2.2-1build2_amd64.deb ...
2025-07-31T20:48:58.2495751Z Unpacking libdecor-0-0:amd64 (0.2.2-1build2) ...
2025-07-31T20:48:58.2828247Z Selecting previously unselected package libdecor-0-plugin-1-gtk:amd64.
2025-07-31T20:48:58.3018027Z Preparing to unpack .../52-libdecor-0-plugin-1-gtk_0.2.2-1build2_amd64.deb ...
2025-07-31T20:48:58.3031454Z Unpacking libdecor-0-plugin-1-gtk:amd64 (0.2.2-1build2) ...
2025-07-31T20:48:58.3319695Z Selecting previously unselected package librdmacm1t64:amd64.
2025-07-31T20:48:58.3494689Z Preparing to unpack .../53-librdmacm1t64_50.0-2ubuntu0.2_amd64.deb ...
2025-07-31T20:48:58.3510784Z Unpacking librdmacm1t64:amd64 (50.0-2ubuntu0.2) ...
2025-07-31T20:48:58.3839436Z Selecting previously unselected package libiscsi7:amd64.
2025-07-31T20:48:58.4013095Z Preparing to unpack .../54-libiscsi7_1.19.0-3build4_amd64.deb ...
2025-07-31T20:48:58.4031861Z Unpacking libiscsi7:amd64 (1.19.0-3build4) ...
2025-07-31T20:48:58.4330050Z Selecting previously unselected package libsamplerate0:amd64.
2025-07-31T20:48:58.4518000Z Preparing to unpack .../55-libsamplerate0_0.2.2-4build1_amd64.deb ...
2025-07-31T20:48:58.4536792Z Unpacking libsamplerate0:amd64 (0.2.2-4build1) ...
2025-07-31T20:48:58.4923129Z Selecting previously unselected package libjack-jackd2-0:amd64.
2025-07-31T20:48:58.5107519Z Preparing to unpack .../56-libjack-jackd2-0_1.9.21~dfsg-3ubuntu3_amd64.deb ...
2025-07-31T20:48:58.5125026Z Unpacking libjack-jackd2-0:amd64 (1.9.21~dfsg-3ubuntu3) ...
2025-07-31T20:48:58.5477689Z Selecting previously unselected package libndctl6:amd64.
2025-07-31T20:48:58.5651467Z Preparing to unpack .../57-libndctl6_77-2ubuntu2_amd64.deb ...
2025-07-31T20:48:58.5671569Z Unpacking libndctl6:amd64 (77-2ubuntu2) ...
2025-07-31T20:48:58.5985776Z Selecting previously unselected package libnfs14:amd64.
2025-07-31T20:48:58.6165912Z Preparing to unpack .../58-libnfs14_5.0.2-1build1_amd64.deb ...
2025-07-31T20:48:58.6177903Z Unpacking libnfs14:amd64 (5.0.2-1build1) ...
2025-07-31T20:48:58.6476225Z Selecting previously unselected package libwebrtc-audio-processing1:amd64.
2025-07-31T20:48:58.6660368Z Preparing to unpack .../59-libwebrtc-audio-processing1_0.3.1-0ubuntu6_amd64.deb ...
2025-07-31T20:48:58.6672261Z Unpacking libwebrtc-audio-processing1:amd64 (0.3.1-0ubuntu6) ...
2025-07-31T20:48:58.6956121Z Selecting previously unselected package libspa-0.2-modules:amd64.
2025-07-31T20:48:58.7125634Z Preparing to unpack .../60-libspa-0.2-modules_1.0.5-1ubuntu3.1_amd64.deb ...
2025-07-31T20:48:58.7139773Z Unpacking libspa-0.2-modules:amd64 (1.0.5-1ubuntu3.1) ...
2025-07-31T20:48:58.7602843Z Selecting previously unselected package libpipewire-0.3-0t64:amd64.
2025-07-31T20:48:58.7772859Z Preparing to unpack .../61-libpipewire-0.3-0t64_1.0.5-1ubuntu3.1_amd64.deb ...
2025-07-31T20:48:58.7789606Z Unpacking libpipewire-0.3-0t64:amd64 (1.0.5-1ubuntu3.1) ...
2025-07-31T20:48:58.8084829Z Selecting previously unselected package libpipewire-0.3-common.
2025-07-31T20:48:58.8257324Z Preparing to unpack .../62-libpipewire-0.3-common_1.0.5-1ubuntu3.1_all.deb ...
2025-07-31T20:48:58.8267724Z Unpacking libpipewire-0.3-common (1.0.5-1ubuntu3.1) ...
2025-07-31T20:48:58.8657817Z Selecting previously unselected package libpmem1:amd64.
2025-07-31T20:48:58.8836441Z Preparing to unpack .../63-libpmem1_1.13.1-1.1ubuntu2_amd64.deb ...
2025-07-31T20:48:58.8847762Z Unpacking libpmem1:amd64 (1.13.1-1.1ubuntu2) ...
2025-07-31T20:48:58.9153735Z Selecting previously unselected package libpmemobj1:amd64.
2025-07-31T20:48:58.9336087Z Preparing to unpack .../64-libpmemobj1_1.13.1-1.1ubuntu2_amd64.deb ...
2025-07-31T20:48:58.9352122Z Unpacking libpmemobj1:amd64 (1.13.1-1.1ubuntu2) ...
2025-07-31T20:48:58.9723021Z Selecting previously unselected package librados2.
2025-07-31T20:48:58.9899371Z Preparing to unpack .../65-librados2_19.2.1-0ubuntu0.24.04.2_amd64.deb ...
2025-07-31T20:48:58.9914175Z Unpacking librados2 (19.2.1-0ubuntu0.24.04.2) ...
2025-07-31T20:48:59.0845177Z Selecting previously unselected package librbd1.
2025-07-31T20:48:59.1031072Z Preparing to unpack .../66-librbd1_19.2.1-0ubuntu0.24.04.2_amd64.deb ...
2025-07-31T20:48:59.1043591Z Unpacking librbd1 (19.2.1-0ubuntu0.24.04.2) ...
2025-07-31T20:48:59.1977384Z Selecting previously unselected package libsdl2-2.0-0:amd64.
2025-07-31T20:48:59.2181185Z Preparing to unpack .../67-libsdl2-2.0-0_2.30.0+dfsg-1ubuntu3.1_amd64.deb ...
2025-07-31T20:48:59.2220273Z Unpacking libsdl2-2.0-0:amd64 (2.30.0+dfsg-1ubuntu3.1) ...
2025-07-31T20:48:59.2612316Z Selecting previously unselected package libspice-server1:amd64.
2025-07-31T20:48:59.2800532Z Preparing to unpack .../68-libspice-server1_0.15.1-1build2_amd64.deb ...
2025-07-31T20:48:59.2811469Z Unpacking libspice-server1:amd64 (0.15.1-1build2) ...
2025-07-31T20:48:59.3158503Z Selecting previously unselected package liburing2:amd64.
2025-07-31T20:48:59.3339562Z Preparing to unpack .../69-liburing2_2.5-1build1_amd64.deb ...
2025-07-31T20:48:59.3354768Z Unpacking liburing2:amd64 (2.5-1build1) ...
2025-07-31T20:48:59.3653066Z Selecting previously unselected package libusbredirparser1t64:amd64.
2025-07-31T20:48:59.3825844Z Preparing to unpack .../70-libusbredirparser1t64_0.13.0-2.1build1_amd64.deb ...
2025-07-31T20:48:59.3837768Z Unpacking libusbredirparser1t64:amd64 (0.13.0-2.1build1) ...
2025-07-31T20:48:59.4091015Z Selecting previously unselected package libvirglrenderer1:amd64.
2025-07-31T20:48:59.4261926Z Preparing to unpack .../71-libvirglrenderer1_1.0.0-1ubuntu2_amd64.deb ...
2025-07-31T20:48:59.4273582Z Unpacking libvirglrenderer1:amd64 (1.0.0-1ubuntu2) ...
2025-07-31T20:48:59.4544648Z Selecting previously unselected package libvte-2.91-common.
2025-07-31T20:48:59.4715572Z Preparing to unpack .../72-libvte-2.91-common_0.76.0-1ubuntu0.1_amd64.deb ...
2025-07-31T20:48:59.4729047Z Unpacking libvte-2.91-common (0.76.0-1ubuntu0.1) ...
2025-07-31T20:48:59.5015615Z Selecting previously unselected package libvte-2.91-0:amd64.
2025-07-31T20:48:59.5187190Z Preparing to unpack .../73-libvte-2.91-0_0.76.0-1ubuntu0.1_amd64.deb ...
2025-07-31T20:48:59.5234123Z Unpacking libvte-2.91-0:amd64 (0.76.0-1ubuntu0.1) ...
2025-07-31T20:48:59.5531301Z Selecting previously unselected package libfdt1:amd64.
2025-07-31T20:48:59.5697148Z Preparing to unpack .../74-libfdt1_1.7.0-2build1_amd64.deb ...
2025-07-31T20:48:59.5709128Z Unpacking libfdt1:amd64 (1.7.0-2build1) ...
2025-07-31T20:48:59.6180595Z Selecting previously unselected package qemu-system-common.
2025-07-31T20:48:59.6343746Z Preparing to unpack .../75-qemu-system-common_1%3a8.2.2+ds-0ubuntu1.8_amd64.deb ...
2025-07-31T20:48:59.6360208Z Unpacking qemu-system-common (1:8.2.2+ds-0ubuntu1.8) ...
2025-07-31T20:48:59.7203873Z Selecting previously unselected package qemu-system-data.
2025-07-31T20:48:59.7376510Z Preparing to unpack .../76-qemu-system-data_1%3a8.2.2+ds-0ubuntu1.8_all.deb ...
2025-07-31T20:48:59.7385447Z Unpacking qemu-system-data (1:8.2.2+ds-0ubuntu1.8) ...
2025-07-31T20:48:59.8240228Z Selecting previously unselected package seabios.
2025-07-31T20:48:59.8404794Z Preparing to unpack .../77-seabios_1.16.3-2_all.deb ...
2025-07-31T20:48:59.8417608Z Unpacking seabios (1.16.3-2) ...
2025-07-31T20:48:59.8758553Z Selecting previously unselected package qemu-system-x86.
2025-07-31T20:48:59.8949110Z Preparing to unpack .../78-qemu-system-x86_1%3a8.2.2+ds-0ubuntu1.8_amd64.deb ...
2025-07-31T20:48:59.9028288Z Unpacking qemu-system-x86 (1:8.2.2+ds-0ubuntu1.8) ...
2025-07-31T20:49:00.1524059Z Selecting previously unselected package qemu-system-sparc.
2025-07-31T20:49:00.1710036Z Preparing to unpack .../79-qemu-system-sparc_1%3a8.2.2+ds-0ubuntu1.8_amd64.deb ...
2025-07-31T20:49:00.1794538Z Unpacking qemu-system-sparc (1:8.2.2+ds-0ubuntu1.8) ...
2025-07-31T20:49:00.3153626Z Selecting previously unselected package qemu-system-s390x.
2025-07-31T20:49:00.3324082Z Preparing to unpack .../80-qemu-system-s390x_1%3a8.2.2+ds-0ubuntu1.8_amd64.deb ...
2025-07-31T20:49:00.3403828Z Unpacking qemu-system-s390x (1:8.2.2+ds-0ubuntu1.8) ...
2025-07-31T20:49:00.4459241Z Selecting previously unselected package qemu-system-ppc.
2025-07-31T20:49:00.4638054Z Preparing to unpack .../81-qemu-system-ppc_1%3a8.2.2+ds-0ubuntu1.8_amd64.deb ...
2025-07-31T20:49:00.4721310Z Unpacking qemu-system-ppc (1:8.2.2+ds-0ubuntu1.8) ...
2025-07-31T20:49:00.6767563Z Selecting previously unselected package qemu-system-misc.
2025-07-31T20:49:00.6935503Z Preparing to unpack .../82-qemu-system-misc_1%3a8.2.2+ds-0ubuntu1.8_amd64.deb ...
2025-07-31T20:49:00.7014788Z Unpacking qemu-system-misc (1:8.2.2+ds-0ubuntu1.8) ...
2025-07-31T20:49:01.5426989Z Selecting previously unselected package qemu-system-mips.
2025-07-31T20:49:01.5595691Z Preparing to unpack .../83-qemu-system-mips_1%3a8.2.2+ds-0ubuntu1.8_amd64.deb ...
2025-07-31T20:49:01.5670038Z Unpacking qemu-system-mips (1:8.2.2+ds-0ubuntu1.8) ...
2025-07-31T20:49:01.8323125Z Selecting previously unselected package qemu-system-arm.
2025-07-31T20:49:01.8499144Z Preparing to unpack .../84-qemu-system-arm_1%3a8.2.2+ds-0ubuntu1.8_amd64.deb ...
2025-07-31T20:49:01.8579658Z Unpacking qemu-system-arm (1:8.2.2+ds-0ubuntu1.8) ...
2025-07-31T20:49:02.1038875Z Selecting previously unselected package qemu-utils.
2025-07-31T20:49:02.1199577Z Preparing to unpack .../85-qemu-utils_1%3a8.2.2+ds-0ubuntu1.8_amd64.deb ...
2025-07-31T20:49:02.1209161Z Unpacking qemu-utils (1:8.2.2+ds-0ubuntu1.8) ...
2025-07-31T20:49:02.1960191Z Selecting previously unselected package qemu-block-extra.
2025-07-31T20:49:02.2124829Z Preparing to unpack .../86-qemu-block-extra_1%3a8.2.2+ds-0ubuntu1.8_amd64.deb ...
2025-07-31T20:49:02.2133680Z Unpacking qemu-block-extra (1:8.2.2+ds-0ubuntu1.8) ...
2025-07-31T20:49:02.2399681Z Selecting previously unselected package qemu-system.
2025-07-31T20:49:02.2581505Z Preparing to unpack .../87-qemu-system_1%3a8.2.2+ds-0ubuntu1.8_amd64.deb ...
2025-07-31T20:49:02.2591116Z Unpacking qemu-system (1:8.2.2+ds-0ubuntu1.8) ...
2025-07-31T20:49:02.2830436Z Selecting previously unselected package qemu-system-modules-opengl.
2025-07-31T20:49:02.2990856Z Preparing to unpack .../88-qemu-system-modules-opengl_1%3a8.2.2+ds-0ubuntu1.8_amd64.deb ...
2025-07-31T20:49:02.3000882Z Unpacking qemu-system-modules-opengl (1:8.2.2+ds-0ubuntu1.8) ...
2025-07-31T20:49:02.3274971Z Selecting previously unselected package qemu-system-gui.
2025-07-31T20:49:02.3440211Z Preparing to unpack .../89-qemu-system-gui_1%3a8.2.2+ds-0ubuntu1.8_amd64.deb ...
2025-07-31T20:49:02.3450865Z Unpacking qemu-system-gui (1:8.2.2+ds-0ubuntu1.8) ...
2025-07-31T20:49:02.3741183Z Selecting previously unselected package qemu-system-modules-spice.
2025-07-31T20:49:02.3908940Z Preparing to unpack .../90-qemu-system-modules-spice_1%3a8.2.2+ds-0ubuntu1.8_amd64.deb ...
2025-07-31T20:49:02.3920569Z Unpacking qemu-system-modules-spice (1:8.2.2+ds-0ubuntu1.8) ...
2025-07-31T20:49:02.4177761Z Selecting previously unselected package qemu-user-static.
2025-07-31T20:49:02.4344068Z Preparing to unpack .../91-qemu-user-static_1%3a8.2.2+ds-0ubuntu1.8_amd64.deb ...
2025-07-31T20:49:02.4357326Z Unpacking qemu-user-static (1:8.2.2+ds-0ubuntu1.8) ...
2025-07-31T20:49:02.9373046Z Selecting previously unselected package ovmf.
2025-07-31T20:49:02.9532845Z Preparing to unpack .../92-ovmf_2024.02-2ubuntu0.4_all.deb ...
2025-07-31T20:49:02.9545719Z Unpacking ovmf (2024.02-2ubuntu0.4) ...
2025-07-31T20:49:03.0264896Z Selecting previously unselected package qemu-efi-aarch64.
2025-07-31T20:49:03.0429742Z Preparing to unpack .../93-qemu-efi-aarch64_2024.02-2ubuntu0.4_all.deb ...
2025-07-31T20:49:03.0442111Z Unpacking qemu-efi-aarch64 (2024.02-2ubuntu0.4) ...
2025-07-31T20:49:03.9996403Z Selecting previously unselected package qemu-efi-arm.
2025-07-31T20:49:04.0175384Z Preparing to unpack .../94-qemu-efi-arm_2024.02-2ubuntu0.4_all.deb ...
2025-07-31T20:49:04.0191474Z Unpacking qemu-efi-arm (2024.02-2ubuntu0.4) ...
2025-07-31T20:49:04.4563264Z Setting up libpipewire-0.3-common (1.0.5-1ubuntu3.1) ...
2025-07-31T20:49:04.4598281Z Setting up libcdparanoia0:amd64 (3.10.2+debian-14build3) ...
2025-07-31T20:49:04.4626701Z Setting up session-migration (0.3.9build1) ...
2025-07-31T20:49:04.5749734Z Created symlink /etc/systemd/user/graphical-session-pre.target.wants/session-migration.service → /usr/lib/systemd/user/session-migration.service.
2025-07-31T20:49:04.5750684Z 
2025-07-31T20:49:04.5782536Z Setting up libraw1394-11:amd64 (2.1.2-2build3) ...
2025-07-31T20:49:04.5825004Z Setting up libproxy1v5:amd64 (0.5.4-4build1) ...
2025-07-31T20:49:04.5851766Z Setting up libtag1v5-vanilla:amd64 (1.13.1-1build1) ...
2025-07-31T20:49:04.5888357Z Setting up libspeex1:amd64 (1.2.1-2ubuntu2.24.04.1) ...
2025-07-31T20:49:04.5920154Z Setting up libcaca0:amd64 (0.99.beta20-4build2) ...
2025-07-31T20:49:04.5949265Z Setting up libv4lconvert0t64:amd64 (1.26.1-4build3) ...
2025-07-31T20:49:04.5979777Z Setting up libtwolame0:amd64 (0.4.0-2build3) ...
2025-07-31T20:49:04.6019271Z Setting up libvte-2.91-common (0.76.0-1ubuntu0.1) ...
2025-07-31T20:49:04.6077952Z Setting up libvisual-0.4-0:amd64 (0.4.2-2build1) ...
2025-07-31T20:49:04.6121951Z Setting up qemu-user-static (1:8.2.2+ds-0ubuntu1.8) ...
2025-07-31T20:49:04.6187851Z Setting up msr-tools (1.3-5build1) ...
2025-07-31T20:49:04.6212958Z Setting up libwebrtc-audio-processing1:amd64 (0.3.1-0ubuntu6) ...
2025-07-31T20:49:04.6245111Z Setting up libboost-thread1.83.0:amd64 (1.83.0-2.1ubuntu3.1) ...
2025-07-31T20:49:04.6277923Z Setting up libsoup-3.0-common (3.4.4-5ubuntu0.5) ...
2025-07-31T20:49:04.6305458Z Setting up libmpg123-0t64:amd64 (1.32.5-1ubuntu1.1) ...
2025-07-31T20:49:04.6330430Z Setting up libfdt1:amd64 (1.7.0-2build1) ...
2025-07-31T20:49:04.6359881Z Setting up qemu-efi-aarch64 (2024.02-2ubuntu0.4) ...
2025-07-31T20:49:04.6388398Z Setting up libvte-2.91-0:amd64 (0.76.0-1ubuntu0.1) ...
2025-07-31T20:49:04.6416738Z Setting up libnfs14:amd64 (5.0.2-1build1) ...
2025-07-31T20:49:04.6440723Z Setting up liborc-0.4-0t64:amd64 (1:0.4.38-1ubuntu0.1) ...
2025-07-31T20:49:04.6474894Z Setting up ovmf (2024.02-2ubuntu0.4) ...
2025-07-31T20:49:04.6514883Z Setting up libvirglrenderer1:amd64 (1.0.0-1ubuntu2) ...
2025-07-31T20:49:04.6549611Z Setting up libspa-0.2-modules:amd64 (1.0.5-1ubuntu3.1) ...
2025-07-31T20:49:04.6639636Z Setting up libboost-iostreams1.83.0:amd64 (1.83.0-2.1ubuntu3.1) ...
2025-07-31T20:49:04.6681563Z Setting up libopus0:amd64 (1.4-1build1) ...
2025-07-31T20:49:04.6718966Z Setting up libxv1:amd64 (2:1.0.11-1.1build1) ...
2025-07-31T20:49:04.6758318Z Setting up libdv4t64:amd64 (1.0.0-17.1build1) ...
2025-07-31T20:49:04.6789128Z Setting up libpcsclite1:amd64 (2.0.3-1build1) ...
2025-07-31T20:49:04.6822384Z Setting up libdaxctl1:amd64 (77-2ubuntu2) ...
2025-07-31T20:49:04.6851413Z Setting up qemu-system-data (1:8.2.2+ds-0ubuntu1.8) ...
2025-07-31T20:49:04.6884847Z Setting up seabios (1.16.3-2) ...
2025-07-31T20:49:04.6917233Z Setting up libv4l-0t64:amd64 (1.26.1-4build3) ...
2025-07-31T20:49:04.6945598Z Setting up libvpx9:amd64 (1.14.0-1ubuntu2.2) ...
2025-07-31T20:49:04.6979509Z Setting up libtag1v5:amd64 (1.13.1-1build1) ...
2025-07-31T20:49:04.7011087Z Setting up cpu-checker (0.7-1.3build2) ...
2025-07-31T20:49:04.7038931Z Setting up libasyncns0:amd64 (0.8-6build4) ...
2025-07-31T20:49:04.7069704Z Setting up libwavpack1:amd64 (5.6.0-1build1) ...
2025-07-31T20:49:04.7105793Z Setting up libusbredirparser1t64:amd64 (0.13.0-2.1build1) ...
2025-07-31T20:49:04.7147804Z Setting up ipxe-qemu (1.21.1+git-20220113.fbbdc3926-0ubuntu2) ...
2025-07-31T20:49:04.7182887Z Setting up libtheora0:amd64 (1.1.1+dfsg.1-16.1build3) ...
2025-07-31T20:49:04.7226786Z Setting up libdecor-0-0:amd64 (0.2.2-1build2) ...
2025-07-31T20:49:04.7263986Z Setting up qemu-efi-arm (2024.02-2ubuntu0.4) ...
2025-07-31T20:49:04.7290400Z Setting up libndctl6:amd64 (77-2ubuntu2) ...
2025-07-31T20:49:04.7321420Z Setting up librdmacm1t64:amd64 (50.0-2ubuntu0.2) ...
2025-07-31T20:49:04.7358564Z Setting up ipxe-qemu-256k-compat-efi-roms (1.0.0+git-20150424.a25a16d-0ubuntu5) ...
2025-07-31T20:49:04.7389595Z Setting up libflac12t64:amd64 (1.4.3+ds-2.1ubuntu2) ...
2025-07-31T20:49:04.7420334Z Setting up libbrlapi0.8:amd64 (6.6-4ubuntu5) ...
2025-07-31T20:49:04.7449397Z Setting up glib-networking-common (2.80.0-1build1) ...
2025-07-31T20:49:04.7487498Z Setting up liburing2:amd64 (2.5-1build1) ...
2025-07-31T20:49:04.7514644Z Setting up libiscsi7:amd64 (1.19.0-3build4) ...
2025-07-31T20:49:04.7555147Z Setting up libsamplerate0:amd64 (0.2.2-4build1) ...
2025-07-31T20:49:04.7582501Z Setting up libpmem1:amd64 (1.13.1-1.1ubuntu2) ...
2025-07-31T20:49:04.7612016Z Setting up libpipewire-0.3-0t64:amd64 (1.0.5-1ubuntu3.1) ...
2025-07-31T20:49:04.7771984Z Setting up libdecor-0-plugin-1-gtk:amd64 (0.2.2-1build2) ...
2025-07-31T20:49:04.7801936Z Setting up libmp3lame0:amd64 (3.100-6build1) ...
2025-07-31T20:49:04.7844847Z Setting up libvorbisenc2:amd64 (1.3.7-1build3) ...
2025-07-31T20:49:04.7881673Z Setting up libaa1:amd64 (1.4p5-51.1) ...
2025-07-31T20:49:04.7915732Z Setting up libiec61883-0:amd64 (1.2.0-6build1) ...
2025-07-31T20:49:04.7947037Z Setting up libavc1394-0:amd64 (0.5.4-5build3) ...
2025-07-31T20:49:04.7991717Z Setting up gsettings-desktop-schemas (46.1-0ubuntu1) ...
2025-07-31T20:49:04.8019271Z Setting up glib-networking-services (2.80.0-1build1) ...
2025-07-31T20:49:04.8054941Z Setting up librados2 (19.2.1-0ubuntu0.24.04.2) ...
2025-07-31T20:49:04.8100950Z Setting up libgstreamer-plugins-base1.0-0:amd64 (1.24.2-1ubuntu0.2) ...
2025-07-31T20:49:04.8138807Z Setting up libcacard0:amd64 (1:2.8.0-3build4) ...
2025-07-31T20:49:04.8175812Z Setting up libgstreamer-plugins-good1.0-0:amd64 (1.24.2-1ubuntu1.1) ...
2025-07-31T20:49:04.8216154Z Setting up gstreamer1.0-plugins-base:amd64 (1.24.2-1ubuntu0.2) ...
2025-07-31T20:49:04.8240177Z Setting up libshout3:amd64 (2.4.6-1build2) ...
2025-07-31T20:49:04.8281188Z Setting up libpmemobj1:amd64 (1.13.1-1.1ubuntu2) ...
2025-07-31T20:49:04.8311288Z Setting up librbd1 (19.2.1-0ubuntu0.24.04.2) ...
2025-07-31T20:49:04.8349946Z Setting up libjack-jackd2-0:amd64 (1.9.21~dfsg-3ubuntu3) ...
2025-07-31T20:49:04.8393095Z Setting up libsndfile1:amd64 (1.2.2-1ubuntu5.24.04.1) ...
2025-07-31T20:49:04.8428371Z Setting up qemu-utils (1:8.2.2+ds-0ubuntu1.8) ...
2025-07-31T20:49:04.8469862Z Setting up qemu-block-extra (1:8.2.2+ds-0ubuntu1.8) ...
2025-07-31T20:49:04.9555749Z Created symlink /etc/systemd/system/multi-user.target.wants/run-qemu.mount → /usr/lib/systemd/system/run-qemu.mount.
2025-07-31T20:49:04.9557307Z 
2025-07-31T20:49:05.8640776Z Setting up gstreamer1.0-x:amd64 (1.24.2-1ubuntu0.2) ...
2025-07-31T20:49:05.8680145Z Setting up qemu-system-common (1:8.2.2+ds-0ubuntu1.8) ...
2025-07-31T20:49:05.9785793Z Created symlink /etc/systemd/system/multi-user.target.wants/qemu-kvm.service → /usr/lib/systemd/system/qemu-kvm.service.
2025-07-31T20:49:05.9786873Z 
2025-07-31T20:49:06.3142531Z Setting up libpulse0:amd64 (1:16.1+dfsg1-2ubuntu10.1) ...
2025-07-31T20:49:06.3239881Z Setting up qemu-system-mips (1:8.2.2+ds-0ubuntu1.8) ...
2025-07-31T20:49:06.3458370Z Setting up qemu-system-sparc (1:8.2.2+ds-0ubuntu1.8) ...
2025-07-31T20:49:06.3544065Z Setting up libspice-server1:amd64 (0.15.1-1build2) ...
2025-07-31T20:49:06.3709992Z Setting up qemu-system-x86 (1:8.2.2+ds-0ubuntu1.8) ...
2025-07-31T20:49:06.3806427Z Setting up qemu-system-ppc (1:8.2.2+ds-0ubuntu1.8) ...
2025-07-31T20:49:06.3881840Z Setting up qemu-system-misc (1:8.2.2+ds-0ubuntu1.8) ...
2025-07-31T20:49:06.3967586Z Setting up qemu-system-arm (1:8.2.2+ds-0ubuntu1.8) ...
2025-07-31T20:49:06.4048508Z Setting up qemu-system-s390x (1:8.2.2+ds-0ubuntu1.8) ...
2025-07-31T20:49:06.4127667Z Setting up libsdl2-2.0-0:amd64 (2.30.0+dfsg-1ubuntu3.1) ...
2025-07-31T20:49:06.4156249Z Setting up qemu-system-modules-opengl (1:8.2.2+ds-0ubuntu1.8) ...
2025-07-31T20:49:06.4188410Z Setting up qemu-system-gui (1:8.2.2+ds-0ubuntu1.8) ...
2025-07-31T20:49:06.4219180Z Setting up qemu-system (1:8.2.2+ds-0ubuntu1.8) ...
2025-07-31T20:49:06.4245145Z Setting up qemu-system-modules-spice (1:8.2.2+ds-0ubuntu1.8) ...
2025-07-31T20:49:06.4330303Z Processing triggers for hicolor-icon-theme (0.17-2) ...
2025-07-31T20:49:06.7905970Z Processing triggers for libc-bin (2.39-0ubuntu8.5) ...
2025-07-31T20:49:06.8261174Z Processing triggers for systemd (255.4-1ubuntu8.10) ...
2025-07-31T20:49:06.8638927Z Processing triggers for man-db (2.12.0-4build2) ...
2025-07-31T20:49:17.1288042Z Processing triggers for libglib2.0-0t64:amd64 (2.80.0-6ubuntu3.4) ...
2025-07-31T20:49:17.1929473Z Setting up glib-networking:amd64 (2.80.0-1build1) ...
2025-07-31T20:49:17.1971937Z Setting up libsoup-3.0-0:amd64 (3.4.4-5ubuntu0.5) ...
2025-07-31T20:49:17.2015369Z Setting up gstreamer1.0-plugins-good:amd64 (1.24.2-1ubuntu1.1) ...
2025-07-31T20:49:17.2046827Z Processing triggers for libc-bin (2.39-0ubuntu8.5) ...
2025-07-31T20:49:17.8852053Z 
2025-07-31T20:49:17.8852810Z Running kernel seems to be up-to-date.
2025-07-31T20:49:17.8853276Z 
2025-07-31T20:49:17.8853396Z Restarting services...
2025-07-31T20:49:17.8939303Z 
2025-07-31T20:49:17.8939799Z Service restarts being deferred:
2025-07-31T20:49:17.8943495Z  systemctl restart hosted-compute-agent.service
2025-07-31T20:49:17.8944024Z 
2025-07-31T20:49:17.8944293Z No containers need to be restarted.
2025-07-31T20:49:17.8944720Z 
2025-07-31T20:49:17.8944974Z No user sessions are running outdated binaries.
2025-07-31T20:49:17.8945452Z 
2025-07-31T20:49:17.8945823Z No VM guests are running outdated hypervisor (qemu) binaries on this host.
2025-07-31T20:49:18.9552160Z ##[group]Run ./scripts/run_task.sh test-build-image
2025-07-31T20:49:18.9552616Z [36;1m./scripts/run_task.sh test-build-image[0m
2025-07-31T20:49:18.9583666Z shell: /usr/bin/bash -e {0}
2025-07-31T20:49:18.9583956Z ##[endgroup]
2025-07-31T20:49:19.9526524Z go: downloading github.com/go-task/task/v3 v3.39.2
2025-07-31T20:49:20.3147751Z go: downloading github.com/spf13/pflag v1.0.5
2025-07-31T20:49:20.3148728Z go: downloading mvdan.cc/sh/v3 v3.9.0
2025-07-31T20:49:20.3813481Z go: downloading github.com/Masterminds/semver/v3 v3.3.0
2025-07-31T20:49:20.4089597Z go: downloading github.com/alecthomas/chroma/v2 v2.14.0
2025-07-31T20:49:20.5499845Z go: downloading github.com/fatih/color v1.17.0
2025-07-31T20:49:20.5744306Z go: downloading gopkg.in/yaml.v3 v3.0.1
2025-07-31T20:49:20.6055703Z go: downloading github.com/Ladicle/tabwriter v1.0.0
2025-07-31T20:49:20.6203565Z go: downloading github.com/joho/godotenv v1.5.1
2025-07-31T20:49:20.7276355Z go: downloading github.com/dominikbraun/graph v0.23.0
2025-07-31T20:49:20.7289632Z go: downloading golang.org/x/sync v0.8.0
2025-07-31T20:49:20.7474667Z go: downloading github.com/radovskyb/watcher v1.0.7
2025-07-31T20:49:20.7586909Z go: downloading github.com/sajari/fuzzy v1.0.0
2025-07-31T20:49:22.0985279Z go: downloading github.com/mattn/go-colorable v0.1.13
2025-07-31T20:49:22.1249087Z go: downloading github.com/mattn/go-isatty v0.0.20
2025-07-31T20:49:22.2094143Z go: downloading github.com/dlclark/regexp2 v1.11.0
2025-07-31T20:49:22.2523826Z go: downloading github.com/muesli/cancelreader v0.2.2
2025-07-31T20:49:22.2744060Z go: downloading golang.org/x/sys v0.25.0
2025-07-31T20:49:22.3513446Z go: downloading golang.org/x/term v0.24.0
2025-07-31T20:49:22.4688975Z go: downloading github.com/mattn/go-zglob v0.0.6
2025-07-31T20:49:22.4774344Z go: downloading github.com/zeebo/xxh3 v1.0.2
2025-07-31T20:49:22.4849903Z go: downloading github.com/davecgh/go-spew v1.1.1
2025-07-31T20:49:22.5185978Z go: downloading github.com/go-task/slim-sprig/v3 v3.0.0
2025-07-31T20:49:22.5232276Z go: downloading github.com/go-task/template v0.1.0
2025-07-31T20:49:22.5462974Z go: downloading github.com/mitchellh/hashstructure/v2 v2.0.2
2025-07-31T20:49:22.8172892Z go: downloading github.com/klauspost/cpuid/v2 v2.0.9
2025-07-31T20:49:42.9833623Z task: [test-build-image] bash -x scripts/tests.build_docker_image.sh
2025-07-31T20:49:42.9856777Z + set -euo pipefail
2025-07-31T20:49:42.9862492Z +++ dirname scripts/tests.build_docker_image.sh
2025-07-31T20:49:42.9872500Z ++ cd scripts
2025-07-31T20:49:42.9872950Z ++ cd ..
2025-07-31T20:49:42.9873194Z ++ pwd
2025-07-31T20:49:42.9875304Z + SUBNET_EVM_PATH=/home/runner/work/subnet-evm/subnet-evm
2025-07-31T20:49:42.9876094Z + source /home/runner/work/subnet-evm/subnet-evm/scripts/constants.sh
2025-07-31T20:49:42.9876858Z ++ set -euo pipefail
2025-07-31T20:49:42.9878849Z +++ go env GOPATH
2025-07-31T20:49:42.9907646Z ++ GOPATH=/home/runner/go
2025-07-31T20:49:42.9908232Z ++ DEFAULT_PLUGIN_DIR=/home/runner/.avalanchego/plugins
2025-07-31T20:49:42.9908919Z ++ DEFAULT_VM_NAME=subnet-evm
2025-07-31T20:49:42.9909618Z ++ DEFAULT_VM_ID=srEXiWaHuhNyGwPUi444Tu47ZEDwxTWrbQiuD7FmgSAQ6X7Dy
2025-07-31T20:49:42.9910102Z ++ IMAGE_NAME=subnet-evm_avalanchego
2025-07-31T20:49:42.9910476Z ++ AVALANCHEGO_IMAGE_NAME=avaplatform/avalanchego
2025-07-31T20:49:42.9910846Z ++ '[' '!' -d .git ']'
2025-07-31T20:49:42.9911749Z +++ git describe --tags --exact-match
2025-07-31T20:49:42.9930078Z +++ git symbolic-ref -q --short HEAD
2025-07-31T20:49:42.9944090Z +++ git rev-parse --short HEAD
2025-07-31T20:49:42.9960936Z ++ CURRENT_BRANCH=4589617
2025-07-31T20:49:42.9963880Z +++ git --git-dir=/home/runner/work/subnet-evm/subnet-evm/.git rev-parse HEAD
2025-07-31T20:49:42.9979989Z ++ SUBNET_EVM_COMMIT=458961795523cdde7218683f234d1bdfd7d9e2c6
2025-07-31T20:49:42.9980848Z ++ [[ -z '' ]]
2025-07-31T20:49:42.9983010Z +++ go list -m github.com/ava-labs/avalanchego
2025-07-31T20:49:43.0522122Z ++ MODULE_DETAILS='github.com/ava-labs/avalanchego v1.13.3'
2025-07-31T20:49:43.0527907Z +++ echo 'github.com/ava-labs/avalanchego v1.13.3'
2025-07-31T20:49:43.0528908Z +++ awk '{print $2}'
2025-07-31T20:49:43.0553143Z ++ AVALANCHE_VERSION=v1.13.3
2025-07-31T20:49:43.0553704Z ++ [[ v1.13.3 =~ ^v.*[0-9]{14}-[0-9a-f]{12}$ ]]
2025-07-31T20:49:43.0554314Z ++ DOCKERHUB_TAG=45896179_v1.13.3
2025-07-31T20:49:43.0554818Z ++ BUILD_IMAGE_ID=4589617_v1.13.3
2025-07-31T20:49:43.0555351Z ++ echo 'Using branch: 4589617'
2025-07-31T20:49:43.0555853Z ++ STATIC_LD_FLAGS=
2025-07-31T20:49:43.0556246Z ++ '[' '' = 1 ']'
2025-07-31T20:49:43.0556802Z Using branch: 4589617
2025-07-31T20:49:43.0557297Z ++ export 'CGO_CFLAGS=-O2 -D__BLST_PORTABLE__'
2025-07-31T20:49:43.0557931Z ++ CGO_CFLAGS='-O2 -D__BLST_PORTABLE__'
2025-07-31T20:49:43.0558541Z ++ export CGO_ENABLED=1
2025-07-31T20:49:43.0559060Z ++ CGO_ENABLED=1
2025-07-31T20:49:43.0559704Z + VM_ID=srEXiWaHuhNyGwPUi444Tu47ZEDwxTWrbQiuD7FmgSAQ6X7Dy
2025-07-31T20:49:43.0560580Z + echo 'checking build of single-arch image'
2025-07-31T20:49:43.0561764Z + build_and_test subnet-evm_avalanchego srEXiWaHuhNyGwPUi444Tu47ZEDwxTWrbQiuD7FmgSAQ6X7Dy false avalanchego
2025-07-31T20:49:43.0562553Z checking build of single-arch image
2025-07-31T20:49:43.0562959Z + local imagename=subnet-evm_avalanchego
2025-07-31T20:49:43.0563543Z + local vm_id=srEXiWaHuhNyGwPUi444Tu47ZEDwxTWrbQiuD7FmgSAQ6X7Dy
2025-07-31T20:49:43.0564398Z + local multiarch_image=false
2025-07-31T20:49:43.0564937Z + local avalanchego_local_image_name=avalanchego
2025-07-31T20:49:43.0565352Z + [[ false == true ]]
2025-07-31T20:49:43.0565644Z + local host_arch
2025-07-31T20:49:43.0565930Z ++ go env GOARCH
2025-07-31T20:49:43.0595510Z + host_arch=amd64
2025-07-31T20:49:43.0595899Z + local arches=linux/amd64
2025-07-31T20:49:43.0596177Z + local imgtag=testtag
2025-07-31T20:49:43.0596427Z + PLATFORMS=linux/amd64
2025-07-31T20:49:43.0597265Z + BUILD_IMAGE_ID=testtag
2025-07-31T20:49:43.0597610Z + VM_ID=srEXiWaHuhNyGwPUi444Tu47ZEDwxTWrbQiuD7FmgSAQ6X7Dy
2025-07-31T20:49:43.0598015Z + IMAGE_NAME=subnet-evm_avalanchego
2025-07-31T20:49:43.0598373Z + AVALANCHEGO_LOCAL_IMAGE_NAME=avalanchego
2025-07-31T20:49:43.0598729Z + ./scripts/build_docker_image.sh
2025-07-31T20:49:43.0832487Z Using branch: 4589617
2025-07-31T20:49:43.4601032Z v1.13.3: Pulling from avaplatform/avalanchego
2025-07-31T20:49:43.5388116Z 59e22667830b: Pulling fs layer
2025-07-31T20:49:43.5388932Z 6b75f5ca9b51: Pulling fs layer
2025-07-31T20:49:43.5389607Z 4f4fb700ef54: Pulling fs layer
2025-07-31T20:49:43.5390246Z b54ae1c8d5c8: Pulling fs layer
2025-07-31T20:49:43.6167539Z 6b75f5ca9b51: Verifying Checksum
2025-07-31T20:49:43.6168321Z 6b75f5ca9b51: Download complete
2025-07-31T20:49:43.6391651Z 4f4fb700ef54: Verifying Checksum
2025-07-31T20:49:43.6392189Z 4f4fb700ef54: Download complete
2025-07-31T20:49:43.9389282Z 59e22667830b: Verifying Checksum
2025-07-31T20:49:43.9389879Z 59e22667830b: Download complete
2025-07-31T20:49:44.0556276Z b54ae1c8d5c8: Verifying Checksum
2025-07-31T20:49:44.0557033Z b54ae1c8d5c8: Download complete
2025-07-31T20:49:45.0270158Z 59e22667830b: Pull complete
2025-07-31T20:49:46.1572755Z 6b75f5ca9b51: Pull complete
2025-07-31T20:49:46.1680312Z 4f4fb700ef54: Pull complete
2025-07-31T20:49:46.5789999Z b54ae1c8d5c8: Pull complete
2025-07-31T20:49:46.5831416Z Digest: sha256:e48a8e19390c9af72e0fb5ad95633b0a78485cf0f4e25121fcd4f1128b41b102
2025-07-31T20:49:46.5851196Z Status: Downloaded newer image for avaplatform/avalanchego:v1.13.3
2025-07-31T20:49:46.5877191Z docker.io/avaplatform/avalanchego:v1.13.3
2025-07-31T20:49:46.5894704Z Building Docker Image: subnet-evm_avalanchego:testtag based of AvalancheGo@v1.13.3
2025-07-31T20:49:47.0505240Z #0 building with "default" instance using docker driver
2025-07-31T20:49:47.0505773Z 
2025-07-31T20:49:47.0506035Z #1 [internal] load build definition from Dockerfile
2025-07-31T20:49:47.0506817Z #1 transferring dockerfile: 2.42kB done
2025-07-31T20:49:47.0507318Z #1 DONE 0.0s
2025-07-31T20:49:47.0507525Z 
2025-07-31T20:49:47.0507912Z #2 [internal] load metadata for docker.io/avaplatform/avalanchego:v1.13.3
2025-07-31T20:49:47.0508962Z #2 DONE 0.0s
2025-07-31T20:49:47.0509172Z 
2025-07-31T20:49:47.0509464Z #3 [auth] library/golang:pull token for registry-1.docker.io
2025-07-31T20:49:47.0510073Z #3 DONE 0.0s
2025-07-31T20:49:47.0510267Z 
2025-07-31T20:49:47.0510626Z #4 [internal] load metadata for docker.io/library/golang:1.23.9-bookworm
2025-07-31T20:49:47.1757822Z #4 DONE 0.3s
2025-07-31T20:49:47.3038886Z 
2025-07-31T20:49:47.3039832Z #5 [internal] load .dockerignore
2025-07-31T20:49:47.3040810Z #5 transferring context: 105B done
2025-07-31T20:49:47.3041833Z #5 DONE 0.0s
2025-07-31T20:49:47.3046975Z 
2025-07-31T20:49:47.3047459Z #6 [execution 1/2] FROM docker.io/avaplatform/avalanchego:v1.13.3
2025-07-31T20:49:47.3048010Z #6 DONE 0.0s
2025-07-31T20:49:47.3050593Z 
2025-07-31T20:49:47.3051329Z #7 [builder 1/8] FROM docker.io/library/golang:1.23.9-bookworm@sha256:6a3aa4fd2c3e15bc8cb450e4a0ae353fb73b5f593bcbb5b25ffeee860cc2ec2a
2025-07-31T20:49:47.3052842Z #7 resolve docker.io/library/golang:1.23.9-bookworm@sha256:6a3aa4fd2c3e15bc8cb450e4a0ae353fb73b5f593bcbb5b25ffeee860cc2ec2a 0.0s done
2025-07-31T20:49:47.3054185Z #7 sha256:7a0d537c74048d90164dee15b033ba23c217803a53cd9e2efc48482d9b7b4e51 2.80kB / 2.80kB done
2025-07-31T20:49:47.3055305Z #7 sha256:3e6b9d1a95114e19f12262a4e8a59ad1d1a10ca7b82108adcf0605a200294964 2.10MB / 48.49MB 0.1s
2025-07-31T20:49:47.3056349Z #7 sha256:37927ed901b1b2608b72796c6881bf645480268eca4ac9a37b9219e050bb4d84 0B / 24.02MB 0.1s
2025-07-31T20:49:47.3057588Z #7 sha256:0c9738aabadd34e99cf5263ae1337ad5330126c87a1fab4ffabec2284944c991 2.32kB / 2.32kB done
2025-07-31T20:49:47.3058562Z #7 sha256:79b2f47ad4443652b9b5cc81a95ede249fd976310efdbee159f29638783778c0 2.10MB / 64.40MB 0.1s
2025-07-31T20:49:47.3059470Z #7 sha256:6a3aa4fd2c3e15bc8cb450e4a0ae353fb73b5f593bcbb5b25ffeee860cc2ec2a 9.10kB / 9.10kB done
2025-07-31T20:49:47.5045339Z #7 ...
2025-07-31T20:49:47.5045777Z 
2025-07-31T20:49:47.5046070Z #8 [internal] load build context
2025-07-31T20:49:47.5047865Z #8 transferring context: 13.22MB 0.2s done
2025-07-31T20:49:47.5050114Z #8 DONE 0.2s
2025-07-31T20:49:47.5050330Z 
2025-07-31T20:49:47.5051149Z #7 [builder 1/8] FROM docker.io/library/golang:1.23.9-bookworm@sha256:6a3aa4fd2c3e15bc8cb450e4a0ae353fb73b5f593bcbb5b25ffeee860cc2ec2a
2025-07-31T20:49:47.5053128Z #7 sha256:3e6b9d1a95114e19f12262a4e8a59ad1d1a10ca7b82108adcf0605a200294964 10.49MB / 48.49MB 0.3s
2025-07-31T20:49:47.5054601Z #7 sha256:37927ed901b1b2608b72796c6881bf645480268eca4ac9a37b9219e050bb4d84 5.24MB / 24.02MB 0.3s
2025-07-31T20:49:47.5055693Z #7 sha256:79b2f47ad4443652b9b5cc81a95ede249fd976310efdbee159f29638783778c0 18.87MB / 64.40MB 0.3s
2025-07-31T20:49:47.6073068Z #7 sha256:37927ed901b1b2608b72796c6881bf645480268eca4ac9a37b9219e050bb4d84 10.49MB / 24.02MB 0.4s
2025-07-31T20:49:47.6074611Z #7 sha256:79b2f47ad4443652b9b5cc81a95ede249fd976310efdbee159f29638783778c0 28.31MB / 64.40MB 0.4s
2025-07-31T20:49:47.8038800Z #7 sha256:3e6b9d1a95114e19f12262a4e8a59ad1d1a10ca7b82108adcf0605a200294964 20.97MB / 48.49MB 0.6s
2025-07-31T20:49:47.8039995Z #7 sha256:37927ed901b1b2608b72796c6881bf645480268eca4ac9a37b9219e050bb4d84 24.02MB / 24.02MB 0.6s done
2025-07-31T20:49:47.8042672Z #7 sha256:79b2f47ad4443652b9b5cc81a95ede249fd976310efdbee159f29638783778c0 47.19MB / 64.40MB 0.6s
2025-07-31T20:49:47.8043744Z #7 sha256:86e38a7bd2e6ef4808a08ab7f5de538ee046e73d5eed810956ebe5e2dd30967f 0B / 92.34MB 0.6s
2025-07-31T20:49:48.0042990Z #7 sha256:3e6b9d1a95114e19f12262a4e8a59ad1d1a10ca7b82108adcf0605a200294964 33.55MB / 48.49MB 0.8s
2025-07-31T20:49:48.0045509Z #7 sha256:79b2f47ad4443652b9b5cc81a95ede249fd976310efdbee159f29638783778c0 60.82MB / 64.40MB 0.8s
2025-07-31T20:49:48.0047680Z #7 sha256:86e38a7bd2e6ef4808a08ab7f5de538ee046e73d5eed810956ebe5e2dd30967f 11.53MB / 92.34MB 0.8s
2025-07-31T20:49:48.2035672Z #7 sha256:3e6b9d1a95114e19f12262a4e8a59ad1d1a10ca7b82108adcf0605a200294964 46.30MB / 48.49MB 1.0s
2025-07-31T20:49:48.2036774Z #7 sha256:79b2f47ad4443652b9b5cc81a95ede249fd976310efdbee159f29638783778c0 64.40MB / 64.40MB 0.9s done
2025-07-31T20:49:48.2037976Z #7 sha256:86e38a7bd2e6ef4808a08ab7f5de538ee046e73d5eed810956ebe5e2dd30967f 20.97MB / 92.34MB 1.0s
2025-07-31T20:49:48.2038788Z #7 sha256:e10405b45d13228df144c8d42d389347041bf176392f5f9606fc4a4d7826647d 5.24MB / 74.06MB 1.0s
2025-07-31T20:49:48.3802704Z #7 sha256:3e6b9d1a95114e19f12262a4e8a59ad1d1a10ca7b82108adcf0605a200294964 48.49MB / 48.49MB 1.0s done
2025-07-31T20:49:48.3803909Z #7 sha256:e10405b45d13228df144c8d42d389347041bf176392f5f9606fc4a4d7826647d 13.63MB / 74.06MB 1.1s
2025-07-31T20:49:48.3804946Z #7 extracting sha256:3e6b9d1a95114e19f12262a4e8a59ad1d1a10ca7b82108adcf0605a200294964 0.1s
2025-07-31T20:49:48.3806023Z #7 sha256:05996fe98294b61bc5bf02c69305b84d9db840baad71fd1b5c2fd7cf1686088c 126B / 126B 1.1s done
2025-07-31T20:49:48.3807247Z #7 sha256:4f4fb700ef54461cfa02571ae0db9a0dc1e0cdb5577484a6d75e68dc38e8acc1 0B / 32B 1.1s
2025-07-31T20:49:48.5041380Z #7 sha256:86e38a7bd2e6ef4808a08ab7f5de538ee046e73d5eed810956ebe5e2dd30967f 40.89MB / 92.34MB 1.3s
2025-07-31T20:49:48.5044175Z #7 sha256:e10405b45d13228df144c8d42d389347041bf176392f5f9606fc4a4d7826647d 32.51MB / 74.06MB 1.3s
2025-07-31T20:49:48.5045432Z #7 sha256:4f4fb700ef54461cfa02571ae0db9a0dc1e0cdb5577484a6d75e68dc38e8acc1 32B / 32B 1.1s done
2025-07-31T20:49:48.6069943Z #7 sha256:86e38a7bd2e6ef4808a08ab7f5de538ee046e73d5eed810956ebe5e2dd30967f 47.19MB / 92.34MB 1.4s
2025-07-31T20:49:48.6070987Z #7 sha256:e10405b45d13228df144c8d42d389347041bf176392f5f9606fc4a4d7826647d 49.28MB / 74.06MB 1.4s
2025-07-31T20:49:48.7104821Z #7 sha256:86e38a7bd2e6ef4808a08ab7f5de538ee046e73d5eed810956ebe5e2dd30967f 54.53MB / 92.34MB 1.5s
2025-07-31T20:49:48.7106358Z #7 sha256:e10405b45d13228df144c8d42d389347041bf176392f5f9606fc4a4d7826647d 58.72MB / 74.06MB 1.5s
2025-07-31T20:49:48.8993139Z #7 sha256:86e38a7bd2e6ef4808a08ab7f5de538ee046e73d5eed810956ebe5e2dd30967f 60.82MB / 92.34MB 1.6s
2025-07-31T20:49:49.0035972Z #7 sha256:86e38a7bd2e6ef4808a08ab7f5de538ee046e73d5eed810956ebe5e2dd30967f 78.64MB / 92.34MB 1.8s
2025-07-31T20:49:49.0037757Z #7 sha256:e10405b45d13228df144c8d42d389347041bf176392f5f9606fc4a4d7826647d 74.06MB / 74.06MB 1.8s done
2025-07-31T20:49:49.1308291Z #7 sha256:86e38a7bd2e6ef4808a08ab7f5de538ee046e73d5eed810956ebe5e2dd30967f 85.63MB / 92.34MB 1.9s
2025-07-31T20:49:49.2391256Z #7 sha256:86e38a7bd2e6ef4808a08ab7f5de538ee046e73d5eed810956ebe5e2dd30967f 92.34MB / 92.34MB 2.0s
2025-07-31T20:49:49.3397342Z #7 sha256:86e38a7bd2e6ef4808a08ab7f5de538ee046e73d5eed810956ebe5e2dd30967f 92.34MB / 92.34MB 2.0s done
2025-07-31T20:49:50.0155550Z #7 extracting sha256:3e6b9d1a95114e19f12262a4e8a59ad1d1a10ca7b82108adcf0605a200294964 1.7s done
2025-07-31T20:49:50.1884437Z #7 extracting sha256:37927ed901b1b2608b72796c6881bf645480268eca4ac9a37b9219e050bb4d84 0.1s
2025-07-31T20:49:50.7779081Z #7 extracting sha256:37927ed901b1b2608b72796c6881bf645480268eca4ac9a37b9219e050bb4d84 0.5s done
2025-07-31T20:49:50.9319683Z #7 extracting sha256:79b2f47ad4443652b9b5cc81a95ede249fd976310efdbee159f29638783778c0
2025-07-31T20:49:53.2240180Z #7 extracting sha256:79b2f47ad4443652b9b5cc81a95ede249fd976310efdbee159f29638783778c0 2.1s done
2025-07-31T20:49:53.3373579Z #7 extracting sha256:86e38a7bd2e6ef4808a08ab7f5de538ee046e73d5eed810956ebe5e2dd30967f
2025-07-31T20:49:55.2383731Z #7 extracting sha256:86e38a7bd2e6ef4808a08ab7f5de538ee046e73d5eed810956ebe5e2dd30967f 1.9s done
2025-07-31T20:49:55.6867090Z #7 extracting sha256:e10405b45d13228df144c8d42d389347041bf176392f5f9606fc4a4d7826647d
2025-07-31T20:49:59.8941301Z #7 extracting sha256:e10405b45d13228df144c8d42d389347041bf176392f5f9606fc4a4d7826647d 4.1s done
2025-07-31T20:50:00.4320494Z #7 extracting sha256:05996fe98294b61bc5bf02c69305b84d9db840baad71fd1b5c2fd7cf1686088c
2025-07-31T20:50:00.6743460Z #7 extracting sha256:05996fe98294b61bc5bf02c69305b84d9db840baad71fd1b5c2fd7cf1686088c done
2025-07-31T20:50:00.6746801Z #7 extracting sha256:4f4fb700ef54461cfa02571ae0db9a0dc1e0cdb5577484a6d75e68dc38e8acc1 done
2025-07-31T20:50:00.6747900Z #7 DONE 13.3s
2025-07-31T20:50:00.6748163Z 
2025-07-31T20:50:00.6748373Z #9 [builder 2/8] WORKDIR /build
2025-07-31T20:50:00.6749270Z #9 DONE 0.0s
2025-07-31T20:50:00.6749547Z 
2025-07-31T20:50:00.6749842Z #10 [builder 3/8] COPY go.mod go.sum avalanchego* ./
2025-07-31T20:50:00.6750519Z #10 DONE 0.0s
2025-07-31T20:50:00.6751523Z 
2025-07-31T20:50:00.6751767Z #11 [builder 4/8] RUN go mod download && go mod tidy
2025-07-31T20:50:08.7999859Z #11 8.276 go: warning: "all" matched no packages
2025-07-31T20:50:11.0025123Z #11 DONE 10.5s
2025-07-31T20:50:11.1537432Z 
2025-07-31T20:50:11.1538414Z #12 [builder 5/8] COPY . .
2025-07-31T20:50:11.1666165Z #12 DONE 0.2s
2025-07-31T20:50:11.2952195Z 
2025-07-31T20:50:11.2953399Z #13 [builder 6/8] RUN [ -d ./build ] && rm -rf ./build/* || true
2025-07-31T20:50:11.2954529Z #13 DONE 0.1s
2025-07-31T20:50:11.4470074Z 
2025-07-31T20:50:11.4473380Z #14 [builder 7/8] RUN if [ "linux/amd64" = "linux/arm64" ] && [ "linux/amd64" != "linux/arm64" ]; then   apt-get update && apt-get install -y gcc-aarch64-linux-gnu &&   echo "export CC=aarch64-linux-gnu-gcc" > ./build_env.sh   ; elif [ "linux/amd64" = "linux/amd64" ] && [ "linux/amd64" != "linux/amd64" ]; then   apt-get update && apt-get install -y gcc-x86-64-linux-gnu &&   echo "export CC=x86_64-linux-gnu-gcc" > ./build_env.sh   ; else   echo "export CC=gcc" > ./build_env.sh   ; fi
2025-07-31T20:50:11.4498108Z #14 DONE 0.2s
2025-07-31T20:50:11.5836362Z 
2025-07-31T20:50:11.5840473Z #15 [builder 8/8] RUN . ./build_env.sh &&   echo "{CC=$CC, TARGETPLATFORM=linux/amd64, BUILDPLATFORM=linux/amd64}" &&   export GOARCH=$(echo linux/amd64 | cut -d / -f2) &&   export CURRENT_BRANCH=4589617 &&   export SUBNET_EVM_COMMIT=458961795523cdde7218683f234d1bdfd7d9e2c6 &&   ./scripts/build.sh build/subnet-evm
2025-07-31T20:50:11.7580425Z #15 0.133 {CC=gcc, TARGETPLATFORM=linux/amd64, BUILDPLATFORM=linux/amd64}
2025-07-31T20:50:11.7581109Z #15 0.157 Using branch: 4589617
2025-07-31T20:50:11.7581896Z #15 0.157 Building Subnet EVM @ GitCommit: 458961795523cdde7218683f234d1bdfd7d9e2c6 at build/subnet-evm
2025-07-31T20:51:25.4698990Z #15 DONE 74.0s
2025-07-31T20:51:25.6135603Z 
2025-07-31T20:51:25.6137767Z #16 [execution 2/2] COPY --from=builder /build/build/subnet-evm /avalanchego/build/plugins/srEXiWaHuhNyGwPUi444Tu47ZEDwxTWrbQiuD7FmgSAQ6X7Dy
2025-07-31T20:51:25.6138880Z #16 DONE 0.1s
2025-07-31T20:51:25.7655345Z 
2025-07-31T20:51:25.7656181Z #17 exporting to image
2025-07-31T20:51:25.7657065Z #17 exporting layers
2025-07-31T20:51:26.0051502Z #17 exporting layers 0.4s done
2025-07-31T20:51:26.0499014Z #17 writing image sha256:a7cf635112872f4d797308ee2a44115299aa7370be8c16f4cea35cbf3697cc29 done
2025-07-31T20:51:26.0500450Z #17 naming to docker.io/library/subnet-evm_avalanchego:testtag done
2025-07-31T20:51:26.0501427Z #17 naming to docker.io/library/subnet-evm_avalanchego:45896179_v1.13.3 done
2025-07-31T20:51:26.0502397Z #17 DONE 0.4s
2025-07-31T20:51:26.0550690Z + echo 'listing images'
2025-07-31T20:51:26.0551185Z listing images
2025-07-31T20:51:26.0551586Z + docker images
2025-07-31T20:51:26.0684238Z REPOSITORY                TAG                IMAGE ID       CREATED        SIZE
2025-07-31T20:51:26.0685601Z subnet-evm_avalanchego    45896179_v1.13.3   a7cf63511287   1 second ago   225MB
2025-07-31T20:51:26.0687093Z subnet-evm_avalanchego    testtag            a7cf63511287   1 second ago   225MB
2025-07-31T20:51:26.0688303Z avaplatform/avalanchego   v1.13.3            98c1bcc22e29   9 days ago     164MB
2025-07-31T20:51:26.0701052Z + target_images=('subnet-evm_avalanchego:testtag' 'subnet-evm_avalanchego:45896179_v1.13.3')
2025-07-31T20:51:26.0701967Z + local target_images
2025-07-31T20:51:26.0702291Z + IFS=,
2025-07-31T20:51:26.0702690Z + read -r -a archarray
2025-07-31T20:51:26.0724668Z + for arch in "${archarray[@]}"
2025-07-31T20:51:26.0725033Z + for target_image in "${target_images[@]}"
2025-07-31T20:51:26.0725981Z + echo 'checking sanity of image subnet-evm_avalanchego:testtag for linux/amd64 by running '\''srEXiWaHuhNyGwPUi444Tu47ZEDwxTWrbQiuD7FmgSAQ6X7Dy version'\'''
2025-07-31T20:51:26.0727658Z checking sanity of image subnet-evm_avalanchego:testtag for linux/amd64 by running 'srEXiWaHuhNyGwPUi444Tu47ZEDwxTWrbQiuD7FmgSAQ6X7Dy version'
2025-07-31T20:51:26.0729019Z + docker run -t --rm --platform linux/amd64 subnet-evm_avalanchego:testtag /avalanchego/build/plugins/srEXiWaHuhNyGwPUi444Tu47ZEDwxTWrbQiuD7FmgSAQ6X7Dy --version
2025-07-31T20:51:26.2704806Z Subnet-EVM/v0.7.7@458961795523cdde7218683f234d1bdfd7d9e2c6 [AvalancheGo=v1.13.3, rpcchainvm=42]
2025-07-31T20:51:26.3381805Z + for target_image in "${target_images[@]}"
2025-07-31T20:51:26.3383261Z checking sanity of image subnet-evm_avalanchego:45896179_v1.13.3 for linux/amd64 by running 'srEXiWaHuhNyGwPUi444Tu47ZEDwxTWrbQiuD7FmgSAQ6X7Dy version'
2025-07-31T20:51:26.3384814Z + echo 'checking sanity of image subnet-evm_avalanchego:45896179_v1.13.3 for linux/amd64 by running '\''srEXiWaHuhNyGwPUi444Tu47ZEDwxTWrbQiuD7FmgSAQ6X7Dy version'\'''
2025-07-31T20:51:26.3386361Z + docker run -t --rm --platform linux/amd64 subnet-evm_avalanchego:45896179_v1.13.3 /avalanchego/build/plugins/srEXiWaHuhNyGwPUi444Tu47ZEDwxTWrbQiuD7FmgSAQ6X7Dy --version
2025-07-31T20:51:26.5008854Z Subnet-EVM/v0.7.7@458961795523cdde7218683f234d1bdfd7d9e2c6 [AvalancheGo=v1.13.3, rpcchainvm=42]
2025-07-31T20:51:26.5694214Z + echo 'starting local docker registry to allow verification of multi-arch image builds'
2025-07-31T20:51:26.5695430Z starting local docker registry to allow verification of multi-arch image builds
2025-07-31T20:51:26.5697865Z ++ docker run --rm -d -P registry:2
2025-07-31T20:51:26.5824662Z Unable to find image 'registry:2' locally
2025-07-31T20:51:26.7567909Z 2: Pulling from library/registry
2025-07-31T20:51:26.8195824Z 44cf07d57ee4: Pulling fs layer
2025-07-31T20:51:26.8196285Z bbbdd6c6894b: Pulling fs layer
2025-07-31T20:51:26.8196982Z 8e82f80af0de: Pulling fs layer
2025-07-31T20:51:26.8197304Z 3493bf46cdec: Pulling fs layer
2025-07-31T20:51:26.8197688Z 6d464ea18732: Pulling fs layer
2025-07-31T20:51:26.8198129Z 3493bf46cdec: Waiting
2025-07-31T20:51:26.8198539Z 6d464ea18732: Waiting
2025-07-31T20:51:26.8773711Z bbbdd6c6894b: Verifying Checksum
2025-07-31T20:51:26.8774509Z bbbdd6c6894b: Download complete
2025-07-31T20:51:26.8972324Z 44cf07d57ee4: Verifying Checksum
2025-07-31T20:51:26.8973133Z 44cf07d57ee4: Download complete
2025-07-31T20:51:26.9340206Z 3493bf46cdec: Verifying Checksum
2025-07-31T20:51:26.9340649Z 3493bf46cdec: Download complete
2025-07-31T20:51:27.0078226Z 44cf07d57ee4: Pull complete
2025-07-31T20:51:27.0183075Z 8e82f80af0de: Verifying Checksum
2025-07-31T20:51:27.0183563Z 8e82f80af0de: Download complete
2025-07-31T20:51:27.0272342Z 6d464ea18732: Verifying Checksum
2025-07-31T20:51:27.0272732Z 6d464ea18732: Download complete
2025-07-31T20:51:27.1193326Z bbbdd6c6894b: Pull complete
2025-07-31T20:51:27.2128146Z 8e82f80af0de: Pull complete
2025-07-31T20:51:27.2212794Z 3493bf46cdec: Pull complete
2025-07-31T20:51:27.2288982Z 6d464ea18732: Pull complete
2025-07-31T20:51:27.2325121Z Digest: sha256:a3d8aaa63ed8681a604f1dea0aa03f100d5895b6a58ace528858a7b332415373
2025-07-31T20:51:27.2335896Z Status: Downloaded newer image for registry:2
2025-07-31T20:51:27.4916312Z + REGISTRY_CONTAINER_ID=10e8939a7832f9c0511fd2f484c6d15ebc69022f1f81bc0949761b3e079e3683
2025-07-31T20:51:27.4931306Z ++ docker port 10e8939a7832f9c0511fd2f484c6d15ebc69022f1f81bc0949761b3e079e3683 5000/tcp
2025-07-31T20:51:27.4940820Z ++ grep -v ::
2025-07-31T20:51:27.4943001Z ++ awk -F: '{print $NF}'
2025-07-31T20:51:27.5085326Z + REGISTRY_PORT=32768
2025-07-31T20:51:27.5086048Z + echo 'starting docker builder that supports multiplatform builds'
2025-07-31T20:51:27.5086978Z + docker buildx create --use --name ci-builder --driver-opt network=host
2025-07-31T20:51:27.5087985Z starting docker builder that supports multiplatform builds
2025-07-31T20:51:27.5650286Z ci-builder
2025-07-31T20:51:27.5686317Z + trap cleanup EXIT
2025-07-31T20:51:27.5686955Z checking build of multi-arch images
2025-07-31T20:51:27.5687597Z + echo 'checking build of multi-arch images'
2025-07-31T20:51:27.5689464Z + build_and_test localhost:32768/subnet-evm_avalanchego srEXiWaHuhNyGwPUi444Tu47ZEDwxTWrbQiuD7FmgSAQ6X7Dy true localhost:32768/avalanchego
2025-07-31T20:51:27.5690894Z + local imagename=localhost:32768/subnet-evm_avalanchego
2025-07-31T20:51:27.5691720Z + local vm_id=srEXiWaHuhNyGwPUi444Tu47ZEDwxTWrbQiuD7FmgSAQ6X7Dy
2025-07-31T20:51:27.5692625Z + local multiarch_image=true
2025-07-31T20:51:27.5693078Z + local avalanchego_local_image_name=localhost:32768/avalanchego
2025-07-31T20:51:27.5693520Z + [[ true == true ]]
2025-07-31T20:51:27.5693802Z + local arches=linux/amd64,linux/arm64
2025-07-31T20:51:27.5694151Z + local imgtag=testtag
2025-07-31T20:51:27.5694450Z + PLATFORMS=linux/amd64,linux/arm64
2025-07-31T20:51:27.5694804Z + BUILD_IMAGE_ID=testtag
2025-07-31T20:51:27.5695187Z + VM_ID=srEXiWaHuhNyGwPUi444Tu47ZEDwxTWrbQiuD7FmgSAQ6X7Dy
2025-07-31T20:51:27.5695667Z + IMAGE_NAME=localhost:32768/subnet-evm_avalanchego
2025-07-31T20:51:27.5696140Z + AVALANCHEGO_LOCAL_IMAGE_NAME=localhost:32768/avalanchego
2025-07-31T20:51:27.5696802Z + ./scripts/build_docker_image.sh
2025-07-31T20:51:27.5928094Z Using branch: 4589617
2025-07-31T20:51:27.7379271Z v1.13.3: Pulling from avaplatform/avalanchego
2025-07-31T20:51:27.7426397Z Digest: sha256:e48a8e19390c9af72e0fb5ad95633b0a78485cf0f4e25121fcd4f1128b41b102
2025-07-31T20:51:27.7427585Z Status: Image is up to date for avaplatform/avalanchego:v1.13.3
2025-07-31T20:51:27.7435476Z docker.io/avaplatform/avalanchego:v1.13.3
2025-07-31T20:51:27.7453412Z Building Docker Image: localhost:32768/subnet-evm_avalanchego:testtag based of AvalancheGo@v1.13.3
2025-07-31T20:51:27.8010187Z #0 building with "ci-builder" instance using docker-container driver
2025-07-31T20:51:27.8010839Z 
2025-07-31T20:51:27.9515337Z #1 [internal] booting buildkit
2025-07-31T20:51:27.9515866Z #1 pulling image moby/buildkit:buildx-stable-1
2025-07-31T20:51:30.5769292Z #1 pulling image moby/buildkit:buildx-stable-1 2.8s done
2025-07-31T20:51:30.7271715Z #1 creating container buildx_buildkit_ci-builder0
2025-07-31T20:51:30.9103955Z #1 creating container buildx_buildkit_ci-builder0 0.3s done
2025-07-31T20:51:31.1520381Z #1 DONE 3.1s
2025-07-31T20:51:31.1520619Z 
2025-07-31T20:51:31.1520834Z #2 [internal] load build definition from Dockerfile
2025-07-31T20:51:31.1521375Z #2 transferring dockerfile: 2.42kB done
2025-07-31T20:51:31.1521777Z #2 DONE 0.0s
2025-07-31T20:51:31.1521952Z 
2025-07-31T20:51:31.1522265Z #3 [auth] avaplatform/avalanchego:pull token for registry-1.docker.io
2025-07-31T20:51:31.1522849Z #3 DONE 0.0s
2025-07-31T20:51:31.1523021Z 
2025-07-31T20:51:31.1523262Z #4 [auth] library/golang:pull token for registry-1.docker.io
2025-07-31T20:51:31.1523792Z #4 DONE 0.0s
2025-07-31T20:51:31.1523969Z 
2025-07-31T20:51:31.1524328Z #5 [linux/amd64 internal] load metadata for docker.io/library/golang:1.23.9-bookworm
2025-07-31T20:51:31.2582583Z #5 ...
2025-07-31T20:51:31.2582927Z 
2025-07-31T20:51:31.2583623Z #6 [linux/arm64 internal] load metadata for docker.io/avaplatform/avalanchego:v1.13.3
2025-07-31T20:51:31.2584662Z #6 DONE 0.3s
2025-07-31T20:51:31.3611027Z 
2025-07-31T20:51:31.3613969Z #5 [linux/amd64 internal] load metadata for docker.io/library/golang:1.23.9-bookworm
2025-07-31T20:51:31.3614865Z #5 DONE 0.3s
2025-07-31T20:51:31.3615078Z 
2025-07-31T20:51:31.3615220Z #7 [internal] load .dockerignore
2025-07-31T20:51:31.3615614Z #7 transferring context: 105B done
2025-07-31T20:51:31.3616011Z #7 DONE 0.0s
2025-07-31T20:51:31.3616183Z 
2025-07-31T20:51:31.3616690Z #8 [linux/amd64 internal] load metadata for docker.io/avaplatform/avalanchego:v1.13.3
2025-07-31T20:51:31.3617382Z #8 DONE 0.3s
2025-07-31T20:51:31.3617576Z 
2025-07-31T20:51:31.3618342Z #9 [linux/arm64 execution 1/2] FROM docker.io/avaplatform/avalanchego:v1.13.3@sha256:e48a8e19390c9af72e0fb5ad95633b0a78485cf0f4e25121fcd4f1128b41b102
2025-07-31T20:51:31.3620279Z #9 resolve docker.io/avaplatform/avalanchego:v1.13.3@sha256:e48a8e19390c9af72e0fb5ad95633b0a78485cf0f4e25121fcd4f1128b41b102 done
2025-07-31T20:51:31.3621071Z #9 DONE 0.1s
2025-07-31T20:51:31.3621225Z 
2025-07-31T20:51:31.3622181Z #10 [linux/amd64 execution 1/2] FROM docker.io/avaplatform/avalanchego:v1.13.3@sha256:e48a8e19390c9af72e0fb5ad95633b0a78485cf0f4e25121fcd4f1128b41b102
2025-07-31T20:51:31.3624012Z #10 resolve docker.io/avaplatform/avalanchego:v1.13.3@sha256:e48a8e19390c9af72e0fb5ad95633b0a78485cf0f4e25121fcd4f1128b41b102 done
2025-07-31T20:51:31.4681439Z #10 sha256:4f4fb700ef54461cfa02571ae0db9a0dc1e0cdb5577484a6d75e68dc38e8acc1 32B / 32B 0.0s done
2025-07-31T20:51:31.4682615Z #10 sha256:6b75f5ca9b51514ad71e26d2f17f7a4aec9a3836a2d1871cfbaa27285f71f266 123B / 123B 0.1s done
2025-07-31T20:51:31.6196007Z #10 sha256:b54ae1c8d5c84f1515a8f144cbe033004f66cbfbc512498336b79309bf0ac4a8 1.05MB / 41.13MB 0.2s
2025-07-31T20:51:31.6197182Z #10 sha256:59e22667830bf04fb35e15ed9c70023e9d121719bb87f0db7f3159ee7c7e0b8d 10.49MB / 28.23MB 0.2s
2025-07-31T20:51:31.7361615Z #10 ...
2025-07-31T20:51:31.7361938Z 
2025-07-31T20:51:31.7362162Z #11 [internal] load build context
2025-07-31T20:51:31.7362875Z #11 transferring context: 13.22MB 0.3s done
2025-07-31T20:51:31.7363849Z #11 DONE 0.3s
2025-07-31T20:51:31.7364373Z 
2025-07-31T20:51:31.7365505Z #10 [linux/amd64 execution 1/2] FROM docker.io/avaplatform/avalanchego:v1.13.3@sha256:e48a8e19390c9af72e0fb5ad95633b0a78485cf0f4e25121fcd4f1128b41b102
2025-07-31T20:51:31.7367470Z #10 sha256:b54ae1c8d5c84f1515a8f144cbe033004f66cbfbc512498336b79309bf0ac4a8 8.39MB / 41.13MB 0.3s
2025-07-31T20:51:31.7368613Z #10 sha256:59e22667830bf04fb35e15ed9c70023e9d121719bb87f0db7f3159ee7c7e0b8d 28.23MB / 28.23MB 0.4s done
2025-07-31T20:51:31.8368605Z #10 sha256:b54ae1c8d5c84f1515a8f144cbe033004f66cbfbc512498336b79309bf0ac4a8 16.78MB / 41.13MB 0.5s
2025-07-31T20:51:31.8370093Z #10 extracting sha256:59e22667830bf04fb35e15ed9c70023e9d121719bb87f0db7f3159ee7c7e0b8d
2025-07-31T20:51:31.9465908Z #10 sha256:b54ae1c8d5c84f1515a8f144cbe033004f66cbfbc512498336b79309bf0ac4a8 29.36MB / 41.13MB 0.6s
2025-07-31T20:51:32.0969203Z #10 sha256:b54ae1c8d5c84f1515a8f144cbe033004f66cbfbc512498336b79309bf0ac4a8 38.80MB / 41.13MB 0.8s
2025-07-31T20:51:32.2900180Z #10 sha256:b54ae1c8d5c84f1515a8f144cbe033004f66cbfbc512498336b79309bf0ac4a8 41.13MB / 41.13MB 0.8s done
2025-07-31T20:51:32.9928832Z #10 extracting sha256:59e22667830bf04fb35e15ed9c70023e9d121719bb87f0db7f3159ee7c7e0b8d 1.2s done
2025-07-31T20:51:32.9929972Z #10 extracting sha256:6b75f5ca9b51514ad71e26d2f17f7a4aec9a3836a2d1871cfbaa27285f71f266
2025-07-31T20:51:33.1030394Z #10 extracting sha256:6b75f5ca9b51514ad71e26d2f17f7a4aec9a3836a2d1871cfbaa27285f71f266 0.2s done
2025-07-31T20:51:33.1031371Z #10 extracting sha256:4f4fb700ef54461cfa02571ae0db9a0dc1e0cdb5577484a6d75e68dc38e8acc1
2025-07-31T20:51:33.2612925Z #10 extracting sha256:4f4fb700ef54461cfa02571ae0db9a0dc1e0cdb5577484a6d75e68dc38e8acc1 done
2025-07-31T20:51:33.2613952Z #10 extracting sha256:b54ae1c8d5c84f1515a8f144cbe033004f66cbfbc512498336b79309bf0ac4a8
2025-07-31T20:51:33.3014543Z #10 ...
2025-07-31T20:51:33.3018142Z 
2025-07-31T20:51:33.3020288Z #9 [linux/arm64 execution 1/2] FROM docker.io/avaplatform/avalanchego:v1.13.3@sha256:e48a8e19390c9af72e0fb5ad95633b0a78485cf0f4e25121fcd4f1128b41b102
2025-07-31T20:51:33.3021997Z #9 sha256:fa4c382ed3ed4cf7d8e03a779d654ecbe423021a3275f0bf88bbabc074671010 123B / 123B 0.0s done
2025-07-31T20:51:33.3023450Z #9 sha256:e251ff45f0c3ffe1f5600bc10d06eccf81d884f989bc81e6a9eb5fca9a8b4bd3 38.81MB / 38.81MB 0.5s done
2025-07-31T20:51:33.3024876Z #9 sha256:b3407f3b5b5beb45007b2980ccef71785b08dae5a2dcbdd91272f35c4c5e784f 28.08MB / 28.08MB 0.6s done
2025-07-31T20:51:33.3026162Z #9 extracting sha256:b3407f3b5b5beb45007b2980ccef71785b08dae5a2dcbdd91272f35c4c5e784f 1.3s done
2025-07-31T20:51:33.3027370Z #9 DONE 2.0s
2025-07-31T20:51:33.4665295Z 
2025-07-31T20:51:33.4667512Z #9 [linux/arm64 execution 1/2] FROM docker.io/avaplatform/avalanchego:v1.13.3@sha256:e48a8e19390c9af72e0fb5ad95633b0a78485cf0f4e25121fcd4f1128b41b102
2025-07-31T20:51:33.4669499Z #9 extracting sha256:fa4c382ed3ed4cf7d8e03a779d654ecbe423021a3275f0bf88bbabc074671010 done
2025-07-31T20:51:33.4672401Z #9 extracting sha256:4f4fb700ef54461cfa02571ae0db9a0dc1e0cdb5577484a6d75e68dc38e8acc1 done
2025-07-31T20:51:33.4673698Z #9 extracting sha256:e251ff45f0c3ffe1f5600bc10d06eccf81d884f989bc81e6a9eb5fca9a8b4bd3
2025-07-31T20:51:33.6913724Z #9 ...
2025-07-31T20:51:33.6914049Z 
2025-07-31T20:51:33.6916732Z #10 [linux/amd64 execution 1/2] FROM docker.io/avaplatform/avalanchego:v1.13.3@sha256:e48a8e19390c9af72e0fb5ad95633b0a78485cf0f4e25121fcd4f1128b41b102
2025-07-31T20:51:33.6918571Z #10 extracting sha256:b54ae1c8d5c84f1515a8f144cbe033004f66cbfbc512498336b79309bf0ac4a8 0.6s done
2025-07-31T20:51:33.6919458Z #10 DONE 2.4s
2025-07-31T20:51:33.9411495Z 
2025-07-31T20:51:33.9412703Z #9 [linux/arm64 execution 1/2] FROM docker.io/avaplatform/avalanchego:v1.13.3@sha256:e48a8e19390c9af72e0fb5ad95633b0a78485cf0f4e25121fcd4f1128b41b102
2025-07-31T20:51:33.9414217Z #9 extracting sha256:e251ff45f0c3ffe1f5600bc10d06eccf81d884f989bc81e6a9eb5fca9a8b4bd3 0.5s done
2025-07-31T20:51:33.9414961Z #9 DONE 2.5s
2025-07-31T20:51:33.9415099Z 
2025-07-31T20:51:33.9416280Z #12 [linux/amd64 builder 1/8] FROM docker.io/library/golang:1.23.9-bookworm@sha256:6a3aa4fd2c3e15bc8cb450e4a0ae353fb73b5f593bcbb5b25ffeee860cc2ec2a
2025-07-31T20:51:33.9417718Z #12 resolve docker.io/library/golang:1.23.9-bookworm@sha256:6a3aa4fd2c3e15bc8cb450e4a0ae353fb73b5f593bcbb5b25ffeee860cc2ec2a done
2025-07-31T20:51:33.9418837Z #12 sha256:e10405b45d13228df144c8d42d389347041bf176392f5f9606fc4a4d7826647d 74.06MB / 74.06MB 1.2s done
2025-07-31T20:51:33.9419814Z #12 sha256:86e38a7bd2e6ef4808a08ab7f5de538ee046e73d5eed810956ebe5e2dd30967f 92.34MB / 92.34MB 1.2s done
2025-07-31T20:51:33.9420764Z #12 sha256:79b2f47ad4443652b9b5cc81a95ede249fd976310efdbee159f29638783778c0 64.40MB / 64.40MB 0.7s done
2025-07-31T20:51:33.9421746Z #12 sha256:37927ed901b1b2608b72796c6881bf645480268eca4ac9a37b9219e050bb4d84 24.02MB / 24.02MB 0.3s done
2025-07-31T20:51:33.9422935Z #12 sha256:3e6b9d1a95114e19f12262a4e8a59ad1d1a10ca7b82108adcf0605a200294964 48.49MB / 48.49MB 0.7s done
2025-07-31T20:51:33.9424313Z #12 sha256:05996fe98294b61bc5bf02c69305b84d9db840baad71fd1b5c2fd7cf1686088c 126B / 126B 0.0s done
2025-07-31T20:51:33.9425356Z #12 extracting sha256:3e6b9d1a95114e19f12262a4e8a59ad1d1a10ca7b82108adcf0605a200294964
2025-07-31T20:51:34.4533825Z #12 extracting sha256:3e6b9d1a95114e19f12262a4e8a59ad1d1a10ca7b82108adcf0605a200294964 1.3s done
2025-07-31T20:51:34.4535155Z #12 DONE 3.2s
2025-07-31T20:51:34.6040880Z 
2025-07-31T20:51:34.6042262Z #12 [linux/amd64 builder 1/8] FROM docker.io/library/golang:1.23.9-bookworm@sha256:6a3aa4fd2c3e15bc8cb450e4a0ae353fb73b5f593bcbb5b25ffeee860cc2ec2a
2025-07-31T20:51:34.6043683Z #12 extracting sha256:37927ed901b1b2608b72796c6881bf645480268eca4ac9a37b9219e050bb4d84
2025-07-31T20:51:34.8827609Z #12 extracting sha256:37927ed901b1b2608b72796c6881bf645480268eca4ac9a37b9219e050bb4d84 0.4s done
2025-07-31T20:51:34.8828809Z #12 DONE 3.6s
2025-07-31T20:51:35.0333874Z 
2025-07-31T20:51:35.0337087Z #12 [linux/amd64 builder 1/8] FROM docker.io/library/golang:1.23.9-bookworm@sha256:6a3aa4fd2c3e15bc8cb450e4a0ae353fb73b5f593bcbb5b25ffeee860cc2ec2a
2025-07-31T20:51:35.0338553Z #12 extracting sha256:79b2f47ad4443652b9b5cc81a95ede249fd976310efdbee159f29638783778c0
2025-07-31T20:51:36.3014512Z #12 extracting sha256:79b2f47ad4443652b9b5cc81a95ede249fd976310efdbee159f29638783778c0 1.4s done
2025-07-31T20:51:36.3015421Z #12 DONE 5.0s
2025-07-31T20:51:36.4519672Z 
2025-07-31T20:51:36.4520787Z #12 [linux/amd64 builder 1/8] FROM docker.io/library/golang:1.23.9-bookworm@sha256:6a3aa4fd2c3e15bc8cb450e4a0ae353fb73b5f593bcbb5b25ffeee860cc2ec2a
2025-07-31T20:51:36.4522128Z #12 extracting sha256:86e38a7bd2e6ef4808a08ab7f5de538ee046e73d5eed810956ebe5e2dd30967f
2025-07-31T20:51:37.7048503Z #12 extracting sha256:86e38a7bd2e6ef4808a08ab7f5de538ee046e73d5eed810956ebe5e2dd30967f 1.4s done
2025-07-31T20:51:37.7049893Z #12 DONE 6.4s
2025-07-31T20:51:37.8554420Z 
2025-07-31T20:51:37.8556917Z #12 [linux/amd64 builder 1/8] FROM docker.io/library/golang:1.23.9-bookworm@sha256:6a3aa4fd2c3e15bc8cb450e4a0ae353fb73b5f593bcbb5b25ffeee860cc2ec2a
2025-07-31T20:51:37.8559018Z #12 extracting sha256:e10405b45d13228df144c8d42d389347041bf176392f5f9606fc4a4d7826647d
2025-07-31T20:51:40.6441692Z #12 extracting sha256:e10405b45d13228df144c8d42d389347041bf176392f5f9606fc4a4d7826647d 2.9s done
2025-07-31T20:51:40.6443027Z #12 DONE 9.4s
2025-07-31T20:51:40.8053494Z 
2025-07-31T20:51:40.8055389Z #12 [linux/amd64 builder 1/8] FROM docker.io/library/golang:1.23.9-bookworm@sha256:6a3aa4fd2c3e15bc8cb450e4a0ae353fb73b5f593bcbb5b25ffeee860cc2ec2a
2025-07-31T20:51:40.8058106Z #12 extracting sha256:05996fe98294b61bc5bf02c69305b84d9db840baad71fd1b5c2fd7cf1686088c done
2025-07-31T20:51:40.8059834Z #12 extracting sha256:4f4fb700ef54461cfa02571ae0db9a0dc1e0cdb5577484a6d75e68dc38e8acc1 done
2025-07-31T20:51:40.8061206Z #12 DONE 9.4s
2025-07-31T20:51:40.8061494Z 
2025-07-31T20:51:40.8061775Z #13 [linux/amd64 builder 2/8] WORKDIR /build
2025-07-31T20:51:43.6644181Z #13 DONE 3.0s
2025-07-31T20:51:43.8381230Z 
2025-07-31T20:51:43.8382657Z #14 [linux/amd64 builder 3/8] COPY go.mod go.sum avalanchego* ./
2025-07-31T20:51:43.8383887Z #14 DONE 0.0s
2025-07-31T20:51:43.8384255Z 
2025-07-31T20:51:43.8384818Z #15 [linux/amd64 builder 4/8] RUN go mod download && go mod tidy
2025-07-31T20:51:51.1396494Z #15 7.452 go: warning: "all" matched no packages
2025-07-31T20:51:53.1094843Z #15 DONE 9.4s
2025-07-31T20:51:53.2607487Z 
2025-07-31T20:51:53.2608211Z #16 [linux/amd64 builder 5/8] COPY . .
2025-07-31T20:51:53.6407741Z #16 DONE 0.5s
2025-07-31T20:51:53.8672519Z 
2025-07-31T20:51:53.8673847Z #17 [linux/amd64 builder 6/8] RUN [ -d ./build ] && rm -rf ./build/* || true
2025-07-31T20:51:53.8674853Z #17 DONE 0.1s
2025-07-31T20:51:53.8675161Z 
2025-07-31T20:51:53.8677979Z #18 [linux/amd64 builder 7/8] RUN if [ "linux/amd64" = "linux/arm64" ] && [ "linux/amd64" != "linux/arm64" ]; then   apt-get update && apt-get install -y gcc-aarch64-linux-gnu &&   echo "export CC=aarch64-linux-gnu-gcc" > ./build_env.sh   ; elif [ "linux/amd64" = "linux/amd64" ] && [ "linux/amd64" != "linux/amd64" ]; then   apt-get update && apt-get install -y gcc-x86-64-linux-gnu &&   echo "export CC=x86_64-linux-gnu-gcc" > ./build_env.sh   ; else   echo "export CC=gcc" > ./build_env.sh   ; fi
2025-07-31T20:51:53.9021834Z #18 DONE 0.2s
2025-07-31T20:51:53.9022111Z 
2025-07-31T20:51:53.9025165Z #19 [linux/amd64->arm64 builder 7/8] RUN if [ "linux/arm64" = "linux/arm64" ] && [ "linux/amd64" != "linux/arm64" ]; then   apt-get update && apt-get install -y gcc-aarch64-linux-gnu &&   echo "export CC=aarch64-linux-gnu-gcc" > ./build_env.sh   ; elif [ "linux/arm64" = "linux/amd64" ] && [ "linux/amd64" != "linux/amd64" ]; then   apt-get update && apt-get install -y gcc-x86-64-linux-gnu &&   echo "export CC=x86_64-linux-gnu-gcc" > ./build_env.sh   ; else   echo "export CC=gcc" > ./build_env.sh   ; fi
2025-07-31T20:51:54.0181270Z #19 0.216 Get:1 http://deb.debian.org/debian bookworm InRelease [151 kB]
2025-07-31T20:51:54.0182318Z #19 0.227 Get:2 http://deb.debian.org/debian bookworm-updates InRelease [55.4 kB]
2025-07-31T20:51:54.0186455Z #19 0.227 Get:3 http://deb.debian.org/debian-security bookworm-security InRelease [48.0 kB]
2025-07-31T20:51:54.0189862Z #19 0.301 Get:4 http://deb.debian.org/debian bookworm/main amd64 Packages [8793 kB]
2025-07-31T20:51:54.1435436Z #19 0.365 Get:5 http://deb.debian.org/debian bookworm-updates/main amd64 Packages [6916 B]
2025-07-31T20:51:54.1437721Z #19 0.427 Get:6 http://deb.debian.org/debian-security bookworm-security/main amd64 Packages [272 kB]
2025-07-31T20:51:55.0234363Z #19 1.307 Fetched 9326 kB in 1s (8465 kB/s)
2025-07-31T20:51:55.8073440Z #19 1.307 Reading package lists...
2025-07-31T20:51:56.3256473Z #19 2.128 Reading package lists...
2025-07-31T20:51:56.4745751Z #19 2.621 Building dependency tree...
2025-07-31T20:51:56.5870464Z #19 2.758 Reading state information...
2025-07-31T20:51:56.5877885Z #19 2.870 The following additional packages will be installed:
2025-07-31T20:51:56.6975795Z #19 2.870   binutils-aarch64-linux-gnu cpp-12-aarch64-linux-gnu cpp-aarch64-linux-gnu
2025-07-31T20:51:56.6978309Z #19 2.870   gcc-12-aarch64-linux-gnu gcc-12-aarch64-linux-gnu-base gcc-12-cross-base
2025-07-31T20:51:56.6980232Z #19 2.870   libasan8-arm64-cross libatomic1-arm64-cross libc6-arm64-cross
2025-07-31T20:51:56.6981433Z #19 2.871   libc6-dev-arm64-cross libgcc-12-dev-arm64-cross libgcc-s1-arm64-cross
2025-07-31T20:51:56.6982522Z #19 2.871   libgomp1-arm64-cross libhwasan0-arm64-cross libitm1-arm64-cross
2025-07-31T20:51:56.6983388Z #19 2.871   liblsan0-arm64-cross libstdc++6-arm64-cross libtsan2-arm64-cross
2025-07-31T20:51:56.6984114Z #19 2.871   libubsan1-arm64-cross linux-libc-dev-arm64-cross
2025-07-31T20:51:56.6984575Z #19 2.872 Suggested packages:
2025-07-31T20:51:56.6985210Z #19 2.872   binutils-doc gcc-12-locales cpp-12-doc cpp-doc gcc-12-doc manpages-dev
2025-07-31T20:51:56.6986049Z #19 2.872   autoconf automake libtool flex bison gdb-aarch64-linux-gnu gcc-doc
2025-07-31T20:51:56.6986947Z #19 2.931 The following NEW packages will be installed:
2025-07-31T20:51:56.6987746Z #19 2.931   binutils-aarch64-linux-gnu cpp-12-aarch64-linux-gnu cpp-aarch64-linux-gnu
2025-07-31T20:51:56.6988676Z #19 2.931   gcc-12-aarch64-linux-gnu gcc-12-aarch64-linux-gnu-base gcc-12-cross-base
2025-07-31T20:51:56.6989530Z #19 2.931   gcc-aarch64-linux-gnu libasan8-arm64-cross libatomic1-arm64-cross
2025-07-31T20:51:56.6990342Z #19 2.931   libc6-arm64-cross libc6-dev-arm64-cross libgcc-12-dev-arm64-cross
2025-07-31T20:51:56.6991149Z #19 2.932   libgcc-s1-arm64-cross libgomp1-arm64-cross libhwasan0-arm64-cross
2025-07-31T20:51:56.6991935Z #19 2.932   libitm1-arm64-cross liblsan0-arm64-cross libstdc++6-arm64-cross
2025-07-31T20:51:56.6992752Z #19 2.933   libtsan2-arm64-cross libubsan1-arm64-cross linux-libc-dev-arm64-cross
2025-07-31T20:51:56.6993551Z #19 2.957 0 upgraded, 21 newly installed, 0 to remove and 8 not upgraded.
2025-07-31T20:51:56.6994072Z #19 2.957 Need to get 43.6 MB of archives.
2025-07-31T20:51:56.6994581Z #19 2.957 After this operation, 159 MB of additional disk space will be used.
2025-07-31T20:51:56.6995484Z #19 2.957 Get:1 http://deb.debian.org/debian bookworm/main amd64 binutils-aarch64-linux-gnu amd64 2.40-2 [3353 kB]
2025-07-31T20:51:56.6996766Z #19 2.981 Get:2 http://deb.debian.org/debian bookworm/main amd64 gcc-12-aarch64-linux-gnu-base amd64 12.2.0-14cross1 [37.7 kB]
2025-07-31T20:51:56.8017820Z #19 2.984 Get:3 http://deb.debian.org/debian bookworm/main amd64 cpp-12-aarch64-linux-gnu amd64 12.2.0-14cross1 [9150 kB]
2025-07-31T20:51:56.8020771Z #19 3.036 Get:4 http://deb.debian.org/debian bookworm/main amd64 cpp-aarch64-linux-gnu amd64 4:12.2.0-3 [3980 B]
2025-07-31T20:51:56.8029797Z #19 3.036 Get:5 http://deb.debian.org/debian bookworm/main amd64 gcc-12-cross-base all 12.2.0-14cross1 [33.2 kB]
2025-07-31T20:51:56.8031364Z #19 3.037 Get:6 http://deb.debian.org/debian bookworm/main amd64 libc6-arm64-cross all 2.36-8cross1 [1005 kB]
2025-07-31T20:51:56.8032927Z #19 3.043 Get:7 http://deb.debian.org/debian bookworm/main amd64 libgcc-s1-arm64-cross all 12.2.0-14cross1 [34.8 kB]
2025-07-31T20:51:56.8034447Z #19 3.043 Get:8 http://deb.debian.org/debian bookworm/main amd64 libgomp1-arm64-cross all 12.2.0-14cross1 [102 kB]
2025-07-31T20:51:56.8035940Z #19 3.043 Get:9 http://deb.debian.org/debian bookworm/main amd64 libitm1-arm64-cross all 12.2.0-14cross1 [23.5 kB]
2025-07-31T20:51:56.8037567Z #19 3.043 Get:10 http://deb.debian.org/debian bookworm/main amd64 libatomic1-arm64-cross all 12.2.0-14cross1 [9292 B]
2025-07-31T20:51:56.8038994Z #19 3.043 Get:11 http://deb.debian.org/debian bookworm/main amd64 libasan8-arm64-cross all 12.2.0-14cross1 [2097 kB]
2025-07-31T20:51:56.8040385Z #19 3.056 Get:12 http://deb.debian.org/debian bookworm/main amd64 liblsan0-arm64-cross all 12.2.0-14cross1 [926 kB]
2025-07-31T20:51:56.8042236Z #19 3.061 Get:13 http://deb.debian.org/debian bookworm/main amd64 libtsan2-arm64-cross all 12.2.0-14cross1 [2179 kB]
2025-07-31T20:51:56.8043663Z #19 3.073 Get:14 http://deb.debian.org/debian bookworm/main amd64 libstdc++6-arm64-cross all 12.2.0-14cross1 [514 kB]
2025-07-31T20:51:56.8044891Z #19 3.077 Get:15 http://deb.debian.org/debian bookworm/main amd64 libubsan1-arm64-cross all 12.2.0-14cross1 [861 kB]
2025-07-31T20:51:56.8046311Z #19 3.080 Get:16 http://deb.debian.org/debian bookworm/main amd64 libhwasan0-arm64-cross all 12.2.0-14cross1 [998 kB]
2025-07-31T20:51:56.8047856Z #19 3.086 Get:17 http://deb.debian.org/debian bookworm/main amd64 libgcc-12-dev-arm64-cross all 12.2.0-14cross1 [961 kB]
2025-07-31T20:51:57.0471803Z #19 3.092 Get:18 http://deb.debian.org/debian bookworm/main amd64 gcc-12-aarch64-linux-gnu amd64 12.2.0-14cross1 [18.0 MB]
2025-07-31T20:51:57.0473046Z #19 3.174 Get:19 http://deb.debian.org/debian bookworm/main amd64 gcc-aarch64-linux-gnu amd64 4:12.2.0-3 [1468 B]
2025-07-31T20:51:57.0497965Z #19 3.174 Get:20 http://deb.debian.org/debian bookworm/main amd64 linux-libc-dev-arm64-cross all 6.1.4-1cross1 [1815 kB]
2025-07-31T20:51:57.0500577Z #19 3.181 Get:21 http://deb.debian.org/debian bookworm/main amd64 libc6-dev-arm64-cross all 2.36-8cross1 [1424 kB]
2025-07-31T20:51:57.1013328Z #19 3.384 debconf: delaying package configuration, since apt-utils is not installed
2025-07-31T20:51:57.2031497Z #19 3.428 Fetched 43.6 MB in 0s (176 MB/s)
2025-07-31T20:51:57.2033489Z #19 3.461 Selecting previously unselected package binutils-aarch64-linux-gnu.
2025-07-31T20:51:57.2035379Z #19 3.461 (Reading database ... 
2025-07-31T20:51:57.2035906Z (Reading database ... 5%
2025-07-31T20:51:57.2036391Z (Reading database ... 10%
2025-07-31T20:51:57.2036935Z (Reading database ... 15%
2025-07-31T20:51:57.2037252Z (Reading database ... 20%
2025-07-31T20:51:57.2037573Z (Reading database ... 25%
2025-07-31T20:51:57.2037889Z (Reading database ... 30%
2025-07-31T20:51:57.2038217Z (Reading database ... 35%
2025-07-31T20:51:57.2038555Z (Reading database ... 40%
2025-07-31T20:51:57.2038867Z (Reading database ... 45%
2025-07-31T20:51:57.2039183Z (Reading database ... 50%
2025-07-31T20:51:57.2039507Z (Reading database ... 55%
2025-07-31T20:51:57.2039856Z (Reading database ... 60%
2025-07-31T20:51:57.2040199Z (Reading database ... 65%
2025-07-31T20:51:57.2040543Z (Reading database ... 70%
2025-07-31T20:51:57.2040889Z (Reading database ... 75%
2025-07-31T20:51:57.2041250Z (Reading database ... 80%
2025-07-31T20:51:57.2041594Z (Reading database ... 85%
2025-07-31T20:51:57.2041945Z (Reading database ... 90%
2025-07-31T20:51:57.2042301Z (Reading database ... 95%
2025-07-31T20:51:57.2042651Z (Reading database ... 100%
2025-07-31T20:51:57.2043165Z (Reading database ... 15609 files and directories currently installed.)
2025-07-31T20:51:57.2043948Z #19 3.484 Preparing to unpack .../00-binutils-aarch64-linux-gnu_2.40-2_amd64.deb ...
2025-07-31T20:51:57.2044668Z #19 3.487 Unpacking binutils-aarch64-linux-gnu (2.40-2) ...
2025-07-31T20:51:57.8616145Z #19 3.922 Selecting previously unselected package gcc-12-aarch64-linux-gnu-base:amd64.
2025-07-31T20:51:57.8618368Z #19 3.935 Preparing to unpack .../01-gcc-12-aarch64-linux-gnu-base_12.2.0-14cross1_amd64.deb ...
2025-07-31T20:51:57.8619237Z #19 3.939 Unpacking gcc-12-aarch64-linux-gnu-base:amd64 (12.2.0-14cross1) ...
2025-07-31T20:51:57.8620031Z #19 3.979 Selecting previously unselected package cpp-12-aarch64-linux-gnu.
2025-07-31T20:51:57.8620933Z #19 3.984 Preparing to unpack .../02-cpp-12-aarch64-linux-gnu_12.2.0-14cross1_amd64.deb ...
2025-07-31T20:51:57.8621860Z #19 3.994 Unpacking cpp-12-aarch64-linux-gnu (12.2.0-14cross1) ...
2025-07-31T20:51:58.4093356Z #19 4.692 Selecting previously unselected package cpp-aarch64-linux-gnu.
2025-07-31T20:51:58.6408972Z #19 4.698 Preparing to unpack .../03-cpp-aarch64-linux-gnu_4%3a12.2.0-3_amd64.deb ...
2025-07-31T20:51:58.6410941Z #19 4.698 Unpacking cpp-aarch64-linux-gnu (4:12.2.0-3) ...
2025-07-31T20:51:58.6411548Z #19 4.728 Selecting previously unselected package gcc-12-cross-base.
2025-07-31T20:51:58.6412612Z #19 4.732 Preparing to unpack .../04-gcc-12-cross-base_12.2.0-14cross1_all.deb ...
2025-07-31T20:51:58.6413240Z #19 4.734 Unpacking gcc-12-cross-base (12.2.0-14cross1) ...
2025-07-31T20:51:58.6413821Z #19 4.769 Selecting previously unselected package libc6-arm64-cross.
2025-07-31T20:51:58.6414709Z #19 4.774 Preparing to unpack .../05-libc6-arm64-cross_2.36-8cross1_all.deb ...
2025-07-31T20:51:58.6415285Z #19 4.776 Unpacking libc6-arm64-cross (2.36-8cross1) ...
2025-07-31T20:51:58.6415826Z #19 4.924 Selecting previously unselected package libgcc-s1-arm64-cross.
2025-07-31T20:51:58.7452844Z #19 4.930 Preparing to unpack .../06-libgcc-s1-arm64-cross_12.2.0-14cross1_all.deb ...
2025-07-31T20:51:58.7455686Z #19 4.932 Unpacking libgcc-s1-arm64-cross (12.2.0-14cross1) ...
2025-07-31T20:51:58.7456478Z #19 4.972 Selecting previously unselected package libgomp1-arm64-cross.
2025-07-31T20:51:58.7457576Z #19 4.976 Preparing to unpack .../07-libgomp1-arm64-cross_12.2.0-14cross1_all.deb ...
2025-07-31T20:51:58.7458467Z #19 4.983 Unpacking libgomp1-arm64-cross (12.2.0-14cross1) ...
2025-07-31T20:51:58.7459172Z #19 5.029 Selecting previously unselected package libitm1-arm64-cross.
2025-07-31T20:51:58.8534184Z #19 5.035 Preparing to unpack .../08-libitm1-arm64-cross_12.2.0-14cross1_all.deb ...
2025-07-31T20:51:58.8536234Z #19 5.038 Unpacking libitm1-arm64-cross (12.2.0-14cross1) ...
2025-07-31T20:51:58.8537925Z #19 5.075 Selecting previously unselected package libatomic1-arm64-cross.
2025-07-31T20:51:58.8539254Z #19 5.081 Preparing to unpack .../09-libatomic1-arm64-cross_12.2.0-14cross1_all.deb ...
2025-07-31T20:51:58.8540395Z #19 5.087 Unpacking libatomic1-arm64-cross (12.2.0-14cross1) ...
2025-07-31T20:51:58.8541452Z #19 5.137 Selecting previously unselected package libasan8-arm64-cross.
2025-07-31T20:51:58.8542499Z #19 5.137 Preparing to unpack .../10-libasan8-arm64-cross_12.2.0-14cross1_all.deb ...
2025-07-31T20:51:59.0074551Z #19 5.140 Unpacking libasan8-arm64-cross (12.2.0-14cross1) ...
2025-07-31T20:51:59.1099753Z #19 5.391 Selecting previously unselected package liblsan0-arm64-cross.
2025-07-31T20:51:59.2465326Z #19 5.397 Preparing to unpack .../11-liblsan0-arm64-cross_12.2.0-14cross1_all.deb ...
2025-07-31T20:51:59.2466865Z #19 5.400 Unpacking liblsan0-arm64-cross (12.2.0-14cross1) ...
2025-07-31T20:51:59.2468647Z #19 5.530 Selecting previously unselected package libtsan2-arm64-cross.
2025-07-31T20:51:59.4049879Z #19 5.536 Preparing to unpack .../12-libtsan2-arm64-cross_12.2.0-14cross1_all.deb ...
2025-07-31T20:51:59.4052545Z #19 5.538 Unpacking libtsan2-arm64-cross (12.2.0-14cross1) ...
2025-07-31T20:51:59.5204246Z #19 5.804 Selecting previously unselected package libstdc++6-arm64-cross.
2025-07-31T20:51:59.6416004Z #19 5.811 Preparing to unpack .../13-libstdc++6-arm64-cross_12.2.0-14cross1_all.deb ...
2025-07-31T20:51:59.6436858Z #19 5.812 Unpacking libstdc++6-arm64-cross (12.2.0-14cross1) ...
2025-07-31T20:51:59.6438246Z #19 5.925 Selecting previously unselected package libubsan1-arm64-cross.
2025-07-31T20:51:59.7858234Z #19 5.929 Preparing to unpack .../14-libubsan1-arm64-cross_12.2.0-14cross1_all.deb ...
2025-07-31T20:51:59.7860264Z #19 5.932 Unpacking libubsan1-arm64-cross (12.2.0-14cross1) ...
2025-07-31T20:51:59.7861005Z #19 6.069 Selecting previously unselected package libhwasan0-arm64-cross.
2025-07-31T20:51:59.9180173Z #19 6.074 Preparing to unpack .../15-libhwasan0-arm64-cross_12.2.0-14cross1_all.deb ...
2025-07-31T20:51:59.9183780Z #19 6.078 Unpacking libhwasan0-arm64-cross (12.2.0-14cross1) ...
2025-07-31T20:51:59.9185621Z #19 6.201 Selecting previously unselected package libgcc-12-dev-arm64-cross.
2025-07-31T20:52:00.0755030Z #19 6.206 Preparing to unpack .../16-libgcc-12-dev-arm64-cross_12.2.0-14cross1_all.deb ...
2025-07-31T20:52:00.0756299Z #19 6.208 Unpacking libgcc-12-dev-arm64-cross (12.2.0-14cross1) ...
2025-07-31T20:52:00.1036052Z #19 6.387 Selecting previously unselected package gcc-12-aarch64-linux-gnu.
2025-07-31T20:52:00.2625280Z #19 6.392 Preparing to unpack .../17-gcc-12-aarch64-linux-gnu_12.2.0-14cross1_amd64.deb ...
2025-07-31T20:52:00.2627251Z #19 6.396 Unpacking gcc-12-aarch64-linux-gnu (12.2.0-14cross1) ...
2025-07-31T20:52:01.0623351Z #19 7.346 Selecting previously unselected package gcc-aarch64-linux-gnu.
2025-07-31T20:52:01.2684229Z #19 7.350 Preparing to unpack .../18-gcc-aarch64-linux-gnu_4%3a12.2.0-3_amd64.deb ...
2025-07-31T20:52:01.2685956Z #19 7.352 Unpacking gcc-aarch64-linux-gnu (4:12.2.0-3) ...
2025-07-31T20:52:01.2688146Z #19 7.396 Selecting previously unselected package linux-libc-dev-arm64-cross.
2025-07-31T20:52:01.2689029Z #19 7.400 Preparing to unpack .../19-linux-libc-dev-arm64-cross_6.1.4-1cross1_all.deb ...
2025-07-31T20:52:01.2689779Z #19 7.401 Unpacking linux-libc-dev-arm64-cross (6.1.4-1cross1) ...
2025-07-31T20:52:01.4324059Z #19 7.715 Selecting previously unselected package libc6-dev-arm64-cross.
2025-07-31T20:52:01.5890708Z #19 7.717 Preparing to unpack .../20-libc6-dev-arm64-cross_2.36-8cross1_all.deb ...
2025-07-31T20:52:01.5893467Z #19 7.721 Unpacking libc6-dev-arm64-cross (2.36-8cross1) ...
2025-07-31T20:52:01.6576859Z #19 7.941 Setting up gcc-12-cross-base (12.2.0-14cross1) ...
2025-07-31T20:52:01.7694801Z #19 7.947 Setting up gcc-12-aarch64-linux-gnu-base:amd64 (12.2.0-14cross1) ...
2025-07-31T20:52:01.7696206Z #19 7.953 Setting up binutils-aarch64-linux-gnu (2.40-2) ...
2025-07-31T20:52:01.7699144Z #19 7.958 Setting up libc6-arm64-cross (2.36-8cross1) ...
2025-07-31T20:52:01.7699767Z #19 7.965 Setting up libitm1-arm64-cross (12.2.0-14cross1) ...
2025-07-31T20:52:01.7700426Z #19 7.971 Setting up linux-libc-dev-arm64-cross (6.1.4-1cross1) ...
2025-07-31T20:52:01.7701071Z #19 7.979 Setting up libgcc-s1-arm64-cross (12.2.0-14cross1) ...
2025-07-31T20:52:01.7701714Z #19 7.986 Setting up libatomic1-arm64-cross (12.2.0-14cross1) ...
2025-07-31T20:52:01.7702343Z #19 7.992 Setting up liblsan0-arm64-cross (12.2.0-14cross1) ...
2025-07-31T20:52:01.7703034Z #19 8.003 Setting up libgomp1-arm64-cross (12.2.0-14cross1) ...
2025-07-31T20:52:01.7703664Z #19 8.012 Setting up cpp-12-aarch64-linux-gnu (12.2.0-14cross1) ...
2025-07-31T20:52:01.7704307Z #19 8.027 Setting up libhwasan0-arm64-cross (12.2.0-14cross1) ...
2025-07-31T20:52:01.7704915Z #19 8.041 Setting up libc6-dev-arm64-cross (2.36-8cross1) ...
2025-07-31T20:52:01.7705487Z #19 8.053 Setting up libstdc++6-arm64-cross (12.2.0-14cross1) ...
2025-07-31T20:52:01.9968029Z #19 8.059 Setting up cpp-aarch64-linux-gnu (4:12.2.0-3) ...
2025-07-31T20:52:01.9968923Z #19 8.065 Setting up libasan8-arm64-cross (12.2.0-14cross1) ...
2025-07-31T20:52:01.9970262Z #19 8.072 Setting up libtsan2-arm64-cross (12.2.0-14cross1) ...
2025-07-31T20:52:01.9972155Z #19 8.077 Setting up libubsan1-arm64-cross (12.2.0-14cross1) ...
2025-07-31T20:52:01.9977308Z #19 8.088 Setting up libgcc-12-dev-arm64-cross (12.2.0-14cross1) ...
2025-07-31T20:52:01.9978222Z #19 8.105 Setting up gcc-12-aarch64-linux-gnu (12.2.0-14cross1) ...
2025-07-31T20:52:01.9980004Z #19 8.114 Setting up gcc-aarch64-linux-gnu (4:12.2.0-3) ...
2025-07-31T20:52:01.9980712Z #19 8.128 Processing triggers for libc-bin (2.36-9+deb12u10) ...
2025-07-31T20:52:02.2770128Z #19 DONE 8.6s
2025-07-31T20:52:02.2774118Z 
2025-07-31T20:52:02.2775685Z #20 [linux/amd64 builder 8/8] RUN . ./build_env.sh &&   echo "{CC=$CC, TARGETPLATFORM=linux/amd64, BUILDPLATFORM=linux/amd64}" &&   export GOARCH=$(echo linux/amd64 | cut -d / -f2) &&   export CURRENT_BRANCH=4589617 &&   export SUBNET_EVM_COMMIT=458961795523cdde7218683f234d1bdfd7d9e2c6 &&   ./scripts/build.sh build/subnet-evm
2025-07-31T20:52:02.2778037Z #20 0.053 {CC=gcc, TARGETPLATFORM=linux/amd64, BUILDPLATFORM=linux/amd64}
2025-07-31T20:52:02.2778609Z #20 0.076 Using branch: 4589617
2025-07-31T20:52:02.2779231Z #20 0.076 Building Subnet EVM @ GitCommit: 458961795523cdde7218683f234d1bdfd7d9e2c6 at build/subnet-evm
2025-07-31T20:52:02.4153387Z #20 ...
2025-07-31T20:52:02.4153649Z 
2025-07-31T20:52:02.4155610Z #21 [linux/amd64->arm64 builder 8/8] RUN . ./build_env.sh &&   echo "{CC=$CC, TARGETPLATFORM=linux/arm64, BUILDPLATFORM=linux/amd64}" &&   export GOARCH=$(echo linux/arm64 | cut -d / -f2) &&   export CURRENT_BRANCH=4589617 &&   export SUBNET_EVM_COMMIT=458961795523cdde7218683f234d1bdfd7d9e2c6 &&   ./scripts/build.sh build/subnet-evm
2025-07-31T20:52:02.4158861Z #21 0.137 {CC=aarch64-linux-gnu-gcc, TARGETPLATFORM=linux/arm64, BUILDPLATFORM=linux/amd64}
2025-07-31T20:52:02.6134693Z #21 0.185 Using branch: 4589617
2025-07-31T20:52:02.6135534Z #21 0.185 Building Subnet EVM @ GitCommit: 458961795523cdde7218683f234d1bdfd7d9e2c6 at build/subnet-evm
2025-07-31T20:54:05.9599473Z #21 ...
2025-07-31T20:54:05.9599765Z 
2025-07-31T20:54:05.9601682Z #20 [linux/amd64 builder 8/8] RUN . ./build_env.sh &&   echo "{CC=$CC, TARGETPLATFORM=linux/amd64, BUILDPLATFORM=linux/amd64}" &&   export GOARCH=$(echo linux/amd64 | cut -d / -f2) &&   export CURRENT_BRANCH=4589617 &&   export SUBNET_EVM_COMMIT=458961795523cdde7218683f234d1bdfd7d9e2c6 &&   ./scripts/build.sh build/subnet-evm
2025-07-31T20:54:05.9603924Z #20 DONE 132.1s
2025-07-31T20:54:06.1814496Z 
2025-07-31T20:54:06.1816160Z #22 [linux/amd64 execution 2/2] COPY --from=builder /build/build/subnet-evm /avalanchego/build/plugins/srEXiWaHuhNyGwPUi444Tu47ZEDwxTWrbQiuD7FmgSAQ6X7Dy
2025-07-31T20:54:06.1817465Z #22 DONE 0.1s
2025-07-31T20:54:06.1817669Z 
2025-07-31T20:54:06.1819417Z #21 [linux/amd64->arm64 builder 8/8] RUN . ./build_env.sh &&   echo "{CC=$CC, TARGETPLATFORM=linux/arm64, BUILDPLATFORM=linux/amd64}" &&   export GOARCH=$(echo linux/arm64 | cut -d / -f2) &&   export CURRENT_BRANCH=4589617 &&   export SUBNET_EVM_COMMIT=458961795523cdde7218683f234d1bdfd7d9e2c6 &&   ./scripts/build.sh build/subnet-evm
2025-07-31T20:54:18.7546316Z #21 DONE 136.5s
2025-07-31T20:54:18.9129150Z 
2025-07-31T20:54:18.9133023Z #23 [linux/arm64 execution 2/2] COPY --from=builder /build/build/subnet-evm /avalanchego/build/plugins/srEXiWaHuhNyGwPUi444Tu47ZEDwxTWrbQiuD7FmgSAQ6X7Dy
2025-07-31T20:54:18.9135244Z #23 DONE 0.1s
2025-07-31T20:54:19.0665909Z 
2025-07-31T20:54:19.0666462Z #24 exporting to image
2025-07-31T20:54:19.0667129Z #24 exporting layers
2025-07-31T20:54:20.9166270Z #24 exporting layers 2.0s done
2025-07-31T20:54:21.0982804Z #24 exporting manifest sha256:937d63b63462eaf15420a84d3ae85f503cd4a8be67ad6201a1e629c50028169f done
2025-07-31T20:54:21.0989224Z #24 exporting config sha256:96c0e7ed04efddb30bef92fb5a04e4c533788fe0ce4d5fb8e2fc552f4a9ee7f1 done
2025-07-31T20:54:21.0996365Z #24 exporting attestation manifest sha256:a34fd4394f88d7eb9102ac1243204d0013629227b9cde565d009fb5c57d85169 done
2025-07-31T20:54:21.0997774Z #24 exporting manifest sha256:930570f102c720c4ba792fd3995a2755a5ce40ff46601f54335555d69c5a0966 done
2025-07-31T20:54:21.0998878Z #24 exporting config sha256:c3e641b0ecef504d516724d95166771a92f3ef78f921e8580cdf78873d67b07f done
2025-07-31T20:54:21.1000056Z #24 exporting attestation manifest sha256:afa850220b1f9fae807038f4ea7b4c85eae7ff4b672a4d16ace058c930fa295d done
2025-07-31T20:54:21.1001261Z #24 exporting manifest list sha256:4dc540010fda26aa5ab8abd4d2767fabf319e17a3e7592f8d3b29687d1cb240c done
2025-07-31T20:54:21.1002075Z #24 pushing layers
2025-07-31T20:54:21.4272176Z #24 pushing layers 0.5s done
2025-07-31T20:54:21.4274169Z #24 pushing manifest for localhost:32768/subnet-evm_avalanchego:testtag@sha256:4dc540010fda26aa5ab8abd4d2767fabf319e17a3e7592f8d3b29687d1cb240c
2025-07-31T20:54:21.5083467Z #24 pushing layers 0.0s done
2025-07-31T20:54:21.5085064Z #24 pushing manifest for localhost:32768/subnet-evm_avalanchego:testtag@sha256:4dc540010fda26aa5ab8abd4d2767fabf319e17a3e7592f8d3b29687d1cb240c 0.0s done
2025-07-31T20:54:21.5087559Z #24 pushing manifest for localhost:32768/subnet-evm_avalanchego:45896179_v1.13.3@sha256:4dc540010fda26aa5ab8abd4d2767fabf319e17a3e7592f8d3b29687d1cb240c 0.0s done
2025-07-31T20:54:21.5088673Z #24 DONE 2.6s
2025-07-31T20:54:21.5155199Z + echo 'listing images'
2025-07-31T20:54:21.5155557Z + docker images
2025-07-31T20:54:21.5155936Z listing images
2025-07-31T20:54:21.5293361Z REPOSITORY                TAG                IMAGE ID       CREATED         SIZE
2025-07-31T20:54:21.5294949Z subnet-evm_avalanchego    45896179_v1.13.3   a7cf63511287   2 minutes ago   225MB
2025-07-31T20:54:21.5295694Z subnet-evm_avalanchego    testtag            a7cf63511287   2 minutes ago   225MB
2025-07-31T20:54:21.5296356Z avaplatform/avalanchego   v1.13.3            98c1bcc22e29   9 days ago      164MB
2025-07-31T20:54:21.5297533Z moby/buildkit             buildx-stable-1    72a94020693f   2 months ago    216MB
2025-07-31T20:54:21.5298145Z registry                  2                  26b2eb03618e   22 months ago   25.4MB
2025-07-31T20:54:21.5309712Z + target_images=('localhost:32768/subnet-evm_avalanchego:testtag' 'localhost:32768/subnet-evm_avalanchego:45896179_v1.13.3')
2025-07-31T20:54:21.5311062Z + local target_images
2025-07-31T20:54:21.5311516Z + IFS=,
2025-07-31T20:54:21.5311926Z + read -r -a archarray
2025-07-31T20:54:21.5312435Z + for arch in "${archarray[@]}"
2025-07-31T20:54:21.5313031Z + for target_image in "${target_images[@]}"
2025-07-31T20:54:21.5314722Z + echo 'checking sanity of image localhost:32768/subnet-evm_avalanchego:testtag for linux/amd64 by running '\''srEXiWaHuhNyGwPUi444Tu47ZEDwxTWrbQiuD7FmgSAQ6X7Dy version'\'''
2025-07-31T20:54:21.5316760Z + docker run -t --rm --platform linux/amd64 localhost:32768/subnet-evm_avalanchego:testtag /avalanchego/build/plugins/srEXiWaHuhNyGwPUi444Tu47ZEDwxTWrbQiuD7FmgSAQ6X7Dy --version
2025-07-31T20:54:21.5318579Z checking sanity of image localhost:32768/subnet-evm_avalanchego:testtag for linux/amd64 by running 'srEXiWaHuhNyGwPUi444Tu47ZEDwxTWrbQiuD7FmgSAQ6X7Dy version'
2025-07-31T20:54:21.5446389Z Unable to find image 'localhost:32768/subnet-evm_avalanchego:testtag' locally
2025-07-31T20:54:21.5593751Z testtag: Pulling from subnet-evm_avalanchego
2025-07-31T20:54:21.5693289Z 59e22667830b: Already exists
2025-07-31T20:54:21.5709947Z 6b75f5ca9b51: Already exists
2025-07-31T20:54:21.5723506Z 4f4fb700ef54: Already exists
2025-07-31T20:54:21.5736908Z b54ae1c8d5c8: Already exists
2025-07-31T20:54:21.5752846Z 263c0183d19c: Pulling fs layer
2025-07-31T20:54:21.6414096Z 263c0183d19c: Verifying Checksum
2025-07-31T20:54:21.6414816Z 263c0183d19c: Download complete
2025-07-31T20:54:21.9306385Z 263c0183d19c: Pull complete
2025-07-31T20:54:21.9351093Z Digest: sha256:4dc540010fda26aa5ab8abd4d2767fabf319e17a3e7592f8d3b29687d1cb240c
2025-07-31T20:54:21.9363370Z Status: Downloaded newer image for localhost:32768/subnet-evm_avalanchego:testtag
2025-07-31T20:54:22.0955279Z Subnet-EVM/v0.7.7@458961795523cdde7218683f234d1bdfd7d9e2c6 [AvalancheGo=v1.13.3, rpcchainvm=42]
2025-07-31T20:54:22.1688949Z + for target_image in "${target_images[@]}"
2025-07-31T20:54:22.1690127Z + echo 'checking sanity of image localhost:32768/subnet-evm_avalanchego:45896179_v1.13.3 for linux/amd64 by running '\''srEXiWaHuhNyGwPUi444Tu47ZEDwxTWrbQiuD7FmgSAQ6X7Dy version'\'''
2025-07-31T20:54:22.1691715Z + docker run -t --rm --platform linux/amd64 localhost:32768/subnet-evm_avalanchego:45896179_v1.13.3 /avalanchego/build/plugins/srEXiWaHuhNyGwPUi444Tu47ZEDwxTWrbQiuD7FmgSAQ6X7Dy --version
2025-07-31T20:54:22.1693259Z checking sanity of image localhost:32768/subnet-evm_avalanchego:45896179_v1.13.3 for linux/amd64 by running 'srEXiWaHuhNyGwPUi444Tu47ZEDwxTWrbQiuD7FmgSAQ6X7Dy version'
2025-07-31T20:54:22.1825898Z Unable to find image 'localhost:32768/subnet-evm_avalanchego:45896179_v1.13.3' locally
2025-07-31T20:54:22.1994118Z 45896179_v1.13.3: Pulling from subnet-evm_avalanchego
2025-07-31T20:54:22.2054425Z Digest: sha256:4dc540010fda26aa5ab8abd4d2767fabf319e17a3e7592f8d3b29687d1cb240c
2025-07-31T20:54:22.2064090Z Status: Downloaded newer image for localhost:32768/subnet-evm_avalanchego:45896179_v1.13.3
2025-07-31T20:54:22.4004007Z Subnet-EVM/v0.7.7@458961795523cdde7218683f234d1bdfd7d9e2c6 [AvalancheGo=v1.13.3, rpcchainvm=42]
2025-07-31T20:54:22.4873989Z + for arch in "${archarray[@]}"
2025-07-31T20:54:22.4874558Z + for target_image in "${target_images[@]}"
2025-07-31T20:54:22.4875743Z + echo 'checking sanity of image localhost:32768/subnet-evm_avalanchego:testtag for linux/arm64 by running '\''srEXiWaHuhNyGwPUi444Tu47ZEDwxTWrbQiuD7FmgSAQ6X7Dy version'\'''
2025-07-31T20:54:22.4878631Z + docker run -t --rm --platform linux/arm64 localhost:32768/subnet-evm_avalanchego:testtag /avalanchego/build/plugins/srEXiWaHuhNyGwPUi444Tu47ZEDwxTWrbQiuD7FmgSAQ6X7Dy --version
2025-07-31T20:54:22.4880702Z checking sanity of image localhost:32768/subnet-evm_avalanchego:testtag for linux/arm64 by running 'srEXiWaHuhNyGwPUi444Tu47ZEDwxTWrbQiuD7FmgSAQ6X7Dy version'
2025-07-31T20:54:22.5127901Z Unable to find image 'localhost:32768/subnet-evm_avalanchego:testtag' locally
2025-07-31T20:54:22.5269117Z testtag: Pulling from subnet-evm_avalanchego
2025-07-31T20:54:22.5359753Z b3407f3b5b5b: Pulling fs layer
2025-07-31T20:54:22.5360497Z fa4c382ed3ed: Pulling fs layer
2025-07-31T20:54:22.5361155Z 4f4fb700ef54: Pulling fs layer
2025-07-31T20:54:22.5361848Z e251ff45f0c3: Pulling fs layer
2025-07-31T20:54:22.5362362Z b84fe9b94733: Pulling fs layer
2025-07-31T20:54:22.5363048Z e251ff45f0c3: Waiting
2025-07-31T20:54:22.5363684Z b84fe9b94733: Waiting
2025-07-31T20:54:22.5449418Z 4f4fb700ef54: Verifying Checksum
2025-07-31T20:54:22.5450945Z 4f4fb700ef54: Download complete
2025-07-31T20:54:22.5531951Z fa4c382ed3ed: Verifying Checksum
2025-07-31T20:54:22.5532829Z fa4c382ed3ed: Download complete
2025-07-31T20:54:22.6368048Z b3407f3b5b5b: Verifying Checksum
2025-07-31T20:54:22.6368551Z b3407f3b5b5b: Download complete
2025-07-31T20:54:22.6385904Z b84fe9b94733: Verifying Checksum
2025-07-31T20:54:22.6386422Z b84fe9b94733: Download complete
2025-07-31T20:54:22.6596919Z e251ff45f0c3: Verifying Checksum
2025-07-31T20:54:22.6597507Z e251ff45f0c3: Download complete
2025-07-31T20:54:23.8280923Z b3407f3b5b5b: Pull complete
2025-07-31T20:54:24.0039777Z fa4c382ed3ed: Pull complete
2025-07-31T20:54:24.0130590Z 4f4fb700ef54: Pull complete
2025-07-31T20:54:24.4044520Z e251ff45f0c3: Pull complete
2025-07-31T20:54:24.6764656Z b84fe9b94733: Pull complete
2025-07-31T20:54:24.6804087Z Digest: sha256:4dc540010fda26aa5ab8abd4d2767fabf319e17a3e7592f8d3b29687d1cb240c
2025-07-31T20:54:24.6811019Z Status: Downloaded newer image for localhost:32768/subnet-evm_avalanchego:testtag
2025-07-31T20:54:25.3688409Z Subnet-EVM/v0.7.7@458961795523cdde7218683f234d1bdfd7d9e2c6 [AvalancheGo=v1.13.3, rpcchainvm=42]
2025-07-31T20:54:25.4429519Z + for target_image in "${target_images[@]}"
2025-07-31T20:54:25.4430720Z + echo 'checking sanity of image localhost:32768/subnet-evm_avalanchego:45896179_v1.13.3 for linux/arm64 by running '\''srEXiWaHuhNyGwPUi444Tu47ZEDwxTWrbQiuD7FmgSAQ6X7Dy version'\'''
2025-07-31T20:54:25.4432292Z + docker run -t --rm --platform linux/arm64 localhost:32768/subnet-evm_avalanchego:45896179_v1.13.3 /avalanchego/build/plugins/srEXiWaHuhNyGwPUi444Tu47ZEDwxTWrbQiuD7FmgSAQ6X7Dy --version
2025-07-31T20:54:25.4433832Z checking sanity of image localhost:32768/subnet-evm_avalanchego:45896179_v1.13.3 for linux/arm64 by running 'srEXiWaHuhNyGwPUi444Tu47ZEDwxTWrbQiuD7FmgSAQ6X7Dy version'
2025-07-31T20:54:25.4623192Z Unable to find image 'localhost:32768/subnet-evm_avalanchego:45896179_v1.13.3' locally
2025-07-31T20:54:25.4751480Z 45896179_v1.13.3: Pulling from subnet-evm_avalanchego
2025-07-31T20:54:25.4797695Z Digest: sha256:4dc540010fda26aa5ab8abd4d2767fabf319e17a3e7592f8d3b29687d1cb240c
2025-07-31T20:54:25.4810678Z Status: Downloaded newer image for localhost:32768/subnet-evm_avalanchego:45896179_v1.13.3
2025-07-31T20:54:26.1688121Z Subnet-EVM/v0.7.7@458961795523cdde7218683f234d1bdfd7d9e2c6 [AvalancheGo=v1.13.3, rpcchainvm=42]
2025-07-31T20:54:26.2457094Z + cleanup
2025-07-31T20:54:26.2457675Z stopping local docker registry
2025-07-31T20:54:26.2458350Z + echo 'stopping local docker registry'
2025-07-31T20:54:26.2459133Z + docker stop 10e8939a7832f9c0511fd2f484c6d15ebc69022f1f81bc0949761b3e079e3683
2025-07-31T20:54:26.3671838Z 10e8939a7832f9c0511fd2f484c6d15ebc69022f1f81bc0949761b3e079e3683
2025-07-31T20:54:26.3696313Z + echo 'removing multiplatform builder'
2025-07-31T20:54:26.3697076Z removing multiplatform builder
2025-07-31T20:54:26.3697932Z + docker buildx rm ci-builder
2025-07-31T20:54:30.2511526Z ci-builder removed
2025-07-31T20:54:30.3414889Z Post job cleanup.
2025-07-31T20:54:30.4388336Z [command]/usr/bin/git version
2025-07-31T20:54:30.4431799Z git version 2.50.1
2025-07-31T20:54:30.4500465Z Temporarily overriding HOME='/home/runner/work/_temp/fa24eb21-1737-4264-9e2a-5c84faac4f8e' before making global git config changes
2025-07-31T20:54:30.4501690Z Adding repository directory to the temporary git global config as a safe directory
2025-07-31T20:54:30.4507548Z [command]/usr/bin/git config --global --add safe.directory /home/runner/work/subnet-evm/subnet-evm
2025-07-31T20:54:30.4549318Z [command]/usr/bin/git config --local --name-only --get-regexp core\.sshCommand
2025-07-31T20:54:30.4586410Z [command]/usr/bin/git submodule foreach --recursive sh -c "git config --local --name-only --get-regexp 'core\.sshCommand' && git config --local --unset-all 'core.sshCommand' || :"
2025-07-31T20:54:30.4836150Z [command]/usr/bin/git config --local --name-only --get-regexp http\.https\:\/\/github\.com\/\.extraheader
2025-07-31T20:54:30.4860018Z http.https://github.com/.extraheader
2025-07-31T20:54:30.4873208Z [command]/usr/bin/git config --local --unset-all http.https://github.com/.extraheader
2025-07-31T20:54:30.4906066Z [command]/usr/bin/git submodule foreach --recursive sh -c "git config --local --name-only --get-regexp 'http\.https\:\/\/github\.com\/\.extraheader' && git config --local --unset-all 'http.https://github.com/.extraheader' || :"
2025-07-31T20:54:30.5349536Z Cleaning up orphan processes
