2025-07-31T20:48:42.5635780Z Current runner version: '2.327.1'
2025-07-31T20:48:42.5653950Z ##[group]Operating System
2025-07-31T20:48:42.5654520Z macOS
2025-07-31T20:48:42.5654820Z 14.7.6
2025-07-31T20:48:42.5655210Z 23H626
2025-07-31T20:48:42.5655530Z ##[endgroup]
2025-07-31T20:48:42.5655860Z ##[group]Runner Image
2025-07-31T20:48:42.5656220Z Image: macos-14-arm64
2025-07-31T20:48:42.5656570Z Version: 20250728.1701
2025-07-31T20:48:42.5657270Z Included Software: https://github.com/actions/runner-images/blob/macos-14-arm64/20250728.1701/images/macos/macos-14-arm64-Readme.md
2025-07-31T20:48:42.5658340Z Image Release: https://github.com/actions/runner-images/releases/tag/macos-14-arm64%2F20250728.1701
2025-07-31T20:48:42.5658930Z ##[endgroup]
2025-07-31T20:48:42.5659250Z ##[group]Runner Image Provisioner
2025-07-31T20:48:42.5659650Z 2.0.449.1+6d46f4794670abc677653e70ad733fc4b7478209
2025-07-31T20:48:42.5660050Z ##[endgroup]
2025-07-31T20:48:42.5661540Z ##[group]GITHUB_TOKEN Permissions
2025-07-31T20:48:42.5662680Z Actions: write
2025-07-31T20:48:42.5663090Z Attestations: write
2025-07-31T20:48:42.5663390Z Checks: write
2025-07-31T20:48:42.5663990Z Contents: write
2025-07-31T20:48:42.5664290Z Deployments: write
2025-07-31T20:48:42.5664640Z Discussions: write
2025-07-31T20:48:42.5665000Z Issues: write
2025-07-31T20:48:42.5665290Z Metadata: read
2025-07-31T20:48:42.5665570Z Models: read
2025-07-31T20:48:42.5665860Z Packages: write
2025-07-31T20:48:42.5666150Z Pages: write
2025-07-31T20:48:42.5666470Z PullRequests: write
2025-07-31T20:48:42.5666780Z RepositoryProjects: write
2025-07-31T20:48:42.5667130Z SecurityEvents: write
2025-07-31T20:48:42.5667430Z Statuses: write
2025-07-31T20:48:42.5667740Z ##[endgroup]
2025-07-31T20:48:42.5668970Z Secret source: Actions
2025-07-31T20:48:42.5669450Z Prepare workflow directory
2025-07-31T20:48:42.5860470Z Prepare all required actions
2025-07-31T20:48:42.5884740Z Getting action download info
2025-07-31T20:48:43.0881090Z ##[group]Download immutable action package 'actions/checkout@v4'
2025-07-31T20:48:43.0881700Z Version: 4.2.2
2025-07-31T20:48:43.0882280Z Digest: sha256:ccb2698953eaebd21c7bf6268a94f9c26518a7e38e27e0b83c1fe1ad049819b1
2025-07-31T20:48:43.0883000Z Source commit SHA: 11bd71901bbe5b1630ceea73d27597364c9af683
2025-07-31T20:48:43.0883450Z ##[endgroup]
2025-07-31T20:48:43.4768890Z ##[group]Download immutable action package 'actions/setup-go@v5'
2025-07-31T20:48:43.4769450Z Version: 5.5.0
2025-07-31T20:48:43.4769990Z Digest: sha256:f5eeb2233d0c6714b5236de9b44ad0b935014e15eeab3c28d73dc44c1c641ebb
2025-07-31T20:48:43.4770630Z Source commit SHA: d35c59abb061a4a6fb18e82ac0862c26744d6ab5
2025-07-31T20:48:43.4771100Z ##[endgroup]
2025-07-31T20:48:44.0202690Z Complete job name: Golang Unit Tests (macos-latest)
2025-07-31T20:48:44.0772180Z ##[group]Run actions/checkout@v4
2025-07-31T20:48:44.0772700Z with:
2025-07-31T20:48:44.0773090Z   repository: ava-labs/subnet-evm
2025-07-31T20:48:44.0773670Z   token: ***
2025-07-31T20:48:44.0773950Z   ssh-strict: true
2025-07-31T20:48:44.0774230Z   ssh-user: git
2025-07-31T20:48:44.0774560Z   persist-credentials: true
2025-07-31T20:48:44.0774880Z   clean: true
2025-07-31T20:48:44.0775170Z   sparse-checkout-cone-mode: true
2025-07-31T20:48:44.0775610Z   fetch-depth: 1
2025-07-31T20:48:44.0775880Z   fetch-tags: false
2025-07-31T20:48:44.0776170Z   show-progress: true
2025-07-31T20:48:44.0776460Z   lfs: false
2025-07-31T20:48:44.0776720Z   submodules: false
2025-07-31T20:48:44.0777010Z   set-safe-directory: true
2025-07-31T20:48:44.0777530Z ##[endgroup]
2025-07-31T20:48:44.3958330Z Syncing repository: ava-labs/subnet-evm
2025-07-31T20:48:44.3960050Z ##[group]Getting Git version info
2025-07-31T20:48:44.3960560Z Working directory is '/Users/runner/work/subnet-evm/subnet-evm'
2025-07-31T20:48:44.3961410Z [command]/opt/homebrew/bin/git version
2025-07-31T20:48:44.5047680Z git version 2.50.1
2025-07-31T20:48:44.5074260Z ##[endgroup]
2025-07-31T20:48:44.5080310Z Copying '/Users/runner/.gitconfig' to '/Users/runner/work/_temp/7470b769-96fc-42c5-8d39-4049ae0ae003/.gitconfig'
2025-07-31T20:48:44.5088000Z Temporarily overriding HOME='/Users/runner/work/_temp/7470b769-96fc-42c5-8d39-4049ae0ae003' before making global git config changes
2025-07-31T20:48:44.5090690Z Adding repository directory to the temporary git global config as a safe directory
2025-07-31T20:48:44.5091680Z [command]/opt/homebrew/bin/git config --global --add safe.directory /Users/runner/work/subnet-evm/subnet-evm
2025-07-31T20:48:44.5176710Z Deleting the contents of '/Users/runner/work/subnet-evm/subnet-evm'
2025-07-31T20:48:44.5181520Z ##[group]Initializing the repository
2025-07-31T20:48:44.5187500Z [command]/opt/homebrew/bin/git init /Users/runner/work/subnet-evm/subnet-evm
2025-07-31T20:48:44.5361190Z hint: Using 'master' as the name for the initial branch. This default branch name
2025-07-31T20:48:44.5363810Z hint: is subject to change. To configure the initial branch name to use in all
2025-07-31T20:48:44.5364580Z hint: of your new repositories, which will suppress this warning, call:
2025-07-31T20:48:44.5365060Z hint:
2025-07-31T20:48:44.5365440Z hint: 	git config --global init.defaultBranch <name>
2025-07-31T20:48:44.5365850Z hint:
2025-07-31T20:48:44.5366230Z hint: Names commonly chosen instead of 'master' are 'main', 'trunk' and
2025-07-31T20:48:44.5366840Z hint: 'development'. The just-created branch can be renamed via this command:
2025-07-31T20:48:44.5367320Z hint:
2025-07-31T20:48:44.5367610Z hint: 	git branch -m <name>
2025-07-31T20:48:44.5367920Z hint:
2025-07-31T20:48:44.5368330Z hint: Disable this message with "git config set advice.defaultBranchName false"
2025-07-31T20:48:44.5369030Z Initialized empty Git repository in /Users/runner/work/subnet-evm/subnet-evm/.git/
2025-07-31T20:48:44.5370310Z [command]/opt/homebrew/bin/git remote add origin https://github.com/ava-labs/subnet-evm
2025-07-31T20:48:44.5424950Z ##[endgroup]
2025-07-31T20:48:44.5425530Z ##[group]Disabling automatic garbage collection
2025-07-31T20:48:44.5429570Z [command]/opt/homebrew/bin/git config --local gc.auto 0
2025-07-31T20:48:44.5476560Z ##[endgroup]
2025-07-31T20:48:44.5477150Z ##[group]Setting up auth
2025-07-31T20:48:44.5481440Z [command]/opt/homebrew/bin/git config --local --name-only --get-regexp core\.sshCommand
2025-07-31T20:48:44.5527690Z [command]/opt/homebrew/bin/git submodule foreach --recursive sh -c "git config --local --name-only --get-regexp 'core\.sshCommand' && git config --local --unset-all 'core.sshCommand' || :"
2025-07-31T20:48:44.7014490Z [command]/opt/homebrew/bin/git config --local --name-only --get-regexp http\.https\:\/\/github\.com\/\.extraheader
2025-07-31T20:48:44.7018370Z [command]/opt/homebrew/bin/git submodule foreach --recursive sh -c "git config --local --name-only --get-regexp 'http\.https\:\/\/github\.com\/\.extraheader' && git config --local --unset-all 'http.https://github.com/.extraheader' || :"
2025-07-31T20:48:44.7510580Z [command]/opt/homebrew/bin/git config --local http.https://github.com/.extraheader AUTHORIZATION: basic ***
2025-07-31T20:48:44.7573200Z ##[endgroup]
2025-07-31T20:48:44.7573750Z ##[group]Fetching the repository
2025-07-31T20:48:44.7578650Z [command]/opt/homebrew/bin/git -c protocol.version=2 fetch --no-tags --prune --no-recurse-submodules --depth=1 origin +458961795523cdde7218683f234d1bdfd7d9e2c6:refs/remotes/pull/1670/merge
2025-07-31T20:48:45.3542670Z From https://github.com/ava-labs/subnet-evm
2025-07-31T20:48:45.3549290Z  * [new ref]         458961795523cdde7218683f234d1bdfd7d9e2c6 -> pull/1670/merge
2025-07-31T20:48:45.3613790Z ##[endgroup]
2025-07-31T20:48:45.3614470Z ##[group]Determining the checkout info
2025-07-31T20:48:45.3615160Z ##[endgroup]
2025-07-31T20:48:45.3616970Z [command]/opt/homebrew/bin/git sparse-checkout disable
2025-07-31T20:48:45.3676390Z [command]/opt/homebrew/bin/git config --local --unset-all extensions.worktreeConfig
2025-07-31T20:48:45.3722260Z ##[group]Checking out the ref
2025-07-31T20:48:45.3724100Z [command]/opt/homebrew/bin/git checkout --progress --force refs/remotes/pull/1670/merge
2025-07-31T20:48:45.4790910Z HEAD is now at 4589617 Merge 621baa1f6abfd4cdb6de9f7d90086977ca126195 into cac7421f86c7d9b283181c568fbc6dc80abb74bc
2025-07-31T20:48:45.5101710Z ##[endgroup]
2025-07-31T20:48:45.5404150Z [command]/opt/homebrew/bin/git log -1 --format=%H
2025-07-31T20:48:45.5505980Z 458961795523cdde7218683f234d1bdfd7d9e2c6
2025-07-31T20:48:45.6110350Z ##[group]Run actions/setup-go@v5
2025-07-31T20:48:45.6110770Z with:
2025-07-31T20:48:45.6111060Z   go-version-file: go.mod
2025-07-31T20:48:45.6111360Z   check-latest: false
2025-07-31T20:48:45.6111800Z   token: ***
2025-07-31T20:48:45.6112100Z   cache: true
2025-07-31T20:48:45.6112380Z ##[endgroup]
2025-07-31T20:48:45.8364690Z Setup go version spec 1.23.9
2025-07-31T20:48:45.8977400Z Attempting to download 1.23.9...
2025-07-31T20:48:46.3960160Z matching 1.23.9...
2025-07-31T20:48:46.4035340Z Acquiring 1.23.9 from https://github.com/actions/go-versions/releases/download/1.23.9-14875265214/go-1.23.9-darwin-arm64.tar.gz
2025-07-31T20:48:47.5890980Z Extracting Go...
2025-07-31T20:48:47.6065510Z [command]/usr/bin/tar xz -C /Users/runner/work/_temp/eda417c6-4fd3-4809-826e-81d9cbd151ff -f /Users/runner/work/_temp/0591f5c8-ae5e-454d-b1a7-c746e88439de
2025-07-31T20:48:49.6550280Z Successfully extracted go to /Users/runner/work/_temp/eda417c6-4fd3-4809-826e-81d9cbd151ff
2025-07-31T20:48:49.6551990Z Adding to the cache ...
2025-07-31T20:48:55.1719100Z Successfully cached go to /Users/runner/hostedtoolcache/go/1.23.9/arm64
2025-07-31T20:48:55.1737530Z Added go to the path
2025-07-31T20:48:55.1749810Z Successfully set up Go version 1.23.9
2025-07-31T20:48:55.2425870Z [command]/Users/runner/hostedtoolcache/go/1.23.9/arm64/bin/go env GOMODCACHE
2025-07-31T20:48:55.2434840Z [command]/Users/runner/hostedtoolcache/go/1.23.9/arm64/bin/go env GOCACHE
2025-07-31T20:48:55.2479200Z /Users/runner/go/pkg/mod
2025-07-31T20:48:55.2479600Z /Users/runner/Library/Caches/go-build
2025-07-31T20:48:55.5060210Z Cache is not found
2025-07-31T20:48:55.5088920Z go version go1.23.9 darwin/arm64
2025-07-31T20:48:55.5089110Z 
2025-07-31T20:48:55.5089430Z ##[group]go env
2025-07-31T20:48:57.1884390Z GO111MODULE=''
2025-07-31T20:48:57.1884740Z GOARCH='arm64'
2025-07-31T20:48:57.1885090Z GOBIN=''
2025-07-31T20:48:57.1885450Z GOCACHE='/Users/runner/Library/Caches/go-build'
2025-07-31T20:48:57.1885940Z GOENV='/Users/runner/Library/Application Support/go/env'
2025-07-31T20:48:57.1886300Z GOEXE=''
2025-07-31T20:48:57.1886550Z GOEXPERIMENT=''
2025-07-31T20:48:57.1886870Z GOFLAGS=''
2025-07-31T20:48:57.1887160Z GOHOSTARCH='arm64'
2025-07-31T20:48:57.1887470Z GOHOSTOS='darwin'
2025-07-31T20:48:57.1887730Z GOINSECURE=''
2025-07-31T20:48:57.1888020Z GOMODCACHE='/Users/runner/go/pkg/mod'
2025-07-31T20:48:57.1888330Z GONOPROXY=''
2025-07-31T20:48:57.1888650Z GONOSUMDB=''
2025-07-31T20:48:57.1888900Z GOOS='darwin'
2025-07-31T20:48:57.1889250Z GOPATH='/Users/runner/go'
2025-07-31T20:48:57.1889470Z GOPRIVATE=''
2025-07-31T20:48:57.1889890Z GOPROXY='https://proxy.golang.org,direct'
2025-07-31T20:48:57.1890340Z GOROOT='/Users/runner/hostedtoolcache/go/1.23.9/arm64'
2025-07-31T20:48:57.1890670Z GOSUMDB='sum.golang.org'
2025-07-31T20:48:57.1890890Z GOTMPDIR=''
2025-07-31T20:48:57.1891740Z GOTOOLCHAIN='auto'
2025-07-31T20:48:57.1892290Z GOTOOLDIR='/Users/runner/hostedtoolcache/go/1.23.9/arm64/pkg/tool/darwin_arm64'
2025-07-31T20:48:57.1894750Z GOVCS=''
2025-07-31T20:48:57.1895030Z GOVERSION='go1.23.9'
2025-07-31T20:48:57.1895360Z GODEBUG=''
2025-07-31T20:48:57.1895600Z GOTELEMETRY='local'
2025-07-31T20:48:57.1895970Z GOTELEMETRYDIR='/Users/runner/Library/Application Support/go/telemetry'
2025-07-31T20:48:57.1896360Z GCCGO='gccgo'
2025-07-31T20:48:57.1896660Z GOARM64='v8.0'
2025-07-31T20:48:57.1897070Z AR='ar'
2025-07-31T20:48:57.1897370Z CC='clang'
2025-07-31T20:48:57.1897590Z CXX='clang++'
2025-07-31T20:48:57.1897820Z CGO_ENABLED='1'
2025-07-31T20:48:57.1898070Z GOMOD='/Users/runner/work/subnet-evm/subnet-evm/go.mod'
2025-07-31T20:48:57.1898350Z GOWORK=''
2025-07-31T20:48:57.1898630Z CGO_CFLAGS='-O2 -g'
2025-07-31T20:48:57.1898890Z CGO_CPPFLAGS=''
2025-07-31T20:48:57.1899120Z CGO_CXXFLAGS='-O2 -g'
2025-07-31T20:48:57.1904250Z CGO_FFLAGS='-O2 -g'
2025-07-31T20:48:57.1904460Z CGO_LDFLAGS='-O2 -g'
2025-07-31T20:48:57.1904770Z PKG_CONFIG='pkg-config'
2025-07-31T20:48:57.1906390Z GOGCCFLAGS='-fPIC -arch arm64 -pthread -fno-caret-diagnostics -Qunused-arguments -fmessage-length=0 -ffile-prefix-map=/var/folders/y6/nj790rtn62lfktb1sh__79hc0000gn/T/go-build4115714889=/tmp/go-build -gno-record-gcc-switches -fno-common'
2025-07-31T20:48:57.1907290Z 
2025-07-31T20:48:57.1907600Z ##[endgroup]
2025-07-31T20:48:57.2011580Z ##[group]Run go mod download
2025-07-31T20:48:57.2011940Z [36;1mgo mod download[0m
2025-07-31T20:48:57.2070070Z shell: /bin/bash -e {0}
2025-07-31T20:48:57.2070290Z ##[endgroup]
2025-07-31T20:49:05.2090340Z ##[group]Run ./scripts/run_task.sh check-generate-codec
2025-07-31T20:49:05.2090750Z [36;1m./scripts/run_task.sh check-generate-codec[0m
2025-07-31T20:49:05.2166020Z shell: /bin/bash -e {0}
2025-07-31T20:49:05.2166480Z ##[endgroup]
2025-07-31T20:49:05.3478260Z go: downloading github.com/go-task/task/v3 v3.39.2
2025-07-31T20:49:06.0022620Z go: downloading github.com/spf13/pflag v1.0.5
2025-07-31T20:49:06.0065020Z go: downloading mvdan.cc/sh/v3 v3.9.0
2025-07-31T20:49:06.0629310Z go: downloading github.com/Ladicle/tabwriter v1.0.0
2025-07-31T20:49:06.0674400Z go: downloading github.com/Masterminds/semver/v3 v3.3.0
2025-07-31T20:49:06.0810300Z go: downloading github.com/joho/godotenv v1.5.1
2025-07-31T20:49:06.0827590Z go: downloading github.com/radovskyb/watcher v1.0.7
2025-07-31T20:49:06.0942120Z go: downloading github.com/sajari/fuzzy v1.0.0
2025-07-31T20:49:06.1117730Z go: downloading golang.org/x/sync v0.8.0
2025-07-31T20:49:06.3327970Z go: downloading github.com/alecthomas/chroma/v2 v2.14.0
2025-07-31T20:49:06.5919420Z go: downloading github.com/fatih/color v1.17.0
2025-07-31T20:49:06.6336130Z go: downloading github.com/dominikbraun/graph v0.23.0
2025-07-31T20:49:06.7292660Z go: downloading github.com/mattn/go-zglob v0.0.6
2025-07-31T20:49:06.7300610Z go: downloading github.com/zeebo/xxh3 v1.0.2
2025-07-31T20:49:06.7584840Z go: downloading github.com/mitchellh/hashstructure/v2 v2.0.2
2025-07-31T20:49:06.7832120Z go: downloading github.com/go-task/slim-sprig/v3 v3.0.0
2025-07-31T20:49:06.7864680Z go: downloading github.com/go-task/template v0.1.0
2025-07-31T20:49:06.8546450Z go: downloading github.com/muesli/cancelreader v0.2.2
2025-07-31T20:49:06.8640300Z go: downloading golang.org/x/sys v0.25.0
2025-07-31T20:49:06.8742730Z go: downloading golang.org/x/term v0.24.0
2025-07-31T20:49:06.9790250Z go: downloading github.com/dlclark/regexp2 v1.11.0
2025-07-31T20:49:07.0393600Z go: downloading github.com/mattn/go-isatty v0.0.20
2025-07-31T20:49:25.5937200Z task: [generate-codec] grep -lr -E '^// Code generated by github\.com\/fjl\/gencodec\. DO NOT EDIT\.$' . | xargs -r rm
2025-07-31T20:49:26.1368970Z task: [generate-codec] go generate -run "github.com/fjl/gencodec" ./...
2025-07-31T20:50:05.0908370Z task: [check-clean-branch] git add --all
2025-07-31T20:50:05.2036280Z task: [check-clean-branch] git update-index --really-refresh >> /dev/null
2025-07-31T20:50:05.2116240Z task: [check-clean-branch] git status --short
2025-07-31T20:50:05.2297930Z task: [check-clean-branch] git diff-index --quiet HEAD
2025-07-31T20:50:05.2878010Z ##[group]Run ./scripts/run_task.sh check-generate-mocks
2025-07-31T20:50:05.2878360Z [36;1m./scripts/run_task.sh check-generate-mocks[0m
2025-07-31T20:50:05.3090790Z shell: /bin/bash -e {0}
2025-07-31T20:50:05.3091090Z ##[endgroup]
2025-07-31T20:50:06.8754080Z task: [generate-mocks] grep -lr -E '^// Code generated by MockGen\. DO NOT EDIT\.$' . | xargs -r rm
2025-07-31T20:50:06.9695360Z task: [generate-mocks] go generate -run "go.uber.org/mock/mockgen" ./...
2025-07-31T20:50:27.1451860Z task: [check-clean-branch] git add --all
2025-07-31T20:50:27.1759000Z task: [check-clean-branch] git update-index --really-refresh >> /dev/null
2025-07-31T20:50:27.1831850Z task: [check-clean-branch] git status --short
2025-07-31T20:50:27.1989850Z task: [check-clean-branch] git diff-index --quiet HEAD
2025-07-31T20:50:27.2206210Z ##[group]Run ./scripts/run_task.sh build
2025-07-31T20:50:27.2206580Z [36;1m./scripts/run_task.sh build[0m
2025-07-31T20:50:27.2377190Z shell: /bin/bash -e {0}
2025-07-31T20:50:27.2377430Z ##[endgroup]
2025-07-31T20:50:28.5376430Z task: [build] ./scripts/build.sh
2025-07-31T20:50:28.5762780Z Using branch: 4589617
2025-07-31T20:50:28.5763470Z Building Subnet EVM @ GitCommit: 458961795523cdde7218683f234d1bdfd7d9e2c6 at /Users/runner/.avalanchego/plugins/srEXiWaHuhNyGwPUi444Tu47ZEDwxTWrbQiuD7FmgSAQ6X7Dy
2025-07-31T20:51:04.6120040Z ##[group]Run ./scripts/run_task.sh build-test
2025-07-31T20:51:04.6121210Z [36;1m./scripts/run_task.sh build-test[0m
2025-07-31T20:51:04.7398000Z shell: /bin/bash -e {0}
2025-07-31T20:51:04.7398270Z env:
2025-07-31T20:51:04.7398510Z   TIMEOUT: 
2025-07-31T20:51:04.7398670Z ##[endgroup]
2025-07-31T20:51:06.0784870Z task: [build-test] ./scripts/build_test.sh
2025-07-31T20:51:06.1443430Z Using branch: 4589617
2025-07-31T20:51:27.1930980Z # github.com/ava-labs/subnet-evm/accounts/abi.test
2025-07-31T20:51:27.2049660Z ld: warning: '/private/var/folders/y6/nj790rtn62lfktb1sh__79hc0000gn/T/go-link-351734171/000014.o' has malformed LC_DYSYMTAB, expected 98 undefined symbols to start at index 1626, found 95 undefined symbols starting at index 1626
2025-07-31T20:51:28.3932850Z ok  	github.com/ava-labs/subnet-evm/accounts/abi	1.199s	coverage: 89.4% of statements
2025-07-31T20:51:47.7839690Z # github.com/ava-labs/subnet-evm/accounts/abi/bind/precompilebind.test
2025-07-31T20:51:47.7942090Z ld: warning: '/private/var/folders/y6/nj790rtn62lfktb1sh__79hc0000gn/T/go-link-2051809707/000068.o' has malformed LC_DYSYMTAB, expected 98 undefined symbols to start at index 1626, found 95 undefined symbols starting at index 1626
2025-07-31T20:51:48.4868770Z # github.com/ava-labs/subnet-evm/accounts/abi/bind.test
2025-07-31T20:51:48.4878100Z ld: warning: '/private/var/folders/y6/nj790rtn62lfktb1sh__79hc0000gn/T/go-link-577270465/000076.o' has malformed LC_DYSYMTAB, expected 98 undefined symbols to start at index 1626, found 95 undefined symbols starting at index 1626
2025-07-31T20:51:48.5933220Z 	github.com/ava-labs/subnet-evm/accounts/abi/bind/backends		coverage: 0.0% of statements
2025-07-31T20:51:50.2258920Z # github.com/ava-labs/subnet-evm/cmd/abigen.test
2025-07-31T20:51:50.2260010Z ld: warning: '/private/var/folders/y6/nj790rtn62lfktb1sh__79hc0000gn/T/go-link-413487354/000068.o' has malformed LC_DYSYMTAB, expected 98 undefined symbols to start at index 1626, found 95 undefined symbols starting at index 1626
2025-07-31T20:52:17.9433310Z # github.com/ava-labs/subnet-evm/cmd/evm.test
2025-07-31T20:52:17.9434520Z ld: warning: '/private/var/folders/y6/nj790rtn62lfktb1sh__79hc0000gn/T/go-link-3097493130/000076.o' has malformed LC_DYSYMTAB, expected 98 undefined symbols to start at index 1626, found 95 undefined symbols starting at index 1626
2025-07-31T20:52:17.9591050Z 	github.com/ava-labs/subnet-evm/cmd/evm/internal/compiler		coverage: 0.0% of statements
2025-07-31T20:52:17.9657120Z 	github.com/ava-labs/subnet-evm/cmd/evm/internal/t8ntool		coverage: 0.0% of statements
2025-07-31T20:52:18.0880250Z 	github.com/ava-labs/subnet-evm/cmd/precompilegen		coverage: 0.0% of statements
2025-07-31T20:52:20.0114090Z 	github.com/ava-labs/subnet-evm/cmd/simulator/config		coverage: 0.0% of statements
2025-07-31T20:52:20.0475700Z 	github.com/ava-labs/subnet-evm/cmd/simulator/key		coverage: 0.0% of statements
2025-07-31T20:52:20.5876200Z 	github.com/ava-labs/subnet-evm/cmd/simulator/load		coverage: 0.0% of statements
2025-07-31T20:52:20.7236300Z 	github.com/ava-labs/subnet-evm/cmd/simulator/main		coverage: 0.0% of statements
2025-07-31T20:52:20.7287060Z 	github.com/ava-labs/subnet-evm/cmd/simulator/metrics		coverage: 0.0% of statements
2025-07-31T20:52:20.7338590Z 	github.com/ava-labs/subnet-evm/cmd/simulator/txs		coverage: 0.0% of statements
2025-07-31T20:52:20.7392980Z 	github.com/ava-labs/subnet-evm/cmd/utils		coverage: 0.0% of statements
2025-07-31T20:52:21.0975300Z # github.com/ava-labs/subnet-evm/commontype.test
2025-07-31T20:52:21.0977550Z ld: warning: '/private/var/folders/y6/nj790rtn62lfktb1sh__79hc0000gn/T/go-link-3157245647/000012.o' has malformed LC_DYSYMTAB, expected 98 undefined symbols to start at index 1626, found 95 undefined symbols starting at index 1626
2025-07-31T20:52:22.1304070Z ?   	github.com/ava-labs/subnet-evm/consensus	[no test files]
2025-07-31T20:52:23.2242970Z # github.com/ava-labs/subnet-evm/consensus/dummy.test
2025-07-31T20:52:23.2244850Z ld: warning: '/private/var/folders/y6/nj790rtn62lfktb1sh__79hc0000gn/T/go-link-2962521906/000076.o' has malformed LC_DYSYMTAB, expected 98 undefined symbols to start at index 1626, found 95 undefined symbols starting at index 1626
2025-07-31T20:52:23.4852400Z ok  	github.com/ava-labs/subnet-evm/accounts/abi/bind	34.998s	coverage: 62.7% of statements
2025-07-31T20:52:23.4853130Z ok  	github.com/ava-labs/subnet-evm/accounts/abi/bind/precompilebind	24.044s	coverage: 87.6% of statements
2025-07-31T20:52:23.4853680Z ok  	github.com/ava-labs/subnet-evm/cmd/abigen	1.116s	coverage: 24.5% of statements
2025-07-31T20:52:23.8150050Z # github.com/ava-labs/subnet-evm/consensus/misc/eip4844.test
2025-07-31T20:52:23.8150940Z ld: warning: '/private/var/folders/y6/nj790rtn62lfktb1sh__79hc0000gn/T/go-link-985293059/000014.o' has malformed LC_DYSYMTAB, expected 98 undefined symbols to start at index 1626, found 95 undefined symbols starting at index 1626
2025-07-31T20:52:24.3924790Z ?   	github.com/ava-labs/subnet-evm/constants	[no test files]
2025-07-31T20:52:25.4274350Z # github.com/ava-labs/subnet-evm/core/bloombits.test
2025-07-31T20:52:25.4276110Z ld: warning: '/private/var/folders/y6/nj790rtn62lfktb1sh__79hc0000gn/T/go-link-1047812710/000014.o' has malformed LC_DYSYMTAB, expected 98 undefined symbols to start at index 1626, found 95 undefined symbols starting at index 1626
2025-07-31T20:52:26.9772790Z # github.com/ava-labs/subnet-evm/core.test
2025-07-31T20:52:26.9773760Z ld: warning: '/private/var/folders/y6/nj790rtn62lfktb1sh__79hc0000gn/T/go-link-530084830/000076.o' has malformed LC_DYSYMTAB, expected 98 undefined symbols to start at index 1626, found 95 undefined symbols starting at index 1626
2025-07-31T20:52:35.0207410Z 	github.com/ava-labs/subnet-evm/core/coretest		coverage: 0.0% of statements
2025-07-31T20:52:37.1162680Z # github.com/ava-labs/subnet-evm/core/extstate.test
2025-07-31T20:52:37.1275870Z ld: warning: '/private/var/folders/y6/nj790rtn62lfktb1sh__79hc0000gn/T/go-link-1356423355/000070.o' has malformed LC_DYSYMTAB, expected 98 undefined symbols to start at index 1626, found 95 undefined symbols starting at index 1626
2025-07-31T20:52:39.1095620Z ok  	github.com/ava-labs/subnet-evm/cmd/evm	21.158s	coverage: 3.9% of statements
2025-07-31T20:52:39.1227100Z ok  	github.com/ava-labs/subnet-evm/commontype	1.020s	coverage: 64.3% of statements
2025-07-31T20:52:39.1362500Z ok  	github.com/ava-labs/subnet-evm/consensus/dummy	1.142s	coverage: 10.8% of statements
2025-07-31T20:52:39.1471710Z ok  	github.com/ava-labs/subnet-evm/consensus/misc/eip4844	1.145s	coverage: 42.9% of statements
2025-07-31T20:52:40.5489770Z # github.com/ava-labs/subnet-evm/core/state.test
2025-07-31T20:52:40.5590300Z ld: warning: '/private/var/folders/y6/nj790rtn62lfktb1sh__79hc0000gn/T/go-link-1610765545/000076.o' has malformed LC_DYSYMTAB, expected 98 undefined symbols to start at index 1626, found 95 undefined symbols starting at index 1626
2025-07-31T20:52:40.5591580Z 	github.com/ava-labs/subnet-evm/core/state/pruner		coverage: 0.0% of statements
2025-07-31T20:52:43.0848020Z # github.com/ava-labs/subnet-evm/core/state/snapshot.test
2025-07-31T20:52:43.0947070Z ld: warning: '/private/var/folders/y6/nj790rtn62lfktb1sh__79hc0000gn/T/go-link-165577729/000070.o' has malformed LC_DYSYMTAB, expected 98 undefined symbols to start at index 1626, found 95 undefined symbols starting at index 1626
2025-07-31T20:52:52.6066230Z 	github.com/ava-labs/subnet-evm/core/txpool		coverage: 0.0% of statements
2025-07-31T20:52:55.3251890Z # github.com/ava-labs/subnet-evm/core/txpool/blobpool.test
2025-07-31T20:52:55.3434420Z ld: warning: '/private/var/folders/y6/nj790rtn62lfktb1sh__79hc0000gn/T/go-link-4098892643/000076.o' has malformed LC_DYSYMTAB, expected 98 undefined symbols to start at index 1626, found 95 undefined symbols starting at index 1626
2025-07-31T20:52:58.9681210Z # github.com/ava-labs/subnet-evm/core/txpool/legacypool.test
2025-07-31T20:52:58.9692150Z ld: warning: '/private/var/folders/y6/nj790rtn62lfktb1sh__79hc0000gn/T/go-link-3247169625/000076.o' has malformed LC_DYSYMTAB, expected 98 undefined symbols to start at index 1626, found 95 undefined symbols starting at index 1626
2025-07-31T20:53:00.5968660Z # github.com/ava-labs/subnet-evm/core/vm/runtime.test
2025-07-31T20:53:00.5986710Z ld: warning: '/private/var/folders/y6/nj790rtn62lfktb1sh__79hc0000gn/T/go-link-72328108/000076.o' has malformed LC_DYSYMTAB, expected 98 undefined symbols to start at index 1626, found 95 undefined symbols starting at index 1626
2025-07-31T20:53:03.9044480Z # github.com/ava-labs/subnet-evm/eth.test
2025-07-31T20:53:03.9046260Z ld: warning: '/private/var/folders/y6/nj790rtn62lfktb1sh__79hc0000gn/T/go-link-895601387/000076.o' has malformed LC_DYSYMTAB, expected 98 undefined symbols to start at index 1626, found 95 undefined symbols starting at index 1626
2025-07-31T20:53:04.1584880Z 	github.com/ava-labs/subnet-evm/eth/ethconfig		coverage: 0.0% of statements
2025-07-31T20:53:06.0771640Z # github.com/ava-labs/subnet-evm/eth/filters.test
2025-07-31T20:53:06.0774310Z ld: warning: '/private/var/folders/y6/nj790rtn62lfktb1sh__79hc0000gn/T/go-link-4195462410/000076.o' has malformed LC_DYSYMTAB, expected 98 undefined symbols to start at index 1626, found 95 undefined symbols starting at index 1626
2025-07-31T20:53:10.7537730Z 	github.com/ava-labs/subnet-evm/eth/gasestimator		coverage: 0.0% of statements
2025-07-31T20:53:13.0403060Z # github.com/ava-labs/subnet-evm/eth/gasprice.test
2025-07-31T20:53:13.0505150Z ld: warning: '/private/var/folders/y6/nj790rtn62lfktb1sh__79hc0000gn/T/go-link-652742079/000076.o' has malformed LC_DYSYMTAB, expected 98 undefined symbols to start at index 1626, found 95 undefined symbols starting at index 1626
2025-07-31T20:53:29.6786820Z # github.com/ava-labs/subnet-evm/eth/tracers.test
2025-07-31T20:53:29.6888680Z ld: warning: '/private/var/folders/y6/nj790rtn62lfktb1sh__79hc0000gn/T/go-link-2711186212/000076.o' has malformed LC_DYSYMTAB, expected 98 undefined symbols to start at index 1626, found 95 undefined symbols starting at index 1626
2025-07-31T20:53:33.0604550Z # github.com/ava-labs/subnet-evm/ethclient.test
2025-07-31T20:53:33.0706560Z ld: warning: '/private/var/folders/y6/nj790rtn62lfktb1sh__79hc0000gn/T/go-link-525282983/000068.o' has malformed LC_DYSYMTAB, expected 98 undefined symbols to start at index 1626, found 95 undefined symbols starting at index 1626
2025-07-31T20:53:36.6720020Z # github.com/ava-labs/subnet-evm/ethclient/simulated.test
2025-07-31T20:53:36.6822140Z ld: warning: '/private/var/folders/y6/nj790rtn62lfktb1sh__79hc0000gn/T/go-link-3231678823/000076.o' has malformed LC_DYSYMTAB, expected 98 undefined symbols to start at index 1626, found 95 undefined symbols starting at index 1626
2025-07-31T20:53:36.7623120Z 	github.com/ava-labs/subnet-evm/ethclient/subnetevmclient		coverage: 0.0% of statements
2025-07-31T20:53:51.4991650Z ?   	github.com/ava-labs/subnet-evm/interfaces	[no test files]
2025-07-31T20:53:51.5093150Z 	github.com/ava-labs/subnet-evm/examples/sign-uptime-message		coverage: 0.0% of statements
2025-07-31T20:53:51.5401130Z 	github.com/ava-labs/subnet-evm/internal/blocktest		coverage: 0.0% of statements
2025-07-31T20:53:51.5502400Z 	github.com/ava-labs/subnet-evm/internal/cmdtest		coverage: 0.0% of statements
2025-07-31T20:53:51.5603830Z 	github.com/ava-labs/subnet-evm/internal/debug		coverage: 0.0% of statements
2025-07-31T20:53:54.7475330Z # github.com/ava-labs/subnet-evm/internal/flags.test
2025-07-31T20:53:54.7498080Z ld: warning: '/private/var/folders/y6/nj790rtn62lfktb1sh__79hc0000gn/T/go-link-3778161839/000068.o' has malformed LC_DYSYMTAB, expected 98 undefined symbols to start at index 1626, found 95 undefined symbols starting at index 1626
2025-07-31T20:53:56.0297710Z # github.com/ava-labs/subnet-evm/internal/ethapi.test
2025-07-31T20:53:56.0399590Z ld: warning: '/private/var/folders/y6/nj790rtn62lfktb1sh__79hc0000gn/T/go-link-1976694627/000076.o' has malformed LC_DYSYMTAB, expected 98 undefined symbols to start at index 1626, found 95 undefined symbols starting at index 1626
2025-07-31T20:53:57.1860320Z 	github.com/ava-labs/subnet-evm/internal/reexec		coverage: 0.0% of statements
2025-07-31T20:53:57.2085440Z 	github.com/ava-labs/subnet-evm/internal/shutdowncheck		coverage: 0.0% of statements
2025-07-31T20:53:57.2330420Z 	github.com/ava-labs/subnet-evm/internal/version		coverage: 0.0% of statements
2025-07-31T20:53:57.2659530Z 	github.com/ava-labs/subnet-evm/log		coverage: 0.0% of statements
2025-07-31T20:53:57.3629630Z 	github.com/ava-labs/subnet-evm/metrics/metricstest		coverage: 0.0% of statements
2025-07-31T20:53:58.1716170Z # github.com/ava-labs/subnet-evm/metrics/prometheus.test
2025-07-31T20:53:58.1819670Z ld: warning: '/private/var/folders/y6/nj790rtn62lfktb1sh__79hc0000gn/T/go-link-1350219962/000015.o' has malformed LC_DYSYMTAB, expected 98 undefined symbols to start at index 1626, found 95 undefined symbols starting at index 1626
2025-07-31T20:54:00.1901260Z # github.com/ava-labs/subnet-evm/miner.test
2025-07-31T20:54:00.2003150Z ld: warning: '/private/var/folders/y6/nj790rtn62lfktb1sh__79hc0000gn/T/go-link-2973418053/000076.o' has malformed LC_DYSYMTAB, expected 98 undefined symbols to start at index 1626, found 95 undefined symbols starting at index 1626
2025-07-31T20:54:01.3544610Z # github.com/ava-labs/subnet-evm/network.test
2025-07-31T20:54:01.3645890Z ld: warning: '/private/var/folders/y6/nj790rtn62lfktb1sh__79hc0000gn/T/go-link-1793392731/000068.o' has malformed LC_DYSYMTAB, expected 98 undefined symbols to start at index 1626, found 95 undefined symbols starting at index 1626
2025-07-31T20:54:01.8776450Z ?   	github.com/ava-labs/subnet-evm/network/peertest	[no test files]
2025-07-31T20:54:01.8879670Z 	github.com/ava-labs/subnet-evm/network/stats		coverage: 0.0% of statements
2025-07-31T20:54:01.9178240Z 	github.com/ava-labs/subnet-evm/node		coverage: 0.0% of statements
2025-07-31T20:54:03.3635500Z # github.com/ava-labs/subnet-evm/params.test
2025-07-31T20:54:03.3736910Z ld: warning: '/private/var/folders/y6/nj790rtn62lfktb1sh__79hc0000gn/T/go-link-1144152471/000068.o' has malformed LC_DYSYMTAB, expected 98 undefined symbols to start at index 1626, found 95 undefined symbols starting at index 1626
2025-07-31T20:54:05.6291140Z # github.com/ava-labs/subnet-evm/params/extras.test
2025-07-31T20:54:05.6392120Z ld: warning: '/private/var/folders/y6/nj790rtn62lfktb1sh__79hc0000gn/T/go-link-3597738694/000068.o' has malformed LC_DYSYMTAB, expected 98 undefined symbols to start at index 1626, found 95 undefined symbols starting at index 1626
2025-07-31T20:54:09.2882540Z 	github.com/ava-labs/subnet-evm/plugin		coverage: 0.0% of statements
2025-07-31T20:54:10.7979830Z # github.com/ava-labs/subnet-evm/plugin/evm/blockgascost.test
2025-07-31T20:54:10.8080500Z ld: warning: '/private/var/folders/y6/nj790rtn62lfktb1sh__79hc0000gn/T/go-link-3033047029/000012.o' has malformed LC_DYSYMTAB, expected 98 undefined symbols to start at index 1626, found 95 undefined symbols starting at index 1626
2025-07-31T20:54:18.2669710Z # github.com/ava-labs/subnet-evm/plugin/evm.test
2025-07-31T20:54:18.2771750Z ld: warning: '/private/var/folders/y6/nj790rtn62lfktb1sh__79hc0000gn/T/go-link-2545971555/000076.o' has malformed LC_DYSYMTAB, expected 98 undefined symbols to start at index 1626, found 95 undefined symbols starting at index 1626
2025-07-31T20:54:19.7675310Z 	github.com/ava-labs/subnet-evm/plugin/evm/client		coverage: 0.0% of statements
2025-07-31T20:54:20.7563870Z # github.com/ava-labs/subnet-evm/plugin/evm/config.test
2025-07-31T20:54:20.7665740Z ld: warning: '/private/var/folders/y6/nj790rtn62lfktb1sh__79hc0000gn/T/go-link-3788321412/000060.o' has malformed LC_DYSYMTAB, expected 98 undefined symbols to start at index 1626, found 95 undefined symbols starting at index 1626
2025-07-31T20:54:21.8187110Z 	github.com/ava-labs/subnet-evm/plugin/evm/customlogs		coverage: 0.0% of statements
2025-07-31T20:54:23.4295010Z # github.com/ava-labs/subnet-evm/plugin/evm/customrawdb.test
2025-07-31T20:54:23.4413820Z ld: warning: '/private/var/folders/y6/nj790rtn62lfktb1sh__79hc0000gn/T/go-link-3224875778/000070.o' has malformed LC_DYSYMTAB, expected 98 undefined symbols to start at index 1626, found 95 undefined symbols starting at index 1626
2025-07-31T20:54:28.1666640Z # github.com/ava-labs/subnet-evm/plugin/evm/customtypes.test
2025-07-31T20:54:28.1767390Z ld: warning: '/private/var/folders/y6/nj790rtn62lfktb1sh__79hc0000gn/T/go-link-2372152282/000070.o' has malformed LC_DYSYMTAB, expected 98 undefined symbols to start at index 1626, found 95 undefined symbols starting at index 1626
2025-07-31T20:54:32.7721070Z 	github.com/ava-labs/subnet-evm/plugin/evm/database		coverage: 0.0% of statements
2025-07-31T20:54:34.5383190Z # github.com/ava-labs/subnet-evm/plugin/evm/header.test
2025-07-31T20:54:34.5486960Z ld: warning: '/private/var/folders/y6/nj790rtn62lfktb1sh__79hc0000gn/T/go-link-4194822674/000068.o' has malformed LC_DYSYMTAB, expected 98 undefined symbols to start at index 1626, found 95 undefined symbols starting at index 1626
2025-07-31T20:54:39.3432200Z # github.com/ava-labs/subnet-evm/plugin/evm/message.test
2025-07-31T20:54:39.3554620Z ld: warning: '/private/var/folders/y6/nj790rtn62lfktb1sh__79hc0000gn/T/go-link-1466866177/000066.o' has malformed LC_DYSYMTAB, expected 98 undefined symbols to start at index 1626, found 95 undefined symbols starting at index 1626
2025-07-31T20:54:40.5786550Z ?   	github.com/ava-labs/subnet-evm/plugin/evm/upgrade/legacy	[no test files]
2025-07-31T20:54:43.4600860Z # github.com/ava-labs/subnet-evm/plugin/evm/validators.test
2025-07-31T20:54:43.4700650Z ld: warning: '/private/var/folders/y6/nj790rtn62lfktb1sh__79hc0000gn/T/go-link-42446582/000062.o' has malformed LC_DYSYMTAB, expected 98 undefined symbols to start at index 1626, found 95 undefined symbols starting at index 1626
2025-07-31T20:54:44.6341580Z ?   	github.com/ava-labs/subnet-evm/plugin/evm/validators/interfaces	[no test files]
2025-07-31T20:54:45.4833600Z # github.com/ava-labs/subnet-evm/plugin/evm/validators/state.test
2025-07-31T20:54:45.4936070Z ld: warning: '/private/var/folders/y6/nj790rtn62lfktb1sh__79hc0000gn/T/go-link-3840441944/000013.o' has malformed LC_DYSYMTAB, expected 98 undefined symbols to start at index 1626, found 95 undefined symbols starting at index 1626
2025-07-31T20:54:47.1319670Z # github.com/ava-labs/subnet-evm/plugin/evm/validators/state/interfaces.test
2025-07-31T20:54:47.1421630Z ld: warning: '/private/var/folders/y6/nj790rtn62lfktb1sh__79hc0000gn/T/go-link-4011852991/000013.o' has malformed LC_DYSYMTAB, expected 98 undefined symbols to start at index 1626, found 95 undefined symbols starting at index 1626
2025-07-31T20:54:49.1094950Z # github.com/ava-labs/subnet-evm/plugin/evm/validators/uptime.test
2025-07-31T20:54:49.1196960Z ld: warning: '/private/var/folders/y6/nj790rtn62lfktb1sh__79hc0000gn/T/go-link-3348757110/000013.o' has malformed LC_DYSYMTAB, expected 98 undefined symbols to start at index 1626, found 95 undefined symbols starting at index 1626
2025-07-31T20:54:50.2440970Z ?   	github.com/ava-labs/subnet-evm/plugin/evm/validators/uptime/interfaces	[no test files]
2025-07-31T20:54:50.2543130Z ?   	github.com/ava-labs/subnet-evm/plugin/evm/vmerrors	[no test files]
2025-07-31T20:54:50.2643630Z 	github.com/ava-labs/subnet-evm/plugin/runner		coverage: 0.0% of statements
2025-07-31T20:54:52.3284720Z # github.com/ava-labs/subnet-evm/precompile/allowlist.test
2025-07-31T20:54:52.3384250Z ld: warning: '/private/var/folders/y6/nj790rtn62lfktb1sh__79hc0000gn/T/go-link-1926668398/000068.o' has malformed LC_DYSYMTAB, expected 98 undefined symbols to start at index 1626, found 95 undefined symbols starting at index 1626
2025-07-31T20:54:56.8372230Z # github.com/ava-labs/subnet-evm/precompile/allowlist/allowlisttest.test
2025-07-31T20:54:56.8473710Z ld: warning: '/private/var/folders/y6/nj790rtn62lfktb1sh__79hc0000gn/T/go-link-2591791166/000076.o' has malformed LC_DYSYMTAB, expected 98 undefined symbols to start at index 1626, found 95 undefined symbols starting at index 1626
2025-07-31T20:54:59.2960840Z # github.com/ava-labs/subnet-evm/precompile/contract.test
2025-07-31T20:54:59.3063070Z ld: warning: '/private/var/folders/y6/nj790rtn62lfktb1sh__79hc0000gn/T/go-link-88259803/000068.o' has malformed LC_DYSYMTAB, expected 98 undefined symbols to start at index 1626, found 95 undefined symbols starting at index 1626
2025-07-31T20:55:00.5241820Z 	github.com/ava-labs/subnet-evm/precompile/contracts/deployerallowlist		coverage: 0.0% of statements
2025-07-31T20:55:02.5078570Z # github.com/ava-labs/subnet-evm/precompile/contracts/deployerallowlist/deployerallowlisttest.test
2025-07-31T20:55:02.5080030Z ld: warning: '/private/var/folders/y6/nj790rtn62lfktb1sh__79hc0000gn/T/go-link-2032732496/000076.o' has malformed LC_DYSYMTAB, expected 98 undefined symbols to start at index 1626, found 95 undefined symbols starting at index 1626
2025-07-31T20:55:05.6534680Z # github.com/ava-labs/subnet-evm/precompile/contracts/feemanager.test
2025-07-31T20:55:05.6639250Z ld: warning: '/private/var/folders/y6/nj790rtn62lfktb1sh__79hc0000gn/T/go-link-2158406233/000076.o' has malformed LC_DYSYMTAB, expected 98 undefined symbols to start at index 1626, found 95 undefined symbols starting at index 1626
2025-07-31T20:55:07.7397060Z # github.com/ava-labs/subnet-evm/precompile/contracts/nativeminter.test
2025-07-31T20:55:07.7498730Z ld: warning: '/private/var/folders/y6/nj790rtn62lfktb1sh__79hc0000gn/T/go-link-1663236933/000076.o' has malformed LC_DYSYMTAB, expected 98 undefined symbols to start at index 1626, found 95 undefined symbols starting at index 1626
2025-07-31T20:55:11.0128440Z # github.com/ava-labs/subnet-evm/precompile/contracts/rewardmanager.test
2025-07-31T20:55:11.0226700Z ld: warning: '/private/var/folders/y6/nj790rtn62lfktb1sh__79hc0000gn/T/go-link-2219783284/000076.o' has malformed LC_DYSYMTAB, expected 98 undefined symbols to start at index 1626, found 95 undefined symbols starting at index 1626
2025-07-31T20:55:14.1359400Z # github.com/ava-labs/subnet-evm/precompile/contracts/txallowlist.test
2025-07-31T20:55:14.1368320Z ld: warning: '/private/var/folders/y6/nj790rtn62lfktb1sh__79hc0000gn/T/go-link-4291665427/000076.o' has malformed LC_DYSYMTAB, expected 98 undefined symbols to start at index 1626, found 95 undefined symbols starting at index 1626
2025-07-31T20:55:17.1387900Z # github.com/ava-labs/subnet-evm/precompile/contracts/warp.test
2025-07-31T20:55:17.1512610Z ld: warning: '/private/var/folders/y6/nj790rtn62lfktb1sh__79hc0000gn/T/go-link-3998026412/000076.o' has malformed LC_DYSYMTAB, expected 98 undefined symbols to start at index 1626, found 95 undefined symbols starting at index 1626
2025-07-31T20:55:24.4720970Z # github.com/ava-labs/subnet-evm/precompile/modules.test
2025-07-31T20:55:24.4837500Z ld: warning: '/private/var/folders/y6/nj790rtn62lfktb1sh__79hc0000gn/T/go-link-1697062894/000068.o' has malformed LC_DYSYMTAB, expected 98 undefined symbols to start at index 1626, found 95 undefined symbols starting at index 1626
2025-07-31T20:55:26.5920210Z # github.com/ava-labs/subnet-evm/precompile/precompileconfig.test
2025-07-31T20:55:26.6024350Z ld: warning: '/private/var/folders/y6/nj790rtn62lfktb1sh__79hc0000gn/T/go-link-2867580162/000064.o' has malformed LC_DYSYMTAB, expected 98 undefined symbols to start at index 1626, found 95 undefined symbols starting at index 1626
2025-07-31T20:55:27.7456810Z 	github.com/ava-labs/subnet-evm/precompile/precompiletest		coverage: 0.0% of statements
2025-07-31T20:55:27.7477960Z ?   	github.com/ava-labs/subnet-evm/precompile/registry	[no test files]
2025-07-31T20:55:28.2855900Z # github.com/ava-labs/subnet-evm/predicate.test
2025-07-31T20:55:28.2861810Z ld: warning: '/private/var/folders/y6/nj790rtn62lfktb1sh__79hc0000gn/T/go-link-2087014752/000016.o' has malformed LC_DYSYMTAB, expected 98 undefined symbols to start at index 1626, found 95 undefined symbols starting at index 1626
2025-07-31T20:55:31.0081910Z # github.com/ava-labs/subnet-evm/rpc.test
2025-07-31T20:55:31.0087400Z ld: warning: '/private/var/folders/y6/nj790rtn62lfktb1sh__79hc0000gn/T/go-link-1666960028/000016.o' has malformed LC_DYSYMTAB, expected 98 undefined symbols to start at index 1626, found 95 undefined symbols starting at index 1626
2025-07-31T20:56:10.5467240Z 	github.com/ava-labs/subnet-evm/signer/core/apitypes		coverage: 0.0% of statements
2025-07-31T20:56:10.5495050Z 	github.com/ava-labs/subnet-evm/stateupgrade		coverage: 0.0% of statements
2025-07-31T20:56:19.9794570Z # github.com/ava-labs/subnet-evm/sync/client.test
2025-07-31T20:56:19.9797190Z ld: warning: '/private/var/folders/y6/nj790rtn62lfktb1sh__79hc0000gn/T/go-link-4102931410/000076.o' has malformed LC_DYSYMTAB, expected 98 undefined symbols to start at index 1626, found 95 undefined symbols starting at index 1626
2025-07-31T20:56:36.1316050Z 	github.com/ava-labs/subnet-evm/sync/client/stats		coverage: 0.0% of statements
2025-07-31T20:56:40.6313580Z # github.com/ava-labs/subnet-evm/sync/handlers.test
2025-07-31T20:56:40.6336440Z ld: warning: '/private/var/folders/y6/nj790rtn62lfktb1sh__79hc0000gn/T/go-link-776528925/000076.o' has malformed LC_DYSYMTAB, expected 98 undefined symbols to start at index 1626, found 95 undefined symbols starting at index 1626
2025-07-31T20:56:41.8180680Z -test.shuffle 1753995147172622000
2025-07-31T20:56:41.8295910Z --- FAIL: TestCorruptSnapshots (2.47s)
2025-07-31T20:56:41.8418860Z     --- FAIL: TestCorruptSnapshots/TestStatefulPrecompiles (0.01s)
2025-07-31T20:56:41.8662450Z         blockchain_ext_test.go:1704: invalid block gas cost: have 0, want 1000000
2025-07-31T20:56:41.8719870Z --- FAIL: TestArchiveBlockChain (2.36s)
2025-07-31T20:56:41.8843360Z     --- FAIL: TestArchiveBlockChain/TestStatefulPrecompiles (0.02s)
2025-07-31T20:56:41.8979660Z         blockchain_ext_test.go:1704: invalid block gas cost: have 0, want 1000000
2025-07-31T20:56:41.9078190Z --- FAIL: TestVerkleGenesisCommit (10.37s)
2025-07-31T20:56:41.9180070Z     genesis_test.go:417: invalid genesis state root, expected 14398d42be3394ff8d50681816a4b7bf8d8283306f577faba2d5bc57498de23b, got 22678ccc2daa04e91013ce47799973bd6c1824f37989d7cea4cbdcd79b39137f
2025-07-31T20:56:41.9305910Z --- FAIL: TestSetupGenesis (0.06s)
2025-07-31T20:56:41.9407120Z     --- FAIL: TestSetupGenesis/hash (0.02s)
2025-07-31T20:56:41.9507480Z         --- FAIL: TestSetupGenesis/hash/compatible_config_in_DB_hash (0.00s)
2025-07-31T20:56:41.9609830Z             genesis_test.go:198: returned error (*errors.errorString)missing last accepted block, want (interface {})<nil>
2025-07-31T20:56:41.9710140Z             genesis_test.go:204: returned hash 0x0000000000000000000000000000000000000000000000000000000000000000, want 0x4a12fe7bf8d40d152d7e9de22337b115186a4662aa3a97217b36146202bbfc66
2025-07-31T20:56:41.9811640Z         --- FAIL: TestSetupGenesis/hash/incompatible_config_for_avalanche_fork_in_DB_hash (0.02s)
2025-07-31T20:56:41.9914180Z             genesis_test.go:204: returned hash 0x345af9a5a615fe184e45989b850afeee399d10a69b0e49000733c2593f3c487e, want 0x4a12fe7bf8d40d152d7e9de22337b115186a4662aa3a97217b36146202bbfc66
2025-07-31T20:56:42.0013570Z     --- FAIL: TestSetupGenesis/path (0.03s)
2025-07-31T20:56:42.0115340Z         --- FAIL: TestSetupGenesis/path/compatible_config_in_DB_path (0.00s)
2025-07-31T20:56:42.0216760Z             genesis_test.go:198: returned error (*errors.errorString)missing last accepted block, want (interface {})<nil>
2025-07-31T20:56:42.0317930Z             genesis_test.go:204: returned hash 0x0000000000000000000000000000000000000000000000000000000000000000, want 0x4a12fe7bf8d40d152d7e9de22337b115186a4662aa3a97217b36146202bbfc66
2025-07-31T20:56:42.0418770Z         --- FAIL: TestSetupGenesis/path/incompatible_config_for_avalanche_fork_in_DB_path (0.02s)
2025-07-31T20:56:42.0521010Z             genesis_test.go:204: returned hash 0x345af9a5a615fe184e45989b850afeee399d10a69b0e49000733c2593f3c487e, want 0x4a12fe7bf8d40d152d7e9de22337b115186a4662aa3a97217b36146202bbfc66
2025-07-31T20:56:42.0620300Z     --- FAIL: TestSetupGenesis/firewood (0.01s)
2025-07-31T20:56:42.0721620Z         --- FAIL: TestSetupGenesis/firewood/compatible_config_in_DB_firewood (0.00s)
2025-07-31T20:56:42.0823640Z             genesis_test.go:198: returned error (*errors.errorString)missing last accepted block, want (interface {})<nil>
2025-07-31T20:56:42.0932760Z             genesis_test.go:204: returned hash 0x0000000000000000000000000000000000000000000000000000000000000000, want 0x4a12fe7bf8d40d152d7e9de22337b115186a4662aa3a97217b36146202bbfc66
2025-07-31T20:56:42.1025710Z         --- FAIL: TestSetupGenesis/firewood/incompatible_config_for_avalanche_fork_in_DB_firewood (0.01s)
2025-07-31T20:56:42.1128190Z             genesis_test.go:204: returned hash 0x345af9a5a615fe184e45989b850afeee399d10a69b0e49000733c2593f3c487e, want 0x4a12fe7bf8d40d152d7e9de22337b115186a4662aa3a97217b36146202bbfc66
2025-07-31T20:56:42.1229900Z --- FAIL: TestPruningBlockChainSnapsDisabled (3.04s)
2025-07-31T20:56:42.1331650Z     --- FAIL: TestPruningBlockChainSnapsDisabled/hash (1.64s)
2025-07-31T20:56:42.1433190Z         --- FAIL: TestPruningBlockChainSnapsDisabled/hash/TestStatefulPrecompiles (0.01s)
2025-07-31T20:56:42.1535000Z             blockchain_ext_test.go:1704: invalid block gas cost: have 0, want 1000000
2025-07-31T20:56:42.1635730Z     --- FAIL: TestPruningBlockChainSnapsDisabled/firewood (1.40s)
2025-07-31T20:56:42.1736820Z         --- FAIL: TestPruningBlockChainSnapsDisabled/firewood/TestStatefulPrecompiles (0.02s)
2025-07-31T20:56:42.1838190Z             blockchain_ext_test.go:1704: invalid block gas cost: have 0, want 1000000
2025-07-31T20:56:42.1938500Z --- FAIL: TestBlockChainOfflinePruningUngracefulShutdown (0.00s)
2025-07-31T20:56:42.2039770Z     --- FAIL: TestBlockChainOfflinePruningUngracefulShutdown/TestStatefulPrecompiles (0.04s)
2025-07-31T20:56:42.2142860Z         blockchain_ext_test.go:1704: invalid block gas cost: have 0, want 1000000
2025-07-31T20:56:42.2240740Z --- FAIL: TestTxLookupBlockChain (5.06s)
2025-07-31T20:56:42.2342660Z     --- FAIL: TestTxLookupBlockChain/TestStatefulPrecompiles (0.02s)
2025-07-31T20:56:42.2444780Z         blockchain_ext_test.go:1704: invalid block gas cost: have 0, want 1000000
2025-07-31T20:56:42.2545130Z --- FAIL: TestPruningBlockChainUngracefulShutdownSnapsDisabled (3.51s)
2025-07-31T20:56:42.2645050Z     --- FAIL: TestPruningBlockChainUngracefulShutdownSnapsDisabled/hash (2.18s)
2025-07-31T20:56:42.2746800Z         --- FAIL: TestPruningBlockChainUngracefulShutdownSnapsDisabled/hash/TestStatefulPrecompiles (0.01s)
2025-07-31T20:56:42.2847690Z             blockchain_ext_test.go:1704: invalid block gas cost: have 0, want 1000000
2025-07-31T20:56:42.2949040Z     --- FAIL: TestPruningBlockChainUngracefulShutdownSnapsDisabled/firewood (1.33s)
2025-07-31T20:56:42.3051530Z         --- FAIL: TestPruningBlockChainUngracefulShutdownSnapsDisabled/firewood/TestStatefulPrecompiles (0.01s)
2025-07-31T20:56:42.3153970Z             blockchain_ext_test.go:1704: invalid block gas cost: have 0, want 1000000
2025-07-31T20:56:42.3253420Z --- FAIL: TestPruningBlockChainUngracefulShutdown (3.50s)
2025-07-31T20:56:42.3354380Z     --- FAIL: TestPruningBlockChainUngracefulShutdown/TestStatefulPrecompiles (0.02s)
2025-07-31T20:56:42.3454840Z         blockchain_ext_test.go:1704: invalid block gas cost: have 0, want 1000000
2025-07-31T20:56:42.3556670Z --- FAIL: TestPruningBlockChain (4.34s)
2025-07-31T20:56:42.3656780Z     --- FAIL: TestPruningBlockChain/TestStatefulPrecompiles (0.02s)
2025-07-31T20:56:42.3758470Z         blockchain_ext_test.go:1704: invalid block gas cost: have 0, want 1000000
2025-07-31T20:56:42.3859630Z --- FAIL: TestArchiveBlockChainSnapsDisabled (2.76s)
2025-07-31T20:56:42.3961570Z     --- FAIL: TestArchiveBlockChainSnapsDisabled/TestStatefulPrecompiles (0.02s)
2025-07-31T20:56:42.4063090Z         blockchain_ext_test.go:1704: invalid block gas cost: have 0, want 1000000
2025-07-31T20:56:42.4169870Z --- FAIL: TestEnableSnapshots (7.55s)
2025-07-31T20:56:42.4271140Z     --- FAIL: TestEnableSnapshots/TestStatefulPrecompiles (0.02s)
2025-07-31T20:56:42.4372650Z         blockchain_ext_test.go:1704: invalid block gas cost: have 0, want 1000000
2025-07-31T20:56:42.4473820Z --- FAIL: TestTxLookupSkipIndexingBlockChain (7.64s)
2025-07-31T20:56:42.4577080Z     --- FAIL: TestTxLookupSkipIndexingBlockChain/TestStatefulPrecompiles (0.03s)
2025-07-31T20:56:42.4679720Z         blockchain_ext_test.go:1704: invalid block gas cost: have 0, want 1000000
2025-07-31T20:56:42.4781010Z From: `0xffffFFFfFFffffffffffffffFfFFFfffFFFfFFfE`
2025-07-31T20:56:42.4882620Z To: `0x000F3df6D732807Ef1319fB7B8bB8522d0Beac02`
2025-07-31T20:56:42.4984380Z Data: `0x0000000000000000000000000000000000000000000000000000000000000000`
2025-07-31T20:56:42.5086080Z Gas: `30000000`
2025-07-31T20:56:42.5087790Z Value `0` wei
2025-07-31T20:56:42.5189620Z 
2025-07-31T20:56:42.5290690Z |  Pc   |      Op     | Cost |   Stack   |   RStack  |  Refund |
2025-07-31T20:56:42.5395350Z |-------|-------------|------|-----------|-----------|---------|
2025-07-31T20:56:42.5496390Z 
2025-07-31T20:56:42.5597130Z Output: ``
2025-07-31T20:56:42.5698250Z Consumed gas: `0`
2025-07-31T20:56:42.5799270Z Error: `<nil>`
2025-07-31T20:56:42.5900190Z From: `0x71562b71999873DB5b286dF957af199Ec94617F7`
2025-07-31T20:56:42.6001450Z To: `0x000000000000000000000000000000000000BbBB`
2025-07-31T20:56:42.6102500Z Data: ``
2025-07-31T20:56:42.6212930Z Gas: `479000`
2025-07-31T20:56:42.6313820Z Value `0` wei
2025-07-31T20:56:42.6414690Z 
2025-07-31T20:56:42.6516920Z |  Pc   |      Op     | Cost |   Stack   |   RStack  |  Refund |
2025-07-31T20:56:42.6618340Z |-------|-------------|------|-----------|-----------|---------|
2025-07-31T20:56:42.6719560Z |    0  |      PUSH1  |    3 |        [] |         0 |
2025-07-31T20:56:42.6821080Z |    2  |       DUP1  |    3 |     [0x0] |         0 |
2025-07-31T20:56:42.6922340Z |    3  |       DUP1  |    3 | [0x0,0x0] |         0 |
2025-07-31T20:56:42.7023460Z |    4  |       DUP1  |    3 |[0x0,0x0,0x0] |         0 |
2025-07-31T20:56:42.7125020Z |    5  |      PUSH2  |    3 |[0x0,0x0,0x0,0x0] |         0 |
2025-07-31T20:56:42.7226620Z |    8  |        GAS  |    2 |[0x0,0x0,0x0,0x0,0xaaaa] |         0 |
2025-07-31T20:56:42.7327700Z |    9  | DELEGATECALL  |  471501 |[0x0,0x0,0x0,0x0,0xaaaa,0x74f07] |         0 |
2025-07-31T20:56:42.7428960Z |    0  |         PC  |    2 |        [] |         0 |
2025-07-31T20:56:42.7530600Z |    1  |         PC  |    2 |     [0x0] |         0 |
2025-07-31T20:56:42.7631710Z |    2  |      SLOAD  |  2100 | [0x0,0x1] |         0 |
2025-07-31T20:56:42.7732710Z |    3  |      SLOAD  |  2100 | [0x0,0x0] |         0 |
2025-07-31T20:56:42.7834080Z |    4  |       STOP  |    0 | [0x0,0x0] |         0 |
2025-07-31T20:56:42.7934960Z |   10  |       STOP  |    0 |     [0x1] |         0 |
2025-07-31T20:56:42.8036190Z 
2025-07-31T20:56:42.8137010Z Output: ``
2025-07-31T20:56:42.8238080Z Consumed gas: `4321`
2025-07-31T20:56:42.8331040Z Error: `<nil>`
2025-07-31T20:56:42.8352250Z FAIL
2025-07-31T20:56:42.8373040Z coverage: 70.7% of statements
2025-07-31T20:56:42.8394170Z FAIL	github.com/ava-labs/subnet-evm/core	254.683s
2025-07-31T20:56:42.8414910Z ok  	github.com/ava-labs/subnet-evm/core/bloombits	7.865s	coverage: 95.6% of statements
2025-07-31T20:56:42.8447430Z ok  	github.com/ava-labs/subnet-evm/core/extstate	1.045s	coverage: 23.1% of statements
2025-07-31T20:56:42.8482980Z ok  	github.com/ava-labs/subnet-evm/core/state	16.361s	coverage: 50.0% of statements
2025-07-31T20:56:42.8510150Z ok  	github.com/ava-labs/subnet-evm/core/state/snapshot	9.395s	coverage: 69.6% of statements
2025-07-31T20:56:42.8540150Z ok  	github.com/ava-labs/subnet-evm/core/txpool/blobpool	3.011s	coverage: 55.7% of statements
2025-07-31T20:56:42.8561370Z ok  	github.com/ava-labs/subnet-evm/core/txpool/legacypool	27.921s	coverage: 81.0% of statements
2025-07-31T20:56:42.8583080Z ok  	github.com/ava-labs/subnet-evm/core/vm/runtime	1.450s	coverage: 93.6% of statements
2025-07-31T20:56:42.8606320Z -test.shuffle 1753995184006154000
2025-07-31T20:56:42.8626130Z --- FAIL: TestStorageRangeAt (0.00s)
2025-07-31T20:56:42.8646500Z     api_debug_test.go:229: wrong result for range .., limit 0:
2025-07-31T20:56:42.8692000Z         got (eth.StorageRangeResult) {
2025-07-31T20:56:42.8728390Z             Storage: (eth.storageMap) {
2025-07-31T20:56:42.8751990Z             },
2025-07-31T20:56:42.8776860Z             NextKey: (*common.Hash)(0xc00003f980)((len=32 cap=32) 0x290decd9548b62a8d60345a988386fc84ba6bc95484008f6362f93160ef3e563)
2025-07-31T20:56:42.8889060Z         }
2025-07-31T20:56:42.8892580Z         
2025-07-31T20:56:42.9016850Z         want (*eth.StorageRangeResult)(0xc0001fa860)({
2025-07-31T20:56:42.9133290Z             Storage: (eth.storageMap) {
2025-07-31T20:56:42.9244140Z             },
2025-07-31T20:56:42.9350400Z             NextKey: (*common.Hash)(0xc000044280)((len=32 cap=32) 0x340dd630ad21bf010b4e676dbfa9ba9a02175262d1fa356232cfde6cb5b47ef2)
2025-07-31T20:56:42.9451960Z         })
2025-07-31T20:56:42.9553120Z FAIL
2025-07-31T20:56:42.9654180Z coverage: 2.9% of statements
2025-07-31T20:56:42.9760700Z FAIL	github.com/ava-labs/subnet-evm/eth	0.189s
2025-07-31T20:56:42.9864110Z ok  	github.com/ava-labs/subnet-evm/eth/filters	4.589s	coverage: 62.4% of statements
2025-07-31T20:56:42.9965150Z -test.shuffle 1753995193163781000
2025-07-31T20:56:43.0089320Z --- FAIL: TestSuggestGasPriceAfterFeeConfigUpdate (0.01s)
2025-07-31T20:56:43.0190450Z     gasprice_test.go:448: 
2025-07-31T20:56:43.0292120Z         	Error Trace:	/Users/runner/work/subnet-evm/subnet-evm/eth/gasprice/gasprice_test.go:448
2025-07-31T20:56:43.0393240Z         	Error:      	Received unexpected error:
2025-07-31T20:56:43.0494460Z         	            	invalid block gas cost: have 0, want 1000000
2025-07-31T20:56:43.0595980Z         	Test:       	TestSuggestGasPriceAfterFeeConfigUpdate
2025-07-31T20:56:43.0624790Z FAIL
2025-07-31T20:56:43.0737570Z coverage: 81.5% of statements
2025-07-31T20:56:43.0860520Z FAIL	github.com/ava-labs/subnet-evm/eth/gasprice	18.818s
2025-07-31T20:56:43.0969250Z ok  	github.com/ava-labs/subnet-evm/eth/tracers	6.871s	coverage: 42.9% of statements
2025-07-31T20:56:43.1039300Z ok  	github.com/ava-labs/subnet-evm/ethclient	1.174s	coverage: 0.0% of statements
2025-07-31T20:56:43.1142740Z ok  	github.com/ava-labs/subnet-evm/ethclient/simulated	1.396s	coverage: 84.0% of statements
2025-07-31T20:56:43.1223040Z ok  	github.com/ava-labs/subnet-evm/internal/ethapi	1.832s	coverage: 36.1% of statements
2025-07-31T20:56:43.1224090Z ok  	github.com/ava-labs/subnet-evm/internal/flags	1.147s	coverage: 5.1% of statements
2025-07-31T20:56:43.1224930Z ok  	github.com/ava-labs/subnet-evm/metrics/prometheus	1.183s	coverage: 100.0% of statements
2025-07-31T20:56:43.1225990Z ok  	github.com/ava-labs/subnet-evm/miner	1.686s	coverage: 15.6% of statements
2025-07-31T20:56:43.1226890Z ok  	github.com/ava-labs/subnet-evm/network	2.818s	coverage: 83.1% of statements
2025-07-31T20:56:43.1227640Z ok  	github.com/ava-labs/subnet-evm/params	1.175s	coverage: 53.2% of statements
2025-07-31T20:56:43.1228450Z ok  	github.com/ava-labs/subnet-evm/params/extras	1.081s	coverage: 67.0% of statements
2025-07-31T20:56:43.1230090Z 	github.com/ava-labs/subnet-evm/sync/handlers/stats		coverage: 0.0% of statements
2025-07-31T20:56:44.0069470Z # github.com/ava-labs/subnet-evm/sync/statesync.test
2025-07-31T20:56:44.0084210Z ld: warning: '/private/var/folders/y6/nj790rtn62lfktb1sh__79hc0000gn/T/go-link-816998381/000070.o' has malformed LC_DYSYMTAB, expected 98 undefined symbols to start at index 1626, found 95 undefined symbols starting at index 1626
2025-07-31T20:56:45.7888730Z -test.shuffle 1753995258994756000
2025-07-31T20:56:45.7989380Z --- FAIL: TestMustNotImport (0.46s)
2025-07-31T20:56:45.8090950Z     imports_test.go:74: 
2025-07-31T20:56:45.8195200Z         	Error Trace:	/Users/runner/work/subnet-evm/subnet-evm/plugin/evm/imports_test.go:74
2025-07-31T20:56:45.8301640Z         	Error:      	Should be false
2025-07-31T20:56:45.8431020Z         	Test:       	TestMustNotImport
2025-07-31T20:56:45.8558660Z         	Messages:   	package ethclient must not import github.com/ava-labs/subnet-evm/plugin/evm/customtypes, check output of go list -f '{{ .Deps }}' "github.com/ava-labs/subnet-evm/ethclient" 
2025-07-31T20:56:45.8663180Z --- FAIL: TestFeeManagerRegressionMempoolMinFeeAfterRestart (0.09s)
2025-07-31T20:56:45.8777330Z     vm_test.go:3450: 
2025-07-31T20:56:45.8885430Z         	Error Trace:	/Users/runner/work/subnet-evm/subnet-evm/plugin/evm/vm_test.go:3450
2025-07-31T20:56:45.8991040Z         	Error:      	Not equal: 
2025-07-31T20:56:45.9096890Z         	            	expected: commontype.FeeConfig{GasLimit:8000000, TargetBlockRate:0x2faf080, MinBaseFee:50000000, TargetGas:3396, BaseFeeChangeDenominator:3396, MinBlockGasCost:4000000, MaxBlockGasCost:4000000, BlockGasCostStep:500000}
2025-07-31T20:56:45.9220010Z         	            	actual  : commontype.FeeConfig{GasLimit:8000000, TargetBlockRate:0x5, MinBaseFee:50000000, TargetGas:18000000, BaseFeeChangeDenominator:3396, MinBlockGasCost:0, MaxBlockGasCost:4000000, BlockGasCostStep:500000}
2025-07-31T20:56:45.9340880Z         	            	
2025-07-31T20:56:45.9442920Z         	            	Diff:
2025-07-31T20:56:45.9544320Z         	            	--- Expected
2025-07-31T20:56:45.9644610Z         	            	+++ Actual
2025-07-31T20:56:45.9755930Z         	            	@@ -7,3 +7,3 @@
2025-07-31T20:56:45.9848030Z         	            	  }),
2025-07-31T20:56:45.9950020Z         	            	- TargetBlockRate: (uint64) 50000000,
2025-07-31T20:56:46.0053070Z         	            	+ TargetBlockRate: (uint64) 5,
2025-07-31T20:56:46.0154180Z         	            	  MinBaseFee: (*big.Int)({
2025-07-31T20:56:46.0255370Z         	            	@@ -17,3 +17,3 @@
2025-07-31T20:56:46.0357120Z         	            	   abs: (big.nat) (len=1) {
2025-07-31T20:56:46.0457570Z         	            	-   (big.Word) 3396
2025-07-31T20:56:46.0559720Z         	            	+   (big.Word) 18000000
2025-07-31T20:56:46.0660770Z         	            	   }
2025-07-31T20:56:46.0761750Z         	            	@@ -28,5 +28,3 @@
2025-07-31T20:56:46.0884990Z         	            	   neg: (bool) false,
2025-07-31T20:56:46.0991020Z         	            	-  abs: (big.nat) (len=1) {
2025-07-31T20:56:46.1092750Z         	            	-   (big.Word) 4000000
2025-07-31T20:56:46.1207110Z         	            	-  }
2025-07-31T20:56:46.1308850Z         	            	+  abs: (big.nat) <nil>
2025-07-31T20:56:46.1410780Z         	            	  }),
2025-07-31T20:56:46.1513160Z         	Test:       	TestFeeManagerRegressionMempoolMinFeeAfterRestart
2025-07-31T20:56:46.1616840Z --- FAIL: TestFeeManagerChangeFee (0.05s)
2025-07-31T20:56:46.1719440Z     vm_test.go:2654: 
2025-07-31T20:56:46.1821360Z         	Error Trace:	/Users/runner/work/subnet-evm/subnet-evm/plugin/evm/vm_test.go:2654
2025-07-31T20:56:46.1940160Z         	Error:      	Not equal: 
2025-07-31T20:56:46.2043740Z         	            	expected: commontype.FeeConfig{GasLimit:8000000, TargetBlockRate:0x12a05f200, MinBaseFee:5000000000, TargetGas:3396, BaseFeeChangeDenominator:3396, MinBlockGasCost:4000000, MaxBlockGasCost:4000000, BlockGasCostStep:500000}
2025-07-31T20:56:46.2148130Z         	            	actual  : commontype.FeeConfig{GasLimit:8000000, TargetBlockRate:0x5, MinBaseFee:5000000000, TargetGas:18000000, BaseFeeChangeDenominator:3396, MinBlockGasCost:0, MaxBlockGasCost:4000000, BlockGasCostStep:500000}
2025-07-31T20:56:46.2247380Z         	            	
2025-07-31T20:56:46.2348780Z         	            	Diff:
2025-07-31T20:56:46.2450140Z         	            	--- Expected
2025-07-31T20:56:46.2551030Z         	            	+++ Actual
2025-07-31T20:56:46.2651430Z         	            	@@ -7,3 +7,3 @@
2025-07-31T20:56:46.2752560Z         	            	  }),
2025-07-31T20:56:46.2852930Z         	            	- TargetBlockRate: (uint64) 5000000000,
2025-07-31T20:56:46.2953180Z         	            	+ TargetBlockRate: (uint64) 5,
2025-07-31T20:56:46.3054520Z         	            	  MinBaseFee: (*big.Int)({
2025-07-31T20:56:46.3154830Z         	            	@@ -17,3 +17,3 @@
2025-07-31T20:56:46.3256600Z         	            	   abs: (big.nat) (len=1) {
2025-07-31T20:56:46.3357200Z         	            	-   (big.Word) 3396
2025-07-31T20:56:46.3457020Z         	            	+   (big.Word) 18000000
2025-07-31T20:56:46.3558530Z         	            	   }
2025-07-31T20:56:46.3658950Z         	            	@@ -28,5 +28,3 @@
2025-07-31T20:56:46.3760360Z         	            	   neg: (bool) false,
2025-07-31T20:56:46.3861010Z         	            	-  abs: (big.nat) (len=1) {
2025-07-31T20:56:46.3961050Z         	            	-   (big.Word) 4000000
2025-07-31T20:56:46.4062570Z         	            	-  }
2025-07-31T20:56:46.4340330Z         	            	+  abs: (big.nat) <nil>
2025-07-31T20:56:46.4444340Z         	            	  }),
2025-07-31T20:56:46.4560500Z         	Test:       	TestFeeManagerChangeFee
2025-07-31T20:56:46.4678760Z FAIL
2025-07-31T20:56:46.4806120Z coverage: 64.8% of statements
2025-07-31T20:56:46.4928010Z FAIL	github.com/ava-labs/subnet-evm/plugin/evm	147.065s
2025-07-31T20:56:46.5043280Z ok  	github.com/ava-labs/subnet-evm/plugin/evm/blockgascost	1.051s	coverage: 93.3% of statements
2025-07-31T20:56:46.5167400Z ok  	github.com/ava-labs/subnet-evm/plugin/evm/config	1.032s	coverage: 11.1% of statements
2025-07-31T20:56:46.5290180Z ok  	github.com/ava-labs/subnet-evm/plugin/evm/customrawdb	1.059s	coverage: 31.3% of statements
2025-07-31T20:56:46.5419930Z ok  	github.com/ava-labs/subnet-evm/plugin/evm/customtypes	4.444s	coverage: 86.4% of statements
2025-07-31T20:56:46.5542190Z ok  	github.com/ava-labs/subnet-evm/plugin/evm/header	1.153s	coverage: 90.8% of statements
2025-07-31T20:56:46.5664140Z ok  	github.com/ava-labs/subnet-evm/plugin/evm/log	1.159s	coverage: 42.1% of statements
2025-07-31T20:56:46.5764260Z ok  	github.com/ava-labs/subnet-evm/plugin/evm/message	1.168s	coverage: 17.3% of statements
2025-07-31T20:56:46.5864980Z ok  	github.com/ava-labs/subnet-evm/plugin/evm/upgrade/subnetevm	1.038s	coverage: 100.0% of statements
2025-07-31T20:56:46.5966180Z ok  	github.com/ava-labs/subnet-evm/plugin/evm/validators	1.145s	coverage: 18.3% of statements
2025-07-31T20:56:46.6066390Z ok  	github.com/ava-labs/subnet-evm/plugin/evm/validators/state	1.044s	coverage: 72.6% of statements
2025-07-31T20:56:46.6169130Z ok  	github.com/ava-labs/subnet-evm/plugin/evm/validators/state/interfaces	1.166s	coverage: 0.0% of statements [no tests to run]
2025-07-31T20:56:46.6271720Z ok  	github.com/ava-labs/subnet-evm/plugin/evm/validators/uptime	1.114s	coverage: 62.9% of statements
2025-07-31T20:56:46.6371230Z ok  	github.com/ava-labs/subnet-evm/precompile/allowlist	1.173s	coverage: 18.5% of statements
2025-07-31T20:56:46.6473140Z ok  	github.com/ava-labs/subnet-evm/precompile/allowlist/allowlisttest	1.139s	coverage: 88.6% of statements
2025-07-31T20:56:46.6577510Z ok  	github.com/ava-labs/subnet-evm/precompile/contract	1.175s	coverage: 0.0% of statements
2025-07-31T20:56:46.6676800Z ok  	github.com/ava-labs/subnet-evm/precompile/contracts/deployerallowlist/deployerallowlisttest	1.237s	coverage: [no statements]
2025-07-31T20:56:46.6778390Z -test.shuffle 1753995305733258000
2025-07-31T20:56:46.6879980Z --- FAIL: TestFeeManager (0.07s)
2025-07-31T20:56:46.6980570Z     --- FAIL: TestFeeManager/get_fee_config_from_non-enabled_address (0.00s)
2025-07-31T20:56:46.7082270Z         test_precompile.go:83: 
2025-07-31T20:56:46.7185980Z             	Error Trace:	/Users/runner/work/subnet-evm/subnet-evm/precompile/precompiletest/test_precompile.go:83
2025-07-31T20:56:46.7286880Z             	            				/Users/runner/work/subnet-evm/subnet-evm/precompile/precompiletest/test_precompile.go:151
2025-07-31T20:56:46.7387410Z             	Error:      	Not equal: 
2025-07-31T20:56:46.7501160Z             	            	expected: []byte{0x0, 0x0, 0x0, 0x0, 0x0, 0x0, 0x0, 0x0, 0x0, 0x0, 0x0, 0x0, 0x0, 0x0, 0x0, 0x0, 0x0, 0x0, 0x0, 0x0, 0x0, 0x0, 0x0, 0x0, 0x0, 0x0, 0x0, 0x0, 0x0, 0x7a, 0x12, 0x0, 0x0, 0x0, 0x0, 0x0, 0x0, 0x0, 0x0, 0x0, 0x0, 0x0, 0x0, 0x0, 0x0, 0x0, 0x0, 0x0, 0x0, 0x0, 0x0, 0x0, 0x0, 0x0, 0x0, 0x0, 0x0, 0x0, 0x0, 0x0, 0x0, 0x0, 0x0, 0x2, 0x0, 0x0, 0x0, 0x0, 0x0, 0x0, 0x0, 0x0, 0x0, 0x0, 0x0, 0x0, 0x0, 0x0, 0x0, 0x0, 0x0, 0x0, 0x0, 0x0, 0x0, 0x0, 0x0, 0x0, 0x0, 0x0, 0x0, 0x5, 0xd2, 0x1d, 0xba, 0x0, 0x0, 0x0, 0x0, 0x0, 0x0, 0x0, 0x0, 0x0, 0x0, 0x0, 0x0, 0x0, 0x0, 0x0, 0x0, 0x0, 0x0, 0x0, 0x0, 0x0, 0x0, 0x0, 0x0, 0x0, 0x0, 0x0, 0x0, 0x0, 0x0, 0xe4, 0xe1, 0xc0, 0x0, 0x0, 0x0, 0x0, 0x0, 0x0, 0x0, 0x0, 0x0, 0x0, 0x0, 0x0, 0x0, 0x0, 0x0, 0x0, 0x0, 0x0, 0x0, 0x0, 0x0, 0x0, 0x0, 0x0, 0x0, 0x0, 0x0, 0x0, 0x0, 0x0, 0x0, 0x24, 0x0, 0x0, 0x0, 0x0, 0x0, 0x0, 0x0, 0x0, 0x0, 0x0, 0x0, 0x0, 0x0, 0x0, 0x0, 0x0, 0x0, 0x0, 0x0, 0x0, 0x0, 0x0, 0x0, 0x0, 0x0, 0x0, 0x0, 0x0, 0x0, 0x0, 0x0, 0x0, 0x0, 0x0, 0x0, 0x0, 0x0, 0x0, 0x0, 0x0, 0x0, 0x0, 0x0, 0x0, 0x0, 0x0, 0x0, 0x0, 0x0, 0x0, 0x0, 0x0, 0x0, 0x0, 0x0, 0x0, 0x0, 0x0, 0x0, 0x0, 0x0, 0xf, 0x42, 0x40, 0x0, 0x0, 0x0, 0x0, 0x0, 0x0, 0x0, 0x0, 0x0, 0x0, 0x0, 0x0, 0x0, 0x0, 0x0, 0x0, 0x0, 0x0, 0x0, 0x0, 0x0, 0x0, 0x0, 0x0, 0x0, 0x0, 0x0, 0x0, 0x0, 0x3, 0xd, 0x40}
2025-07-31T20:56:46.7601110Z             	            	actual  : []byte{0x0, 0x0, 0x0, 0x0, 0x0, 0x0, 0x0, 0x0, 0x0, 0x0, 0x0, 0x0, 0x0, 0x0, 0x0, 0x0, 0x0, 0x0, 0x0, 0x0, 0x0, 0x0, 0x0, 0x0, 0x0, 0x0, 0x0, 0x0, 0x0, 0x7a, 0x12, 0x0, 0x0, 0x0, 0x0, 0x0, 0x0, 0x0, 0x0, 0x0, 0x0, 0x0, 0x0, 0x0, 0x0, 0x0, 0x0, 0x0, 0x0, 0x0, 0x0, 0x0, 0x0, 0x0, 0x0, 0x0, 0x0, 0x0, 0x0, 0x5, 0xd2, 0x1d, 0xba, 0x0, 0x0, 0x0, 0x0, 0x0, 0x0, 0x0, 0x0, 0x0, 0x0, 0x0, 0x0, 0x0, 0x0, 0x0, 0x0, 0x0, 0x0, 0x0, 0x0, 0x0, 0x0, 0x0, 0x0, 0x0, 0x0, 0x0, 0x0, 0x5, 0xd2, 0x1d, 0xba, 0x0, 0x0, 0x0, 0x0, 0x0, 0x0, 0x0, 0x0, 0x0, 0x0, 0x0, 0x0, 0x0, 0x0, 0x0, 0x0, 0x0, 0x0, 0x0, 0x0, 0x0, 0x0, 0x0, 0x0, 0x0, 0x0, 0x0, 0x0, 0x0, 0x0, 0x0, 0x0, 0x24, 0x0, 0x0, 0x0, 0x0, 0x0, 0x0, 0x0, 0x0, 0x0, 0x0, 0x0, 0x0, 0x0, 0x0, 0x0, 0x0, 0x0, 0x0, 0x0, 0x0, 0x0, 0x0, 0x0, 0x0, 0x0, 0x0, 0x0, 0x0, 0x0, 0x0, 0x0, 0x24, 0x0, 0x0, 0x0, 0x0, 0x0, 0x0, 0x0, 0x0, 0x0, 0x0, 0x0, 0x0, 0x0, 0x0, 0x0, 0x0, 0x0, 0x0, 0x0, 0x0, 0x0, 0x0, 0x0, 0x0, 0x0, 0x0, 0x0, 0x0, 0x0, 0xf, 0x42, 0x40, 0x0, 0x0, 0x0, 0x0, 0x0, 0x0, 0x0, 0x0, 0x0, 0x0, 0x0, 0x0, 0x0, 0x0, 0x0, 0x0, 0x0, 0x0, 0x0, 0x0, 0x0, 0x0, 0x0, 0x0, 0x0, 0x0, 0x0, 0x0, 0x0, 0xf, 0x42, 0x40, 0x0, 0x0, 0x0, 0x0, 0x0, 0x0, 0x0, 0x0, 0x0, 0x0, 0x0, 0x0, 0x0, 0x0, 0x0, 0x0, 0x0, 0x0, 0x0, 0x0, 0x0, 0x0, 0x0, 0x0, 0x0, 0x0, 0x0, 0x0, 0x0, 0x3, 0xd, 0x40}
2025-07-31T20:56:46.7689420Z             	            	
2025-07-31T20:56:46.7791090Z             	            	Diff:
2025-07-31T20:56:46.7892390Z             	            	--- Expected
2025-07-31T20:56:46.7993790Z             	            	+++ Actual
2025-07-31T20:56:46.8095230Z             	            	@@ -4,3 +4,3 @@
2025-07-31T20:56:46.8197010Z             	            	  00000020  00 00 00 00 00 00 00 00  00 00 00 00 00 00 00 00  |................|
2025-07-31T20:56:46.8299000Z             	            	- 00000030  00 00 00 00 00 00 00 00  00 00 00 00 00 00 00 02  |................|
2025-07-31T20:56:46.8404130Z             	            	+ 00000030  00 00 00 00 00 00 00 00  00 00 00 05 d2 1d ba 00  |................|
2025-07-31T20:56:46.8506290Z             	            	  00000040  00 00 00 00 00 00 00 00  00 00 00 00 00 00 00 00  |................|
2025-07-31T20:56:46.8629450Z             	            	@@ -8,3 +8,3 @@
2025-07-31T20:56:46.8740350Z             	            	  00000060  00 00 00 00 00 00 00 00  00 00 00 00 00 00 00 00  |................|
2025-07-31T20:56:46.8861190Z             	            	- 00000070  00 00 00 00 00 00 00 00  00 00 00 00 00 e4 e1 c0  |................|
2025-07-31T20:56:46.8963230Z             	            	+ 00000070  00 00 00 00 00 00 00 00  00 00 00 00 00 00 00 24  |...............$|
2025-07-31T20:56:46.9065420Z             	            	  00000080  00 00 00 00 00 00 00 00  00 00 00 00 00 00 00 00  |................|
2025-07-31T20:56:46.9191780Z             	            	@@ -12,3 +12,3 @@
2025-07-31T20:56:46.9294240Z             	            	  000000a0  00 00 00 00 00 00 00 00  00 00 00 00 00 00 00 00  |................|
2025-07-31T20:56:46.9396990Z             	            	- 000000b0  00 00 00 00 00 00 00 00  00 00 00 00 00 00 00 00  |................|
2025-07-31T20:56:46.9498790Z             	            	+ 000000b0  00 00 00 00 00 00 00 00  00 00 00 00 00 0f 42 40  |..............B@|
2025-07-31T20:56:46.9600530Z             	            	  000000c0  00 00 00 00 00 00 00 00  00 00 00 00 00 00 00 00  |................|
2025-07-31T20:56:46.9702560Z             	Test:       	TestFeeManager/get_fee_config_from_non-enabled_address
2025-07-31T20:56:46.9803750Z     --- FAIL: TestFeeManager/set_invalid_config_from_enabled_address (0.00s)
2025-07-31T20:56:46.9905260Z         contract_test.go:131: 
2025-07-31T20:56:47.0015670Z             	Error Trace:	/Users/runner/work/subnet-evm/subnet-evm/precompile/contracts/feemanager/contract_test.go:131
2025-07-31T20:56:47.0117700Z             	            				/Users/runner/work/subnet-evm/subnet-evm/precompile/precompiletest/test_precompile.go:87
2025-07-31T20:56:47.0219720Z             	            				/Users/runner/work/subnet-evm/subnet-evm/precompile/precompiletest/test_precompile.go:151
2025-07-31T20:56:47.0320740Z             	Error:      	Not equal: 
2025-07-31T20:56:47.0423760Z             	            	expected: commontype.FeeConfig{GasLimit:8000000, TargetBlockRate:0x2, MinBaseFee:25000000000, TargetGas:15000000, BaseFeeChangeDenominator:36, MinBlockGasCost:0, MaxBlockGasCost:1000000, BlockGasCostStep:200000}
2025-07-31T20:56:47.0528720Z             	            	actual  : commontype.FeeConfig{GasLimit:8000000, TargetBlockRate:0x5d21dba00, MinBaseFee:25000000000, TargetGas:36, BaseFeeChangeDenominator:36, MinBlockGasCost:1000000, MaxBlockGasCost:1000000, BlockGasCostStep:200000}
2025-07-31T20:56:47.0637320Z             	            	
2025-07-31T20:56:47.0738220Z             	            	Diff:
2025-07-31T20:56:47.0857850Z             	            	--- Expected
2025-07-31T20:56:47.0958980Z             	            	+++ Actual
2025-07-31T20:56:47.1059990Z             	            	@@ -7,3 +7,3 @@
2025-07-31T20:56:47.1174900Z             	            	  }),
2025-07-31T20:56:47.1306830Z             	            	- TargetBlockRate: (uint64) 2,
2025-07-31T20:56:47.1441190Z             	            	+ TargetBlockRate: (uint64) 25000000000,
2025-07-31T20:56:47.1581360Z             	            	  MinBaseFee: (*big.Int)({
2025-07-31T20:56:47.1728570Z             	            	@@ -17,3 +17,3 @@
2025-07-31T20:56:47.1840450Z             	            	   abs: (big.nat) (len=1) {
2025-07-31T20:56:47.1949820Z             	            	-   (big.Word) 15000000
2025-07-31T20:56:47.2050890Z             	            	+   (big.Word) 36
2025-07-31T20:56:47.2151750Z             	            	   }
2025-07-31T20:56:47.2152240Z             	            	@@ -28,3 +28,5 @@
2025-07-31T20:56:47.2161030Z             	            	   neg: (bool) false,
2025-07-31T20:56:47.2264820Z             	            	-  abs: (big.nat) <nil>
2025-07-31T20:56:47.2372680Z             	            	+  abs: (big.nat) (len=1) {
2025-07-31T20:56:47.2473860Z             	            	+   (big.Word) 1000000
2025-07-31T20:56:47.2574860Z             	            	+  }
2025-07-31T20:56:47.2655160Z             	            	  }),
2025-07-31T20:56:47.2656130Z             	Test:       	TestFeeManager/set_invalid_config_from_enabled_address
2025-07-31T20:56:47.2657130Z     --- FAIL: TestFeeManager/set_config_from_enabled_address_succeeds_and_emits_logs (0.00s)
2025-07-31T20:56:47.2657750Z         contract_test.go:86: 
2025-07-31T20:56:47.2658760Z             	Error Trace:	/Users/runner/work/subnet-evm/subnet-evm/precompile/contracts/feemanager/contract_test.go:86
2025-07-31T20:56:47.2660570Z             	            				/Users/runner/work/subnet-evm/subnet-evm/precompile/precompiletest/test_precompile.go:87
2025-07-31T20:56:47.2662210Z             	            				/Users/runner/work/subnet-evm/subnet-evm/precompile/precompiletest/test_precompile.go:151
2025-07-31T20:56:47.2663140Z             	Error:      	Not equal: 
2025-07-31T20:56:47.2665870Z             	            	expected: commontype.FeeConfig{GasLimit:8000000, TargetBlockRate:0x2, MinBaseFee:25000000000, TargetGas:15000000, BaseFeeChangeDenominator:36, MinBlockGasCost:0, MaxBlockGasCost:1000000, BlockGasCostStep:200000}
2025-07-31T20:56:47.2669690Z             	            	actual  : commontype.FeeConfig{GasLimit:8000000, TargetBlockRate:0x5d21dba00, MinBaseFee:25000000000, TargetGas:36, BaseFeeChangeDenominator:36, MinBlockGasCost:1000000, MaxBlockGasCost:1000000, BlockGasCostStep:200000}
2025-07-31T20:56:47.2670690Z             	            	
2025-07-31T20:56:47.2671190Z             	            	Diff:
2025-07-31T20:56:47.2671710Z             	            	--- Expected
2025-07-31T20:56:47.2672220Z             	            	+++ Actual
2025-07-31T20:56:47.2672820Z             	            	@@ -7,3 +7,3 @@
2025-07-31T20:56:47.2673270Z             	            	  }),
2025-07-31T20:56:47.2674800Z             	            	- TargetBlockRate: (uint64) 2,
2025-07-31T20:56:47.2675680Z             	            	+ TargetBlockRate: (uint64) 25000000000,
2025-07-31T20:56:47.2676370Z             	            	  MinBaseFee: (*big.Int)({
2025-07-31T20:56:47.2676950Z             	            	@@ -17,3 +17,3 @@
2025-07-31T20:56:47.2677640Z             	            	   abs: (big.nat) (len=1) {
2025-07-31T20:56:47.2678410Z             	            	-   (big.Word) 15000000
2025-07-31T20:56:47.2679710Z             	            	+   (big.Word) 36
2025-07-31T20:56:47.2680200Z             	            	   }
2025-07-31T20:56:47.2680770Z             	            	@@ -28,3 +28,5 @@
2025-07-31T20:56:47.2681400Z             	            	   neg: (bool) false,
2025-07-31T20:56:47.2682090Z             	            	-  abs: (big.nat) <nil>
2025-07-31T20:56:47.2682760Z             	            	+  abs: (big.nat) (len=1) {
2025-07-31T20:56:47.2683390Z             	            	+   (big.Word) 1000000
2025-07-31T20:56:47.2684530Z             	            	+  }
2025-07-31T20:56:47.2684990Z             	            	  }),
2025-07-31T20:56:47.2685770Z             	Test:       	TestFeeManager/set_config_from_enabled_address_succeeds_and_emits_logs
2025-07-31T20:56:47.2686460Z     --- FAIL: TestFeeManager/get_last_changed_at_from_non-enabled_address (0.00s)
2025-07-31T20:56:47.2686990Z         contract_test.go:247: 
2025-07-31T20:56:47.2688000Z             	Error Trace:	/Users/runner/work/subnet-evm/subnet-evm/precompile/contracts/feemanager/contract_test.go:247
2025-07-31T20:56:47.2690160Z             	            				/Users/runner/work/subnet-evm/subnet-evm/precompile/precompiletest/test_precompile.go:87
2025-07-31T20:56:47.2691860Z             	            				/Users/runner/work/subnet-evm/subnet-evm/precompile/precompiletest/test_precompile.go:151
2025-07-31T20:56:47.2692450Z             	Error:      	Not equal: 
2025-07-31T20:56:47.2696230Z             	            	expected: commontype.FeeConfig{GasLimit:8000000, TargetBlockRate:0x2, MinBaseFee:25000000000, TargetGas:15000000, BaseFeeChangeDenominator:36, MinBlockGasCost:0, MaxBlockGasCost:1000000, BlockGasCostStep:200000}
2025-07-31T20:56:47.2699490Z             	            	actual  : commontype.FeeConfig{GasLimit:8000000, TargetBlockRate:0x5d21dba00, MinBaseFee:25000000000, TargetGas:36, BaseFeeChangeDenominator:36, MinBlockGasCost:1000000, MaxBlockGasCost:1000000, BlockGasCostStep:200000}
2025-07-31T20:56:47.2700360Z             	            	
2025-07-31T20:56:47.2700760Z             	            	Diff:
2025-07-31T20:56:47.2701340Z             	            	--- Expected
2025-07-31T20:56:47.2701850Z             	            	+++ Actual
2025-07-31T20:56:47.2702400Z             	            	@@ -7,3 +7,3 @@
2025-07-31T20:56:47.2703840Z             	            	  }),
2025-07-31T20:56:47.2704520Z             	            	- TargetBlockRate: (uint64) 2,
2025-07-31T20:56:47.2705360Z             	            	+ TargetBlockRate: (uint64) 25000000000,
2025-07-31T20:56:47.2706150Z             	            	  MinBaseFee: (*big.Int)({
2025-07-31T20:56:47.2810940Z             	            	@@ -17,3 +17,3 @@
2025-07-31T20:56:47.2812010Z             	            	   abs: (big.nat) (len=1) {
2025-07-31T20:56:47.2923020Z             	            	-   (big.Word) 15000000
2025-07-31T20:56:47.3026820Z             	            	+   (big.Word) 36
2025-07-31T20:56:47.3044110Z             	            	   }
2025-07-31T20:56:47.3145020Z             	            	@@ -28,3 +28,5 @@
2025-07-31T20:56:47.3156550Z             	            	   neg: (bool) false,
2025-07-31T20:56:47.3258070Z             	            	-  abs: (big.nat) <nil>
2025-07-31T20:56:47.3370840Z             	            	+  abs: (big.nat) (len=1) {
2025-07-31T20:56:47.3491450Z             	            	+   (big.Word) 1000000
2025-07-31T20:56:47.3609080Z             	            	+  }
2025-07-31T20:56:47.3662620Z             	            	  }),
2025-07-31T20:56:47.3669210Z             	Test:       	TestFeeManager/get_last_changed_at_from_non-enabled_address
2025-07-31T20:56:47.3754980Z     --- FAIL: TestFeeManager/set_config_from_admin_address (0.00s)
2025-07-31T20:56:47.3857870Z         contract_test.go:152: 
2025-07-31T20:56:47.3940110Z             	Error Trace:	/Users/runner/work/subnet-evm/subnet-evm/precompile/contracts/feemanager/contract_test.go:152
2025-07-31T20:56:47.4051040Z             	            				/Users/runner/work/subnet-evm/subnet-evm/precompile/precompiletest/test_precompile.go:87
2025-07-31T20:56:47.4175780Z             	            				/Users/runner/work/subnet-evm/subnet-evm/precompile/precompiletest/test_precompile.go:151
2025-07-31T20:56:47.4197830Z             	Error:      	Not equal: 
2025-07-31T20:56:47.4206310Z             	            	expected: commontype.FeeConfig{GasLimit:8000000, TargetBlockRate:0x2, MinBaseFee:25000000000, TargetGas:15000000, BaseFeeChangeDenominator:36, MinBlockGasCost:0, MaxBlockGasCost:1000000, BlockGasCostStep:200000}
2025-07-31T20:56:47.4289670Z             	            	actual  : commontype.FeeConfig{GasLimit:8000000, TargetBlockRate:0x5d21dba00, MinBaseFee:25000000000, TargetGas:36, BaseFeeChangeDenominator:36, MinBlockGasCost:1000000, MaxBlockGasCost:1000000, BlockGasCostStep:200000}
2025-07-31T20:56:47.4372040Z             	            	
2025-07-31T20:56:47.4485530Z             	            	Diff:
2025-07-31T20:56:47.4587340Z             	            	--- Expected
2025-07-31T20:56:47.4689240Z             	            	+++ Actual
2025-07-31T20:56:47.4791520Z             	            	@@ -7,3 +7,3 @@
2025-07-31T20:56:47.4820940Z             	            	  }),
2025-07-31T20:56:47.4822990Z             	            	- TargetBlockRate: (uint64) 2,
2025-07-31T20:56:47.4824320Z             	            	+ TargetBlockRate: (uint64) 25000000000,
2025-07-31T20:56:47.4826170Z             	            	  MinBaseFee: (*big.Int)({
2025-07-31T20:56:47.4827710Z             	            	@@ -17,3 +17,3 @@
2025-07-31T20:56:47.4828790Z             	            	   abs: (big.nat) (len=1) {
2025-07-31T20:56:47.4830410Z             	            	-   (big.Word) 15000000
2025-07-31T20:56:47.4832100Z             	            	+   (big.Word) 36
2025-07-31T20:56:47.4832790Z             	            	   }
2025-07-31T20:56:47.4834610Z             	            	@@ -28,3 +28,5 @@
2025-07-31T20:56:47.4836230Z             	            	   neg: (bool) false,
2025-07-31T20:56:47.4837040Z             	            	-  abs: (big.nat) <nil>
2025-07-31T20:56:47.4838590Z             	            	+  abs: (big.nat) (len=1) {
2025-07-31T20:56:47.4840350Z             	            	+   (big.Word) 1000000
2025-07-31T20:56:47.4841430Z             	            	+  }
2025-07-31T20:56:47.4842280Z             	            	  }),
2025-07-31T20:56:47.4844510Z             	Test:       	TestFeeManager/set_config_from_admin_address
2025-07-31T20:56:47.4845400Z     --- FAIL: TestFeeManager/setFeeConfig_regression_test_should_succeed_after_Durango (0.00s)
2025-07-31T20:56:47.4846680Z         contract_test.go:394: 
2025-07-31T20:56:47.4849230Z             	Error Trace:	/Users/runner/work/subnet-evm/subnet-evm/precompile/contracts/feemanager/contract_test.go:394
2025-07-31T20:56:47.4852320Z             	            				/Users/runner/work/subnet-evm/subnet-evm/precompile/precompiletest/test_precompile.go:87
2025-07-31T20:56:47.4854000Z             	            				/Users/runner/work/subnet-evm/subnet-evm/precompile/precompiletest/test_precompile.go:151
2025-07-31T20:56:47.4855480Z             	Error:      	Not equal: 
2025-07-31T20:56:47.4859540Z             	            	expected: commontype.FeeConfig{GasLimit:25000000, TargetBlockRate:0x2, MinBaseFee:5000000000, TargetGas:75000000, BaseFeeChangeDenominator:84, MinBlockGasCost:0, MaxBlockGasCost:2000000000000000000, BlockGasCostStep:1000000000000000000}
2025-07-31T20:56:47.4863450Z             	            	actual  : commontype.FeeConfig{GasLimit:25000000, TargetBlockRate:0x12a05f200, MinBaseFee:5000000000, TargetGas:84, BaseFeeChangeDenominator:84, MinBlockGasCost:2000000000000000000, MaxBlockGasCost:2000000000000000000, BlockGasCostStep:1000000000000000000}
2025-07-31T20:56:47.4864930Z             	            	
2025-07-31T20:56:47.4866350Z             	            	Diff:
2025-07-31T20:56:47.4867210Z             	            	--- Expected
2025-07-31T20:56:47.4869270Z             	            	+++ Actual
2025-07-31T20:56:47.4870890Z             	            	@@ -7,3 +7,3 @@
2025-07-31T20:56:47.4871990Z             	            	  }),
2025-07-31T20:56:47.4873560Z             	            	- TargetBlockRate: (uint64) 2,
2025-07-31T20:56:47.4875430Z             	            	+ TargetBlockRate: (uint64) 5000000000,
2025-07-31T20:56:47.4876240Z             	            	  MinBaseFee: (*big.Int)({
2025-07-31T20:56:47.4877120Z             	            	@@ -17,3 +17,3 @@
2025-07-31T20:56:47.4893970Z             	            	   abs: (big.nat) (len=1) {
2025-07-31T20:56:47.4895130Z             	            	-   (big.Word) 75000000
2025-07-31T20:56:47.4896290Z             	            	+   (big.Word) 84
2025-07-31T20:56:47.4897900Z             	            	   }
2025-07-31T20:56:47.4898920Z             	            	@@ -28,3 +28,5 @@
2025-07-31T20:56:47.4900680Z             	            	   neg: (bool) false,
2025-07-31T20:56:47.4902490Z             	            	-  abs: (big.nat) <nil>
2025-07-31T20:56:47.4903290Z             	            	+  abs: (big.nat) (len=1) {
2025-07-31T20:56:47.4904950Z             	            	+   (big.Word) 2000000000000000000
2025-07-31T20:56:47.4906460Z             	            	+  }
2025-07-31T20:56:47.4940390Z             	            	  }),
2025-07-31T20:56:47.4942330Z             	Test:       	TestFeeManager/setFeeConfig_regression_test_should_succeed_after_Durango
2025-07-31T20:56:47.4942900Z     --- FAIL: TestFeeManager/set_config_from_manager_succeeds (0.00s)
2025-07-31T20:56:47.5027730Z         contract_test.go:106: 
2025-07-31T20:56:47.5028840Z             	Error Trace:	/Users/runner/work/subnet-evm/subnet-evm/precompile/contracts/feemanager/contract_test.go:106
2025-07-31T20:56:47.5030950Z             	            				/Users/runner/work/subnet-evm/subnet-evm/precompile/precompiletest/test_precompile.go:87
2025-07-31T20:56:47.5032750Z             	            				/Users/runner/work/subnet-evm/subnet-evm/precompile/precompiletest/test_precompile.go:151
2025-07-31T20:56:47.5033760Z             	Error:      	Not equal: 
2025-07-31T20:56:47.5037740Z             	            	expected: commontype.FeeConfig{GasLimit:8000000, TargetBlockRate:0x2, MinBaseFee:25000000000, TargetGas:15000000, BaseFeeChangeDenominator:36, MinBlockGasCost:0, MaxBlockGasCost:1000000, BlockGasCostStep:200000}
2025-07-31T20:56:47.5042140Z             	            	actual  : commontype.FeeConfig{GasLimit:8000000, TargetBlockRate:0x5d21dba00, MinBaseFee:25000000000, TargetGas:36, BaseFeeChangeDenominator:36, MinBlockGasCost:1000000, MaxBlockGasCost:1000000, BlockGasCostStep:200000}
2025-07-31T20:56:47.5043870Z             	            	
2025-07-31T20:56:47.5044590Z             	            	Diff:
2025-07-31T20:56:47.5077000Z             	            	--- Expected
2025-07-31T20:56:47.5081120Z             	            	+++ Actual
2025-07-31T20:56:47.5081670Z             	            	@@ -7,3 +7,3 @@
2025-07-31T20:56:47.5094610Z             	            	  }),
2025-07-31T20:56:47.5095900Z             	            	- TargetBlockRate: (uint64) 2,
2025-07-31T20:56:47.5096980Z             	            	+ TargetBlockRate: (uint64) 25000000000,
2025-07-31T20:56:47.5098090Z             	            	  MinBaseFee: (*big.Int)({
2025-07-31T20:56:47.5100130Z             	            	@@ -17,3 +17,3 @@
2025-07-31T20:56:47.5101110Z             	            	   abs: (big.nat) (len=1) {
2025-07-31T20:56:47.5102220Z             	            	-   (big.Word) 15000000
2025-07-31T20:56:47.5103690Z             	            	+   (big.Word) 36
2025-07-31T20:56:47.5105030Z             	            	   }
2025-07-31T20:56:47.5105830Z             	            	@@ -28,3 +28,5 @@
2025-07-31T20:56:47.5107440Z             	            	   neg: (bool) false,
2025-07-31T20:56:47.5109130Z             	            	-  abs: (big.nat) <nil>
2025-07-31T20:56:47.5109760Z             	            	+  abs: (big.nat) (len=1) {
2025-07-31T20:56:47.5111380Z             	            	+   (big.Word) 1000000
2025-07-31T20:56:47.5112750Z             	            	+  }
2025-07-31T20:56:47.5113480Z             	            	  }),
2025-07-31T20:56:47.5115250Z             	Test:       	TestFeeManager/set_config_from_manager_succeeds
2025-07-31T20:56:47.5116960Z     --- FAIL: TestFeeManager/set_config_with_extra_padded_bytes_should_succeed_with_Durango (0.00s)
2025-07-31T20:56:47.5117550Z         contract_test.go:350: 
2025-07-31T20:56:47.5119510Z             	Error Trace:	/Users/runner/work/subnet-evm/subnet-evm/precompile/contracts/feemanager/contract_test.go:350
2025-07-31T20:56:47.5121990Z             	            				/Users/runner/work/subnet-evm/subnet-evm/precompile/precompiletest/test_precompile.go:87
2025-07-31T20:56:47.5124160Z             	            				/Users/runner/work/subnet-evm/subnet-evm/precompile/precompiletest/test_precompile.go:151
2025-07-31T20:56:47.5125190Z             	Error:      	Not equal: 
2025-07-31T20:56:47.5128840Z             	            	expected: commontype.FeeConfig{GasLimit:8000000, TargetBlockRate:0x2, MinBaseFee:25000000000, TargetGas:15000000, BaseFeeChangeDenominator:36, MinBlockGasCost:0, MaxBlockGasCost:1000000, BlockGasCostStep:200000}
2025-07-31T20:56:47.5132610Z             	            	actual  : commontype.FeeConfig{GasLimit:8000000, TargetBlockRate:0x5d21dba00, MinBaseFee:25000000000, TargetGas:36, BaseFeeChangeDenominator:36, MinBlockGasCost:1000000, MaxBlockGasCost:1000000, BlockGasCostStep:200000}
2025-07-31T20:56:47.5133850Z             	            	
2025-07-31T20:56:47.5135290Z             	            	Diff:
2025-07-31T20:56:47.5136970Z             	            	--- Expected
2025-07-31T20:56:47.5137660Z             	            	+++ Actual
2025-07-31T20:56:47.5139050Z             	            	@@ -7,3 +7,3 @@
2025-07-31T20:56:47.5140580Z             	            	  }),
2025-07-31T20:56:47.5141640Z             	            	- TargetBlockRate: (uint64) 2,
2025-07-31T20:56:47.5142960Z             	            	+ TargetBlockRate: (uint64) 25000000000,
2025-07-31T20:56:47.5144350Z             	            	  MinBaseFee: (*big.Int)({
2025-07-31T20:56:47.5145470Z             	            	@@ -17,3 +17,3 @@
2025-07-31T20:56:47.5146340Z             	            	   abs: (big.nat) (len=1) {
2025-07-31T20:56:47.5147880Z             	            	-   (big.Word) 15000000
2025-07-31T20:56:47.5149110Z             	            	+   (big.Word) 36
2025-07-31T20:56:47.5149630Z             	            	   }
2025-07-31T20:56:47.5151120Z             	            	@@ -28,3 +28,5 @@
2025-07-31T20:56:47.5152740Z             	            	   neg: (bool) false,
2025-07-31T20:56:47.5153750Z             	            	-  abs: (big.nat) <nil>
2025-07-31T20:56:47.5155000Z             	            	+  abs: (big.nat) (len=1) {
2025-07-31T20:56:47.5156460Z             	            	+   (big.Word) 1000000
2025-07-31T20:56:47.5157210Z             	            	+  }
2025-07-31T20:56:47.5158310Z             	            	  }),
2025-07-31T20:56:47.5160380Z             	Test:       	TestFeeManager/set_config_with_extra_padded_bytes_should_succeed_with_Durango
2025-07-31T20:56:47.5161370Z     --- FAIL: TestFeeManager/get_initial_fee_config (0.00s)
2025-07-31T20:56:47.5162000Z         test_precompile.go:83: 
2025-07-31T20:56:47.5164400Z             	Error Trace:	/Users/runner/work/subnet-evm/subnet-evm/precompile/precompiletest/test_precompile.go:83
2025-07-31T20:56:47.5166020Z             	            				/Users/runner/work/subnet-evm/subnet-evm/precompile/precompiletest/test_precompile.go:151
2025-07-31T20:56:47.5167620Z             	Error:      	Not equal: 
2025-07-31T20:56:47.5181410Z             	            	expected: []byte{0x0, 0x0, 0x0, 0x0, 0x0, 0x0, 0x0, 0x0, 0x0, 0x0, 0x0, 0x0, 0x0, 0x0, 0x0, 0x0, 0x0, 0x0, 0x0, 0x0, 0x0, 0x0, 0x0, 0x0, 0x0, 0x0, 0x0, 0x0, 0x0, 0x7a, 0x12, 0x0, 0x0, 0x0, 0x0, 0x0, 0x0, 0x0, 0x0, 0x0, 0x0, 0x0, 0x0, 0x0, 0x0, 0x0, 0x0, 0x0, 0x0, 0x0, 0x0, 0x0, 0x0, 0x0, 0x0, 0x0, 0x0, 0x0, 0x0, 0x0, 0x0, 0x0, 0x0, 0x2, 0x0, 0x0, 0x0, 0x0, 0x0, 0x0, 0x0, 0x0, 0x0, 0x0, 0x0, 0x0, 0x0, 0x0, 0x0, 0x0, 0x0, 0x0, 0x0, 0x0, 0x0, 0x0, 0x0, 0x0, 0x0, 0x0, 0x0, 0x5, 0xd2, 0x1d, 0xba, 0x0, 0x0, 0x0, 0x0, 0x0, 0x0, 0x0, 0x0, 0x0, 0x0, 0x0, 0x0, 0x0, 0x0, 0x0, 0x0, 0x0, 0x0, 0x0, 0x0, 0x0, 0x0, 0x0, 0x0, 0x0, 0x0, 0x0, 0x0, 0x0, 0x0, 0xe4, 0xe1, 0xc0, 0x0, 0x0, 0x0, 0x0, 0x0, 0x0, 0x0, 0x0, 0x0, 0x0, 0x0, 0x0, 0x0, 0x0, 0x0, 0x0, 0x0, 0x0, 0x0, 0x0, 0x0, 0x0, 0x0, 0x0, 0x0, 0x0, 0x0, 0x0, 0x0, 0x0, 0x0, 0x24, 0x0, 0x0, 0x0, 0x0, 0x0, 0x0, 0x0, 0x0, 0x0, 0x0, 0x0, 0x0, 0x0, 0x0, 0x0, 0x0, 0x0, 0x0, 0x0, 0x0, 0x0, 0x0, 0x0, 0x0, 0x0, 0x0, 0x0, 0x0, 0x0, 0x0, 0x0, 0x0, 0x0, 0x0, 0x0, 0x0, 0x0, 0x0, 0x0, 0x0, 0x0, 0x0, 0x0, 0x0, 0x0, 0x0, 0x0, 0x0, 0x0, 0x0, 0x0, 0x0, 0x0, 0x0, 0x0, 0x0, 0x0, 0x0, 0x0, 0x0, 0x0, 0xf, 0x42, 0x40, 0x0, 0x0, 0x0, 0x0, 0x0, 0x0, 0x0, 0x0, 0x0, 0x0, 0x0, 0x0, 0x0, 0x0, 0x0, 0x0, 0x0, 0x0, 0x0, 0x0, 0x0, 0x0, 0x0, 0x0, 0x0, 0x0, 0x0, 0x0, 0x0, 0x3, 0xd, 0x40}
2025-07-31T20:56:47.5297120Z             	            	actual  : []byte{0x0, 0x0, 0x0, 0x0, 0x0, 0x0, 0x0, 0x0, 0x0, 0x0, 0x0, 0x0, 0x0, 0x0, 0x0, 0x0, 0x0, 0x0, 0x0, 0x0, 0x0, 0x0, 0x0, 0x0, 0x0, 0x0, 0x0, 0x0, 0x0, 0x7a, 0x12, 0x0, 0x0, 0x0, 0x0, 0x0, 0x0, 0x0, 0x0, 0x0, 0x0, 0x0, 0x0, 0x0, 0x0, 0x0, 0x0, 0x0, 0x0, 0x0, 0x0, 0x0, 0x0, 0x0, 0x0, 0x0, 0x0, 0x0, 0x0, 0x5, 0xd2, 0x1d, 0xba, 0x0, 0x0, 0x0, 0x0, 0x0, 0x0, 0x0, 0x0, 0x0, 0x0, 0x0, 0x0, 0x0, 0x0, 0x0, 0x0, 0x0, 0x0, 0x0, 0x0, 0x0, 0x0, 0x0, 0x0, 0x0, 0x0, 0x0, 0x0, 0x5, 0xd2, 0x1d, 0xba, 0x0, 0x0, 0x0, 0x0, 0x0, 0x0, 0x0, 0x0, 0x0, 0x0, 0x0, 0x0, 0x0, 0x0, 0x0, 0x0, 0x0, 0x0, 0x0, 0x0, 0x0, 0x0, 0x0, 0x0, 0x0, 0x0, 0x0, 0x0, 0x0, 0x0, 0x0, 0x0, 0x24, 0x0, 0x0, 0x0, 0x0, 0x0, 0x0, 0x0, 0x0, 0x0, 0x0, 0x0, 0x0, 0x0, 0x0, 0x0, 0x0, 0x0, 0x0, 0x0, 0x0, 0x0, 0x0, 0x0, 0x0, 0x0, 0x0, 0x0, 0x0, 0x0, 0x0, 0x0, 0x24, 0x0, 0x0, 0x0, 0x0, 0x0, 0x0, 0x0, 0x0, 0x0, 0x0, 0x0, 0x0, 0x0, 0x0, 0x0, 0x0, 0x0, 0x0, 0x0, 0x0, 0x0, 0x0, 0x0, 0x0, 0x0, 0x0, 0x0, 0x0, 0x0, 0xf, 0x42, 0x40, 0x0, 0x0, 0x0, 0x0, 0x0, 0x0, 0x0, 0x0, 0x0, 0x0, 0x0, 0x0, 0x0, 0x0, 0x0, 0x0, 0x0, 0x0, 0x0, 0x0, 0x0, 0x0, 0x0, 0x0, 0x0, 0x0, 0x0, 0x0, 0x0, 0xf, 0x42, 0x40, 0x0, 0x0, 0x0, 0x0, 0x0, 0x0, 0x0, 0x0, 0x0, 0x0, 0x0, 0x0, 0x0, 0x0, 0x0, 0x0, 0x0, 0x0, 0x0, 0x0, 0x0, 0x0, 0x0, 0x0, 0x0, 0x0, 0x0, 0x0, 0x0, 0x3, 0xd, 0x40}
2025-07-31T20:56:47.5355960Z             	            	
2025-07-31T20:56:47.5356510Z             	            	Diff:
2025-07-31T20:56:47.5358940Z             	            	--- Expected
2025-07-31T20:56:47.5372580Z             	            	+++ Actual
2025-07-31T20:56:47.5374860Z             	            	@@ -4,3 +4,3 @@
2025-07-31T20:56:47.5377530Z             	            	  00000020  00 00 00 00 00 00 00 00  00 00 00 00 00 00 00 00  |................|
2025-07-31T20:56:47.5380590Z             	            	- 00000030  00 00 00 00 00 00 00 00  00 00 00 00 00 00 00 02  |................|
2025-07-31T20:56:47.5385030Z             	            	+ 00000030  00 00 00 00 00 00 00 00  00 00 00 05 d2 1d ba 00  |................|
2025-07-31T20:56:47.5386850Z             	            	  00000040  00 00 00 00 00 00 00 00  00 00 00 00 00 00 00 00  |................|
2025-07-31T20:56:47.5389370Z             	            	@@ -8,3 +8,3 @@
2025-07-31T20:56:47.5392200Z             	            	  00000060  00 00 00 00 00 00 00 00  00 00 00 00 00 00 00 00  |................|
2025-07-31T20:56:47.5395040Z             	            	- 00000070  00 00 00 00 00 00 00 00  00 00 00 00 00 e4 e1 c0  |................|
2025-07-31T20:56:47.5397360Z             	            	+ 00000070  00 00 00 00 00 00 00 00  00 00 00 00 00 00 00 24  |...............$|
2025-07-31T20:56:47.5400510Z             	            	  00000080  00 00 00 00 00 00 00 00  00 00 00 00 00 00 00 00  |................|
2025-07-31T20:56:47.5401270Z             	            	@@ -12,3 +12,3 @@
2025-07-31T20:56:47.5405340Z             	            	  000000a0  00 00 00 00 00 00 00 00  00 00 00 00 00 00 00 00  |................|
2025-07-31T20:56:47.5408160Z             	            	- 000000b0  00 00 00 00 00 00 00 00  00 00 00 00 00 00 00 00  |................|
2025-07-31T20:56:47.5409920Z             	            	+ 000000b0  00 00 00 00 00 00 00 00  00 00 00 00 00 0f 42 40  |..............B@|
2025-07-31T20:56:47.5413320Z             	            	  000000c0  00 00 00 00 00 00 00 00  00 00 00 00 00 00 00 00  |................|
2025-07-31T20:56:47.5415940Z             	Test:       	TestFeeManager/get_initial_fee_config
2025-07-31T20:56:47.5416880Z FAIL
2025-07-31T20:56:47.5420170Z coverage: 82.2% of statements
2025-07-31T20:56:47.5421140Z FAIL	github.com/ava-labs/subnet-evm/precompile/contracts/feemanager	0.135s
2025-07-31T20:56:47.5423520Z ok  	github.com/ava-labs/subnet-evm/precompile/contracts/nativeminter	1.207s	coverage: 87.4% of statements
2025-07-31T20:56:47.5425740Z ok  	github.com/ava-labs/subnet-evm/precompile/contracts/rewardmanager	1.197s	coverage: 83.2% of statements
2025-07-31T20:56:47.5428200Z ok  	github.com/ava-labs/subnet-evm/precompile/contracts/txallowlist	1.211s	coverage: 64.7% of statements
2025-07-31T20:56:47.5430240Z ok  	github.com/ava-labs/subnet-evm/precompile/contracts/warp	6.049s	coverage: 76.3% of statements
2025-07-31T20:56:47.5431230Z ok  	github.com/ava-labs/subnet-evm/precompile/modules	1.076s	coverage: 46.9% of statements
2025-07-31T20:56:47.5433700Z ok  	github.com/ava-labs/subnet-evm/precompile/precompileconfig	1.108s	coverage: 0.0% of statements [no tests to run]
2025-07-31T20:56:47.5437180Z ok  	github.com/ava-labs/subnet-evm/predicate	1.173s	coverage: 58.5% of statements
2025-07-31T20:56:47.5437860Z ok  	github.com/ava-labs/subnet-evm/rpc	38.794s	coverage: 83.3% of statements
2025-07-31T20:56:47.5439000Z ok  	github.com/ava-labs/subnet-evm/sync/client	15.986s	coverage: 53.8% of statements
2025-07-31T20:56:47.5439720Z 	github.com/ava-labs/subnet-evm/sync/statesync/statesynctest		coverage: 0.0% of statements
2025-07-31T20:56:47.5441870Z 	github.com/ava-labs/subnet-evm/sync/syncutils		coverage: 0.0% of statements
2025-07-31T20:56:47.5442590Z 	github.com/ava-labs/subnet-evm/triedb/firewood		coverage: 0.0% of statements
2025-07-31T20:56:47.5446090Z 	github.com/ava-labs/subnet-evm/triedb/hashdb		coverage: 0.0% of statements
2025-07-31T20:56:47.9322810Z # github.com/ava-labs/subnet-evm/triedb/pathdb.test
2025-07-31T20:56:47.9525630Z ld: warning: '/private/var/folders/y6/nj790rtn62lfktb1sh__79hc0000gn/T/go-link-1537781108/000070.o' has malformed LC_DYSYMTAB, expected 98 undefined symbols to start at index 1626, found 95 undefined symbols starting at index 1626
2025-07-31T20:57:03.2965720Z ok  	github.com/ava-labs/subnet-evm/sync/handlers	22.546s	coverage: 83.6% of statements
2025-07-31T20:57:04.0187170Z # github.com/ava-labs/subnet-evm/utils.test
2025-07-31T20:57:04.0291870Z ld: warning: '/private/var/folders/y6/nj790rtn62lfktb1sh__79hc0000gn/T/go-link-1824894340/000012.o' has malformed LC_DYSYMTAB, expected 98 undefined symbols to start at index 1626, found 95 undefined symbols starting at index 1626
2025-07-31T20:57:06.3552090Z # github.com/ava-labs/subnet-evm/utils/utilstest.test
2025-07-31T20:57:06.3660480Z ld: warning: '/private/var/folders/y6/nj790rtn62lfktb1sh__79hc0000gn/T/go-link-1817744421/000066.o' has malformed LC_DYSYMTAB, expected 98 undefined symbols to start at index 1626, found 95 undefined symbols starting at index 1626
2025-07-31T20:57:09.2083100Z # github.com/ava-labs/subnet-evm/warp.test
2025-07-31T20:57:09.2185920Z ld: warning: '/private/var/folders/y6/nj790rtn62lfktb1sh__79hc0000gn/T/go-link-3454847136/000068.o' has malformed LC_DYSYMTAB, expected 98 undefined symbols to start at index 1626, found 95 undefined symbols starting at index 1626
2025-07-31T20:57:10.4142320Z 	github.com/ava-labs/subnet-evm/warp/messages		coverage: 0.0% of statements
2025-07-31T20:57:11.4998430Z # github.com/ava-labs/subnet-evm/warp/validators.test
2025-07-31T20:57:11.5122910Z ld: warning: '/private/var/folders/y6/nj790rtn62lfktb1sh__79hc0000gn/T/go-link-1522407821/000066.o' has malformed LC_DYSYMTAB, expected 98 undefined symbols to start at index 1626, found 95 undefined symbols starting at index 1626
2025-07-31T20:57:12.7124830Z 	github.com/ava-labs/subnet-evm/warp/warptest		coverage: 0.0% of statements
2025-07-31T20:57:51.6412200Z ok  	github.com/ava-labs/subnet-evm/sync/statesync	67.392s	coverage: 77.2% of statements
2025-07-31T20:57:51.6412910Z ok  	github.com/ava-labs/subnet-evm/triedb/pathdb	48.747s	coverage: 75.2% of statements
2025-07-31T20:57:51.6413520Z ok  	github.com/ava-labs/subnet-evm/utils	1.153s	coverage: 22.8% of statements
2025-07-31T20:57:51.6414040Z ok  	github.com/ava-labs/subnet-evm/utils/utilstest	1.054s	coverage: 33.3% of statements
2025-07-31T20:57:51.6414520Z ok  	github.com/ava-labs/subnet-evm/warp	1.098s	coverage: 48.0% of statements
2025-07-31T20:57:51.6415020Z ok  	github.com/ava-labs/subnet-evm/warp/validators	1.174s	coverage: 100.0% of statements
2025-07-31T20:57:51.6421880Z FAIL
2025-07-31T20:57:52.3510370Z Unexpected test failures: TestArchiveBlockChain
2025-07-31T20:57:52.3510760Z TestArchiveBlockChainSnapsDisabled
2025-07-31T20:57:52.3511160Z TestBlockChainOfflinePruningUngracefulShutdown
2025-07-31T20:57:52.3511490Z TestCorruptSnapshots
2025-07-31T20:57:52.3511790Z TestEnableSnapshots
2025-07-31T20:57:52.3512460Z TestFeeManager
2025-07-31T20:57:52.3512680Z TestFeeManagerChangeFee
2025-07-31T20:57:52.3513030Z TestFeeManagerRegressionMempoolMinFeeAfterRestart
2025-07-31T20:57:52.3513320Z TestMustNotImport
2025-07-31T20:57:52.3513610Z TestPruningBlockChain
2025-07-31T20:57:52.3513900Z TestPruningBlockChainSnapsDisabled
2025-07-31T20:57:52.3514250Z TestPruningBlockChainUngracefulShutdown
2025-07-31T20:57:52.3514610Z TestPruningBlockChainUngracefulShutdownSnapsDisabled
2025-07-31T20:57:52.3515050Z TestSetupGenesis
2025-07-31T20:57:52.3515230Z TestStorageRangeAt
2025-07-31T20:57:52.3515560Z TestSuggestGasPriceAfterFeeConfigUpdate
2025-07-31T20:57:52.3515840Z TestTxLookupBlockChain
2025-07-31T20:57:52.3516090Z TestTxLookupSkipIndexingBlockChain
2025-07-31T20:57:52.3516460Z TestVerkleGenesisCommit
2025-07-31T20:57:52.3559430Z task: Failed to run task "build-test": exit status 1
2025-07-31T20:57:52.3578940Z exit status 201
2025-07-31T20:57:52.3759620Z ##[error]Process completed with exit code 1.
2025-07-31T20:57:52.4110840Z Post job cleanup.
2025-07-31T20:57:52.8018070Z [command]/opt/homebrew/bin/git version
2025-07-31T20:57:52.8229620Z git version 2.50.1
2025-07-31T20:57:52.8264990Z Copying '/Users/runner/.gitconfig' to '/Users/runner/work/_temp/030e9fc9-bb62-46ab-bed5-53586b379a35/.gitconfig'
2025-07-31T20:57:52.8272140Z Temporarily overriding HOME='/Users/runner/work/_temp/030e9fc9-bb62-46ab-bed5-53586b379a35' before making global git config changes
2025-07-31T20:57:52.8272950Z Adding repository directory to the temporary git global config as a safe directory
2025-07-31T20:57:52.8275750Z [command]/opt/homebrew/bin/git config --global --add safe.directory /Users/runner/work/subnet-evm/subnet-evm
2025-07-31T20:57:52.8356500Z [command]/opt/homebrew/bin/git config --local --name-only --get-regexp core\.sshCommand
2025-07-31T20:57:52.8402420Z [command]/opt/homebrew/bin/git submodule foreach --recursive sh -c "git config --local --name-only --get-regexp 'core\.sshCommand' && git config --local --unset-all 'core.sshCommand' || :"
2025-07-31T20:57:52.9933060Z [command]/opt/homebrew/bin/git config --local --name-only --get-regexp http\.https\:\/\/github\.com\/\.extraheader
2025-07-31T20:57:52.9989080Z http.https://github.com/.extraheader
2025-07-31T20:57:52.9998210Z [command]/opt/homebrew/bin/git config --local --unset-all http.https://github.com/.extraheader
2025-07-31T20:57:53.0072030Z [command]/opt/homebrew/bin/git submodule foreach --recursive sh -c "git config --local --name-only --get-regexp 'http\.https\:\/\/github\.com\/\.extraheader' && git config --local --unset-all 'http.https://github.com/.extraheader' || :"
2025-07-31T20:57:53.0972050Z Cleaning up orphan processes
