2025-07-31T20:49:18.4640677Z ##[group]Run ava-labs/avalanchego/.github/actions/run-monitored-tmpnet-cmd@e2bcbaffcb771ed08eda454d03d3001e558438f1
2025-07-31T20:49:18.4641732Z with:
2025-07-31T20:49:18.4642059Z   run: ./scripts/run_task.sh test-e2e-load-ci
2025-07-31T20:49:18.4642522Z   artifact_prefix: load
2025-07-31T20:49:18.4643188Z   prometheus_username: ***
2025-07-31T20:49:18.4643544Z   prometheus_password: ***
2025-07-31T20:49:18.4643800Z   loki_username: ***
2025-07-31T20:49:18.4644101Z   loki_password: ***
2025-07-31T20:49:18.4644312Z   runtime: process
2025-07-31T20:49:18.4644525Z   repository_owner: ava-labs
2025-07-31T20:49:18.4644755Z   repository_name: subnet-evm
2025-07-31T20:49:18.4644983Z   workflow: Tests
2025-07-31T20:49:18.4645172Z   run_id: 16659661225
2025-07-31T20:49:18.4645366Z   run_number: 2455
2025-07-31T20:49:18.4645558Z   run_attempt: 1
2025-07-31T20:49:18.4645747Z   job: e2e_load
2025-07-31T20:49:18.4646012Z   grafana_dashboard_id: kBQpRdWnk/avalanche-main-dashboard
2025-07-31T20:49:18.4646325Z ##[endgroup]
2025-07-31T20:49:18.4739043Z ##[group]Run cachix/install-nix-action@02a151ada4993995686f9ed4f1be7cfbb229e56f
2025-07-31T20:49:18.4739441Z with:
2025-07-31T20:49:18.4739625Z   enable_kvm: true
2025-07-31T20:49:18.4739822Z ##[endgroup]
2025-07-31T20:49:18.4772814Z ##[group]Run ${GITHUB_ACTION_PATH}/install-nix.sh
2025-07-31T20:49:18.4773224Z [36;1m${GITHUB_ACTION_PATH}/install-nix.sh[0m
2025-07-31T20:49:18.4805940Z shell: /usr/bin/bash --noprofile --norc -e -o pipefail {0}
2025-07-31T20:49:18.4806316Z env:
2025-07-31T20:49:18.4806517Z   INPUT_EXTRA_NIX_CONFIG: 
2025-07-31T20:49:18.4806771Z   INPUT_GITHUB_ACCESS_TOKEN: 
2025-07-31T20:49:18.4807282Z   INPUT_INSTALL_OPTIONS: 
2025-07-31T20:49:18.4807550Z   INPUT_INSTALL_URL: 
2025-07-31T20:49:18.4807774Z   INPUT_NIX_PATH: 
2025-07-31T20:49:18.4807991Z   INPUT_ENABLE_KVM: true
2025-07-31T20:49:18.4808386Z   GITHUB_TOKEN: ***
2025-07-31T20:49:18.4808600Z ##[endgroup]
2025-07-31T20:49:18.4910483Z ##[group]Enabling KVM support
2025-07-31T20:49:18.4977456Z KERNEL=="kvm", GROUP="kvm", MODE="0666", OPTIONS+="static_node=kvm"
2025-07-31T20:49:18.5280443Z Enabled KVM
2025-07-31T20:49:18.5281323Z ##[endgroup]
2025-07-31T20:49:18.5281950Z ##[group]Installing Nix
2025-07-31T20:49:18.5580818Z installer options: --no-channel-add --darwin-use-unencrypted-nix-store-volume --nix-extra-conf-file /tmp/tmp.DgCH950wvm/nix.conf --daemon --daemon-user-count 8
2025-07-31T20:49:18.5663872Z * Host releases.nixos.org:443 was resolved.
2025-07-31T20:49:18.5664763Z * IPv6: 2a04:4e42:2f::729
2025-07-31T20:49:18.5665286Z * IPv4: 151.101.202.217
2025-07-31T20:49:18.5665683Z *   Trying 151.101.202.217:443...
2025-07-31T20:49:18.5674746Z * Connected to releases.nixos.org (151.101.202.217) port 443
2025-07-31T20:49:18.5689427Z * ALPN: curl offers h2,http/1.1
2025-07-31T20:49:18.5691171Z } [5 bytes data]
2025-07-31T20:49:18.5691675Z * TLSv1.3 (OUT), TLS handshake, Client hello (1):
2025-07-31T20:49:18.5692193Z } [512 bytes data]
2025-07-31T20:49:18.5923063Z *  CAfile: /etc/ssl/certs/ca-certificates.crt
2025-07-31T20:49:18.5923660Z *  CApath: /etc/ssl/certs
2025-07-31T20:49:18.5924070Z { [5 bytes data]
2025-07-31T20:49:18.5924487Z * TLSv1.3 (IN), TLS handshake, Server hello (2):
2025-07-31T20:49:18.5924976Z { [104 bytes data]
2025-07-31T20:49:18.5925398Z * TLSv1.2 (IN), TLS handshake, Certificate (11):
2025-07-31T20:49:18.5925886Z { [2827 bytes data]
2025-07-31T20:49:18.5930447Z * TLSv1.2 (IN), TLS handshake, Server key exchange (12):
2025-07-31T20:49:18.5931014Z { [300 bytes data]
2025-07-31T20:49:18.5932807Z * TLSv1.2 (IN), TLS handshake, Server finished (14):
2025-07-31T20:49:18.5933579Z { [4 bytes data]
2025-07-31T20:49:18.5934262Z * TLSv1.2 (OUT), TLS handshake, Client key exchange (16):
2025-07-31T20:49:18.5935035Z } [37 bytes data]
2025-07-31T20:49:18.5935702Z * TLSv1.2 (OUT), TLS change cipher, Change cipher spec (1):
2025-07-31T20:49:18.5936481Z } [1 bytes data]
2025-07-31T20:49:18.5937258Z * TLSv1.2 (OUT), TLS handshake, Finished (20):
2025-07-31T20:49:18.5937958Z } [16 bytes data]
2025-07-31T20:49:18.5946071Z * TLSv1.2 (IN), TLS handshake, Finished (20):
2025-07-31T20:49:18.5947144Z { [16 bytes data]
2025-07-31T20:49:18.5947921Z * SSL connection using TLSv1.2 / ECDHE-RSA-CHACHA20-POLY1305 / X25519 / RSASSA-PSS
2025-07-31T20:49:18.5948822Z * ALPN: server accepted h2
2025-07-31T20:49:18.5949330Z * Server certificate:
2025-07-31T20:49:18.5949831Z *  subject: CN=releases.nixos.org
2025-07-31T20:49:18.5950405Z *  start date: Oct 11 20:56:16 2024 GMT
2025-07-31T20:49:18.5950998Z *  expire date: Nov 12 20:56:15 2025 GMT
2025-07-31T20:49:18.5951915Z *  subjectAltName: host "releases.nixos.org" matched cert's "releases.nixos.org"
2025-07-31T20:49:18.5952659Z *  issuer: C=BE; O=GlobalSign nv-sa; CN=GlobalSign Atlas R3 DV TLS CA 2024 Q4
2025-07-31T20:49:18.5953175Z *  SSL certificate verify ok.
2025-07-31T20:49:18.5953808Z *   Certificate level 0: Public key type RSA (2048/112 Bits/secBits), signed using sha256WithRSAEncryption
2025-07-31T20:49:18.5954735Z *   Certificate level 1: Public key type RSA (2048/112 Bits/secBits), signed using sha256WithRSAEncryption
2025-07-31T20:49:18.5955681Z *   Certificate level 2: Public key type RSA (2048/112 Bits/secBits), signed using sha256WithRSAEncryption
2025-07-31T20:49:18.5956572Z } [5 bytes data]
2025-07-31T20:49:18.5956909Z * using HTTP/2
2025-07-31T20:49:18.5957932Z * [HTTP/2] [1] OPENED stream for https://releases.nixos.org/nix/nix-2.26.3/install
2025-07-31T20:49:18.5958807Z * [HTTP/2] [1] [:method: GET]
2025-07-31T20:49:18.5959336Z * [HTTP/2] [1] [:scheme: https]
2025-07-31T20:49:18.5959932Z * [HTTP/2] [1] [:authority: releases.nixos.org]
2025-07-31T20:49:18.5960612Z * [HTTP/2] [1] [:path: /nix/nix-2.26.3/install]
2025-07-31T20:49:18.5961085Z * [HTTP/2] [1] [user-agent: curl/8.5.0]
2025-07-31T20:49:18.5961452Z * [HTTP/2] [1] [accept: */*]
2025-07-31T20:49:18.5961761Z } [5 bytes data]
2025-07-31T20:49:18.5962055Z > GET /nix/nix-2.26.3/install HTTP/2
2025-07-31T20:49:18.5962421Z > Host: releases.nixos.org
2025-07-31T20:49:18.5962740Z > User-Agent: curl/8.5.0
2025-07-31T20:49:18.5963041Z > Accept: */*
2025-07-31T20:49:18.5963285Z > 
2025-07-31T20:49:18.5963521Z { [5 bytes data]
2025-07-31T20:49:18.5971526Z < HTTP/2 200 
2025-07-31T20:49:18.5971997Z < last-modified: Wed, 05 Mar 2025 18:21:15 GMT
2025-07-31T20:49:18.5972500Z < etag: "c6753896884bce9b95ec3ca7be157ef6"
2025-07-31T20:49:18.5972982Z < x-amz-server-side-encryption: AES256
2025-07-31T20:49:18.5973456Z < content-type: text/plain
2025-07-31T20:49:18.5973829Z < server: AmazonS3
2025-07-31T20:49:18.5974173Z < via: 1.1 varnish, 1.1 varnish
2025-07-31T20:49:18.5974590Z < access-control-allow-origin: *
2025-07-31T20:49:18.5975007Z < accept-ranges: bytes
2025-07-31T20:49:18.5975382Z < date: Thu, 31 Jul 2025 20:49:18 GMT
2025-07-31T20:49:18.5975800Z < age: 94564
2025-07-31T20:49:18.5976103Z < x-served-by: cache-dub4357-DUB, cache-pao-kpao1770039-PAO
2025-07-31T20:49:18.5976465Z < x-cache: HIT, HIT
2025-07-31T20:49:18.5976686Z < x-cache-hits: 233, 1
2025-07-31T20:49:18.5976916Z < content-length: 4267
2025-07-31T20:49:18.5977400Z < 
2025-07-31T20:49:18.5977580Z { [5 bytes data]
2025-07-31T20:49:18.5977864Z * Connection #0 to host releases.nixos.org left intact
2025-07-31T20:49:18.6040607Z downloading Nix 2.26.3 binary tarball for x86_64-linux from 'https://releases.nixos.org/nix/nix-2.26.3/nix-2.26.3-x86_64-linux.tar.xz' to '/tmp/nix-binary-tarball-unpack.dAyU4PDRpf'...
2025-07-31T20:49:18.6087435Z   % Total    % Received % Xferd  Average Speed   Time    Time     Time  Current
2025-07-31T20:49:18.6089688Z                                  Dload  Upload   Total   Spent    Left  Speed
2025-07-31T20:49:18.6090272Z 
2025-07-31T20:49:18.7103534Z   0     0    0     0    0     0      0      0 --:--:-- --:--:-- --:--:--     0
2025-07-31T20:49:18.7104253Z 100 22.6M  100 22.6M    0     0   222M      0 --:--:-- --:--:-- --:--:--  224M
2025-07-31T20:49:20.5419828Z Note: a multi-user installation is possible. See https://nixos.org/manual/nix/stable/installation/installing-binary.html#multi-user-installation
2025-07-31T20:49:20.5429815Z Warning: the flag --darwin-use-unencrypted-nix-store-volume
2025-07-31T20:49:20.5431441Z          is no longer needed and will be removed in the future.
2025-07-31T20:49:20.5431879Z 
2025-07-31T20:49:20.5440536Z [1;31mSwitching to the Multi-user Installer[0m
2025-07-31T20:49:20.5540178Z [32mWelcome to the Multi-User Nix Installation
2025-07-31T20:49:20.5550134Z [0m
2025-07-31T20:49:20.5550615Z This installation tool will set up your computer with the Nix package
2025-07-31T20:49:20.5551180Z manager. This will happen in a few stages:
2025-07-31T20:49:20.5551452Z 
2025-07-31T20:49:20.5551711Z 1. Make sure your computer doesn't already have Nix. If it does, I
2025-07-31T20:49:20.5552616Z    will show you instructions on how to clean up your old install.
2025-07-31T20:49:20.5552967Z 
2025-07-31T20:49:20.5553207Z 2. Show you what I am going to install and where. Then I will ask
2025-07-31T20:49:20.5553708Z    if you are ready to continue.
2025-07-31T20:49:20.5553931Z 
2025-07-31T20:49:20.5554383Z 3. Create the system users [34m(uids [30001..30008])[0m and groups [34m(gid 30000)[0m
2025-07-31T20:49:20.5555130Z    that the Nix daemon uses to run builds. To create system users
2025-07-31T20:49:20.5555715Z    in a different range, exit and run this tool again with
2025-07-31T20:49:20.5556174Z    NIX_FIRST_BUILD_UID set.
2025-07-31T20:49:20.5556386Z 
2025-07-31T20:49:20.5556628Z 4. Perform the basic installation of the Nix files daemon.
2025-07-31T20:49:20.5557163Z 
2025-07-31T20:49:20.5557481Z 5. Configure your shell to import special Nix Profile files, so you
2025-07-31T20:49:20.5557974Z    can use Nix.
2025-07-31T20:49:20.5558136Z 
2025-07-31T20:49:20.5558258Z 6. Start the Nix daemon.
2025-07-31T20:49:20.5558453Z 
2025-07-31T20:49:20.5558807Z [32m[4;32mWould you like to see a more detailed list of what I will do?
2025-07-31T20:49:20.5559381Z [0mNo TTY, assuming you would say yes :)
2025-07-31T20:49:20.5562108Z 
2025-07-31T20:49:20.5562289Z I will:
2025-07-31T20:49:20.5562449Z 
2025-07-31T20:49:20.5562675Z  - make sure your computer doesn't already have Nix files
2025-07-31T20:49:20.5563198Z    (if it does, I will tell you how to clean them up.)
2025-07-31T20:49:20.5563709Z  - create local users (see the list above for the users I'll make)
2025-07-31T20:49:20.5564164Z  - create a local group (nixbld)
2025-07-31T20:49:20.5564478Z  - install Nix in /nix
2025-07-31T20:49:20.5564792Z  - create a configuration file in /etc/nix
2025-07-31T20:49:20.5565282Z  - set up the "default profile" by creating some Nix-related files in
2025-07-31T20:49:20.5565715Z    /root
2025-07-31T20:49:20.5576709Z  - back up /etc/bash.bashrc to /etc/bash.bashrc.backup-before-nix
2025-07-31T20:49:20.5577577Z  - update /etc/bash.bashrc to include some Nix configuration
2025-07-31T20:49:20.5587816Z  - load and start a service (at /etc/systemd/system/nix-daemon.service
2025-07-31T20:49:20.5588381Z    and /etc/systemd/system/nix-daemon.socket) for nix-daemon
2025-07-31T20:49:20.5588772Z 
2025-07-31T20:49:20.5590166Z [32m[4;32mReady to continue?
2025-07-31T20:49:20.5590857Z [0mNo TTY, assuming you would say yes :)
2025-07-31T20:49:20.5613217Z 
2025-07-31T20:49:20.5614048Z [34m---- let's talk about sudo -----------------------------------------------------
2025-07-31T20:49:20.5624009Z [0mThis script is going to call sudo a lot. Normally, it would show you
2025-07-31T20:49:20.5624826Z exactly what commands it is running and why. However, the script is
2025-07-31T20:49:20.5625293Z run in a headless fashion, like this:
2025-07-31T20:49:20.5625529Z 
2025-07-31T20:49:20.5625829Z   $ curl -L https://nixos.org/nix/install | sh
2025-07-31T20:49:20.5626234Z 
2025-07-31T20:49:20.5626575Z or maybe in a CI pipeline. Because of that, I'm going to skip the
2025-07-31T20:49:20.5627277Z verbose output in the interest of brevity.
2025-07-31T20:49:20.5627520Z 
2025-07-31T20:49:20.5627691Z If you would like to
2025-07-31T20:49:20.5627996Z see the output, try like this:
2025-07-31T20:49:20.5628200Z 
2025-07-31T20:49:20.5628433Z   $ curl -L -o install-nix https://nixos.org/nix/install
2025-07-31T20:49:20.5629052Z   $ sh ./install-nix
2025-07-31T20:49:20.5629336Z 
2025-07-31T20:49:20.5629349Z 
2025-07-31T20:49:20.5629605Z [32m~~> Checking for artifacts of previous installs
2025-07-31T20:49:20.5635929Z [0mBefore I try to install, I'll check for signs Nix already is or has
2025-07-31T20:49:20.5636572Z been installed on this system.
2025-07-31T20:49:20.5668193Z 
2025-07-31T20:49:20.5669075Z [34m---- Nix config report ---------------------------------------------------------
2025-07-31T20:49:20.5669978Z [0m[1m        Temp Dir[0m:	/tmp/tmp.biC8RV0R5q
2025-07-31T20:49:20.5670611Z [1m        Nix Root[0m:	/nix
2025-07-31T20:49:20.5671125Z [1m     Build Users[0m:	8
2025-07-31T20:49:20.5671620Z [1m  Build Group ID[0m:	30000
2025-07-31T20:49:20.5672215Z [1mBuild Group Name[0m:	nixbld
2025-07-31T20:49:20.5672561Z 
2025-07-31T20:49:20.5672784Z [4;34mbuild users:
2025-07-31T20:49:20.5673259Z [0m[1m    Username[0m:	UID
2025-07-31T20:49:20.5698353Z [1m     nixbld1[0m:	30001
2025-07-31T20:49:20.5708205Z [1m     nixbld2[0m:	30002
2025-07-31T20:49:20.5718030Z [1m     nixbld3[0m:	30003
2025-07-31T20:49:20.5727795Z [1m     nixbld4[0m:	30004
2025-07-31T20:49:20.5737639Z [1m     nixbld5[0m:	30005
2025-07-31T20:49:20.5747428Z [1m     nixbld6[0m:	30006
2025-07-31T20:49:20.5757216Z [1m     nixbld7[0m:	30007
2025-07-31T20:49:20.5766921Z [1m     nixbld8[0m:	30008
2025-07-31T20:49:20.5767380Z 
2025-07-31T20:49:20.5767620Z [32m[4;32mReady to continue?
2025-07-31T20:49:20.5768168Z [0mNo TTY, assuming you would say yes :)
2025-07-31T20:49:20.5768547Z 
2025-07-31T20:49:20.5768842Z [32m~~> Setting up the build group nixbld
2025-07-31T20:49:20.6115130Z [0m[1m            Created[0m:	Yes
2025-07-31T20:49:20.6138725Z 
2025-07-31T20:49:20.6139433Z [32m~~> Setting up the build user nixbld1
2025-07-31T20:49:20.6286177Z useradd warning: nixbld1's uid 30001 is greater than SYS_UID_MAX 999
2025-07-31T20:49:20.6377360Z [0m[1m           Created[0m:	Yes
2025-07-31T20:49:20.6383034Z [1m            Hidden[0m:	Yes
2025-07-31T20:49:20.6401653Z [1m    Home Directory[0m:	/var/empty
2025-07-31T20:49:20.6421512Z [1m              Note[0m:	Nix build user 1
2025-07-31T20:49:20.6438933Z [1m   Logins Disabled[0m:	Yes
2025-07-31T20:49:20.6460984Z [1m  Member of nixbld[0m:	Yes
2025-07-31T20:49:20.6478529Z [1m    PrimaryGroupID[0m:	30000
2025-07-31T20:49:20.6489529Z 
2025-07-31T20:49:20.6489861Z [32m~~> Setting up the build user nixbld2
2025-07-31T20:49:20.6616477Z useradd warning: nixbld2's uid 30002 is greater than SYS_UID_MAX 999
2025-07-31T20:49:20.6700513Z [0m[1m           Created[0m:	Yes
2025-07-31T20:49:20.6706553Z [1m            Hidden[0m:	Yes
2025-07-31T20:49:20.6725244Z [1m    Home Directory[0m:	/var/empty
2025-07-31T20:49:20.6745784Z [1m              Note[0m:	Nix build user 2
2025-07-31T20:49:20.6763914Z [1m   Logins Disabled[0m:	Yes
2025-07-31T20:49:20.6782767Z [1m  Member of nixbld[0m:	Yes
2025-07-31T20:49:20.6800840Z [1m    PrimaryGroupID[0m:	30000
2025-07-31T20:49:20.6811747Z 
2025-07-31T20:49:20.6812236Z [32m~~> Setting up the build user nixbld3
2025-07-31T20:49:20.6939221Z useradd warning: nixbld3's uid 30003 is greater than SYS_UID_MAX 999
2025-07-31T20:49:20.7020409Z [0m[1m           Created[0m:	Yes
2025-07-31T20:49:20.7025824Z [1m            Hidden[0m:	Yes
2025-07-31T20:49:20.7044019Z [1m    Home Directory[0m:	/var/empty
2025-07-31T20:49:20.7063759Z [1m              Note[0m:	Nix build user 3
2025-07-31T20:49:20.7081975Z [1m   Logins Disabled[0m:	Yes
2025-07-31T20:49:20.7100373Z [1m  Member of nixbld[0m:	Yes
2025-07-31T20:49:20.7117936Z [1m    PrimaryGroupID[0m:	30000
2025-07-31T20:49:20.7130698Z 
2025-07-31T20:49:20.7131217Z [32m~~> Setting up the build user nixbld4
2025-07-31T20:49:20.7262187Z useradd warning: nixbld4's uid 30004 is greater than SYS_UID_MAX 999
2025-07-31T20:49:20.7344242Z [0m[1m           Created[0m:	Yes
2025-07-31T20:49:20.7350001Z [1m            Hidden[0m:	Yes
2025-07-31T20:49:20.7369016Z [1m    Home Directory[0m:	/var/empty
2025-07-31T20:49:20.7389224Z [1m              Note[0m:	Nix build user 4
2025-07-31T20:49:20.7407392Z [1m   Logins Disabled[0m:	Yes
2025-07-31T20:49:20.7426212Z [1m  Member of nixbld[0m:	Yes
2025-07-31T20:49:20.7444120Z [1m    PrimaryGroupID[0m:	30000
2025-07-31T20:49:20.7454640Z 
2025-07-31T20:49:20.7455106Z [32m~~> Setting up the build user nixbld5
2025-07-31T20:49:20.7587918Z useradd warning: nixbld5's uid 30005 is greater than SYS_UID_MAX 999
2025-07-31T20:49:20.7678097Z [0m[1m           Created[0m:	Yes
2025-07-31T20:49:20.7684693Z [1m            Hidden[0m:	Yes
2025-07-31T20:49:20.7708891Z [1m    Home Directory[0m:	/var/empty
2025-07-31T20:49:20.7731766Z [1m              Note[0m:	Nix build user 5
2025-07-31T20:49:20.7753767Z [1m   Logins Disabled[0m:	Yes
2025-07-31T20:49:20.7772508Z [1m  Member of nixbld[0m:	Yes
2025-07-31T20:49:20.7790630Z [1m    PrimaryGroupID[0m:	30000
2025-07-31T20:49:20.7801581Z 
2025-07-31T20:49:20.7802133Z [32m~~> Setting up the build user nixbld6
2025-07-31T20:49:20.7934397Z useradd warning: nixbld6's uid 30006 is greater than SYS_UID_MAX 999
2025-07-31T20:49:20.8017186Z [0m[1m           Created[0m:	Yes
2025-07-31T20:49:20.8022619Z [1m            Hidden[0m:	Yes
2025-07-31T20:49:20.8041229Z [1m    Home Directory[0m:	/var/empty
2025-07-31T20:49:20.8062134Z [1m              Note[0m:	Nix build user 6
2025-07-31T20:49:20.8080016Z [1m   Logins Disabled[0m:	Yes
2025-07-31T20:49:20.8098410Z [1m  Member of nixbld[0m:	Yes
2025-07-31T20:49:20.8116121Z [1m    PrimaryGroupID[0m:	30000
2025-07-31T20:49:20.8126666Z 
2025-07-31T20:49:20.8127154Z [32m~~> Setting up the build user nixbld7
2025-07-31T20:49:20.8257174Z useradd warning: nixbld7's uid 30007 is greater than SYS_UID_MAX 999
2025-07-31T20:49:20.8341777Z [0m[1m           Created[0m:	Yes
2025-07-31T20:49:20.8347649Z [1m            Hidden[0m:	Yes
2025-07-31T20:49:20.8367771Z [1m    Home Directory[0m:	/var/empty
2025-07-31T20:49:20.8388130Z [1m              Note[0m:	Nix build user 7
2025-07-31T20:49:20.8405838Z [1m   Logins Disabled[0m:	Yes
2025-07-31T20:49:20.8425073Z [1m  Member of nixbld[0m:	Yes
2025-07-31T20:49:20.8443184Z [1m    PrimaryGroupID[0m:	30000
2025-07-31T20:49:20.8453745Z 
2025-07-31T20:49:20.8454069Z [32m~~> Setting up the build user nixbld8
2025-07-31T20:49:20.8590563Z useradd warning: nixbld8's uid 30008 is greater than SYS_UID_MAX 999
2025-07-31T20:49:20.8672338Z [0m[1m           Created[0m:	Yes
2025-07-31T20:49:20.8678248Z [1m            Hidden[0m:	Yes
2025-07-31T20:49:20.8696484Z [1m    Home Directory[0m:	/var/empty
2025-07-31T20:49:20.8716587Z [1m              Note[0m:	Nix build user 8
2025-07-31T20:49:20.8734905Z [1m   Logins Disabled[0m:	Yes
2025-07-31T20:49:20.8753374Z [1m  Member of nixbld[0m:	Yes
2025-07-31T20:49:20.8771181Z [1m    PrimaryGroupID[0m:	30000
2025-07-31T20:49:20.8771542Z 
2025-07-31T20:49:20.8771860Z [32m~~> Setting up the basic directory structure
2025-07-31T20:49:20.8929034Z [0minstall: creating directory '/nix'
2025-07-31T20:49:20.8929791Z install: creating directory '/nix/var'
2025-07-31T20:49:20.8930430Z install: creating directory '/nix/var/log'
2025-07-31T20:49:20.8930862Z install: creating directory '/nix/var/log/nix'
2025-07-31T20:49:20.8931298Z install: creating directory '/nix/var/log/nix/drvs'
2025-07-31T20:49:20.8931940Z install: creating directory '/nix/var/nix'
2025-07-31T20:49:20.8932499Z install: creating directory '/nix/var/nix/db'
2025-07-31T20:49:20.8932914Z install: creating directory '/nix/var/nix/gcroots'
2025-07-31T20:49:20.8933352Z install: creating directory '/nix/var/nix/profiles'
2025-07-31T20:49:20.8933796Z install: creating directory '/nix/var/nix/temproots'
2025-07-31T20:49:20.8934233Z install: creating directory '/nix/var/nix/userpool'
2025-07-31T20:49:20.8934692Z install: creating directory '/nix/var/nix/daemon-socket'
2025-07-31T20:49:20.8935190Z install: creating directory '/nix/var/nix/gcroots/per-user'
2025-07-31T20:49:20.8935702Z install: creating directory '/nix/var/nix/profiles/per-user'
2025-07-31T20:49:20.9011765Z install: creating directory '/nix/store'
2025-07-31T20:49:20.9090384Z install: creating directory '/etc/nix'
2025-07-31T20:49:20.9100418Z 
2025-07-31T20:49:20.9100851Z [32m~~> Installing Nix
2025-07-31T20:49:21.1151824Z [0m      Alright! We have our first nix at /nix/store/x3235311q3n51rppm2y2ycwd7nb3mgpn-nix-2.26.3
2025-07-31T20:49:21.1568552Z       Just finished getting the nix database ready.
2025-07-31T20:49:21.1571212Z 
2025-07-31T20:49:21.1572548Z [32m~~> Setting up shell profiles: /etc/bashrc /etc/profile.d/nix.sh /etc/zshrc /etc/bash.bashrc /etc/zsh/zshrc
2025-07-31T20:49:21.1741184Z [0m
2025-07-31T20:49:21.1741535Z # Nix
2025-07-31T20:49:21.1742053Z if [ -e '/nix/var/nix/profiles/default/etc/profile.d/nix-daemon.sh' ]; then
2025-07-31T20:49:21.1742678Z   . '/nix/var/nix/profiles/default/etc/profile.d/nix-daemon.sh'
2025-07-31T20:49:21.1743291Z fi
2025-07-31T20:49:21.1743620Z # End Nix
2025-07-31T20:49:21.1743760Z 
2025-07-31T20:49:21.1910669Z 
2025-07-31T20:49:21.1910883Z # Nix
2025-07-31T20:49:21.1911523Z if [ -e '/nix/var/nix/profiles/default/etc/profile.d/nix-daemon.sh' ]; then
2025-07-31T20:49:21.1912191Z   . '/nix/var/nix/profiles/default/etc/profile.d/nix-daemon.sh'
2025-07-31T20:49:21.1912582Z fi
2025-07-31T20:49:21.1912883Z # End Nix
2025-07-31T20:49:21.1913071Z 
2025-07-31T20:49:21.2079187Z 
2025-07-31T20:49:21.2079407Z # Nix
2025-07-31T20:49:21.2079995Z if [ -e '/nix/var/nix/profiles/default/etc/profile.d/nix-daemon.sh' ]; then
2025-07-31T20:49:21.2080919Z   . '/nix/var/nix/profiles/default/etc/profile.d/nix-daemon.sh'
2025-07-31T20:49:21.2081533Z fi
2025-07-31T20:49:21.2081860Z # End Nix
2025-07-31T20:49:21.2082061Z 
2025-07-31T20:49:21.2240399Z 
2025-07-31T20:49:21.2240606Z # Nix
2025-07-31T20:49:21.2241233Z if [ -e '/nix/var/nix/profiles/default/etc/profile.d/nix-daemon.sh' ]; then
2025-07-31T20:49:21.2241917Z   . '/nix/var/nix/profiles/default/etc/profile.d/nix-daemon.sh'
2025-07-31T20:49:21.2242314Z fi
2025-07-31T20:49:21.2242514Z # End Nix
2025-07-31T20:49:21.2242653Z 
2025-07-31T20:49:21.2264909Z 
2025-07-31T20:49:21.2265993Z [32m~~> Setting up shell profiles for Fish with conf.d/nix.fish inside /etc/fish /usr/local/etc/fish /opt/homebrew/etc/fish /opt/local/etc/fish
2025-07-31T20:49:21.2323181Z [0m
2025-07-31T20:49:21.2323657Z [32m~~> Setting up the default profile
2025-07-31T20:49:21.2608817Z installing 'nix-2.26.3'
2025-07-31T20:49:21.2739251Z building '/nix/store/5afca9ydks0pp5szkwwhi7a6m2zmgk9g-user-environment.drv'...
2025-07-31T20:49:21.3136347Z installing 'nss-cacert-3.107'
2025-07-31T20:49:21.3265741Z building '/nix/store/ilxzpc39hcw5jr229rmajjkyz1a0fym1-user-environment.drv'...
2025-07-31T20:49:21.3473720Z [0m
2025-07-31T20:49:21.3474169Z [32m~~> Setting up the nix-daemon systemd service
2025-07-31T20:49:21.3844024Z Created symlink /etc/systemd/system/nix-daemon.service → /nix/var/nix/profiles/default/lib/systemd/system/nix-daemon.service.
2025-07-31T20:49:21.6528392Z Created symlink /etc/systemd/system/nix-daemon.socket → /nix/var/nix/profiles/default/lib/systemd/system/nix-daemon.socket.
2025-07-31T20:49:21.6530350Z Created symlink /etc/systemd/system/sockets.target.wants/nix-daemon.socket → /nix/var/nix/profiles/default/lib/systemd/system/nix-daemon.socket.
2025-07-31T20:49:22.2305064Z [0m[32mAlright! We're done!
2025-07-31T20:49:22.2331643Z [0mTry it! Open a new terminal, and type:
2025-07-31T20:49:22.2332564Z 
2025-07-31T20:49:22.2333260Z   $ nix-shell -p nix-info --run "nix-info -m"
2025-07-31T20:49:22.2333870Z 
2025-07-31T20:49:22.2334398Z Thank you for using this installer. If you have any feedback or need
2025-07-31T20:49:22.2335327Z help, don't hesitate:
2025-07-31T20:49:22.2335781Z 
2025-07-31T20:49:22.2345565Z You can open an issue at
2025-07-31T20:49:22.2346327Z https://github.com/NixOS/nix/issues/new?labels=installer&template=installer.md
2025-07-31T20:49:22.2346915Z 
2025-07-31T20:49:22.2347788Z Or get in touch with the community: https://nixos.org/community
2025-07-31T20:49:22.2361212Z 
2025-07-31T20:49:22.2363867Z [34m---- Reminders -----------------------------------------------------------------
2025-07-31T20:49:22.2366387Z [0m[34m[ 1 ][0m
2025-07-31T20:49:22.2367380Z Nix won't work in active shell sessions until you restart them.
2025-07-31T20:49:22.2367812Z 
2025-07-31T20:49:22.3091734Z ##[endgroup]
2025-07-31T20:49:22.3155758Z ##[group]Run $GITHUB_ACTION_PATH/nix-develop.sh --command echo "dependencies installed"
2025-07-31T20:49:22.3156413Z [36;1m$GITHUB_ACTION_PATH/nix-develop.sh --command echo "dependencies installed"[0m
2025-07-31T20:49:22.3186184Z shell: /usr/bin/bash --noprofile --norc -e -o pipefail {0}
2025-07-31T20:49:22.3186607Z env:
2025-07-31T20:49:22.3186847Z   TMPDIR: /home/runner/work/_temp
2025-07-31T20:49:22.3187339Z ##[endgroup]
2025-07-31T20:49:22.3257166Z No local flake found, will attempt to use avalanchego flake
2025-07-31T20:49:22.3342223Z Starting nix shell for github:ava-labs/avalanchego?ref=v1.13.3
2025-07-31T20:49:22.6151147Z unpacking 'github:ava-labs/avalanchego/e2bcbaffcb771ed08eda454d03d3001e558438f1' into the Git cache...
2025-07-31T20:49:24.2208426Z copying path '/nix/store/j95fcik6rzsydwips4m89dmlvfj9hg9y-source' from 'https://cache.nixos.org'...
2025-07-31T20:49:41.6356633Z copying path '/nix/store/7dfxlvdhr5g57b1v8gxwpa2gs7i9g3y5-git-2.49.0-doc' from 'https://cache.nixos.org'...
2025-07-31T20:49:41.6363466Z copying path '/nix/store/j4gc8fk7wazgn2hqnh0m8b12xx6m1n75-iana-etc-20250108' from 'https://cache.nixos.org'...
2025-07-31T20:49:41.6396842Z copying path '/nix/store/1jj2lq1kzys105rqq5n1a2r4v59arz43-mailcap-2.1.54' from 'https://cache.nixos.org'...
2025-07-31T20:49:41.6402980Z copying path '/nix/store/v0r2ndk31k1lsj967qrywdwxb87zdil6-perl5.40.0-Digest-HMAC-1.04' from 'https://cache.nixos.org'...
2025-07-31T20:49:41.6406702Z copying path '/nix/store/mri94g6brszrzi5spdp3yjqig0dix246-perl5.40.0-FCGI-ProcManager-0.28' from 'https://cache.nixos.org'...
2025-07-31T20:49:41.6410163Z copying path '/nix/store/jvy29fslpki9ygmipnawxkacs0gdpwbg-perl5.40.0-HTML-TagCloud-0.38' from 'https://cache.nixos.org'...
2025-07-31T20:49:41.6432878Z copying path '/nix/store/1hb2dxywm239rfwgdrd55z090hb1zbg3-perl5.40.0-URI-5.21' from 'https://cache.nixos.org'...
2025-07-31T20:49:41.6434896Z copying path '/nix/store/5vc5pjg9yqxkxk855il2anp6jm5gkpa3-perl5.40.0-libnet-3.15' from 'https://cache.nixos.org'...
2025-07-31T20:49:41.6441439Z copying path '/nix/store/qyihkwbhd70ynz380whj3bsxk1d2lyc4-tzdata-2025b' from 'https://cache.nixos.org'...
2025-07-31T20:49:41.6462234Z copying path '/nix/store/6hqzbvz50bm87hcj4qfn51gh7arxj8a6-gcc-14.2.1.20250322-libgcc' from 'https://cache.nixos.org'...
2025-07-31T20:49:41.6473163Z copying path '/nix/store/rzdjxxf4jkv3qdsjxkg54fxbma5zr05k-gnu-config-2024-01-01' from 'https://cache.nixos.org'...
2025-07-31T20:49:41.6516317Z copying path '/nix/store/l6b79dzj572yjifnwnrmjmf2r8qx1542-perl5.40.0-Encode-Locale-1.05' from 'https://cache.nixos.org'...
2025-07-31T20:49:41.6522676Z copying path '/nix/store/gvjb0301bm7lc20cbbp6q4mznb3k09j3-perl5.40.0-LWP-MediaTypes-6.04' from 'https://cache.nixos.org'...
2025-07-31T20:49:41.6524843Z copying path '/nix/store/1f3pkwqxmhglz59hdl9mizgaafrcxr2g-perl5.40.0-IO-HTML-1.004' from 'https://cache.nixos.org'...
2025-07-31T20:49:41.6529654Z copying path '/nix/store/q6gp62h0h2z2lx3qh318crhikwc86m2y-perl5.40.0-HTML-Tagset-3.20' from 'https://cache.nixos.org'...
2025-07-31T20:49:41.6710269Z copying path '/nix/store/3fvhcxjgn3a4r6pkidwz9nd4cs84p6jv-perl5.40.0-Mozilla-CA-20230821' from 'https://cache.nixos.org'...
2025-07-31T20:49:41.6872230Z copying path '/nix/store/qxk9122p34qwivq20k154jflwxjjjxb3-dns-root-data-2025-04-14' from 'https://cache.nixos.org'...
2025-07-31T20:49:41.6875399Z copying path '/nix/store/yypqcvqhnv8y4zpicgxdigp3giq81gzb-libunistring-1.3' from 'https://cache.nixos.org'...
2025-07-31T20:49:41.6877621Z copying path '/nix/store/c5k72696a984v5gcxd7grg6f4154yv8d-curl-8.13.0-man' from 'https://cache.nixos.org'...
2025-07-31T20:49:41.6879478Z copying path '/nix/store/nqlhzbplrrhkm2rynv3ild1236p0h1c3-mirrors-list' from 'https://cache.nixos.org'...
2025-07-31T20:49:41.6882364Z copying path '/nix/store/za53jjhjl1xajv3y1zpjvr9mh4w0c1ay-xgcc-14.2.1.20250322-libgcc' from 'https://cache.nixos.org'...
2025-07-31T20:49:41.6886138Z copying path '/nix/store/hxrjrzngydk24ah8b5n8cl777n39y08b-linux-headers-6.12.7' from 'https://cache.nixos.org'...
2025-07-31T20:49:41.6887724Z copying path '/nix/store/yq3yqv9limsk8w5vimygq1h23vjv6i3m-nghttp2-1.65.0' from 'https://cache.nixos.org'...
2025-07-31T20:49:41.6889237Z copying path '/nix/store/j5agsmr85pb3waxmzxn2m79yb1i7hhmh-perl5.40.0-TimeDate-2.33' from 'https://cache.nixos.org'...
2025-07-31T20:49:41.6890829Z copying path '/nix/store/pimqpkya3wybrpcm17zk298gpivhps5j-perl5.40.0-Test-Needs-0.002010' from 'https://cache.nixos.org'...
2025-07-31T20:49:41.6892639Z copying path '/nix/store/lyr4v74c0vw9j77fvr0d6dribm1lmfsr-perl5.40.0-Try-Tiny-0.31' from 'https://cache.nixos.org'...
2025-07-31T20:49:41.6895908Z copying path '/nix/store/nfwlyasnxxdbnpiziw2nixwkz9b5f7g3-publicsuffix-list-0-unstable-2025-03-12' from 'https://cache.nixos.org'...
2025-07-31T20:49:41.6898879Z copying path '/nix/store/187sf67ng5l08pirjv1hcnvvsx6bg6vi-perl5.40.0-Authen-SASL-2.1700' from 'https://cache.nixos.org'...
2025-07-31T20:49:41.6909568Z copying path '/nix/store/wq3ij7g3r6jfkx61d3nbxrfmyw3f3bng-perl5.40.0-Test-RequiresInternet-0.05' from 'https://cache.nixos.org'...
2025-07-31T20:49:41.6927486Z copying path '/nix/store/3zf0hlfxwam2pcpr28374plf3zwcbkr0-perl5.40.0-Net-HTTP-6.23' from 'https://cache.nixos.org'...
2025-07-31T20:49:41.6985792Z copying path '/nix/store/5i759vgj25fdy680l9v0sjhjg65q0q4h-perl5.40.0-WWW-RobotRules-6.02' from 'https://cache.nixos.org'...
2025-07-31T20:49:41.6995439Z copying path '/nix/store/lmc7x75jvrca79fc2r2j1frmklzvh04h-update-autotools-gnu-config-scripts-hook' from 'https://cache.nixos.org'...
2025-07-31T20:49:41.7080229Z copying path '/nix/store/xnfzahna7b6jb6m1vdczap4v103qmr6w-perl5.40.0-Test-Fatal-0.017' from 'https://cache.nixos.org'...
2025-07-31T20:49:41.7209865Z copying path '/nix/store/blgz4vzk56rbajaavr6kg437zr7jcabp-perl5.40.0-HTTP-Date-6.06' from 'https://cache.nixos.org'...
2025-07-31T20:49:41.7263021Z copying path '/nix/store/x51649mj5ppmj97qrgxwr0calf82m9a5-perl5.40.0-File-Listing-6.16' from 'https://cache.nixos.org'...
2025-07-31T20:49:41.7265691Z copying path '/nix/store/krfhnl4n5a9w201z5pzwgps9fgz8z5j5-perl5.40.0-HTTP-CookieJar-0.014' from 'https://cache.nixos.org'...
2025-07-31T20:49:41.7400375Z copying path '/nix/store/6nkqdqzpa75514lhglgnjs5k4dklw4sb-libidn2-2.3.8' from 'https://cache.nixos.org'...
2025-07-31T20:49:41.7549216Z copying path '/nix/store/cg9s562sa33k78m63njfn1rw47dp9z0i-glibc-2.40-66' from 'https://cache.nixos.org'...
2025-07-31T20:49:41.7815143Z copying path '/nix/store/52vfnn1wcqn3d5jzrqvcd6yzp3i1gw2m-kind-0.29.0' from 'https://cache.nixos.org'...
2025-07-31T20:49:41.7831222Z copying path '/nix/store/gjdgw1zhvl9hl7mmiw6ncpnpmpxlk2yb-go-task-3.43.3' from 'https://cache.nixos.org'...
2025-07-31T20:49:41.7832971Z copying path '/nix/store/f93la7iy82zzmhr9wc5rxh18yqajr95v-kubectl-1.33.0' from 'https://cache.nixos.org'...
2025-07-31T20:49:41.7834429Z copying path '/nix/store/dssdkka6y0sjkiknyrsc73lbrw6x70w5-protoc-gen-go-1.36.6' from 'https://cache.nixos.org'...
2025-07-31T20:49:41.7836296Z copying path '/nix/store/h1cbksykikg9wfhrh5304bfh6xhbbziy-protoc-gen-go-grpc-1.5.1' from 'https://cache.nixos.org'...
2025-07-31T20:49:42.3221118Z copying path '/nix/store/8syylmkvnn7lg2nar9fddpp5izb4gh56-attr-2.5.2' from 'https://cache.nixos.org'...
2025-07-31T20:49:42.3233939Z copying path '/nix/store/zrnqzhcvlpiycqbswl0w172y4bpn0lb4-bzip2-1.0.8' from 'https://cache.nixos.org'...
2025-07-31T20:49:42.3235398Z copying path '/nix/store/v684vrham0343x1dwzdi8v2l68hb28zp-buf-1.52.1' from 'https://cache.nixos.org'...
2025-07-31T20:49:42.3236759Z copying path '/nix/store/xy4jjgw87sbgwylm5kn047d9gkbhsr9x-bash-5.2p37' from 'https://cache.nixos.org'...
2025-07-31T20:49:42.3238325Z copying path '/nix/store/7a8gf62bfl22k4gy2cd300h7cvqmn9yl-brotli-1.1.0-lib' from 'https://cache.nixos.org'...
2025-07-31T20:49:42.3239696Z copying path '/nix/store/2x51wvk10m9l014lyrfdskc3b360ifjp-ed-1.21.1' from 'https://cache.nixos.org'...
2025-07-31T20:49:42.3241666Z copying path '/nix/store/p9k7bd23v5yvmap9594f9x7hpvacdh32-expand-response-params' from 'https://cache.nixos.org'...
2025-07-31T20:49:42.3243143Z copying path '/nix/store/fcyn0dqszgfysiasdmkv1jh3syncajay-gawk-5.3.2' from 'https://cache.nixos.org'...
2025-07-31T20:49:42.3244525Z copying path '/nix/store/j0bzxly2rvcym1zkhn393adiqcwn8np6-expat-2.7.1' from 'https://cache.nixos.org'...
2025-07-31T20:49:42.3245680Z copying path '/nix/store/7c0v0kbrrdc2cqgisi78jdqxn73n3401-gcc-14.2.1.20250322-lib' from 'https://cache.nixos.org'...
2025-07-31T20:49:42.3246487Z copying path '/nix/store/qkzkz12l4q06lzbji0ifgynzrd44bpjs-gdbm-1.25-lib' from 'https://cache.nixos.org'...
2025-07-31T20:49:42.3247907Z copying path '/nix/store/303islqk386z1w2g1ngvxnkl4glfpgrs-glibc-2.40-66-bin' from 'https://cache.nixos.org'...
2025-07-31T20:49:42.3249891Z copying path '/nix/store/dwwc14ppzkl0yphcgsz25xvi24c9d1zm-gmp-6.3.0' from 'https://cache.nixos.org'...
2025-07-31T20:49:42.3251428Z copying path '/nix/store/kv10h4pidkmx8cjs2sw2pi9rlcnighbc-gnumake-4.4.1' from 'https://cache.nixos.org'...
2025-07-31T20:49:42.3255678Z copying path '/nix/store/if83fp73ln7ksdnp1wkywvyv53b6fw3f-glibc-2.40-66-getent' from 'https://cache.nixos.org'...
2025-07-31T20:49:42.3315954Z copying path '/nix/store/clbb2cvigynr235ab5zgi18dyavznlk2-gnused-4.9' from 'https://cache.nixos.org'...
2025-07-31T20:49:42.3317837Z copying path '/nix/store/677sx4qrmnmgk83ynn0sw8hqgh439g6b-json-c-0.18' from 'https://cache.nixos.org'...
2025-07-31T20:49:42.3354590Z copying path '/nix/store/3mi59bgj22xx29dyss7jhmx3sgznd85m-acl-2.3.2' from 'https://cache.nixos.org'...
2025-07-31T20:49:42.3373442Z copying path '/nix/store/1abbyfv3bpxalfjfgpmwg8jcy931bf76-bzip2-1.0.8-bin' from 'https://cache.nixos.org'...
2025-07-31T20:49:42.3434052Z copying path '/nix/store/0jzwmqm1j81n7696azyvxmk007qza014-k9s-0.50.5' from 'https://cache.nixos.org'...
2025-07-31T20:49:42.3473933Z copying path '/nix/store/4v64wga9rk0c919ip673j36g6ikx26ha-keyutils-1.6.3-lib' from 'https://cache.nixos.org'...
2025-07-31T20:49:42.3673435Z copying path '/nix/store/j2v7jjnczkj7ra7jsgq6kv3242a1l52x-getent-glibc-2.40-66' from 'https://cache.nixos.org'...
2025-07-31T20:49:42.3765040Z copying path '/nix/store/z8fh9w8y3hlckw7zqi29hgfz0x5gyi0s-kubernetes-helm-3.17.3' from 'https://cache.nixos.org'...
2025-07-31T20:49:42.3768710Z copying path '/nix/store/1rlljm73ch98b2q9qqk8g0vhv2n9mya8-libapparmor-4.1.0' from 'https://cache.nixos.org'...
2025-07-31T20:49:42.3788534Z copying path '/nix/store/aq5b44b37zp5dfwz5330pxqm699gs4g3-isl-0.20' from 'https://cache.nixos.org'...
2025-07-31T20:49:42.3790872Z copying path '/nix/store/wrxvqj822kz8746608lgns7h8mkpn79f-gnutar-1.35' from 'https://cache.nixos.org'...
2025-07-31T20:49:42.3817526Z copying path '/nix/store/bh1hxs692a2fv806wkiprig10j5znd7c-libcap-2.75-lib' from 'https://cache.nixos.org'...
2025-07-31T20:49:42.4026610Z copying path '/nix/store/dfznrcrr2raj9x4bdysvs896jfnx84ih-libcbor-0.12.0' from 'https://cache.nixos.org'...
2025-07-31T20:49:42.4123911Z copying path '/nix/store/yai7mpy5d4rw0jvflyxdf0vzjkiqxhv6-libevent-2.1.12' from 'https://cache.nixos.org'...
2025-07-31T20:49:42.4195459Z copying path '/nix/store/afhkqb5a94zlwjxigsnwsfwkf38h21dk-gzip-1.14' from 'https://cache.nixos.org'...
2025-07-31T20:49:42.4320675Z copying path '/nix/store/90c412b9wqhfny300rg5s2gpsbrqb31q-libffi-3.4.8' from 'https://cache.nixos.org'...
2025-07-31T20:49:42.4400599Z copying path '/nix/store/9z7wv6k9i38k83xpbgqcapaxhdkbaqhz-libgpg-error-1.51' from 'https://cache.nixos.org'...
2025-07-31T20:49:42.4404113Z copying path '/nix/store/9hbdbr5hikxjb16ir40w2v24gbivv22x-libmnl-1.0.5' from 'https://cache.nixos.org'...
2025-07-31T20:49:42.4416762Z copying path '/nix/store/r25srliigrrv5q3n7y8ms6z10spvjcd9-glibc-2.40-66-dev' from 'https://cache.nixos.org'...
2025-07-31T20:49:42.4486095Z copying path '/nix/store/ygz5dcpzd7qkw44wpbd65rl6amwpxp5f-libnfnetlink-1.0.2' from 'https://cache.nixos.org'...
2025-07-31T20:49:42.4684416Z copying path '/nix/store/635dz3p1afjwym9snp2r9hm0vaznwngy-libnl-3.11.0' from 'https://cache.nixos.org'...
2025-07-31T20:49:42.4922825Z copying path '/nix/store/bxs5j3zhh35nwhyhwc3db724c7nzfl36-libpsl-0.21.5' from 'https://cache.nixos.org'...
2025-07-31T20:49:42.4972898Z copying path '/nix/store/a7zbljj0cwkbfzn22v6s2cbh39dj9hip-libseccomp-2.6.0-lib' from 'https://cache.nixos.org'...
2025-07-31T20:49:42.5012032Z copying path '/nix/store/zf61wng66ik05clni78571wfmfp5kqzq-libtasn1-4.20.0' from 'https://cache.nixos.org'...
2025-07-31T20:49:42.5079287Z copying path '/nix/store/qizipyz9y17nr4w4gmxvwd3x4k0bp2rh-libxcrypt-4.4.38' from 'https://cache.nixos.org'...
2025-07-31T20:49:42.5082567Z copying path '/nix/store/f7y5q4jwja2z3i5zlylgbv5av6839a54-libnftnl-1.2.9' from 'https://cache.nixos.org'...
2025-07-31T20:49:42.5580838Z copying path '/nix/store/6wrjb93m2arv7adx6k2x9nlb0y7rmgpi-libnetfilter_conntrack-1.1.0' from 'https://cache.nixos.org'...
2025-07-31T20:49:42.5773347Z copying path '/nix/store/xv0pc5nc41v5vi0lac1i2d353s3rqlkm-libxml2-2.13.8' from 'https://cache.nixos.org'...
2025-07-31T20:49:42.5779093Z copying path '/nix/store/wyf93cvh25b2xg82mkjcpmwgcspk0ggr-mpdecimal-4.0.0' from 'https://cache.nixos.org'...
2025-07-31T20:49:42.5799371Z copying path '/nix/store/51sr6m5fb8fff9vydnz7gkqyl5sjpixl-lz4-1.10.0-lib' from 'https://cache.nixos.org'...
2025-07-31T20:49:42.5916492Z copying path '/nix/store/vfmnmqsnfiiqmphy7ffh2zqynsxfck1q-ncurses-6.5' from 'https://cache.nixos.org'...
2025-07-31T20:49:42.5959604Z copying path '/nix/store/n52k1dccv0mipz1s4gkk45x64cmmcvrf-mpfr-4.2.2' from 'https://cache.nixos.org'...
2025-07-31T20:49:42.6082431Z copying path '/nix/store/v7rzgm8p6p0ghg5mqcin4vbx6pcrvc0j-nghttp2-1.65.0-lib' from 'https://cache.nixos.org'...
2025-07-31T20:49:42.6084893Z copying path '/nix/store/w5jysn25rynd1d4f3z1nzdkm3rv7rmf0-nghttp2-1.65.0-lib' from 'https://cache.nixos.org'...
2025-07-31T20:49:42.6451498Z copying path '/nix/store/rmrbzp98xrk54pdlm7cxhayj4344zw6h-libassuan-3.0.2' from 'https://cache.nixos.org'...
2025-07-31T20:49:42.6463113Z copying path '/nix/store/0dqmgjr0jsc2s75sbgdvkk7d08zx5g61-libgcrypt-1.10.3-lib' from 'https://cache.nixos.org'...
2025-07-31T20:49:42.6502786Z copying path '/nix/store/1r4qwdkxwc1r3n0bij0sq9q4nvfraw6i-libpcap-1.10.5' from 'https://cache.nixos.org'...
2025-07-31T20:49:42.6766318Z copying path '/nix/store/8pviily4fgsl02ijm65binz236717wfs-openssl-3.4.1' from 'https://cache.nixos.org'...
2025-07-31T20:49:42.6767952Z copying path '/nix/store/qr2rzzddcyvmdlrq1fy68c3nwcz29jyb-openssl-3.4.1' from 'https://cache.nixos.org'...
2025-07-31T20:49:42.6784928Z copying path '/nix/store/ci5nyvrii461hnaw267c1zvna0sjfxif-npth-1.8' from 'https://cache.nixos.org'...
2025-07-31T20:49:42.6811586Z copying path '/nix/store/fm2ky0fkkkici6zpf2s41c1lvkcpfbm5-db-4.8.30' from 'https://cache.nixos.org'...
2025-07-31T20:49:42.6843496Z copying path '/nix/store/sdqvwr8gc74ms9cgf56yvy409xvl8hsf-gettext-0.22.5' from 'https://cache.nixos.org'...
2025-07-31T20:49:42.6954358Z copying path '/nix/store/nzg6zqsijbv7yc95wlfcdswx6bg69srq-gmp-with-cxx-6.3.0' from 'https://cache.nixos.org'...
2025-07-31T20:49:42.6957596Z copying path '/nix/store/kxhsmlrscry4pvbpwkbbbxsksmzg0gp0-gmp-with-cxx-6.3.0' from 'https://cache.nixos.org'...
2025-07-31T20:49:42.7137399Z copying path '/nix/store/i4lj3w4yd9x9jbi7a1xhjqsr7bg8jq7p-icu4c-76.1' from 'https://cache.nixos.org'...
2025-07-31T20:49:42.7355688Z copying path '/nix/store/mb407pssv7zc7pfb4d910k6fshfagm6j-libmpc-1.3.1' from 'https://cache.nixos.org'...
2025-07-31T20:49:42.7428436Z copying path '/nix/store/zh2hx7p0dgkpn08m4gx1csg970dp8b0g-nghttp2-1.65.0-dev' from 'https://cache.nixos.org'...
2025-07-31T20:49:42.7959239Z copying path '/nix/store/9m6a4iv2nh6v4aga830r499s4arknsfb-p11-kit-0.25.5' from 'https://cache.nixos.org'...
2025-07-31T20:49:42.7987430Z copying path '/nix/store/wxkbp7kwvpxvjh28rigmf6lfq64zlsyj-iptables-1.8.11' from 'https://cache.nixos.org'...
2025-07-31T20:49:42.8318064Z copying path '/nix/store/md8kapandyhs7bbw5s782aanw38p2kax-gnupg-2.4.7' from 'https://cache.nixos.org'...
2025-07-31T20:49:42.8528365Z copying path '/nix/store/x0kaspzb5jqvgp357bj27z6iq24ximfg-patch-2.7.6' from 'https://cache.nixos.org'...
2025-07-31T20:49:42.8680373Z copying path '/nix/store/87fck6hm17chxjq7badb11mq036zbyv9-coreutils-9.7' from 'https://cache.nixos.org'...
2025-07-31T20:49:42.9049824Z copying path '/nix/store/m4yrdwg3zv50mw8hy2zni5dyy7ljlg7j-nettle-3.10.1' from 'https://cache.nixos.org'...
2025-07-31T20:49:42.9479164Z copying path '/nix/store/2jc1jmzis19adawjwhl8qhdvh7vlbk0q-patchelf-0.15.0' from 'https://cache.nixos.org'...
2025-07-31T20:49:43.0623043Z copying path '/nix/store/a9c6rz5183psp30q1nhkakis6ab4km4b-pcre2-10.44' from 'https://cache.nixos.org'...
2025-07-31T20:49:43.0885540Z copying path '/nix/store/qqpgwzhpakcqaz6fiy95x19iydj471ca-pcsclite-2.3.0-lib' from 'https://cache.nixos.org'...
2025-07-31T20:49:43.1033175Z copying path '/nix/store/r4bvdpg1761bqc4jxn4sqxr6ymbcdw8f-perl5.40.0-Clone-0.46' from 'https://cache.nixos.org'...
2025-07-31T20:49:43.1130186Z copying path '/nix/store/jc4bqxwq93ki4b5wf638sgygd1ghjz7a-krb5-1.21.3-lib' from 'https://cache.nixos.org'...
2025-07-31T20:49:43.1183230Z copying path '/nix/store/xr3wxsyn60shsns69sgkxfhv2d95536w-openssl-3.4.1-bin' from 'https://cache.nixos.org'...
2025-07-31T20:49:43.1439324Z copying path '/nix/store/vqhxms7i64vb86p07i8q50x32yi9gv5c-perl5.40.0-FCGI-0.82' from 'https://cache.nixos.org'...
2025-07-31T20:49:43.1480245Z copying path '/nix/store/bmjb20jhxkq881f43pd264240sp677an-krb5-1.21.3-lib' from 'https://cache.nixos.org'...
2025-07-31T20:49:43.1645160Z copying path '/nix/store/bmckdjhp1cn78n4md1m55zglpqxwijj3-libtpms-0.10.0' from 'https://cache.nixos.org'...
2025-07-31T20:49:43.1677394Z copying path '/nix/store/d4knbwl8kbkaai01bp5pb0ph0xpb7bnz-perl5.40.0-Net-SSLeay-1.92' from 'https://cache.nixos.org'...
2025-07-31T20:49:43.1759324Z copying path '/nix/store/bafwfabi148bigqra4nc5w029zj7dx7c-perl5.40.0-TermReadKey-2.38' from 'https://cache.nixos.org'...
2025-07-31T20:49:43.1850862Z copying path '/nix/store/7h0sard22wnbz0jyz07w8y9y0fcs795r-diffutils-3.12' from 'https://cache.nixos.org'...
2025-07-31T20:49:43.1852408Z copying path '/nix/store/7y59hzi3svdj1xjddjn2k7km96pifcyl-findutils-4.10.0' from 'https://cache.nixos.org'...
2025-07-31T20:49:43.1853823Z copying path '/nix/store/8235ynhyv1ilxb8b45mfm2gg00c7514r-prometheus-3.1.0' from 'https://cache.nixos.org'...
2025-07-31T20:49:43.1855350Z copying path '/nix/store/7dac1achpwid46gi2a0p751jgn907p6w-protoc-gen-connect-go-1.18.1' from 'https://cache.nixos.org'...
2025-07-31T20:49:43.2190137Z copying path '/nix/store/vim07ywfgdqz217qnmik9knbmm5glpcn-perl5.40.0-HTTP-Message-6.45' from 'https://cache.nixos.org'...
2025-07-31T20:49:43.2341699Z copying path '/nix/store/1l2x502h3j9bkp2ln3axm9qp70ibg7a1-qrencode-4.1.1' from 'https://cache.nixos.org'...
2025-07-31T20:49:43.2902513Z copying path '/nix/store/971mpk4nqhqcxggx0yi60w9y1ya570bj-readline-8.2p13' from 'https://cache.nixos.org'...
2025-07-31T20:49:43.3004999Z copying path '/nix/store/jrfl1fwkb3aqbh19ap1ipk8sjlbpcjy4-openssl-3.4.1-dev' from 'https://cache.nixos.org'...
2025-07-31T20:49:43.3171707Z copying path '/nix/store/gqmr3gixlddz3667ba1iyqck3c0dkpvd-gnugrep-3.11' from 'https://cache.nixos.org'...
2025-07-31T20:49:43.3249304Z copying path '/nix/store/j6rlrmd7jqk1902s98mjjxj8d563hv8q-perl5.40.0-HTML-Parser-3.81' from 'https://cache.nixos.org'...
2025-07-31T20:49:43.3294899Z copying path '/nix/store/cxqg93vhjddswn75f5bdzbkcpbix32gg-perl5.40.0-HTTP-Cookies-6.10' from 'https://cache.nixos.org'...
2025-07-31T20:49:43.3313467Z copying path '/nix/store/dfyds9allpyy0nwhr2j729jvkb49mrxn-perl5.40.0-HTTP-Daemon-6.16' from 'https://cache.nixos.org'...
2025-07-31T20:49:43.3815563Z copying path '/nix/store/3pd9kl0nnn22in35ad4p6v5zha8s24gj-perl5.40.0-HTTP-Negotiate-6.01' from 'https://cache.nixos.org'...
2025-07-31T20:49:43.3922434Z copying path '/nix/store/v03zr9slrp64psxlpwh7gn0m5gcdglwm-systemd-minimal-libs-257.5' from 'https://cache.nixos.org'...
2025-07-31T20:49:43.3941138Z copying path '/nix/store/n75k5rjvbc7gfp4zpajpab5rykajdcmy-perl5.40.0-IO-Socket-SSL-2.083' from 'https://cache.nixos.org'...
2025-07-31T20:49:43.3983370Z copying path '/nix/store/dd8qw391ljsri9mkx07mihb1ap0g52mp-krb5-1.21.3' from 'https://cache.nixos.org'...
2025-07-31T20:49:43.4251003Z copying path '/nix/store/8y5hcryppj548yfx6akiw93qrw8zv6js-unbound-1.23.0-lib' from 'https://cache.nixos.org'...
2025-07-31T20:49:43.4253258Z copying path '/nix/store/675r4l9rpmaxdanw0i48z4n7gzchngv7-util-linux-minimal-2.41-login' from 'https://cache.nixos.org'...
2025-07-31T20:49:43.4280564Z copying path '/nix/store/fmf4095h2x5rxsgsyxz655049k2ibchl-perl5.40.0-CGI-4.59' from 'https://cache.nixos.org'...
2025-07-31T20:49:43.4566885Z copying path '/nix/store/pa60s415p92gnhv5ffz1bmfgzzfvhvd8-xz-5.8.1' from 'https://cache.nixos.org'...
2025-07-31T20:49:43.4671985Z copying path '/nix/store/1q9lw4r2mbap8rsr8cja46nap6wvrw2p-bash-interactive-5.2p37' from 'https://cache.nixos.org'...
2025-07-31T20:49:43.5037785Z copying path '/nix/store/ab94zphiyyy8xa1adssy4n94f4nn799l-z3-4.15.1-lib' from 'https://cache.nixos.org'...
2025-07-31T20:49:43.5067720Z copying path '/nix/store/srby6wmvg7dp454pwb6qvaxdiri38sc1-zlib-1.3.1' from 'https://cache.nixos.org'...
2025-07-31T20:49:43.5193722Z copying path '/nix/store/k8asbblj2xn748rslklcll68b4ygh2am-zlib-ng-2.2.4' from 'https://cache.nixos.org'...
2025-07-31T20:49:43.5540410Z copying path '/nix/store/d8vq999dg607ha6718fimpakacfax0gd-zstd-1.5.7' from 'https://cache.nixos.org'...
2025-07-31T20:49:43.5885949Z copying path '/nix/store/qih5jc5im739yjgdslbswyxmz8kslqdl-perl5.40.0-Net-SMTP-SSL-1.04' from 'https://cache.nixos.org'...
2025-07-31T20:49:43.5961624Z copying path '/nix/store/0gn4mrgjlx9dhffs19yshpdrhi9pcbyl-perl5.40.0-CGI-Fast-2.16' from 'https://cache.nixos.org'...
2025-07-31T20:49:43.6022586Z copying path '/nix/store/974a51073v6cb7cr5j0dazanxzmk9bxg-binutils-2.44-lib' from 'https://cache.nixos.org'...
2025-07-31T20:49:43.6349435Z copying path '/nix/store/a7h3ly9qzh8wk1vsycpdk69xp82dl5ry-cracklib-2.10.0' from 'https://cache.nixos.org'...
2025-07-31T20:49:43.6369436Z copying path '/nix/store/imhzyxqr7swq08ip81az5kfa07r07kg0-file-5.46' from 'https://cache.nixos.org'...
2025-07-31T20:49:43.6390736Z copying path '/nix/store/9ds850ifd4jwcccpp3v14818kk74ldf2-gcc-14.2.1.20250322' from 'https://cache.nixos.org'...
2025-07-31T20:49:43.6481064Z copying path '/nix/store/yba197xwc8vvxv9wmcrs9bngmmgp5njb-gnutls-3.8.9' from 'https://cache.nixos.org'...
2025-07-31T20:49:43.6564976Z copying path '/nix/store/4f7ssdb8qgaajl4pr1s1p77r51qsrb8y-kexec-tools-2.0.29' from 'https://cache.nixos.org'...
2025-07-31T20:49:43.6598150Z copying path '/nix/store/mgzqqyadpfwhqq68lpfp7c91ywzrzm10-krb5-1.21.3-dev' from 'https://cache.nixos.org'...
2025-07-31T20:49:43.6631036Z copying path '/nix/store/5f0bv68v1sjrp4pnr8c6p7k04271659w-libfido2-1.15.0' from 'https://cache.nixos.org'...
2025-07-31T20:49:43.7476147Z copying path '/nix/store/9642gi5dl4w9nkhab0l6xry685cg403c-libssh2-1.11.1' from 'https://cache.nixos.org'...
2025-07-31T20:49:43.8178031Z copying path '/nix/store/qvyvscqgr6vyqvmjdgxqa521myv5db0p-kmod-31' from 'https://cache.nixos.org'...
2025-07-31T20:49:43.8367842Z copying path '/nix/store/mzvz45f54a0r0zjjygvlzn6pidfkkwj3-audit-4.0.3-lib' from 'https://cache.nixos.org'...
2025-07-31T20:49:43.8431306Z copying path '/nix/store/89bxhx3rhk6r4d5fvwaysrykpmvmgcnm-kmod-31-lib' from 'https://cache.nixos.org'...
2025-07-31T20:49:43.8469581Z copying path '/nix/store/g91dviqva4rkkw8lw30zy3gj14c1p23s-libarchive-3.7.8-lib' from 'https://cache.nixos.org'...
2025-07-31T20:49:43.8768344Z copying path '/nix/store/hbg912lq82jclwv8xnrwx5dgm8wq79sb-libssh2-1.11.1' from 'https://cache.nixos.org'...
2025-07-31T20:49:43.9600369Z copying path '/nix/store/v63bxfiacw082c7ijshf60alvvrpfxsq-binutils-2.44' from 'https://cache.nixos.org'...
2025-07-31T20:49:43.9920927Z copying path '/nix/store/v578vkzh0qhzczjvrzf64lqb2c74d5pk-curl-8.13.0' from 'https://cache.nixos.org'...
2025-07-31T20:49:43.9985730Z copying path '/nix/store/1dxfw2zshri809ddyfqllvff3cfj96ma-libmicrohttpd-1.0.1' from 'https://cache.nixos.org'...
2025-07-31T20:49:44.0380336Z copying path '/nix/store/2pvhq9kgqh5669qj6805vpasngivad8h-lvm2-2.03.31-lib' from 'https://cache.nixos.org'...
2025-07-31T20:49:44.0720685Z copying path '/nix/store/al9x8cr5xifp3qd2f5cdzh6z603kb5ps-perl-5.40.0' from 'https://cache.nixos.org'...
2025-07-31T20:49:44.0770478Z copying path '/nix/store/yfjzkkkyxcalyj7l1n4d4y6s81i65hmy-sqlite-3.48.0' from 'https://cache.nixos.org'...
2025-07-31T20:49:44.0890888Z copying path '/nix/store/vrdwlbzr74ibnzcli2yl1nxg9jqmr237-linux-pam-1.6.1' from 'https://cache.nixos.org'...
2025-07-31T20:49:44.1286849Z copying path '/nix/store/3f5adc5ygjllrbgm913gabzf9afmkh7s-curl-8.13.0' from 'https://cache.nixos.org'...
2025-07-31T20:49:44.2179821Z copying path '/nix/store/9pfg9c10kjqzbdfy37vhylkqhmwf1208-libssh2-1.11.1-dev' from 'https://cache.nixos.org'...
2025-07-31T20:49:44.2183136Z copying path '/nix/store/98zamhd8d0jq3skqwz28dlgph94mrqir-xz-5.8.1-bin' from 'https://cache.nixos.org'...
2025-07-31T20:49:44.2408888Z copying path '/nix/store/cly4pxh7avd579girjmpxmx8z6ad4dyp-elfutils-0.192' from 'https://cache.nixos.org'...
2025-07-31T20:49:44.2809652Z copying path '/nix/store/cbdvjyn19y77m8l06n089x30v7irqz3j-zlib-1.3.1-dev' from 'https://cache.nixos.org'...
2025-07-31T20:49:44.3307965Z copying path '/nix/store/a1v66jvhbr6xia023m16c4pkhxrpkqqr-curl-8.13.0-bin' from 'https://cache.nixos.org'...
2025-07-31T20:49:44.3489228Z copying path '/nix/store/l9xn7mbn0wh0z7swfcfj1n56byvcrisw-zstd-1.5.7-bin' from 'https://cache.nixos.org'...
2025-07-31T20:49:44.4002659Z copying path '/nix/store/r03ly1w54924k8fag1dhjl3yrllj6czd-util-linux-minimal-2.41-lib' from 'https://cache.nixos.org'...
2025-07-31T20:49:44.4071466Z copying path '/nix/store/bmmmy3sz3fmlxx64rlw1apm7ffywpyap-libpwquality-1.4.5-lib' from 'https://cache.nixos.org'...
2025-07-31T20:49:44.4134291Z copying path '/nix/store/aq801xbgs98nxx3lckrym06qfvl8mfsf-stdenv-linux' from 'https://cache.nixos.org'...
2025-07-31T20:49:44.6185930Z copying path '/nix/store/0dw5b8ypwqy87xrb0jgn5ygpzsiv6di9-curl-8.13.0-dev' from 'https://cache.nixos.org'...
2025-07-31T20:49:44.6321899Z copying path '/nix/store/grpscx1ba72r34zbdkq8im08xmjrkad0-boost-1.87.0' from 'https://cache.nixos.org'...
2025-07-31T20:49:44.6400101Z copying path '/nix/store/9r81a64smasyz3j7x3ah684hyzivmplx-kbd-2.7.1' from 'https://cache.nixos.org'...
2025-07-31T20:49:44.6834477Z copying path '/nix/store/dw5aa0sf40aahg0fbwgfjwhjxnnrmipl-shellcheck-0.10.0-bin' from 'https://cache.nixos.org'...
2025-07-31T20:49:44.6848997Z copying path '/nix/store/7f3nwfvk0f32663rz1xn38cbsl66idx2-libbpf-1.5.0' from 'https://cache.nixos.org'...
2025-07-31T20:49:44.7349198Z copying path '/nix/store/m4w8d2h3v76anng7s9cv9c1iq9w6y2jj-cryptsetup-2.7.5' from 'https://cache.nixos.org'...
2025-07-31T20:49:44.7381349Z copying path '/nix/store/8w718rm43x7z73xhw9d6vh8s4snrq67h-python3-3.12.10' from 'https://cache.nixos.org'...
2025-07-31T20:49:44.7386030Z copying path '/nix/store/a885zzx9s5y8dxbfvahwdcwcx6pdzm9q-tpm2-tss-4.1.3' from 'https://cache.nixos.org'...
2025-07-31T20:49:44.7621290Z copying path '/nix/store/agpxymqp96k4bksyz3bbzr5y8jgykf4p-util-linux-minimal-2.41-mount' from 'https://cache.nixos.org'...
2025-07-31T20:49:44.8207154Z building '/nix/store/99c82r6q9jma7g5hzimr3l4z629afmqk-kind-with-registry.sh.drv'...
2025-07-31T20:49:44.9230442Z copying path '/nix/store/jws80m7djgv03chq0ylw7vmv3vqsbvgg-util-linux-minimal-2.41-swap' from 'https://cache.nixos.org'...
2025-07-31T20:49:45.1910285Z copying path '/nix/store/if9z6wmzmb07j63c02mvfkhn1mw1w5p4-systemd-257.5' from 'https://cache.nixos.org'...
2025-07-31T20:49:45.2260988Z copying path '/nix/store/gxzk021q0f0h0jqwxiqikl1gkiih7qiq-shellcheck-0.10.0' from 'https://cache.nixos.org'...
2025-07-31T20:49:45.4483474Z copying path '/nix/store/hhfm5fkvb1alg1np5a69m2qlcjqhr062-binutils-wrapper-2.44' from 'https://cache.nixos.org'...
2025-07-31T20:49:45.5123442Z copying path '/nix/store/lzy7d0z17q11m9g3ggx0kqq498wz9g6m-solc-0.8.28' from 'https://cache.nixos.org'...
2025-07-31T20:49:46.3455953Z copying path '/nix/store/p90lckzsmp16zh0rfx7pfc6ryf77y3c6-perl5.40.0-libwww-perl-6.72' from 'https://cache.nixos.org'...
2025-07-31T20:49:46.4744585Z copying path '/nix/store/0yh5wr3mhk09q1bxzh1l7fakkvdsdi67-promtail-3.4.4' from 'https://cache.nixos.org'...
2025-07-31T20:49:47.5072135Z copying path '/nix/store/805a5wv1cyah5awij184yfad1ksmbh9f-git-2.49.0' from 'https://cache.nixos.org'...
2025-07-31T20:49:48.7231879Z copying path '/nix/store/0fsnicvfpf55nkza12cjnad0w84d6ba7-gcc-wrapper-14.2.1.20250322' from 'https://cache.nixos.org'...
2025-07-31T20:49:48.7281401Z copying path '/nix/store/nivcx63drxqzm6pic6vm2wbkxl368w83-stdenv-linux' from 'https://cache.nixos.org'...
2025-07-31T20:49:48.7769326Z building '/nix/store/v8pnp5xw7q2k443b6vd42qb4b1hwxjyx-kind-with-registry-1.0.0.drv'...
2025-07-31T20:49:48.8692576Z building '/nix/store/ayfxm9ax1f2w9k8ngmdx8ddlk9zg1n2d-nix-shell-env.drv'...
2025-07-31T20:49:49.5208411Z this path will be fetched (0.10 MiB download, 0.10 MiB unpacked):
2025-07-31T20:49:49.5209515Z   /nix/store/s3zz5nasd7qr894a8jrp6fy52pdrz2f1-bash-interactive-5.2p37-man
2025-07-31T20:49:49.5217626Z copying path '/nix/store/s3zz5nasd7qr894a8jrp6fy52pdrz2f1-bash-interactive-5.2p37-man' from 'https://cache.nixos.org'...
2025-07-31T20:49:49.5645422Z dependencies installed
2025-07-31T20:49:49.5701938Z ##[group]Run $GITHUB_ACTION_PATH/notify-metrics-availability.sh
2025-07-31T20:49:49.5702415Z [36;1m$GITHUB_ACTION_PATH/notify-metrics-availability.sh[0m
2025-07-31T20:49:49.5731257Z shell: /usr/bin/bash --noprofile --norc -e -o pipefail {0}
2025-07-31T20:49:49.5731648Z env:
2025-07-31T20:49:49.5731869Z   TMPDIR: /home/runner/work/_temp
2025-07-31T20:49:49.5733094Z   GRAFANA_URL: https://grafana-poc.avax-dev.network/d/kBQpRdWnk/avalanche-main-dashboard?orgId=1&refresh=10s&var-filter=is_ephemeral_node%7C%3D%7Cfalse&var-filter=gh_repo%7C%3D%7Cava-labs%2Fsubnet-evm&var-filter=gh_run_id%7C%3D%7C16659661225&var-filter=gh_run_attempt%7C%3D%7C1
2025-07-31T20:49:49.5734301Z   GH_JOB_ID: e2e_load
2025-07-31T20:49:49.5734542Z   FILTER_BY_OWNER: 
2025-07-31T20:49:49.5734767Z ##[endgroup]
2025-07-31T20:49:49.5817862Z grafana link for shared network logs and metrics: https://grafana-poc.avax-dev.network/d/kBQpRdWnk/avalanche-main-dashboard?orgId=1&refresh=10s&var-filter=is_ephemeral_node%7C%3D%7Cfalse&var-filter=gh_repo%7C%3D%7Cava-labs%2Fsubnet-evm&var-filter=gh_run_id%7C%3D%7C16659661225&var-filter=gh_run_attempt%7C%3D%7C1&var-filter=gh_job_id%7C%3D%7Ce2e_load&from=1753994989000&to=1753995889000
2025-07-31T20:49:49.5857185Z ##[group]Run $GITHUB_ACTION_PATH/nix-develop.sh --impure --command bash -x ./scripts/run_task.sh test-e2e-load-ci
2025-07-31T20:49:49.5858342Z [36;1m $GITHUB_ACTION_PATH/nix-develop.sh --impure --command bash -x ./scripts/run_task.sh test-e2e-load-ci[0m
2025-07-31T20:49:49.5892541Z shell: /usr/bin/bash --noprofile --norc -e -o pipefail {0}
2025-07-31T20:49:49.5893025Z env:
2025-07-31T20:49:49.5893309Z   TMPDIR: /home/runner/work/_temp
2025-07-31T20:49:49.5893721Z   TMPNET_START_METRICS_COLLECTOR: true
2025-07-31T20:49:49.5894153Z   TMPNET_START_LOGS_COLLECTOR: true
2025-07-31T20:49:49.5894573Z   TMPNET_CHECK_METRICS_COLLECTED: true
2025-07-31T20:49:49.5895007Z   TMPNET_CHECK_LOGS_COLLECTED: true
2025-07-31T20:49:49.5895473Z   LOKI_USERNAME: ***
2025-07-31T20:49:49.5895935Z   LOKI_PASSWORD: ***
2025-07-31T20:49:49.5896297Z   PROMETHEUS_USERNAME: ***
2025-07-31T20:49:49.5896828Z   PROMETHEUS_PASSWORD: ***
2025-07-31T20:49:49.5897342Z   GH_REPO: ava-labs/subnet-evm
2025-07-31T20:49:49.5897719Z   GH_WORKFLOW: Tests
2025-07-31T20:49:49.5898044Z   GH_RUN_ID: 16659661225
2025-07-31T20:49:49.5898390Z   GH_RUN_NUMBER: 2455
2025-07-31T20:49:49.5898714Z   GH_RUN_ATTEMPT: 1
2025-07-31T20:49:49.5899029Z   GH_JOB_ID: e2e_load
2025-07-31T20:49:49.5899348Z ##[endgroup]
2025-07-31T20:49:49.5976225Z No local flake found, will attempt to use avalanchego flake
2025-07-31T20:49:49.6066177Z Starting nix shell for github:ava-labs/avalanchego?ref=v1.13.3
2025-07-31T20:49:52.1732257Z + set -euo pipefail
2025-07-31T20:49:52.1732723Z + command -v task
2025-07-31T20:49:52.1733032Z + exec task test-e2e-load-ci
2025-07-31T20:49:52.1941684Z task: [install-avalanchego-release] ./scripts/install_avalanchego_release.sh
2025-07-31T20:49:52.2450862Z Using branch: 458961795
2025-07-31T20:49:52.4809435Z https://github.com/ava-labs/avalanchego/releases/download/v1.13.3/avalanchego-linux-amd64-v1.13.3.tar.gz found
2025-07-31T20:49:52.4810404Z downloading to /tmp/e2e-test/avalanchego-linux-amd64-v1.13.3.tar.gz
2025-07-31T20:49:52.4861828Z   % Total    % Received % Xferd  Average Speed   Time    Time     Time  Current
2025-07-31T20:49:52.4863095Z                                  Dload  Upload   Total   Spent    Left  Speed
2025-07-31T20:49:52.4863454Z 
2025-07-31T20:49:52.5503184Z   0     0    0     0    0     0      0      0 --:--:-- --:--:-- --:--:--     0
2025-07-31T20:49:52.5504097Z   0     0    0     0    0     0      0      0 --:--:-- --:--:-- --:--:--     0
2025-07-31T20:49:52.6857938Z 
2025-07-31T20:49:52.6858706Z 100 39.2M  100 39.2M    0     0   196M      0 --:--:-- --:--:-- --:--:--  196M
2025-07-31T20:49:52.6978966Z avalanchego-v1.13.3/avalanchego
2025-07-31T20:49:53.1389215Z Installed AvalancheGo release v1.13.3
2025-07-31T20:49:53.1390004Z AvalancheGo Path: /tmp/e2e-test/avalanchego/avalanchego
2025-07-31T20:49:53.1390704Z Plugin Dir: /home/runner/.avalanchego/plugins
2025-07-31T20:49:53.1426562Z task: [build] ./scripts/build.sh
2025-07-31T20:49:53.1957273Z Using branch: 458961795
2025-07-31T20:49:53.1958161Z Building Subnet EVM @ GitCommit: 458961795523cdde7218683f234d1bdfd7d9e2c6 at /home/runner/.avalanchego/plugins/srEXiWaHuhNyGwPUi444Tu47ZEDwxTWrbQiuD7FmgSAQ6X7Dy
2025-07-31T20:50:00.9253605Z task: [test-e2e-load] ./scripts/run_ginkgo_load.sh
2025-07-31T20:50:00.9756621Z Using branch: 458961795
2025-07-31T20:50:00.9757678Z Running with extra args: --avalanchego-path=/tmp/e2e-test/avalanchego/avalanchego
2025-07-31T20:50:08.0810211Z Running Suite: subnet-evm small load simulator test suite - /home/runner/work/subnet-evm/subnet-evm/tests/load
2025-07-31T20:50:08.0811294Z ==============================================================================================================
2025-07-31T20:50:08.0812209Z Random Seed: [1m1753995001[0m
2025-07-31T20:50:08.0812491Z 
2025-07-31T20:50:08.0812734Z Will run [1m1[0m of [1m1[0m specs
2025-07-31T20:50:08.0813172Z [38;5;243m------------------------------[0m
2025-07-31T20:50:08.0813466Z [Load Simulator]
2025-07-31T20:50:08.0813954Z [38;5;243m/home/runner/work/subnet-evm/subnet-evm/tests/load/load_test.go:50[0m
2025-07-31T20:50:08.0814507Z   [0m[1mbasic subnet load test[0m [38;5;204m[load][0m
2025-07-31T20:50:08.0815087Z   [38;5;243m/home/runner/work/subnet-evm/subnet-evm/tests/load/load_test.go:72[0m
2025-07-31T20:50:08.0816268Z   > Enter [1m[BeforeEach][0m TOP-LEVEL [38;5;243m- /home/runner/go/pkg/mod/github.com/ava-labs/avalanchego@v1.13.3/tests/fixture/e2e/metrics_link.go:27 @ 07/31/25 20:50:08.08[0m
2025-07-31T20:50:08.0819914Z   < Exit [1m[BeforeEach][0m TOP-LEVEL [38;5;243m- /home/runner/go/pkg/mod/github.com/ava-labs/avalanchego@v1.13.3/tests/fixture/e2e/metrics_link.go:27 @ 07/31/25 20:50:08.081 (0s)[0m
2025-07-31T20:50:08.0822012Z   > Enter [1m[BeforeAll][0m [Load Simulator] [38;5;243m- /home/runner/work/subnet-evm/subnet-evm/tests/load/load_test.go:55 @ 07/31/25 20:50:08.081[0m
2025-07-31T20:50:08.0834888Z    [0;0mINFO[0;0m	writing collector config	{"cmd": "prometheus", "path": "/home/runner/.tmpnet/prometheus/prometheus.yaml"}
2025-07-31T20:50:08.0837402Z    [0;0mINFO[0;0m	starting collector	{"cmd": "prometheus", "workingDir": "/home/runner/.tmpnet/prometheus", "fullCmd": "nohup prometheus --config.file=prometheus.yaml --web.listen-address=127.0.0.1:9090 --agent --storage.agent.path=./data > prometheus.log 2>&1 & echo -n \"$!\" > /home/runner/.tmpnet/prometheus/run.pid", "logPath": "/home/runner/.tmpnet/prometheus/prometheus.log"}
2025-07-31T20:50:08.1846071Z    [0;0mINFO[0;0m	started collector	{"cmd": "prometheus", "pid": 4067}
2025-07-31T20:50:08.1849302Z    [0;0mINFO[0;0m	waiting for collector readiness	{"cmd": "prometheus", "url": "http://127.0.0.1:9090/-/ready", "logPath": "/home/runner/.tmpnet/prometheus/prometheus.log"}
2025-07-31T20:50:08.1854848Z    [0;0mINFO[0;0m	collector ready	{"cmd": "prometheus"}
2025-07-31T20:50:08.1855845Z    [0;0mINFO[0;0m	To stop: tmpnetctl stop-metrics-collector
2025-07-31T20:50:08.1857974Z    [0;0mINFO[0;0m	writing collector config	{"cmd": "promtail", "path": "/home/runner/.tmpnet/promtail/promtail.yaml"}
2025-07-31T20:50:08.1860464Z    [0;0mINFO[0;0m	starting collector	{"cmd": "promtail", "workingDir": "/home/runner/.tmpnet/promtail", "fullCmd": "nohup promtail -config.file=promtail.yaml > promtail.log 2>&1 & echo -n \"$!\" > /home/runner/.tmpnet/promtail/run.pid", "logPath": "/home/runner/.tmpnet/promtail/promtail.log"}
2025-07-31T20:50:08.2867365Z    [0;0mINFO[0;0m	started collector	{"cmd": "promtail", "pid": 4077}
2025-07-31T20:50:08.3870667Z    [0;0mINFO[0;0m	skipping promtail readiness check until one or more nodes have written their service discovery configuration
2025-07-31T20:50:08.3872665Z    [0;0mINFO[0;0m	To stop: tmpnetctl stop-logs-collector
2025-07-31T20:50:08.3873801Z    [0;0mINFO[0;0m	waiting for network to start	{"timeoutSeconds": 120}
2025-07-31T20:50:08.6551776Z    [0;0mINFO[0;0m	preparing configuration for new network	{"runtimeConfig": {"process":{"avalancheGoPath":"/tmp/e2e-test/avalanchego/avalanchego","pluginDir":"/home/runner/.avalanchego/plugins"}}}
2025-07-31T20:50:08.6703388Z    [0;0mINFO[0;0m	starting a single-node network with sybil protection disabled for quicker subnet creation
2025-07-31T20:50:08.6704754Z    [0;0mINFO[0;0m	starting network	{"networkDir": "/home/runner/.tmpnet/networks/20250731-205008.65501-subnet-evm-small-load", "uuid": "024d6716-43b6-45ac-90ac-ddef85b6852d"}
2025-07-31T20:50:09.3909723Z    [0;0mINFO[0;0m	started local node	{"nodeID": "NodeID-7mmzv6MUmhExaZczw4rofCur4VHh14KEp", "dataDir": "/home/runner/.tmpnet/networks/20250731-205008.65501-subnet-evm-small-load/NodeID-7mmzv6MUmhExaZczw4rofCur4VHh14KEp", "isEphemeral": false}
2025-07-31T20:50:09.3913084Z    [0;0mINFO[0;0m	waiting for nodes to report healthy
2025-07-31T20:50:11.3926875Z    [0;0mINFO[0;0m	node is healthy	{"nodeID": "NodeID-7mmzv6MUmhExaZczw4rofCur4VHh14KEp", "uri": "http://127.0.0.1:39801"}
2025-07-31T20:50:11.3929947Z    [0;0mINFO[0;0m	started network	{"networkDir": "/home/runner/.tmpnet/networks/20250731-205008.65501-subnet-evm-small-load", "uuid": "024d6716-43b6-45ac-90ac-ddef85b6852d"}
2025-07-31T20:50:11.3935051Z    [0;0mINFO[0;0m	metrics and logs available via grafana (collectors must be running)	{"url": "https://grafana-poc.avax-dev.network/d/kBQpRdWnk/avalanche-main-dashboard?&var-filter=network_uuid%7C%3D%7C024d6716-43b6-45ac-90ac-ddef85b6852d&var-filter=is_ephemeral_node%7C%3D%7Cfalse&from=1753995008670&to=now", "linkPath": "/home/runner/.tmpnet/networks/20250731-205008.65501-subnet-evm-small-load/metrics.txt"}
2025-07-31T20:50:11.3938440Z    [0;0mINFO[0;0m	creating subnet	{"name": "load-subnet-a"}
2025-07-31T20:50:11.5085729Z    [0;0mINFO[0;0m	created subnet	{"name": "load-subnet-a", "id": "2bq6i4M1nDaQFuimtE7LEp8BchMqDHfNvUz2NxXYtDFZmYXPjg"}
2025-07-31T20:50:11.5087709Z    [0;0mINFO[0;0m	wrote subnet configuration	{"name": "load-subnet-a"}
2025-07-31T20:50:11.5100120Z    [0;0mINFO[0;0m	adding validators for subnet	{"name": "load-subnet-a"}
2025-07-31T20:50:12.0192299Z    [0;0mINFO[0;0m	added validator to subnet	{"subnet": "load-subnet-a", "nodeID": "NodeID-7mmzv6MUmhExaZczw4rofCur4VHh14KEp"}
2025-07-31T20:50:13.0210834Z    [0;0mINFO[0;0m	added validator to subnet	{"subnet": "load-subnet-a", "nodeID": "NodeID-H8HsnXKB96NNY3umACdnrPV896Ckxv71P"}
2025-07-31T20:50:14.0227295Z    [0;0mINFO[0;0m	added validator to subnet	{"subnet": "load-subnet-a", "nodeID": "NodeID-GCTmanG8wYa51wV57gPYbh74y5AyAkCSz"}
2025-07-31T20:50:15.0247404Z    [0;0mINFO[0;0m	added validator to subnet	{"subnet": "load-subnet-a", "nodeID": "NodeID-L8UQgb5eHGY56C28bsPad81y4hGq7w2ei"}
2025-07-31T20:50:16.0268844Z    [0;0mINFO[0;0m	added validator to subnet	{"subnet": "load-subnet-a", "nodeID": "NodeID-K27MnQ7uWpkJJbWu4g2bWbsEVy6tWAZBF"}
2025-07-31T20:50:16.0271361Z    [0;0mINFO[0;0m	waiting for subnet validators to become active	{"subnet": "load-subnet-a"}
2025-07-31T20:50:16.0273140Z    [0;0mINFO[0;0m	saw the expected active validators of the subnet	{"subnet": "load-subnet-a"}
2025-07-31T20:50:16.0334403Z    [0;0mINFO[0;0m	creating chains for subnet	{"subnet": "load-subnet-a"}
2025-07-31T20:50:17.0355611Z    [0;0mINFO[0;0m	created chain	{"chain": "ZnBpTiGs8bwLVR3sB8a4faAWmfGGdbQJczgVwknMUyoeAvDfJ", "subnet": "load-subnet-a", "vm": "srEXiWaHuhNyGwPUi444Tu47ZEDwxTWrbQiuD7FmgSAQ6X7Dy"}
2025-07-31T20:50:17.0358461Z    [0;0mINFO[0;0m	wrote subnet configuration	{"name": "load-subnet-a", "id": "2bq6i4M1nDaQFuimtE7LEp8BchMqDHfNvUz2NxXYtDFZmYXPjg"}
2025-07-31T20:50:17.0360288Z    [0;0mINFO[0;0m	re-enabling sybil protection	{"nodeID": "NodeID-7mmzv6MUmhExaZczw4rofCur4VHh14KEp"}
2025-07-31T20:50:17.0361893Z    [0;0mINFO[0;0m	restarting bootstrap node	{"nodeID": "NodeID-7mmzv6MUmhExaZczw4rofCur4VHh14KEp"}
2025-07-31T20:50:17.7656856Z    [0;0mINFO[0;0m	started local node	{"nodeID": "NodeID-7mmzv6MUmhExaZczw4rofCur4VHh14KEp", "dataDir": "/home/runner/.tmpnet/networks/20250731-205008.65501-subnet-evm-small-load/NodeID-7mmzv6MUmhExaZczw4rofCur4VHh14KEp", "isEphemeral": false}
2025-07-31T20:50:17.7659483Z    [0;0mINFO[0;0m	starting remaining nodes
2025-07-31T20:50:18.4333887Z    [0;0mINFO[0;0m	started local node	{"nodeID": "NodeID-H8HsnXKB96NNY3umACdnrPV896Ckxv71P", "dataDir": "/home/runner/.tmpnet/networks/20250731-205008.65501-subnet-evm-small-load/NodeID-H8HsnXKB96NNY3umACdnrPV896Ckxv71P", "isEphemeral": false}
2025-07-31T20:50:19.1518083Z    [0;0mINFO[0;0m	started local node	{"nodeID": "NodeID-GCTmanG8wYa51wV57gPYbh74y5AyAkCSz", "dataDir": "/home/runner/.tmpnet/networks/20250731-205008.65501-subnet-evm-small-load/NodeID-GCTmanG8wYa51wV57gPYbh74y5AyAkCSz", "isEphemeral": false}
2025-07-31T20:50:20.0971106Z    [0;0mINFO[0;0m	started local node	{"nodeID": "NodeID-L8UQgb5eHGY56C28bsPad81y4hGq7w2ei", "dataDir": "/home/runner/.tmpnet/networks/20250731-205008.65501-subnet-evm-small-load/NodeID-L8UQgb5eHGY56C28bsPad81y4hGq7w2ei", "isEphemeral": false}
2025-07-31T20:50:20.7942758Z    [0;0mINFO[0;0m	started local node	{"nodeID": "NodeID-K27MnQ7uWpkJJbWu4g2bWbsEVy6tWAZBF", "dataDir": "/home/runner/.tmpnet/networks/20250731-205008.65501-subnet-evm-small-load/NodeID-K27MnQ7uWpkJJbWu4g2bWbsEVy6tWAZBF", "isEphemeral": false}
2025-07-31T20:50:20.7946771Z    [0;0mINFO[0;0m	waiting for nodes to report healthy
2025-07-31T20:50:26.3967249Z    [0;0mINFO[0;0m	node is healthy	{"nodeID": "NodeID-H8HsnXKB96NNY3umACdnrPV896Ckxv71P", "uri": "http://127.0.0.1:37663"}
2025-07-31T20:50:26.7972637Z    [0;0mINFO[0;0m	node is healthy	{"nodeID": "NodeID-K27MnQ7uWpkJJbWu4g2bWbsEVy6tWAZBF", "uri": "http://127.0.0.1:36057"}
2025-07-31T20:50:27.1966100Z    [0;0mINFO[0;0m	node is healthy	{"nodeID": "NodeID-GCTmanG8wYa51wV57gPYbh74y5AyAkCSz", "uri": "http://127.0.0.1:35765"}
2025-07-31T20:50:27.9960295Z    [0;0mINFO[0;0m	node is healthy	{"nodeID": "NodeID-L8UQgb5eHGY56C28bsPad81y4hGq7w2ei", "uri": "http://127.0.0.1:38513"}
2025-07-31T20:50:29.7959868Z    [0;0mINFO[0;0m	node is healthy	{"nodeID": "NodeID-7mmzv6MUmhExaZczw4rofCur4VHh14KEp", "uri": "http://127.0.0.1:35501"}
2025-07-31T20:50:29.7962308Z    [0;0mINFO[0;0m	started network	{"networkDir": "/home/runner/.tmpnet/networks/20250731-205008.65501-subnet-evm-small-load", "uuid": "024d6716-43b6-45ac-90ac-ddef85b6852d"}
2025-07-31T20:50:29.7967632Z    [0;0mINFO[0;0m	metrics and logs available via grafana (collectors must be running)	{"url": "https://grafana-poc.avax-dev.network/d/kBQpRdWnk/avalanche-main-dashboard?&var-filter=network_uuid%7C%3D%7C024d6716-43b6-45ac-90ac-ddef85b6852d&var-filter=is_ephemeral_node%7C%3D%7Cfalse&from=1753995017765&to=now", "linkPath": "/home/runner/.tmpnet/networks/20250731-205008.65501-subnet-evm-small-load/metrics.txt"}
2025-07-31T20:50:29.7969917Z    [0;0mINFO[0;0m	network started successfully
2025-07-31T20:50:29.7971147Z    [0;0mINFO[0;0m	waiting for collector readiness	{"cmd": "promtail", "url": "http://127.0.0.1:3101/ready", "logPath": "/home/runner/.tmpnet/promtail/promtail.log"}
2025-07-31T20:50:29.7972565Z    [0;0mINFO[0;0m	collector ready	{"cmd": "promtail"}
2025-07-31T20:50:29.7989225Z    [0;0mINFO[0;0m	network nodes are available	{"uris": [{"NodeID":"NodeID-7mmzv6MUmhExaZczw4rofCur4VHh14KEp","URI":"http://127.0.0.1:35501"},{"NodeID":"NodeID-GCTmanG8wYa51wV57gPYbh74y5AyAkCSz","URI":"http://127.0.0.1:35765"},{"NodeID":"NodeID-H8HsnXKB96NNY3umACdnrPV896Ckxv71P","URI":"http://127.0.0.1:37663"},{"NodeID":"NodeID-K27MnQ7uWpkJJbWu4g2bWbsEVy6tWAZBF","URI":"http://127.0.0.1:36057"},{"NodeID":"NodeID-L8UQgb5eHGY56C28bsPad81y4hGq7w2ei","URI":"http://127.0.0.1:38513"}]}
2025-07-31T20:50:29.7992758Z   < Exit [1m[BeforeAll][0m [Load Simulator] [38;5;243m- /home/runner/work/subnet-evm/subnet-evm/tests/load/load_test.go:55 @ 07/31/25 20:50:29.798 (21.717s)[0m
2025-07-31T20:50:29.7994323Z   > Enter [1m[It][0m basic subnet load test [38;5;243m- /home/runner/work/subnet-evm/subnet-evm/tests/load/load_test.go:72 @ 07/31/25 20:50:29.798[0m
2025-07-31T20:52:28.1656241Z 
2025-07-31T20:52:28.1656753Z Combined output:
2025-07-31T20:52:28.1657208Z 
2025-07-31T20:52:28.1657396Z Beginning simulator script
2025-07-31T20:52:28.1657779Z Using branch: 458961795
2025-07-31T20:52:28.1658070Z building simulator
2025-07-31T20:52:28.1658652Z ~/work/subnet-evm/subnet-evm/cmd/simulator ~/work/subnet-evm/subnet-evm
2025-07-31T20:52:28.1659140Z 
2025-07-31T20:52:28.1659327Z ~/work/subnet-evm/subnet-evm
2025-07-31T20:52:28.1659878Z running simulator from /home/runner/work/subnet-evm/subnet-evm
2025-07-31T20:52:28.1660921Z [07-31|20:50:32.125] [32mINFO[0m Metrics Server: localhost:8082/metrics
2025-07-31T20:52:28.1662203Z [07-31|20:50:32.125] [32mINFO[0m Distributing funds                       [32mnumTxsPerWorker[0m=50000 [32mminFunds[0m=1,050,000,000,000,000,000,000,000
2025-07-31T20:52:28.1663465Z [07-31|20:50:32.125] [32mINFO[0m Checking balance of each key to distribute funds
2025-07-31T20:52:28.1665202Z [07-31|20:50:32.127] [32mINFO[0m Found max funded key                     [32maddress[0m=0x8db97C7cEcE249c2b98bDC0226Cc4C2A57BF52FC [32mbalance[0m=100,000,000,000,000,000,000,000,000 [32mnumFundAddrs[0m=0
2025-07-31T20:52:28.1666845Z [07-31|20:50:32.127] [32mINFO[0m Distributed funds successfully           [32mtime[0m=2.758785ms
2025-07-31T20:52:28.1667943Z [07-31|20:50:32.128] [32mINFO[0m Creating transaction sequences...
2025-07-31T20:52:28.1668842Z [07-31|20:50:33.976] [32mINFO[0m Created transaction sequences successfully [32mtime[0m=1.847999717s
2025-07-31T20:52:28.1669468Z [07-31|20:50:33.976] [32mINFO[0m Constructing tx agents...                [32mnumAgents[0m=1
2025-07-31T20:52:28.1669936Z [07-31|20:50:33.976] [32mINFO[0m Starting tx agents...
2025-07-31T20:52:28.1670306Z [07-31|20:50:33.976] [32mINFO[0m Waiting for tx agents...
2025-07-31T20:52:28.1670816Z [07-31|20:52:00.430] [32mINFO[0m Issuance Batch Done                      [32mbatch[0m=0 [32mtime[0m=86.453
2025-07-31T20:52:28.1671430Z [07-31|20:52:28.160] [32mINFO[0m Confirmed Batch Done                     [32mbatch[0m=0 [32mtime[0m=27.730
2025-07-31T20:52:28.1672034Z [07-31|20:52:28.160] [32mINFO[0m Issuance Batch Done                      [32mbatch[0m=1 [32mtime[0m=0.000
2025-07-31T20:52:28.1672639Z [07-31|20:52:28.160] [32mINFO[0m Confirmed Batch Done                     [32mbatch[0m=1 [32mtime[0m=0.000
2025-07-31T20:52:28.1673536Z [07-31|20:52:28.160] [32mINFO[0m Execution complete                       [32mtotalTxs[0m=50000 [32mtotalTime[0m=114.184 [32mTPS[0m=437.891 [32missuanceTime[0m=86.453 [32mconfirmedTime[0m=27.730
2025-07-31T20:52:28.1674259Z [07-31|20:52:28.160] [32mINFO[0m Tx agents completed successfully.
2025-07-31T20:52:28.1674569Z *** Metrics ***
2025-07-31T20:52:28.1675530Z Type: COUNTER, Name: promhttp_metric_handler_errors_total, Description: Total number of internal errors encountered by the promhttp metric handler., Values: label:{name:"cause"  value:"encoding"}  counter:{value:0  created_timestamp:{seconds:1753995032  nanos:125010120}}
2025-07-31T20:52:28.1677874Z Type: COUNTER, Name: promhttp_metric_handler_errors_total, Description: Total number of internal errors encountered by the promhttp metric handler., Values: label:{name:"cause"  value:"gathering"}  counter:{value:0  created_timestamp:{seconds:1753995032  nanos:125007986}}
2025-07-31T20:52:28.1679763Z Type: SUMMARY, Name: tx_confirmation_time, Description: Individual Tx Confirmation Times for a Load Test, Values: summary:{sample_count:50000  sample_sum:27.646456252999844  quantile:{quantile:0.5  value:0.000535527}  quantile:{quantile:0.9  value:0.000584793}  quantile:{quantile:0.99  value:0.000859866}  created_timestamp:{seconds:1753995032  nanos:124588045}}
2025-07-31T20:52:28.1681808Z Type: SUMMARY, Name: tx_issuance_time, Description: Individual Tx Issuance Times for a Load Test, Values: summary:{sample_count:50000  sample_sum:86.40800121799987  quantile:{quantile:0.5  value:0.001185756}  quantile:{quantile:0.9  value:0.003449223}  quantile:{quantile:0.99  value:0.010459822}  created_timestamp:{seconds:1753995032  nanos:124579439}}
2025-07-31T20:52:28.1683983Z Type: SUMMARY, Name: tx_issuance_to_confirmation_time, Description: Individual Tx Issuance To Confirmation Times for a Load Test, Values: summary:{sample_count:50000  sample_sum:2.8727800242028194e+06  quantile:{quantile:0.5  value:53.476059568}  quantile:{quantile:0.9  value:80.323750551}  quantile:{quantile:0.99  value:86.188830566}  created_timestamp:{seconds:1753995032  nanos:124626187}}
2025-07-31T20:52:28.1686537Z ***************
2025-07-31T20:52:28.1686665Z 
2025-07-31T20:52:28.1687565Z   < Exit [1m[It][0m basic subnet load test [38;5;243m- /home/runner/work/subnet-evm/subnet-evm/tests/load/load_test.go:72 @ 07/31/25 20:52:28.165 (1m58.367s)[0m
2025-07-31T20:52:28.1688804Z   > Enter [1m[AfterEach][0m TOP-LEVEL [38;5;243m- /home/runner/go/pkg/mod/github.com/ava-labs/avalanchego@v1.13.3/tests/fixture/e2e/metrics_link.go:33 @ 07/31/25 20:52:28.165[0m
2025-07-31T20:52:28.1690123Z   < Exit [1m[AfterEach][0m TOP-LEVEL [38;5;243m- /home/runner/go/pkg/mod/github.com/ava-labs/avalanchego@v1.13.3/tests/fixture/e2e/metrics_link.go:33 @ 07/31/25 20:52:28.165 (0s)[0m
2025-07-31T20:52:28.1691543Z   > Enter [1m[DeferCleanup (Each)][0m [Load Simulator] [38;5;243m- /home/runner/go/pkg/mod/github.com/ava-labs/avalanchego@v1.13.3/tests/fixture/e2e/ginkgo_test_context.go:96 @ 07/31/25 20:52:28.165[0m
2025-07-31T20:52:28.1692986Z   < Exit [1m[DeferCleanup (Each)][0m [Load Simulator] [38;5;243m- /home/runner/go/pkg/mod/github.com/ava-labs/avalanchego@v1.13.3/tests/fixture/e2e/ginkgo_test_context.go:96 @ 07/31/25 20:52:28.165 (0s)[0m
2025-07-31T20:52:28.1694407Z   > Enter [1m[DeferCleanup (Each)][0m [Load Simulator] [38;5;243m- /home/runner/go/pkg/mod/github.com/ava-labs/avalanchego@v1.13.3/tests/fixture/e2e/ginkgo_test_context.go:96 @ 07/31/25 20:52:28.165[0m
2025-07-31T20:52:28.1695822Z   < Exit [1m[DeferCleanup (Each)][0m [Load Simulator] [38;5;243m- /home/runner/go/pkg/mod/github.com/ava-labs/avalanchego@v1.13.3/tests/fixture/e2e/ginkgo_test_context.go:96 @ 07/31/25 20:52:28.165 (0s)[0m
2025-07-31T20:52:28.1697536Z   > Enter [1m[DeferCleanup (Each)][0m [Load Simulator] [38;5;243m- /home/runner/go/pkg/mod/github.com/ava-labs/avalanchego@v1.13.3/tests/fixture/e2e/ginkgo_test_context.go:96 @ 07/31/25 20:52:28.165[0m
2025-07-31T20:52:28.1698994Z   < Exit [1m[DeferCleanup (Each)][0m [Load Simulator] [38;5;243m- /home/runner/go/pkg/mod/github.com/ava-labs/avalanchego@v1.13.3/tests/fixture/e2e/ginkgo_test_context.go:96 @ 07/31/25 20:52:28.165 (0s)[0m
2025-07-31T20:52:28.1700412Z   > Enter [1m[DeferCleanup (Each)][0m [Load Simulator] [38;5;243m- /home/runner/go/pkg/mod/github.com/ava-labs/avalanchego@v1.13.3/tests/fixture/e2e/ginkgo_test_context.go:96 @ 07/31/25 20:52:28.165[0m
2025-07-31T20:52:28.1701852Z   < Exit [1m[DeferCleanup (Each)][0m [Load Simulator] [38;5;243m- /home/runner/go/pkg/mod/github.com/ava-labs/avalanchego@v1.13.3/tests/fixture/e2e/ginkgo_test_context.go:96 @ 07/31/25 20:52:28.165 (0s)[0m
2025-07-31T20:52:28.1703548Z   > Enter [1m[DeferCleanup (Each)][0m [Load Simulator] [38;5;243m- /home/runner/go/pkg/mod/github.com/ava-labs/avalanchego@v1.13.3/tests/fixture/e2e/ginkgo_test_context.go:96 @ 07/31/25 20:52:28.165[0m
2025-07-31T20:52:28.1704966Z   < Exit [1m[DeferCleanup (Each)][0m [Load Simulator] [38;5;243m- /home/runner/go/pkg/mod/github.com/ava-labs/avalanchego@v1.13.3/tests/fixture/e2e/ginkgo_test_context.go:96 @ 07/31/25 20:52:28.165 (0s)[0m
2025-07-31T20:52:28.1706379Z   > Enter [1m[DeferCleanup (Each)][0m [Load Simulator] [38;5;243m- /home/runner/go/pkg/mod/github.com/ava-labs/avalanchego@v1.13.3/tests/fixture/e2e/ginkgo_test_context.go:96 @ 07/31/25 20:52:28.165[0m
2025-07-31T20:52:28.1708150Z   < Exit [1m[DeferCleanup (Each)][0m [Load Simulator] [38;5;243m- /home/runner/go/pkg/mod/github.com/ava-labs/avalanchego@v1.13.3/tests/fixture/e2e/ginkgo_test_context.go:96 @ 07/31/25 20:52:28.165 (0s)[0m
2025-07-31T20:52:28.1709644Z   > Enter [1m[DeferCleanup (Each)][0m [Load Simulator] [38;5;243m- /home/runner/go/pkg/mod/github.com/ava-labs/avalanchego@v1.13.3/tests/fixture/e2e/ginkgo_test_context.go:96 @ 07/31/25 20:52:28.165[0m
2025-07-31T20:52:28.1711064Z   < Exit [1m[DeferCleanup (Each)][0m [Load Simulator] [38;5;243m- /home/runner/go/pkg/mod/github.com/ava-labs/avalanchego@v1.13.3/tests/fixture/e2e/ginkgo_test_context.go:96 @ 07/31/25 20:52:28.165 (0s)[0m
2025-07-31T20:52:28.1712510Z   > Enter [1m[DeferCleanup (Each)][0m [Load Simulator] [38;5;243m- /home/runner/go/pkg/mod/github.com/ava-labs/avalanchego@v1.13.3/tests/fixture/e2e/ginkgo_test_context.go:96 @ 07/31/25 20:52:28.165[0m
2025-07-31T20:52:28.1713926Z   < Exit [1m[DeferCleanup (Each)][0m [Load Simulator] [38;5;243m- /home/runner/go/pkg/mod/github.com/ava-labs/avalanchego@v1.13.3/tests/fixture/e2e/ginkgo_test_context.go:96 @ 07/31/25 20:52:28.166 (0s)[0m
2025-07-31T20:52:28.1715332Z   > Enter [1m[DeferCleanup (All)][0m [Load Simulator] [38;5;243m- /home/runner/go/pkg/mod/github.com/ava-labs/avalanchego@v1.13.3/tests/fixture/e2e/ginkgo_test_context.go:96 @ 07/31/25 20:52:28.166[0m
2025-07-31T20:52:28.1716743Z   < Exit [1m[DeferCleanup (All)][0m [Load Simulator] [38;5;243m- /home/runner/go/pkg/mod/github.com/ava-labs/avalanchego@v1.13.3/tests/fixture/e2e/ginkgo_test_context.go:96 @ 07/31/25 20:52:28.166 (0s)[0m
2025-07-31T20:52:28.1718344Z   > Enter [1m[DeferCleanup (All)][0m [Load Simulator] [38;5;243m- /home/runner/go/pkg/mod/github.com/ava-labs/avalanchego@v1.13.3/tests/fixture/e2e/ginkgo_test_context.go:96 @ 07/31/25 20:52:28.166[0m
2025-07-31T20:52:28.1719761Z   < Exit [1m[DeferCleanup (All)][0m [Load Simulator] [38;5;243m- /home/runner/go/pkg/mod/github.com/ava-labs/avalanchego@v1.13.3/tests/fixture/e2e/ginkgo_test_context.go:96 @ 07/31/25 20:52:28.166 (0s)[0m
2025-07-31T20:52:28.1721162Z   > Enter [1m[DeferCleanup (All)][0m [Load Simulator] [38;5;243m- /home/runner/go/pkg/mod/github.com/ava-labs/avalanchego@v1.13.3/tests/fixture/e2e/ginkgo_test_context.go:96 @ 07/31/25 20:52:28.166[0m
2025-07-31T20:52:28.1722573Z   < Exit [1m[DeferCleanup (All)][0m [Load Simulator] [38;5;243m- /home/runner/go/pkg/mod/github.com/ava-labs/avalanchego@v1.13.3/tests/fixture/e2e/ginkgo_test_context.go:96 @ 07/31/25 20:52:28.166 (0s)[0m
2025-07-31T20:52:28.1723965Z   > Enter [1m[DeferCleanup (All)][0m [Load Simulator] [38;5;243m- /home/runner/go/pkg/mod/github.com/ava-labs/avalanchego@v1.13.3/tests/fixture/e2e/ginkgo_test_context.go:96 @ 07/31/25 20:52:28.166[0m
2025-07-31T20:52:28.1725368Z   < Exit [1m[DeferCleanup (All)][0m [Load Simulator] [38;5;243m- /home/runner/go/pkg/mod/github.com/ava-labs/avalanchego@v1.13.3/tests/fixture/e2e/ginkgo_test_context.go:96 @ 07/31/25 20:52:28.166 (0s)[0m
2025-07-31T20:52:28.1726762Z   > Enter [1m[DeferCleanup (All)][0m [Load Simulator] [38;5;243m- /home/runner/go/pkg/mod/github.com/ava-labs/avalanchego@v1.13.3/tests/fixture/e2e/ginkgo_test_context.go:96 @ 07/31/25 20:52:28.166[0m
2025-07-31T20:52:28.1728536Z   < Exit [1m[DeferCleanup (All)][0m [Load Simulator] [38;5;243m- /home/runner/go/pkg/mod/github.com/ava-labs/avalanchego@v1.13.3/tests/fixture/e2e/ginkgo_test_context.go:96 @ 07/31/25 20:52:28.166 (0s)[0m
2025-07-31T20:52:28.1730056Z   > Enter [1m[DeferCleanup (All)][0m [Load Simulator] [38;5;243m- /home/runner/go/pkg/mod/github.com/ava-labs/avalanchego@v1.13.3/tests/fixture/e2e/ginkgo_test_context.go:96 @ 07/31/25 20:52:28.166[0m
2025-07-31T20:52:28.1731456Z   < Exit [1m[DeferCleanup (All)][0m [Load Simulator] [38;5;243m- /home/runner/go/pkg/mod/github.com/ava-labs/avalanchego@v1.13.3/tests/fixture/e2e/ginkgo_test_context.go:96 @ 07/31/25 20:52:28.166 (0s)[0m
2025-07-31T20:52:28.1732849Z   > Enter [1m[DeferCleanup (All)][0m [Load Simulator] [38;5;243m- /home/runner/go/pkg/mod/github.com/ava-labs/avalanchego@v1.13.3/tests/fixture/e2e/ginkgo_test_context.go:96 @ 07/31/25 20:52:28.166[0m
2025-07-31T20:52:28.1734274Z   < Exit [1m[DeferCleanup (All)][0m [Load Simulator] [38;5;243m- /home/runner/go/pkg/mod/github.com/ava-labs/avalanchego@v1.13.3/tests/fixture/e2e/ginkgo_test_context.go:96 @ 07/31/25 20:52:28.166 (0s)[0m
2025-07-31T20:52:28.1735683Z   > Enter [1m[DeferCleanup (All)][0m [Load Simulator] [38;5;243m- /home/runner/go/pkg/mod/github.com/ava-labs/avalanchego@v1.13.3/tests/fixture/e2e/ginkgo_test_context.go:96 @ 07/31/25 20:52:28.166[0m
2025-07-31T20:52:28.1737228Z   < Exit [1m[DeferCleanup (All)][0m [Load Simulator] [38;5;243m- /home/runner/go/pkg/mod/github.com/ava-labs/avalanchego@v1.13.3/tests/fixture/e2e/ginkgo_test_context.go:96 @ 07/31/25 20:52:28.166 (0s)[0m
2025-07-31T20:52:28.1738650Z   > Enter [1m[DeferCleanup (All)][0m [Load Simulator] [38;5;243m- /home/runner/go/pkg/mod/github.com/ava-labs/avalanchego@v1.13.3/tests/fixture/e2e/ginkgo_test_context.go:96 @ 07/31/25 20:52:28.166[0m
2025-07-31T20:52:28.1739622Z    [0;0mINFO[0;0m	delaying network shutdown to ensure final metrics scrape	{"delay": "12s"}
2025-07-31T20:52:40.1674198Z    [0;0mINFO[0;0m	shutting down network
2025-07-31T20:52:40.3360557Z   < Exit [1m[DeferCleanup (All)][0m [Load Simulator] [38;5;243m- /home/runner/go/pkg/mod/github.com/ava-labs/avalanchego@v1.13.3/tests/fixture/e2e/ginkgo_test_context.go:96 @ 07/31/25 20:52:40.335 (12.169s)[0m
2025-07-31T20:52:40.3364382Z   > Enter [1m[DeferCleanup (All)][0m [Load Simulator] [38;5;243m- /home/runner/go/pkg/mod/github.com/ava-labs/avalanchego@v1.13.3/tests/fixture/e2e/ginkgo_test_context.go:96 @ 07/31/25 20:52:40.335[0m
2025-07-31T20:52:40.3368103Z   < Exit [1m[DeferCleanup (All)][0m [Load Simulator] [38;5;243m- /home/runner/go/pkg/mod/github.com/ava-labs/avalanchego@v1.13.3/tests/fixture/e2e/ginkgo_test_context.go:96 @ 07/31/25 20:52:40.335 (0s)[0m
2025-07-31T20:52:40.3370403Z   > Enter [1m[DeferCleanup (All)][0m [Load Simulator] [38;5;243m- /home/runner/go/pkg/mod/github.com/ava-labs/avalanchego@v1.13.3/tests/fixture/e2e/ginkgo_test_context.go:96 @ 07/31/25 20:52:40.335[0m
2025-07-31T20:52:40.3372072Z    [0;0mINFO[0;0m	checking if logs exist	{"url": "https://loki-poc.avax-dev.network", "query": "sum(count_over_time({network_uuid=\"024d6716-43b6-45ac-90ac-ddef85b6852d\"}[1h]))"}
2025-07-31T20:52:41.3625559Z    [0;0mINFO[0;0m	collected count is non-zero	{"type": "logs", "count": 954279}
2025-07-31T20:52:41.3629327Z   < Exit [1m[DeferCleanup (All)][0m [Load Simulator] [38;5;243m- /home/runner/go/pkg/mod/github.com/ava-labs/avalanchego@v1.13.3/tests/fixture/e2e/ginkgo_test_context.go:96 @ 07/31/25 20:52:41.362 (1.027s)[0m
2025-07-31T20:52:41.3632820Z   > Enter [1m[DeferCleanup (All)][0m [Load Simulator] [38;5;243m- /home/runner/go/pkg/mod/github.com/ava-labs/avalanchego@v1.13.3/tests/fixture/e2e/ginkgo_test_context.go:96 @ 07/31/25 20:52:41.362[0m
2025-07-31T20:52:41.3635117Z    [0;0mINFO[0;0m	checking if metrics exist	{"url": "https://prometheus-poc.avax-dev.network", "query": "count({network_uuid=\"024d6716-43b6-45ac-90ac-ddef85b6852d\"})"}
2025-07-31T20:52:41.5483336Z    [0;0mINFO[0;0m	collected count is non-zero	{"type": "metrics", "count": 15321}
2025-07-31T20:52:41.5485464Z   < Exit [1m[DeferCleanup (All)][0m [Load Simulator] [38;5;243m- /home/runner/go/pkg/mod/github.com/ava-labs/avalanchego@v1.13.3/tests/fixture/e2e/ginkgo_test_context.go:96 @ 07/31/25 20:52:41.548 (186ms)[0m
2025-07-31T20:52:41.5487291Z   > Enter [1m[DeferCleanup (All)][0m [Load Simulator] [38;5;243m- /home/runner/go/pkg/mod/github.com/ava-labs/avalanchego@v1.13.3/tests/fixture/e2e/ginkgo_test_context.go:96 @ 07/31/25 20:52:41.548[0m
2025-07-31T20:52:41.5488865Z   < Exit [1m[DeferCleanup (All)][0m [Load Simulator] [38;5;243m- /home/runner/go/pkg/mod/github.com/ava-labs/avalanchego@v1.13.3/tests/fixture/e2e/ginkgo_test_context.go:96 @ 07/31/25 20:52:41.548 (0s)[0m
2025-07-31T20:52:41.5490411Z   > Enter [1m[DeferCleanup (All)][0m [Load Simulator] [38;5;243m- /home/runner/go/pkg/mod/github.com/ava-labs/avalanchego@v1.13.3/tests/fixture/e2e/ginkgo_test_context.go:96 @ 07/31/25 20:52:41.548[0m
2025-07-31T20:52:41.5492027Z   < Exit [1m[DeferCleanup (All)][0m [Load Simulator] [38;5;243m- /home/runner/go/pkg/mod/github.com/ava-labs/avalanchego@v1.13.3/tests/fixture/e2e/ginkgo_test_context.go:96 @ 07/31/25 20:52:41.548 (0s)[0m
2025-07-31T20:52:41.5494882Z [38;5;10m• [153.467 seconds][0m
2025-07-31T20:52:41.5495335Z [38;5;243m------------------------------[0m
2025-07-31T20:52:41.5495541Z 
2025-07-31T20:52:41.5495740Z [38;5;10m[1mRan 1 of 1 Specs in 153.467 seconds[0m
2025-07-31T20:52:41.5496424Z [38;5;10m[1mSUCCESS![0m -- [38;5;10m[1m1 Passed[0m | [38;5;9m[1m0 Failed[0m | [38;5;11m[1m0 Pending[0m | [38;5;14m[1m0 Skipped[0m
2025-07-31T20:52:41.5496907Z PASS
2025-07-31T20:52:41.5666420Z 
2025-07-31T20:52:41.5666838Z Ginkgo ran 1 suite in 2m40.28273773s
2025-07-31T20:52:41.5667648Z Test Suite Passed
2025-07-31T20:52:41.5771788Z ##[group]Run actions/upload-artifact@v4
2025-07-31T20:52:41.5772061Z with:
2025-07-31T20:52:41.5772250Z   name: load-tmpnet-data
2025-07-31T20:52:41.5772690Z   path: ~/.tmpnet/networks
~/.tmpnet/prometheus/prometheus.log
~/.tmpnet/promtail/promtail.log

2025-07-31T20:52:41.5773172Z   if-no-files-found: error
2025-07-31T20:52:41.5773400Z   compression-level: 6
2025-07-31T20:52:41.5773611Z   overwrite: false
2025-07-31T20:52:41.5773820Z   include-hidden-files: false
2025-07-31T20:52:41.5774046Z env:
2025-07-31T20:52:41.5774231Z   TMPDIR: /home/runner/work/_temp
2025-07-31T20:52:41.5774470Z ##[endgroup]
2025-07-31T20:52:41.8313205Z Multiple search paths detected. Calculating the least common ancestor of all paths
2025-07-31T20:52:41.8315943Z The least common ancestor is /home/runner/.tmpnet. This will be the root directory of the artifact
2025-07-31T20:52:41.8317149Z With the provided path, there will be 150 files uploaded
2025-07-31T20:52:41.8322136Z Artifact name is valid!
2025-07-31T20:52:41.8323270Z Root directory input is valid!
2025-07-31T20:52:42.1302018Z Beginning upload of artifact content to blob storage
2025-07-31T20:52:43.7440960Z Uploaded bytes 8388608
2025-07-31T20:52:44.4383070Z Uploaded bytes 16777216
2025-07-31T20:52:44.6217297Z Uploaded bytes 25165824
2025-07-31T20:52:44.7636314Z Uploaded bytes 33554432
2025-07-31T20:52:45.0173139Z Uploaded bytes 41943040
2025-07-31T20:52:45.4490561Z Uploaded bytes 50331648
2025-07-31T20:52:45.6540914Z Uploaded bytes 52043601
2025-07-31T20:52:45.7373402Z Finished uploading artifact content to blob storage!
2025-07-31T20:52:45.7376639Z SHA256 digest of uploaded artifact zip is b042e9c3ad584eea569a13470391a0bf7a181d7bf79297475a769d12b9d1ba32
2025-07-31T20:52:45.7379244Z Finalizing artifact upload
2025-07-31T20:52:45.9119156Z Artifact load-tmpnet-data.zip successfully finalized. Artifact ID 3662132444
2025-07-31T20:52:45.9121130Z Artifact load-tmpnet-data has been successfully uploaded! Final size is 52043601 bytes. Artifact ID is 3662132444
2025-07-31T20:52:45.9128839Z Artifact download URL: https://github.com/ava-labs/subnet-evm/actions/runs/16659661225/artifacts/3662132444
