2025-07-01T16:09:45.5170673Z ##[group]Run ava-labs/avalanchego/.github/actions/run-monitored-tmpnet-cmd@092cf182dd92b66a8ab882b657d3ae52b174c913
2025-07-01T16:09:45.5171232Z with:
2025-07-01T16:09:45.5171624Z   run: ./scripts/run_task.sh test-e2e-load-ci
2025-07-01T16:09:45.5171965Z   run_env: AVALANCHEGO_BUILD_PATH=/tmp/e2e-test/avalanchego
2025-07-01T16:09:45.5172277Z   artifact_prefix: load
2025-07-01T16:09:45.5172826Z   prometheus_username: ***
2025-07-01T16:09:45.5173175Z   prometheus_password: ***
2025-07-01T16:09:45.5173411Z   loki_username: ***
2025-07-01T16:09:45.5173698Z   loki_password: ***
2025-07-01T16:09:45.5173896Z   runtime: process
2025-07-01T16:09:45.5174100Z   repository_owner: ava-labs
2025-07-01T16:09:45.5174367Z   repository_name: subnet-evm
2025-07-01T16:09:45.5174582Z   workflow: Tests
2025-07-01T16:09:45.5174772Z   run_id: 16004559474
2025-07-01T16:09:45.5174985Z   run_number: 2079
2025-07-01T16:09:45.5175173Z   run_attempt: 1
2025-07-01T16:09:45.5175357Z   job: e2e_load
2025-07-01T16:09:45.5175549Z ##[endgroup]
2025-07-01T16:09:45.5274964Z ##[group]Run cachix/install-nix-action@02a151ada4993995686f9ed4f1be7cfbb229e56f
2025-07-01T16:09:45.5275374Z with:
2025-07-01T16:09:45.5275555Z   enable_kvm: true
2025-07-01T16:09:45.5275752Z ##[endgroup]
2025-07-01T16:09:45.5312220Z ##[group]Run ${GITHUB_ACTION_PATH}/install-nix.sh
2025-07-01T16:09:45.5312673Z [36;1m${GITHUB_ACTION_PATH}/install-nix.sh[0m
2025-07-01T16:09:45.5407618Z shell: /usr/bin/bash --noprofile --norc -e -o pipefail {0}
2025-07-01T16:09:45.5407997Z env:
2025-07-01T16:09:45.5408198Z   INPUT_EXTRA_NIX_CONFIG: 
2025-07-01T16:09:45.5408448Z   INPUT_GITHUB_ACCESS_TOKEN: 
2025-07-01T16:09:45.5408694Z   INPUT_INSTALL_OPTIONS: 
2025-07-01T16:09:45.5408918Z   INPUT_INSTALL_URL: 
2025-07-01T16:09:45.5409123Z   INPUT_NIX_PATH: 
2025-07-01T16:09:45.5409321Z   INPUT_ENABLE_KVM: true
2025-07-01T16:09:45.5409809Z   GITHUB_TOKEN: ***
2025-07-01T16:09:45.5410018Z ##[endgroup]
2025-07-01T16:09:45.5545546Z ##[group]Enabling KVM support
2025-07-01T16:09:45.5615370Z KERNEL=="kvm", GROUP="kvm", MODE="0666", OPTIONS+="static_node=kvm"
2025-07-01T16:09:45.5940083Z Enabled KVM
2025-07-01T16:09:45.5940792Z ##[endgroup]
2025-07-01T16:09:45.5941175Z ##[group]Installing Nix
2025-07-01T16:09:45.6237767Z installer options: --no-channel-add --darwin-use-unencrypted-nix-store-volume --nix-extra-conf-file /tmp/tmp.f1SQpOjYXq/nix.conf --daemon --daemon-user-count 8
2025-07-01T16:09:45.9112819Z * Host releases.nixos.org:443 was resolved.
2025-07-01T16:09:45.9113268Z * IPv6: 2a04:4e42:83::729
2025-07-01T16:09:45.9113515Z * IPv4: 146.75.78.217
2025-07-01T16:09:45.9113767Z *   Trying 146.75.78.217:443...
2025-07-01T16:09:45.9134286Z * Connected to releases.nixos.org (146.75.78.217) port 443
2025-07-01T16:09:45.9158062Z * ALPN: curl offers h2,http/1.1
2025-07-01T16:09:45.9160240Z } [5 bytes data]
2025-07-01T16:09:45.9162195Z * TLSv1.3 (OUT), TLS handshake, Client hello (1):
2025-07-01T16:09:45.9162723Z } [512 bytes data]
2025-07-01T16:09:45.9508084Z *  CAfile: /etc/ssl/certs/ca-certificates.crt
2025-07-01T16:09:45.9508823Z *  CApath: /etc/ssl/certs
2025-07-01T16:09:45.9509291Z { [5 bytes data]
2025-07-01T16:09:45.9509791Z * TLSv1.3 (IN), TLS handshake, Server hello (2):
2025-07-01T16:09:45.9510304Z { [104 bytes data]
2025-07-01T16:09:45.9512004Z * TLSv1.2 (IN), TLS handshake, Certificate (11):
2025-07-01T16:09:45.9512524Z { [2827 bytes data]
2025-07-01T16:09:45.9516247Z * TLSv1.2 (IN), TLS handshake, Server key exchange (12):
2025-07-01T16:09:45.9516797Z { [300 bytes data]
2025-07-01T16:09:45.9517235Z * TLSv1.2 (IN), TLS handshake, Server finished (14):
2025-07-01T16:09:45.9517748Z { [4 bytes data]
2025-07-01T16:09:45.9518777Z * TLSv1.2 (OUT), TLS handshake, Client key exchange (16):
2025-07-01T16:09:45.9519324Z } [37 bytes data]
2025-07-01T16:09:45.9519800Z * TLSv1.2 (OUT), TLS change cipher, Change cipher spec (1):
2025-07-01T16:09:45.9520816Z } [1 bytes data]
2025-07-01T16:09:45.9521321Z * TLSv1.2 (OUT), TLS handshake, Finished (20):
2025-07-01T16:09:45.9521811Z } [16 bytes data]
2025-07-01T16:09:45.9542634Z * TLSv1.2 (IN), TLS handshake, Finished (20):
2025-07-01T16:09:45.9543118Z { [16 bytes data]
2025-07-01T16:09:45.9543731Z * SSL connection using TLSv1.2 / ECDHE-RSA-CHACHA20-POLY1305 / X25519 / RSASSA-PSS
2025-07-01T16:09:45.9544390Z * ALPN: server accepted h2
2025-07-01T16:09:45.9544839Z * Server certificate:
2025-07-01T16:09:45.9545215Z *  subject: CN=releases.nixos.org
2025-07-01T16:09:45.9545639Z *  start date: Oct 11 20:56:16 2024 GMT
2025-07-01T16:09:45.9546135Z *  expire date: Nov 12 20:56:15 2025 GMT
2025-07-01T16:09:45.9546676Z *  subjectAltName: host "releases.nixos.org" matched cert's "releases.nixos.org"
2025-07-01T16:09:45.9547183Z *  issuer: C=BE; O=GlobalSign nv-sa; CN=GlobalSign Atlas R3 DV TLS CA 2024 Q4
2025-07-01T16:09:45.9547552Z *  SSL certificate verify ok.
2025-07-01T16:09:45.9548001Z *   Certificate level 0: Public key type RSA (2048/112 Bits/secBits), signed using sha256WithRSAEncryption
2025-07-01T16:09:45.9548657Z *   Certificate level 1: Public key type RSA (2048/112 Bits/secBits), signed using sha256WithRSAEncryption
2025-07-01T16:09:45.9549293Z *   Certificate level 2: Public key type RSA (2048/112 Bits/secBits), signed using sha256WithRSAEncryption
2025-07-01T16:09:45.9549715Z } [5 bytes data]
2025-07-01T16:09:45.9549905Z * using HTTP/2
2025-07-01T16:09:45.9550244Z * [HTTP/2] [1] OPENED stream for https://releases.nixos.org/nix/nix-2.26.3/install
2025-07-01T16:09:45.9550614Z * [HTTP/2] [1] [:method: GET]
2025-07-01T16:09:45.9550847Z * [HTTP/2] [1] [:scheme: https]
2025-07-01T16:09:45.9551113Z * [HTTP/2] [1] [:authority: releases.nixos.org]
2025-07-01T16:09:45.9551422Z * [HTTP/2] [1] [:path: /nix/nix-2.26.3/install]
2025-07-01T16:09:45.9551845Z * [HTTP/2] [1] [user-agent: curl/8.5.0]
2025-07-01T16:09:45.9552105Z * [HTTP/2] [1] [accept: */*]
2025-07-01T16:09:45.9552327Z } [5 bytes data]
2025-07-01T16:09:45.9552540Z > GET /nix/nix-2.26.3/install HTTP/2
2025-07-01T16:09:45.9552799Z > Host: releases.nixos.org
2025-07-01T16:09:45.9553028Z > User-Agent: curl/8.5.0
2025-07-01T16:09:45.9553243Z > Accept: */*
2025-07-01T16:09:45.9553425Z > 
2025-07-01T16:09:45.9563618Z { [5 bytes data]
2025-07-01T16:09:45.9572791Z < HTTP/2 200 
2025-07-01T16:09:45.9573184Z < last-modified: Wed, 05 Mar 2025 18:21:15 GMT
2025-07-01T16:09:45.9573686Z < etag: "c6753896884bce9b95ec3ca7be157ef6"
2025-07-01T16:09:45.9574160Z < x-amz-server-side-encryption: AES256
2025-07-01T16:09:45.9574619Z < content-type: text/plain
2025-07-01T16:09:45.9574870Z < server: AmazonS3
2025-07-01T16:09:45.9575131Z < via: 1.1 varnish, 1.1 varnish
2025-07-01T16:09:45.9575387Z < access-control-allow-origin: *
2025-07-01T16:09:45.9575634Z < accept-ranges: bytes
2025-07-01T16:09:45.9575851Z < date: Tue, 01 Jul 2025 16:09:45 GMT
2025-07-01T16:09:45.9576088Z < age: 88401
2025-07-01T16:09:45.9576356Z < x-served-by: cache-dub4357-DUB, cache-chi-kigq8000101-CHI
2025-07-01T16:09:45.9576678Z < x-cache: HIT, HIT
2025-07-01T16:09:45.9576882Z < x-cache-hits: 4, 3
2025-07-01T16:09:45.9577089Z < content-length: 4267
2025-07-01T16:09:45.9577283Z < 
2025-07-01T16:09:45.9577454Z { [4267 bytes data]
2025-07-01T16:09:45.9577708Z * Connection #0 to host releases.nixos.org left intact
2025-07-01T16:09:45.9652871Z downloading Nix 2.26.3 binary tarball for x86_64-linux from 'https://releases.nixos.org/nix/nix-2.26.3/nix-2.26.3-x86_64-linux.tar.xz' to '/tmp/nix-binary-tarball-unpack.6HlnyWvnwX'...
2025-07-01T16:09:45.9700674Z   % Total    % Received % Xferd  Average Speed   Time    Time     Time  Current
2025-07-01T16:09:45.9702314Z                                  Dload  Upload   Total   Spent    Left  Speed
2025-07-01T16:09:45.9702686Z 
2025-07-01T16:09:46.0776737Z   0     0    0     0    0     0      0      0 --:--:-- --:--:-- --:--:--     0
2025-07-01T16:09:46.0777455Z 100 22.6M  100 22.6M    0     0   210M      0 --:--:-- --:--:-- --:--:--  211M
2025-07-01T16:09:47.6541846Z Note: a multi-user installation is possible. See https://nixos.org/manual/nix/stable/installation/installing-binary.html#multi-user-installation
2025-07-01T16:09:47.6550874Z Warning: the flag --darwin-use-unencrypted-nix-store-volume
2025-07-01T16:09:47.6551997Z          is no longer needed and will be removed in the future.
2025-07-01T16:09:47.6552238Z 
2025-07-01T16:09:47.6562029Z [1;31mSwitching to the Multi-user Installer[0m
2025-07-01T16:09:47.6664746Z [32mWelcome to the Multi-User Nix Installation
2025-07-01T16:09:47.6673844Z [0m
2025-07-01T16:09:47.6674399Z This installation tool will set up your computer with the Nix package
2025-07-01T16:09:47.6675059Z manager. This will happen in a few stages:
2025-07-01T16:09:47.6675302Z 
2025-07-01T16:09:47.6675523Z 1. Make sure your computer doesn't already have Nix. If it does, I
2025-07-01T16:09:47.6676269Z    will show you instructions on how to clean up your old install.
2025-07-01T16:09:47.6676689Z 
2025-07-01T16:09:47.6676878Z 2. Show you what I am going to install and where. Then I will ask
2025-07-01T16:09:47.6677280Z    if you are ready to continue.
2025-07-01T16:09:47.6677444Z 
2025-07-01T16:09:47.6677981Z 3. Create the system users [34m(uids [30001..30008])[0m and groups [34m(gid 30000)[0m
2025-07-01T16:09:47.6678907Z    that the Nix daemon uses to run builds. To create system users
2025-07-01T16:09:47.6679628Z    in a different range, exit and run this tool again with
2025-07-01T16:09:47.6680169Z    NIX_FIRST_BUILD_UID set.
2025-07-01T16:09:47.6680330Z 
2025-07-01T16:09:47.6680493Z 4. Perform the basic installation of the Nix files daemon.
2025-07-01T16:09:47.6680735Z 
2025-07-01T16:09:47.6680930Z 5. Configure your shell to import special Nix Profile files, so you
2025-07-01T16:09:47.6681285Z    can use Nix.
2025-07-01T16:09:47.6681400Z 
2025-07-01T16:09:47.6681727Z 6. Start the Nix daemon.
2025-07-01T16:09:47.6681876Z 
2025-07-01T16:09:47.6682181Z [32m[4;32mWould you like to see a more detailed list of what I will do?
2025-07-01T16:09:47.6682622Z [0mNo TTY, assuming you would say yes :)
2025-07-01T16:09:47.6687175Z 
2025-07-01T16:09:47.6687325Z I will:
2025-07-01T16:09:47.6687491Z 
2025-07-01T16:09:47.6687781Z  - make sure your computer doesn't already have Nix files
2025-07-01T16:09:47.6688449Z    (if it does, I will tell you how to clean them up.)
2025-07-01T16:09:47.6689014Z  - create local users (see the list above for the users I'll make)
2025-07-01T16:09:47.6689367Z  - create a local group (nixbld)
2025-07-01T16:09:47.6689613Z  - install Nix in /nix
2025-07-01T16:09:47.6689855Z  - create a configuration file in /etc/nix
2025-07-01T16:09:47.6690226Z  - set up the "default profile" by creating some Nix-related files in
2025-07-01T16:09:47.6690552Z    /root
2025-07-01T16:09:47.6702727Z  - back up /etc/bash.bashrc to /etc/bash.bashrc.backup-before-nix
2025-07-01T16:09:47.6703449Z  - update /etc/bash.bashrc to include some Nix configuration
2025-07-01T16:09:47.6714209Z  - load and start a service (at /etc/systemd/system/nix-daemon.service
2025-07-01T16:09:47.6714754Z    and /etc/systemd/system/nix-daemon.socket) for nix-daemon
2025-07-01T16:09:47.6715156Z 
2025-07-01T16:09:47.6716746Z [32m[4;32mReady to continue?
2025-07-01T16:09:47.6717303Z [0mNo TTY, assuming you would say yes :)
2025-07-01T16:09:47.6740067Z 
2025-07-01T16:09:47.6740848Z [34m---- let's talk about sudo -----------------------------------------------------
2025-07-01T16:09:47.6751940Z [0mThis script is going to call sudo a lot. Normally, it would show you
2025-07-01T16:09:47.6752516Z exactly what commands it is running and why. However, the script is
2025-07-01T16:09:47.6752885Z run in a headless fashion, like this:
2025-07-01T16:09:47.6753057Z 
2025-07-01T16:09:47.6753239Z   $ curl -L https://nixos.org/nix/install | sh
2025-07-01T16:09:47.6753462Z 
2025-07-01T16:09:47.6753650Z or maybe in a CI pipeline. Because of that, I'm going to skip the
2025-07-01T16:09:47.6754162Z verbose output in the interest of brevity.
2025-07-01T16:09:47.6754488Z 
2025-07-01T16:09:47.6754632Z If you would like to
2025-07-01T16:09:47.6755323Z see the output, try like this:
2025-07-01T16:09:47.6755487Z 
2025-07-01T16:09:47.6755669Z   $ curl -L -o install-nix https://nixos.org/nix/install
2025-07-01T16:09:47.6756149Z   $ sh ./install-nix
2025-07-01T16:09:47.6756287Z 
2025-07-01T16:09:47.6756292Z 
2025-07-01T16:09:47.6756509Z [32m~~> Checking for artifacts of previous installs
2025-07-01T16:09:47.6764699Z [0mBefore I try to install, I'll check for signs Nix already is or has
2025-07-01T16:09:47.6765099Z been installed on this system.
2025-07-01T16:09:47.6799672Z 
2025-07-01T16:09:47.6800324Z [34m---- Nix config report ---------------------------------------------------------
2025-07-01T16:09:47.6801132Z [0m[1m        Temp Dir[0m:	/tmp/tmp.7KkYDiMRv0
2025-07-01T16:09:47.6801934Z [1m        Nix Root[0m:	/nix
2025-07-01T16:09:47.6802304Z [1m     Build Users[0m:	8
2025-07-01T16:09:47.6802591Z [1m  Build Group ID[0m:	30000
2025-07-01T16:09:47.6802890Z [1mBuild Group Name[0m:	nixbld
2025-07-01T16:09:47.6803085Z 
2025-07-01T16:09:47.6803191Z [4;34mbuild users:
2025-07-01T16:09:47.6803427Z [0m[1m    Username[0m:	UID
2025-07-01T16:09:47.6828636Z [1m     nixbld1[0m:	30001
2025-07-01T16:09:47.6839146Z [1m     nixbld2[0m:	30002
2025-07-01T16:09:47.6849340Z [1m     nixbld3[0m:	30003
2025-07-01T16:09:47.6859967Z [1m     nixbld4[0m:	30004
2025-07-01T16:09:47.6869797Z [1m     nixbld5[0m:	30005
2025-07-01T16:09:47.6880277Z [1m     nixbld6[0m:	30006
2025-07-01T16:09:47.6890149Z [1m     nixbld7[0m:	30007
2025-07-01T16:09:47.6899872Z [1m     nixbld8[0m:	30008
2025-07-01T16:09:47.6900171Z 
2025-07-01T16:09:47.6900370Z [32m[4;32mReady to continue?
2025-07-01T16:09:47.6900924Z [0mNo TTY, assuming you would say yes :)
2025-07-01T16:09:47.6902644Z 
2025-07-01T16:09:47.6903067Z [32m~~> Setting up the build group nixbld
2025-07-01T16:09:47.7565102Z [0m[1m            Created[0m:	Yes
2025-07-01T16:09:47.7588196Z 
2025-07-01T16:09:47.7588674Z [32m~~> Setting up the build user nixbld1
2025-07-01T16:09:47.7739833Z useradd warning: nixbld1's uid 30001 is greater than SYS_UID_MAX 999
2025-07-01T16:09:47.7841184Z [0m[1m           Created[0m:	Yes
2025-07-01T16:09:47.7846970Z [1m            Hidden[0m:	Yes
2025-07-01T16:09:47.7866694Z [1m    Home Directory[0m:	/var/empty
2025-07-01T16:09:47.7886716Z [1m              Note[0m:	Nix build user 1
2025-07-01T16:09:47.7907134Z [1m   Logins Disabled[0m:	Yes
2025-07-01T16:09:47.7931242Z [1m  Member of nixbld[0m:	Yes
2025-07-01T16:09:47.7954087Z [1m    PrimaryGroupID[0m:	30000
2025-07-01T16:09:47.7965866Z 
2025-07-01T16:09:47.7966302Z [32m~~> Setting up the build user nixbld2
2025-07-01T16:09:47.8117429Z useradd warning: nixbld2's uid 30002 is greater than SYS_UID_MAX 999
2025-07-01T16:09:47.8222078Z [0m[1m           Created[0m:	Yes
2025-07-01T16:09:47.8227238Z [1m            Hidden[0m:	Yes
2025-07-01T16:09:47.8248135Z [1m    Home Directory[0m:	/var/empty
2025-07-01T16:09:47.8268597Z [1m              Note[0m:	Nix build user 2
2025-07-01T16:09:47.8286763Z [1m   Logins Disabled[0m:	Yes
2025-07-01T16:09:47.8308048Z [1m  Member of nixbld[0m:	Yes
2025-07-01T16:09:47.8326752Z [1m    PrimaryGroupID[0m:	30000
2025-07-01T16:09:47.8337886Z 
2025-07-01T16:09:47.8338346Z [32m~~> Setting up the build user nixbld3
2025-07-01T16:09:47.8477569Z useradd warning: nixbld3's uid 30003 is greater than SYS_UID_MAX 999
2025-07-01T16:09:47.8581355Z [0m[1m           Created[0m:	Yes
2025-07-01T16:09:47.8586624Z [1m            Hidden[0m:	Yes
2025-07-01T16:09:47.8606052Z [1m    Home Directory[0m:	/var/empty
2025-07-01T16:09:47.8626212Z [1m              Note[0m:	Nix build user 3
2025-07-01T16:09:47.8643678Z [1m   Logins Disabled[0m:	Yes
2025-07-01T16:09:47.8663047Z [1m  Member of nixbld[0m:	Yes
2025-07-01T16:09:47.8680691Z [1m    PrimaryGroupID[0m:	30000
2025-07-01T16:09:47.8691775Z 
2025-07-01T16:09:47.8692653Z [32m~~> Setting up the build user nixbld4
2025-07-01T16:09:47.8834529Z useradd warning: nixbld4's uid 30004 is greater than SYS_UID_MAX 999
2025-07-01T16:09:47.8934299Z [0m[1m           Created[0m:	Yes
2025-07-01T16:09:47.8939720Z [1m            Hidden[0m:	Yes
2025-07-01T16:09:47.8959191Z [1m    Home Directory[0m:	/var/empty
2025-07-01T16:09:47.8979254Z [1m              Note[0m:	Nix build user 4
2025-07-01T16:09:47.8997741Z [1m   Logins Disabled[0m:	Yes
2025-07-01T16:09:47.9016358Z [1m  Member of nixbld[0m:	Yes
2025-07-01T16:09:47.9034517Z [1m    PrimaryGroupID[0m:	30000
2025-07-01T16:09:47.9045247Z 
2025-07-01T16:09:47.9045857Z [32m~~> Setting up the build user nixbld5
2025-07-01T16:09:47.9198537Z useradd warning: nixbld5's uid 30005 is greater than SYS_UID_MAX 999
2025-07-01T16:09:47.9297584Z [0m[1m           Created[0m:	Yes
2025-07-01T16:09:47.9303476Z [1m            Hidden[0m:	Yes
2025-07-01T16:09:47.9324975Z [1m    Home Directory[0m:	/var/empty
2025-07-01T16:09:47.9346004Z [1m              Note[0m:	Nix build user 5
2025-07-01T16:09:47.9367063Z [1m   Logins Disabled[0m:	Yes
2025-07-01T16:09:47.9386763Z [1m  Member of nixbld[0m:	Yes
2025-07-01T16:09:47.9406131Z [1m    PrimaryGroupID[0m:	30000
2025-07-01T16:09:47.9417199Z 
2025-07-01T16:09:47.9417706Z [32m~~> Setting up the build user nixbld6
2025-07-01T16:09:47.9567735Z useradd warning: nixbld6's uid 30006 is greater than SYS_UID_MAX 999
2025-07-01T16:09:47.9670107Z [0m[1m           Created[0m:	Yes
2025-07-01T16:09:47.9675305Z [1m            Hidden[0m:	Yes
2025-07-01T16:09:47.9695479Z [1m    Home Directory[0m:	/var/empty
2025-07-01T16:09:47.9716173Z [1m              Note[0m:	Nix build user 6
2025-07-01T16:09:47.9735193Z [1m   Logins Disabled[0m:	Yes
2025-07-01T16:09:47.9756141Z [1m  Member of nixbld[0m:	Yes
2025-07-01T16:09:47.9774965Z [1m    PrimaryGroupID[0m:	30000
2025-07-01T16:09:47.9786454Z 
2025-07-01T16:09:47.9787091Z [32m~~> Setting up the build user nixbld7
2025-07-01T16:09:47.9932786Z useradd warning: nixbld7's uid 30007 is greater than SYS_UID_MAX 999
2025-07-01T16:09:48.0033615Z [0m[1m           Created[0m:	Yes
2025-07-01T16:09:48.0038847Z [1m            Hidden[0m:	Yes
2025-07-01T16:09:48.0059195Z [1m    Home Directory[0m:	/var/empty
2025-07-01T16:09:48.0079575Z [1m              Note[0m:	Nix build user 7
2025-07-01T16:09:48.0099358Z [1m   Logins Disabled[0m:	Yes
2025-07-01T16:09:48.0120744Z [1m  Member of nixbld[0m:	Yes
2025-07-01T16:09:48.0138925Z [1m    PrimaryGroupID[0m:	30000
2025-07-01T16:09:48.0149496Z 
2025-07-01T16:09:48.0149907Z [32m~~> Setting up the build user nixbld8
2025-07-01T16:09:48.0291224Z useradd warning: nixbld8's uid 30008 is greater than SYS_UID_MAX 999
2025-07-01T16:09:48.0430230Z [0m[1m           Created[0m:	Yes
2025-07-01T16:09:48.0436024Z [1m            Hidden[0m:	Yes
2025-07-01T16:09:48.0455543Z [1m    Home Directory[0m:	/var/empty
2025-07-01T16:09:48.0475971Z [1m              Note[0m:	Nix build user 8
2025-07-01T16:09:48.0493835Z [1m   Logins Disabled[0m:	Yes
2025-07-01T16:09:48.0513075Z [1m  Member of nixbld[0m:	Yes
2025-07-01T16:09:48.0531086Z [1m    PrimaryGroupID[0m:	30000
2025-07-01T16:09:48.0531721Z 
2025-07-01T16:09:48.0532068Z [32m~~> Setting up the basic directory structure
2025-07-01T16:09:48.0615440Z [0minstall: creating directory '/nix'
2025-07-01T16:09:48.0615944Z install: creating directory '/nix/var'
2025-07-01T16:09:48.0616271Z install: creating directory '/nix/var/log'
2025-07-01T16:09:48.0616740Z install: creating directory '/nix/var/log/nix'
2025-07-01T16:09:48.0617340Z install: creating directory '/nix/var/log/nix/drvs'
2025-07-01T16:09:48.0617906Z install: creating directory '/nix/var/nix'
2025-07-01T16:09:48.0618445Z install: creating directory '/nix/var/nix/db'
2025-07-01T16:09:48.0618995Z install: creating directory '/nix/var/nix/gcroots'
2025-07-01T16:09:48.0619587Z install: creating directory '/nix/var/nix/profiles'
2025-07-01T16:09:48.0620242Z install: creating directory '/nix/var/nix/temproots'
2025-07-01T16:09:48.0620821Z install: creating directory '/nix/var/nix/userpool'
2025-07-01T16:09:48.0621418Z install: creating directory '/nix/var/nix/daemon-socket'
2025-07-01T16:09:48.0622673Z install: creating directory '/nix/var/nix/gcroots/per-user'
2025-07-01T16:09:48.0623347Z install: creating directory '/nix/var/nix/profiles/per-user'
2025-07-01T16:09:48.0702735Z install: creating directory '/nix/store'
2025-07-01T16:09:48.0784916Z install: creating directory '/etc/nix'
2025-07-01T16:09:48.0796125Z 
2025-07-01T16:09:48.0796737Z [32m~~> Installing Nix
2025-07-01T16:09:48.2744227Z [0m      Alright! We have our first nix at /nix/store/x3235311q3n51rppm2y2ycwd7nb3mgpn-nix-2.26.3
2025-07-01T16:09:48.3206492Z       Just finished getting the nix database ready.
2025-07-01T16:09:48.3209116Z 
2025-07-01T16:09:48.3210144Z [32m~~> Setting up shell profiles: /etc/bashrc /etc/profile.d/nix.sh /etc/zshrc /etc/bash.bashrc /etc/zsh/zshrc
2025-07-01T16:09:48.3390539Z [0m
2025-07-01T16:09:48.3390944Z # Nix
2025-07-01T16:09:48.3391426Z if [ -e '/nix/var/nix/profiles/default/etc/profile.d/nix-daemon.sh' ]; then
2025-07-01T16:09:48.3392190Z   . '/nix/var/nix/profiles/default/etc/profile.d/nix-daemon.sh'
2025-07-01T16:09:48.3392765Z fi
2025-07-01T16:09:48.3392958Z # End Nix
2025-07-01T16:09:48.3393072Z 
2025-07-01T16:09:48.3565364Z 
2025-07-01T16:09:48.3565775Z # Nix
2025-07-01T16:09:48.3566391Z if [ -e '/nix/var/nix/profiles/default/etc/profile.d/nix-daemon.sh' ]; then
2025-07-01T16:09:48.3567331Z   . '/nix/var/nix/profiles/default/etc/profile.d/nix-daemon.sh'
2025-07-01T16:09:48.3567963Z fi
2025-07-01T16:09:48.3568319Z # End Nix
2025-07-01T16:09:48.3568500Z 
2025-07-01T16:09:48.3741797Z 
2025-07-01T16:09:48.3742137Z # Nix
2025-07-01T16:09:48.3742778Z if [ -e '/nix/var/nix/profiles/default/etc/profile.d/nix-daemon.sh' ]; then
2025-07-01T16:09:48.3743378Z   . '/nix/var/nix/profiles/default/etc/profile.d/nix-daemon.sh'
2025-07-01T16:09:48.3743867Z fi
2025-07-01T16:09:48.3744164Z # End Nix
2025-07-01T16:09:48.3744351Z 
2025-07-01T16:09:48.3910929Z 
2025-07-01T16:09:48.3911310Z # Nix
2025-07-01T16:09:48.3912690Z if [ -e '/nix/var/nix/profiles/default/etc/profile.d/nix-daemon.sh' ]; then
2025-07-01T16:09:48.3913553Z   . '/nix/var/nix/profiles/default/etc/profile.d/nix-daemon.sh'
2025-07-01T16:09:48.3914004Z fi
2025-07-01T16:09:48.3914203Z # End Nix
2025-07-01T16:09:48.3914305Z 
2025-07-01T16:09:48.3936202Z 
2025-07-01T16:09:48.3937412Z [32m~~> Setting up shell profiles for Fish with conf.d/nix.fish inside /etc/fish /usr/local/etc/fish /opt/homebrew/etc/fish /opt/local/etc/fish
2025-07-01T16:09:48.4120279Z [0m
2025-07-01T16:09:48.4120764Z [32m~~> Setting up the default profile
2025-07-01T16:09:48.4429319Z installing 'nix-2.26.3'
2025-07-01T16:09:48.4572211Z building '/nix/store/5afca9ydks0pp5szkwwhi7a6m2zmgk9g-user-environment.drv'...
2025-07-01T16:09:48.5006838Z installing 'nss-cacert-3.107'
2025-07-01T16:09:48.5145312Z building '/nix/store/ilxzpc39hcw5jr229rmajjkyz1a0fym1-user-environment.drv'...
2025-07-01T16:09:48.5364703Z [0m
2025-07-01T16:09:48.5365265Z [32m~~> Setting up the nix-daemon systemd service
2025-07-01T16:09:48.5752010Z Created symlink /etc/systemd/system/nix-daemon.service → /nix/var/nix/profiles/default/lib/systemd/system/nix-daemon.service.
2025-07-01T16:09:48.8505136Z Created symlink /etc/systemd/system/nix-daemon.socket → /nix/var/nix/profiles/default/lib/systemd/system/nix-daemon.socket.
2025-07-01T16:09:48.8507124Z Created symlink /etc/systemd/system/sockets.target.wants/nix-daemon.socket → /nix/var/nix/profiles/default/lib/systemd/system/nix-daemon.socket.
2025-07-01T16:09:49.4310552Z [0m[32mAlright! We're done!
2025-07-01T16:09:49.4333909Z [0mTry it! Open a new terminal, and type:
2025-07-01T16:09:49.4334344Z 
2025-07-01T16:09:49.4334674Z   $ nix-shell -p nix-info --run "nix-info -m"
2025-07-01T16:09:49.4335043Z 
2025-07-01T16:09:49.4335379Z Thank you for using this installer. If you have any feedback or need
2025-07-01T16:09:49.4336000Z help, don't hesitate:
2025-07-01T16:09:49.4336228Z 
2025-07-01T16:09:49.4336398Z You can open an issue at
2025-07-01T16:09:49.4337069Z https://github.com/NixOS/nix/issues/new?labels=installer&template=installer.md
2025-07-01T16:09:49.4338101Z 
2025-07-01T16:09:49.4338437Z Or get in touch with the community: https://nixos.org/community
2025-07-01T16:09:49.4356598Z 
2025-07-01T16:09:49.4357815Z [34m---- Reminders -----------------------------------------------------------------
2025-07-01T16:09:49.4358806Z [0m[34m[ 1 ][0m
2025-07-01T16:09:49.4359299Z Nix won't work in active shell sessions until you restart them.
2025-07-01T16:09:49.4359675Z 
2025-07-01T16:09:49.5040264Z ##[endgroup]
2025-07-01T16:09:49.5123256Z ##[group]Run /home/runner/work/_actions/ava-labs/avalanchego/092cf182dd92b66a8ab882b657d3ae52b174c913/.github/actions/run-monitored-tmpnet-cmd/nix-develop.sh --command echo "dependencies installed"
2025-07-01T16:09:49.5124682Z [36;1m/home/runner/work/_actions/ava-labs/avalanchego/092cf182dd92b66a8ab882b657d3ae52b174c913/.github/actions/run-monitored-tmpnet-cmd/nix-develop.sh --command echo "dependencies installed"[0m
2025-07-01T16:09:49.5184350Z shell: /usr/bin/bash --noprofile --norc -e -o pipefail {0}
2025-07-01T16:09:49.5184686Z env:
2025-07-01T16:09:49.5184908Z   TMPDIR: /home/runner/work/_temp
2025-07-01T16:09:49.5185155Z ##[endgroup]
2025-07-01T16:09:49.5281916Z No local flake found, will attempt to use avalanchego flake
2025-07-01T16:09:49.5369838Z Starting nix shell for github:ava-labs/avalanchego?ref=v1.13.2
2025-07-01T16:09:49.7927467Z unpacking 'github:ava-labs/avalanchego/092cf182dd92b66a8ab882b657d3ae52b174c913' into the Git cache...
2025-07-01T16:09:51.2900878Z copying path '/nix/store/i99indk3y6pc3sm0k1xx3nakm193lqzb-source' from 'https://cache.nixos.org'...
2025-07-01T16:10:07.8406163Z copying path '/nix/store/899rx4l5zz1za8nx7ijp7swv5ibc8wx2-git-2.47.2-doc' from 'https://cache.nixos.org'...
2025-07-01T16:10:07.8411936Z copying path '/nix/store/zpab59ialz19x6f65jbjf5xb8waa54av-iana-etc-20240318' from 'https://cache.nixos.org'...
2025-07-01T16:10:07.8435976Z copying path '/nix/store/dgzz9k53hz1qgklnj9667xzliyidj9cs-mailcap-2.1.54' from 'https://cache.nixos.org'...
2025-07-01T16:10:07.8443435Z copying path '/nix/store/hnpph37w6p5jfspwf5pksljpf0wqwjg3-perl5.40.0-Digest-HMAC-1.04' from 'https://cache.nixos.org'...
2025-07-01T16:10:07.8446617Z copying path '/nix/store/cnb01qfmg8c3irp630nplhwa201d7xsr-perl5.40.0-FCGI-ProcManager-0.28' from 'https://cache.nixos.org'...
2025-07-01T16:10:07.8450312Z copying path '/nix/store/v657ak4hdkixvq99rk3qvyh28in945dv-perl5.40.0-HTML-TagCloud-0.38' from 'https://cache.nixos.org'...
2025-07-01T16:10:07.8479752Z copying path '/nix/store/9qrv0d0yd9wss610gjzv3507ry6v9mzw-perl5.40.0-URI-5.21' from 'https://cache.nixos.org'...
2025-07-01T16:10:07.8499192Z copying path '/nix/store/pz7y4qd8lyhg9y6wmb9hynivx36f53zp-perl5.40.0-libnet-3.15' from 'https://cache.nixos.org'...
2025-07-01T16:10:07.8500743Z copying path '/nix/store/l6mypzy4rvkxd5kwzs18d88syirislib-tzdata-2024b' from 'https://cache.nixos.org'...
2025-07-01T16:10:07.8525358Z copying path '/nix/store/d8qbcrirc6jidfacy0qa50zy07i15xcz-gnu-config-2024-01-01' from 'https://cache.nixos.org'...
2025-07-01T16:10:07.8534889Z copying path '/nix/store/czlhi3r9b6ip4xyynwibfhm458ljwsir-gcc-13.3.0-libgcc' from 'https://cache.nixos.org'...
2025-07-01T16:10:07.8574399Z copying path '/nix/store/rscnjwdmhya0wcdmbygr3jpz6p39kvhr-perl5.40.0-Encode-Locale-1.05' from 'https://cache.nixos.org'...
2025-07-01T16:10:07.8576612Z copying path '/nix/store/74bbxwiamv62d2l089f1r8apv295vsry-perl5.40.0-HTML-Tagset-3.20' from 'https://cache.nixos.org'...
2025-07-01T16:10:07.8579465Z copying path '/nix/store/krx6xw6wxakapdkviirq57yh3nl3227h-perl5.40.0-IO-HTML-1.004' from 'https://cache.nixos.org'...
2025-07-01T16:10:07.8582095Z copying path '/nix/store/3r0pprxsd9n52nb2yqq3idwb75d0spzd-perl5.40.0-LWP-MediaTypes-6.04' from 'https://cache.nixos.org'...
2025-07-01T16:10:07.8586270Z copying path '/nix/store/w9yrswzdifcjhg0righ76aqb6bpslhkb-perl5.40.0-Mozilla-CA-20230821' from 'https://cache.nixos.org'...
2025-07-01T16:10:07.8697471Z copying path '/nix/store/x6i8jiz3yv3h209xfbz9a3ch1sm16167-dns-root-data-2024-06-20' from 'https://cache.nixos.org'...
2025-07-01T16:10:07.8702650Z copying path '/nix/store/swnhrfysvmwjvibcafm0im377pcfs80v-curl-8.12.1-man' from 'https://cache.nixos.org'...
2025-07-01T16:10:07.8748446Z copying path '/nix/store/maxa3xhmxggrc5v2vc0c3pjb79hjlkp9-glibc-2.40-66' from 'https://cache.nixos.org'...
2025-07-01T16:10:07.8762355Z copying path '/nix/store/970fk2m63qra4ybkpp99rw7mld9fphlv-nghttp2-1.64.0' from 'https://cache.nixos.org'...
2025-07-01T16:10:07.8767254Z copying path '/nix/store/frpqzb3223826xq72s0fcjmjmj50wpyn-perl5.40.0-Authen-SASL-2.1700' from 'https://cache.nixos.org'...
2025-07-01T16:10:07.8776644Z copying path '/nix/store/5ahjfkydg49xvbr3vghhv317prgspnf3-mirrors-list' from 'https://cache.nixos.org'...
2025-07-01T16:10:07.8782034Z copying path '/nix/store/dvsai0ym9czjl5mcsarcdwccb70615n4-linux-headers-6.10' from 'https://cache.nixos.org'...
2025-07-01T16:10:07.8784639Z copying path '/nix/store/hz5m52dx8x6vvi5pp0yikxb3b05bmi2j-perl5.40.0-Test-Needs-0.002010' from 'https://cache.nixos.org'...
2025-07-01T16:10:07.8789241Z copying path '/nix/store/vlfgix8rcbj3l9yk0rna1damxkafbq18-perl5.40.0-Net-HTTP-6.23' from 'https://cache.nixos.org'...
2025-07-01T16:10:07.8797683Z copying path '/nix/store/ldlsmrf2rrq28s08mzjk245vr26dwwhi-perl5.40.0-Test-RequiresInternet-0.05' from 'https://cache.nixos.org'...
2025-07-01T16:10:07.8802361Z copying path '/nix/store/vvjpgyk6jgd6k74pgpjrln6m6aqyiaig-perl5.40.0-Try-Tiny-0.31' from 'https://cache.nixos.org'...
2025-07-01T16:10:07.8807504Z copying path '/nix/store/5xvxvpl9armf0p6y9m4g1zl1mypvr9m7-perl5.40.0-TimeDate-2.33' from 'https://cache.nixos.org'...
2025-07-01T16:10:07.8810086Z copying path '/nix/store/6aqxgf5ygcscqsh4p9krd0dz2hc1cn0w-perl5.40.0-WWW-RobotRules-6.02' from 'https://cache.nixos.org'...
2025-07-01T16:10:07.8820582Z copying path '/nix/store/lj7p9q5kgmdcq768rvsgvjndi42mjcn8-publicsuffix-list-0-unstable-2024-10-25' from 'https://cache.nixos.org'...
2025-07-01T16:10:07.8855869Z copying path '/nix/store/i9ymkbklv1q9yzl7wwx7300wbkqdln0r-update-autotools-gnu-config-scripts-hook' from 'https://cache.nixos.org'...
2025-07-01T16:10:07.8974679Z copying path '/nix/store/2h648f4xlzszyc01yf67xd2rgira65js-perl5.40.0-Test-Fatal-0.017' from 'https://cache.nixos.org'...
2025-07-01T16:10:07.9060820Z copying path '/nix/store/shx8jax9b662cd9nlml731hh9wks24v1-perl5.40.0-HTTP-Date-6.06' from 'https://cache.nixos.org'...
2025-07-01T16:10:07.9403342Z copying path '/nix/store/i9hiqc4dfksm9cpqvff39smfpn49zbj6-perl5.40.0-File-Listing-6.16' from 'https://cache.nixos.org'...
2025-07-01T16:10:07.9405756Z copying path '/nix/store/0m34prvcx3d3vd9f4djbaqji7yb9swsh-perl5.40.0-HTTP-CookieJar-0.014' from 'https://cache.nixos.org'...
2025-07-01T16:10:07.9793176Z copying path '/nix/store/as8g73awbgrhpf5p6qjnrd5v9anw74ix-go-task-3.39.2' from 'https://cache.nixos.org'...
2025-07-01T16:10:07.9795514Z copying path '/nix/store/19402vwa1rndilww6fpbviz0lza8846p-kind-0.24.0' from 'https://cache.nixos.org'...
2025-07-01T16:10:07.9798354Z copying path '/nix/store/1fqgvq0i498w4ynywyj224i49izzzqrk-protoc-gen-go-grpc-1.3.0' from 'https://cache.nixos.org'...
2025-07-01T16:10:07.9806188Z copying path '/nix/store/23cshhh8k7z46gadr86krv15xphggawm-kubectl-1.31.2' from 'https://cache.nixos.org'...
2025-07-01T16:10:07.9810189Z copying path '/nix/store/i7r45jjmvfxiw8j7ihjx51jachylq1si-protoc-gen-go-1.35.1' from 'https://cache.nixos.org'...
2025-07-01T16:10:08.4597950Z copying path '/nix/store/vlgwyb076hkz7yv96sjnj9msb1jn1ggz-attr-2.5.2' from 'https://cache.nixos.org'...
2025-07-01T16:10:08.4605710Z copying path '/nix/store/c9z2sp8dyx1k0zk374v1142hmphashd0-buf-1.47.2' from 'https://cache.nixos.org'...
2025-07-01T16:10:08.4609360Z copying path '/nix/store/8vpg72ik2kgxfj05lc56hkqrdrfl8xi9-bash-5.2p37' from 'https://cache.nixos.org'...
2025-07-01T16:10:08.4610768Z copying path '/nix/store/0hv5ymwkczx3ak8h3yldfbwbab33jnrw-expat-2.6.4' from 'https://cache.nixos.org'...
2025-07-01T16:10:08.4612477Z copying path '/nix/store/fcqfyri9kljs5jd7h556f004qmci1qin-expand-response-params' from 'https://cache.nixos.org'...
2025-07-01T16:10:08.4614073Z copying path '/nix/store/83s1wqvrx7yvy3g6dmdr2icgg3qqbjcp-brotli-1.1.0-lib' from 'https://cache.nixos.org'...
2025-07-01T16:10:08.4615835Z copying path '/nix/store/3p3fwczck2yn1wwfjnymzkz8w11vbvg7-gawk-5.3.1' from 'https://cache.nixos.org'...
2025-07-01T16:10:08.4622693Z copying path '/nix/store/qiisx6c7qpyzq522j3icsfhj8ayw6ah4-bzip2-1.0.8' from 'https://cache.nixos.org'...
2025-07-01T16:10:08.4624659Z copying path '/nix/store/mhd0rk497xm0xnip7262xdw9bylvzh99-gcc-13.3.0-lib' from 'https://cache.nixos.org'...
2025-07-01T16:10:08.4626368Z copying path '/nix/store/7zv1sq1k25gk2rvgxnm262vp5hydkv1a-gdbm-1.24-lib' from 'https://cache.nixos.org'...
2025-07-01T16:10:08.4627794Z copying path '/nix/store/2kiskq24j06g4qw3xs8zsy2dkawh4gxk-glibc-2.40-66-bin' from 'https://cache.nixos.org'...
2025-07-01T16:10:08.4629189Z copying path '/nix/store/wg9gg3zkwcqhyycj0vkfnhgk5a4z9faq-ed-1.20.2' from 'https://cache.nixos.org'...
2025-07-01T16:10:08.4630532Z copying path '/nix/store/8k19h07hh2g1w5kp5yglzddswnvdmxpy-gmp-6.3.0' from 'https://cache.nixos.org'...
2025-07-01T16:10:08.4632161Z copying path '/nix/store/cfb4pxnfh2sf4csk8xh7abfqv96k66nh-glibc-2.40-66-getent' from 'https://cache.nixos.org'...
2025-07-01T16:10:08.4633635Z copying path '/nix/store/m3da56j3r7h4hp0kr8v1xsnk16x900yf-gnumake-4.4.1' from 'https://cache.nixos.org'...
2025-07-01T16:10:08.4689705Z copying path '/nix/store/3ks7b6p43dpvnlnxgvlcy2jaf1np37p2-gnused-4.9' from 'https://cache.nixos.org'...
2025-07-01T16:10:08.4859189Z copying path '/nix/store/mwwpv4k7skbx4vr2qjc89pvs7mhmgapb-k9s-0.32.7' from 'https://cache.nixos.org'...
2025-07-01T16:10:08.4866698Z copying path '/nix/store/1fby1pxf0z16lgl728i2sqwqr2hrw2h8-json-c-0.17' from 'https://cache.nixos.org'...
2025-07-01T16:10:08.4884257Z copying path '/nix/store/yyfzan4mn874v885jy6fs598gjb31c4l-bzip2-1.0.8-bin' from 'https://cache.nixos.org'...
2025-07-01T16:10:08.4901965Z copying path '/nix/store/dyizbk50iglbibrbwbgw2mhgskwb6ham-acl-2.3.2' from 'https://cache.nixos.org'...
2025-07-01T16:10:08.4905601Z copying path '/nix/store/r4p475lxvaklr9rj8l2a4sahkx5c0209-getent-glibc-2.40-66' from 'https://cache.nixos.org'...
2025-07-01T16:10:08.5016752Z copying path '/nix/store/79kh226vw8rrk62jbs27hdad1clwy447-keyutils-1.6.3-lib' from 'https://cache.nixos.org'...
2025-07-01T16:10:08.5146998Z copying path '/nix/store/wnsn67xb3i072b6i496y002byvc3ipa3-kubernetes-helm-3.16.3' from 'https://cache.nixos.org'...
2025-07-01T16:10:08.5367255Z copying path '/nix/store/q57zi48njdcgxy4n8d5lm5pf746drc8f-isl-0.20' from 'https://cache.nixos.org'...
2025-07-01T16:10:08.5485615Z copying path '/nix/store/bpzy7snv1xr7s1z2xi7bw0q5z9j6g1gg-libantlr3c-3.4' from 'https://cache.nixos.org'...
2025-07-01T16:10:08.5740189Z copying path '/nix/store/0iabf1jhsfrrxkdi599kb8m37p82yr1z-audit-4.0' from 'https://cache.nixos.org'...
2025-07-01T16:10:08.5759243Z copying path '/nix/store/ky06iawcwsvxmx8yw66y2a7iy7b14yii-libapparmor-4.0.3' from 'https://cache.nixos.org'...
2025-07-01T16:10:08.5765991Z copying path '/nix/store/nc394xps4al1r99ziabqvajbkrhxr5b7-gzip-1.13' from 'https://cache.nixos.org'...
2025-07-01T16:10:08.5768008Z copying path '/nix/store/fx6mfndjsbb0dqn9jzf1ksz9wf1dlrq7-libcap-2.70-lib' from 'https://cache.nixos.org'...
2025-07-01T16:10:08.5795605Z copying path '/nix/store/pmg7hw4ar16dhx5hk6jswvxy349wzsm7-gnutar-1.35' from 'https://cache.nixos.org'...
2025-07-01T16:10:08.5887598Z copying path '/nix/store/7yf5ijcl2lh90xs5nkrdpfdvcmc9fnc5-libcbor-0.11.0' from 'https://cache.nixos.org'...
2025-07-01T16:10:08.5944629Z copying path '/nix/store/bldybfhh9v9dvpms8kh87v1a6jp6i28p-libevent-2.1.12' from 'https://cache.nixos.org'...
2025-07-01T16:10:08.5948337Z copying path '/nix/store/wxgvd9mivxdbahxidq751gxyz7x7jb8n-libffi-3.4.6' from 'https://cache.nixos.org'...
2025-07-01T16:10:08.5970545Z copying path '/nix/store/p0c3g3dxr818lggbk6ms3nhm97g0pir9-libgpg-error-1.50' from 'https://cache.nixos.org'...
2025-07-01T16:10:08.6332718Z copying path '/nix/store/81awch8mhqanda1vy0c09bflgra4cxh0-glibc-2.40-66-dev' from 'https://cache.nixos.org'...
2025-07-01T16:10:08.6406771Z copying path '/nix/store/2w8a5z0rcs4fk3ds3fnd03x6syjjl1hb-libmnl-1.0.5' from 'https://cache.nixos.org'...
2025-07-01T16:10:08.6587857Z copying path '/nix/store/ywvi2y4yv3qyh0phw9y2ji17smh8nawj-libnfnetlink-1.0.2' from 'https://cache.nixos.org'...
2025-07-01T16:10:08.6625059Z copying path '/nix/store/dg6d7zs1bwnhwb3sd3xdbldvpa163a5z-libnl-3.10.0' from 'https://cache.nixos.org'...
2025-07-01T16:10:08.6815952Z copying path '/nix/store/xxc6rkndd68cq1225asn380bbj0512dg-libpsl-0.21.5' from 'https://cache.nixos.org'...
2025-07-01T16:10:08.7101727Z copying path '/nix/store/68vmpyiabh89l7hbp9z2hmwci74vnfi4-libseccomp-2.5.5-lib' from 'https://cache.nixos.org'...
2025-07-01T16:10:08.7254214Z copying path '/nix/store/wr7w1x0x1j4qli60wm22q3bc02dga08c-libtasn1-4.20.0' from 'https://cache.nixos.org'...
2025-07-01T16:10:08.7335476Z copying path '/nix/store/hnh6ivl105y4sw0ifv4kbihrvbddmlkm-libxcrypt-4.4.36' from 'https://cache.nixos.org'...
2025-07-01T16:10:08.7513227Z copying path '/nix/store/96m2mjx55syyky6zymjnbl3pvgxlwchb-libnftnl-1.2.8' from 'https://cache.nixos.org'...
2025-07-01T16:10:08.7525191Z copying path '/nix/store/17195j62sjxjn0xwnmj3icr01n3d678r-libnetfilter_conntrack-1.1.0' from 'https://cache.nixos.org'...
2025-07-01T16:10:08.7601078Z copying path '/nix/store/qhs6zflzhdr11j6byf1c1j52z39hnaaw-db-4.8.30' from 'https://cache.nixos.org'...
2025-07-01T16:10:08.7634760Z copying path '/nix/store/8g8wdqid20924fbppbljsl6l7gr0p21j-gettext-0.21.1' from 'https://cache.nixos.org'...
2025-07-01T16:10:08.7643270Z copying path '/nix/store/dsxb6qvi21bzy21c98kb71wfbdj4lmz7-gmp-with-cxx-6.3.0' from 'https://cache.nixos.org'...
2025-07-01T16:10:08.7783138Z copying path '/nix/store/nn7nj7xq8gdfyxqhchphzia7i34rwb0v-gmp-with-cxx-6.3.0' from 'https://cache.nixos.org'...
2025-07-01T16:10:08.7907299Z copying path '/nix/store/rq8lq7r8vjqrbn2bgfglm9dxfi83gdg9-icu4c-74.2' from 'https://cache.nixos.org'...
2025-07-01T16:10:08.7983699Z copying path '/nix/store/99jfkvhck3c2675n2cy71g40km6m0pf9-libassuan-2.5.7' from 'https://cache.nixos.org'...
2025-07-01T16:10:08.8115280Z copying path '/nix/store/h9c111ckc8wg3ksxb7kj8cwhgaj52118-libgcrypt-1.10.3-lib' from 'https://cache.nixos.org'...
2025-07-01T16:10:08.8365951Z copying path '/nix/store/9yh47sg27z9263ll65d414rgcyrclk57-libxml2-2.13.6' from 'https://cache.nixos.org'...
2025-07-01T16:10:08.8543913Z copying path '/nix/store/p9k3wzaw6d3wjgcbrfv2g1chj0mj2inb-lz4-1.10.0-lib' from 'https://cache.nixos.org'...
2025-07-01T16:10:08.8894184Z copying path '/nix/store/yh2c9f04q1vcfhpkamidrg3sdnwk5bvy-mpdecimal-4.0.0' from 'https://cache.nixos.org'...
2025-07-01T16:10:08.8985737Z copying path '/nix/store/1h2yigiwy6bgpyzlywj36s5nqkgca8bv-libpcap-1.10.5' from 'https://cache.nixos.org'...
2025-07-01T16:10:08.9147492Z copying path '/nix/store/b75dbfz0gria25kn2qlfpnmp39h31spw-mpfr-4.2.1' from 'https://cache.nixos.org'...
2025-07-01T16:10:08.9238414Z copying path '/nix/store/z7ndn3k8zfjrf713gq443q7a2ixzaab5-ncurses-6.4.20221231' from 'https://cache.nixos.org'...
2025-07-01T16:10:08.9532264Z copying path '/nix/store/1w5jm9zaxwr5b8nvh41c7iz236my185m-nghttp2-1.64.0-lib' from 'https://cache.nixos.org'...
2025-07-01T16:10:08.9576795Z copying path '/nix/store/9m68vvhnsq5cpkskphgw84ikl9m6wjwp-coreutils-9.5' from 'https://cache.nixos.org'...
2025-07-01T16:10:09.0207352Z copying path '/nix/store/mgpn83jmnf37ky77a8qy6m466qqmlyqk-cln-1.3.7' from 'https://cache.nixos.org'...
2025-07-01T16:10:09.0480676Z copying path '/nix/store/qvrp85i3yc9vw5x1vyx714m03jsf60rc-cvc4-1.8' from 'https://cache.nixos.org'...
2025-07-01T16:10:09.0695288Z copying path '/nix/store/6s0zzvp9in28jkmzwh5p69v1zwpi5mi4-linux-pam-1.6.1' from 'https://cache.nixos.org'...
2025-07-01T16:10:09.0737685Z copying path '/nix/store/q95qgxy40rx1ifa13j8l38sx3myvkhb9-nettle-3.10' from 'https://cache.nixos.org'...
2025-07-01T16:10:09.0768506Z copying path '/nix/store/j4377imdqpm27h5hspds1skgsazyj0d9-nghttp2-1.64.0-lib' from 'https://cache.nixos.org'...
2025-07-01T16:10:09.1143075Z copying path '/nix/store/n9ya3i584zvcw6696326sdlg61d6lamf-npth-1.7' from 'https://cache.nixos.org'...
2025-07-01T16:10:09.1233567Z copying path '/nix/store/kavgc464axad77kj4x4bza7s345nrhin-iptables-1.8.10' from 'https://cache.nixos.org'...
2025-07-01T16:10:09.1590417Z copying path '/nix/store/pbjp09wrnbklrfy7n2h5qix15fl5ylhj-libmpc-1.3.1' from 'https://cache.nixos.org'...
2025-07-01T16:10:09.2068142Z copying path '/nix/store/w8xb93nwhnhlkqd9kwahkzqvbg98qs74-nghttp2-1.64.0-dev' from 'https://cache.nixos.org'...
2025-07-01T16:10:09.2245606Z copying path '/nix/store/cjg4jmnnf26367irpagiiffrni9bk7z0-gnupg-2.4.5' from 'https://cache.nixos.org'...
2025-07-01T16:10:09.2336248Z copying path '/nix/store/isk8l71r4d1nl39mpv92ank2rs4cx3w9-openssl-3.3.3' from 'https://cache.nixos.org'...
2025-07-01T16:10:09.2528468Z copying path '/nix/store/lr3cvmq5ahqcj29p8c6m0fdl1y8krc86-diffutils-3.10' from 'https://cache.nixos.org'...
2025-07-01T16:10:09.2566713Z copying path '/nix/store/vc2d1bfy1a5y1195nq7k6p0zcm6q89nx-findutils-4.10.0' from 'https://cache.nixos.org'...
2025-07-01T16:10:09.2856526Z copying path '/nix/store/mqvgaq2bnb1701l7zcn0d6vd7w8b0z7l-openssl-3.3.3' from 'https://cache.nixos.org'...
2025-07-01T16:10:09.2859444Z copying path '/nix/store/smd33cbgm2pwwnwj9l4b4fk39bdxfsfv-p11-kit-0.25.5' from 'https://cache.nixos.org'...
2025-07-01T16:10:09.3121315Z copying path '/nix/store/zfjv48ikkqn3yhi8zi7lvqvxyscbg87n-patch-2.7.6' from 'https://cache.nixos.org'...
2025-07-01T16:10:09.3325175Z copying path '/nix/store/9wwkzvmrlv43y71rbw8sbh9bamc62a16-patchelf-0.15.0' from 'https://cache.nixos.org'...
2025-07-01T16:10:09.3395390Z copying path '/nix/store/5md7gyz45fm4bmkg2kb9a1hnmg8ryk9j-pcre2-10.44' from 'https://cache.nixos.org'...
2025-07-01T16:10:09.3763246Z copying path '/nix/store/pgq4agv5wpanzr9a8mqlkncdbick7mn2-pcsclite-2.3.0-lib' from 'https://cache.nixos.org'...
2025-07-01T16:10:09.4585349Z copying path '/nix/store/9sqpmkq9fcycsrldbsdxw93hvspy8pr9-perl5.40.0-Clone-0.46' from 'https://cache.nixos.org'...
2025-07-01T16:10:09.4670071Z copying path '/nix/store/jpk7s673pli65raimpl43jbhbg6ja4kx-perl5.40.0-FCGI-0.82' from 'https://cache.nixos.org'...
2025-07-01T16:10:09.4686830Z copying path '/nix/store/x4kgvzlrndlsc9mn2gyrx9dla0a5y7y3-perl5.40.0-TermReadKey-2.38' from 'https://cache.nixos.org'...
2025-07-01T16:10:09.4824119Z copying path '/nix/store/gda0f0dw64h74i98vkk7b7jwzxbkigzs-prometheus-2.55.0' from 'https://cache.nixos.org'...
2025-07-01T16:10:09.4825803Z copying path '/nix/store/zwh1q2r2a1prmw4xxfpqa06ic7dl31yd-qrencode-4.1.1' from 'https://cache.nixos.org'...
2025-07-01T16:10:09.4839243Z copying path '/nix/store/6hrwqlqxzvn3lry7fjyz4i6dkdmg38m6-perl5.40.0-HTTP-Message-6.45' from 'https://cache.nixos.org'...
2025-07-01T16:10:09.4853525Z copying path '/nix/store/flw2dwllbq50954bk1qm6xwdzp8ikacl-systemd-minimal-libs-256.10' from 'https://cache.nixos.org'...
2025-07-01T16:10:09.4983056Z copying path '/nix/store/7f8vg8z0q721jyahy1vjbg2x3irbk5az-unbound-1.22.0-lib' from 'https://cache.nixos.org'...
2025-07-01T16:10:09.5012263Z copying path '/nix/store/88x6dfa5gnls0pmbvp4b9ci3bqqfja0n-util-linux-minimal-2.39.4-lib' from 'https://cache.nixos.org'...
2025-07-01T16:10:09.5235102Z copying path '/nix/store/j7k6mzbdydimzw4mf23ahq6a7rz2f7w2-util-linux-minimal-2.39.4-login' from 'https://cache.nixos.org'...
2025-07-01T16:10:09.5266555Z copying path '/nix/store/sf31nmjhlsdp2h26vbwbpa7gwfn4i4na-xz-5.6.3' from 'https://cache.nixos.org'...
2025-07-01T16:10:09.5655995Z copying path '/nix/store/mcr5gqxgkknqxa2vhnhixzd97vdsnsxi-perl5.40.0-HTML-Parser-3.81' from 'https://cache.nixos.org'...
2025-07-01T16:10:09.5989006Z copying path '/nix/store/q73n7qdcl9yvlwh6p4n414vkxgnjjryp-perl5.40.0-HTTP-Cookies-6.10' from 'https://cache.nixos.org'...
2025-07-01T16:10:09.6412696Z copying path '/nix/store/qjsj5vnbfpbg6r7jhd7znfgmcy0arn8n-gnugrep-3.11' from 'https://cache.nixos.org'...
2025-07-01T16:10:09.6438255Z copying path '/nix/store/qxp4rv76dpjbvs37c3sfq33ial7mxgb0-perl5.40.0-HTTP-Daemon-6.16' from 'https://cache.nixos.org'...
2025-07-01T16:10:09.6606579Z copying path '/nix/store/q0fgny8kpagi6blmzyw15n4cmfx647kn-perl5.40.0-HTTP-Negotiate-6.01' from 'https://cache.nixos.org'...
2025-07-01T16:10:09.6702670Z copying path '/nix/store/fvm65iknlk5kx9938xsc5485s9wzz1ig-lvm2-2.03.27-lib' from 'https://cache.nixos.org'...
2025-07-01T16:10:09.6986448Z copying path '/nix/store/0z09m6fwgmc2a0zazp6lhyadfig10fd6-perl5.40.0-CGI-4.59' from 'https://cache.nixos.org'...
2025-07-01T16:10:09.7217298Z copying path '/nix/store/53rkjnnkbgg8pfn6ffpcdx4xbrl98yh8-readline-8.2p13' from 'https://cache.nixos.org'...
2025-07-01T16:10:09.7306785Z copying path '/nix/store/bhvah40258cfi5sj1wiy2zmdn5xgj4m1-krb5-1.21.3-lib' from 'https://cache.nixos.org'...
2025-07-01T16:10:09.7462642Z copying path '/nix/store/09pyjyjdr5mwmki9gb0yf809l54xr8p2-openssl-3.3.3-bin' from 'https://cache.nixos.org'...
2025-07-01T16:10:09.7663099Z copying path '/nix/store/a9vgxnafcgb1khpjgn87ixmyv4dsqlp0-util-linux-minimal-2.39.4-mount' from 'https://cache.nixos.org'...
2025-07-01T16:10:09.7843953Z copying path '/nix/store/blkjagm7k01k9sghpyckw4y6dd6z0knl-util-linux-minimal-2.39.4-swap' from 'https://cache.nixos.org'...
2025-07-01T16:10:09.7962429Z copying path '/nix/store/dwyr8xvjby2l1zz92a5pfl6bq27jhrm6-krb5-1.21.3-lib' from 'https://cache.nixos.org'...
2025-07-01T16:10:09.7979602Z copying path '/nix/store/6k8v1ffagipraln3nn12h1n22d5l9dvr-perl5.40.0-Net-SSLeay-1.92' from 'https://cache.nixos.org'...
2025-07-01T16:10:09.8397652Z copying path '/nix/store/rbns8mzghhqxih4hj2js4mb4s6ivy5d1-xz-5.6.3-bin' from 'https://cache.nixos.org'...
2025-07-01T16:10:09.8498366Z copying path '/nix/store/xxssfwyz4l32wiadvsrcf259nkb91myn-z3-4.11.2-lib' from 'https://cache.nixos.org'...
2025-07-01T16:10:09.8565747Z copying path '/nix/store/vpg96mfr1jw5arlqg831i69g29v0sdb3-zlib-1.3.1' from 'https://cache.nixos.org'...
2025-07-01T16:10:09.8615908Z copying path '/nix/store/6cf2yj12gf51jn5vdbdw01gmgvyj431s-zstd-1.5.6' from 'https://cache.nixos.org'...
2025-07-01T16:10:09.8617635Z copying path '/nix/store/pa7plncc30fhm909bis9haakh7gi0qbl-bash-interactive-5.2p37' from 'https://cache.nixos.org'...
2025-07-01T16:10:09.8683977Z copying path '/nix/store/lmfya9by589b0qgc2pqps1zy4jhldkvq-cryptsetup-2.7.5' from 'https://cache.nixos.org'...
2025-07-01T16:10:09.8755622Z copying path '/nix/store/xv2bvwf6zv1hhlm9w4x0f7n0idhbsjh7-perl5.40.0-CGI-Fast-2.16' from 'https://cache.nixos.org'...
2025-07-01T16:10:09.8761969Z copying path '/nix/store/23j515bg7lgis34f0jkm9j6g00dpp2sh-binutils-2.43.1-lib' from 'https://cache.nixos.org'...
2025-07-01T16:10:09.8997016Z copying path '/nix/store/yk246qv4bbmr0mmh9y3gnfdkra5nnjgi-cracklib-2.10.0' from 'https://cache.nixos.org'...
2025-07-01T16:10:09.9028492Z copying path '/nix/store/p751fjd81h3926ivxsq0x20lz5j7yscc-file-5.45' from 'https://cache.nixos.org'...
2025-07-01T16:10:09.9715270Z copying path '/nix/store/yg4ahy7gahx91nq80achmzilrjyv0scj-gcc-13.3.0' from 'https://cache.nixos.org'...
2025-07-01T16:10:09.9737800Z copying path '/nix/store/1md58p5vm4dixcwwpwrs78a7kjf6nnqk-gnutls-3.8.6' from 'https://cache.nixos.org'...
2025-07-01T16:10:09.9942972Z copying path '/nix/store/nfdnparxrnv6sy627lw1c27pdqzpbfs2-kexec-tools-2.0.29' from 'https://cache.nixos.org'...
2025-07-01T16:10:10.0579089Z copying path '/nix/store/n6zw4496n0bd9r6gjwkjmf5ja6757q32-krb5-1.21.3' from 'https://cache.nixos.org'...
2025-07-01T16:10:10.0966112Z copying path '/nix/store/yr9xanc3bgp95fj9kvbrrq47zhzni2i6-kmod-31' from 'https://cache.nixos.org'...
2025-07-01T16:10:10.1155166Z copying path '/nix/store/qdypipr8zp0nkyrwqnakn3q3xhpghsrb-kmod-31-lib' from 'https://cache.nixos.org'...
2025-07-01T16:10:10.1886069Z copying path '/nix/store/22qnvg3zddkf7rbpckv676qpsc2najv9-binutils-2.43.1' from 'https://cache.nixos.org'...
2025-07-01T16:10:10.2338700Z copying path '/nix/store/6m49g3aqk5d5vdxp7chpgim5l6cfm7d6-libarchive-3.7.7-lib' from 'https://cache.nixos.org'...
2025-07-01T16:10:10.2574384Z copying path '/nix/store/kc1sdzqnymjwy74chlnkq2xlxnmrg30x-libfido2-1.15.0' from 'https://cache.nixos.org'...
2025-07-01T16:10:10.2739806Z copying path '/nix/store/pvyhn761hgn17fpr6fy168vcv1ciwsgl-libssh2-1.11.1' from 'https://cache.nixos.org'...
2025-07-01T16:10:10.3211057Z copying path '/nix/store/17rp2wzkp8xfhxcd5zihx6qmnbaadlhs-libmicrohttpd-1.0.1' from 'https://cache.nixos.org'...
2025-07-01T16:10:10.3217878Z copying path '/nix/store/qmz79v7x18zmi6g2iagxwazqfwbxzhra-libssh2-1.11.1' from 'https://cache.nixos.org'...
2025-07-01T16:10:10.3521859Z copying path '/nix/store/hgq0ircylcm0mx6y7ml9chcbwgrz9xg7-openssl-3.3.3-dev' from 'https://cache.nixos.org'...
2025-07-01T16:10:10.4702358Z copying path '/nix/store/zfk4v9lxal3ch98qnf7zlciwgmk4w1ij-krb5-1.21.3-dev' from 'https://cache.nixos.org'...
2025-07-01T16:10:10.5072769Z copying path '/nix/store/q4j9jj8jw74216cw4chsqlwdnglwly6p-perl-5.40.0' from 'https://cache.nixos.org'...
2025-07-01T16:10:10.5262941Z copying path '/nix/store/w2m5p0fb6pmqq6dz2jqlvnyw7n4vcbpx-curl-8.12.1' from 'https://cache.nixos.org'...
2025-07-01T16:10:10.5677771Z copying path '/nix/store/73pq792gn6i9qfywsnd347vg0152w8rw-perl5.40.0-IO-Socket-SSL-2.083' from 'https://cache.nixos.org'...
2025-07-01T16:10:10.5693387Z copying path '/nix/store/i7gfv740vcygvl9pgqwq29nkzmsp09ww-sqlite-3.46.1' from 'https://cache.nixos.org'...
2025-07-01T16:10:10.6223195Z copying path '/nix/store/lgfp6sl5hpykmld29rqvi9pam8ji8k24-curl-8.12.1' from 'https://cache.nixos.org'...
2025-07-01T16:10:10.6302392Z copying path '/nix/store/hsxp8g7zdr6wxk1mp812g8nbzvajzn4w-stdenv-linux' from 'https://cache.nixos.org'...
2025-07-01T16:10:10.6377954Z copying path '/nix/store/0rg4nqym82ngd29dy8qm1bggm94dkry3-libssh2-1.11.1-dev' from 'https://cache.nixos.org'...
2025-07-01T16:10:10.6815147Z copying path '/nix/store/gnnac2vpa466p2lpzskmbj5vjr6ikzhg-libpwquality-1.4.5-lib' from 'https://cache.nixos.org'...
2025-07-01T16:10:10.7761998Z copying path '/nix/store/ccrjbcfl5zcdp0n5mh69f4airrb9g8m4-zlib-1.3.1-dev' from 'https://cache.nixos.org'...
2025-07-01T16:10:10.7944613Z copying path '/nix/store/xmmli2ijsz2br6573z3sqsgg0spnj7i9-zstd-1.5.6-bin' from 'https://cache.nixos.org'...
2025-07-01T16:10:10.7965935Z copying path '/nix/store/sh26c2jcz7w2gii2px77bqy64fd026jd-boost-1.81.0' from 'https://cache.nixos.org'...
2025-07-01T16:10:10.8589161Z copying path '/nix/store/f2sjbvr2gbp1dl1fwak6b77j18wv2rm8-perl5.40.0-Net-SMTP-SSL-1.04' from 'https://cache.nixos.org'...
2025-07-01T16:10:10.8616040Z copying path '/nix/store/awbfciyq3cjvw6x8wd8wdjy8z2qxm98n-elfutils-0.191' from 'https://cache.nixos.org'...
2025-07-01T16:10:10.9198495Z copying path '/nix/store/3hgwjb5hp0jm8fyi4vx9s4f3hjvp0n1r-tpm2-tss-4.1.3' from 'https://cache.nixos.org'...
2025-07-01T16:10:10.9378969Z copying path '/nix/store/lhpwdis5hkyljz1d200bj1s6g51ljq9k-python3-3.12.8' from 'https://cache.nixos.org'...
2025-07-01T16:10:11.0063427Z copying path '/nix/store/8qf68jid6rr2f4c8ppyp0ixdlv0axnpn-curl-8.12.1-bin' from 'https://cache.nixos.org'...
2025-07-01T16:10:11.1274615Z copying path '/nix/store/z9lnvmqymg80hk671fm2533ncczkf7z2-kbd-2.6.4' from 'https://cache.nixos.org'...
2025-07-01T16:10:11.2801801Z copying path '/nix/store/04shrm4bvxw1yam87da7y9k872kqn777-curl-8.12.1-dev' from 'https://cache.nixos.org'...
2025-07-01T16:10:11.3019156Z copying path '/nix/store/f95nqmgp2vaz1h68n36k605ay1ixnj0a-libbpf-1.4.7' from 'https://cache.nixos.org'...
2025-07-01T16:10:11.3031925Z copying path '/nix/store/007wiy8x5irdxzsdx3bdqx0k0a8hp6ji-shellcheck-0.10.0-bin' from 'https://cache.nixos.org'...
2025-07-01T16:10:11.4971173Z building '/nix/store/rkn5fk95kmnbxk65bxlyzqnmsmafh1f1-kind-with-registry.sh.drv'...
2025-07-01T16:10:11.5284527Z copying path '/nix/store/1mv8pj4nxwnd9bbxshljc9p4cnl3rakj-binutils-wrapper-2.43.1' from 'https://cache.nixos.org'...
2025-07-01T16:10:11.6609788Z copying path '/nix/store/w9qcpyhjrxsqrps91wkz8r4mqvg9zrxc-systemd-256.10' from 'https://cache.nixos.org'...
2025-07-01T16:10:11.6995577Z copying path '/nix/store/00x4qvjp4kcm932rv281v8n9y4xk9dv1-solc-0.8.21' from 'https://cache.nixos.org'...
2025-07-01T16:10:11.7872393Z copying path '/nix/store/ch1brsi5xwxgyv23csmvw1am9l40rf1c-shellcheck-0.10.0' from 'https://cache.nixos.org'...
2025-07-01T16:10:12.5666556Z copying path '/nix/store/99accs107rzm78z74cj1wns59d0m1nh8-perl5.40.0-libwww-perl-6.72' from 'https://cache.nixos.org'...
2025-07-01T16:10:12.6868372Z copying path '/nix/store/7s649psqfmp6bf2ij6kba3nbwjp50z0w-promtail-3.2.1' from 'https://cache.nixos.org'...
2025-07-01T16:10:13.5928227Z copying path '/nix/store/1fwh9nv8n93rjc7i7j9gcm3whdqpgy84-git-2.47.2' from 'https://cache.nixos.org'...
2025-07-01T16:10:14.7045856Z copying path '/nix/store/gnd8f9h2ycxrfrvrga508c4n9cxy6720-gcc-wrapper-13.3.0' from 'https://cache.nixos.org'...
2025-07-01T16:10:14.7112896Z copying path '/nix/store/szfi0xd0cwdaldhkp8vlgi7jfv662nmd-stdenv-linux' from 'https://cache.nixos.org'...
2025-07-01T16:10:14.7824906Z building '/nix/store/mbmxfdxryq3wr2wxm5brh42mcad1gvzy-kind-with-registry-1.0.0.drv'...
2025-07-01T16:10:14.8743375Z building '/nix/store/l2gp0i5ccps3gdgrqx8mmvfl0jx2l5p5-nix-shell-env.drv'...
2025-07-01T16:10:15.3112048Z this path will be fetched (0.10 MiB download, 0.10 MiB unpacked):
2025-07-01T16:10:15.3113022Z   /nix/store/hlv28jlwzk6kqj6vljm9cn8i7pw030nx-bash-interactive-5.2p37-man
2025-07-01T16:10:15.3122406Z copying path '/nix/store/hlv28jlwzk6kqj6vljm9cn8i7pw030nx-bash-interactive-5.2p37-man' from 'https://cache.nixos.org'...
2025-07-01T16:10:15.4535421Z dependencies installed
2025-07-01T16:10:15.4572629Z ##[group]Run /home/runner/work/_actions/ava-labs/avalanchego/092cf182dd92b66a8ab882b657d3ae52b174c913/.github/actions/run-monitored-tmpnet-cmd/notify-metrics-availability.sh
2025-07-01T16:10:15.4573907Z [36;1m/home/runner/work/_actions/ava-labs/avalanchego/092cf182dd92b66a8ab882b657d3ae52b174c913/.github/actions/run-monitored-tmpnet-cmd/notify-metrics-availability.sh[0m
2025-07-01T16:10:15.4635180Z shell: /usr/bin/bash --noprofile --norc -e -o pipefail {0}
2025-07-01T16:10:15.4635544Z env:
2025-07-01T16:10:15.4635747Z   TMPDIR: /home/runner/work/_temp
2025-07-01T16:10:15.4636749Z   GRAFANA_URL: https://grafana-poc.avax-dev.network/d/kBQpRdWnk/avalanche-main-dashboard?orgId=1&refresh=10s&var-filter=is_ephemeral_node%7C%3D%7Cfalse&var-filter=gh_repo%7C%3D%7Cava-labs%2Fsubnet-evm&var-filter=gh_run_id%7C%3D%7C16004559474&var-filter=gh_run_attempt%7C%3D%7C1
2025-07-01T16:10:15.4637735Z   GH_JOB_ID: e2e_load
2025-07-01T16:10:15.4637966Z   FILTER_BY_OWNER: 
2025-07-01T16:10:15.4638165Z ##[endgroup]
2025-07-01T16:10:15.4755031Z grafana link for shared network logs and metrics: https://grafana-poc.avax-dev.network/d/kBQpRdWnk/avalanche-main-dashboard?orgId=1&refresh=10s&var-filter=is_ephemeral_node%7C%3D%7Cfalse&var-filter=gh_repo%7C%3D%7Cava-labs%2Fsubnet-evm&var-filter=gh_run_id%7C%3D%7C16004559474&var-filter=gh_run_attempt%7C%3D%7C1&var-filter=gh_job_id%7C%3D%7Ce2e_load&from=1751386215000&to=1751387115000
2025-07-01T16:10:15.4787800Z ##[group]Run AVALANCHEGO_BUILD_PATH=/tmp/e2e-test/avalanchego /home/runner/work/_actions/ava-labs/avalanchego/092cf182dd92b66a8ab882b657d3ae52b174c913/.github/actions/run-monitored-tmpnet-cmd/nix-develop.sh --impure --command bash -x ./scripts/run_task.sh test-e2e-load-ci
2025-07-01T16:10:15.4789662Z [36;1mAVALANCHEGO_BUILD_PATH=/tmp/e2e-test/avalanchego /home/runner/work/_actions/ava-labs/avalanchego/092cf182dd92b66a8ab882b657d3ae52b174c913/.github/actions/run-monitored-tmpnet-cmd/nix-develop.sh --impure --command bash -x ./scripts/run_task.sh test-e2e-load-ci[0m
2025-07-01T16:10:15.4850864Z shell: /usr/bin/bash --noprofile --norc -e -o pipefail {0}
2025-07-01T16:10:15.4851232Z env:
2025-07-01T16:10:15.4851428Z   TMPDIR: /home/runner/work/_temp
2025-07-01T16:10:15.4851913Z   TMPNET_START_METRICS_COLLECTOR: true
2025-07-01T16:10:15.4852184Z   TMPNET_START_LOGS_COLLECTOR: true
2025-07-01T16:10:15.4852438Z   TMPNET_CHECK_METRICS_COLLECTED: true
2025-07-01T16:10:15.4852681Z   TMPNET_CHECK_LOGS_COLLECTED: true
2025-07-01T16:10:15.4853046Z   LOKI_USERNAME: ***
2025-07-01T16:10:15.4853344Z   LOKI_PASSWORD: ***
2025-07-01T16:10:15.4853566Z   PROMETHEUS_USERNAME: ***
2025-07-01T16:10:15.4853898Z   PROMETHEUS_PASSWORD: ***
2025-07-01T16:10:15.4854130Z   GH_REPO: ava-labs/subnet-evm
2025-07-01T16:10:15.4854360Z   GH_WORKFLOW: Tests
2025-07-01T16:10:15.4854563Z   GH_RUN_ID: 16004559474
2025-07-01T16:10:15.4854773Z   GH_RUN_NUMBER: 2079
2025-07-01T16:10:15.4854971Z   GH_RUN_ATTEMPT: 1
2025-07-01T16:10:15.4855398Z   GH_JOB_ID: e2e_load
2025-07-01T16:10:15.4855589Z ##[endgroup]
2025-07-01T16:10:15.4957114Z No local flake found, will attempt to use avalanchego flake
2025-07-01T16:10:15.5039911Z Starting nix shell for github:ava-labs/avalanchego?ref=v1.13.2
2025-07-01T16:10:18.0977188Z + set -euo pipefail
2025-07-01T16:10:18.0977516Z + command -v task
2025-07-01T16:10:18.0977742Z + exec task test-e2e-load-ci
2025-07-01T16:10:18.1185845Z task: [install-avalanchego-release] ./scripts/install_avalanchego_release.sh
2025-07-01T16:10:18.1488908Z Using branch: 24d42c4a5
2025-07-01T16:10:18.3537418Z https://github.com/ava-labs/avalanchego/releases/download/v1.13.2/avalanchego-linux-amd64-v1.13.2.tar.gz found
2025-07-01T16:10:18.3538831Z downloading to /tmp/e2e-test/avalanchego-linux-amd64-v1.13.2.tar.gz
2025-07-01T16:10:18.3595515Z   % Total    % Received % Xferd  Average Speed   Time    Time     Time  Current
2025-07-01T16:10:18.3597166Z                                  Dload  Upload   Total   Spent    Left  Speed
2025-07-01T16:10:18.3597451Z 
2025-07-01T16:10:18.4184996Z   0     0    0     0    0     0      0      0 --:--:-- --:--:-- --:--:--     0
2025-07-01T16:10:18.4185768Z   0     0    0     0    0     0      0      0 --:--:-- --:--:-- --:--:--     0
2025-07-01T16:10:18.5715816Z 
2025-07-01T16:10:18.6718015Z  12 36.2M   12 4686k    0     0  21.5M      0  0:00:01 --:--:--  0:00:01 21.5M
2025-07-01T16:10:18.6719023Z 100 36.2M  100 36.2M    0     0   115M      0 --:--:-- --:--:-- --:--:--  316M
2025-07-01T16:10:18.6830443Z avalanchego-v1.13.2/avalanchego
2025-07-01T16:10:19.2963794Z Installed AvalancheGo release v1.13.2
2025-07-01T16:10:19.2964576Z AvalancheGo Path: /tmp/e2e-test/avalanchego/avalanchego
2025-07-01T16:10:19.2965224Z Plugin Dir: /home/runner/.avalanchego/plugins
2025-07-01T16:10:19.2994070Z task: [build] ./scripts/build.sh
2025-07-01T16:10:19.3287239Z Using branch: 24d42c4a5
2025-07-01T16:10:19.3288383Z Building Subnet EVM @ GitCommit: 24d42c4a5aa0c26b2727d8d8210c4ae7db4855fd at /home/runner/.avalanchego/plugins/srEXiWaHuhNyGwPUi444Tu47ZEDwxTWrbQiuD7FmgSAQ6X7Dy
2025-07-01T16:10:19.3347206Z go: downloading github.com/ava-labs/avalanchego v1.13.2
2025-07-01T16:10:19.7722079Z go: downloading github.com/spf13/pflag v1.0.5
2025-07-01T16:10:19.7722854Z go: downloading github.com/spf13/viper v1.12.0
2025-07-01T16:10:19.7900381Z go: downloading github.com/ava-labs/libevm v1.13.14-0.3.0.rc.1
2025-07-01T16:10:20.7360595Z go: downloading github.com/gorilla/rpc v1.2.0
2025-07-01T16:10:20.7361347Z go: downloading github.com/holiman/uint256 v1.2.4
2025-07-01T16:10:20.7362151Z go: downloading github.com/prometheus/client_golang v1.16.0
2025-07-01T16:10:20.7362592Z go: downloading golang.org/x/exp v0.0.0-20241215155358-4a5509556b9e
2025-07-01T16:10:20.7605916Z go: downloading go.uber.org/zap v1.26.0
2025-07-01T16:10:20.8396663Z go: downloading golang.org/x/term v0.30.0
2025-07-01T16:10:20.8398009Z go: downloading gopkg.in/natefinch/lumberjack.v2 v2.0.0
2025-07-01T16:10:20.8548240Z go: downloading github.com/grpc-ecosystem/go-grpc-prometheus v1.2.0
2025-07-01T16:10:20.8683521Z go: downloading github.com/prometheus/client_model v0.3.0
2025-07-01T16:10:20.8709710Z go: downloading google.golang.org/grpc v1.66.0
2025-07-01T16:10:20.8810758Z go: downloading google.golang.org/protobuf v1.35.2
2025-07-01T16:10:21.1249767Z go: downloading go.opentelemetry.io/otel v1.22.0
2025-07-01T16:10:21.1447256Z go: downloading go.opentelemetry.io/otel/trace v1.22.0
2025-07-01T16:10:21.1450726Z go: downloading github.com/prometheus/common v0.42.0
2025-07-01T16:10:21.1455988Z go: downloading github.com/cockroachdb/pebble v0.0.0-20230928194634-aa077af62593
2025-07-01T16:10:21.1837865Z go: downloading github.com/StephenButtolph/canoto v0.15.0
2025-07-01T16:10:21.2243658Z go: downloading github.com/google/renameio/v2 v2.0.0
2025-07-01T16:10:21.2357701Z go: downloading golang.org/x/sync v0.12.0
2025-07-01T16:10:21.2841808Z go: downloading github.com/fsnotify/fsnotify v1.6.0
2025-07-01T16:10:21.2842557Z go: downloading github.com/spf13/afero v1.8.2
2025-07-01T16:10:21.2843406Z go: downloading github.com/mitchellh/mapstructure v1.5.0
2025-07-01T16:10:21.2974724Z go: downloading github.com/spf13/cast v1.5.0
2025-07-01T16:10:21.3032945Z go: downloading github.com/spf13/jwalterweatherman v1.1.0
2025-07-01T16:10:21.3071821Z go: downloading golang.org/x/crypto v0.36.0
2025-07-01T16:10:21.3160830Z go: downloading github.com/gofrs/flock v0.8.1
2025-07-01T16:10:21.3172824Z go: downloading github.com/golang/snappy v0.0.5-0.20220116011046-fa5810519dcb
2025-07-01T16:10:21.3252523Z go: downloading github.com/olekukonko/tablewriter v0.0.5
2025-07-01T16:10:21.3350348Z go: downloading github.com/shirou/gopsutil v3.21.11+incompatible
2025-07-01T16:10:21.3356235Z go: downloading golang.org/x/sys v0.31.0
2025-07-01T16:10:21.4065620Z go: downloading github.com/gballet/go-verkle v0.1.1-0.20231031103413-a67434b50f46
2025-07-01T16:10:21.4850072Z go: downloading github.com/dop251/goja v0.0.0-20230806174421-c933cf95e127
2025-07-01T16:10:21.5294843Z go: downloading github.com/holiman/bloomfilter/v2 v2.0.3
2025-07-01T16:10:21.5783436Z go: downloading github.com/stretchr/testify v1.10.0
2025-07-01T16:10:21.6106802Z go: downloading go.uber.org/mock v0.5.0
2025-07-01T16:10:21.6171126Z go: downloading github.com/deckarep/golang-set/v2 v2.1.0
2025-07-01T16:10:21.6190510Z go: downloading github.com/gorilla/websocket v1.5.0
2025-07-01T16:10:21.6437277Z go: downloading golang.org/x/time v0.3.0
2025-07-01T16:10:21.6525461Z go: downloading github.com/beorn7/perks v1.0.1
2025-07-01T16:10:21.6530951Z go: downloading github.com/cespare/xxhash/v2 v2.3.0
2025-07-01T16:10:21.6541955Z go: downloading github.com/prometheus/procfs v0.10.1
2025-07-01T16:10:21.6663785Z go: downloading go.uber.org/multierr v1.11.0
2025-07-01T16:10:21.6664261Z go: downloading github.com/supranational/blst v0.3.14
2025-07-01T16:10:21.6757999Z go: downloading google.golang.org/genproto/googleapis/rpc v0.0.0-20240827150818-7e3bb234dfed
2025-07-01T16:10:21.6827213Z go: downloading golang.org/x/net v0.38.0
2025-07-01T16:10:21.6928246Z go: downloading github.com/golang/protobuf v1.5.4
2025-07-01T16:10:21.7392346Z go: downloading go.opentelemetry.io/otel/exporters/otlp/otlptrace v1.22.0
2025-07-01T16:10:21.7394533Z go: downloading go.opentelemetry.io/otel/exporters/otlp/otlptrace/otlptracegrpc v1.22.0
2025-07-01T16:10:21.7514780Z go: downloading go.opentelemetry.io/otel/exporters/otlp/otlptrace/otlptracehttp v1.22.0
2025-07-01T16:10:21.7532149Z go: downloading go.opentelemetry.io/otel/sdk v1.22.0
2025-07-01T16:10:21.7863318Z go: downloading github.com/syndtr/goleveldb v1.0.1-0.20220614013038-64ee5596c38a
2025-07-01T16:10:21.8834905Z go: downloading github.com/matttproud/golang_protobuf_extensions v1.0.4
2025-07-01T16:10:21.8857952Z go: downloading github.com/mr-tron/base58 v1.2.0
2025-07-01T16:10:21.8959905Z go: downloading gonum.org/v1/gonum v0.11.0
2025-07-01T16:10:21.8975140Z go: downloading github.com/DataDog/zstd v1.5.2
2025-07-01T16:10:21.9072672Z go: downloading github.com/subosito/gotenv v1.3.0
2025-07-01T16:10:21.9096488Z go: downloading github.com/hashicorp/hcl v1.0.0
2025-07-01T16:10:21.9492438Z go: downloading gopkg.in/ini.v1 v1.67.0
2025-07-01T16:10:21.9493706Z go: downloading github.com/magiconair/properties v1.8.6
2025-07-01T16:10:21.9712455Z go: downloading github.com/pelletier/go-toml/v2 v2.0.5
2025-07-01T16:10:21.9735649Z go: downloading gopkg.in/yaml.v3 v3.0.1
2025-07-01T16:10:21.9875903Z go: downloading golang.org/x/text v0.23.0
2025-07-01T16:10:22.0167065Z go: downloading github.com/pelletier/go-toml v1.9.5
2025-07-01T16:10:22.0429407Z go: downloading github.com/mattn/go-runewidth v0.0.13
2025-07-01T16:10:22.0540613Z go: downloading github.com/tklauser/go-sysconf v0.3.12
2025-07-01T16:10:22.0872129Z go: downloading github.com/crate-crypto/go-kzg-4844 v0.7.0
2025-07-01T16:10:22.3713605Z go: downloading github.com/VictoriaMetrics/fastcache v1.12.1
2025-07-01T16:10:22.3853580Z go: downloading github.com/crate-crypto/go-ipa v0.0.0-20231025140028-3c0104f4b233
2025-07-01T16:10:22.4092438Z go: downloading github.com/holiman/billy v0.0.0-20240216141850-2abb0c79d3c4
2025-07-01T16:10:22.4296646Z go: downloading github.com/hashicorp/golang-lru v0.5.5-0.20210104140557-80c98217689d
2025-07-01T16:10:22.4407539Z go: downloading github.com/davecgh/go-spew v1.1.1
2025-07-01T16:10:22.4537502Z go: downloading github.com/tyler-smith/go-bip39 v1.1.0
2025-07-01T16:10:22.4719327Z go: downloading github.com/google/uuid v1.6.0
2025-07-01T16:10:22.4857150Z go: downloading github.com/hashicorp/go-bexpr v0.1.10
2025-07-01T16:10:22.5105622Z go: downloading github.com/mattn/go-colorable v0.1.13
2025-07-01T16:10:22.5270954Z go: downloading github.com/mattn/go-isatty v0.0.17
2025-07-01T16:10:22.5432550Z go: downloading github.com/urfave/cli/v2 v2.25.7
2025-07-01T16:10:22.6711882Z go: downloading github.com/dlclark/regexp2 v1.7.0
2025-07-01T16:10:22.6719156Z go: downloading github.com/google/pprof v0.0.0-20230207041349-798e818bf904
2025-07-01T16:10:22.7179137Z go: downloading github.com/pmezard/go-difflib v1.0.0
2025-07-01T16:10:22.7352215Z go: downloading github.com/cockroachdb/errors v1.9.1
2025-07-01T16:10:22.8274532Z go: downloading github.com/cockroachdb/redact v1.1.3
2025-07-01T16:10:22.8485668Z go: downloading github.com/cockroachdb/tokenbucket v0.0.0-20230807174530-cc333fc44b06
2025-07-01T16:10:22.8716200Z go: downloading go.opentelemetry.io/proto/otlp v1.0.0
2025-07-01T16:10:22.8992878Z go: downloading github.com/rivo/uniseg v0.2.0
2025-07-01T16:10:22.8997642Z go: downloading github.com/tklauser/numcpus v0.6.1
2025-07-01T16:10:22.9214169Z go: downloading github.com/gballet/go-libpcsclite v0.0.0-20191108122812-4678299bea08
2025-07-01T16:10:22.9215224Z go: downloading github.com/status-im/keycard-go v0.2.0
2025-07-01T16:10:22.9239675Z go: downloading github.com/mitchellh/pointerstructure v1.2.0
2025-07-01T16:10:22.9355844Z go: downloading github.com/go-sourcemap/sourcemap v2.1.3+incompatible
2025-07-01T16:10:22.9365382Z go: downloading github.com/cpuguy83/go-md2man/v2 v2.0.4
2025-07-01T16:10:22.9416740Z go: downloading github.com/xrash/smetrics v0.0.0-20201216005158-039620a65673
2025-07-01T16:10:22.9518184Z go: downloading github.com/cockroachdb/logtags v0.0.0-20230118201751-21c54148d20b
2025-07-01T16:10:22.9525205Z go: downloading github.com/getsentry/sentry-go v0.18.0
2025-07-01T16:10:22.9612787Z go: downloading github.com/pkg/errors v0.9.1
2025-07-01T16:10:22.9866433Z go: downloading github.com/go-logr/logr v1.4.1
2025-07-01T16:10:23.0014272Z go: downloading go.opentelemetry.io/otel/metric v1.22.0
2025-07-01T16:10:23.0121367Z go: downloading github.com/cenkalti/backoff/v4 v4.2.1
2025-07-01T16:10:23.0192236Z go: downloading github.com/go-logr/stdr v1.2.2
2025-07-01T16:10:23.0269655Z go: downloading github.com/grpc-ecosystem/grpc-gateway/v2 v2.16.0
2025-07-01T16:10:23.0670123Z go: downloading github.com/consensys/gnark-crypto v0.12.1
2025-07-01T16:10:23.2251866Z go: downloading github.com/gogo/protobuf v1.3.2
2025-07-01T16:10:23.5085061Z go: downloading github.com/kr/pretty v0.3.1
2025-07-01T16:10:23.5094893Z go: downloading github.com/russross/blackfriday/v2 v2.1.0
2025-07-01T16:10:23.5218560Z go: downloading github.com/huin/goupnp v1.3.0
2025-07-01T16:10:23.5418794Z go: downloading github.com/jackpal/go-nat-pmp v1.0.2
2025-07-01T16:10:23.5488632Z go: downloading google.golang.org/genproto/googleapis/api v0.0.0-20240604185151-ef581f913117
2025-07-01T16:10:23.5849687Z go: downloading github.com/kr/text v0.2.0
2025-07-01T16:10:23.5951309Z go: downloading github.com/rogpeppe/go-internal v1.12.0
2025-07-01T16:10:23.7333753Z go: downloading github.com/bits-and-blooms/bitset v1.10.0
2025-07-01T16:10:23.7334543Z go: downloading github.com/consensys/bavard v0.1.13
2025-07-01T16:10:23.7338796Z go: downloading github.com/mmcloughlin/addchain v0.4.0
2025-07-01T16:10:23.7727656Z go: downloading rsc.io/tmplfunc v0.0.3
2025-07-01T16:11:38.5244826Z task: [test-e2e-load] ./scripts/run_ginkgo_load.sh
2025-07-01T16:11:38.5538579Z Using branch: 24d42c4a5
2025-07-01T16:11:38.5539352Z Running with extra args: --avalanchego-path=/tmp/e2e-test/avalanchego/avalanchego
2025-07-01T16:11:38.5632953Z go: downloading github.com/onsi/ginkgo/v2 v2.13.1
2025-07-01T16:11:38.7003427Z go: downloading github.com/go-task/slim-sprig v0.0.0-20230315185526-52ccab3ef572
2025-07-01T16:11:38.7012967Z go: downloading golang.org/x/tools v0.29.0
2025-07-01T16:12:32.3378127Z go: downloading k8s.io/api v0.29.0
2025-07-01T16:12:32.3378822Z go: downloading k8s.io/apimachinery v0.29.0
2025-07-01T16:12:32.3379342Z go: downloading k8s.io/client-go v0.29.0
2025-07-01T16:12:32.3379898Z go: downloading k8s.io/utils v0.0.0-20230726121419-3b25d923346b
2025-07-01T16:12:32.3380640Z go: downloading github.com/ava-labs/coreth v0.15.2-rc.0.0.20250620163936-0058a7ec6d9d
2025-07-01T16:12:32.3381378Z go: downloading github.com/go-cmd/cmd v1.4.1
2025-07-01T16:12:32.3381968Z go: downloading github.com/btcsuite/btcd/btcutil v1.1.3
2025-07-01T16:12:32.3382412Z go: downloading github.com/decred/dcrd/dcrec/secp256k1/v4 v4.1.0
2025-07-01T16:12:32.3382856Z go: downloading github.com/json-iterator/go v1.1.12
2025-07-01T16:12:32.3383436Z go: downloading github.com/google/gofuzz v1.2.0
2025-07-01T16:12:32.3383772Z go: downloading k8s.io/klog/v2 v2.110.1
2025-07-01T16:12:32.3384044Z go: downloading sigs.k8s.io/yaml v1.3.0
2025-07-01T16:12:32.3384325Z go: downloading gopkg.in/inf.v0 v0.9.1
2025-07-01T16:12:32.3384611Z go: downloading github.com/imdario/mergo v0.3.16
2025-07-01T16:12:32.3384942Z go: downloading github.com/pires/go-proxyproto v0.6.2
2025-07-01T16:12:32.3385262Z go: downloading github.com/gorilla/mux v1.8.0
2025-07-01T16:12:32.3385541Z go: downloading github.com/rs/cors v1.7.0
2025-07-01T16:12:32.3385822Z go: downloading github.com/google/btree v1.1.2
2025-07-01T16:12:32.3386156Z go: downloading sigs.k8s.io/structured-merge-diff/v4 v4.4.1
2025-07-01T16:12:32.3386545Z go: downloading sigs.k8s.io/json v0.0.0-20221116044647-bc3834ca7abd
2025-07-01T16:12:32.3386992Z go: downloading github.com/modern-go/concurrent v0.0.0-20180306012644-bacd9c7ef1dd
2025-07-01T16:12:32.3387417Z go: downloading github.com/modern-go/reflect2 v1.0.2
2025-07-01T16:12:32.3387728Z go: downloading gopkg.in/yaml.v2 v2.4.0
2025-07-01T16:12:32.3388016Z go: downloading github.com/moby/spdystream v0.2.0
2025-07-01T16:12:32.3388353Z go: downloading github.com/google/gnostic-models v0.6.8
2025-07-01T16:12:32.3388665Z go: downloading golang.org/x/oauth2 v0.21.0
2025-07-01T16:12:32.3389050Z go: downloading github.com/mxk/go-flowrate v0.0.0-20140419014527-cca7078d478f
2025-07-01T16:12:32.3389500Z go: downloading k8s.io/kube-openapi v0.0.0-20231010175941-2dd684a91f00
2025-07-01T16:12:32.3389950Z go: downloading github.com/munnerz/goautoneg v0.0.0-20191010083416-a7dc8b61c822
2025-07-01T16:12:32.3390351Z go: downloading github.com/go-openapi/swag v0.22.3
2025-07-01T16:12:32.3390694Z go: downloading github.com/go-openapi/jsonreference v0.20.2
2025-07-01T16:12:32.3391056Z go: downloading github.com/emicklei/go-restful/v3 v3.11.0
2025-07-01T16:12:32.3391412Z go: downloading github.com/go-openapi/jsonpointer v0.19.6
2025-07-01T16:12:32.3392055Z go: downloading github.com/mailru/easyjson v0.7.7
2025-07-01T16:12:32.3392387Z go: downloading github.com/josharian/intern v1.0.0
2025-07-01T16:12:32.3393812Z 
2025-07-01T16:12:32.4362652Z Running Suite: subnet-evm small load simulator test suite - /home/runner/work/subnet-evm/subnet-evm/tests/load
2025-07-01T16:12:32.4363720Z ==============================================================================================================
2025-07-01T16:12:32.4364314Z Random Seed: [1m1751386300[0m
2025-07-01T16:12:32.4364474Z 
2025-07-01T16:12:32.4364619Z Will run [1m1[0m of [1m1[0m specs
2025-07-01T16:12:32.4364922Z [38;5;243m------------------------------[0m
2025-07-01T16:12:32.4365181Z [Load Simulator]
2025-07-01T16:12:32.4365656Z [38;5;243m/home/runner/work/subnet-evm/subnet-evm/tests/load/load_test.go:50[0m
2025-07-01T16:12:32.4366172Z   [0m[1mbasic subnet load test[0m [38;5;204m[load][0m
2025-07-01T16:12:32.4366709Z   [38;5;243m/home/runner/work/subnet-evm/subnet-evm/tests/load/load_test.go:72[0m
2025-07-01T16:12:32.4368141Z   > Enter [1m[BeforeEach][0m TOP-LEVEL [38;5;243m- /home/runner/go/pkg/mod/github.com/ava-labs/avalanchego@v1.13.2/tests/fixture/e2e/metrics_link.go:27 @ 07/01/25 16:12:32.436[0m
2025-07-01T16:12:32.4370141Z   < Exit [1m[BeforeEach][0m TOP-LEVEL [38;5;243m- /home/runner/go/pkg/mod/github.com/ava-labs/avalanchego@v1.13.2/tests/fixture/e2e/metrics_link.go:27 @ 07/01/25 16:12:32.436 (0s)[0m
2025-07-01T16:12:32.4372484Z   > Enter [1m[BeforeAll][0m [Load Simulator] [38;5;243m- /home/runner/work/subnet-evm/subnet-evm/tests/load/load_test.go:55 @ 07/01/25 16:12:32.436[0m
2025-07-01T16:12:32.4386440Z    [0;0mINFO[0;0m	writing collector config	{"cmd": "prometheus", "path": "/home/runner/.tmpnet/prometheus/prometheus.yaml"}
2025-07-01T16:12:32.4388557Z    [0;0mINFO[0;0m	starting collector	{"cmd": "prometheus", "workingDir": "/home/runner/.tmpnet/prometheus", "fullCmd": "nohup prometheus --config.file=prometheus.yaml --web.listen-address=127.0.0.1:9090 --enable-feature=agent --storage.agent.path=./data > prometheus.log 2>&1 & echo -n \"$!\" > /home/runner/.tmpnet/prometheus/run.pid", "logPath": "/home/runner/.tmpnet/prometheus/prometheus.log"}
2025-07-01T16:12:32.5396044Z    [0;0mINFO[0;0m	started collector	{"cmd": "prometheus", "pid": 19017}
2025-07-01T16:12:32.5398003Z    [0;0mINFO[0;0m	waiting for collector readiness	{"cmd": "prometheus", "url": "http://127.0.0.1:9090/-/ready", "logPath": "/home/runner/.tmpnet/prometheus/prometheus.log"}
2025-07-01T16:12:32.5404025Z    [0;0mINFO[0;0m	collector ready	{"cmd": "prometheus"}
2025-07-01T16:12:32.5404807Z    [0;0mINFO[0;0m	To stop: tmpnetctl stop-metrics-collector
2025-07-01T16:12:32.5407415Z    [0;0mINFO[0;0m	writing collector config	{"cmd": "promtail", "path": "/home/runner/.tmpnet/promtail/promtail.yaml"}
2025-07-01T16:12:32.5409695Z    [0;0mINFO[0;0m	starting collector	{"cmd": "promtail", "workingDir": "/home/runner/.tmpnet/promtail", "fullCmd": "nohup promtail -config.file=promtail.yaml > promtail.log 2>&1 & echo -n \"$!\" > /home/runner/.tmpnet/promtail/run.pid", "logPath": "/home/runner/.tmpnet/promtail/promtail.log"}
2025-07-01T16:12:32.6417821Z    [0;0mINFO[0;0m	started collector	{"cmd": "promtail", "pid": 19027}
2025-07-01T16:12:32.7420998Z    [0;0mINFO[0;0m	skipping promtail readiness check until one or more nodes have written their service discovery configuration
2025-07-01T16:12:32.7422704Z    [0;0mINFO[0;0m	To stop: tmpnetctl stop-logs-collector
2025-07-01T16:12:32.7423663Z    [0;0mINFO[0;0m	waiting for network to start	{"timeoutSeconds": 120}
2025-07-01T16:12:32.9924248Z    [0;0mINFO[0;0m	preparing configuration for new network	{"runtimeConfig": {"process":{"avalancheGoPath":"/tmp/e2e-test/avalanchego/avalanchego","pluginDir":"/home/runner/.avalanchego/plugins"}}}
2025-07-01T16:12:33.0084722Z    [0;0mINFO[0;0m	starting a single-node network with sybil protection disabled for quicker subnet creation
2025-07-01T16:12:33.0086302Z    [0;0mINFO[0;0m	starting network	{"networkDir": "/home/runner/.tmpnet/networks/20250701-161232.992321-subnet-evm-small-load", "uuid": "96dcbfac-da16-455f-99ab-def840269bf2"}
2025-07-01T16:12:33.6586320Z    [0;0mINFO[0;0m	started local node	{"nodeID": "NodeID-LJPMHS6TtCXLoYxKLTPytyCcEQYhoMJJp", "dataDir": "/home/runner/.tmpnet/networks/20250701-161232.992321-subnet-evm-small-load/NodeID-LJPMHS6TtCXLoYxKLTPytyCcEQYhoMJJp", "isEphemeral": false}
2025-07-01T16:12:33.6589106Z    [0;0mINFO[0;0m	waiting for nodes to report healthy
2025-07-01T16:12:35.6597095Z    [0;0mINFO[0;0m	node is healthy	{"nodeID": "NodeID-LJPMHS6TtCXLoYxKLTPytyCcEQYhoMJJp", "uri": "http://127.0.0.1:44317"}
2025-07-01T16:12:35.6599349Z    [0;0mINFO[0;0m	started network	{"networkDir": "/home/runner/.tmpnet/networks/20250701-161232.992321-subnet-evm-small-load", "uuid": "96dcbfac-da16-455f-99ab-def840269bf2"}
2025-07-01T16:12:35.6603588Z    [0;0mINFO[0;0m	metrics and logs available via grafana (collectors must be running)	{"url": "https://grafana-poc.avax-dev.network/d/kBQpRdWnk/avalanche-main-dashboard?&var-filter=network_uuid%7C%3D%7C96dcbfac-da16-455f-99ab-def840269bf2&var-filter=is_ephemeral_node%7C%3D%7Cfalse&from=1751386353008&to=now", "linkPath": "/home/runner/.tmpnet/networks/20250701-161232.992321-subnet-evm-small-load/metrics.txt"}
2025-07-01T16:12:35.6606779Z    [0;0mINFO[0;0m	creating subnet	{"name": "load-subnet-a"}
2025-07-01T16:12:35.7759365Z    [0;0mINFO[0;0m	created subnet	{"name": "load-subnet-a", "id": "sj9gaQUxYtMxrRNrVD14ED3TFhBqqVNNqZppAxqGKZa2irpwm"}
2025-07-01T16:12:35.7760875Z    [0;0mINFO[0;0m	wrote subnet configuration	{"name": "load-subnet-a"}
2025-07-01T16:12:35.7772480Z    [0;0mINFO[0;0m	adding validators for subnet	{"name": "load-subnet-a"}
2025-07-01T16:12:36.0883994Z    [0;0mINFO[0;0m	added validator to subnet	{"subnet": "load-subnet-a", "nodeID": "NodeID-LJPMHS6TtCXLoYxKLTPytyCcEQYhoMJJp"}
2025-07-01T16:12:37.0903139Z    [0;0mINFO[0;0m	added validator to subnet	{"subnet": "load-subnet-a", "nodeID": "NodeID-KSeZZRgwwLcN9bFXga6Xw14XMDDTYK8dE"}
2025-07-01T16:12:38.0924050Z    [0;0mINFO[0;0m	added validator to subnet	{"subnet": "load-subnet-a", "nodeID": "NodeID-NTtfMi7ezRd7WjsroJk15j67zEYqFr5ad"}
2025-07-01T16:12:39.0949312Z    [0;0mINFO[0;0m	added validator to subnet	{"subnet": "load-subnet-a", "nodeID": "NodeID-JAh12hFJzAZ7NFcKR2ti2AM3Kj58SkmyK"}
2025-07-01T16:12:40.0966673Z    [0;0mINFO[0;0m	added validator to subnet	{"subnet": "load-subnet-a", "nodeID": "NodeID-M8D89QP3HjAA1gvwWP8uKB27nn4FCa1b5"}
2025-07-01T16:12:40.0968229Z    [0;0mINFO[0;0m	waiting for subnet validators to become active	{"subnet": "load-subnet-a"}
2025-07-01T16:12:40.0969886Z    [0;0mINFO[0;0m	saw the expected active validators of the subnet	{"subnet": "load-subnet-a"}
2025-07-01T16:12:40.1034049Z    [0;0mINFO[0;0m	creating chains for subnet	{"subnet": "load-subnet-a"}
2025-07-01T16:12:41.0051426Z    [0;0mINFO[0;0m	created chain	{"chain": "2PSVggR2Apa8uvsRBEhgdrNygjuKkbxzkq4E2cdSbvPo6sgxZH", "subnet": "load-subnet-a", "vm": "srEXiWaHuhNyGwPUi444Tu47ZEDwxTWrbQiuD7FmgSAQ6X7Dy"}
2025-07-01T16:12:41.0053963Z    [0;0mINFO[0;0m	wrote subnet configuration	{"name": "load-subnet-a", "id": "sj9gaQUxYtMxrRNrVD14ED3TFhBqqVNNqZppAxqGKZa2irpwm"}
2025-07-01T16:12:41.0055477Z    [0;0mINFO[0;0m	re-enabling sybil protection	{"nodeID": "NodeID-LJPMHS6TtCXLoYxKLTPytyCcEQYhoMJJp"}
2025-07-01T16:12:41.0056798Z    [0;0mINFO[0;0m	restarting bootstrap node	{"nodeID": "NodeID-LJPMHS6TtCXLoYxKLTPytyCcEQYhoMJJp"}
2025-07-01T16:12:41.6613156Z    [0;0mINFO[0;0m	started local node	{"nodeID": "NodeID-LJPMHS6TtCXLoYxKLTPytyCcEQYhoMJJp", "dataDir": "/home/runner/.tmpnet/networks/20250701-161232.992321-subnet-evm-small-load/NodeID-LJPMHS6TtCXLoYxKLTPytyCcEQYhoMJJp", "isEphemeral": false}
2025-07-01T16:12:41.6617700Z    [0;0mINFO[0;0m	starting remaining nodes
2025-07-01T16:12:42.3154196Z    [0;0mINFO[0;0m	started local node	{"nodeID": "NodeID-KSeZZRgwwLcN9bFXga6Xw14XMDDTYK8dE", "dataDir": "/home/runner/.tmpnet/networks/20250701-161232.992321-subnet-evm-small-load/NodeID-KSeZZRgwwLcN9bFXga6Xw14XMDDTYK8dE", "isEphemeral": false}
2025-07-01T16:12:42.9721841Z    [0;0mINFO[0;0m	started local node	{"nodeID": "NodeID-NTtfMi7ezRd7WjsroJk15j67zEYqFr5ad", "dataDir": "/home/runner/.tmpnet/networks/20250701-161232.992321-subnet-evm-small-load/NodeID-NTtfMi7ezRd7WjsroJk15j67zEYqFr5ad", "isEphemeral": false}
2025-07-01T16:12:43.5752024Z    [0;0mINFO[0;0m	started local node	{"nodeID": "NodeID-JAh12hFJzAZ7NFcKR2ti2AM3Kj58SkmyK", "dataDir": "/home/runner/.tmpnet/networks/20250701-161232.992321-subnet-evm-small-load/NodeID-JAh12hFJzAZ7NFcKR2ti2AM3Kj58SkmyK", "isEphemeral": false}
2025-07-01T16:12:44.1772198Z    [0;0mINFO[0;0m	started local node	{"nodeID": "NodeID-M8D89QP3HjAA1gvwWP8uKB27nn4FCa1b5", "dataDir": "/home/runner/.tmpnet/networks/20250701-161232.992321-subnet-evm-small-load/NodeID-M8D89QP3HjAA1gvwWP8uKB27nn4FCa1b5", "isEphemeral": false}
2025-07-01T16:12:44.1775302Z    [0;0mINFO[0;0m	waiting for nodes to report healthy
2025-07-01T16:12:50.1792138Z    [0;0mINFO[0;0m	node is healthy	{"nodeID": "NodeID-M8D89QP3HjAA1gvwWP8uKB27nn4FCa1b5", "uri": "http://127.0.0.1:45785"}
2025-07-01T16:12:50.3799561Z    [0;0mINFO[0;0m	node is healthy	{"nodeID": "NodeID-KSeZZRgwwLcN9bFXga6Xw14XMDDTYK8dE", "uri": "http://127.0.0.1:38821"}
2025-07-01T16:12:50.9787964Z    [0;0mINFO[0;0m	node is healthy	{"nodeID": "NodeID-NTtfMi7ezRd7WjsroJk15j67zEYqFr5ad", "uri": "http://127.0.0.1:38337"}
2025-07-01T16:12:51.5792973Z    [0;0mINFO[0;0m	node is healthy	{"nodeID": "NodeID-JAh12hFJzAZ7NFcKR2ti2AM3Kj58SkmyK", "uri": "http://127.0.0.1:41185"}
2025-07-01T16:12:51.7792802Z    [0;0mINFO[0;0m	node is healthy	{"nodeID": "NodeID-LJPMHS6TtCXLoYxKLTPytyCcEQYhoMJJp", "uri": "http://127.0.0.1:40825"}
2025-07-01T16:12:51.7794784Z    [0;0mINFO[0;0m	started network	{"networkDir": "/home/runner/.tmpnet/networks/20250701-161232.992321-subnet-evm-small-load", "uuid": "96dcbfac-da16-455f-99ab-def840269bf2"}
2025-07-01T16:12:51.7798691Z    [0;0mINFO[0;0m	metrics and logs available via grafana (collectors must be running)	{"url": "https://grafana-poc.avax-dev.network/d/kBQpRdWnk/avalanche-main-dashboard?&var-filter=network_uuid%7C%3D%7C96dcbfac-da16-455f-99ab-def840269bf2&var-filter=is_ephemeral_node%7C%3D%7Cfalse&from=1751386361661&to=now", "linkPath": "/home/runner/.tmpnet/networks/20250701-161232.992321-subnet-evm-small-load/metrics.txt"}
2025-07-01T16:12:51.7803727Z    [0;0mINFO[0;0m	network started successfully
2025-07-01T16:12:51.7805309Z    [0;0mINFO[0;0m	waiting for collector readiness	{"cmd": "promtail", "url": "http://127.0.0.1:3101/ready", "logPath": "/home/runner/.tmpnet/promtail/promtail.log"}
2025-07-01T16:12:51.7806658Z    [0;0mINFO[0;0m	collector ready	{"cmd": "promtail"}
2025-07-01T16:12:51.7824052Z    [0;0mINFO[0;0m	network nodes are available	{"uris": [{"NodeID":"NodeID-JAh12hFJzAZ7NFcKR2ti2AM3Kj58SkmyK","URI":"http://127.0.0.1:41185"},{"NodeID":"NodeID-KSeZZRgwwLcN9bFXga6Xw14XMDDTYK8dE","URI":"http://127.0.0.1:38821"},{"NodeID":"NodeID-LJPMHS6TtCXLoYxKLTPytyCcEQYhoMJJp","URI":"http://127.0.0.1:40825"},{"NodeID":"NodeID-M8D89QP3HjAA1gvwWP8uKB27nn4FCa1b5","URI":"http://127.0.0.1:45785"},{"NodeID":"NodeID-NTtfMi7ezRd7WjsroJk15j67zEYqFr5ad","URI":"http://127.0.0.1:38337"}]}
2025-07-01T16:12:51.7826355Z   < Exit [1m[BeforeAll][0m [Load Simulator] [38;5;243m- /home/runner/work/subnet-evm/subnet-evm/tests/load/load_test.go:55 @ 07/01/25 16:12:51.782 (19.346s)[0m
2025-07-01T16:12:51.7827492Z   > Enter [1m[It][0m basic subnet load test [38;5;243m- /home/runner/work/subnet-evm/subnet-evm/tests/load/load_test.go:72 @ 07/01/25 16:12:51.782[0m
2025-07-01T16:15:06.9142947Z 
2025-07-01T16:15:06.9143463Z Combined output:
2025-07-01T16:15:06.9143736Z 
2025-07-01T16:15:06.9143902Z Beginning simulator script
2025-07-01T16:15:06.9144318Z Using branch: 24d42c4a5
2025-07-01T16:15:06.9144711Z building simulator
2025-07-01T16:15:06.9145303Z ~/work/subnet-evm/subnet-evm/cmd/simulator ~/work/subnet-evm/subnet-evm
2025-07-01T16:15:06.9145813Z 
2025-07-01T16:15:06.9145984Z ~/work/subnet-evm/subnet-evm
2025-07-01T16:15:06.9146552Z running simulator from /home/runner/work/subnet-evm/subnet-evm
2025-07-01T16:15:06.9147652Z [07-01|16:12:54.475] [32mINFO[0m Metrics Server: localhost:8082/metrics
2025-07-01T16:15:06.9148936Z [07-01|16:12:54.475] [32mINFO[0m Distributing funds                       [32mnumTxsPerWorker[0m=50000 [32mminFunds[0m=1,050,000,000,000,000,000,000,000
2025-07-01T16:15:06.9150129Z [07-01|16:12:54.475] [32mINFO[0m Checking balance of each key to distribute funds
2025-07-01T16:15:06.9151259Z [07-01|16:12:54.478] [32mINFO[0m Found max funded key                     [32maddress[0m=0x8db97C7cEcE249c2b98bDC0226Cc4C2A57BF52FC [32mbalance[0m=100,000,000,000,000,000,000,000,000 [32mnumFundAddrs[0m=0
2025-07-01T16:15:06.9152506Z [07-01|16:12:54.478] [32mINFO[0m Distributed funds successfully           [32mtime[0m=2.986592ms
2025-07-01T16:15:06.9153039Z [07-01|16:12:54.479] [32mINFO[0m Creating transaction sequences...
2025-07-01T16:15:06.9153589Z [07-01|16:12:57.513] [32mINFO[0m Created transaction sequences successfully [32mtime[0m=3.033674832s
2025-07-01T16:15:06.9154469Z [07-01|16:12:57.513] [32mINFO[0m Constructing tx agents...                [32mnumAgents[0m=1
2025-07-01T16:15:06.9154925Z [07-01|16:12:57.513] [32mINFO[0m Starting tx agents...
2025-07-01T16:15:06.9155475Z [07-01|16:12:57.513] [32mINFO[0m Waiting for tx agents...
2025-07-01T16:15:06.9155992Z [07-01|16:14:38.815] [32mINFO[0m Issuance Batch Done                      [32mbatch[0m=0 [32mtime[0m=101.303
2025-07-01T16:15:06.9156618Z [07-01|16:15:06.909] [32mINFO[0m Confirmed Batch Done                     [32mbatch[0m=0 [32mtime[0m=28.093
2025-07-01T16:15:06.9157209Z [07-01|16:15:06.909] [32mINFO[0m Issuance Batch Done                      [32mbatch[0m=1 [32mtime[0m=0.000
2025-07-01T16:15:06.9157795Z [07-01|16:15:06.909] [32mINFO[0m Confirmed Batch Done                     [32mbatch[0m=1 [32mtime[0m=0.000
2025-07-01T16:15:06.9158684Z [07-01|16:15:06.909] [32mINFO[0m Execution complete                       [32mtotalTxs[0m=50000 [32mtotalTime[0m=129.396 [32mTPS[0m=386.411 [32missuanceTime[0m=101.303 [32mconfirmedTime[0m=28.093
2025-07-01T16:15:06.9159403Z [07-01|16:15:06.909] [32mINFO[0m Tx agents completed successfully.
2025-07-01T16:15:06.9159712Z *** Metrics ***
2025-07-01T16:15:06.9160484Z Type: COUNTER, Name: promhttp_metric_handler_errors_total, Description: Total number of internal errors encountered by the promhttp metric handler., Values: label:<name:"cause" value:"encoding" > counter:<value:0 > 
2025-07-01T16:15:06.9162898Z Type: COUNTER, Name: promhttp_metric_handler_errors_total, Description: Total number of internal errors encountered by the promhttp metric handler., Values: label:<name:"cause" value:"gathering" > counter:<value:0 > 
2025-07-01T16:15:06.9164861Z Type: SUMMARY, Name: tx_confirmation_time, Description: Individual Tx Confirmation Times for a Load Test, Values: summary:<sample_count:50000 sample_sum:28.005135570999894 quantile:<quantile:0.5 value:0.000538458 > quantile:<quantile:0.9 value:0.000601407 > quantile:<quantile:0.99 value:0.000899404 > > 
2025-07-01T16:15:06.9166822Z Type: SUMMARY, Name: tx_issuance_time, Description: Individual Tx Issuance Times for a Load Test, Values: summary:<sample_count:50000 sample_sum:101.24691619200057 quantile:<quantile:0.5 value:0.001357544 > quantile:<quantile:0.9 value:0.003931357 > quantile:<quantile:0.99 value:0.012489867 > > 
2025-07-01T16:15:06.9168687Z Type: SUMMARY, Name: tx_issuance_to_confirmation_time, Description: Individual Tx Issuance To Confirmation Times for a Load Test, Values: summary:<sample_count:50000 sample_sum:3.195305375583884e+06 quantile:<quantile:0.5 value:57.263057948 > quantile:<quantile:0.9 value:94.262178605 > quantile:<quantile:0.99 value:100.963859581 > > 
2025-07-01T16:15:06.9169764Z ***************
2025-07-01T16:15:06.9169879Z 
2025-07-01T16:15:06.9170601Z   < Exit [1m[It][0m basic subnet load test [38;5;243m- /home/runner/work/subnet-evm/subnet-evm/tests/load/load_test.go:72 @ 07/01/25 16:15:06.914 (2m15.132s)[0m
2025-07-01T16:15:06.9172206Z   > Enter [1m[AfterEach][0m TOP-LEVEL [38;5;243m- /home/runner/go/pkg/mod/github.com/ava-labs/avalanchego@v1.13.2/tests/fixture/e2e/metrics_link.go:33 @ 07/01/25 16:15:06.914[0m
2025-07-01T16:15:06.9173535Z   < Exit [1m[AfterEach][0m TOP-LEVEL [38;5;243m- /home/runner/go/pkg/mod/github.com/ava-labs/avalanchego@v1.13.2/tests/fixture/e2e/metrics_link.go:33 @ 07/01/25 16:15:06.914 (0s)[0m
2025-07-01T16:15:06.9177205Z   > Enter [1m[DeferCleanup (Each)][0m [Load Simulator] [38;5;243m- /home/runner/go/pkg/mod/github.com/ava-labs/avalanchego@v1.13.2/tests/fixture/e2e/ginkgo_test_context.go:96 @ 07/01/25 16:15:06.914[0m
2025-07-01T16:15:06.9179289Z   < Exit [1m[DeferCleanup (Each)][0m [Load Simulator] [38;5;243m- /home/runner/go/pkg/mod/github.com/ava-labs/avalanchego@v1.13.2/tests/fixture/e2e/ginkgo_test_context.go:96 @ 07/01/25 16:15:06.914 (0s)[0m
2025-07-01T16:15:06.9180787Z   > Enter [1m[DeferCleanup (Each)][0m [Load Simulator] [38;5;243m- /home/runner/go/pkg/mod/github.com/ava-labs/avalanchego@v1.13.2/tests/fixture/e2e/ginkgo_test_context.go:96 @ 07/01/25 16:15:06.914[0m
2025-07-01T16:15:06.9182661Z   < Exit [1m[DeferCleanup (Each)][0m [Load Simulator] [38;5;243m- /home/runner/go/pkg/mod/github.com/ava-labs/avalanchego@v1.13.2/tests/fixture/e2e/ginkgo_test_context.go:96 @ 07/01/25 16:15:06.914 (0s)[0m
2025-07-01T16:15:06.9184231Z   > Enter [1m[DeferCleanup (Each)][0m [Load Simulator] [38;5;243m- /home/runner/go/pkg/mod/github.com/ava-labs/avalanchego@v1.13.2/tests/fixture/e2e/ginkgo_test_context.go:96 @ 07/01/25 16:15:06.914[0m
2025-07-01T16:15:06.9185669Z   < Exit [1m[DeferCleanup (Each)][0m [Load Simulator] [38;5;243m- /home/runner/go/pkg/mod/github.com/ava-labs/avalanchego@v1.13.2/tests/fixture/e2e/ginkgo_test_context.go:96 @ 07/01/25 16:15:06.914 (0s)[0m
2025-07-01T16:15:06.9187094Z   > Enter [1m[DeferCleanup (Each)][0m [Load Simulator] [38;5;243m- /home/runner/go/pkg/mod/github.com/ava-labs/avalanchego@v1.13.2/tests/fixture/e2e/ginkgo_test_context.go:96 @ 07/01/25 16:15:06.914[0m
2025-07-01T16:15:06.9188523Z   < Exit [1m[DeferCleanup (Each)][0m [Load Simulator] [38;5;243m- /home/runner/go/pkg/mod/github.com/ava-labs/avalanchego@v1.13.2/tests/fixture/e2e/ginkgo_test_context.go:96 @ 07/01/25 16:15:06.914 (0s)[0m
2025-07-01T16:15:06.9190350Z   > Enter [1m[DeferCleanup (Each)][0m [Load Simulator] [38;5;243m- /home/runner/go/pkg/mod/github.com/ava-labs/avalanchego@v1.13.2/tests/fixture/e2e/ginkgo_test_context.go:96 @ 07/01/25 16:15:06.914[0m
2025-07-01T16:15:06.9192321Z   < Exit [1m[DeferCleanup (Each)][0m [Load Simulator] [38;5;243m- /home/runner/go/pkg/mod/github.com/ava-labs/avalanchego@v1.13.2/tests/fixture/e2e/ginkgo_test_context.go:96 @ 07/01/25 16:15:06.914 (0s)[0m
2025-07-01T16:15:06.9194430Z   > Enter [1m[DeferCleanup (Each)][0m [Load Simulator] [38;5;243m- /home/runner/go/pkg/mod/github.com/ava-labs/avalanchego@v1.13.2/tests/fixture/e2e/ginkgo_test_context.go:96 @ 07/01/25 16:15:06.914[0m
2025-07-01T16:15:06.9195971Z   < Exit [1m[DeferCleanup (Each)][0m [Load Simulator] [38;5;243m- /home/runner/go/pkg/mod/github.com/ava-labs/avalanchego@v1.13.2/tests/fixture/e2e/ginkgo_test_context.go:96 @ 07/01/25 16:15:06.914 (0s)[0m
2025-07-01T16:15:06.9197465Z   > Enter [1m[DeferCleanup (Each)][0m [Load Simulator] [38;5;243m- /home/runner/go/pkg/mod/github.com/ava-labs/avalanchego@v1.13.2/tests/fixture/e2e/ginkgo_test_context.go:96 @ 07/01/25 16:15:06.914[0m
2025-07-01T16:15:06.9198884Z   < Exit [1m[DeferCleanup (Each)][0m [Load Simulator] [38;5;243m- /home/runner/go/pkg/mod/github.com/ava-labs/avalanchego@v1.13.2/tests/fixture/e2e/ginkgo_test_context.go:96 @ 07/01/25 16:15:06.914 (0s)[0m
2025-07-01T16:15:06.9200931Z   > Enter [1m[DeferCleanup (Each)][0m [Load Simulator] [38;5;243m- /home/runner/go/pkg/mod/github.com/ava-labs/avalanchego@v1.13.2/tests/fixture/e2e/ginkgo_test_context.go:96 @ 07/01/25 16:15:06.914[0m
2025-07-01T16:15:06.9202840Z   < Exit [1m[DeferCleanup (Each)][0m [Load Simulator] [38;5;243m- /home/runner/go/pkg/mod/github.com/ava-labs/avalanchego@v1.13.2/tests/fixture/e2e/ginkgo_test_context.go:96 @ 07/01/25 16:15:06.914 (0s)[0m
2025-07-01T16:15:06.9204272Z   > Enter [1m[DeferCleanup (All)][0m [Load Simulator] [38;5;243m- /home/runner/go/pkg/mod/github.com/ava-labs/avalanchego@v1.13.2/tests/fixture/e2e/ginkgo_test_context.go:96 @ 07/01/25 16:15:06.914[0m
2025-07-01T16:15:06.9205704Z   < Exit [1m[DeferCleanup (All)][0m [Load Simulator] [38;5;243m- /home/runner/go/pkg/mod/github.com/ava-labs/avalanchego@v1.13.2/tests/fixture/e2e/ginkgo_test_context.go:96 @ 07/01/25 16:15:06.914 (0s)[0m
2025-07-01T16:15:06.9207124Z   > Enter [1m[DeferCleanup (All)][0m [Load Simulator] [38;5;243m- /home/runner/go/pkg/mod/github.com/ava-labs/avalanchego@v1.13.2/tests/fixture/e2e/ginkgo_test_context.go:96 @ 07/01/25 16:15:06.914[0m
2025-07-01T16:15:06.9208536Z   < Exit [1m[DeferCleanup (All)][0m [Load Simulator] [38;5;243m- /home/runner/go/pkg/mod/github.com/ava-labs/avalanchego@v1.13.2/tests/fixture/e2e/ginkgo_test_context.go:96 @ 07/01/25 16:15:06.914 (0s)[0m
2025-07-01T16:15:06.9210206Z   > Enter [1m[DeferCleanup (All)][0m [Load Simulator] [38;5;243m- /home/runner/go/pkg/mod/github.com/ava-labs/avalanchego@v1.13.2/tests/fixture/e2e/ginkgo_test_context.go:96 @ 07/01/25 16:15:06.914[0m
2025-07-01T16:15:06.9211936Z   < Exit [1m[DeferCleanup (All)][0m [Load Simulator] [38;5;243m- /home/runner/go/pkg/mod/github.com/ava-labs/avalanchego@v1.13.2/tests/fixture/e2e/ginkgo_test_context.go:96 @ 07/01/25 16:15:06.914 (0s)[0m
2025-07-01T16:15:06.9213359Z   > Enter [1m[DeferCleanup (All)][0m [Load Simulator] [38;5;243m- /home/runner/go/pkg/mod/github.com/ava-labs/avalanchego@v1.13.2/tests/fixture/e2e/ginkgo_test_context.go:96 @ 07/01/25 16:15:06.914[0m
2025-07-01T16:15:06.9214760Z   < Exit [1m[DeferCleanup (All)][0m [Load Simulator] [38;5;243m- /home/runner/go/pkg/mod/github.com/ava-labs/avalanchego@v1.13.2/tests/fixture/e2e/ginkgo_test_context.go:96 @ 07/01/25 16:15:06.914 (0s)[0m
2025-07-01T16:15:06.9216150Z   > Enter [1m[DeferCleanup (All)][0m [Load Simulator] [38;5;243m- /home/runner/go/pkg/mod/github.com/ava-labs/avalanchego@v1.13.2/tests/fixture/e2e/ginkgo_test_context.go:96 @ 07/01/25 16:15:06.914[0m
2025-07-01T16:15:06.9217556Z   < Exit [1m[DeferCleanup (All)][0m [Load Simulator] [38;5;243m- /home/runner/go/pkg/mod/github.com/ava-labs/avalanchego@v1.13.2/tests/fixture/e2e/ginkgo_test_context.go:96 @ 07/01/25 16:15:06.914 (0s)[0m
2025-07-01T16:15:06.9218952Z   > Enter [1m[DeferCleanup (All)][0m [Load Simulator] [38;5;243m- /home/runner/go/pkg/mod/github.com/ava-labs/avalanchego@v1.13.2/tests/fixture/e2e/ginkgo_test_context.go:96 @ 07/01/25 16:15:06.914[0m
2025-07-01T16:15:06.9220362Z   < Exit [1m[DeferCleanup (All)][0m [Load Simulator] [38;5;243m- /home/runner/go/pkg/mod/github.com/ava-labs/avalanchego@v1.13.2/tests/fixture/e2e/ginkgo_test_context.go:96 @ 07/01/25 16:15:06.914 (0s)[0m
2025-07-01T16:15:06.9221962Z   > Enter [1m[DeferCleanup (All)][0m [Load Simulator] [38;5;243m- /home/runner/go/pkg/mod/github.com/ava-labs/avalanchego@v1.13.2/tests/fixture/e2e/ginkgo_test_context.go:96 @ 07/01/25 16:15:06.914[0m
2025-07-01T16:15:06.9223392Z   < Exit [1m[DeferCleanup (All)][0m [Load Simulator] [38;5;243m- /home/runner/go/pkg/mod/github.com/ava-labs/avalanchego@v1.13.2/tests/fixture/e2e/ginkgo_test_context.go:96 @ 07/01/25 16:15:06.914 (0s)[0m
2025-07-01T16:15:06.9224796Z   > Enter [1m[DeferCleanup (All)][0m [Load Simulator] [38;5;243m- /home/runner/go/pkg/mod/github.com/ava-labs/avalanchego@v1.13.2/tests/fixture/e2e/ginkgo_test_context.go:96 @ 07/01/25 16:15:06.914[0m
2025-07-01T16:15:06.9226192Z   < Exit [1m[DeferCleanup (All)][0m [Load Simulator] [38;5;243m- /home/runner/go/pkg/mod/github.com/ava-labs/avalanchego@v1.13.2/tests/fixture/e2e/ginkgo_test_context.go:96 @ 07/01/25 16:15:06.914 (0s)[0m
2025-07-01T16:15:06.9227583Z   > Enter [1m[DeferCleanup (All)][0m [Load Simulator] [38;5;243m- /home/runner/go/pkg/mod/github.com/ava-labs/avalanchego@v1.13.2/tests/fixture/e2e/ginkgo_test_context.go:96 @ 07/01/25 16:15:06.914[0m
2025-07-01T16:15:06.9228555Z    [0;0mINFO[0;0m	delaying network shutdown to ensure final metrics scrape	{"delay": "12s"}
2025-07-01T16:15:18.9162953Z    [0;0mINFO[0;0m	shutting down network
2025-07-01T16:15:19.1094989Z   < Exit [1m[DeferCleanup (All)][0m [Load Simulator] [38;5;243m- /home/runner/go/pkg/mod/github.com/ava-labs/avalanchego@v1.13.2/tests/fixture/e2e/ginkgo_test_context.go:96 @ 07/01/25 16:15:19.109 (12.194s)[0m
2025-07-01T16:15:19.1097676Z   > Enter [1m[DeferCleanup (All)][0m [Load Simulator] [38;5;243m- /home/runner/go/pkg/mod/github.com/ava-labs/avalanchego@v1.13.2/tests/fixture/e2e/ginkgo_test_context.go:96 @ 07/01/25 16:15:19.109[0m
2025-07-01T16:15:19.1100087Z   < Exit [1m[DeferCleanup (All)][0m [Load Simulator] [38;5;243m- /home/runner/go/pkg/mod/github.com/ava-labs/avalanchego@v1.13.2/tests/fixture/e2e/ginkgo_test_context.go:96 @ 07/01/25 16:15:19.109 (0s)[0m
2025-07-01T16:15:19.1102852Z   > Enter [1m[DeferCleanup (All)][0m [Load Simulator] [38;5;243m- /home/runner/go/pkg/mod/github.com/ava-labs/avalanchego@v1.13.2/tests/fixture/e2e/ginkgo_test_context.go:96 @ 07/01/25 16:15:19.109[0m
2025-07-01T16:15:19.1104964Z    [0;0mINFO[0;0m	checking if logs exist	{"url": "https://loki-poc.avax-dev.network", "query": "sum(count_over_time({network_uuid=\"96dcbfac-da16-455f-99ab-def840269bf2\"}[1h]))"}
2025-07-01T16:15:20.0745859Z    [0;0mINFO[0;0m	collected count is non-zero	{"type": "logs", "count": 951318}
2025-07-01T16:15:20.0747906Z   < Exit [1m[DeferCleanup (All)][0m [Load Simulator] [38;5;243m- /home/runner/go/pkg/mod/github.com/ava-labs/avalanchego@v1.13.2/tests/fixture/e2e/ginkgo_test_context.go:96 @ 07/01/25 16:15:20.074 (965ms)[0m
2025-07-01T16:15:20.0749706Z   > Enter [1m[DeferCleanup (All)][0m [Load Simulator] [38;5;243m- /home/runner/go/pkg/mod/github.com/ava-labs/avalanchego@v1.13.2/tests/fixture/e2e/ginkgo_test_context.go:96 @ 07/01/25 16:15:20.074[0m
2025-07-01T16:15:20.0752286Z    [0;0mINFO[0;0m	checking if metrics exist	{"url": "https://prometheus-poc.avax-dev.network", "query": "count({network_uuid=\"96dcbfac-da16-455f-99ab-def840269bf2\"})"}
2025-07-01T16:15:20.2073538Z    [0;0mINFO[0;0m	collected count is non-zero	{"type": "metrics", "count": 15173}
2025-07-01T16:15:20.2075719Z   < Exit [1m[DeferCleanup (All)][0m [Load Simulator] [38;5;243m- /home/runner/go/pkg/mod/github.com/ava-labs/avalanchego@v1.13.2/tests/fixture/e2e/ginkgo_test_context.go:96 @ 07/01/25 16:15:20.207 (133ms)[0m
2025-07-01T16:15:20.2078735Z   > Enter [1m[DeferCleanup (All)][0m [Load Simulator] [38;5;243m- /home/runner/go/pkg/mod/github.com/ava-labs/avalanchego@v1.13.2/tests/fixture/e2e/ginkgo_test_context.go:96 @ 07/01/25 16:15:20.207[0m
2025-07-01T16:15:20.2081732Z   < Exit [1m[DeferCleanup (All)][0m [Load Simulator] [38;5;243m- /home/runner/go/pkg/mod/github.com/ava-labs/avalanchego@v1.13.2/tests/fixture/e2e/ginkgo_test_context.go:96 @ 07/01/25 16:15:20.207 (0s)[0m
2025-07-01T16:15:20.2084318Z   > Enter [1m[DeferCleanup (All)][0m [Load Simulator] [38;5;243m- /home/runner/go/pkg/mod/github.com/ava-labs/avalanchego@v1.13.2/tests/fixture/e2e/ginkgo_test_context.go:96 @ 07/01/25 16:15:20.207[0m
2025-07-01T16:15:20.2086960Z   < Exit [1m[DeferCleanup (All)][0m [Load Simulator] [38;5;243m- /home/runner/go/pkg/mod/github.com/ava-labs/avalanchego@v1.13.2/tests/fixture/e2e/ginkgo_test_context.go:96 @ 07/01/25 16:15:20.207 (0s)[0m
2025-07-01T16:15:20.2090495Z [38;5;10m• [167.771 seconds][0m
2025-07-01T16:15:20.2091082Z [38;5;243m------------------------------[0m
2025-07-01T16:15:20.2091396Z 
2025-07-01T16:15:20.2091877Z [38;5;10m[1mRan 1 of 1 Specs in 167.771 seconds[0m
2025-07-01T16:15:20.2092946Z [38;5;10m[1mSUCCESS![0m -- [38;5;10m[1m1 Passed[0m | [38;5;9m[1m0 Failed[0m | [38;5;11m[1m0 Pending[0m | [38;5;14m[1m0 Skipped[0m
2025-07-01T16:15:20.2093685Z PASS
2025-07-01T16:15:20.2258099Z 
2025-07-01T16:15:20.2258642Z Ginkgo ran 1 suite in 3m40.012831774s
2025-07-01T16:15:20.2259133Z Test Suite Passed
2025-07-01T16:15:20.2390871Z ##[group]Run actions/upload-artifact@v4
2025-07-01T16:15:20.2391162Z with:
2025-07-01T16:15:20.2391341Z   name: load-tmpnet-data
2025-07-01T16:15:20.2391961Z   path: ~/.tmpnet/networks
~/.tmpnet/prometheus/prometheus.log
~/.tmpnet/promtail/promtail.log

2025-07-01T16:15:20.2392419Z   if-no-files-found: error
2025-07-01T16:15:20.2392638Z   compression-level: 6
2025-07-01T16:15:20.2392838Z   overwrite: false
2025-07-01T16:15:20.2393034Z   include-hidden-files: false
2025-07-01T16:15:20.2393250Z env:
2025-07-01T16:15:20.2393457Z   TMPDIR: /home/runner/work/_temp
2025-07-01T16:15:20.2393684Z ##[endgroup]
2025-07-01T16:15:20.5022101Z Multiple search paths detected. Calculating the least common ancestor of all paths
2025-07-01T16:15:20.5025234Z The least common ancestor is /home/runner/.tmpnet. This will be the root directory of the artifact
2025-07-01T16:15:20.5026202Z With the provided path, there will be 150 files uploaded
2025-07-01T16:15:20.5032002Z Artifact name is valid!
2025-07-01T16:15:20.5033131Z Root directory input is valid!
2025-07-01T16:15:20.6516551Z Beginning upload of artifact content to blob storage
2025-07-01T16:15:21.5410029Z Uploaded bytes 8388608
2025-07-01T16:15:22.0349795Z Uploaded bytes 16777216
2025-07-01T16:15:22.4508797Z Uploaded bytes 25165824
2025-07-01T16:15:22.9390995Z Uploaded bytes 33554432
2025-07-01T16:15:23.3735368Z Uploaded bytes 41943040
2025-07-01T16:15:23.6628811Z Uploaded bytes 50331648
2025-07-01T16:15:23.8241929Z Uploaded bytes 52147797
2025-07-01T16:15:23.8564996Z Finished uploading artifact content to blob storage!
2025-07-01T16:15:23.8568008Z SHA256 digest of uploaded artifact zip is ee00ace4245c15a1407c744be893f9d996e68b380a7125cf1346399125c32031
2025-07-01T16:15:23.8569486Z Finalizing artifact upload
2025-07-01T16:15:23.9458912Z Artifact load-tmpnet-data.zip successfully finalized. Artifact ID 3442472779
2025-07-01T16:15:23.9460083Z Artifact load-tmpnet-data has been successfully uploaded! Final size is 52147797 bytes. Artifact ID is 3442472779
2025-07-01T16:15:23.9467631Z Artifact download URL: https://github.com/ava-labs/subnet-evm/actions/runs/16004559474/artifacts/3442472779
