2025-07-28T18:52:44.5362435Z Current runner version: '2.326.0'
2025-07-28T18:52:44.5385094Z ##[group]Runner Image Provisioner
2025-07-28T18:52:44.5386071Z Hosted Compute Agent
2025-07-28T18:52:44.5386584Z Version: 20250711.363
2025-07-28T18:52:44.5387173Z Commit: 6785254374ce925a23743850c1cb91912ce5c14c
2025-07-28T18:52:44.5387888Z Build Date: 2025-07-11T20:04:25Z
2025-07-28T18:52:44.5388492Z ##[endgroup]
2025-07-28T18:52:44.5388980Z ##[group]Operating System
2025-07-28T18:52:44.5389571Z Ubuntu
2025-07-28T18:52:44.5390068Z 24.04.2
2025-07-28T18:52:44.5390500Z LTS
2025-07-28T18:52:44.5391033Z ##[endgroup]
2025-07-28T18:52:44.5391577Z ##[group]Runner Image
2025-07-28T18:52:44.5392439Z Image: ubuntu-24.04
2025-07-28T18:52:44.5392912Z Version: 20250720.1.0
2025-07-28T18:52:44.5393987Z Included Software: https://github.com/actions/runner-images/blob/ubuntu24/20250720.1/images/ubuntu/Ubuntu2404-Readme.md
2025-07-28T18:52:44.5395425Z Image Release: https://github.com/actions/runner-images/releases/tag/ubuntu24%2F20250720.1
2025-07-28T18:52:44.5396457Z ##[endgroup]
2025-07-28T18:52:44.5398807Z ##[group]GITHUB_TOKEN Permissions
2025-07-28T18:52:44.5401302Z Actions: write
2025-07-28T18:52:44.5401816Z Attestations: write
2025-07-28T18:52:44.5402648Z Checks: write
2025-07-28T18:52:44.5403217Z Contents: write
2025-07-28T18:52:44.5403714Z Deployments: write
2025-07-28T18:52:44.5404187Z Discussions: write
2025-07-28T18:52:44.5404772Z Issues: write
2025-07-28T18:52:44.5405211Z Metadata: read
2025-07-28T18:52:44.5405693Z Models: read
2025-07-28T18:52:44.5406220Z Packages: write
2025-07-28T18:52:44.5406688Z Pages: write
2025-07-28T18:52:44.5407179Z PullRequests: write
2025-07-28T18:52:44.5407732Z RepositoryProjects: write
2025-07-28T18:52:44.5408314Z SecurityEvents: write
2025-07-28T18:52:44.5408894Z Statuses: write
2025-07-28T18:52:44.5409456Z ##[endgroup]
2025-07-28T18:52:44.5411411Z Secret source: Actions
2025-07-28T18:52:44.5412286Z Prepare workflow directory
2025-07-28T18:52:44.5732863Z Prepare all required actions
2025-07-28T18:52:44.5769812Z Getting action download info
2025-07-28T18:52:44.8855175Z ##[group]Download immutable action package 'actions/checkout@v4'
2025-07-28T18:52:44.8856205Z Version: 4.2.2
2025-07-28T18:52:44.8857141Z Digest: sha256:ccb2698953eaebd21c7bf6268a94f9c26518a7e38e27e0b83c1fe1ad049819b1
2025-07-28T18:52:44.8858428Z Source commit SHA: 11bd71901bbe5b1630ceea73d27597364c9af683
2025-07-28T18:52:44.8859153Z ##[endgroup]
2025-07-28T18:52:45.0425080Z Complete job name: Image build
2025-07-28T18:52:45.1081117Z ##[group]Run actions/checkout@v4
2025-07-28T18:52:45.1082127Z with:
2025-07-28T18:52:45.1082570Z   repository: ava-labs/subnet-evm
2025-07-28T18:52:45.1083229Z   token: ***
2025-07-28T18:52:45.1083627Z   ssh-strict: true
2025-07-28T18:52:45.1084041Z   ssh-user: git
2025-07-28T18:52:45.1084462Z   persist-credentials: true
2025-07-28T18:52:45.1084927Z   clean: true
2025-07-28T18:52:45.1085350Z   sparse-checkout-cone-mode: true
2025-07-28T18:52:45.1085860Z   fetch-depth: 1
2025-07-28T18:52:45.1086267Z   fetch-tags: false
2025-07-28T18:52:45.1086702Z   show-progress: true
2025-07-28T18:52:45.1087145Z   lfs: false
2025-07-28T18:52:45.1087582Z   submodules: false
2025-07-28T18:52:45.1088071Z   set-safe-directory: true
2025-07-28T18:52:45.1088814Z ##[endgroup]
2025-07-28T18:52:45.2196249Z Syncing repository: ava-labs/subnet-evm
2025-07-28T18:52:45.2198903Z ##[group]Getting Git version info
2025-07-28T18:52:45.2200089Z Working directory is '/home/runner/work/subnet-evm/subnet-evm'
2025-07-28T18:52:45.2201891Z [command]/usr/bin/git version
2025-07-28T18:52:45.2229598Z git version 2.50.1
2025-07-28T18:52:45.2255945Z ##[endgroup]
2025-07-28T18:52:45.2268717Z Temporarily overriding HOME='/home/runner/work/_temp/a6bbc4dc-5d00-4326-b93d-ed385271b8ee' before making global git config changes
2025-07-28T18:52:45.2270059Z Adding repository directory to the temporary git global config as a safe directory
2025-07-28T18:52:45.2273894Z [command]/usr/bin/git config --global --add safe.directory /home/runner/work/subnet-evm/subnet-evm
2025-07-28T18:52:45.2305974Z Deleting the contents of '/home/runner/work/subnet-evm/subnet-evm'
2025-07-28T18:52:45.2309280Z ##[group]Initializing the repository
2025-07-28T18:52:45.2313474Z [command]/usr/bin/git init /home/runner/work/subnet-evm/subnet-evm
2025-07-28T18:52:45.2365845Z hint: Using 'master' as the name for the initial branch. This default branch name
2025-07-28T18:52:45.2367732Z hint: is subject to change. To configure the initial branch name to use in all
2025-07-28T18:52:45.2368923Z hint: of your new repositories, which will suppress this warning, call:
2025-07-28T18:52:45.2370125Z hint:
2025-07-28T18:52:45.2371005Z hint: 	git config --global init.defaultBranch <name>
2025-07-28T18:52:45.2372318Z hint:
2025-07-28T18:52:45.2373352Z hint: Names commonly chosen instead of 'master' are 'main', 'trunk' and
2025-07-28T18:52:45.2375026Z hint: 'development'. The just-created branch can be renamed via this command:
2025-07-28T18:52:45.2376313Z hint:
2025-07-28T18:52:45.2376991Z hint: 	git branch -m <name>
2025-07-28T18:52:45.2377798Z hint:
2025-07-28T18:52:45.2378851Z hint: Disable this message with "git config set advice.defaultBranchName false"
2025-07-28T18:52:45.2380911Z Initialized empty Git repository in /home/runner/work/subnet-evm/subnet-evm/.git/
2025-07-28T18:52:45.2383958Z [command]/usr/bin/git remote add origin https://github.com/ava-labs/subnet-evm
2025-07-28T18:52:45.2413756Z ##[endgroup]
2025-07-28T18:52:45.2415011Z ##[group]Disabling automatic garbage collection
2025-07-28T18:52:45.2418547Z [command]/usr/bin/git config --local gc.auto 0
2025-07-28T18:52:45.2447094Z ##[endgroup]
2025-07-28T18:52:45.2448361Z ##[group]Setting up auth
2025-07-28T18:52:45.2454607Z [command]/usr/bin/git config --local --name-only --get-regexp core\.sshCommand
2025-07-28T18:52:45.2484803Z [command]/usr/bin/git submodule foreach --recursive sh -c "git config --local --name-only --get-regexp 'core\.sshCommand' && git config --local --unset-all 'core.sshCommand' || :"
2025-07-28T18:52:45.2737427Z [command]/usr/bin/git config --local --name-only --get-regexp http\.https\:\/\/github\.com\/\.extraheader
2025-07-28T18:52:45.2766710Z [command]/usr/bin/git submodule foreach --recursive sh -c "git config --local --name-only --get-regexp 'http\.https\:\/\/github\.com\/\.extraheader' && git config --local --unset-all 'http.https://github.com/.extraheader' || :"
2025-07-28T18:52:45.2983598Z [command]/usr/bin/git config --local http.https://github.com/.extraheader AUTHORIZATION: basic ***
2025-07-28T18:52:45.3019012Z ##[endgroup]
2025-07-28T18:52:45.3020315Z ##[group]Fetching the repository
2025-07-28T18:52:45.3028639Z [command]/usr/bin/git -c protocol.version=2 fetch --no-tags --prune --no-recurse-submodules --depth=1 origin +740f5ebbe5df6a0c1d20e5e4bc958b48e1ed9c6b:refs/remotes/pull/1654/merge
2025-07-28T18:52:45.9329055Z From https://github.com/ava-labs/subnet-evm
2025-07-28T18:52:45.9330734Z  * [new ref]         740f5ebbe5df6a0c1d20e5e4bc958b48e1ed9c6b -> pull/1654/merge
2025-07-28T18:52:45.9356109Z ##[endgroup]
2025-07-28T18:52:45.9357081Z ##[group]Determining the checkout info
2025-07-28T18:52:45.9358335Z ##[endgroup]
2025-07-28T18:52:45.9363553Z [command]/usr/bin/git sparse-checkout disable
2025-07-28T18:52:45.9411530Z [command]/usr/bin/git config --local --unset-all extensions.worktreeConfig
2025-07-28T18:52:45.9447249Z ##[group]Checking out the ref
2025-07-28T18:52:45.9451795Z [command]/usr/bin/git checkout --progress --force refs/remotes/pull/1654/merge
2025-07-28T18:52:46.0225125Z Note: switching to 'refs/remotes/pull/1654/merge'.
2025-07-28T18:52:46.0226169Z 
2025-07-28T18:52:46.0226898Z You are in 'detached HEAD' state. You can look around, make experimental
2025-07-28T18:52:46.0228957Z changes and commit them, and you can discard any commits you make in this
2025-07-28T18:52:46.0231045Z state without impacting any branches by switching back to a branch.
2025-07-28T18:52:46.0232578Z 
2025-07-28T18:52:46.0233254Z If you want to create a new branch to retain commits you create, you may
2025-07-28T18:52:46.0234463Z do so (now or later) by using -c with the switch command. Example:
2025-07-28T18:52:46.0235462Z 
2025-07-28T18:52:46.0235701Z   git switch -c <new-branch-name>
2025-07-28T18:52:46.0236191Z 
2025-07-28T18:52:46.0236515Z Or undo this operation with:
2025-07-28T18:52:46.0237187Z 
2025-07-28T18:52:46.0237485Z   git switch -
2025-07-28T18:52:46.0237895Z 
2025-07-28T18:52:46.0238501Z Turn off this advice by setting config variable advice.detachedHead to false
2025-07-28T18:52:46.0239453Z 
2025-07-28T18:52:46.0240628Z HEAD is now at 740f5eb Merge e1a4ff2d2cc8219c93ebdfb69d7e196c62a8e3f0 into ff0ca07559e5a5dd2dfb421f4d7c66f4c4ee4046
2025-07-28T18:52:46.0244257Z ##[endgroup]
2025-07-28T18:52:46.0276254Z [command]/usr/bin/git log -1 --format=%H
2025-07-28T18:52:46.0298000Z 740f5ebbe5df6a0c1d20e5e4bc958b48e1ed9c6b
2025-07-28T18:52:46.0508411Z ##[group]Run sudo apt update
2025-07-28T18:52:46.0509273Z [36;1msudo apt update[0m
2025-07-28T18:52:46.0510163Z [36;1msudo apt -y install qemu-system qemu-user-static[0m
2025-07-28T18:52:46.0543366Z shell: /usr/bin/bash -e {0}
2025-07-28T18:52:46.0544096Z ##[endgroup]
2025-07-28T18:52:46.0763631Z 
2025-07-28T18:52:46.0764894Z WARNING: apt does not have a stable CLI interface. Use with caution in scripts.
2025-07-28T18:52:46.0766216Z 
2025-07-28T18:52:46.1294247Z Get:1 file:/etc/apt/apt-mirrors.txt Mirrorlist [144 B]
2025-07-28T18:52:46.1648547Z Hit:2 http://azure.archive.ubuntu.com/ubuntu noble InRelease
2025-07-28T18:52:46.1688667Z Get:3 http://azure.archive.ubuntu.com/ubuntu noble-updates InRelease [126 kB]
2025-07-28T18:52:46.1748455Z Get:4 http://azure.archive.ubuntu.com/ubuntu noble-backports InRelease [126 kB]
2025-07-28T18:52:46.1782183Z Get:5 http://azure.archive.ubuntu.com/ubuntu noble-security InRelease [126 kB]
2025-07-28T18:52:46.1803633Z Hit:6 https://packages.microsoft.com/repos/azure-cli noble InRelease
2025-07-28T18:52:46.1953358Z Get:7 https://packages.microsoft.com/ubuntu/24.04/prod noble InRelease [3600 B]
2025-07-28T18:52:46.3032892Z Get:8 http://azure.archive.ubuntu.com/ubuntu noble-updates/main amd64 Packages [1282 kB]
2025-07-28T18:52:46.3207122Z Get:9 http://azure.archive.ubuntu.com/ubuntu noble-updates/main Translation-en [260 kB]
2025-07-28T18:52:46.3246504Z Get:10 http://azure.archive.ubuntu.com/ubuntu noble-updates/main amd64 Components [163 kB]
2025-07-28T18:52:46.3271551Z Get:11 http://azure.archive.ubuntu.com/ubuntu noble-updates/universe amd64 Packages [1113 kB]
2025-07-28T18:52:46.3338623Z Get:12 http://azure.archive.ubuntu.com/ubuntu noble-updates/universe Translation-en [284 kB]
2025-07-28T18:52:46.3369117Z Get:13 http://azure.archive.ubuntu.com/ubuntu noble-updates/universe amd64 Components [377 kB]
2025-07-28T18:52:46.3403894Z Get:14 http://azure.archive.ubuntu.com/ubuntu noble-updates/restricted amd64 Packages [1572 kB]
2025-07-28T18:52:46.3485533Z Get:15 http://azure.archive.ubuntu.com/ubuntu noble-updates/restricted Translation-en [341 kB]
2025-07-28T18:52:46.3517599Z Get:16 http://azure.archive.ubuntu.com/ubuntu noble-updates/restricted amd64 Components [212 B]
2025-07-28T18:52:46.3531673Z Get:17 http://azure.archive.ubuntu.com/ubuntu noble-updates/multiverse amd64 Components [940 B]
2025-07-28T18:52:46.4031808Z Get:18 http://azure.archive.ubuntu.com/ubuntu noble-backports/main amd64 Components [7056 B]
2025-07-28T18:52:46.4047832Z Get:19 http://azure.archive.ubuntu.com/ubuntu noble-backports/universe amd64 Components [28.3 kB]
2025-07-28T18:52:46.4062874Z Get:20 http://azure.archive.ubuntu.com/ubuntu noble-backports/restricted amd64 Components [216 B]
2025-07-28T18:52:46.4075144Z Get:21 http://azure.archive.ubuntu.com/ubuntu noble-backports/multiverse amd64 Components [212 B]
2025-07-28T18:52:46.4160597Z Get:22 http://azure.archive.ubuntu.com/ubuntu noble-security/main amd64 Packages [1023 kB]
2025-07-28T18:52:46.4237061Z Get:23 http://azure.archive.ubuntu.com/ubuntu noble-security/main Translation-en [180 kB]
2025-07-28T18:52:46.4263862Z Get:24 http://azure.archive.ubuntu.com/ubuntu noble-security/main amd64 Components [21.5 kB]
2025-07-28T18:52:46.4285989Z Get:25 http://azure.archive.ubuntu.com/ubuntu noble-security/universe amd64 Packages [876 kB]
2025-07-28T18:52:46.4341683Z Get:26 http://azure.archive.ubuntu.com/ubuntu noble-security/universe Translation-en [193 kB]
2025-07-28T18:52:46.4371425Z Get:27 http://azure.archive.ubuntu.com/ubuntu noble-security/universe amd64 Components [52.3 kB]
2025-07-28T18:52:46.4385643Z Get:28 http://azure.archive.ubuntu.com/ubuntu noble-security/restricted amd64 Packages [1484 kB]
2025-07-28T18:52:46.4482157Z Get:29 http://azure.archive.ubuntu.com/ubuntu noble-security/restricted Translation-en [323 kB]
2025-07-28T18:52:46.4516123Z Get:30 http://azure.archive.ubuntu.com/ubuntu noble-security/restricted amd64 Components [212 B]
2025-07-28T18:52:46.4526749Z Get:31 http://azure.archive.ubuntu.com/ubuntu noble-security/multiverse amd64 Components [212 B]
2025-07-28T18:52:46.5122959Z Get:32 https://packages.microsoft.com/ubuntu/24.04/prod noble/main amd64 Packages [45.2 kB]
2025-07-28T18:52:46.5201082Z Get:33 https://packages.microsoft.com/ubuntu/24.04/prod noble/main armhf Packages [9611 B]
2025-07-28T18:52:46.5237874Z Get:34 https://packages.microsoft.com/ubuntu/24.04/prod noble/main all Packages [643 B]
2025-07-28T18:52:46.5276473Z Get:35 https://packages.microsoft.com/ubuntu/24.04/prod noble/main arm64 Packages [30.6 kB]
2025-07-28T18:52:52.9845995Z Fetched 10.0 MB in 1s (8174 kB/s)
2025-07-28T18:52:53.7157687Z Reading package lists...
2025-07-28T18:52:53.8777394Z Building dependency tree...
2025-07-28T18:52:53.8783974Z Reading state information...
2025-07-28T18:52:53.8962941Z 28 packages can be upgraded. Run 'apt list --upgradable' to see them.
2025-07-28T18:52:53.9077327Z 
2025-07-28T18:52:53.9078034Z WARNING: apt does not have a stable CLI interface. Use with caution in scripts.
2025-07-28T18:52:53.9078602Z 
2025-07-28T18:52:53.9207101Z Reading package lists...
2025-07-28T18:52:54.1096799Z Building dependency tree...
2025-07-28T18:52:54.1105046Z Reading state information...
2025-07-28T18:52:54.3208774Z The following additional packages will be installed:
2025-07-28T18:52:54.3210139Z   cpu-checker glib-networking glib-networking-common glib-networking-services
2025-07-28T18:52:54.3210865Z   gsettings-desktop-schemas gstreamer1.0-plugins-base
2025-07-28T18:52:54.3211714Z   gstreamer1.0-plugins-good gstreamer1.0-x ipxe-qemu
2025-07-28T18:52:54.3213196Z   ipxe-qemu-256k-compat-efi-roms libaa1 libasyncns0 libavc1394-0
2025-07-28T18:52:54.3214143Z   libboost-iostreams1.83.0 libboost-thread1.83.0 libbrlapi0.8 libcaca0
2025-07-28T18:52:54.3214982Z   libcacard0 libcdparanoia0 libdaxctl1 libdecor-0-0 libdecor-0-plugin-1-gtk
2025-07-28T18:52:54.3215769Z   libdv4t64 libfdt1 libflac12t64 libgstreamer-plugins-base1.0-0
2025-07-28T18:52:54.3216607Z   libgstreamer-plugins-good1.0-0 libiec61883-0 libiscsi7 libjack-jackd2-0
2025-07-28T18:52:54.3217529Z   libmp3lame0 libmpg123-0t64 libndctl6 libnfs14 libopus0 liborc-0.4-0t64
2025-07-28T18:52:54.3218299Z   libpcsclite1 libpipewire-0.3-0t64 libpipewire-0.3-common libpmem1
2025-07-28T18:52:54.3219038Z   libpmemobj1 libproxy1v5 libpulse0 librados2 libraw1394-11 librbd1
2025-07-28T18:52:54.3223903Z   librdmacm1t64 libsamplerate0 libsdl2-2.0-0 libshout3 libsndfile1
2025-07-28T18:52:54.3224657Z   libsoup-3.0-0 libsoup-3.0-common libspa-0.2-modules libspeex1
2025-07-28T18:52:54.3225354Z   libspice-server1 libtag1v5 libtag1v5-vanilla libtheora0 libtwolame0
2025-07-28T18:52:54.3226057Z   liburing2 libusbredirparser1t64 libv4l-0t64 libv4lconvert0t64
2025-07-28T18:52:54.3226762Z   libvirglrenderer1 libvisual-0.4-0 libvorbisenc2 libvpx9 libvte-2.91-0
2025-07-28T18:52:54.3227563Z   libvte-2.91-common libwavpack1 libwebrtc-audio-processing1 libxv1 msr-tools
2025-07-28T18:52:54.3228394Z   ovmf qemu-block-extra qemu-efi-aarch64 qemu-efi-arm qemu-system-arm
2025-07-28T18:52:54.3228879Z   qemu-system-common qemu-system-data qemu-system-gui qemu-system-mips
2025-07-28T18:52:54.3229327Z   qemu-system-misc qemu-system-modules-opengl qemu-system-modules-spice
2025-07-28T18:52:54.3230392Z   qemu-system-ppc qemu-system-s390x qemu-system-sparc qemu-system-x86
2025-07-28T18:52:54.3231278Z   qemu-utils seabios session-migration
2025-07-28T18:52:54.3232672Z Suggested packages:
2025-07-28T18:52:54.3233237Z   gvfs libdv-bin oss-compat libvisual-0.4-plugins jackd2 opus-tools pcscd
2025-07-28T18:52:54.3233820Z   pipewire pulseaudio libraw1394-doc speex gstreamer1.0-libav
2025-07-28T18:52:54.3234179Z   gstreamer1.0-plugins-ugly samba vde2
2025-07-28T18:52:54.3949702Z The following NEW packages will be installed:
2025-07-28T18:52:54.3950687Z   cpu-checker glib-networking glib-networking-common glib-networking-services
2025-07-28T18:52:54.3951616Z   gsettings-desktop-schemas gstreamer1.0-plugins-base
2025-07-28T18:52:54.3952593Z   gstreamer1.0-plugins-good gstreamer1.0-x ipxe-qemu
2025-07-28T18:52:54.3953972Z   ipxe-qemu-256k-compat-efi-roms libaa1 libasyncns0 libavc1394-0
2025-07-28T18:52:54.3954830Z   libboost-iostreams1.83.0 libboost-thread1.83.0 libbrlapi0.8 libcaca0
2025-07-28T18:52:54.3955695Z   libcacard0 libcdparanoia0 libdaxctl1 libdecor-0-0 libdecor-0-plugin-1-gtk
2025-07-28T18:52:54.3956536Z   libdv4t64 libfdt1 libflac12t64 libgstreamer-plugins-base1.0-0
2025-07-28T18:52:54.3957325Z   libgstreamer-plugins-good1.0-0 libiec61883-0 libiscsi7 libjack-jackd2-0
2025-07-28T18:52:54.3958195Z   libmp3lame0 libmpg123-0t64 libndctl6 libnfs14 libopus0 liborc-0.4-0t64
2025-07-28T18:52:54.3959013Z   libpcsclite1 libpipewire-0.3-0t64 libpipewire-0.3-common libpmem1
2025-07-28T18:52:54.3959815Z   libpmemobj1 libproxy1v5 libpulse0 librados2 libraw1394-11 librbd1
2025-07-28T18:52:54.3960591Z   librdmacm1t64 libsamplerate0 libsdl2-2.0-0 libshout3 libsndfile1
2025-07-28T18:52:54.3961318Z   libsoup-3.0-0 libsoup-3.0-common libspa-0.2-modules libspeex1
2025-07-28T18:52:54.3962249Z   libspice-server1 libtag1v5 libtag1v5-vanilla libtheora0 libtwolame0
2025-07-28T18:52:54.3963030Z   liburing2 libusbredirparser1t64 libv4l-0t64 libv4lconvert0t64
2025-07-28T18:52:54.3963810Z   libvirglrenderer1 libvisual-0.4-0 libvorbisenc2 libvpx9 libvte-2.91-0
2025-07-28T18:52:54.3964721Z   libvte-2.91-common libwavpack1 libwebrtc-audio-processing1 libxv1 msr-tools
2025-07-28T18:52:54.3965503Z   ovmf qemu-block-extra qemu-efi-aarch64 qemu-efi-arm qemu-system
2025-07-28T18:52:54.3966047Z   qemu-system-arm qemu-system-common qemu-system-data qemu-system-gui
2025-07-28T18:52:54.3966465Z   qemu-system-mips qemu-system-misc qemu-system-modules-opengl
2025-07-28T18:52:54.3966862Z   qemu-system-modules-spice qemu-system-ppc qemu-system-s390x
2025-07-28T18:52:54.3967287Z   qemu-system-sparc qemu-system-x86 qemu-user-static qemu-utils seabios
2025-07-28T18:52:54.3967621Z   session-migration
2025-07-28T18:52:54.4190525Z 0 upgraded, 95 newly installed, 0 to remove and 28 not upgraded.
2025-07-28T18:52:54.4515366Z Need to get 169 MB of archives.
2025-07-28T18:52:54.4516167Z After this operation, 1218 MB of additional disk space will be used.
2025-07-28T18:52:54.4516814Z Get:1 file:/etc/apt/apt-mirrors.txt Mirrorlist [144 B]
2025-07-28T18:52:54.5019889Z Get:2 http://azure.archive.ubuntu.com/ubuntu noble/main amd64 msr-tools amd64 1.3-5build1 [9610 B]
2025-07-28T18:52:54.5317837Z Get:3 http://azure.archive.ubuntu.com/ubuntu noble/main amd64 cpu-checker amd64 0.7-1.3build2 [6148 B]
2025-07-28T18:52:54.5609059Z Get:4 http://azure.archive.ubuntu.com/ubuntu noble/main amd64 libproxy1v5 amd64 0.5.4-4build1 [26.5 kB]
2025-07-28T18:52:54.5898393Z Get:5 http://azure.archive.ubuntu.com/ubuntu noble/main amd64 glib-networking-common all 2.80.0-1build1 [6702 B]
2025-07-28T18:52:54.6184522Z Get:6 http://azure.archive.ubuntu.com/ubuntu noble/main amd64 glib-networking-services amd64 2.80.0-1build1 [12.8 kB]
2025-07-28T18:52:54.6469548Z Get:7 http://azure.archive.ubuntu.com/ubuntu noble/main amd64 session-migration amd64 0.3.9build1 [9034 B]
2025-07-28T18:52:54.6754742Z Get:8 http://azure.archive.ubuntu.com/ubuntu noble-updates/main amd64 gsettings-desktop-schemas all 46.1-0ubuntu1 [35.6 kB]
2025-07-28T18:52:54.7045433Z Get:9 http://azure.archive.ubuntu.com/ubuntu noble/main amd64 glib-networking amd64 2.80.0-1build1 [64.1 kB]
2025-07-28T18:52:54.7335577Z Get:10 http://azure.archive.ubuntu.com/ubuntu noble/main amd64 libcdparanoia0 amd64 3.10.2+debian-14build3 [48.5 kB]
2025-07-28T18:52:54.7631196Z Get:11 http://azure.archive.ubuntu.com/ubuntu noble-updates/main amd64 liborc-0.4-0t64 amd64 1:0.4.38-1ubuntu0.1 [207 kB]
2025-07-28T18:52:54.7933895Z Get:12 http://azure.archive.ubuntu.com/ubuntu noble-updates/main amd64 libgstreamer-plugins-base1.0-0 amd64 1.24.2-1ubuntu0.2 [862 kB]
2025-07-28T18:52:54.8507844Z Get:13 http://azure.archive.ubuntu.com/ubuntu noble/main amd64 libopus0 amd64 1.4-1build1 [208 kB]
2025-07-28T18:52:54.8808167Z Get:14 http://azure.archive.ubuntu.com/ubuntu noble/main amd64 libtheora0 amd64 1.1.1+dfsg.1-16.1build3 [211 kB]
2025-07-28T18:52:54.9110597Z Get:15 http://azure.archive.ubuntu.com/ubuntu noble/main amd64 libvisual-0.4-0 amd64 0.4.2-2build1 [115 kB]
2025-07-28T18:52:54.9403323Z Get:16 http://azure.archive.ubuntu.com/ubuntu noble/main amd64 libvorbisenc2 amd64 1.3.7-1build3 [80.8 kB]
2025-07-28T18:52:54.9691685Z Get:17 http://azure.archive.ubuntu.com/ubuntu noble-updates/main amd64 gstreamer1.0-plugins-base amd64 1.24.2-1ubuntu0.2 [721 kB]
2025-07-28T18:52:55.0268862Z Get:18 http://azure.archive.ubuntu.com/ubuntu noble/main amd64 libaa1 amd64 1.4p5-51.1 [49.9 kB]
2025-07-28T18:52:55.0571515Z Get:19 http://azure.archive.ubuntu.com/ubuntu noble/main amd64 libraw1394-11 amd64 2.1.2-2build3 [26.2 kB]
2025-07-28T18:52:55.1323192Z Get:20 http://azure.archive.ubuntu.com/ubuntu noble/main amd64 libavc1394-0 amd64 0.5.4-5build3 [15.4 kB]
2025-07-28T18:52:55.1608292Z Get:21 http://azure.archive.ubuntu.com/ubuntu noble/main amd64 libcaca0 amd64 0.99.beta20-4build2 [208 kB]
2025-07-28T18:52:55.1925255Z Get:22 http://azure.archive.ubuntu.com/ubuntu noble/main amd64 libdv4t64 amd64 1.0.0-17.1build1 [63.2 kB]
2025-07-28T18:52:55.2220197Z Get:23 http://azure.archive.ubuntu.com/ubuntu noble/main amd64 libflac12t64 amd64 1.4.3+ds-2.1ubuntu2 [197 kB]
2025-07-28T18:52:55.2518534Z Get:24 http://azure.archive.ubuntu.com/ubuntu noble-updates/main amd64 libgstreamer-plugins-good1.0-0 amd64 1.24.2-1ubuntu1.1 [32.9 kB]
2025-07-28T18:52:55.2861070Z Get:25 http://azure.archive.ubuntu.com/ubuntu noble/main amd64 libiec61883-0 amd64 1.2.0-6build1 [24.5 kB]
2025-07-28T18:52:55.3143078Z Get:26 http://azure.archive.ubuntu.com/ubuntu noble/main amd64 libmp3lame0 amd64 3.100-6build1 [142 kB]
2025-07-28T18:52:55.3446970Z Get:27 http://azure.archive.ubuntu.com/ubuntu noble-updates/main amd64 libmpg123-0t64 amd64 1.32.5-1ubuntu1.1 [169 kB]
2025-07-28T18:52:55.3749773Z Get:28 http://azure.archive.ubuntu.com/ubuntu noble/main amd64 libasyncns0 amd64 0.8-6build4 [11.3 kB]
2025-07-28T18:52:55.4036588Z Get:29 http://azure.archive.ubuntu.com/ubuntu noble-updates/main amd64 libsndfile1 amd64 1.2.2-1ubuntu5.24.04.1 [209 kB]
2025-07-28T18:52:55.4342239Z Get:30 http://azure.archive.ubuntu.com/ubuntu noble-updates/main amd64 libpulse0 amd64 1:16.1+dfsg1-2ubuntu10.1 [292 kB]
2025-07-28T18:52:55.4651887Z Get:31 http://azure.archive.ubuntu.com/ubuntu noble-updates/main amd64 libspeex1 amd64 1.2.1-2ubuntu2.24.04.1 [59.6 kB]
2025-07-28T18:52:55.4939687Z Get:32 http://azure.archive.ubuntu.com/ubuntu noble/main amd64 libshout3 amd64 2.4.6-1build2 [50.3 kB]
2025-07-28T18:52:55.5240648Z Get:33 http://azure.archive.ubuntu.com/ubuntu noble/main amd64 libtag1v5-vanilla amd64 1.13.1-1build1 [326 kB]
2025-07-28T18:52:55.5555811Z Get:34 http://azure.archive.ubuntu.com/ubuntu noble/main amd64 libtag1v5 amd64 1.13.1-1build1 [11.7 kB]
2025-07-28T18:52:55.5845133Z Get:35 http://azure.archive.ubuntu.com/ubuntu noble/main amd64 libtwolame0 amd64 0.4.0-2build3 [52.3 kB]
2025-07-28T18:52:55.6128902Z Get:36 http://azure.archive.ubuntu.com/ubuntu noble/main amd64 libv4lconvert0t64 amd64 1.26.1-4build3 [87.6 kB]
2025-07-28T18:52:55.6417445Z Get:37 http://azure.archive.ubuntu.com/ubuntu noble/main amd64 libv4l-0t64 amd64 1.26.1-4build3 [46.9 kB]
2025-07-28T18:52:55.6704059Z Get:38 http://azure.archive.ubuntu.com/ubuntu noble-updates/main amd64 libvpx9 amd64 1.14.0-1ubuntu2.2 [1143 kB]
2025-07-28T18:52:55.7783190Z Get:39 http://azure.archive.ubuntu.com/ubuntu noble/main amd64 libwavpack1 amd64 5.6.0-1build1 [84.6 kB]
2025-07-28T18:52:55.8071720Z Get:40 http://azure.archive.ubuntu.com/ubuntu noble-updates/main amd64 libsoup-3.0-common all 3.4.4-5ubuntu0.5 [11.3 kB]
2025-07-28T18:52:55.8410097Z Get:41 http://azure.archive.ubuntu.com/ubuntu noble-updates/main amd64 libsoup-3.0-0 amd64 3.4.4-5ubuntu0.5 [291 kB]
2025-07-28T18:52:55.8720632Z Get:42 http://azure.archive.ubuntu.com/ubuntu noble-updates/main amd64 gstreamer1.0-plugins-good amd64 1.24.2-1ubuntu1.1 [2238 kB]
2025-07-28T18:52:55.9743495Z Get:43 http://azure.archive.ubuntu.com/ubuntu noble/main amd64 libxv1 amd64 2:1.0.11-1.1build1 [10.7 kB]
2025-07-28T18:52:56.0029469Z Get:44 http://azure.archive.ubuntu.com/ubuntu noble-updates/main amd64 gstreamer1.0-x amd64 1.24.2-1ubuntu0.2 [85.0 kB]
2025-07-28T18:52:56.0320203Z Get:45 http://azure.archive.ubuntu.com/ubuntu noble/main amd64 ipxe-qemu all 1.21.1+git-20220113.fbbdc3926-0ubuntu2 [1565 kB]
2025-07-28T18:52:56.1167343Z Get:46 http://azure.archive.ubuntu.com/ubuntu noble/main amd64 ipxe-qemu-256k-compat-efi-roms all 1.0.0+git-20150424.a25a16d-0ubuntu5 [548 kB]
2025-07-28T18:52:56.1727890Z Get:47 http://azure.archive.ubuntu.com/ubuntu noble-updates/main amd64 libboost-iostreams1.83.0 amd64 1.83.0-2.1ubuntu3.1 [259 kB]
2025-07-28T18:52:56.2028053Z Get:48 http://azure.archive.ubuntu.com/ubuntu noble-updates/main amd64 libboost-thread1.83.0 amd64 1.83.0-2.1ubuntu3.1 [276 kB]
2025-07-28T18:52:56.2334332Z Get:49 http://azure.archive.ubuntu.com/ubuntu noble/main amd64 libbrlapi0.8 amd64 6.6-4ubuntu5 [31.4 kB]
2025-07-28T18:52:56.2620230Z Get:50 http://azure.archive.ubuntu.com/ubuntu noble/main amd64 libpcsclite1 amd64 2.0.3-1build1 [21.4 kB]
2025-07-28T18:52:56.2916928Z Get:51 http://azure.archive.ubuntu.com/ubuntu noble/main amd64 libcacard0 amd64 1:2.8.0-3build4 [36.5 kB]
2025-07-28T18:52:56.3213171Z Get:52 http://azure.archive.ubuntu.com/ubuntu noble/main amd64 libdaxctl1 amd64 77-2ubuntu2 [21.4 kB]
2025-07-28T18:52:56.3497738Z Get:53 http://azure.archive.ubuntu.com/ubuntu noble/main amd64 libdecor-0-0 amd64 0.2.2-1build2 [16.5 kB]
2025-07-28T18:52:56.3780870Z Get:54 http://azure.archive.ubuntu.com/ubuntu noble/main amd64 libdecor-0-plugin-1-gtk amd64 0.2.2-1build2 [22.2 kB]
2025-07-28T18:52:56.4067789Z Get:55 http://azure.archive.ubuntu.com/ubuntu noble-updates/main amd64 librdmacm1t64 amd64 50.0-2ubuntu0.2 [70.7 kB]
2025-07-28T18:52:56.4516282Z Get:56 http://azure.archive.ubuntu.com/ubuntu noble/main amd64 libiscsi7 amd64 1.19.0-3build4 [68.7 kB]
2025-07-28T18:52:56.5260704Z Get:57 http://azure.archive.ubuntu.com/ubuntu noble/main amd64 libsamplerate0 amd64 0.2.2-4build1 [1344 kB]
2025-07-28T18:52:56.6191342Z Get:58 http://azure.archive.ubuntu.com/ubuntu noble/main amd64 libjack-jackd2-0 amd64 1.9.21~dfsg-3ubuntu3 [289 kB]
2025-07-28T18:52:56.6513003Z Get:59 http://azure.archive.ubuntu.com/ubuntu noble/main amd64 libndctl6 amd64 77-2ubuntu2 [62.8 kB]
2025-07-28T18:52:56.6802445Z Get:60 http://azure.archive.ubuntu.com/ubuntu noble/main amd64 libnfs14 amd64 5.0.2-1build1 [109 kB]
2025-07-28T18:52:56.7096015Z Get:61 http://azure.archive.ubuntu.com/ubuntu noble/main amd64 libwebrtc-audio-processing1 amd64 0.3.1-0ubuntu6 [290 kB]
2025-07-28T18:52:56.7397188Z Get:62 http://azure.archive.ubuntu.com/ubuntu noble-updates/main amd64 libspa-0.2-modules amd64 1.0.5-1ubuntu3.1 [626 kB]
2025-07-28T18:52:56.7954701Z Get:63 http://azure.archive.ubuntu.com/ubuntu noble-updates/main amd64 libpipewire-0.3-0t64 amd64 1.0.5-1ubuntu3.1 [252 kB]
2025-07-28T18:52:56.8257022Z Get:64 http://azure.archive.ubuntu.com/ubuntu noble-updates/main amd64 libpipewire-0.3-common all 1.0.5-1ubuntu3.1 [18.9 kB]
2025-07-28T18:52:56.8541863Z Get:65 http://azure.archive.ubuntu.com/ubuntu noble/main amd64 libpmem1 amd64 1.13.1-1.1ubuntu2 [84.8 kB]
2025-07-28T18:52:56.8828361Z Get:66 http://azure.archive.ubuntu.com/ubuntu noble/main amd64 libpmemobj1 amd64 1.13.1-1.1ubuntu2 [116 kB]
2025-07-28T18:52:56.9128765Z Get:67 http://azure.archive.ubuntu.com/ubuntu noble-updates/main amd64 librados2 amd64 19.2.1-0ubuntu0.24.04.2 [4042 kB]
2025-07-28T18:52:57.0567785Z Get:68 http://azure.archive.ubuntu.com/ubuntu noble-updates/main amd64 librbd1 amd64 19.2.1-0ubuntu0.24.04.2 [3511 kB]
2025-07-28T18:52:57.1979339Z Get:69 http://azure.archive.ubuntu.com/ubuntu noble-updates/main amd64 libsdl2-2.0-0 amd64 2.30.0+dfsg-1ubuntu3.1 [686 kB]
2025-07-28T18:52:57.2543906Z Get:70 http://azure.archive.ubuntu.com/ubuntu noble/main amd64 libspice-server1 amd64 0.15.1-1build2 [349 kB]
2025-07-28T18:52:57.2858872Z Get:71 http://azure.archive.ubuntu.com/ubuntu noble/main amd64 liburing2 amd64 2.5-1build1 [21.1 kB]
2025-07-28T18:52:57.3146289Z Get:72 http://azure.archive.ubuntu.com/ubuntu noble/main amd64 libusbredirparser1t64 amd64 0.13.0-2.1build1 [16.5 kB]
2025-07-28T18:52:57.3436383Z Get:73 http://azure.archive.ubuntu.com/ubuntu noble/main amd64 libvirglrenderer1 amd64 1.0.0-1ubuntu2 [226 kB]
2025-07-28T18:52:57.3741177Z Get:74 http://azure.archive.ubuntu.com/ubuntu noble-updates/main amd64 libvte-2.91-common amd64 0.76.0-1ubuntu0.1 [13.5 kB]
2025-07-28T18:52:57.4473817Z Get:75 http://azure.archive.ubuntu.com/ubuntu noble-updates/main amd64 libvte-2.91-0 amd64 0.76.0-1ubuntu0.1 [230 kB]
2025-07-28T18:52:57.4874495Z Get:76 http://azure.archive.ubuntu.com/ubuntu noble/main amd64 libfdt1 amd64 1.7.0-2build1 [20.1 kB]
2025-07-28T18:52:57.5169190Z Get:77 http://azure.archive.ubuntu.com/ubuntu noble-updates/main amd64 qemu-system-common amd64 1:8.2.2+ds-0ubuntu1.8 [1253 kB]
2025-07-28T18:52:57.6042689Z Get:78 http://azure.archive.ubuntu.com/ubuntu noble-updates/main amd64 qemu-system-data all 1:8.2.2+ds-0ubuntu1.8 [1794 kB]
2025-07-28T18:52:57.7221164Z Get:79 http://azure.archive.ubuntu.com/ubuntu noble/main amd64 seabios all 1.16.3-2 [175 kB]
2025-07-28T18:52:57.7640306Z Get:80 http://azure.archive.ubuntu.com/ubuntu noble-updates/main amd64 qemu-system-x86 amd64 1:8.2.2+ds-0ubuntu1.8 [11.2 MB]
2025-07-28T18:52:58.0273853Z Get:81 http://azure.archive.ubuntu.com/ubuntu noble-updates/main amd64 qemu-system-sparc amd64 1:8.2.2+ds-0ubuntu1.8 [6312 kB]
2025-07-28T18:52:58.2464145Z Get:82 http://azure.archive.ubuntu.com/ubuntu noble-updates/main amd64 qemu-system-s390x amd64 1:8.2.2+ds-0ubuntu1.8 [3434 kB]
2025-07-28T18:52:58.3744693Z Get:83 http://azure.archive.ubuntu.com/ubuntu noble-updates/main amd64 qemu-system-ppc amd64 1:8.2.2+ds-0ubuntu1.8 [9109 kB]
2025-07-28T18:52:58.6286773Z Get:84 http://azure.archive.ubuntu.com/ubuntu noble-updates/main amd64 qemu-system-misc amd64 1:8.2.2+ds-0ubuntu1.8 [57.7 MB]
2025-07-28T18:52:59.7035551Z Get:85 http://azure.archive.ubuntu.com/ubuntu noble-updates/main amd64 qemu-system-mips amd64 1:8.2.2+ds-0ubuntu1.8 [16.3 MB]
2025-07-28T18:53:00.1908861Z Get:86 http://azure.archive.ubuntu.com/ubuntu noble-updates/main amd64 qemu-system-arm amd64 1:8.2.2+ds-0ubuntu1.8 [10.9 MB]
2025-07-28T18:53:00.4533971Z Get:87 http://azure.archive.ubuntu.com/ubuntu noble-updates/main amd64 qemu-utils amd64 1:8.2.2+ds-0ubuntu1.8 [2220 kB]
2025-07-28T18:53:00.5697210Z Get:88 http://azure.archive.ubuntu.com/ubuntu noble-updates/main amd64 qemu-block-extra amd64 1:8.2.2+ds-0ubuntu1.8 [111 kB]
2025-07-28T18:53:00.6095546Z Get:89 http://azure.archive.ubuntu.com/ubuntu noble-updates/main amd64 qemu-system amd64 1:8.2.2+ds-0ubuntu1.8 [56.4 kB]
2025-07-28T18:53:00.6399369Z Get:90 http://azure.archive.ubuntu.com/ubuntu noble-updates/main amd64 qemu-system-modules-opengl amd64 1:8.2.2+ds-0ubuntu1.8 [184 kB]
2025-07-28T18:53:00.6716339Z Get:91 http://azure.archive.ubuntu.com/ubuntu noble-updates/main amd64 qemu-system-gui amd64 1:8.2.2+ds-0ubuntu1.8 [314 kB]
2025-07-28T18:53:00.7052355Z Get:92 http://azure.archive.ubuntu.com/ubuntu noble-updates/main amd64 qemu-system-modules-spice amd64 1:8.2.2+ds-0ubuntu1.8 [70.2 kB]
2025-07-28T18:53:00.7359346Z Get:93 http://azure.archive.ubuntu.com/ubuntu noble-updates/universe amd64 qemu-user-static amd64 1:8.2.2+ds-0ubuntu1.8 [14.7 MB]
2025-07-28T18:53:01.0715500Z Get:94 http://azure.archive.ubuntu.com/ubuntu noble-updates/main amd64 ovmf all 2024.02-2ubuntu0.4 [4571 kB]
2025-07-28T18:53:01.2381225Z Get:95 http://azure.archive.ubuntu.com/ubuntu noble-updates/main amd64 qemu-efi-aarch64 all 2024.02-2ubuntu0.4 [4095 kB]
2025-07-28T18:53:01.3818329Z Get:96 http://azure.archive.ubuntu.com/ubuntu noble-updates/main amd64 qemu-efi-arm all 2024.02-2ubuntu0.4 [774 kB]
2025-07-28T18:53:01.7510417Z Fetched 169 MB in 7s (24.2 MB/s)
2025-07-28T18:53:01.7753544Z Selecting previously unselected package msr-tools.
2025-07-28T18:53:01.7936940Z (Reading database ... 
2025-07-28T18:53:01.7937415Z (Reading database ... 5%
2025-07-28T18:53:01.7937847Z (Reading database ... 10%
2025-07-28T18:53:01.7938272Z (Reading database ... 15%
2025-07-28T18:53:01.7938677Z (Reading database ... 20%
2025-07-28T18:53:01.7939719Z (Reading database ... 25%
2025-07-28T18:53:01.7940451Z (Reading database ... 30%
2025-07-28T18:53:01.7940880Z (Reading database ... 35%
2025-07-28T18:53:01.7941283Z (Reading database ... 40%
2025-07-28T18:53:01.7941857Z (Reading database ... 45%
2025-07-28T18:53:01.7942446Z (Reading database ... 50%
2025-07-28T18:53:01.8002640Z (Reading database ... 55%
2025-07-28T18:53:01.8125204Z (Reading database ... 60%
2025-07-28T18:53:01.8249672Z (Reading database ... 65%
2025-07-28T18:53:01.8473864Z (Reading database ... 70%
2025-07-28T18:53:01.8617087Z (Reading database ... 75%
2025-07-28T18:53:01.8906685Z (Reading database ... 80%
2025-07-28T18:53:01.9081697Z (Reading database ... 85%
2025-07-28T18:53:01.9487996Z (Reading database ... 90%
2025-07-28T18:53:01.9712351Z (Reading database ... 95%
2025-07-28T18:53:01.9712734Z (Reading database ... 100%
2025-07-28T18:53:01.9713171Z (Reading database ... 219605 files and directories currently installed.)
2025-07-28T18:53:01.9756792Z Preparing to unpack .../00-msr-tools_1.3-5build1_amd64.deb ...
2025-07-28T18:53:01.9787929Z Unpacking msr-tools (1.3-5build1) ...
2025-07-28T18:53:02.0019385Z Selecting previously unselected package cpu-checker.
2025-07-28T18:53:02.0156459Z Preparing to unpack .../01-cpu-checker_0.7-1.3build2_amd64.deb ...
2025-07-28T18:53:02.0165718Z Unpacking cpu-checker (0.7-1.3build2) ...
2025-07-28T18:53:02.0394537Z Selecting previously unselected package libproxy1v5:amd64.
2025-07-28T18:53:02.0532441Z Preparing to unpack .../02-libproxy1v5_0.5.4-4build1_amd64.deb ...
2025-07-28T18:53:02.0553464Z Unpacking libproxy1v5:amd64 (0.5.4-4build1) ...
2025-07-28T18:53:02.0774424Z Selecting previously unselected package glib-networking-common.
2025-07-28T18:53:02.0912688Z Preparing to unpack .../03-glib-networking-common_2.80.0-1build1_all.deb ...
2025-07-28T18:53:02.0922562Z Unpacking glib-networking-common (2.80.0-1build1) ...
2025-07-28T18:53:02.1126041Z Selecting previously unselected package glib-networking-services.
2025-07-28T18:53:02.1263912Z Preparing to unpack .../04-glib-networking-services_2.80.0-1build1_amd64.deb ...
2025-07-28T18:53:02.1274210Z Unpacking glib-networking-services (2.80.0-1build1) ...
2025-07-28T18:53:02.1496796Z Selecting previously unselected package session-migration.
2025-07-28T18:53:02.1633990Z Preparing to unpack .../05-session-migration_0.3.9build1_amd64.deb ...
2025-07-28T18:53:02.1643053Z Unpacking session-migration (0.3.9build1) ...
2025-07-28T18:53:02.1871039Z Selecting previously unselected package gsettings-desktop-schemas.
2025-07-28T18:53:02.2007801Z Preparing to unpack .../06-gsettings-desktop-schemas_46.1-0ubuntu1_all.deb ...
2025-07-28T18:53:02.2018913Z Unpacking gsettings-desktop-schemas (46.1-0ubuntu1) ...
2025-07-28T18:53:02.2316558Z Selecting previously unselected package glib-networking:amd64.
2025-07-28T18:53:02.2453330Z Preparing to unpack .../07-glib-networking_2.80.0-1build1_amd64.deb ...
2025-07-28T18:53:02.2463268Z Unpacking glib-networking:amd64 (2.80.0-1build1) ...
2025-07-28T18:53:02.2688286Z Selecting previously unselected package libcdparanoia0:amd64.
2025-07-28T18:53:02.2824247Z Preparing to unpack .../08-libcdparanoia0_3.10.2+debian-14build3_amd64.deb ...
2025-07-28T18:53:02.2835719Z Unpacking libcdparanoia0:amd64 (3.10.2+debian-14build3) ...
2025-07-28T18:53:02.3066217Z Selecting previously unselected package liborc-0.4-0t64:amd64.
2025-07-28T18:53:02.3201350Z Preparing to unpack .../09-liborc-0.4-0t64_1%3a0.4.38-1ubuntu0.1_amd64.deb ...
2025-07-28T18:53:02.3211051Z Unpacking liborc-0.4-0t64:amd64 (1:0.4.38-1ubuntu0.1) ...
2025-07-28T18:53:02.3480649Z Selecting previously unselected package libgstreamer-plugins-base1.0-0:amd64.
2025-07-28T18:53:02.3693021Z Preparing to unpack .../10-libgstreamer-plugins-base1.0-0_1.24.2-1ubuntu0.2_amd64.deb ...
2025-07-28T18:53:02.3693938Z Unpacking libgstreamer-plugins-base1.0-0:amd64 (1.24.2-1ubuntu0.2) ...
2025-07-28T18:53:02.3994753Z Selecting previously unselected package libopus0:amd64.
2025-07-28T18:53:02.4131106Z Preparing to unpack .../11-libopus0_1.4-1build1_amd64.deb ...
2025-07-28T18:53:02.4141803Z Unpacking libopus0:amd64 (1.4-1build1) ...
2025-07-28T18:53:02.4400487Z Selecting previously unselected package libtheora0:amd64.
2025-07-28T18:53:02.4539868Z Preparing to unpack .../12-libtheora0_1.1.1+dfsg.1-16.1build3_amd64.deb ...
2025-07-28T18:53:02.4552365Z Unpacking libtheora0:amd64 (1.1.1+dfsg.1-16.1build3) ...
2025-07-28T18:53:02.4813495Z Selecting previously unselected package libvisual-0.4-0:amd64.
2025-07-28T18:53:02.4951599Z Preparing to unpack .../13-libvisual-0.4-0_0.4.2-2build1_amd64.deb ...
2025-07-28T18:53:02.4962259Z Unpacking libvisual-0.4-0:amd64 (0.4.2-2build1) ...
2025-07-28T18:53:02.5218698Z Selecting previously unselected package libvorbisenc2:amd64.
2025-07-28T18:53:02.5357533Z Preparing to unpack .../14-libvorbisenc2_1.3.7-1build3_amd64.deb ...
2025-07-28T18:53:02.5380156Z Unpacking libvorbisenc2:amd64 (1.3.7-1build3) ...
2025-07-28T18:53:02.5626689Z Selecting previously unselected package gstreamer1.0-plugins-base:amd64.
2025-07-28T18:53:02.5786484Z Preparing to unpack .../15-gstreamer1.0-plugins-base_1.24.2-1ubuntu0.2_amd64.deb ...
2025-07-28T18:53:02.5796880Z Unpacking gstreamer1.0-plugins-base:amd64 (1.24.2-1ubuntu0.2) ...
2025-07-28T18:53:02.6138043Z Selecting previously unselected package libaa1:amd64.
2025-07-28T18:53:02.6274928Z Preparing to unpack .../16-libaa1_1.4p5-51.1_amd64.deb ...
2025-07-28T18:53:02.6285356Z Unpacking libaa1:amd64 (1.4p5-51.1) ...
2025-07-28T18:53:02.6510543Z Selecting previously unselected package libraw1394-11:amd64.
2025-07-28T18:53:02.6647224Z Preparing to unpack .../17-libraw1394-11_2.1.2-2build3_amd64.deb ...
2025-07-28T18:53:02.6657141Z Unpacking libraw1394-11:amd64 (2.1.2-2build3) ...
2025-07-28T18:53:02.6887631Z Selecting previously unselected package libavc1394-0:amd64.
2025-07-28T18:53:02.7027550Z Preparing to unpack .../18-libavc1394-0_0.5.4-5build3_amd64.deb ...
2025-07-28T18:53:02.7039105Z Unpacking libavc1394-0:amd64 (0.5.4-5build3) ...
2025-07-28T18:53:02.7266909Z Selecting previously unselected package libcaca0:amd64.
2025-07-28T18:53:02.7407369Z Preparing to unpack .../19-libcaca0_0.99.beta20-4build2_amd64.deb ...
2025-07-28T18:53:02.7419859Z Unpacking libcaca0:amd64 (0.99.beta20-4build2) ...
2025-07-28T18:53:02.7701417Z Selecting previously unselected package libdv4t64:amd64.
2025-07-28T18:53:02.7838557Z Preparing to unpack .../20-libdv4t64_1.0.0-17.1build1_amd64.deb ...
2025-07-28T18:53:02.7848930Z Unpacking libdv4t64:amd64 (1.0.0-17.1build1) ...
2025-07-28T18:53:02.8109257Z Selecting previously unselected package libflac12t64:amd64.
2025-07-28T18:53:02.8245621Z Preparing to unpack .../21-libflac12t64_1.4.3+ds-2.1ubuntu2_amd64.deb ...
2025-07-28T18:53:02.8255976Z Unpacking libflac12t64:amd64 (1.4.3+ds-2.1ubuntu2) ...
2025-07-28T18:53:02.8495069Z Selecting previously unselected package libgstreamer-plugins-good1.0-0:amd64.
2025-07-28T18:53:02.8632970Z Preparing to unpack .../22-libgstreamer-plugins-good1.0-0_1.24.2-1ubuntu1.1_amd64.deb ...
2025-07-28T18:53:02.8643859Z Unpacking libgstreamer-plugins-good1.0-0:amd64 (1.24.2-1ubuntu1.1) ...
2025-07-28T18:53:02.8883452Z Selecting previously unselected package libiec61883-0:amd64.
2025-07-28T18:53:02.9019476Z Preparing to unpack .../23-libiec61883-0_1.2.0-6build1_amd64.deb ...
2025-07-28T18:53:02.9030746Z Unpacking libiec61883-0:amd64 (1.2.0-6build1) ...
2025-07-28T18:53:02.9261118Z Selecting previously unselected package libmp3lame0:amd64.
2025-07-28T18:53:02.9397827Z Preparing to unpack .../24-libmp3lame0_3.100-6build1_amd64.deb ...
2025-07-28T18:53:02.9407975Z Unpacking libmp3lame0:amd64 (3.100-6build1) ...
2025-07-28T18:53:02.9651134Z Selecting previously unselected package libmpg123-0t64:amd64.
2025-07-28T18:53:02.9788253Z Preparing to unpack .../25-libmpg123-0t64_1.32.5-1ubuntu1.1_amd64.deb ...
2025-07-28T18:53:02.9799305Z Unpacking libmpg123-0t64:amd64 (1.32.5-1ubuntu1.1) ...
2025-07-28T18:53:03.0058607Z Selecting previously unselected package libasyncns0:amd64.
2025-07-28T18:53:03.0195578Z Preparing to unpack .../26-libasyncns0_0.8-6build4_amd64.deb ...
2025-07-28T18:53:03.0207192Z Unpacking libasyncns0:amd64 (0.8-6build4) ...
2025-07-28T18:53:03.0435524Z Selecting previously unselected package libsndfile1:amd64.
2025-07-28T18:53:03.0576192Z Preparing to unpack .../27-libsndfile1_1.2.2-1ubuntu5.24.04.1_amd64.deb ...
2025-07-28T18:53:03.0586883Z Unpacking libsndfile1:amd64 (1.2.2-1ubuntu5.24.04.1) ...
2025-07-28T18:53:03.0877152Z Selecting previously unselected package libpulse0:amd64.
2025-07-28T18:53:03.1015286Z Preparing to unpack .../28-libpulse0_1%3a16.1+dfsg1-2ubuntu10.1_amd64.deb ...
2025-07-28T18:53:03.1087454Z Unpacking libpulse0:amd64 (1:16.1+dfsg1-2ubuntu10.1) ...
2025-07-28T18:53:03.1355036Z Selecting previously unselected package libspeex1:amd64.
2025-07-28T18:53:03.1491300Z Preparing to unpack .../29-libspeex1_1.2.1-2ubuntu2.24.04.1_amd64.deb ...
2025-07-28T18:53:03.1500783Z Unpacking libspeex1:amd64 (1.2.1-2ubuntu2.24.04.1) ...
2025-07-28T18:53:03.1729964Z Selecting previously unselected package libshout3:amd64.
2025-07-28T18:53:03.1866500Z Preparing to unpack .../30-libshout3_2.4.6-1build2_amd64.deb ...
2025-07-28T18:53:03.1879055Z Unpacking libshout3:amd64 (2.4.6-1build2) ...
2025-07-28T18:53:03.2124140Z Selecting previously unselected package libtag1v5-vanilla:amd64.
2025-07-28T18:53:03.2263157Z Preparing to unpack .../31-libtag1v5-vanilla_1.13.1-1build1_amd64.deb ...
2025-07-28T18:53:03.2273389Z Unpacking libtag1v5-vanilla:amd64 (1.13.1-1build1) ...
2025-07-28T18:53:03.2540770Z Selecting previously unselected package libtag1v5:amd64.
2025-07-28T18:53:03.2677215Z Preparing to unpack .../32-libtag1v5_1.13.1-1build1_amd64.deb ...
2025-07-28T18:53:03.2688939Z Unpacking libtag1v5:amd64 (1.13.1-1build1) ...
2025-07-28T18:53:03.2911244Z Selecting previously unselected package libtwolame0:amd64.
2025-07-28T18:53:03.3048020Z Preparing to unpack .../33-libtwolame0_0.4.0-2build3_amd64.deb ...
2025-07-28T18:53:03.3059176Z Unpacking libtwolame0:amd64 (0.4.0-2build3) ...
2025-07-28T18:53:03.3303393Z Selecting previously unselected package libv4lconvert0t64:amd64.
2025-07-28T18:53:03.3439741Z Preparing to unpack .../34-libv4lconvert0t64_1.26.1-4build3_amd64.deb ...
2025-07-28T18:53:03.3449960Z Unpacking libv4lconvert0t64:amd64 (1.26.1-4build3) ...
2025-07-28T18:53:03.3690848Z Selecting previously unselected package libv4l-0t64:amd64.
2025-07-28T18:53:03.3828623Z Preparing to unpack .../35-libv4l-0t64_1.26.1-4build3_amd64.deb ...
2025-07-28T18:53:03.3839521Z Unpacking libv4l-0t64:amd64 (1.26.1-4build3) ...
2025-07-28T18:53:03.4091433Z Selecting previously unselected package libvpx9:amd64.
2025-07-28T18:53:03.4228369Z Preparing to unpack .../36-libvpx9_1.14.0-1ubuntu2.2_amd64.deb ...
2025-07-28T18:53:03.4241044Z Unpacking libvpx9:amd64 (1.14.0-1ubuntu2.2) ...
2025-07-28T18:53:03.4601181Z Selecting previously unselected package libwavpack1:amd64.
2025-07-28T18:53:03.4739329Z Preparing to unpack .../37-libwavpack1_5.6.0-1build1_amd64.deb ...
2025-07-28T18:53:03.4750799Z Unpacking libwavpack1:amd64 (5.6.0-1build1) ...
2025-07-28T18:53:03.4976499Z Selecting previously unselected package libsoup-3.0-common.
2025-07-28T18:53:03.5114821Z Preparing to unpack .../38-libsoup-3.0-common_3.4.4-5ubuntu0.5_all.deb ...
2025-07-28T18:53:03.5125944Z Unpacking libsoup-3.0-common (3.4.4-5ubuntu0.5) ...
2025-07-28T18:53:03.5341130Z Selecting previously unselected package libsoup-3.0-0:amd64.
2025-07-28T18:53:03.5479481Z Preparing to unpack .../39-libsoup-3.0-0_3.4.4-5ubuntu0.5_amd64.deb ...
2025-07-28T18:53:03.5490648Z Unpacking libsoup-3.0-0:amd64 (3.4.4-5ubuntu0.5) ...
2025-07-28T18:53:03.5735649Z Selecting previously unselected package gstreamer1.0-plugins-good:amd64.
2025-07-28T18:53:03.5872724Z Preparing to unpack .../40-gstreamer1.0-plugins-good_1.24.2-1ubuntu1.1_amd64.deb ...
2025-07-28T18:53:03.5884138Z Unpacking gstreamer1.0-plugins-good:amd64 (1.24.2-1ubuntu1.1) ...
2025-07-28T18:53:03.6467091Z Selecting previously unselected package libxv1:amd64.
2025-07-28T18:53:03.6608232Z Preparing to unpack .../41-libxv1_2%3a1.0.11-1.1build1_amd64.deb ...
2025-07-28T18:53:03.6620045Z Unpacking libxv1:amd64 (2:1.0.11-1.1build1) ...
2025-07-28T18:53:03.6837663Z Selecting previously unselected package gstreamer1.0-x:amd64.
2025-07-28T18:53:03.6976257Z Preparing to unpack .../42-gstreamer1.0-x_1.24.2-1ubuntu0.2_amd64.deb ...
2025-07-28T18:53:03.6986295Z Unpacking gstreamer1.0-x:amd64 (1.24.2-1ubuntu0.2) ...
2025-07-28T18:53:03.7219534Z Selecting previously unselected package ipxe-qemu.
2025-07-28T18:53:03.7360786Z Preparing to unpack .../43-ipxe-qemu_1.21.1+git-20220113.fbbdc3926-0ubuntu2_all.deb ...
2025-07-28T18:53:03.7371625Z Unpacking ipxe-qemu (1.21.1+git-20220113.fbbdc3926-0ubuntu2) ...
2025-07-28T18:53:03.7754157Z Selecting previously unselected package ipxe-qemu-256k-compat-efi-roms.
2025-07-28T18:53:03.7891186Z Preparing to unpack .../44-ipxe-qemu-256k-compat-efi-roms_1.0.0+git-20150424.a25a16d-0ubuntu5_all.deb ...
2025-07-28T18:53:03.7901307Z Unpacking ipxe-qemu-256k-compat-efi-roms (1.0.0+git-20150424.a25a16d-0ubuntu5) ...
2025-07-28T18:53:03.8167230Z Selecting previously unselected package libboost-iostreams1.83.0:amd64.
2025-07-28T18:53:03.8303478Z Preparing to unpack .../45-libboost-iostreams1.83.0_1.83.0-2.1ubuntu3.1_amd64.deb ...
2025-07-28T18:53:03.8314086Z Unpacking libboost-iostreams1.83.0:amd64 (1.83.0-2.1ubuntu3.1) ...
2025-07-28T18:53:03.8608998Z Selecting previously unselected package libboost-thread1.83.0:amd64.
2025-07-28T18:53:03.8746553Z Preparing to unpack .../46-libboost-thread1.83.0_1.83.0-2.1ubuntu3.1_amd64.deb ...
2025-07-28T18:53:03.8758317Z Unpacking libboost-thread1.83.0:amd64 (1.83.0-2.1ubuntu3.1) ...
2025-07-28T18:53:03.9059730Z Selecting previously unselected package libbrlapi0.8:amd64.
2025-07-28T18:53:03.9196433Z Preparing to unpack .../47-libbrlapi0.8_6.6-4ubuntu5_amd64.deb ...
2025-07-28T18:53:03.9207226Z Unpacking libbrlapi0.8:amd64 (6.6-4ubuntu5) ...
2025-07-28T18:53:03.9432544Z Selecting previously unselected package libpcsclite1:amd64.
2025-07-28T18:53:03.9569674Z Preparing to unpack .../48-libpcsclite1_2.0.3-1build1_amd64.deb ...
2025-07-28T18:53:03.9580561Z Unpacking libpcsclite1:amd64 (2.0.3-1build1) ...
2025-07-28T18:53:03.9811558Z Selecting previously unselected package libcacard0:amd64.
2025-07-28T18:53:03.9951271Z Preparing to unpack .../49-libcacard0_1%3a2.8.0-3build4_amd64.deb ...
2025-07-28T18:53:03.9964020Z Unpacking libcacard0:amd64 (1:2.8.0-3build4) ...
2025-07-28T18:53:04.0195739Z Selecting previously unselected package libdaxctl1:amd64.
2025-07-28T18:53:04.0335436Z Preparing to unpack .../50-libdaxctl1_77-2ubuntu2_amd64.deb ...
2025-07-28T18:53:04.0346387Z Unpacking libdaxctl1:amd64 (77-2ubuntu2) ...
2025-07-28T18:53:04.0583683Z Selecting previously unselected package libdecor-0-0:amd64.
2025-07-28T18:53:04.0722892Z Preparing to unpack .../51-libdecor-0-0_0.2.2-1build2_amd64.deb ...
2025-07-28T18:53:04.0736677Z Unpacking libdecor-0-0:amd64 (0.2.2-1build2) ...
2025-07-28T18:53:04.0953967Z Selecting previously unselected package libdecor-0-plugin-1-gtk:amd64.
2025-07-28T18:53:04.1090663Z Preparing to unpack .../52-libdecor-0-plugin-1-gtk_0.2.2-1build2_amd64.deb ...
2025-07-28T18:53:04.1103160Z Unpacking libdecor-0-plugin-1-gtk:amd64 (0.2.2-1build2) ...
2025-07-28T18:53:04.1331653Z Selecting previously unselected package librdmacm1t64:amd64.
2025-07-28T18:53:04.1469147Z Preparing to unpack .../53-librdmacm1t64_50.0-2ubuntu0.2_amd64.deb ...
2025-07-28T18:53:04.1480297Z Unpacking librdmacm1t64:amd64 (50.0-2ubuntu0.2) ...
2025-07-28T18:53:04.1729031Z Selecting previously unselected package libiscsi7:amd64.
2025-07-28T18:53:04.1865874Z Preparing to unpack .../54-libiscsi7_1.19.0-3build4_amd64.deb ...
2025-07-28T18:53:04.1877515Z Unpacking libiscsi7:amd64 (1.19.0-3build4) ...
2025-07-28T18:53:04.2114207Z Selecting previously unselected package libsamplerate0:amd64.
2025-07-28T18:53:04.2249574Z Preparing to unpack .../55-libsamplerate0_0.2.2-4build1_amd64.deb ...
2025-07-28T18:53:04.2260712Z Unpacking libsamplerate0:amd64 (0.2.2-4build1) ...
2025-07-28T18:53:04.2536521Z Selecting previously unselected package libjack-jackd2-0:amd64.
2025-07-28T18:53:04.2671509Z Preparing to unpack .../56-libjack-jackd2-0_1.9.21~dfsg-3ubuntu3_amd64.deb ...
2025-07-28T18:53:04.2681195Z Unpacking libjack-jackd2-0:amd64 (1.9.21~dfsg-3ubuntu3) ...
2025-07-28T18:53:04.2949241Z Selecting previously unselected package libndctl6:amd64.
2025-07-28T18:53:04.3085209Z Preparing to unpack .../57-libndctl6_77-2ubuntu2_amd64.deb ...
2025-07-28T18:53:04.3096526Z Unpacking libndctl6:amd64 (77-2ubuntu2) ...
2025-07-28T18:53:04.3340143Z Selecting previously unselected package libnfs14:amd64.
2025-07-28T18:53:04.3472913Z Preparing to unpack .../58-libnfs14_5.0.2-1build1_amd64.deb ...
2025-07-28T18:53:04.3486234Z Unpacking libnfs14:amd64 (5.0.2-1build1) ...
2025-07-28T18:53:04.3714885Z Selecting previously unselected package libwebrtc-audio-processing1:amd64.
2025-07-28T18:53:04.3848834Z Preparing to unpack .../59-libwebrtc-audio-processing1_0.3.1-0ubuntu6_amd64.deb ...
2025-07-28T18:53:04.3859522Z Unpacking libwebrtc-audio-processing1:amd64 (0.3.1-0ubuntu6) ...
2025-07-28T18:53:04.4093459Z Selecting previously unselected package libspa-0.2-modules:amd64.
2025-07-28T18:53:04.4226849Z Preparing to unpack .../60-libspa-0.2-modules_1.0.5-1ubuntu3.1_amd64.deb ...
2025-07-28T18:53:04.4236264Z Unpacking libspa-0.2-modules:amd64 (1.0.5-1ubuntu3.1) ...
2025-07-28T18:53:04.4579246Z Selecting previously unselected package libpipewire-0.3-0t64:amd64.
2025-07-28T18:53:04.4714176Z Preparing to unpack .../61-libpipewire-0.3-0t64_1.0.5-1ubuntu3.1_amd64.deb ...
2025-07-28T18:53:04.4724968Z Unpacking libpipewire-0.3-0t64:amd64 (1.0.5-1ubuntu3.1) ...
2025-07-28T18:53:04.4977904Z Selecting previously unselected package libpipewire-0.3-common.
2025-07-28T18:53:04.5113174Z Preparing to unpack .../62-libpipewire-0.3-common_1.0.5-1ubuntu3.1_all.deb ...
2025-07-28T18:53:04.5123273Z Unpacking libpipewire-0.3-common (1.0.5-1ubuntu3.1) ...
2025-07-28T18:53:04.5337302Z Selecting previously unselected package libpmem1:amd64.
2025-07-28T18:53:04.5474084Z Preparing to unpack .../63-libpmem1_1.13.1-1.1ubuntu2_amd64.deb ...
2025-07-28T18:53:04.5487335Z Unpacking libpmem1:amd64 (1.13.1-1.1ubuntu2) ...
2025-07-28T18:53:04.5733753Z Selecting previously unselected package libpmemobj1:amd64.
2025-07-28T18:53:04.5867687Z Preparing to unpack .../64-libpmemobj1_1.13.1-1.1ubuntu2_amd64.deb ...
2025-07-28T18:53:04.5878440Z Unpacking libpmemobj1:amd64 (1.13.1-1.1ubuntu2) ...
2025-07-28T18:53:04.6151243Z Selecting previously unselected package librados2.
2025-07-28T18:53:04.6286480Z Preparing to unpack .../65-librados2_19.2.1-0ubuntu0.24.04.2_amd64.deb ...
2025-07-28T18:53:04.6297481Z Unpacking librados2 (19.2.1-0ubuntu0.24.04.2) ...
2025-07-28T18:53:04.7057517Z Selecting previously unselected package librbd1.
2025-07-28T18:53:04.7193302Z Preparing to unpack .../66-librbd1_19.2.1-0ubuntu0.24.04.2_amd64.deb ...
2025-07-28T18:53:04.7204037Z Unpacking librbd1 (19.2.1-0ubuntu0.24.04.2) ...
2025-07-28T18:53:04.7940097Z Selecting previously unselected package libsdl2-2.0-0:amd64.
2025-07-28T18:53:04.8078385Z Preparing to unpack .../67-libsdl2-2.0-0_2.30.0+dfsg-1ubuntu3.1_amd64.deb ...
2025-07-28T18:53:04.8091774Z Unpacking libsdl2-2.0-0:amd64 (2.30.0+dfsg-1ubuntu3.1) ...
2025-07-28T18:53:04.8396868Z Selecting previously unselected package libspice-server1:amd64.
2025-07-28T18:53:04.8532708Z Preparing to unpack .../68-libspice-server1_0.15.1-1build2_amd64.deb ...
2025-07-28T18:53:04.8543106Z Unpacking libspice-server1:amd64 (0.15.1-1build2) ...
2025-07-28T18:53:04.8831272Z Selecting previously unselected package liburing2:amd64.
2025-07-28T18:53:04.8966784Z Preparing to unpack .../69-liburing2_2.5-1build1_amd64.deb ...
2025-07-28T18:53:04.8978895Z Unpacking liburing2:amd64 (2.5-1build1) ...
2025-07-28T18:53:04.9200302Z Selecting previously unselected package libusbredirparser1t64:amd64.
2025-07-28T18:53:04.9334766Z Preparing to unpack .../70-libusbredirparser1t64_0.13.0-2.1build1_amd64.deb ...
2025-07-28T18:53:04.9344556Z Unpacking libusbredirparser1t64:amd64 (0.13.0-2.1build1) ...
2025-07-28T18:53:04.9571517Z Selecting previously unselected package libvirglrenderer1:amd64.
2025-07-28T18:53:04.9706096Z Preparing to unpack .../71-libvirglrenderer1_1.0.0-1ubuntu2_amd64.deb ...
2025-07-28T18:53:04.9717679Z Unpacking libvirglrenderer1:amd64 (1.0.0-1ubuntu2) ...
2025-07-28T18:53:04.9964687Z Selecting previously unselected package libvte-2.91-common.
2025-07-28T18:53:05.0099039Z Preparing to unpack .../72-libvte-2.91-common_0.76.0-1ubuntu0.1_amd64.deb ...
2025-07-28T18:53:05.0112338Z Unpacking libvte-2.91-common (0.76.0-1ubuntu0.1) ...
2025-07-28T18:53:05.0355018Z Selecting previously unselected package libvte-2.91-0:amd64.
2025-07-28T18:53:05.0489644Z Preparing to unpack .../73-libvte-2.91-0_0.76.0-1ubuntu0.1_amd64.deb ...
2025-07-28T18:53:05.0500803Z Unpacking libvte-2.91-0:amd64 (0.76.0-1ubuntu0.1) ...
2025-07-28T18:53:05.0807628Z Selecting previously unselected package libfdt1:amd64.
2025-07-28T18:53:05.0943459Z Preparing to unpack .../74-libfdt1_1.7.0-2build1_amd64.deb ...
2025-07-28T18:53:05.0953424Z Unpacking libfdt1:amd64 (1.7.0-2build1) ...
2025-07-28T18:53:05.1205434Z Selecting previously unselected package qemu-system-common.
2025-07-28T18:53:05.1342899Z Preparing to unpack .../75-qemu-system-common_1%3a8.2.2+ds-0ubuntu1.8_amd64.deb ...
2025-07-28T18:53:05.1354354Z Unpacking qemu-system-common (1:8.2.2+ds-0ubuntu1.8) ...
2025-07-28T18:53:05.2101111Z Selecting previously unselected package qemu-system-data.
2025-07-28T18:53:05.2239470Z Preparing to unpack .../76-qemu-system-data_1%3a8.2.2+ds-0ubuntu1.8_all.deb ...
2025-07-28T18:53:05.2248448Z Unpacking qemu-system-data (1:8.2.2+ds-0ubuntu1.8) ...
2025-07-28T18:53:05.3003193Z Selecting previously unselected package seabios.
2025-07-28T18:53:05.3140351Z Preparing to unpack .../77-seabios_1.16.3-2_all.deb ...
2025-07-28T18:53:05.3149330Z Unpacking seabios (1.16.3-2) ...
2025-07-28T18:53:05.3442128Z Selecting previously unselected package qemu-system-x86.
2025-07-28T18:53:05.3580821Z Preparing to unpack .../78-qemu-system-x86_1%3a8.2.2+ds-0ubuntu1.8_amd64.deb ...
2025-07-28T18:53:05.3647993Z Unpacking qemu-system-x86 (1:8.2.2+ds-0ubuntu1.8) ...
2025-07-28T18:53:05.5851488Z Selecting previously unselected package qemu-system-sparc.
2025-07-28T18:53:05.5990381Z Preparing to unpack .../79-qemu-system-sparc_1%3a8.2.2+ds-0ubuntu1.8_amd64.deb ...
2025-07-28T18:53:05.6056924Z Unpacking qemu-system-sparc (1:8.2.2+ds-0ubuntu1.8) ...
2025-07-28T18:53:05.7168422Z Selecting previously unselected package qemu-system-s390x.
2025-07-28T18:53:05.7306450Z Preparing to unpack .../80-qemu-system-s390x_1%3a8.2.2+ds-0ubuntu1.8_amd64.deb ...
2025-07-28T18:53:05.7370776Z Unpacking qemu-system-s390x (1:8.2.2+ds-0ubuntu1.8) ...
2025-07-28T18:53:05.8062113Z Selecting previously unselected package qemu-system-ppc.
2025-07-28T18:53:05.8199696Z Preparing to unpack .../81-qemu-system-ppc_1%3a8.2.2+ds-0ubuntu1.8_amd64.deb ...
2025-07-28T18:53:05.8265434Z Unpacking qemu-system-ppc (1:8.2.2+ds-0ubuntu1.8) ...
2025-07-28T18:53:05.9908332Z Selecting previously unselected package qemu-system-misc.
2025-07-28T18:53:06.0045105Z Preparing to unpack .../82-qemu-system-misc_1%3a8.2.2+ds-0ubuntu1.8_amd64.deb ...
2025-07-28T18:53:06.0112947Z Unpacking qemu-system-misc (1:8.2.2+ds-0ubuntu1.8) ...
2025-07-28T18:53:06.7821601Z Selecting previously unselected package qemu-system-mips.
2025-07-28T18:53:06.7963885Z Preparing to unpack .../83-qemu-system-mips_1%3a8.2.2+ds-0ubuntu1.8_amd64.deb ...
2025-07-28T18:53:06.8035810Z Unpacking qemu-system-mips (1:8.2.2+ds-0ubuntu1.8) ...
2025-07-28T18:53:07.0486659Z Selecting previously unselected package qemu-system-arm.
2025-07-28T18:53:07.0624288Z Preparing to unpack .../84-qemu-system-arm_1%3a8.2.2+ds-0ubuntu1.8_amd64.deb ...
2025-07-28T18:53:07.0690853Z Unpacking qemu-system-arm (1:8.2.2+ds-0ubuntu1.8) ...
2025-07-28T18:53:07.2861893Z Selecting previously unselected package qemu-utils.
2025-07-28T18:53:07.3000071Z Preparing to unpack .../85-qemu-utils_1%3a8.2.2+ds-0ubuntu1.8_amd64.deb ...
2025-07-28T18:53:07.3009136Z Unpacking qemu-utils (1:8.2.2+ds-0ubuntu1.8) ...
2025-07-28T18:53:07.3634156Z Selecting previously unselected package qemu-block-extra.
2025-07-28T18:53:07.3770605Z Preparing to unpack .../86-qemu-block-extra_1%3a8.2.2+ds-0ubuntu1.8_amd64.deb ...
2025-07-28T18:53:07.3778996Z Unpacking qemu-block-extra (1:8.2.2+ds-0ubuntu1.8) ...
2025-07-28T18:53:07.4004513Z Selecting previously unselected package qemu-system.
2025-07-28T18:53:07.4140667Z Preparing to unpack .../87-qemu-system_1%3a8.2.2+ds-0ubuntu1.8_amd64.deb ...
2025-07-28T18:53:07.4151705Z Unpacking qemu-system (1:8.2.2+ds-0ubuntu1.8) ...
2025-07-28T18:53:07.4351343Z Selecting previously unselected package qemu-system-modules-opengl.
2025-07-28T18:53:07.4488439Z Preparing to unpack .../88-qemu-system-modules-opengl_1%3a8.2.2+ds-0ubuntu1.8_amd64.deb ...
2025-07-28T18:53:07.4495568Z Unpacking qemu-system-modules-opengl (1:8.2.2+ds-0ubuntu1.8) ...
2025-07-28T18:53:07.4744339Z Selecting previously unselected package qemu-system-gui.
2025-07-28T18:53:07.4880152Z Preparing to unpack .../89-qemu-system-gui_1%3a8.2.2+ds-0ubuntu1.8_amd64.deb ...
2025-07-28T18:53:07.4888760Z Unpacking qemu-system-gui (1:8.2.2+ds-0ubuntu1.8) ...
2025-07-28T18:53:07.5139557Z Selecting previously unselected package qemu-system-modules-spice.
2025-07-28T18:53:07.5276106Z Preparing to unpack .../90-qemu-system-modules-spice_1%3a8.2.2+ds-0ubuntu1.8_amd64.deb ...
2025-07-28T18:53:07.5284280Z Unpacking qemu-system-modules-spice (1:8.2.2+ds-0ubuntu1.8) ...
2025-07-28T18:53:07.5507541Z Selecting previously unselected package qemu-user-static.
2025-07-28T18:53:07.5646848Z Preparing to unpack .../91-qemu-user-static_1%3a8.2.2+ds-0ubuntu1.8_amd64.deb ...
2025-07-28T18:53:07.5654861Z Unpacking qemu-user-static (1:8.2.2+ds-0ubuntu1.8) ...
2025-07-28T18:53:08.0048041Z Selecting previously unselected package ovmf.
2025-07-28T18:53:08.0188778Z Preparing to unpack .../92-ovmf_2024.02-2ubuntu0.4_all.deb ...
2025-07-28T18:53:08.0197934Z Unpacking ovmf (2024.02-2ubuntu0.4) ...
2025-07-28T18:53:08.0793447Z Selecting previously unselected package qemu-efi-aarch64.
2025-07-28T18:53:08.0932628Z Preparing to unpack .../93-qemu-efi-aarch64_2024.02-2ubuntu0.4_all.deb ...
2025-07-28T18:53:08.0939902Z Unpacking qemu-efi-aarch64 (2024.02-2ubuntu0.4) ...
2025-07-28T18:53:08.9999915Z Selecting previously unselected package qemu-efi-arm.
2025-07-28T18:53:09.0136857Z Preparing to unpack .../94-qemu-efi-arm_2024.02-2ubuntu0.4_all.deb ...
2025-07-28T18:53:09.0164691Z Unpacking qemu-efi-arm (2024.02-2ubuntu0.4) ...
2025-07-28T18:53:09.4122598Z Setting up libpipewire-0.3-common (1.0.5-1ubuntu3.1) ...
2025-07-28T18:53:09.4143661Z Setting up libcdparanoia0:amd64 (3.10.2+debian-14build3) ...
2025-07-28T18:53:09.4165588Z Setting up session-migration (0.3.9build1) ...
2025-07-28T18:53:09.5225053Z Created symlink /etc/systemd/user/graphical-session-pre.target.wants/session-migration.service → /usr/lib/systemd/user/session-migration.service.
2025-07-28T18:53:09.5226096Z 
2025-07-28T18:53:09.5254867Z Setting up libraw1394-11:amd64 (2.1.2-2build3) ...
2025-07-28T18:53:09.5277973Z Setting up libproxy1v5:amd64 (0.5.4-4build1) ...
2025-07-28T18:53:09.5298131Z Setting up libtag1v5-vanilla:amd64 (1.13.1-1build1) ...
2025-07-28T18:53:09.5318433Z Setting up libspeex1:amd64 (1.2.1-2ubuntu2.24.04.1) ...
2025-07-28T18:53:09.5338509Z Setting up libcaca0:amd64 (0.99.beta20-4build2) ...
2025-07-28T18:53:09.5359452Z Setting up libv4lconvert0t64:amd64 (1.26.1-4build3) ...
2025-07-28T18:53:09.5380471Z Setting up libtwolame0:amd64 (0.4.0-2build3) ...
2025-07-28T18:53:09.5400492Z Setting up libvte-2.91-common (0.76.0-1ubuntu0.1) ...
2025-07-28T18:53:09.5438430Z Setting up libvisual-0.4-0:amd64 (0.4.2-2build1) ...
2025-07-28T18:53:09.5459778Z Setting up qemu-user-static (1:8.2.2+ds-0ubuntu1.8) ...
2025-07-28T18:53:09.5505146Z Setting up msr-tools (1.3-5build1) ...
2025-07-28T18:53:09.5523874Z Setting up libwebrtc-audio-processing1:amd64 (0.3.1-0ubuntu6) ...
2025-07-28T18:53:09.5542662Z Setting up libboost-thread1.83.0:amd64 (1.83.0-2.1ubuntu3.1) ...
2025-07-28T18:53:09.5562756Z Setting up libsoup-3.0-common (3.4.4-5ubuntu0.5) ...
2025-07-28T18:53:09.5582228Z Setting up libmpg123-0t64:amd64 (1.32.5-1ubuntu1.1) ...
2025-07-28T18:53:09.5607764Z Setting up libfdt1:amd64 (1.7.0-2build1) ...
2025-07-28T18:53:09.5626929Z Setting up qemu-efi-aarch64 (2024.02-2ubuntu0.4) ...
2025-07-28T18:53:09.5646079Z Setting up libvte-2.91-0:amd64 (0.76.0-1ubuntu0.1) ...
2025-07-28T18:53:09.5668624Z Setting up libnfs14:amd64 (5.0.2-1build1) ...
2025-07-28T18:53:09.5688893Z Setting up liborc-0.4-0t64:amd64 (1:0.4.38-1ubuntu0.1) ...
2025-07-28T18:53:09.5708641Z Setting up ovmf (2024.02-2ubuntu0.4) ...
2025-07-28T18:53:09.5728438Z Setting up libvirglrenderer1:amd64 (1.0.0-1ubuntu2) ...
2025-07-28T18:53:09.5748899Z Setting up libspa-0.2-modules:amd64 (1.0.5-1ubuntu3.1) ...
2025-07-28T18:53:09.5784378Z Setting up libboost-iostreams1.83.0:amd64 (1.83.0-2.1ubuntu3.1) ...
2025-07-28T18:53:09.5804460Z Setting up libopus0:amd64 (1.4-1build1) ...
2025-07-28T18:53:09.5824971Z Setting up libxv1:amd64 (2:1.0.11-1.1build1) ...
2025-07-28T18:53:09.5847106Z Setting up libdv4t64:amd64 (1.0.0-17.1build1) ...
2025-07-28T18:53:09.5867537Z Setting up libpcsclite1:amd64 (2.0.3-1build1) ...
2025-07-28T18:53:09.5891009Z Setting up libdaxctl1:amd64 (77-2ubuntu2) ...
2025-07-28T18:53:09.5916070Z Setting up qemu-system-data (1:8.2.2+ds-0ubuntu1.8) ...
2025-07-28T18:53:09.5940158Z Setting up seabios (1.16.3-2) ...
2025-07-28T18:53:09.5962337Z Setting up libv4l-0t64:amd64 (1.26.1-4build3) ...
2025-07-28T18:53:09.5983660Z Setting up libvpx9:amd64 (1.14.0-1ubuntu2.2) ...
2025-07-28T18:53:09.6003909Z Setting up libtag1v5:amd64 (1.13.1-1build1) ...
2025-07-28T18:53:09.6028087Z Setting up cpu-checker (0.7-1.3build2) ...
2025-07-28T18:53:09.6049497Z Setting up libasyncns0:amd64 (0.8-6build4) ...
2025-07-28T18:53:09.6071005Z Setting up libwavpack1:amd64 (5.6.0-1build1) ...
2025-07-28T18:53:09.6093674Z Setting up libusbredirparser1t64:amd64 (0.13.0-2.1build1) ...
2025-07-28T18:53:09.6116032Z Setting up ipxe-qemu (1.21.1+git-20220113.fbbdc3926-0ubuntu2) ...
2025-07-28T18:53:09.6137497Z Setting up libtheora0:amd64 (1.1.1+dfsg.1-16.1build3) ...
2025-07-28T18:53:09.6157636Z Setting up libdecor-0-0:amd64 (0.2.2-1build2) ...
2025-07-28T18:53:09.6178166Z Setting up qemu-efi-arm (2024.02-2ubuntu0.4) ...
2025-07-28T18:53:09.6199044Z Setting up libndctl6:amd64 (77-2ubuntu2) ...
2025-07-28T18:53:09.6219116Z Setting up librdmacm1t64:amd64 (50.0-2ubuntu0.2) ...
2025-07-28T18:53:09.6244056Z Setting up ipxe-qemu-256k-compat-efi-roms (1.0.0+git-20150424.a25a16d-0ubuntu5) ...
2025-07-28T18:53:09.6264445Z Setting up libflac12t64:amd64 (1.4.3+ds-2.1ubuntu2) ...
2025-07-28T18:53:09.6284944Z Setting up libbrlapi0.8:amd64 (6.6-4ubuntu5) ...
2025-07-28T18:53:09.6305362Z Setting up glib-networking-common (2.80.0-1build1) ...
2025-07-28T18:53:09.6325294Z Setting up liburing2:amd64 (2.5-1build1) ...
2025-07-28T18:53:09.6345242Z Setting up libiscsi7:amd64 (1.19.0-3build4) ...
2025-07-28T18:53:09.6365408Z Setting up libsamplerate0:amd64 (0.2.2-4build1) ...
2025-07-28T18:53:09.6386136Z Setting up libpmem1:amd64 (1.13.1-1.1ubuntu2) ...
2025-07-28T18:53:09.6407541Z Setting up libpipewire-0.3-0t64:amd64 (1.0.5-1ubuntu3.1) ...
2025-07-28T18:53:09.6429555Z Setting up libdecor-0-plugin-1-gtk:amd64 (0.2.2-1build2) ...
2025-07-28T18:53:09.6449215Z Setting up libmp3lame0:amd64 (3.100-6build1) ...
2025-07-28T18:53:09.6469777Z Setting up libvorbisenc2:amd64 (1.3.7-1build3) ...
2025-07-28T18:53:09.6490473Z Setting up libaa1:amd64 (1.4p5-51.1) ...
2025-07-28T18:53:09.6509304Z Setting up libiec61883-0:amd64 (1.2.0-6build1) ...
2025-07-28T18:53:09.6530369Z Setting up libavc1394-0:amd64 (0.5.4-5build3) ...
2025-07-28T18:53:09.6550388Z Setting up gsettings-desktop-schemas (46.1-0ubuntu1) ...
2025-07-28T18:53:09.6570683Z Setting up glib-networking-services (2.80.0-1build1) ...
2025-07-28T18:53:09.6590096Z Setting up librados2 (19.2.1-0ubuntu0.24.04.2) ...
2025-07-28T18:53:09.6611634Z Setting up libgstreamer-plugins-base1.0-0:amd64 (1.24.2-1ubuntu0.2) ...
2025-07-28T18:53:09.6632784Z Setting up libcacard0:amd64 (1:2.8.0-3build4) ...
2025-07-28T18:53:09.6653781Z Setting up libgstreamer-plugins-good1.0-0:amd64 (1.24.2-1ubuntu1.1) ...
2025-07-28T18:53:09.6675234Z Setting up gstreamer1.0-plugins-base:amd64 (1.24.2-1ubuntu0.2) ...
2025-07-28T18:53:09.6695961Z Setting up libshout3:amd64 (2.4.6-1build2) ...
2025-07-28T18:53:09.6721414Z Setting up libpmemobj1:amd64 (1.13.1-1.1ubuntu2) ...
2025-07-28T18:53:09.6742561Z Setting up librbd1 (19.2.1-0ubuntu0.24.04.2) ...
2025-07-28T18:53:09.6764885Z Setting up libjack-jackd2-0:amd64 (1.9.21~dfsg-3ubuntu3) ...
2025-07-28T18:53:09.6784670Z Setting up libsndfile1:amd64 (1.2.2-1ubuntu5.24.04.1) ...
2025-07-28T18:53:09.6804982Z Setting up qemu-utils (1:8.2.2+ds-0ubuntu1.8) ...
2025-07-28T18:53:09.6825046Z Setting up qemu-block-extra (1:8.2.2+ds-0ubuntu1.8) ...
2025-07-28T18:53:09.7925662Z Created symlink /etc/systemd/system/multi-user.target.wants/run-qemu.mount → /usr/lib/systemd/system/run-qemu.mount.
2025-07-28T18:53:09.7926159Z 
2025-07-28T18:53:10.6702410Z Setting up gstreamer1.0-x:amd64 (1.24.2-1ubuntu0.2) ...
2025-07-28T18:53:10.6729274Z Setting up qemu-system-common (1:8.2.2+ds-0ubuntu1.8) ...
2025-07-28T18:53:10.7789450Z Created symlink /etc/systemd/system/multi-user.target.wants/qemu-kvm.service → /usr/lib/systemd/system/qemu-kvm.service.
2025-07-28T18:53:10.7789935Z 
2025-07-28T18:53:11.0956900Z Setting up libpulse0:amd64 (1:16.1+dfsg1-2ubuntu10.1) ...
2025-07-28T18:53:11.1034082Z Setting up qemu-system-mips (1:8.2.2+ds-0ubuntu1.8) ...
2025-07-28T18:53:11.1099286Z Setting up qemu-system-sparc (1:8.2.2+ds-0ubuntu1.8) ...
2025-07-28T18:53:11.1169491Z Setting up libspice-server1:amd64 (0.15.1-1build2) ...
2025-07-28T18:53:11.1318104Z Setting up qemu-system-x86 (1:8.2.2+ds-0ubuntu1.8) ...
2025-07-28T18:53:11.1384446Z Setting up qemu-system-ppc (1:8.2.2+ds-0ubuntu1.8) ...
2025-07-28T18:53:11.1450069Z Setting up qemu-system-misc (1:8.2.2+ds-0ubuntu1.8) ...
2025-07-28T18:53:11.1516328Z Setting up qemu-system-arm (1:8.2.2+ds-0ubuntu1.8) ...
2025-07-28T18:53:11.1579593Z Setting up qemu-system-s390x (1:8.2.2+ds-0ubuntu1.8) ...
2025-07-28T18:53:11.1644895Z Setting up libsdl2-2.0-0:amd64 (2.30.0+dfsg-1ubuntu3.1) ...
2025-07-28T18:53:11.1666060Z Setting up qemu-system-modules-opengl (1:8.2.2+ds-0ubuntu1.8) ...
2025-07-28T18:53:11.1688346Z Setting up qemu-system-gui (1:8.2.2+ds-0ubuntu1.8) ...
2025-07-28T18:53:11.1710105Z Setting up qemu-system (1:8.2.2+ds-0ubuntu1.8) ...
2025-07-28T18:53:11.1734209Z Setting up qemu-system-modules-spice (1:8.2.2+ds-0ubuntu1.8) ...
2025-07-28T18:53:11.1800352Z Processing triggers for hicolor-icon-theme (0.17-2) ...
2025-07-28T18:53:12.0204697Z Processing triggers for libc-bin (2.39-0ubuntu8.5) ...
2025-07-28T18:53:12.1332733Z Processing triggers for systemd (255.4-1ubuntu8.10) ...
2025-07-28T18:53:12.1764546Z Processing triggers for man-db (2.12.0-4build2) ...
2025-07-28T18:53:19.6063311Z Processing triggers for libglib2.0-0t64:amd64 (2.80.0-6ubuntu3.4) ...
2025-07-28T18:53:19.6415656Z Setting up glib-networking:amd64 (2.80.0-1build1) ...
2025-07-28T18:53:19.6450967Z Setting up libsoup-3.0-0:amd64 (3.4.4-5ubuntu0.5) ...
2025-07-28T18:53:19.6490727Z Setting up gstreamer1.0-plugins-good:amd64 (1.24.2-1ubuntu1.1) ...
2025-07-28T18:53:19.6514561Z Processing triggers for libc-bin (2.39-0ubuntu8.5) ...
2025-07-28T18:53:20.3314053Z 
2025-07-28T18:53:20.3314800Z Running kernel seems to be up-to-date.
2025-07-28T18:53:20.3315148Z 
2025-07-28T18:53:20.3315590Z Restarting services...
2025-07-28T18:53:20.3391069Z 
2025-07-28T18:53:20.3391422Z Service restarts being deferred:
2025-07-28T18:53:20.3393004Z  systemctl restart hosted-compute-agent.service
2025-07-28T18:53:20.3393358Z 
2025-07-28T18:53:20.3393797Z No containers need to be restarted.
2025-07-28T18:53:20.3394084Z 
2025-07-28T18:53:20.3394267Z No user sessions are running outdated binaries.
2025-07-28T18:53:20.3394574Z 
2025-07-28T18:53:20.3394859Z No VM guests are running outdated hypervisor (qemu) binaries on this host.
2025-07-28T18:53:21.3446642Z ##[group]Run ./scripts/run_task.sh test-build-image
2025-07-28T18:53:21.3446999Z [36;1m./scripts/run_task.sh test-build-image[0m
2025-07-28T18:53:21.3476175Z shell: /usr/bin/bash -e {0}
2025-07-28T18:53:21.3476400Z ##[endgroup]
2025-07-28T18:53:21.9682472Z go: downloading github.com/go-task/task/v3 v3.39.2
2025-07-28T18:53:22.2466895Z go: downloading github.com/spf13/pflag v1.0.5
2025-07-28T18:53:22.2468211Z go: downloading mvdan.cc/sh/v3 v3.9.0
2025-07-28T18:53:22.3007472Z go: downloading github.com/Masterminds/semver/v3 v3.3.0
2025-07-28T18:53:22.3024260Z go: downloading github.com/alecthomas/chroma/v2 v2.14.0
2025-07-28T18:53:22.3651887Z go: downloading github.com/fatih/color v1.17.0
2025-07-28T18:53:22.4078468Z go: downloading gopkg.in/yaml.v3 v3.0.1
2025-07-28T18:53:22.4689016Z go: downloading github.com/Ladicle/tabwriter v1.0.0
2025-07-28T18:53:22.4971139Z go: downloading github.com/joho/godotenv v1.5.1
2025-07-28T18:53:22.6701820Z go: downloading github.com/dominikbraun/graph v0.23.0
2025-07-28T18:53:22.6712324Z go: downloading golang.org/x/sync v0.8.0
2025-07-28T18:53:22.6906557Z go: downloading github.com/radovskyb/watcher v1.0.7
2025-07-28T18:53:22.7103433Z go: downloading github.com/sajari/fuzzy v1.0.0
2025-07-28T18:53:24.0750070Z go: downloading github.com/mattn/go-colorable v0.1.13
2025-07-28T18:53:24.1034630Z go: downloading github.com/mattn/go-isatty v0.0.20
2025-07-28T18:53:24.1300423Z go: downloading github.com/muesli/cancelreader v0.2.2
2025-07-28T18:53:24.1325481Z go: downloading golang.org/x/sys v0.25.0
2025-07-28T18:53:24.1495702Z go: downloading golang.org/x/term v0.24.0
2025-07-28T18:53:24.3018911Z go: downloading github.com/dlclark/regexp2 v1.11.0
2025-07-28T18:53:24.3222936Z go: downloading github.com/davecgh/go-spew v1.1.1
2025-07-28T18:53:24.3540434Z go: downloading github.com/go-task/slim-sprig/v3 v3.0.0
2025-07-28T18:53:24.3625728Z go: downloading github.com/go-task/template v0.1.0
2025-07-28T18:53:24.5424360Z go: downloading github.com/mattn/go-zglob v0.0.6
2025-07-28T18:53:24.5686723Z go: downloading github.com/zeebo/xxh3 v1.0.2
2025-07-28T18:53:24.5695237Z go: downloading github.com/mitchellh/hashstructure/v2 v2.0.2
2025-07-28T18:53:25.0607963Z go: downloading github.com/klauspost/cpuid/v2 v2.0.9
2025-07-28T18:53:42.7317015Z task: [test-build-image] bash -x scripts/tests.build_docker_image.sh
2025-07-28T18:53:42.7347224Z + set -euo pipefail
2025-07-28T18:53:42.7353112Z +++ dirname scripts/tests.build_docker_image.sh
2025-07-28T18:53:42.7363560Z ++ cd scripts
2025-07-28T18:53:42.7364088Z ++ cd ..
2025-07-28T18:53:42.7364524Z ++ pwd
2025-07-28T18:53:42.7366533Z + SUBNET_EVM_PATH=/home/runner/work/subnet-evm/subnet-evm
2025-07-28T18:53:42.7367232Z + source /home/runner/work/subnet-evm/subnet-evm/scripts/constants.sh
2025-07-28T18:53:42.7368902Z ++ set -euo pipefail
2025-07-28T18:53:42.7370548Z +++ go env GOPATH
2025-07-28T18:53:42.7398200Z ++ GOPATH=/home/runner/go
2025-07-28T18:53:42.7398636Z ++ DEFAULT_PLUGIN_DIR=/home/runner/.avalanchego/plugins
2025-07-28T18:53:42.7399127Z ++ DEFAULT_VM_NAME=subnet-evm
2025-07-28T18:53:42.7399581Z ++ DEFAULT_VM_ID=srEXiWaHuhNyGwPUi444Tu47ZEDwxTWrbQiuD7FmgSAQ6X7Dy
2025-07-28T18:53:42.7400170Z ++ IMAGE_NAME=subnet-evm_avalanchego
2025-07-28T18:53:42.7400639Z ++ AVALANCHEGO_IMAGE_NAME=avaplatform/avalanchego
2025-07-28T18:53:42.7401086Z ++ '[' '!' -d .git ']'
2025-07-28T18:53:42.7403255Z +++ git describe --tags --exact-match
2025-07-28T18:53:42.7420171Z +++ git symbolic-ref -q --short HEAD
2025-07-28T18:53:42.7433955Z +++ git rev-parse --short HEAD
2025-07-28T18:53:42.7450351Z ++ CURRENT_BRANCH=740f5eb
2025-07-28T18:53:42.7453444Z +++ git --git-dir=/home/runner/work/subnet-evm/subnet-evm/.git rev-parse HEAD
2025-07-28T18:53:42.7469082Z ++ SUBNET_EVM_COMMIT=740f5ebbe5df6a0c1d20e5e4bc958b48e1ed9c6b
2025-07-28T18:53:42.7469506Z ++ [[ -z '' ]]
2025-07-28T18:53:42.7472765Z +++ go list -m github.com/ava-labs/avalanchego
2025-07-28T18:53:42.7869937Z ++ MODULE_DETAILS='github.com/ava-labs/avalanchego v1.13.3'
2025-07-28T18:53:42.7874870Z +++ echo 'github.com/ava-labs/avalanchego v1.13.3'
2025-07-28T18:53:42.7876451Z +++ awk '{print $2}'
2025-07-28T18:53:42.7898476Z ++ AVALANCHE_VERSION=v1.13.3
2025-07-28T18:53:42.7898916Z ++ [[ v1.13.3 =~ ^v.*[0-9]{14}-[0-9a-f]{12}$ ]]
2025-07-28T18:53:42.7899392Z ++ DOCKERHUB_TAG=740f5ebb_v1.13.3
2025-07-28T18:53:42.7899811Z ++ BUILD_IMAGE_ID=740f5eb_v1.13.3
2025-07-28T18:53:42.7900236Z ++ echo 'Using branch: 740f5eb'
2025-07-28T18:53:42.7900639Z ++ STATIC_LD_FLAGS=
2025-07-28T18:53:42.7900964Z ++ '[' '' = 1 ']'
2025-07-28T18:53:42.7901485Z ++ export 'CGO_CFLAGS=-O2 -D__BLST_PORTABLE__'
2025-07-28T18:53:42.7902205Z ++ CGO_CFLAGS='-O2 -D__BLST_PORTABLE__'
2025-07-28T18:53:42.7902640Z Using branch: 740f5eb
2025-07-28T18:53:42.7903007Z ++ export CGO_ENABLED=1
2025-07-28T18:53:42.7903336Z ++ CGO_ENABLED=1
2025-07-28T18:53:42.7903790Z + VM_ID=srEXiWaHuhNyGwPUi444Tu47ZEDwxTWrbQiuD7FmgSAQ6X7Dy
2025-07-28T18:53:42.7904376Z + echo 'checking build of single-arch image'
2025-07-28T18:53:42.7904849Z checking build of single-arch image
2025-07-28T18:53:42.7905675Z + build_and_test subnet-evm_avalanchego srEXiWaHuhNyGwPUi444Tu47ZEDwxTWrbQiuD7FmgSAQ6X7Dy false avalanchego
2025-07-28T18:53:42.7906383Z + local imagename=subnet-evm_avalanchego
2025-07-28T18:53:42.7906752Z + local vm_id=srEXiWaHuhNyGwPUi444Tu47ZEDwxTWrbQiuD7FmgSAQ6X7Dy
2025-07-28T18:53:42.7907114Z + local multiarch_image=false
2025-07-28T18:53:42.7907386Z + local avalanchego_local_image_name=avalanchego
2025-07-28T18:53:42.7907812Z + [[ false == true ]]
2025-07-28T18:53:42.7908106Z + local host_arch
2025-07-28T18:53:42.7908382Z ++ go env GOARCH
2025-07-28T18:53:42.7937402Z + host_arch=amd64
2025-07-28T18:53:42.7937882Z + local arches=linux/amd64
2025-07-28T18:53:42.7938152Z + local imgtag=testtag
2025-07-28T18:53:42.7938374Z + PLATFORMS=linux/amd64
2025-07-28T18:53:42.7938575Z + BUILD_IMAGE_ID=testtag
2025-07-28T18:53:42.7938845Z + VM_ID=srEXiWaHuhNyGwPUi444Tu47ZEDwxTWrbQiuD7FmgSAQ6X7Dy
2025-07-28T18:53:42.7939162Z + IMAGE_NAME=subnet-evm_avalanchego
2025-07-28T18:53:42.7939414Z + AVALANCHEGO_LOCAL_IMAGE_NAME=avalanchego
2025-07-28T18:53:42.7939667Z + ./scripts/build_docker_image.sh
2025-07-28T18:53:42.8150622Z Using branch: 740f5eb
2025-07-28T18:53:43.3224769Z v1.13.3: Pulling from avaplatform/avalanchego
2025-07-28T18:53:43.4425243Z 59e22667830b: Pulling fs layer
2025-07-28T18:53:43.4425820Z 6b75f5ca9b51: Pulling fs layer
2025-07-28T18:53:43.4426131Z 4f4fb700ef54: Pulling fs layer
2025-07-28T18:53:43.4426514Z b54ae1c8d5c8: Pulling fs layer
2025-07-28T18:53:43.4426858Z b54ae1c8d5c8: Waiting
2025-07-28T18:53:43.5626935Z 4f4fb700ef54: Download complete
2025-07-28T18:53:43.5657458Z 6b75f5ca9b51: Verifying Checksum
2025-07-28T18:53:43.5657802Z 6b75f5ca9b51: Download complete
2025-07-28T18:53:44.0965040Z 59e22667830b: Verifying Checksum
2025-07-28T18:53:44.0965495Z 59e22667830b: Download complete
2025-07-28T18:53:44.3307966Z b54ae1c8d5c8: Verifying Checksum
2025-07-28T18:53:44.3308451Z b54ae1c8d5c8: Download complete
2025-07-28T18:53:45.1601435Z 59e22667830b: Pull complete
2025-07-28T18:53:46.3059370Z 6b75f5ca9b51: Pull complete
2025-07-28T18:53:46.3173284Z 4f4fb700ef54: Pull complete
2025-07-28T18:53:46.7117558Z b54ae1c8d5c8: Pull complete
2025-07-28T18:53:46.7157271Z Digest: sha256:e48a8e19390c9af72e0fb5ad95633b0a78485cf0f4e25121fcd4f1128b41b102
2025-07-28T18:53:46.7169132Z Status: Downloaded newer image for avaplatform/avalanchego:v1.13.3
2025-07-28T18:53:46.7177302Z docker.io/avaplatform/avalanchego:v1.13.3
2025-07-28T18:53:46.7193073Z Building Docker Image: subnet-evm_avalanchego:testtag based of AvalancheGo@v1.13.3
2025-07-28T18:53:47.1967952Z #0 building with "default" instance using docker driver
2025-07-28T18:53:47.1968347Z 
2025-07-28T18:53:47.1968487Z #1 [internal] load build definition from Dockerfile
2025-07-28T18:53:47.1968829Z #1 transferring dockerfile: 2.42kB done
2025-07-28T18:53:47.1969101Z #1 DONE 0.0s
2025-07-28T18:53:47.1969216Z 
2025-07-28T18:53:47.1969427Z #2 [internal] load metadata for docker.io/avaplatform/avalanchego:v1.13.3
2025-07-28T18:53:47.1970091Z #2 DONE 0.0s
2025-07-28T18:53:47.1970209Z 
2025-07-28T18:53:47.1970370Z #3 [auth] library/golang:pull token for registry-1.docker.io
2025-07-28T18:53:47.1970704Z #3 DONE 0.0s
2025-07-28T18:53:47.1970814Z 
2025-07-28T18:53:47.1971007Z #4 [internal] load metadata for docker.io/library/golang:1.23.9-bookworm
2025-07-28T18:53:47.4356842Z #4 DONE 0.5s
2025-07-28T18:53:47.5579074Z 
2025-07-28T18:53:47.5579540Z #5 [internal] load .dockerignore
2025-07-28T18:53:47.5580072Z #5 transferring context: 105B done
2025-07-28T18:53:47.5580480Z #5 DONE 0.0s
2025-07-28T18:53:47.5580653Z 
2025-07-28T18:53:47.5580929Z #6 [execution 1/2] FROM docker.io/avaplatform/avalanchego:v1.13.3
2025-07-28T18:53:47.5581487Z #6 DONE 0.0s
2025-07-28T18:53:47.5581666Z 
2025-07-28T18:53:47.5582535Z #7 [builder 1/8] FROM docker.io/library/golang:1.23.9-bookworm@sha256:6a3aa4fd2c3e15bc8cb450e4a0ae353fb73b5f593bcbb5b25ffeee860cc2ec2a
2025-07-28T18:53:47.5583996Z #7 resolve docker.io/library/golang:1.23.9-bookworm@sha256:6a3aa4fd2c3e15bc8cb450e4a0ae353fb73b5f593bcbb5b25ffeee860cc2ec2a done
2025-07-28T18:53:47.5585275Z #7 sha256:6a3aa4fd2c3e15bc8cb450e4a0ae353fb73b5f593bcbb5b25ffeee860cc2ec2a 9.10kB / 9.10kB done
2025-07-28T18:53:47.5586358Z #7 sha256:3e6b9d1a95114e19f12262a4e8a59ad1d1a10ca7b82108adcf0605a200294964 7.34MB / 48.49MB 0.1s
2025-07-28T18:53:47.5587368Z #7 sha256:37927ed901b1b2608b72796c6881bf645480268eca4ac9a37b9219e050bb4d84 0B / 24.02MB 0.1s
2025-07-28T18:53:47.5588381Z #7 sha256:0c9738aabadd34e99cf5263ae1337ad5330126c87a1fab4ffabec2284944c991 2.32kB / 2.32kB done
2025-07-28T18:53:47.5589441Z #7 sha256:7a0d537c74048d90164dee15b033ba23c217803a53cd9e2efc48482d9b7b4e51 2.80kB / 2.80kB done
2025-07-28T18:53:47.5590490Z #7 sha256:79b2f47ad4443652b9b5cc81a95ede249fd976310efdbee159f29638783778c0 0B / 64.40MB 0.1s
2025-07-28T18:53:47.7570369Z #7 ...
2025-07-28T18:53:47.7570540Z 
2025-07-28T18:53:47.7570637Z #8 [internal] load build context
2025-07-28T18:53:47.7570925Z #8 transferring context: 13.24MB 0.2s done
2025-07-28T18:53:47.7571224Z #8 DONE 0.2s
2025-07-28T18:53:47.7571336Z 
2025-07-28T18:53:47.7571768Z #7 [builder 1/8] FROM docker.io/library/golang:1.23.9-bookworm@sha256:6a3aa4fd2c3e15bc8cb450e4a0ae353fb73b5f593bcbb5b25ffeee860cc2ec2a
2025-07-28T18:53:47.7572789Z #7 sha256:3e6b9d1a95114e19f12262a4e8a59ad1d1a10ca7b82108adcf0605a200294964 36.70MB / 48.49MB 0.3s
2025-07-28T18:53:47.7573463Z #7 sha256:37927ed901b1b2608b72796c6881bf645480268eca4ac9a37b9219e050bb4d84 7.34MB / 24.02MB 0.3s
2025-07-28T18:53:47.7574138Z #7 sha256:79b2f47ad4443652b9b5cc81a95ede249fd976310efdbee159f29638783778c0 29.36MB / 64.40MB 0.3s
2025-07-28T18:53:47.8572330Z #7 sha256:3e6b9d1a95114e19f12262a4e8a59ad1d1a10ca7b82108adcf0605a200294964 45.09MB / 48.49MB 0.4s
2025-07-28T18:53:47.8573317Z #7 sha256:37927ed901b1b2608b72796c6881bf645480268eca4ac9a37b9219e050bb4d84 11.53MB / 24.02MB 0.4s
2025-07-28T18:53:47.8574063Z #7 sha256:79b2f47ad4443652b9b5cc81a95ede249fd976310efdbee159f29638783778c0 39.85MB / 64.40MB 0.4s
2025-07-28T18:53:47.9586383Z #7 sha256:3e6b9d1a95114e19f12262a4e8a59ad1d1a10ca7b82108adcf0605a200294964 48.49MB / 48.49MB 0.5s done
2025-07-28T18:53:47.9587764Z #7 sha256:37927ed901b1b2608b72796c6881bf645480268eca4ac9a37b9219e050bb4d84 18.87MB / 24.02MB 0.5s
2025-07-28T18:53:47.9588775Z #7 sha256:79b2f47ad4443652b9b5cc81a95ede249fd976310efdbee159f29638783778c0 48.23MB / 64.40MB 0.5s
2025-07-28T18:53:47.9589662Z #7 sha256:86e38a7bd2e6ef4808a08ab7f5de538ee046e73d5eed810956ebe5e2dd30967f 0B / 92.34MB 0.5s
2025-07-28T18:53:47.9590715Z #7 extracting sha256:3e6b9d1a95114e19f12262a4e8a59ad1d1a10ca7b82108adcf0605a200294964
2025-07-28T18:53:48.0636744Z #7 sha256:37927ed901b1b2608b72796c6881bf645480268eca4ac9a37b9219e050bb4d84 24.02MB / 24.02MB 0.6s
2025-07-28T18:53:48.0638400Z #7 sha256:79b2f47ad4443652b9b5cc81a95ede249fd976310efdbee159f29638783778c0 55.57MB / 64.40MB 0.6s
2025-07-28T18:53:48.0639484Z #7 sha256:86e38a7bd2e6ef4808a08ab7f5de538ee046e73d5eed810956ebe5e2dd30967f 7.34MB / 92.34MB 0.6s
2025-07-28T18:53:48.1799905Z #7 sha256:37927ed901b1b2608b72796c6881bf645480268eca4ac9a37b9219e050bb4d84 24.02MB / 24.02MB 0.6s done
2025-07-28T18:53:48.1801067Z #7 sha256:79b2f47ad4443652b9b5cc81a95ede249fd976310efdbee159f29638783778c0 64.40MB / 64.40MB 0.7s done
2025-07-28T18:53:48.1802104Z #7 sha256:86e38a7bd2e6ef4808a08ab7f5de538ee046e73d5eed810956ebe5e2dd30967f 19.92MB / 92.34MB 0.7s
2025-07-28T18:53:48.1803004Z #7 sha256:e10405b45d13228df144c8d42d389347041bf176392f5f9606fc4a4d7826647d 0B / 74.06MB 0.7s
2025-07-28T18:53:48.1803787Z #7 sha256:05996fe98294b61bc5bf02c69305b84d9db840baad71fd1b5c2fd7cf1686088c 0B / 126B 0.7s
2025-07-28T18:53:48.2809014Z #7 sha256:86e38a7bd2e6ef4808a08ab7f5de538ee046e73d5eed810956ebe5e2dd30967f 35.65MB / 92.34MB 0.8s
2025-07-28T18:53:48.2811758Z #7 sha256:e10405b45d13228df144c8d42d389347041bf176392f5f9606fc4a4d7826647d 5.24MB / 74.06MB 0.8s
2025-07-28T18:53:48.2812997Z #7 sha256:05996fe98294b61bc5bf02c69305b84d9db840baad71fd1b5c2fd7cf1686088c 126B / 126B 0.8s done
2025-07-28T18:53:48.2814016Z #7 sha256:4f4fb700ef54461cfa02571ae0db9a0dc1e0cdb5577484a6d75e68dc38e8acc1 0B / 32B 0.8s
2025-07-28T18:53:48.3828077Z #7 sha256:86e38a7bd2e6ef4808a08ab7f5de538ee046e73d5eed810956ebe5e2dd30967f 49.28MB / 92.34MB 0.9s
2025-07-28T18:53:48.3829517Z #7 sha256:4f4fb700ef54461cfa02571ae0db9a0dc1e0cdb5577484a6d75e68dc38e8acc1 32B / 32B 0.8s done
2025-07-28T18:53:48.5568332Z #7 sha256:86e38a7bd2e6ef4808a08ab7f5de538ee046e73d5eed810956ebe5e2dd30967f 70.25MB / 92.34MB 1.1s
2025-07-28T18:53:48.5569444Z #7 sha256:e10405b45d13228df144c8d42d389347041bf176392f5f9606fc4a4d7826647d 16.78MB / 74.06MB 1.1s
2025-07-28T18:53:48.6571585Z #7 sha256:86e38a7bd2e6ef4808a08ab7f5de538ee046e73d5eed810956ebe5e2dd30967f 81.64MB / 92.34MB 1.2s
2025-07-28T18:53:48.6574477Z #7 sha256:e10405b45d13228df144c8d42d389347041bf176392f5f9606fc4a4d7826647d 22.02MB / 74.06MB 1.2s
2025-07-28T18:53:48.8048771Z #7 sha256:86e38a7bd2e6ef4808a08ab7f5de538ee046e73d5eed810956ebe5e2dd30967f 89.13MB / 92.34MB 1.3s
2025-07-28T18:53:48.8050149Z #7 sha256:e10405b45d13228df144c8d42d389347041bf176392f5f9606fc4a4d7826647d 30.41MB / 74.06MB 1.3s
2025-07-28T18:53:48.9103655Z #7 sha256:86e38a7bd2e6ef4808a08ab7f5de538ee046e73d5eed810956ebe5e2dd30967f 92.34MB / 92.34MB 1.4s done
2025-07-28T18:53:48.9104870Z #7 sha256:e10405b45d13228df144c8d42d389347041bf176392f5f9606fc4a4d7826647d 35.65MB / 74.06MB 1.4s
2025-07-28T18:53:49.0131864Z #7 sha256:e10405b45d13228df144c8d42d389347041bf176392f5f9606fc4a4d7826647d 42.99MB / 74.06MB 1.5s
2025-07-28T18:53:49.1171072Z #7 sha256:e10405b45d13228df144c8d42d389347041bf176392f5f9606fc4a4d7826647d 49.28MB / 74.06MB 1.6s
2025-07-28T18:53:49.2340689Z #7 sha256:e10405b45d13228df144c8d42d389347041bf176392f5f9606fc4a4d7826647d 55.57MB / 74.06MB 1.7s
2025-07-28T18:53:49.3567819Z #7 sha256:e10405b45d13228df144c8d42d389347041bf176392f5f9606fc4a4d7826647d 74.06MB / 74.06MB 1.9s done
2025-07-28T18:53:49.6771547Z #7 extracting sha256:3e6b9d1a95114e19f12262a4e8a59ad1d1a10ca7b82108adcf0605a200294964 1.7s done
2025-07-28T18:53:49.8368858Z #7 extracting sha256:37927ed901b1b2608b72796c6881bf645480268eca4ac9a37b9219e050bb4d84 0.1s
2025-07-28T18:53:50.3873923Z #7 extracting sha256:37927ed901b1b2608b72796c6881bf645480268eca4ac9a37b9219e050bb4d84 0.5s done
2025-07-28T18:53:50.5275986Z #7 extracting sha256:79b2f47ad4443652b9b5cc81a95ede249fd976310efdbee159f29638783778c0
2025-07-28T18:53:52.7326453Z #7 extracting sha256:79b2f47ad4443652b9b5cc81a95ede249fd976310efdbee159f29638783778c0 2.1s done
2025-07-28T18:53:52.8383209Z #7 extracting sha256:86e38a7bd2e6ef4808a08ab7f5de538ee046e73d5eed810956ebe5e2dd30967f
2025-07-28T18:53:54.6632904Z #7 extracting sha256:86e38a7bd2e6ef4808a08ab7f5de538ee046e73d5eed810956ebe5e2dd30967f 1.8s done
2025-07-28T18:53:55.0701080Z #7 extracting sha256:e10405b45d13228df144c8d42d389347041bf176392f5f9606fc4a4d7826647d
2025-07-28T18:53:59.1283224Z #7 extracting sha256:e10405b45d13228df144c8d42d389347041bf176392f5f9606fc4a4d7826647d 3.9s done
2025-07-28T18:53:59.6183410Z #7 extracting sha256:05996fe98294b61bc5bf02c69305b84d9db840baad71fd1b5c2fd7cf1686088c
2025-07-28T18:53:59.8273900Z #7 extracting sha256:05996fe98294b61bc5bf02c69305b84d9db840baad71fd1b5c2fd7cf1686088c done
2025-07-28T18:53:59.8274874Z #7 extracting sha256:4f4fb700ef54461cfa02571ae0db9a0dc1e0cdb5577484a6d75e68dc38e8acc1 done
2025-07-28T18:53:59.8275330Z #7 DONE 12.2s
2025-07-28T18:53:59.8275442Z 
2025-07-28T18:53:59.8275538Z #9 [builder 2/8] WORKDIR /build
2025-07-28T18:53:59.8275764Z #9 DONE 0.0s
2025-07-28T18:53:59.8275876Z 
2025-07-28T18:53:59.8276000Z #10 [builder 3/8] COPY go.mod go.sum avalanchego* ./
2025-07-28T18:53:59.8276304Z #10 DONE 0.0s
2025-07-28T18:53:59.8276421Z 
2025-07-28T18:53:59.8276536Z #11 [builder 4/8] RUN go mod download && go mod tidy
2025-07-28T18:54:07.8522292Z #11 8.175 go: warning: "all" matched no packages
2025-07-28T18:54:09.9542313Z #11 DONE 10.3s
2025-07-28T18:54:10.0999051Z 
2025-07-28T18:54:10.0999500Z #12 [builder 5/8] COPY . .
2025-07-28T18:54:10.0999875Z #12 DONE 0.1s
2025-07-28T18:54:10.2098832Z 
2025-07-28T18:54:10.2099528Z #13 [builder 6/8] RUN [ -d ./build ] && rm -rf ./build/* || true
2025-07-28T18:54:10.2100148Z #13 DONE 0.1s
2025-07-28T18:54:10.3616916Z 
2025-07-28T18:54:10.3619523Z #14 [builder 7/8] RUN if [ "linux/amd64" = "linux/arm64" ] && [ "linux/amd64" != "linux/arm64" ]; then   apt-get update && apt-get install -y gcc-aarch64-linux-gnu &&   echo "export CC=aarch64-linux-gnu-gcc" > ./build_env.sh   ; elif [ "linux/amd64" = "linux/amd64" ] && [ "linux/amd64" != "linux/amd64" ]; then   apt-get update && apt-get install -y gcc-x86-64-linux-gnu &&   echo "export CC=x86_64-linux-gnu-gcc" > ./build_env.sh   ; else   echo "export CC=gcc" > ./build_env.sh   ; fi
2025-07-28T18:54:10.3900417Z #14 DONE 0.2s
2025-07-28T18:54:10.5188369Z 
2025-07-28T18:54:10.5191042Z #15 [builder 8/8] RUN . ./build_env.sh &&   echo "{CC=$CC, TARGETPLATFORM=linux/amd64, BUILDPLATFORM=linux/amd64}" &&   export GOARCH=$(echo linux/amd64 | cut -d / -f2) &&   export CURRENT_BRANCH=740f5eb &&   export SUBNET_EVM_COMMIT=740f5ebbe5df6a0c1d20e5e4bc958b48e1ed9c6b &&   ./scripts/build.sh build/subnet-evm
2025-07-28T18:54:10.5192819Z #15 0.128 {CC=gcc, TARGETPLATFORM=linux/amd64, BUILDPLATFORM=linux/amd64}
2025-07-28T18:54:10.6880557Z #15 0.146 Using branch: 740f5eb
2025-07-28T18:54:10.6881576Z #15 0.147 Building Subnet EVM @ GitCommit: 740f5ebbe5df6a0c1d20e5e4bc958b48e1ed9c6b at build/subnet-evm
2025-07-28T18:55:18.1655779Z #15 DONE 67.8s
2025-07-28T18:55:18.3525205Z 
2025-07-28T18:55:18.3526245Z #16 [execution 2/2] COPY --from=builder /build/build/subnet-evm /avalanchego/build/plugins/srEXiWaHuhNyGwPUi444Tu47ZEDwxTWrbQiuD7FmgSAQ6X7Dy
2025-07-28T18:55:18.3527233Z #16 DONE 0.1s
2025-07-28T18:55:18.5042763Z 
2025-07-28T18:55:18.5043528Z #17 exporting to image
2025-07-28T18:55:18.5043909Z #17 exporting layers
2025-07-28T18:55:19.0040101Z #17 exporting layers 0.7s done
2025-07-28T18:55:19.0229510Z #17 writing image sha256:31e9b13009729a6cd66078ede69feaff66b770daecdf5af23812649f066692b5 done
2025-07-28T18:55:19.0230613Z #17 naming to docker.io/library/subnet-evm_avalanchego:testtag done
2025-07-28T18:55:19.0231390Z #17 naming to docker.io/library/subnet-evm_avalanchego:740f5ebb_v1.13.3 done
2025-07-28T18:55:19.0232460Z #17 DONE 0.7s
2025-07-28T18:55:19.0282723Z + echo 'listing images'
2025-07-28T18:55:19.0283050Z listing images
2025-07-28T18:55:19.0283521Z + docker images
2025-07-28T18:55:19.0392605Z REPOSITORY                TAG                IMAGE ID       CREATED        SIZE
2025-07-28T18:55:19.0393386Z subnet-evm_avalanchego    740f5ebb_v1.13.3   31e9b1300972   1 second ago   225MB
2025-07-28T18:55:19.0394136Z subnet-evm_avalanchego    testtag            31e9b1300972   1 second ago   225MB
2025-07-28T18:55:19.0394578Z avaplatform/avalanchego   v1.13.3            98c1bcc22e29   6 days ago     164MB
2025-07-28T18:55:19.0406771Z + target_images=('subnet-evm_avalanchego:testtag' 'subnet-evm_avalanchego:740f5ebb_v1.13.3')
2025-07-28T18:55:19.0407469Z + local target_images
2025-07-28T18:55:19.0407761Z + IFS=,
2025-07-28T18:55:19.0408280Z + read -r -a archarray
2025-07-28T18:55:19.0425869Z + for arch in "${archarray[@]}"
2025-07-28T18:55:19.0426533Z + for target_image in "${target_images[@]}"
2025-07-28T18:55:19.0427311Z + echo 'checking sanity of image subnet-evm_avalanchego:testtag for linux/amd64 by running '\''srEXiWaHuhNyGwPUi444Tu47ZEDwxTWrbQiuD7FmgSAQ6X7Dy version'\'''
2025-07-28T18:55:19.0428267Z checking sanity of image subnet-evm_avalanchego:testtag for linux/amd64 by running 'srEXiWaHuhNyGwPUi444Tu47ZEDwxTWrbQiuD7FmgSAQ6X7Dy version'
2025-07-28T18:55:19.0429264Z + docker run -t --rm --platform linux/amd64 subnet-evm_avalanchego:testtag /avalanchego/build/plugins/srEXiWaHuhNyGwPUi444Tu47ZEDwxTWrbQiuD7FmgSAQ6X7Dy --version
2025-07-28T18:55:19.2183942Z Subnet-EVM/v0.7.7@740f5ebbe5df6a0c1d20e5e4bc958b48e1ed9c6b [AvalancheGo=v1.13.3, rpcchainvm=42]
2025-07-28T18:55:19.2941768Z + for target_image in "${target_images[@]}"
2025-07-28T18:55:19.2944041Z + echo 'checking sanity of image subnet-evm_avalanchego:740f5ebb_v1.13.3 for linux/amd64 by running '\''srEXiWaHuhNyGwPUi444Tu47ZEDwxTWrbQiuD7FmgSAQ6X7Dy version'\'''
2025-07-28T18:55:19.2945949Z + docker run -t --rm --platform linux/amd64 subnet-evm_avalanchego:740f5ebb_v1.13.3 /avalanchego/build/plugins/srEXiWaHuhNyGwPUi444Tu47ZEDwxTWrbQiuD7FmgSAQ6X7Dy --version
2025-07-28T18:55:19.2947863Z checking sanity of image subnet-evm_avalanchego:740f5ebb_v1.13.3 for linux/amd64 by running 'srEXiWaHuhNyGwPUi444Tu47ZEDwxTWrbQiuD7FmgSAQ6X7Dy version'
2025-07-28T18:55:19.4558309Z Subnet-EVM/v0.7.7@740f5ebbe5df6a0c1d20e5e4bc958b48e1ed9c6b [AvalancheGo=v1.13.3, rpcchainvm=42]
2025-07-28T18:55:19.5231253Z + echo 'starting local docker registry to allow verification of multi-arch image builds'
2025-07-28T18:55:19.5232418Z starting local docker registry to allow verification of multi-arch image builds
2025-07-28T18:55:19.5234002Z ++ docker run --rm -d -P registry:2
2025-07-28T18:55:19.5345329Z Unable to find image 'registry:2' locally
2025-07-28T18:55:19.9950114Z 2: Pulling from library/registry
2025-07-28T18:55:20.1129146Z 44cf07d57ee4: Pulling fs layer
2025-07-28T18:55:20.1129595Z bbbdd6c6894b: Pulling fs layer
2025-07-28T18:55:20.1130014Z 8e82f80af0de: Pulling fs layer
2025-07-28T18:55:20.1130389Z 3493bf46cdec: Pulling fs layer
2025-07-28T18:55:20.1130766Z 6d464ea18732: Pulling fs layer
2025-07-28T18:55:20.1131126Z 3493bf46cdec: Waiting
2025-07-28T18:55:20.1131448Z 6d464ea18732: Waiting
2025-07-28T18:55:20.2265878Z bbbdd6c6894b: Verifying Checksum
2025-07-28T18:55:20.2266321Z bbbdd6c6894b: Download complete
2025-07-28T18:55:20.2718757Z 44cf07d57ee4: Verifying Checksum
2025-07-28T18:55:20.2719380Z 44cf07d57ee4: Download complete
2025-07-28T18:55:20.3258306Z 8e82f80af0de: Verifying Checksum
2025-07-28T18:55:20.3261200Z 8e82f80af0de: Download complete
2025-07-28T18:55:20.3381367Z 3493bf46cdec: Verifying Checksum
2025-07-28T18:55:20.3381761Z 3493bf46cdec: Download complete
2025-07-28T18:55:20.3744194Z 44cf07d57ee4: Pull complete
2025-07-28T18:55:20.4032511Z 6d464ea18732: Verifying Checksum
2025-07-28T18:55:20.4032940Z 6d464ea18732: Download complete
2025-07-28T18:55:20.4724889Z bbbdd6c6894b: Pull complete
2025-07-28T18:55:20.5626308Z 8e82f80af0de: Pull complete
2025-07-28T18:55:20.5710767Z 3493bf46cdec: Pull complete
2025-07-28T18:55:20.5795427Z 6d464ea18732: Pull complete
2025-07-28T18:55:20.5829282Z Digest: sha256:a3d8aaa63ed8681a604f1dea0aa03f100d5895b6a58ace528858a7b332415373
2025-07-28T18:55:20.5839334Z Status: Downloaded newer image for registry:2
2025-07-28T18:55:20.7281107Z + REGISTRY_CONTAINER_ID=6eae2cf709380425ead41ef6e3b40adc91a8b0dbde396cb791a902f81728932c
2025-07-28T18:55:20.7287358Z ++ docker port 6eae2cf709380425ead41ef6e3b40adc91a8b0dbde396cb791a902f81728932c 5000/tcp
2025-07-28T18:55:20.7305077Z ++ grep -v ::
2025-07-28T18:55:20.7305414Z ++ awk -F: '{print $NF}'
2025-07-28T18:55:20.7433079Z + REGISTRY_PORT=32768
2025-07-28T18:55:20.7433390Z starting docker builder that supports multiplatform builds
2025-07-28T18:55:20.7434031Z + echo 'starting docker builder that supports multiplatform builds'
2025-07-28T18:55:20.7434796Z + docker buildx create --use --name ci-builder --driver-opt network=host
2025-07-28T18:55:20.7908478Z ci-builder
2025-07-28T18:55:20.7939414Z + trap cleanup EXIT
2025-07-28T18:55:20.7939955Z + echo 'checking build of multi-arch images'
2025-07-28T18:55:20.7940401Z checking build of multi-arch images
2025-07-28T18:55:20.7941377Z + build_and_test localhost:32768/subnet-evm_avalanchego srEXiWaHuhNyGwPUi444Tu47ZEDwxTWrbQiuD7FmgSAQ6X7Dy true localhost:32768/avalanchego
2025-07-28T18:55:20.7942287Z + local imagename=localhost:32768/subnet-evm_avalanchego
2025-07-28T18:55:20.7942676Z + local vm_id=srEXiWaHuhNyGwPUi444Tu47ZEDwxTWrbQiuD7FmgSAQ6X7Dy
2025-07-28T18:55:20.7943143Z + local multiarch_image=true
2025-07-28T18:55:20.7943600Z + local avalanchego_local_image_name=localhost:32768/avalanchego
2025-07-28T18:55:20.7944084Z + [[ true == true ]]
2025-07-28T18:55:20.7944394Z + local arches=linux/amd64,linux/arm64
2025-07-28T18:55:20.7944750Z + local imgtag=testtag
2025-07-28T18:55:20.7944947Z + PLATFORMS=linux/amd64,linux/arm64
2025-07-28T18:55:20.7945172Z + BUILD_IMAGE_ID=testtag
2025-07-28T18:55:20.7945430Z + VM_ID=srEXiWaHuhNyGwPUi444Tu47ZEDwxTWrbQiuD7FmgSAQ6X7Dy
2025-07-28T18:55:20.7945756Z + IMAGE_NAME=localhost:32768/subnet-evm_avalanchego
2025-07-28T18:55:20.7946066Z + AVALANCHEGO_LOCAL_IMAGE_NAME=localhost:32768/avalanchego
2025-07-28T18:55:20.7946351Z + ./scripts/build_docker_image.sh
2025-07-28T18:55:20.8158188Z Using branch: 740f5eb
2025-07-28T18:55:21.1185397Z v1.13.3: Pulling from avaplatform/avalanchego
2025-07-28T18:55:21.1231490Z Digest: sha256:e48a8e19390c9af72e0fb5ad95633b0a78485cf0f4e25121fcd4f1128b41b102
2025-07-28T18:55:21.1232506Z Status: Image is up to date for avaplatform/avalanchego:v1.13.3
2025-07-28T18:55:21.1238625Z docker.io/avaplatform/avalanchego:v1.13.3
2025-07-28T18:55:21.1254974Z Building Docker Image: localhost:32768/subnet-evm_avalanchego:testtag based of AvalancheGo@v1.13.3
2025-07-28T18:55:21.1673758Z #0 building with "ci-builder" instance using docker-container driver
2025-07-28T18:55:21.1674232Z 
2025-07-28T18:55:21.1674368Z #1 [internal] booting buildkit
2025-07-28T18:55:21.3179576Z #1 pulling image moby/buildkit:buildx-stable-1
2025-07-28T18:55:24.8137322Z #1 pulling image moby/buildkit:buildx-stable-1 3.6s done
2025-07-28T18:55:24.9645503Z #1 creating container buildx_buildkit_ci-builder0
2025-07-28T18:55:25.1139773Z #1 creating container buildx_buildkit_ci-builder0 0.3s done
2025-07-28T18:55:25.2424899Z #1 DONE 3.9s
2025-07-28T18:55:25.2425127Z 
2025-07-28T18:55:25.2425599Z #2 [internal] load build definition from Dockerfile
2025-07-28T18:55:25.2426403Z #2 transferring dockerfile: 2.42kB done
2025-07-28T18:55:25.2426972Z #2 DONE 0.0s
2025-07-28T18:55:25.2427180Z 
2025-07-28T18:55:25.2427513Z #3 [auth] avaplatform/avalanchego:pull token for registry-1.docker.io
2025-07-28T18:55:25.3930808Z #3 DONE 0.0s
2025-07-28T18:55:25.3930983Z 
2025-07-28T18:55:25.3931161Z #4 [auth] library/golang:pull token for registry-1.docker.io
2025-07-28T18:55:25.3931497Z #4 DONE 0.0s
2025-07-28T18:55:25.3931609Z 
2025-07-28T18:55:25.3931877Z #5 [linux/arm64 internal] load metadata for docker.io/avaplatform/avalanchego:v1.13.3
2025-07-28T18:55:25.5995191Z #5 ...
2025-07-28T18:55:25.5995465Z 
2025-07-28T18:55:25.5995884Z #6 [linux/amd64 internal] load metadata for docker.io/avaplatform/avalanchego:v1.13.3
2025-07-28T18:55:25.5996513Z #6 DONE 0.4s
2025-07-28T18:55:25.7124139Z 
2025-07-28T18:55:25.7125316Z #5 [linux/arm64 internal] load metadata for docker.io/avaplatform/avalanchego:v1.13.3
2025-07-28T18:55:25.7126044Z #5 DONE 0.5s
2025-07-28T18:55:25.7126228Z 
2025-07-28T18:55:25.7126926Z #7 [linux/amd64 internal] load metadata for docker.io/library/golang:1.23.9-bookworm
2025-07-28T18:55:25.7127485Z #7 DONE 0.5s
2025-07-28T18:55:25.7127632Z 
2025-07-28T18:55:25.7127758Z #8 [internal] load .dockerignore
2025-07-28T18:55:25.7128101Z #8 transferring context: 105B done
2025-07-28T18:55:25.7128471Z #8 DONE 0.0s
2025-07-28T18:55:25.7128638Z 
2025-07-28T18:55:25.7129765Z #9 [linux/arm64 execution 1/2] FROM docker.io/avaplatform/avalanchego:v1.13.3@sha256:e48a8e19390c9af72e0fb5ad95633b0a78485cf0f4e25121fcd4f1128b41b102
2025-07-28T18:55:25.7131467Z #9 resolve docker.io/avaplatform/avalanchego:v1.13.3@sha256:e48a8e19390c9af72e0fb5ad95633b0a78485cf0f4e25121fcd4f1128b41b102 done
2025-07-28T18:55:25.8524449Z #9 sha256:4f4fb700ef54461cfa02571ae0db9a0dc1e0cdb5577484a6d75e68dc38e8acc1 32B / 32B 0.1s done
2025-07-28T18:55:25.8527573Z #9 sha256:fa4c382ed3ed4cf7d8e03a779d654ecbe423021a3275f0bf88bbabc074671010 123B / 123B 0.1s done
2025-07-28T18:55:25.8530348Z #9 sha256:e251ff45f0c3ffe1f5600bc10d06eccf81d884f989bc81e6a9eb5fca9a8b4bd3 6.29MB / 38.81MB 0.2s
2025-07-28T18:55:25.9658791Z #9 sha256:b3407f3b5b5beb45007b2980ccef71785b08dae5a2dcbdd91272f35c4c5e784f 5.10MB / 28.08MB 0.2s
2025-07-28T18:55:26.0789695Z #9 ...
2025-07-28T18:55:26.0789938Z 
2025-07-28T18:55:26.0790080Z #10 [internal] load build context
2025-07-28T18:55:26.0790527Z #10 transferring context: 13.24MB 0.3s done
2025-07-28T18:55:26.0790922Z #10 DONE 0.3s
2025-07-28T18:55:26.0791094Z 
2025-07-28T18:55:26.0791901Z #9 [linux/arm64 execution 1/2] FROM docker.io/avaplatform/avalanchego:v1.13.3@sha256:e48a8e19390c9af72e0fb5ad95633b0a78485cf0f4e25121fcd4f1128b41b102
2025-07-28T18:55:26.0793455Z #9 sha256:e251ff45f0c3ffe1f5600bc10d06eccf81d884f989bc81e6a9eb5fca9a8b4bd3 18.87MB / 38.81MB 0.3s
2025-07-28T18:55:26.0794561Z #9 sha256:b3407f3b5b5beb45007b2980ccef71785b08dae5a2dcbdd91272f35c4c5e784f 16.11MB / 28.08MB 0.3s
2025-07-28T18:55:26.2202539Z #9 sha256:e251ff45f0c3ffe1f5600bc10d06eccf81d884f989bc81e6a9eb5fca9a8b4bd3 26.21MB / 38.81MB 0.5s
2025-07-28T18:55:26.2204767Z #9 sha256:b3407f3b5b5beb45007b2980ccef71785b08dae5a2dcbdd91272f35c4c5e784f 28.08MB / 28.08MB 0.4s done
2025-07-28T18:55:26.2205762Z #9 extracting sha256:b3407f3b5b5beb45007b2980ccef71785b08dae5a2dcbdd91272f35c4c5e784f
2025-07-28T18:55:26.3702625Z #9 sha256:e251ff45f0c3ffe1f5600bc10d06eccf81d884f989bc81e6a9eb5fca9a8b4bd3 38.81MB / 38.81MB 0.6s done
2025-07-28T18:55:27.5149831Z #9 extracting sha256:b3407f3b5b5beb45007b2980ccef71785b08dae5a2dcbdd91272f35c4c5e784f 1.3s done
2025-07-28T18:55:27.5150969Z #9 extracting sha256:fa4c382ed3ed4cf7d8e03a779d654ecbe423021a3275f0bf88bbabc074671010 done
2025-07-28T18:55:27.5152349Z #9 extracting sha256:4f4fb700ef54461cfa02571ae0db9a0dc1e0cdb5577484a6d75e68dc38e8acc1 done
2025-07-28T18:55:27.5153353Z #9 extracting sha256:e251ff45f0c3ffe1f5600bc10d06eccf81d884f989bc81e6a9eb5fca9a8b4bd3
2025-07-28T18:55:27.9413249Z #9 extracting sha256:e251ff45f0c3ffe1f5600bc10d06eccf81d884f989bc81e6a9eb5fca9a8b4bd3 0.5s done
2025-07-28T18:55:27.9414059Z #9 DONE 2.3s
2025-07-28T18:55:27.9414259Z 
2025-07-28T18:55:27.9415736Z #11 [linux/amd64 builder 1/8] FROM docker.io/library/golang:1.23.9-bookworm@sha256:6a3aa4fd2c3e15bc8cb450e4a0ae353fb73b5f593bcbb5b25ffeee860cc2ec2a
2025-07-28T18:55:27.9417322Z #11 resolve docker.io/library/golang:1.23.9-bookworm@sha256:6a3aa4fd2c3e15bc8cb450e4a0ae353fb73b5f593bcbb5b25ffeee860cc2ec2a done
2025-07-28T18:55:27.9418538Z #11 sha256:05996fe98294b61bc5bf02c69305b84d9db840baad71fd1b5c2fd7cf1686088c 126B / 126B 0.1s done
2025-07-28T18:55:27.9420161Z #11 sha256:e10405b45d13228df144c8d42d389347041bf176392f5f9606fc4a4d7826647d 74.06MB / 74.06MB 1.0s done
2025-07-28T18:55:27.9421270Z #11 sha256:86e38a7bd2e6ef4808a08ab7f5de538ee046e73d5eed810956ebe5e2dd30967f 92.34MB / 92.34MB 1.1s done
2025-07-28T18:55:27.9422614Z #11 sha256:79b2f47ad4443652b9b5cc81a95ede249fd976310efdbee159f29638783778c0 64.40MB / 64.40MB 0.8s done
2025-07-28T18:55:27.9423695Z #11 sha256:37927ed901b1b2608b72796c6881bf645480268eca4ac9a37b9219e050bb4d84 24.02MB / 24.02MB 0.2s done
2025-07-28T18:55:27.9425055Z #11 sha256:3e6b9d1a95114e19f12262a4e8a59ad1d1a10ca7b82108adcf0605a200294964 48.49MB / 48.49MB 0.9s done
2025-07-28T18:55:27.9426027Z #11 extracting sha256:3e6b9d1a95114e19f12262a4e8a59ad1d1a10ca7b82108adcf0605a200294964
2025-07-28T18:55:28.1766335Z #11 ...
2025-07-28T18:55:28.1766554Z 
2025-07-28T18:55:28.1767188Z #12 [linux/amd64 execution 1/2] FROM docker.io/avaplatform/avalanchego:v1.13.3@sha256:e48a8e19390c9af72e0fb5ad95633b0a78485cf0f4e25121fcd4f1128b41b102
2025-07-28T18:55:28.1768674Z #12 resolve docker.io/avaplatform/avalanchego:v1.13.3@sha256:e48a8e19390c9af72e0fb5ad95633b0a78485cf0f4e25121fcd4f1128b41b102 0.0s done
2025-07-28T18:55:28.1769658Z #12 sha256:6b75f5ca9b51514ad71e26d2f17f7a4aec9a3836a2d1871cfbaa27285f71f266 123B / 123B 0.1s done
2025-07-28T18:55:28.1770489Z #12 sha256:b54ae1c8d5c84f1515a8f144cbe033004f66cbfbc512498336b79309bf0ac4a8 41.13MB / 41.13MB 0.8s done
2025-07-28T18:55:28.1771331Z #12 sha256:59e22667830bf04fb35e15ed9c70023e9d121719bb87f0db7f3159ee7c7e0b8d 28.23MB / 28.23MB 0.5s done
2025-07-28T18:55:28.1772319Z #12 extracting sha256:59e22667830bf04fb35e15ed9c70023e9d121719bb87f0db7f3159ee7c7e0b8d 1.1s done
2025-07-28T18:55:28.1773070Z #12 extracting sha256:6b75f5ca9b51514ad71e26d2f17f7a4aec9a3836a2d1871cfbaa27285f71f266 done
2025-07-28T18:55:28.1773753Z #12 extracting sha256:4f4fb700ef54461cfa02571ae0db9a0dc1e0cdb5577484a6d75e68dc38e8acc1 done
2025-07-28T18:55:28.1774521Z #12 extracting sha256:b54ae1c8d5c84f1515a8f144cbe033004f66cbfbc512498336b79309bf0ac4a8 0.5s done
2025-07-28T18:55:28.1775044Z #12 DONE 2.4s
2025-07-28T18:55:28.3259072Z 
2025-07-28T18:55:28.3260128Z #11 [linux/amd64 builder 1/8] FROM docker.io/library/golang:1.23.9-bookworm@sha256:6a3aa4fd2c3e15bc8cb450e4a0ae353fb73b5f593bcbb5b25ffeee860cc2ec2a
2025-07-28T18:55:28.9007683Z #11 extracting sha256:3e6b9d1a95114e19f12262a4e8a59ad1d1a10ca7b82108adcf0605a200294964 1.2s done
2025-07-28T18:55:28.9008427Z #11 DONE 3.3s
2025-07-28T18:55:29.0515717Z 
2025-07-28T18:55:29.0516770Z #11 [linux/amd64 builder 1/8] FROM docker.io/library/golang:1.23.9-bookworm@sha256:6a3aa4fd2c3e15bc8cb450e4a0ae353fb73b5f593bcbb5b25ffeee860cc2ec2a
2025-07-28T18:55:29.0518051Z #11 extracting sha256:37927ed901b1b2608b72796c6881bf645480268eca4ac9a37b9219e050bb4d84
2025-07-28T18:55:29.2588206Z #11 extracting sha256:37927ed901b1b2608b72796c6881bf645480268eca4ac9a37b9219e050bb4d84 0.4s done
2025-07-28T18:55:29.2589095Z #11 DONE 3.6s
2025-07-28T18:55:29.4093491Z 
2025-07-28T18:55:29.4094556Z #11 [linux/amd64 builder 1/8] FROM docker.io/library/golang:1.23.9-bookworm@sha256:6a3aa4fd2c3e15bc8cb450e4a0ae353fb73b5f593bcbb5b25ffeee860cc2ec2a
2025-07-28T18:55:29.4095837Z #11 extracting sha256:79b2f47ad4443652b9b5cc81a95ede249fd976310efdbee159f29638783778c0
2025-07-28T18:55:30.6393807Z #11 extracting sha256:79b2f47ad4443652b9b5cc81a95ede249fd976310efdbee159f29638783778c0 1.4s done
2025-07-28T18:55:30.6394636Z #11 DONE 5.0s
2025-07-28T18:55:30.7899026Z 
2025-07-28T18:55:30.7900737Z #11 [linux/amd64 builder 1/8] FROM docker.io/library/golang:1.23.9-bookworm@sha256:6a3aa4fd2c3e15bc8cb450e4a0ae353fb73b5f593bcbb5b25ffeee860cc2ec2a
2025-07-28T18:55:30.7901539Z #11 extracting sha256:86e38a7bd2e6ef4808a08ab7f5de538ee046e73d5eed810956ebe5e2dd30967f
2025-07-28T18:55:32.0153007Z #11 extracting sha256:86e38a7bd2e6ef4808a08ab7f5de538ee046e73d5eed810956ebe5e2dd30967f 1.4s done
2025-07-28T18:55:32.0153796Z #11 DONE 6.4s
2025-07-28T18:55:32.1658785Z 
2025-07-28T18:55:32.1660215Z #11 [linux/amd64 builder 1/8] FROM docker.io/library/golang:1.23.9-bookworm@sha256:6a3aa4fd2c3e15bc8cb450e4a0ae353fb73b5f593bcbb5b25ffeee860cc2ec2a
2025-07-28T18:55:32.1661541Z #11 extracting sha256:e10405b45d13228df144c8d42d389347041bf176392f5f9606fc4a4d7826647d
2025-07-28T18:55:34.7872116Z #11 extracting sha256:e10405b45d13228df144c8d42d389347041bf176392f5f9606fc4a4d7826647d 2.8s done
2025-07-28T18:55:34.7872975Z #11 DONE 9.1s
2025-07-28T18:55:34.9476230Z 
2025-07-28T18:55:34.9477493Z #11 [linux/amd64 builder 1/8] FROM docker.io/library/golang:1.23.9-bookworm@sha256:6a3aa4fd2c3e15bc8cb450e4a0ae353fb73b5f593bcbb5b25ffeee860cc2ec2a
2025-07-28T18:55:34.9478869Z #11 extracting sha256:05996fe98294b61bc5bf02c69305b84d9db840baad71fd1b5c2fd7cf1686088c done
2025-07-28T18:55:34.9479570Z #11 extracting sha256:4f4fb700ef54461cfa02571ae0db9a0dc1e0cdb5577484a6d75e68dc38e8acc1 done
2025-07-28T18:55:34.9480043Z #11 DONE 9.2s
2025-07-28T18:55:34.9480161Z 
2025-07-28T18:55:34.9480270Z #13 [linux/amd64 builder 2/8] WORKDIR /build
2025-07-28T18:55:37.8227504Z #13 DONE 3.0s
2025-07-28T18:55:38.0209305Z 
2025-07-28T18:55:38.0210163Z #14 [linux/amd64 builder 3/8] COPY go.mod go.sum avalanchego* ./
2025-07-28T18:55:38.0210577Z #14 DONE 0.0s
2025-07-28T18:55:38.0210699Z 
2025-07-28T18:55:38.0210866Z #15 [linux/amd64 builder 4/8] RUN go mod download && go mod tidy
2025-07-28T18:55:46.1564289Z #15 8.286 go: warning: "all" matched no packages
2025-07-28T18:55:48.2568548Z #15 DONE 10.4s
2025-07-28T18:55:48.4080361Z 
2025-07-28T18:55:48.4080750Z #16 [linux/amd64 builder 5/8] COPY . .
2025-07-28T18:55:48.7150918Z #16 DONE 0.5s
2025-07-28T18:55:48.8951081Z 
2025-07-28T18:55:48.8952345Z #17 [linux/amd64 builder 6/8] RUN [ -d ./build ] && rm -rf ./build/* || true
2025-07-28T18:55:48.8952947Z #17 DONE 0.1s
2025-07-28T18:55:48.8953121Z 
2025-07-28T18:55:48.8955174Z #18 [linux/amd64 builder 7/8] RUN if [ "linux/amd64" = "linux/arm64" ] && [ "linux/amd64" != "linux/arm64" ]; then   apt-get update && apt-get install -y gcc-aarch64-linux-gnu &&   echo "export CC=aarch64-linux-gnu-gcc" > ./build_env.sh   ; elif [ "linux/amd64" = "linux/amd64" ] && [ "linux/amd64" != "linux/amd64" ]; then   apt-get update && apt-get install -y gcc-x86-64-linux-gnu &&   echo "export CC=x86_64-linux-gnu-gcc" > ./build_env.sh   ; else   echo "export CC=gcc" > ./build_env.sh   ; fi
2025-07-28T18:55:48.8957498Z #18 DONE 0.1s
2025-07-28T18:55:48.8957672Z 
2025-07-28T18:55:48.8959768Z #19 [linux/amd64->arm64 builder 7/8] RUN if [ "linux/arm64" = "linux/arm64" ] && [ "linux/amd64" != "linux/arm64" ]; then   apt-get update && apt-get install -y gcc-aarch64-linux-gnu &&   echo "export CC=aarch64-linux-gnu-gcc" > ./build_env.sh   ; elif [ "linux/arm64" = "linux/amd64" ] && [ "linux/amd64" != "linux/amd64" ]; then   apt-get update && apt-get install -y gcc-x86-64-linux-gnu &&   echo "export CC=x86_64-linux-gnu-gcc" > ./build_env.sh   ; else   echo "export CC=gcc" > ./build_env.sh   ; fi
2025-07-28T18:55:49.0289644Z #19 0.170 Get:1 http://deb.debian.org/debian bookworm InRelease [151 kB]
2025-07-28T18:55:49.0290426Z #19 0.182 Get:2 http://deb.debian.org/debian bookworm-updates InRelease [55.4 kB]
2025-07-28T18:55:49.0297077Z #19 0.183 Get:3 http://deb.debian.org/debian-security bookworm-security InRelease [48.0 kB]
2025-07-28T18:55:49.0297969Z #19 0.249 Get:4 http://deb.debian.org/debian bookworm/main amd64 Packages [8793 kB]
2025-07-28T18:55:49.1741125Z #19 0.324 Get:5 http://deb.debian.org/debian bookworm-updates/main amd64 Packages [756 B]
2025-07-28T18:55:49.1742362Z #19 0.394 Get:6 http://deb.debian.org/debian-security bookworm-security/main amd64 Packages [272 kB]
2025-07-28T18:55:50.0092989Z #19 1.229 Fetched 9320 kB in 1s (8582 kB/s)
2025-07-28T18:55:50.7122635Z #19 1.229 Reading package lists...
2025-07-28T18:55:51.1747608Z #19 1.957 Reading package lists...
2025-07-28T18:55:51.3181377Z #19 2.405 Building dependency tree...
2025-07-28T18:55:51.4808993Z #19 2.538 Reading state information...
2025-07-28T18:55:51.4816806Z #19 2.630 The following additional packages will be installed:
2025-07-28T18:55:51.4818005Z #19 2.632   binutils-aarch64-linux-gnu cpp-12-aarch64-linux-gnu cpp-aarch64-linux-gnu
2025-07-28T18:55:51.4819431Z #19 2.632   gcc-12-aarch64-linux-gnu gcc-12-aarch64-linux-gnu-base gcc-12-cross-base
2025-07-28T18:55:51.4820421Z #19 2.632   libasan8-arm64-cross libatomic1-arm64-cross libc6-arm64-cross
2025-07-28T18:55:51.4821277Z #19 2.632   libc6-dev-arm64-cross libgcc-12-dev-arm64-cross libgcc-s1-arm64-cross
2025-07-28T18:55:51.4822579Z #19 2.632   libgomp1-arm64-cross libhwasan0-arm64-cross libitm1-arm64-cross
2025-07-28T18:55:51.4823869Z #19 2.632   liblsan0-arm64-cross libstdc++6-arm64-cross libtsan2-arm64-cross
2025-07-28T18:55:51.4825655Z #19 2.632   libubsan1-arm64-cross linux-libc-dev-arm64-cross
2025-07-28T18:55:51.4826387Z #19 2.633 Suggested packages:
2025-07-28T18:55:51.4827166Z #19 2.633   binutils-doc gcc-12-locales cpp-12-doc cpp-doc gcc-12-doc manpages-dev
2025-07-28T18:55:51.4828124Z #19 2.633   autoconf automake libtool flex bison gdb-aarch64-linux-gnu gcc-doc
2025-07-28T18:55:51.4828924Z #19 2.701 The following NEW packages will be installed:
2025-07-28T18:55:51.4829941Z #19 2.701   binutils-aarch64-linux-gnu cpp-12-aarch64-linux-gnu cpp-aarch64-linux-gnu
2025-07-28T18:55:51.4830761Z #19 2.701   gcc-12-aarch64-linux-gnu gcc-12-aarch64-linux-gnu-base gcc-12-cross-base
2025-07-28T18:55:51.5969104Z #19 2.701   gcc-aarch64-linux-gnu libasan8-arm64-cross libatomic1-arm64-cross
2025-07-28T18:55:51.5970677Z #19 2.701   libc6-arm64-cross libc6-dev-arm64-cross libgcc-12-dev-arm64-cross
2025-07-28T18:55:51.5982841Z #19 2.701   libgcc-s1-arm64-cross libgomp1-arm64-cross libhwasan0-arm64-cross
2025-07-28T18:55:51.5983973Z #19 2.702   libitm1-arm64-cross liblsan0-arm64-cross libstdc++6-arm64-cross
2025-07-28T18:55:51.5985837Z #19 2.702   libtsan2-arm64-cross libubsan1-arm64-cross linux-libc-dev-arm64-cross
2025-07-28T18:55:51.5986638Z #19 2.735 0 upgraded, 21 newly installed, 0 to remove and 5 not upgraded.
2025-07-28T18:55:51.5987223Z #19 2.735 Need to get 43.6 MB of archives.
2025-07-28T18:55:51.5987805Z #19 2.735 After this operation, 159 MB of additional disk space will be used.
2025-07-28T18:55:51.5988794Z #19 2.735 Get:1 http://deb.debian.org/debian bookworm/main amd64 binutils-aarch64-linux-gnu amd64 2.40-2 [3353 kB]
2025-07-28T18:55:51.5990026Z #19 2.767 Get:2 http://deb.debian.org/debian bookworm/main amd64 gcc-12-aarch64-linux-gnu-base amd64 12.2.0-14cross1 [37.7 kB]
2025-07-28T18:55:51.5991246Z #19 2.774 Get:3 http://deb.debian.org/debian bookworm/main amd64 cpp-12-aarch64-linux-gnu amd64 12.2.0-14cross1 [9150 kB]
2025-07-28T18:55:51.5992620Z #19 2.816 Get:4 http://deb.debian.org/debian bookworm/main amd64 cpp-aarch64-linux-gnu amd64 4:12.2.0-3 [3980 B]
2025-07-28T18:55:51.7234105Z #19 2.817 Get:5 http://deb.debian.org/debian bookworm/main amd64 gcc-12-cross-base all 12.2.0-14cross1 [33.2 kB]
2025-07-28T18:55:51.7242912Z #19 2.818 Get:6 http://deb.debian.org/debian bookworm/main amd64 libc6-arm64-cross all 2.36-8cross1 [1005 kB]
2025-07-28T18:55:51.7244101Z #19 2.823 Get:7 http://deb.debian.org/debian bookworm/main amd64 libgcc-s1-arm64-cross all 12.2.0-14cross1 [34.8 kB]
2025-07-28T18:55:51.7245293Z #19 2.825 Get:8 http://deb.debian.org/debian bookworm/main amd64 libgomp1-arm64-cross all 12.2.0-14cross1 [102 kB]
2025-07-28T18:55:51.7246472Z #19 2.825 Get:9 http://deb.debian.org/debian bookworm/main amd64 libitm1-arm64-cross all 12.2.0-14cross1 [23.5 kB]
2025-07-28T18:55:51.7247643Z #19 2.825 Get:10 http://deb.debian.org/debian bookworm/main amd64 libatomic1-arm64-cross all 12.2.0-14cross1 [9292 B]
2025-07-28T18:55:51.7248820Z #19 2.826 Get:11 http://deb.debian.org/debian bookworm/main amd64 libasan8-arm64-cross all 12.2.0-14cross1 [2097 kB]
2025-07-28T18:55:51.7250003Z #19 2.835 Get:12 http://deb.debian.org/debian bookworm/main amd64 liblsan0-arm64-cross all 12.2.0-14cross1 [926 kB]
2025-07-28T18:55:51.7251201Z #19 2.839 Get:13 http://deb.debian.org/debian bookworm/main amd64 libtsan2-arm64-cross all 12.2.0-14cross1 [2179 kB]
2025-07-28T18:55:51.7252702Z #19 2.848 Get:14 http://deb.debian.org/debian bookworm/main amd64 libstdc++6-arm64-cross all 12.2.0-14cross1 [514 kB]
2025-07-28T18:55:51.7253943Z #19 2.851 Get:15 http://deb.debian.org/debian bookworm/main amd64 libubsan1-arm64-cross all 12.2.0-14cross1 [861 kB]
2025-07-28T18:55:51.7255140Z #19 2.856 Get:16 http://deb.debian.org/debian bookworm/main amd64 libhwasan0-arm64-cross all 12.2.0-14cross1 [998 kB]
2025-07-28T18:55:51.7256355Z #19 2.861 Get:17 http://deb.debian.org/debian bookworm/main amd64 libgcc-12-dev-arm64-cross all 12.2.0-14cross1 [961 kB]
2025-07-28T18:55:51.7257577Z #19 2.867 Get:18 http://deb.debian.org/debian bookworm/main amd64 gcc-12-aarch64-linux-gnu amd64 12.2.0-14cross1 [18.0 MB]
2025-07-28T18:55:51.7259122Z #19 2.943 Get:19 http://deb.debian.org/debian bookworm/main amd64 gcc-aarch64-linux-gnu amd64 4:12.2.0-3 [1468 B]
2025-07-28T18:55:51.8844538Z #19 2.947 Get:20 http://deb.debian.org/debian bookworm/main amd64 linux-libc-dev-arm64-cross all 6.1.4-1cross1 [1815 kB]
2025-07-28T18:55:51.8846011Z #19 2.953 Get:21 http://deb.debian.org/debian bookworm/main amd64 libc6-dev-arm64-cross all 2.36-8cross1 [1424 kB]
2025-07-28T18:55:51.9049974Z #19 3.125 debconf: delaying package configuration, since apt-utils is not installed
2025-07-28T18:55:52.0057643Z #19 3.170 Fetched 43.6 MB in 0s (173 MB/s)
2025-07-28T18:55:52.0059107Z #19 3.203 Selecting previously unselected package binutils-aarch64-linux-gnu.
2025-07-28T18:55:52.0061230Z #19 3.203 (Reading database ... 
2025-07-28T18:55:52.0061636Z (Reading database ... 5%
2025-07-28T18:55:52.0062221Z (Reading database ... 10%
2025-07-28T18:55:52.0062618Z (Reading database ... 15%
2025-07-28T18:55:52.0062990Z (Reading database ... 20%
2025-07-28T18:55:52.0063383Z (Reading database ... 25%
2025-07-28T18:55:52.0063808Z (Reading database ... 30%
2025-07-28T18:55:52.0064149Z (Reading database ... 35%
2025-07-28T18:55:52.0064487Z (Reading database ... 40%
2025-07-28T18:55:52.0064820Z (Reading database ... 45%
2025-07-28T18:55:52.0065163Z (Reading database ... 50%
2025-07-28T18:55:52.0065489Z (Reading database ... 55%
2025-07-28T18:55:52.0065842Z (Reading database ... 60%
2025-07-28T18:55:52.0066200Z (Reading database ... 65%
2025-07-28T18:55:52.0066548Z (Reading database ... 70%
2025-07-28T18:55:52.0066881Z (Reading database ... 75%
2025-07-28T18:55:52.0067222Z (Reading database ... 80%
2025-07-28T18:55:52.0067559Z (Reading database ... 85%
2025-07-28T18:55:52.0067898Z (Reading database ... 90%
2025-07-28T18:55:52.0068241Z (Reading database ... 95%
2025-07-28T18:55:52.0068577Z (Reading database ... 100%
2025-07-28T18:55:52.0069083Z (Reading database ... 15609 files and directories currently installed.)
2025-07-28T18:55:52.0069891Z #19 3.222 Preparing to unpack .../00-binutils-aarch64-linux-gnu_2.40-2_amd64.deb ...
2025-07-28T18:55:52.0070626Z #19 3.226 Unpacking binutils-aarch64-linux-gnu (2.40-2) ...
2025-07-28T18:55:52.3829670Z #19 3.603 Selecting previously unselected package gcc-12-aarch64-linux-gnu-base:amd64.
2025-07-28T18:55:52.5857337Z #19 3.610 Preparing to unpack .../01-gcc-12-aarch64-linux-gnu-base_12.2.0-14cross1_amd64.deb ...
2025-07-28T18:55:52.5860345Z #19 3.611 Unpacking gcc-12-aarch64-linux-gnu-base:amd64 (12.2.0-14cross1) ...
2025-07-28T18:55:52.5861116Z #19 3.647 Selecting previously unselected package cpp-12-aarch64-linux-gnu.
2025-07-28T18:55:52.5862176Z #19 3.649 Preparing to unpack .../02-cpp-12-aarch64-linux-gnu_12.2.0-14cross1_amd64.deb ...
2025-07-28T18:55:52.5862943Z #19 3.655 Unpacking cpp-12-aarch64-linux-gnu (12.2.0-14cross1) ...
2025-07-28T18:55:53.1679651Z #19 4.388 Selecting previously unselected package cpp-aarch64-linux-gnu.
2025-07-28T18:55:53.4078984Z #19 4.390 Preparing to unpack .../03-cpp-aarch64-linux-gnu_4%3a12.2.0-3_amd64.deb ...
2025-07-28T18:55:53.4083604Z #19 4.393 Unpacking cpp-aarch64-linux-gnu (4:12.2.0-3) ...
2025-07-28T18:55:53.4084312Z #19 4.436 Selecting previously unselected package gcc-12-cross-base.
2025-07-28T18:55:53.4085053Z #19 4.441 Preparing to unpack .../04-gcc-12-cross-base_12.2.0-14cross1_all.deb ...
2025-07-28T18:55:53.4085727Z #19 4.449 Unpacking gcc-12-cross-base (12.2.0-14cross1) ...
2025-07-28T18:55:53.4086374Z #19 4.481 Selecting previously unselected package libc6-arm64-cross.
2025-07-28T18:55:53.4087102Z #19 4.487 Preparing to unpack .../05-libc6-arm64-cross_2.36-8cross1_all.deb ...
2025-07-28T18:55:53.4087746Z #19 4.488 Unpacking libc6-arm64-cross (2.36-8cross1) ...
2025-07-28T18:55:53.4088372Z #19 4.628 Selecting previously unselected package libgcc-s1-arm64-cross.
2025-07-28T18:55:53.5566298Z #19 4.632 Preparing to unpack .../06-libgcc-s1-arm64-cross_12.2.0-14cross1_all.deb ...
2025-07-28T18:55:53.5567421Z #19 4.633 Unpacking libgcc-s1-arm64-cross (12.2.0-14cross1) ...
2025-07-28T18:55:53.5568076Z #19 4.662 Selecting previously unselected package libgomp1-arm64-cross.
2025-07-28T18:55:53.5568779Z #19 4.667 Preparing to unpack .../07-libgomp1-arm64-cross_12.2.0-14cross1_all.deb ...
2025-07-28T18:55:53.5569401Z #19 4.668 Unpacking libgomp1-arm64-cross (12.2.0-14cross1) ...
2025-07-28T18:55:53.5569985Z #19 4.717 Selecting previously unselected package libitm1-arm64-cross.
2025-07-28T18:55:53.5570841Z #19 4.720 Preparing to unpack .../08-libitm1-arm64-cross_12.2.0-14cross1_all.deb ...
2025-07-28T18:55:53.5571433Z #19 4.727 Unpacking libitm1-arm64-cross (12.2.0-14cross1) ...
2025-07-28T18:55:53.5572207Z #19 4.776 Selecting previously unselected package libatomic1-arm64-cross.
2025-07-28T18:55:53.7463605Z #19 4.780 Preparing to unpack .../09-libatomic1-arm64-cross_12.2.0-14cross1_all.deb ...
2025-07-28T18:55:53.7464401Z #19 4.783 Unpacking libatomic1-arm64-cross (12.2.0-14cross1) ...
2025-07-28T18:55:53.7465100Z #19 4.809 Selecting previously unselected package libasan8-arm64-cross.
2025-07-28T18:55:53.7465880Z #19 4.815 Preparing to unpack .../10-libasan8-arm64-cross_12.2.0-14cross1_all.deb ...
2025-07-28T18:55:53.7466591Z #19 4.816 Unpacking libasan8-arm64-cross (12.2.0-14cross1) ...
2025-07-28T18:55:53.8349972Z #19 5.053 Selecting previously unselected package liblsan0-arm64-cross.
2025-07-28T18:55:53.9876711Z #19 5.056 Preparing to unpack .../11-liblsan0-arm64-cross_12.2.0-14cross1_all.deb ...
2025-07-28T18:55:53.9877544Z #19 5.059 Unpacking liblsan0-arm64-cross (12.2.0-14cross1) ...
2025-07-28T18:55:53.9878216Z #19 5.207 Selecting previously unselected package libtsan2-arm64-cross.
2025-07-28T18:55:54.1440668Z #19 5.211 Preparing to unpack .../12-libtsan2-arm64-cross_12.2.0-14cross1_all.deb ...
2025-07-28T18:55:54.1441681Z #19 5.214 Unpacking libtsan2-arm64-cross (12.2.0-14cross1) ...
2025-07-28T18:55:54.2657659Z #19 5.486 Selecting previously unselected package libstdc++6-arm64-cross.
2025-07-28T18:55:54.3781323Z #19 5.491 Preparing to unpack .../13-libstdc++6-arm64-cross_12.2.0-14cross1_all.deb ...
2025-07-28T18:55:54.3783803Z #19 5.494 Unpacking libstdc++6-arm64-cross (12.2.0-14cross1) ...
2025-07-28T18:55:54.3784495Z #19 5.598 Selecting previously unselected package libubsan1-arm64-cross.
2025-07-28T18:55:54.5063711Z #19 5.601 Preparing to unpack .../14-libubsan1-arm64-cross_12.2.0-14cross1_all.deb ...
2025-07-28T18:55:54.5064538Z #19 5.602 Unpacking libubsan1-arm64-cross (12.2.0-14cross1) ...
2025-07-28T18:55:54.5065258Z #19 5.726 Selecting previously unselected package libhwasan0-arm64-cross.
2025-07-28T18:55:54.6384078Z #19 5.730 Preparing to unpack .../15-libhwasan0-arm64-cross_12.2.0-14cross1_all.deb ...
2025-07-28T18:55:54.6386514Z #19 5.732 Unpacking libhwasan0-arm64-cross (12.2.0-14cross1) ...
2025-07-28T18:55:54.6387184Z #19 5.859 Selecting previously unselected package libgcc-12-dev-arm64-cross.
2025-07-28T18:55:54.7944618Z #19 5.862 Preparing to unpack .../16-libgcc-12-dev-arm64-cross_12.2.0-14cross1_all.deb ...
2025-07-28T18:55:54.7947695Z #19 5.864 Unpacking libgcc-12-dev-arm64-cross (12.2.0-14cross1) ...
2025-07-28T18:55:54.8002554Z #19 6.020 Selecting previously unselected package gcc-12-aarch64-linux-gnu.
2025-07-28T18:55:54.9613843Z #19 6.023 Preparing to unpack .../17-gcc-12-aarch64-linux-gnu_12.2.0-14cross1_amd64.deb ...
2025-07-28T18:55:54.9615031Z #19 6.029 Unpacking gcc-12-aarch64-linux-gnu (12.2.0-14cross1) ...
2025-07-28T18:55:55.8190267Z #19 7.039 Selecting previously unselected package gcc-aarch64-linux-gnu.
2025-07-28T18:55:56.0225511Z #19 7.045 Preparing to unpack .../18-gcc-aarch64-linux-gnu_4%3a12.2.0-3_amd64.deb ...
2025-07-28T18:55:56.0227153Z #19 7.046 Unpacking gcc-aarch64-linux-gnu (4:12.2.0-3) ...
2025-07-28T18:55:56.0228605Z #19 7.084 Selecting previously unselected package linux-libc-dev-arm64-cross.
2025-07-28T18:55:56.0229760Z #19 7.088 Preparing to unpack .../19-linux-libc-dev-arm64-cross_6.1.4-1cross1_all.deb ...
2025-07-28T18:55:56.0230792Z #19 7.092 Unpacking linux-libc-dev-arm64-cross (6.1.4-1cross1) ...
2025-07-28T18:55:56.1827624Z #19 7.402 Selecting previously unselected package libc6-dev-arm64-cross.
2025-07-28T18:55:56.3372681Z #19 7.405 Preparing to unpack .../20-libc6-dev-arm64-cross_2.36-8cross1_all.deb ...
2025-07-28T18:55:56.3373438Z #19 7.406 Unpacking libc6-dev-arm64-cross (2.36-8cross1) ...
2025-07-28T18:55:56.5100065Z #19 7.628 Setting up gcc-12-cross-base (12.2.0-14cross1) ...
2025-07-28T18:55:56.5101641Z #19 7.637 Setting up gcc-12-aarch64-linux-gnu-base:amd64 (12.2.0-14cross1) ...
2025-07-28T18:55:56.5103964Z #19 7.643 Setting up binutils-aarch64-linux-gnu (2.40-2) ...
2025-07-28T18:55:56.5104563Z #19 7.647 Setting up libc6-arm64-cross (2.36-8cross1) ...
2025-07-28T18:55:56.5108273Z #19 7.650 Setting up libitm1-arm64-cross (12.2.0-14cross1) ...
2025-07-28T18:55:56.5108975Z #19 7.653 Setting up linux-libc-dev-arm64-cross (6.1.4-1cross1) ...
2025-07-28T18:55:56.5109856Z #19 7.656 Setting up libgcc-s1-arm64-cross (12.2.0-14cross1) ...
2025-07-28T18:55:56.5110517Z #19 7.666 Setting up libatomic1-arm64-cross (12.2.0-14cross1) ...
2025-07-28T18:55:56.5111385Z #19 7.674 Setting up liblsan0-arm64-cross (12.2.0-14cross1) ...
2025-07-28T18:55:56.5112184Z #19 7.679 Setting up libgomp1-arm64-cross (12.2.0-14cross1) ...
2025-07-28T18:55:56.5112812Z #19 7.683 Setting up cpp-12-aarch64-linux-gnu (12.2.0-14cross1) ...
2025-07-28T18:55:56.5113458Z #19 7.686 Setting up libhwasan0-arm64-cross (12.2.0-14cross1) ...
2025-07-28T18:55:56.5114063Z #19 7.689 Setting up libc6-dev-arm64-cross (2.36-8cross1) ...
2025-07-28T18:55:56.5114715Z #19 7.700 Setting up libstdc++6-arm64-cross (12.2.0-14cross1) ...
2025-07-28T18:55:56.5115336Z #19 7.709 Setting up cpp-aarch64-linux-gnu (4:12.2.0-3) ...
2025-07-28T18:55:56.5115929Z #19 7.717 Setting up libasan8-arm64-cross (12.2.0-14cross1) ...
2025-07-28T18:55:56.5119085Z #19 7.721 Setting up libtsan2-arm64-cross (12.2.0-14cross1) ...
2025-07-28T18:55:56.5119722Z #19 7.730 Setting up libubsan1-arm64-cross (12.2.0-14cross1) ...
2025-07-28T18:55:56.5122258Z #19 7.730 Setting up libgcc-12-dev-arm64-cross (12.2.0-14cross1) ...
2025-07-28T18:55:56.6730597Z #19 7.733 Setting up gcc-12-aarch64-linux-gnu (12.2.0-14cross1) ...
2025-07-28T18:55:56.6731646Z #19 7.737 Setting up gcc-aarch64-linux-gnu (4:12.2.0-3) ...
2025-07-28T18:55:56.6732619Z #19 7.742 Processing triggers for libc-bin (2.36-9+deb12u10) ...
2025-07-28T18:55:56.9122697Z #19 DONE 8.1s
2025-07-28T18:55:56.9124121Z 
2025-07-28T18:55:56.9125753Z #20 [linux/amd64 builder 8/8] RUN . ./build_env.sh &&   echo "{CC=$CC, TARGETPLATFORM=linux/amd64, BUILDPLATFORM=linux/amd64}" &&   export GOARCH=$(echo linux/amd64 | cut -d / -f2) &&   export CURRENT_BRANCH=740f5eb &&   export SUBNET_EVM_COMMIT=740f5ebbe5df6a0c1d20e5e4bc958b48e1ed9c6b &&   ./scripts/build.sh build/subnet-evm
2025-07-28T18:55:56.9127791Z #20 0.049 {CC=gcc, TARGETPLATFORM=linux/amd64, BUILDPLATFORM=linux/amd64}
2025-07-28T18:55:56.9128359Z #20 0.070 Using branch: 740f5eb
2025-07-28T18:55:56.9129044Z #20 0.070 Building Subnet EVM @ GitCommit: 740f5ebbe5df6a0c1d20e5e4bc958b48e1ed9c6b at build/subnet-evm
2025-07-28T18:55:57.0168732Z #20 ...
2025-07-28T18:55:57.0173390Z 
2025-07-28T18:55:57.0175095Z #21 [linux/amd64->arm64 builder 8/8] RUN . ./build_env.sh &&   echo "{CC=$CC, TARGETPLATFORM=linux/arm64, BUILDPLATFORM=linux/amd64}" &&   export GOARCH=$(echo linux/arm64 | cut -d / -f2) &&   export CURRENT_BRANCH=740f5eb &&   export SUBNET_EVM_COMMIT=740f5ebbe5df6a0c1d20e5e4bc958b48e1ed9c6b &&   ./scripts/build.sh build/subnet-evm
2025-07-28T18:55:57.0177806Z #21 0.102 {CC=aarch64-linux-gnu-gcc, TARGETPLATFORM=linux/arm64, BUILDPLATFORM=linux/amd64}
2025-07-28T18:55:57.2088672Z #21 0.143 Using branch: 740f5eb
2025-07-28T18:55:57.2090043Z #21 0.144 Building Subnet EVM @ GitCommit: 740f5ebbe5df6a0c1d20e5e4bc958b48e1ed9c6b at build/subnet-evm
2025-07-28T18:57:46.9093650Z #21 ...
2025-07-28T18:57:46.9094230Z 
2025-07-28T18:57:46.9100185Z #20 [linux/amd64 builder 8/8] RUN . ./build_env.sh &&   echo "{CC=$CC, TARGETPLATFORM=linux/amd64, BUILDPLATFORM=linux/amd64}" &&   export GOARCH=$(echo linux/amd64 | cut -d / -f2) &&   export CURRENT_BRANCH=740f5eb &&   export SUBNET_EVM_COMMIT=740f5ebbe5df6a0c1d20e5e4bc958b48e1ed9c6b &&   ./scripts/build.sh build/subnet-evm
2025-07-28T18:57:46.9103211Z #20 DONE 118.0s
2025-07-28T18:57:47.1173820Z 
2025-07-28T18:57:47.1174956Z #22 [linux/amd64 execution 2/2] COPY --from=builder /build/build/subnet-evm /avalanchego/build/plugins/srEXiWaHuhNyGwPUi444Tu47ZEDwxTWrbQiuD7FmgSAQ6X7Dy
2025-07-28T18:57:47.1176031Z #22 DONE 0.2s
2025-07-28T18:57:47.1176570Z 
2025-07-28T18:57:47.1178132Z #21 [linux/amd64->arm64 builder 8/8] RUN . ./build_env.sh &&   echo "{CC=$CC, TARGETPLATFORM=linux/arm64, BUILDPLATFORM=linux/amd64}" &&   export GOARCH=$(echo linux/arm64 | cut -d / -f2) &&   export CURRENT_BRANCH=740f5eb &&   export SUBNET_EVM_COMMIT=740f5ebbe5df6a0c1d20e5e4bc958b48e1ed9c6b &&   ./scripts/build.sh build/subnet-evm
2025-07-28T18:57:57.7639849Z #21 DONE 120.8s
2025-07-28T18:57:57.9051012Z 
2025-07-28T18:57:57.9052287Z #23 [linux/arm64 execution 2/2] COPY --from=builder /build/build/subnet-evm /avalanchego/build/plugins/srEXiWaHuhNyGwPUi444Tu47ZEDwxTWrbQiuD7FmgSAQ6X7Dy
2025-07-28T18:57:57.9053575Z #23 DONE 0.1s
2025-07-28T18:57:58.0573535Z 
2025-07-28T18:57:58.0574182Z #24 exporting to image
2025-07-28T18:57:58.0574574Z #24 exporting layers
2025-07-28T18:57:59.8630979Z #24 exporting layers 2.0s done
2025-07-28T18:58:00.0428471Z #24 exporting manifest sha256:62851a23ac9ca3e638c9a1df86f254c13c9fad9906f88a477ae22d1199232ed9 done
2025-07-28T18:58:00.0429616Z #24 exporting config sha256:1c09023c8637a1053bef03018e8b410d6aaf0aec06b3a804706cb6819fd534fe done
2025-07-28T18:58:00.0430726Z #24 exporting attestation manifest sha256:f8b0852fab2a53143f8c20216c9ee713523090eb60ad0da2fdad339ab7783025 done
2025-07-28T18:58:00.0431848Z #24 exporting manifest sha256:6454a9494dbd772d65bc32ea0cf5654eb6947caa72d64bda4d16eb61e3332bfc done
2025-07-28T18:58:00.0433081Z #24 exporting config sha256:1e72a62c96b6d29f00cac6c6a83ab527e0367b60b8e5730f1eaf4dcae66d3700 done
2025-07-28T18:58:00.0434207Z #24 exporting attestation manifest sha256:abb5fc6dda52fc0d45c50c357316eb09f04f950557cce3a93411260bf26adbb2 done
2025-07-28T18:58:00.0435353Z #24 exporting manifest list sha256:e94d935315b046b6af46df3b737181f57b971f6266b97c7e24ac7b0ad2ade42f done
2025-07-28T18:58:00.0436084Z #24 pushing layers
2025-07-28T18:58:00.3258606Z #24 pushing layers 0.4s done
2025-07-28T18:58:00.3259653Z #24 pushing manifest for localhost:32768/subnet-evm_avalanchego:testtag@sha256:e94d935315b046b6af46df3b737181f57b971f6266b97c7e24ac7b0ad2ade42f
2025-07-28T18:58:00.3994271Z #24 pushing layers 0.0s done
2025-07-28T18:58:00.3995628Z #24 pushing manifest for localhost:32768/subnet-evm_avalanchego:testtag@sha256:e94d935315b046b6af46df3b737181f57b971f6266b97c7e24ac7b0ad2ade42f 0.0s done
2025-07-28T18:58:00.3997446Z #24 pushing manifest for localhost:32768/subnet-evm_avalanchego:740f5ebb_v1.13.3@sha256:e94d935315b046b6af46df3b737181f57b971f6266b97c7e24ac7b0ad2ade42f done
2025-07-28T18:58:00.3998499Z #24 DONE 2.5s
2025-07-28T18:58:00.4056547Z + echo 'listing images'
2025-07-28T18:58:00.4056914Z listing images
2025-07-28T18:58:00.4057197Z + docker images
2025-07-28T18:58:00.4172103Z REPOSITORY                TAG                IMAGE ID       CREATED         SIZE
2025-07-28T18:58:00.4172897Z subnet-evm_avalanchego    740f5ebb_v1.13.3   31e9b1300972   2 minutes ago   225MB
2025-07-28T18:58:00.4173680Z subnet-evm_avalanchego    testtag            31e9b1300972   2 minutes ago   225MB
2025-07-28T18:58:00.4174463Z avaplatform/avalanchego   v1.13.3            98c1bcc22e29   6 days ago      164MB
2025-07-28T18:58:00.4175187Z moby/buildkit             buildx-stable-1    72a94020693f   2 months ago    216MB
2025-07-28T18:58:00.4175816Z registry                  2                  26b2eb03618e   22 months ago   25.4MB
2025-07-28T18:58:00.4186266Z + target_images=('localhost:32768/subnet-evm_avalanchego:testtag' 'localhost:32768/subnet-evm_avalanchego:740f5ebb_v1.13.3')
2025-07-28T18:58:00.4187158Z + local target_images
2025-07-28T18:58:00.4187912Z + IFS=,
2025-07-28T18:58:00.4188176Z + read -r -a archarray
2025-07-28T18:58:00.4188495Z + for arch in "${archarray[@]}"
2025-07-28T18:58:00.4188880Z + for target_image in "${target_images[@]}"
2025-07-28T18:58:00.4189859Z + echo 'checking sanity of image localhost:32768/subnet-evm_avalanchego:testtag for linux/amd64 by running '\''srEXiWaHuhNyGwPUi444Tu47ZEDwxTWrbQiuD7FmgSAQ6X7Dy version'\'''
2025-07-28T18:58:00.4191214Z + docker run -t --rm --platform linux/amd64 localhost:32768/subnet-evm_avalanchego:testtag /avalanchego/build/plugins/srEXiWaHuhNyGwPUi444Tu47ZEDwxTWrbQiuD7FmgSAQ6X7Dy --version
2025-07-28T18:58:00.4192552Z checking sanity of image localhost:32768/subnet-evm_avalanchego:testtag for linux/amd64 by running 'srEXiWaHuhNyGwPUi444Tu47ZEDwxTWrbQiuD7FmgSAQ6X7Dy version'
2025-07-28T18:58:00.4299510Z Unable to find image 'localhost:32768/subnet-evm_avalanchego:testtag' locally
2025-07-28T18:58:00.4425479Z testtag: Pulling from subnet-evm_avalanchego
2025-07-28T18:58:00.4476236Z 59e22667830b: Already exists
2025-07-28T18:58:00.4488741Z 6b75f5ca9b51: Already exists
2025-07-28T18:58:00.4501182Z 4f4fb700ef54: Already exists
2025-07-28T18:58:00.4515242Z b54ae1c8d5c8: Already exists
2025-07-28T18:58:00.4524866Z 072cf7f00611: Pulling fs layer
2025-07-28T18:58:00.5121842Z 072cf7f00611: Verifying Checksum
2025-07-28T18:58:00.5122431Z 072cf7f00611: Download complete
2025-07-28T18:58:00.7889009Z 072cf7f00611: Pull complete
2025-07-28T18:58:00.7923490Z Digest: sha256:e94d935315b046b6af46df3b737181f57b971f6266b97c7e24ac7b0ad2ade42f
2025-07-28T18:58:00.7934981Z Status: Downloaded newer image for localhost:32768/subnet-evm_avalanchego:testtag
2025-07-28T18:58:00.9501447Z Subnet-EVM/v0.7.7@740f5ebbe5df6a0c1d20e5e4bc958b48e1ed9c6b [AvalancheGo=v1.13.3, rpcchainvm=42]
2025-07-28T18:58:01.0153342Z + for target_image in "${target_images[@]}"
2025-07-28T18:58:01.0154577Z checking sanity of image localhost:32768/subnet-evm_avalanchego:740f5ebb_v1.13.3 for linux/amd64 by running 'srEXiWaHuhNyGwPUi444Tu47ZEDwxTWrbQiuD7FmgSAQ6X7Dy version'
2025-07-28T18:58:01.0155783Z + echo 'checking sanity of image localhost:32768/subnet-evm_avalanchego:740f5ebb_v1.13.3 for linux/amd64 by running '\''srEXiWaHuhNyGwPUi444Tu47ZEDwxTWrbQiuD7FmgSAQ6X7Dy version'\'''
2025-07-28T18:58:01.0156936Z + docker run -t --rm --platform linux/amd64 localhost:32768/subnet-evm_avalanchego:740f5ebb_v1.13.3 /avalanchego/build/plugins/srEXiWaHuhNyGwPUi444Tu47ZEDwxTWrbQiuD7FmgSAQ6X7Dy --version
2025-07-28T18:58:01.0264405Z Unable to find image 'localhost:32768/subnet-evm_avalanchego:740f5ebb_v1.13.3' locally
2025-07-28T18:58:01.0368439Z 740f5ebb_v1.13.3: Pulling from subnet-evm_avalanchego
2025-07-28T18:58:01.0411609Z Digest: sha256:e94d935315b046b6af46df3b737181f57b971f6266b97c7e24ac7b0ad2ade42f
2025-07-28T18:58:01.0421079Z Status: Downloaded newer image for localhost:32768/subnet-evm_avalanchego:740f5ebb_v1.13.3
2025-07-28T18:58:01.2059386Z Subnet-EVM/v0.7.7@740f5ebbe5df6a0c1d20e5e4bc958b48e1ed9c6b [AvalancheGo=v1.13.3, rpcchainvm=42]
2025-07-28T18:58:01.2715324Z + for arch in "${archarray[@]}"
2025-07-28T18:58:01.2715804Z + for target_image in "${target_images[@]}"
2025-07-28T18:58:01.2716852Z + echo 'checking sanity of image localhost:32768/subnet-evm_avalanchego:testtag for linux/arm64 by running '\''srEXiWaHuhNyGwPUi444Tu47ZEDwxTWrbQiuD7FmgSAQ6X7Dy version'\'''
2025-07-28T18:58:01.2718010Z + docker run -t --rm --platform linux/arm64 localhost:32768/subnet-evm_avalanchego:testtag /avalanchego/build/plugins/srEXiWaHuhNyGwPUi444Tu47ZEDwxTWrbQiuD7FmgSAQ6X7Dy --version
2025-07-28T18:58:01.2719122Z checking sanity of image localhost:32768/subnet-evm_avalanchego:testtag for linux/arm64 by running 'srEXiWaHuhNyGwPUi444Tu47ZEDwxTWrbQiuD7FmgSAQ6X7Dy version'
2025-07-28T18:58:01.2869291Z Unable to find image 'localhost:32768/subnet-evm_avalanchego:testtag' locally
2025-07-28T18:58:01.2967595Z testtag: Pulling from subnet-evm_avalanchego
2025-07-28T18:58:01.3017494Z b3407f3b5b5b: Pulling fs layer
2025-07-28T18:58:01.3017940Z fa4c382ed3ed: Pulling fs layer
2025-07-28T18:58:01.3021256Z 4f4fb700ef54: Pulling fs layer
2025-07-28T18:58:01.3021787Z e251ff45f0c3: Pulling fs layer
2025-07-28T18:58:01.3022359Z 1545445c87d6: Pulling fs layer
2025-07-28T18:58:01.3022705Z e251ff45f0c3: Waiting
2025-07-28T18:58:01.3022999Z 1545445c87d6: Waiting
2025-07-28T18:58:01.3087210Z fa4c382ed3ed: Verifying Checksum
2025-07-28T18:58:01.3087783Z fa4c382ed3ed: Download complete
2025-07-28T18:58:01.3106088Z 4f4fb700ef54: Verifying Checksum
2025-07-28T18:58:01.3109776Z 4f4fb700ef54: Download complete
2025-07-28T18:58:01.3765744Z 1545445c87d6: Verifying Checksum
2025-07-28T18:58:01.3767276Z 1545445c87d6: Download complete
2025-07-28T18:58:01.3772918Z b3407f3b5b5b: Verifying Checksum
2025-07-28T18:58:01.3773448Z b3407f3b5b5b: Download complete
2025-07-28T18:58:01.4040472Z e251ff45f0c3: Verifying Checksum
2025-07-28T18:58:01.4040903Z e251ff45f0c3: Download complete
2025-07-28T18:58:02.5161209Z b3407f3b5b5b: Pull complete
2025-07-28T18:58:02.6752805Z fa4c382ed3ed: Pull complete
2025-07-28T18:58:02.7034360Z 4f4fb700ef54: Pull complete
2025-07-28T18:58:03.0760888Z e251ff45f0c3: Pull complete
2025-07-28T18:58:03.3314154Z 1545445c87d6: Pull complete
2025-07-28T18:58:03.3362982Z Digest: sha256:e94d935315b046b6af46df3b737181f57b971f6266b97c7e24ac7b0ad2ade42f
2025-07-28T18:58:03.3367773Z Status: Downloaded newer image for localhost:32768/subnet-evm_avalanchego:testtag
2025-07-28T18:58:04.0607618Z Subnet-EVM/v0.7.7@740f5ebbe5df6a0c1d20e5e4bc958b48e1ed9c6b [AvalancheGo=v1.13.3, rpcchainvm=42]
2025-07-28T18:58:04.1244207Z + for target_image in "${target_images[@]}"
2025-07-28T18:58:04.1245201Z + echo 'checking sanity of image localhost:32768/subnet-evm_avalanchego:740f5ebb_v1.13.3 for linux/arm64 by running '\''srEXiWaHuhNyGwPUi444Tu47ZEDwxTWrbQiuD7FmgSAQ6X7Dy version'\'''
2025-07-28T18:58:04.1246939Z + docker run -t --rm --platform linux/arm64 localhost:32768/subnet-evm_avalanchego:740f5ebb_v1.13.3 /avalanchego/build/plugins/srEXiWaHuhNyGwPUi444Tu47ZEDwxTWrbQiuD7FmgSAQ6X7Dy --version
2025-07-28T18:58:04.1248098Z checking sanity of image localhost:32768/subnet-evm_avalanchego:740f5ebb_v1.13.3 for linux/arm64 by running 'srEXiWaHuhNyGwPUi444Tu47ZEDwxTWrbQiuD7FmgSAQ6X7Dy version'
2025-07-28T18:58:04.1402775Z Unable to find image 'localhost:32768/subnet-evm_avalanchego:740f5ebb_v1.13.3' locally
2025-07-28T18:58:04.1490158Z 740f5ebb_v1.13.3: Pulling from subnet-evm_avalanchego
2025-07-28T18:58:04.1530123Z Digest: sha256:e94d935315b046b6af46df3b737181f57b971f6266b97c7e24ac7b0ad2ade42f
2025-07-28T18:58:04.1560951Z Status: Downloaded newer image for localhost:32768/subnet-evm_avalanchego:740f5ebb_v1.13.3
2025-07-28T18:58:04.8798960Z Subnet-EVM/v0.7.7@740f5ebbe5df6a0c1d20e5e4bc958b48e1ed9c6b [AvalancheGo=v1.13.3, rpcchainvm=42]
2025-07-28T18:58:04.9497230Z + cleanup
2025-07-28T18:58:04.9497594Z stopping local docker registry
2025-07-28T18:58:04.9497949Z + echo 'stopping local docker registry'
2025-07-28T18:58:04.9498555Z + docker stop 6eae2cf709380425ead41ef6e3b40adc91a8b0dbde396cb791a902f81728932c
2025-07-28T18:58:05.0553191Z 6eae2cf709380425ead41ef6e3b40adc91a8b0dbde396cb791a902f81728932c
2025-07-28T18:58:05.0569753Z + echo 'removing multiplatform builder'
2025-07-28T18:58:05.0570229Z removing multiplatform builder
2025-07-28T18:58:05.0570621Z + docker buildx rm ci-builder
2025-07-28T18:58:08.3856124Z ci-builder removed
2025-07-28T18:58:08.4640900Z Post job cleanup.
2025-07-28T18:58:08.5577385Z [command]/usr/bin/git version
2025-07-28T18:58:08.5614507Z git version 2.50.1
2025-07-28T18:58:08.5667351Z Temporarily overriding HOME='/home/runner/work/_temp/dbf765ff-52a5-4438-905d-a253071860dc' before making global git config changes
2025-07-28T18:58:08.5668570Z Adding repository directory to the temporary git global config as a safe directory
2025-07-28T18:58:08.5673865Z [command]/usr/bin/git config --global --add safe.directory /home/runner/work/subnet-evm/subnet-evm
2025-07-28T18:58:08.5709548Z [command]/usr/bin/git config --local --name-only --get-regexp core\.sshCommand
2025-07-28T18:58:08.5742819Z [command]/usr/bin/git submodule foreach --recursive sh -c "git config --local --name-only --get-regexp 'core\.sshCommand' && git config --local --unset-all 'core.sshCommand' || :"
2025-07-28T18:58:08.5970327Z [command]/usr/bin/git config --local --name-only --get-regexp http\.https\:\/\/github\.com\/\.extraheader
2025-07-28T18:58:08.5992649Z http.https://github.com/.extraheader
2025-07-28T18:58:08.6005865Z [command]/usr/bin/git config --local --unset-all http.https://github.com/.extraheader
2025-07-28T18:58:08.6036679Z [command]/usr/bin/git submodule foreach --recursive sh -c "git config --local --name-only --get-regexp 'http\.https\:\/\/github\.com\/\.extraheader' && git config --local --unset-all 'http.https://github.com/.extraheader' || :"
2025-07-28T18:58:08.6363874Z Cleaning up orphan processes
