2025-07-28T18:52:45.2070169Z Current runner version: '2.326.0'
2025-07-28T18:52:45.2102411Z ##[group]Runner Image Provisioner
2025-07-28T18:52:45.2103718Z Hosted Compute Agent
2025-07-28T18:52:45.2104723Z Version: 20250711.363
2025-07-28T18:52:45.2106036Z Commit: 6785254374ce925a23743850c1cb91912ce5c14c
2025-07-28T18:52:45.2107226Z Build Date: 2025-07-11T20:04:25Z
2025-07-28T18:52:45.2108455Z ##[endgroup]
2025-07-28T18:52:45.2109375Z ##[group]Operating System
2025-07-28T18:52:45.2110343Z Ubuntu
2025-07-28T18:52:45.2111395Z 24.04.2
2025-07-28T18:52:45.2112176Z LTS
2025-07-28T18:52:45.2112952Z ##[endgroup]
2025-07-28T18:52:45.2113822Z ##[group]Runner Image
2025-07-28T18:52:45.2114777Z Image: ubuntu-24.04
2025-07-28T18:52:45.2116007Z Version: 20250720.1.0
2025-07-28T18:52:45.2117735Z Included Software: https://github.com/actions/runner-images/blob/ubuntu24/20250720.1/images/ubuntu/Ubuntu2404-Readme.md
2025-07-28T18:52:45.2120696Z Image Release: https://github.com/actions/runner-images/releases/tag/ubuntu24%2F20250720.1
2025-07-28T18:52:45.2122477Z ##[endgroup]
2025-07-28T18:52:45.2127120Z ##[group]GITHUB_TOKEN Permissions
2025-07-28T18:52:45.2130100Z Actions: write
2025-07-28T18:52:45.2131070Z Attestations: write
2025-07-28T18:52:45.2131883Z Checks: write
2025-07-28T18:52:45.2132783Z Contents: write
2025-07-28T18:52:45.2133721Z Deployments: write
2025-07-28T18:52:45.2134653Z Discussions: write
2025-07-28T18:52:45.2135893Z Issues: write
2025-07-28T18:52:45.2136821Z Metadata: read
2025-07-28T18:52:45.2137731Z Models: read
2025-07-28T18:52:45.2138869Z Packages: write
2025-07-28T18:52:45.2139766Z Pages: write
2025-07-28T18:52:45.2140780Z PullRequests: write
2025-07-28T18:52:45.2141828Z RepositoryProjects: write
2025-07-28T18:52:45.2142891Z SecurityEvents: write
2025-07-28T18:52:45.2144141Z Statuses: write
2025-07-28T18:52:45.2145358Z ##[endgroup]
2025-07-28T18:52:45.2148178Z Secret source: Actions
2025-07-28T18:52:45.2149501Z Prepare workflow directory
2025-07-28T18:52:45.2619543Z Prepare all required actions
2025-07-28T18:52:45.2676675Z Getting action download info
2025-07-28T18:52:45.5559128Z ##[group]Download immutable action package 'actions/checkout@v4'
2025-07-28T18:52:45.5560218Z Version: 4.2.2
2025-07-28T18:52:45.5561285Z Digest: sha256:ccb2698953eaebd21c7bf6268a94f9c26518a7e38e27e0b83c1fe1ad049819b1
2025-07-28T18:52:45.5562397Z Source commit SHA: 11bd71901bbe5b1630ceea73d27597364c9af683
2025-07-28T18:52:45.5563188Z ##[endgroup]
2025-07-28T18:52:45.6374549Z ##[group]Download immutable action package 'actions/setup-go@v5'
2025-07-28T18:52:45.6375646Z Version: 5.5.0
2025-07-28T18:52:45.6376405Z Digest: sha256:f5eeb2233d0c6714b5236de9b44ad0b935014e15eeab3c28d73dc44c1c641ebb
2025-07-28T18:52:45.6377409Z Source commit SHA: d35c59abb061a4a6fb18e82ac0862c26744d6ab5
2025-07-28T18:52:45.6378123Z ##[endgroup]
2025-07-28T18:52:45.8752536Z ##[group]Download immutable action package 'actions/setup-node@v4'
2025-07-28T18:52:45.8753224Z Version: 4.4.0
2025-07-28T18:52:45.8753870Z Digest: sha256:9427cefe82346e992fb5b949e3569b39d537ae41aa3086483b14eceebfc16bc1
2025-07-28T18:52:45.8754726Z Source commit SHA: 49933ea5288caeca8642d1e84afbd3f7d6820020
2025-07-28T18:52:45.8755584Z ##[endgroup]
2025-07-28T18:52:45.9615216Z Download action repository 'ava-labs/avalanchego@e2bcbaffcb771ed08eda454d03d3001e558438f1' (SHA:e2bcbaffcb771ed08eda454d03d3001e558438f1)
2025-07-28T18:52:47.0321983Z Getting action download info
2025-07-28T18:52:47.1782321Z Download action repository 'cachix/install-nix-action@02a151ada4993995686f9ed4f1be7cfbb229e56f' (SHA:02a151ada4993995686f9ed4f1be7cfbb229e56f)
2025-07-28T18:52:47.3957397Z ##[group]Download immutable action package 'actions/upload-artifact@v4'
2025-07-28T18:52:47.3957906Z Version: 4.6.2
2025-07-28T18:52:47.3958341Z Digest: sha256:290722aa3281d5caf23d0acdc3dbeb3424786a1a01a9cc97e72f147225e37c38
2025-07-28T18:52:47.3958888Z Source commit SHA: ea165f8d65b6e75b540449e92b4886f43607fa02
2025-07-28T18:52:47.3959288Z ##[endgroup]
2025-07-28T18:52:47.5408447Z Complete job name: e2e warp tests
2025-07-28T18:52:47.6076883Z ##[group]Run actions/checkout@v4
2025-07-28T18:52:47.6077802Z with:
2025-07-28T18:52:47.6078098Z   fetch-depth: 0
2025-07-28T18:52:47.6078419Z   repository: ava-labs/subnet-evm
2025-07-28T18:52:47.6078926Z   token: ***
2025-07-28T18:52:47.6079230Z   ssh-strict: true
2025-07-28T18:52:47.6079530Z   ssh-user: git
2025-07-28T18:52:47.6079844Z   persist-credentials: true
2025-07-28T18:52:47.6080173Z   clean: true
2025-07-28T18:52:47.6080479Z   sparse-checkout-cone-mode: true
2025-07-28T18:52:47.6080843Z   fetch-tags: false
2025-07-28T18:52:47.6081140Z   show-progress: true
2025-07-28T18:52:47.6081443Z   lfs: false
2025-07-28T18:52:47.6081723Z   submodules: false
2025-07-28T18:52:47.6082034Z   set-safe-directory: true
2025-07-28T18:52:47.6082554Z ##[endgroup]
2025-07-28T18:52:47.7160222Z Syncing repository: ava-labs/subnet-evm
2025-07-28T18:52:47.7162532Z ##[group]Getting Git version info
2025-07-28T18:52:47.7163469Z Working directory is '/home/runner/work/subnet-evm/subnet-evm'
2025-07-28T18:52:47.7165466Z [command]/usr/bin/git version
2025-07-28T18:52:47.7186511Z git version 2.50.1
2025-07-28T18:52:47.7212209Z ##[endgroup]
2025-07-28T18:52:47.7224929Z Temporarily overriding HOME='/home/runner/work/_temp/4d56352b-8005-4f78-9976-f612e93cc5a3' before making global git config changes
2025-07-28T18:52:47.7226177Z Adding repository directory to the temporary git global config as a safe directory
2025-07-28T18:52:47.7229904Z [command]/usr/bin/git config --global --add safe.directory /home/runner/work/subnet-evm/subnet-evm
2025-07-28T18:52:47.7261896Z Deleting the contents of '/home/runner/work/subnet-evm/subnet-evm'
2025-07-28T18:52:47.7265446Z ##[group]Initializing the repository
2025-07-28T18:52:47.7269219Z [command]/usr/bin/git init /home/runner/work/subnet-evm/subnet-evm
2025-07-28T18:52:47.7323161Z hint: Using 'master' as the name for the initial branch. This default branch name
2025-07-28T18:52:47.7324253Z hint: is subject to change. To configure the initial branch name to use in all
2025-07-28T18:52:47.7325470Z hint: of your new repositories, which will suppress this warning, call:
2025-07-28T18:52:47.7326281Z hint:
2025-07-28T18:52:47.7326898Z hint: 	git config --global init.defaultBranch <name>
2025-07-28T18:52:47.7327404Z hint:
2025-07-28T18:52:47.7327817Z hint: Names commonly chosen instead of 'master' are 'main', 'trunk' and
2025-07-28T18:52:47.7328448Z hint: 'development'. The just-created branch can be renamed via this command:
2025-07-28T18:52:47.7328946Z hint:
2025-07-28T18:52:47.7329242Z hint: 	git branch -m <name>
2025-07-28T18:52:47.7329570Z hint:
2025-07-28T18:52:47.7330005Z hint: Disable this message with "git config set advice.defaultBranchName false"
2025-07-28T18:52:47.7330717Z Initialized empty Git repository in /home/runner/work/subnet-evm/subnet-evm/.git/
2025-07-28T18:52:47.7337212Z [command]/usr/bin/git remote add origin https://github.com/ava-labs/subnet-evm
2025-07-28T18:52:47.7367389Z ##[endgroup]
2025-07-28T18:52:47.7367985Z ##[group]Disabling automatic garbage collection
2025-07-28T18:52:47.7372557Z [command]/usr/bin/git config --local gc.auto 0
2025-07-28T18:52:47.7400544Z ##[endgroup]
2025-07-28T18:52:47.7401069Z ##[group]Setting up auth
2025-07-28T18:52:47.7407294Z [command]/usr/bin/git config --local --name-only --get-regexp core\.sshCommand
2025-07-28T18:52:47.7437712Z [command]/usr/bin/git submodule foreach --recursive sh -c "git config --local --name-only --get-regexp 'core\.sshCommand' && git config --local --unset-all 'core.sshCommand' || :"
2025-07-28T18:52:47.7685943Z [command]/usr/bin/git config --local --name-only --get-regexp http\.https\:\/\/github\.com\/\.extraheader
2025-07-28T18:52:47.7713563Z [command]/usr/bin/git submodule foreach --recursive sh -c "git config --local --name-only --get-regexp 'http\.https\:\/\/github\.com\/\.extraheader' && git config --local --unset-all 'http.https://github.com/.extraheader' || :"
2025-07-28T18:52:47.7929188Z [command]/usr/bin/git config --local http.https://github.com/.extraheader AUTHORIZATION: basic ***
2025-07-28T18:52:47.7964639Z ##[endgroup]
2025-07-28T18:52:47.7966106Z ##[group]Fetching the repository
2025-07-28T18:52:47.7974930Z [command]/usr/bin/git -c protocol.version=2 fetch --prune --no-recurse-submodules origin +refs/heads/*:refs/remotes/origin/* +refs/tags/*:refs/tags/* +740f5ebbe5df6a0c1d20e5e4bc958b48e1ed9c6b:refs/remotes/pull/1654/merge
2025-07-28T18:53:00.3369256Z From https://github.com/ava-labs/subnet-evm
2025-07-28T18:53:00.3370564Z  * [new branch]          0.7.2-avalanchego-v1.13.0-fuji-rc.2 -> origin/0.7.2-avalanchego-v1.13.0-fuji-rc.2
2025-07-28T18:53:00.3371890Z  * [new branch]          HelloWorldOfficialTutorial -> origin/HelloWorldOfficialTutorial
2025-07-28T18:53:00.3372952Z  * [new branch]          abi-fuzz-testing          -> origin/abi-fuzz-testing
2025-07-28T18:53:00.3374140Z  * [new branch]          abi-standardize           -> origin/abi-standardize
2025-07-28T18:53:00.3375498Z  * [new branch]          acceptor-queue            -> origin/acceptor-queue
2025-07-28T18:53:00.3378218Z  * [new branch]          acp-176                   -> origin/acp-176
2025-07-28T18:53:00.3379720Z  * [new branch]          acp-176-config            -> origin/acp-176-config
2025-07-28T18:53:00.3382220Z  * [new branch]          add-aggregator-unit-test  -> origin/add-aggregator-unit-test
2025-07-28T18:53:00.3384098Z  * [new branch]          add-cpu-profiling         -> origin/add-cpu-profiling
2025-07-28T18:53:00.3386859Z  * [new branch]          add-cross-chain-request-to-s-evm -> origin/add-cross-chain-request-to-s-evm
2025-07-28T18:53:00.3388364Z  * [new branch]          add-else                  -> origin/add-else
2025-07-28T18:53:00.3390846Z  * [new branch]          add-manager-role          -> origin/add-manager-role
2025-07-28T18:53:00.3392666Z  * [new branch]          add-max-cache-size        -> origin/add-max-cache-size
2025-07-28T18:53:00.3395418Z  * [new branch]          add-more-unit-tests-for-aggregator -> origin/add-more-unit-tests-for-aggregator
2025-07-28T18:53:00.3397306Z  * [new branch]          add-pong-request-to-s-evm -> origin/add-pong-request-to-s-evm
2025-07-28T18:53:00.3399517Z  * [new branch]          addTestScript             -> origin/addTestScript
2025-07-28T18:53:00.3401589Z  * [new branch]          ago-v1.7.17               -> origin/ago-v1.7.17
2025-07-28T18:53:00.3404624Z  * [new branch]          alarso16/acp176-config    -> origin/alarso16/acp176-config
2025-07-28T18:53:00.3407076Z  * [new branch]          align-big2                -> origin/align-big2
2025-07-28T18:53:00.3409236Z  * [new branch]          align-block-request       -> origin/align-block-request
2025-07-28T18:53:00.3411522Z  * [new branch]          always-sign-uptime        -> origin/always-sign-uptime
2025-07-28T18:53:00.3413862Z  * [new branch]          always-sign-validator-uptimes -> origin/always-sign-validator-uptimes
2025-07-28T18:53:00.3415735Z  * [new branch]          anr-functionality-test    -> origin/anr-functionality-test
2025-07-28T18:53:00.3418234Z  * [new branch]          anusha-test-remote-sync   -> origin/anusha-test-remote-sync
2025-07-28T18:53:00.3420119Z  * [new branch]          anusha-test-remove-verify -> origin/anusha-test-remove-verify
2025-07-28T18:53:00.3423219Z  * [new branch]          arr4n/allowlist-refactor  -> origin/arr4n/allowlist-refactor
2025-07-28T18:53:00.3425441Z  * [new branch]          arr4n/circular-dep-types-precompiles -> origin/arr4n/circular-dep-types-precompiles
2025-07-28T18:53:00.3427387Z  * [new branch]          arr4n/geth-1.13.14        -> origin/arr4n/geth-1.13.14
2025-07-28T18:53:00.3430088Z  * [new branch]          arr4n/geth-1.13.14-squashed -> origin/arr4n/geth-1.13.14-squashed
2025-07-28T18:53:00.3431627Z  * [new branch]          arr4n/gethclone           -> origin/arr4n/gethclone
2025-07-28T18:53:00.3434001Z  * [new branch]          arr4n/gethclone-extension -> origin/arr4n/gethclone-extension
2025-07-28T18:53:00.3436745Z  * [new branch]          arr4n/gethclone-stateful-precompiles -> origin/arr4n/gethclone-stateful-precompiles
2025-07-28T18:53:00.3438581Z  * [new branch]          arr4n/move-precompile-interfaces -> origin/arr4n/move-precompile-interfaces
2025-07-28T18:53:00.3440352Z  * [new branch]          arr4n/precompile-go-tests -> origin/arr4n/precompile-go-tests
2025-07-28T18:53:00.3442602Z  * [new branch]          arr4n/solc-downloader     -> origin/arr4n/solc-downloader
2025-07-28T18:53:00.3444739Z  * [new branch]          ava-lru                   -> origin/ava-lru
2025-07-28T18:53:00.3447229Z  * [new branch]          avago-databaseconfig      -> origin/avago-databaseconfig
2025-07-28T18:53:00.3449184Z  * [new branch]          avagobump-for-relayer     -> origin/avagobump-for-relayer
2025-07-28T18:53:00.3451425Z  * [new branch]          avalanche-boundaries      -> origin/avalanche-boundaries
2025-07-28T18:53:00.3453343Z  * [new branch]          avalanchego-v1.9.2        -> origin/avalanchego-v1.9.2
2025-07-28T18:53:00.3455999Z  * [new branch]          awm-precompile-interface  -> origin/awm-precompile-interface
2025-07-28T18:53:00.3458366Z  * [new branch]          awm-precompile-interface-nits -> origin/awm-precompile-interface-nits
2025-07-28T18:53:00.3460217Z  * [new branch]          batch-inner               -> origin/batch-inner
2025-07-28T18:53:00.3462668Z  * [new branch]          bench-storage-trie        -> origin/bench-storage-trie
2025-07-28T18:53:00.3464685Z  * [new branch]          bench-study               -> origin/bench-study
2025-07-28T18:53:00.3467244Z  * [new branch]          break-cyclic              -> origin/break-cyclic
2025-07-28T18:53:00.3468944Z  * [new branch]          bump-ago                  -> origin/bump-ago
2025-07-28T18:53:00.3472394Z  * [new branch]          bump-anr-nits             -> origin/bump-anr-nits
2025-07-28T18:53:00.3474145Z  * [new branch]          bump-avago-master         -> origin/bump-avago-master
2025-07-28T18:53:00.3477182Z  * [new branch]          bump-avalanchego-c-chain-warp -> origin/bump-avalanchego-c-chain-warp
2025-07-28T18:53:00.3478987Z  * [new branch]          changes-to-requester      -> origin/changes-to-requester
2025-07-28T18:53:00.3481348Z  * [new branch]          check-code-scanning       -> origin/check-code-scanning
2025-07-28T18:53:00.3483516Z  * [new branch]          ci-enabled-fuzz           -> origin/ci-enabled-fuzz
2025-07-28T18:53:00.3485849Z  * [new branch]          cleanup-client            -> origin/cleanup-client
2025-07-28T18:53:00.3488168Z  * [new branch]          cleanup-jobs              -> origin/cleanup-jobs
2025-07-28T18:53:00.3490492Z  * [new branch]          cleanup-upgrades          -> origin/cleanup-upgrades
2025-07-28T18:53:00.3493029Z  * [new branch]          config-mainnet-warp-optimization -> origin/config-mainnet-warp-optimization
2025-07-28T18:53:00.3495162Z  * [new branch]          config-test-suites        -> origin/config-test-suites
2025-07-28T18:53:00.3497850Z  * [new branch]          configurable-suggestpriceoptions -> origin/configurable-suggestpriceoptions
2025-07-28T18:53:00.3499853Z  * [new branch]          containerize-vm-runtime   -> origin/containerize-vm-runtime
2025-07-28T18:53:00.3502190Z  * [new branch]          coreth-0.12.4-sync-x      -> origin/coreth-0.12.4-sync-x
2025-07-28T18:53:00.3504473Z  * [new branch]          coreth-diff               -> origin/coreth-diff
2025-07-28T18:53:00.3507162Z  * [new branch]          coreth-diff-script        -> origin/coreth-diff-script
2025-07-28T18:53:00.3509658Z  * [new branch]          coreth-merge              -> origin/coreth-merge
2025-07-28T18:53:00.3511665Z  * [new branch]          coreth-test-0             -> origin/coreth-test-0
2025-07-28T18:53:00.3514171Z  * [new branch]          custom-log-format         -> origin/custom-log-format
2025-07-28T18:53:00.3517655Z  * [new branch]          darioush/simplify-ci-monitoring -> origin/darioush/simplify-ci-monitoring
2025-07-28T18:53:00.3519455Z  * [new branch]          debian-update-to-debian12 -> origin/debian-update-to-debian12
2025-07-28T18:53:00.3521960Z  * [new branch]          debug-cache-rate          -> origin/debug-cache-rate
2025-07-28T18:53:00.3524526Z  * [new branch]          debug-fee-config-manager  -> origin/debug-fee-config-manager
2025-07-28T18:53:00.3526666Z  * [new branch]          decouple-precompiles      -> origin/decouple-precompiles
2025-07-28T18:53:00.3529355Z  * [new branch]          decouple-precompiles-0    -> origin/decouple-precompiles-0
2025-07-28T18:53:00.3531334Z  * [new branch]          default-rejournal         -> origin/default-rejournal
2025-07-28T18:53:00.3534008Z  * [new branch]          delete-redundant-tests    -> origin/delete-redundant-tests
2025-07-28T18:53:00.3536013Z  * [new branch]          deleteme                  -> origin/deleteme
2025-07-28T18:53:00.3541357Z  * [new branch]          dependabot/github_actions/antithesishq/antithesis-trigger-action-0.9 -> origin/dependabot/github_actions/antithesishq/antithesis-trigger-action-0.9
2025-07-28T18:53:00.3543792Z  * [new branch]          dependabot/github_actions/docker/setup-buildx-action-3.11.1 -> origin/dependabot/github_actions/docker/setup-buildx-action-3.11.1
2025-07-28T18:53:00.3547230Z  * [new branch]          dependabot/github_actions/github/codeql-action-3.29.4 -> origin/dependabot/github_actions/github/codeql-action-3.29.4
2025-07-28T18:53:00.3550781Z  * [new branch]          dependabot/github_actions/golangci/golangci-lint-action-6.5.2 -> origin/dependabot/github_actions/golangci/golangci-lint-action-6.5.2
2025-07-28T18:53:00.3555492Z  * [new branch]          dependabot/go_modules/github.com/antithesishq/antithesis-sdk-go-0.4.4 -> origin/dependabot/go_modules/github.com/antithesishq/antithesis-sdk-go-0.4.4
2025-07-28T18:53:00.3558155Z  * [new branch]          dependabot/go_modules/github.com/docker/docker-24.0.6incompatible -> origin/dependabot/go_modules/github.com/docker/docker-24.0.6incompatible
2025-07-28T18:53:00.3561194Z  * [new branch]          dependabot/go_modules/github.com/go-cmd/cmd-1.4.3 -> origin/dependabot/go_modules/github.com/go-cmd/cmd-1.4.3
2025-07-28T18:53:00.3564533Z  * [new branch]          dependabot/go_modules/github.com/gorilla/rpc-1.2.1 -> origin/dependabot/go_modules/github.com/gorilla/rpc-1.2.1
2025-07-28T18:53:00.3567997Z  * [new branch]          dependabot/go_modules/github.com/spf13/viper-1.20.1 -> origin/dependabot/go_modules/github.com/spf13/viper-1.20.1
2025-07-28T18:53:00.3571767Z  * [new branch]          dependabot/npm_and_yarn/contracts/base-x-3.0.11 -> origin/dependabot/npm_and_yarn/contracts/base-x-3.0.11
2025-07-28T18:53:00.3573700Z  * [new branch]          dependabot/npm_and_yarn/contracts/multi-0ca592796f -> origin/dependabot/npm_and_yarn/contracts/multi-0ca592796f
2025-07-28T18:53:00.3576298Z  * [new branch]          dependabot/npm_and_yarn/contracts/multi-456de2e4f1 -> origin/dependabot/npm_and_yarn/contracts/multi-456de2e4f1
2025-07-28T18:53:00.3578792Z  * [new branch]          dependabot/npm_and_yarn/contracts/multi-997cdae7c5 -> origin/dependabot/npm_and_yarn/contracts/multi-997cdae7c5
2025-07-28T18:53:00.3581006Z  * [new branch]          dependabot/npm_and_yarn/contracts/multi-d371db0872 -> origin/dependabot/npm_and_yarn/contracts/multi-d371db0872
2025-07-28T18:53:00.3583211Z  * [new branch]          dependabot/npm_and_yarn/contracts/pbkdf2-3.1.3 -> origin/dependabot/npm_and_yarn/contracts/pbkdf2-3.1.3
2025-07-28T18:53:00.3585593Z  * [new branch]          dependabot/npm_and_yarn/contracts/secp256k1-4.0.4 -> origin/dependabot/npm_and_yarn/contracts/secp256k1-4.0.4
2025-07-28T18:53:00.3587757Z  * [new branch]          dev-setup-testing         -> origin/dev-setup-testing
2025-07-28T18:53:00.3590243Z  * [new branch]          docker-tag                -> origin/docker-tag
2025-07-28T18:53:00.3593304Z  * [new branch]          docs/avalanche-ops        -> origin/docs/avalanche-ops
2025-07-28T18:53:00.3595301Z  * [new branch]          e2e                       -> origin/e2e
2025-07-28T18:53:00.3597746Z  * [new branch]          e2e-testing-s-evm         -> origin/e2e-testing-s-evm
2025-07-28T18:53:00.3600101Z  * [new branch]          e2e-to-tmpnet-x           -> origin/e2e-to-tmpnet-x
2025-07-28T18:53:00.3602673Z  * [new branch]          e2e-use-local-uri         -> origin/e2e-use-local-uri
2025-07-28T18:53:00.3604697Z  * [new branch]          e2e-verbose-logging       -> origin/e2e-verbose-logging
2025-07-28T18:53:00.3607916Z  * [new branch]          e2e-warp-to-tmpnet-x      -> origin/e2e-warp-to-tmpnet-x
2025-07-28T18:53:00.3609838Z  * [new branch]          eth-call-depth-metrics    -> origin/eth-call-depth-metrics
2025-07-28T18:53:00.3613240Z  * [new branch]          feature/ci-avago-commitish -> origin/feature/ci-avago-commitish
2025-07-28T18:53:00.3615334Z  * [new branch]          final-changes-ccr-send    -> origin/final-changes-ccr-send
2025-07-28T18:53:00.3618136Z  * [new branch]          fix-antithesis-image-build -> origin/fix-antithesis-image-build
2025-07-28T18:53:00.3620120Z  * [new branch]          fix-build-protobuf        -> origin/fix-build-protobuf
2025-07-28T18:53:00.3622754Z  * [new branch]          fix-contexts              -> origin/fix-contexts
2025-07-28T18:53:00.3625295Z  * [new branch]          fix-docker-binaries-2     -> origin/fix-docker-binaries-2
2025-07-28T18:53:00.3627757Z  * [new branch]          fix-docker-push           -> origin/fix-docker-push
2025-07-28T18:53:00.3630189Z  * [new branch]          fix-goreleaser            -> origin/fix-goreleaser
2025-07-28T18:53:00.3632598Z  * [new branch]          fix-goroutine-leak        -> origin/fix-goroutine-leak
2025-07-28T18:53:00.3635366Z  * [new branch]          fix-issuance              -> origin/fix-issuance
2025-07-28T18:53:00.3637969Z  * [new branch]          fix-load-test             -> origin/fix-load-test
2025-07-28T18:53:00.3640302Z  * [new branch]          fix-shutdown-hang         -> origin/fix-shutdown-hang
2025-07-28T18:53:00.3642707Z  * [new branch]          fix-size-checks           -> origin/fix-size-checks
2025-07-28T18:53:00.3645266Z  * [new branch]          fix-v1.13.0-fuji-rc.2     -> origin/fix-v1.13.0-fuji-rc.2
2025-07-28T18:53:00.3647728Z  * [new branch]          fix-verdb                 -> origin/fix-verdb
2025-07-28T18:53:00.3650325Z  * [new branch]          fix-warp-events           -> origin/fix-warp-events
2025-07-28T18:53:00.3652570Z  * [new branch]          fuji-warp                 -> origin/fuji-warp
2025-07-28T18:53:00.3655354Z  * [new branch]          geth-master               -> origin/geth-master
2025-07-28T18:53:00.3657720Z  * [new branch]          geth-v.13.2-x             -> origin/geth-v.13.2-x
2025-07-28T18:53:00.3660063Z  * [new branch]          geth-v1.12.2-x            -> origin/geth-v1.12.2-x
2025-07-28T18:53:00.3662696Z  * [new branch]          geth-v1.13.14-sq          -> origin/geth-v1.13.14-sq
2025-07-28T18:53:00.3665351Z  * [new branch]          geth-v1.13.14-sq-arr4n-sq -> origin/geth-v1.13.14-sq-arr4n-sq
2025-07-28T18:53:00.3667820Z  * [new branch]          geth-v1.13.2-squashed-diff -> origin/geth-v1.13.2-squashed-diff
2025-07-28T18:53:00.3670260Z  * [new branch]          geth-v1.14.7              -> origin/geth-v1.14.7
2025-07-28T18:53:00.3672947Z  * [new branch]          geth-v1.14.7-sq           -> origin/geth-v1.14.7-sq
2025-07-28T18:53:00.3675475Z  * [new branch]          geth-v1.14.7-sq-reset     -> origin/geth-v1.14.7-sq-reset
2025-07-28T18:53:00.3680210Z  * [new branch]          gh-readonly-queue/master/pr-1557-8b0ef322b993fea02a4341fe023b31424388ac17 -> origin/gh-readonly-queue/master/pr-1557-8b0ef322b993fea02a4341fe023b31424388ac17
2025-07-28T18:53:00.3681908Z  * [new branch]          go-ethereum-1.11.4        -> origin/go-ethereum-1.11.4
2025-07-28T18:53:00.3684020Z  * [new branch]          handshake-codec           -> origin/handshake-codec
2025-07-28T18:53:00.3687015Z  * [new branch]          handshake-codec-deterministic-json -> origin/handshake-codec-deterministic-json
2025-07-28T18:53:00.3689300Z  * [new branch]          hello-world-tutorial-walkthrough -> origin/hello-world-tutorial-walkthrough
2025-07-28T18:53:00.3691998Z  * [new branch]          helloworld-official-tutorial-v2 -> origin/helloworld-official-tutorial-v2
2025-07-28T18:53:00.3695159Z  * [new branch]          helloworld-official-tutorial-v2-generate-test -> origin/helloworld-official-tutorial-v2-generate-test
2025-07-28T18:53:00.3696766Z  * [new branch]          iface-dependency          -> origin/iface-dependency
2025-07-28T18:53:00.3699694Z  * [new branch]          improve-log-v0.5.3        -> origin/improve-log-v0.5.3
2025-07-28T18:53:00.3702110Z  * [new branch]          inspector                 -> origin/inspector
2025-07-28T18:53:00.3704610Z  * [new branch]          journal-clean             -> origin/journal-clean
2025-07-28T18:53:00.3707284Z  * [new branch]          libevm                    -> origin/libevm
2025-07-28T18:53:00.3710109Z  * [new branch]          libevm-sync-codeql        -> origin/libevm-sync-codeql
2025-07-28T18:53:00.3712563Z  * [new branch]          load-test-best-config     -> origin/load-test-best-config
2025-07-28T18:53:00.3715345Z  * [new branch]          loadtestN                 -> origin/loadtestN
2025-07-28T18:53:00.3718068Z  * [new branch]          macos-goreleaser          -> origin/macos-goreleaser
2025-07-28T18:53:00.3720399Z  * [new branch]          master                    -> origin/master
2025-07-28T18:53:00.3723239Z  * [new branch]          merge-coreth-master       -> origin/merge-coreth-master
2025-07-28T18:53:00.3725861Z  * [new branch]          merge-geth                -> origin/merge-geth
2025-07-28T18:53:00.3728597Z  * [new branch]          merge-master-libevm-387bbc1 -> origin/merge-master-libevm-387bbc1
2025-07-28T18:53:00.3730879Z  * [new branch]          merkledb-experiment-y     -> origin/merkledb-experiment-y
2025-07-28T18:53:00.3733683Z  * [new branch]          migrate-coreth-v0.8.16-rc2 -> origin/migrate-coreth-v0.8.16-rc2
2025-07-28T18:53:00.3736564Z  * [new branch]          migrate-hardhat-to-ds-test-backup -> origin/migrate-hardhat-to-ds-test-backup
2025-07-28T18:53:00.3739041Z  * [new branch]          move-gas-limit-simplify   -> origin/move-gas-limit-simplify
2025-07-28T18:53:00.3741681Z  * [new branch]          multicoin-idea            -> origin/multicoin-idea
2025-07-28T18:53:00.3744051Z  * [new branch]          new-block-context-err     -> origin/new-block-context-err
2025-07-28T18:53:00.3747443Z  * [new branch]          nits-arr4n/geth-1.13.14   -> origin/nits-arr4n/geth-1.13.14
2025-07-28T18:53:00.3749693Z  * [new branch]          no-improvements           -> origin/no-improvements
2025-07-28T18:53:00.3752505Z  * [new branch]          off-chain-warp-messages   -> origin/off-chain-warp-messages
2025-07-28T18:53:00.3754737Z  * [new branch]          offchain-message-logging  -> origin/offchain-message-logging
2025-07-28T18:53:00.3757634Z  * [new branch]          only-load-test-ginkgo     -> origin/only-load-test-ginkgo
2025-07-28T18:53:00.3760168Z  * [new branch]          overflows-revisited       -> origin/overflows-revisited
2025-07-28T18:53:00.3762640Z  * [new branch]          peer-tracker-test         -> origin/peer-tracker-test
2025-07-28T18:53:00.3765428Z  * [new branch]          pod-yaml                  -> origin/pod-yaml
2025-07-28T18:53:00.3768179Z  * [new branch]          precompile-hello-world    -> origin/precompile-hello-world
2025-07-28T18:53:00.3770817Z  * [new branch]          precompile-template-testing -> origin/precompile-template-testing
2025-07-28T18:53:00.3773330Z  * [new branch]          precompile-tutorial-only  -> origin/precompile-tutorial-only
2025-07-28T18:53:00.3775893Z  * [new branch]          pruning                   -> origin/pruning
2025-07-28T18:53:00.3778791Z  * [new branch]          readmesubnet              -> origin/readmesubnet
2025-07-28T18:53:00.3781183Z  * [new branch]          refactor-config           -> origin/refactor-config
2025-07-28T18:53:00.3784832Z  * [new branch]          refactor-e2e-tests-5-node-network-bash -> origin/refactor-e2e-tests-5-node-network-bash
2025-07-28T18:53:00.3786923Z  * [new branch]          refactored-warp-precompile -> origin/refactored-warp-precompile
2025-07-28T18:53:00.3789804Z  * [new branch]          release-v0.6.4-fix-pebble -> origin/release-v0.6.4-fix-pebble
2025-07-28T18:53:00.3792353Z  * [new branch]          remote-docs               -> origin/remote-docs
2025-07-28T18:53:00.3794603Z  * [new branch]          remove-codeowner          -> origin/remove-codeowner
2025-07-28T18:53:00.3798210Z  * [new branch]          remove-get-message        -> origin/remove-get-message
2025-07-28T18:53:00.3800081Z  * [new branch]          remove-status             -> origin/remove-status
2025-07-28T18:53:00.3802911Z  * [new branch]          remove-unused-mux         -> origin/remove-unused-mux
2025-07-28T18:53:00.3805405Z  * [new branch]          remove-vm-dead-code       -> origin/remove-vm-dead-code
2025-07-28T18:53:00.3808173Z  * [new branch]          reprocess-before-setpreference -> origin/reprocess-before-setpreference
2025-07-28T18:53:00.3810127Z  * [new branch]          reproduceable-ci          -> origin/reproduceable-ci
2025-07-28T18:53:00.3812781Z  * [new branch]          restore-genesis-verify    -> origin/restore-genesis-verify
2025-07-28T18:53:00.3815129Z  * [new branch]          return-bytes              -> origin/return-bytes
2025-07-28T18:53:00.3817647Z  * [new branch]          run-linter                -> origin/run-linter
2025-07-28T18:53:00.3820289Z  * [new branch]          safe-balance-ops          -> origin/safe-balance-ops
2025-07-28T18:53:00.3822348Z  * [new branch]          sanity                    -> origin/sanity
2025-07-28T18:53:00.3825219Z  * [new branch]          send-multiple-gossip-txs  -> origin/send-multiple-gossip-txs
2025-07-28T18:53:00.3827484Z  * [new branch]          separate-precompiles      -> origin/separate-precompiles
2025-07-28T18:53:00.3829953Z  * [new branch]          separate-upgradeconfig    -> origin/separate-upgradeconfig
2025-07-28T18:53:00.3832356Z  * [new branch]          serialize-upgrade-config  -> origin/serialize-upgrade-config
2025-07-28T18:53:00.3835138Z  * [new branch]          setup-framework-for-ds-test -> origin/setup-framework-for-ds-test
2025-07-28T18:53:00.3837671Z  * [new branch]          shared-memory-precompile  -> origin/shared-memory-precompile
2025-07-28T18:53:00.3840243Z  * [new branch]          shared-memory-precompiles-regen0 -> origin/shared-memory-precompiles-regen0
2025-07-28T18:53:00.3842208Z  * [new branch]          simulator-2               -> origin/simulator-2
2025-07-28T18:53:00.3845251Z  * [new branch]          single-node-e2e-w         -> origin/single-node-e2e-w
2025-07-28T18:53:00.3847718Z  * [new branch]          single-predicate-verify-test -> origin/single-predicate-verify-test
2025-07-28T18:53:00.3850026Z  * [new branch]          specify-default-hashdb    -> origin/specify-default-hashdb
2025-07-28T18:53:00.3852553Z  * [new branch]          split-extra-data          -> origin/split-extra-data
2025-07-28T18:53:00.3855182Z  * [new branch]          start-release-cycle       -> origin/start-release-cycle
2025-07-28T18:53:00.3857677Z  * [new branch]          statesync-e2e             -> origin/statesync-e2e
2025-07-28T18:53:00.3860005Z  * [new branch]          subnet-evm-002            -> origin/subnet-evm-002
2025-07-28T18:53:00.3862555Z  * [new branch]          subnet-evm-002-wagmi      -> origin/subnet-evm-002-wagmi
2025-07-28T18:53:00.3865228Z  * [new branch]          subnet-evm-pod            -> origin/subnet-evm-pod
2025-07-28T18:53:00.3868011Z  * [new branch]          subnet-evm-rename-coreth  -> origin/subnet-evm-rename-coreth
2025-07-28T18:53:00.3870547Z  * [new branch]          sync-coreth-pr-1041-firewood-blockchain-ops -> origin/sync-coreth-pr-1041-firewood-blockchain-ops
2025-07-28T18:53:00.3872878Z  * [new branch]          sync-coreth-pr-1043-cleanup-statedb-extension -> origin/sync-coreth-pr-1043-cleanup-statedb-extension
2025-07-28T18:53:00.3875547Z  * [new branch]          sync-coreth-pr-987-add-granite-configs -> origin/sync-coreth-pr-987-add-granite-configs
2025-07-28T18:53:00.3877919Z  * [new branch]          sync-coreth-v0.12.4-rc0-xx -> origin/sync-coreth-v0.12.4-rc0-xx
2025-07-28T18:53:00.3880642Z  * [new branch]          teleporter-demo           -> origin/teleporter-demo
2025-07-28T18:53:00.3883153Z  * [new branch]          teleporter-demo-mod-sig-response -> origin/teleporter-demo-mod-sig-response
2025-07-28T18:53:00.3884526Z  * [new branch]          test-ago                  -> origin/test-ago
2025-07-28T18:53:00.3886965Z  * [new branch]          test-avago-updates        -> origin/test-avago-updates
2025-07-28T18:53:00.3888713Z  * [new branch]          test-branch-ci            -> origin/test-branch-ci
2025-07-28T18:53:00.3890815Z  * [new branch]          test-dockerfile           -> origin/test-dockerfile
2025-07-28T18:53:00.3893113Z  * [new branch]          test-hello-world-precompile-example -> origin/test-hello-world-precompile-example
2025-07-28T18:53:00.3894659Z  * [new branch]          test-libevm               -> origin/test-libevm
2025-07-28T18:53:00.3897234Z  * [new branch]          test_workers              -> origin/test_workers
2025-07-28T18:53:00.3899621Z  * [new branch]          testing-image-build-for-unmerged-commit-test -> origin/testing-image-build-for-unmerged-commit-test
2025-07-28T18:53:00.3904784Z  * [new branch]          tmp-master                -> origin/tmp-master
2025-07-28T18:53:00.3907265Z  * [new branch]          tmpnet-disjoint-validator-sets -> origin/tmpnet-disjoint-validator-sets
2025-07-28T18:53:00.3908897Z  * [new branch]          tps-fix                   -> origin/tps-fix
2025-07-28T18:53:00.3911155Z  * [new branch]          trie-prefetcher-alt       -> origin/trie-prefetcher-alt
2025-07-28T18:53:00.3913001Z  * [new branch]          trie-prefetcher-alt1      -> origin/trie-prefetcher-alt1
2025-07-28T18:53:00.3915246Z  * [new branch]          truncate-call-log         -> origin/truncate-call-log
2025-07-28T18:53:00.3917420Z  * [new branch]          tx-count-metrics          -> origin/tx-count-metrics
2025-07-28T18:53:00.3919263Z  * [new branch]          txpool-mutex              -> origin/txpool-mutex
2025-07-28T18:53:00.3921458Z  * [new branch]          typed-revert-error        -> origin/typed-revert-error
2025-07-28T18:53:00.3923294Z  * [new branch]          update-12.0-fuji          -> origin/update-12.0-fuji
2025-07-28T18:53:00.3925665Z  * [new branch]          update-avago-teleporter   -> origin/update-avago-teleporter
2025-07-28T18:53:00.3927721Z  * [new branch]          update-avalanchego        -> origin/update-avalanchego
2025-07-28T18:53:00.3929454Z  * [new branch]          update-subnet-evm         -> origin/update-subnet-evm
2025-07-28T18:53:00.3931588Z  * [new branch]          uptime-tracking-wip       -> origin/uptime-tracking-wip
2025-07-28T18:53:00.3933353Z  * [new branch]          use-libevm-params         -> origin/use-libevm-params
2025-07-28T18:53:00.3935693Z  * [new branch]          use-libevm-statedb        -> origin/use-libevm-statedb
2025-07-28T18:53:00.3937762Z  * [new branch]          v0.6.1-fix-client         -> origin/v0.6.1-fix-client
2025-07-28T18:53:00.3939536Z  * [new branch]          v1.7.17-rc.8              -> origin/v1.7.17-rc.8
2025-07-28T18:53:00.3941861Z  * [new branch]          validator-manager         -> origin/validator-manager
2025-07-28T18:53:00.3943725Z  * [new branch]          validator-metastate       -> origin/validator-metastate
2025-07-28T18:53:00.3946163Z  * [new branch]          verify-no-blobs           -> origin/verify-no-blobs
2025-07-28T18:53:00.3948316Z  * [new branch]          version-v0.6.0-fuji       -> origin/version-v0.6.0-fuji
2025-07-28T18:53:00.3950111Z  * [new branch]          vmerrs-putback            -> origin/vmerrs-putback
2025-07-28T18:53:00.3952642Z  * [new branch]          wagmi-upgrade-json        -> origin/wagmi-upgrade-json
2025-07-28T18:53:00.3954415Z  * [new branch]          warp-contract-feature     -> origin/warp-contract-feature
2025-07-28T18:53:00.3956691Z  * [new branch]          warp-contract-l           -> origin/warp-contract-l
2025-07-28T18:53:00.3958756Z  * [new branch]          warp-contract-l-repro     -> origin/warp-contract-l-repro
2025-07-28T18:53:00.3960641Z  * [new branch]          warp-contract-testing     -> origin/warp-contract-testing
2025-07-28T18:53:00.3963158Z  * [new branch]          warp-e2e                  -> origin/warp-e2e
2025-07-28T18:53:00.3964839Z  * [new branch]          warp-load-e2e             -> origin/warp-load-e2e
2025-07-28T18:53:00.3967792Z  * [new branch]          warp-load-e2e-bls-genesis-validators -> origin/warp-load-e2e-bls-genesis-validators
2025-07-28T18:53:00.3969324Z  * [new branch]          warp-load-test            -> origin/warp-load-test
2025-07-28T18:53:00.3971748Z  * [new branch]          warp-load-testing         -> origin/warp-load-testing
2025-07-28T18:53:00.3973543Z  * [new branch]          warp-network-run          -> origin/warp-network-run
2025-07-28T18:53:00.3975963Z  * [new branch]          warp-precompile           -> origin/warp-precompile
2025-07-28T18:53:00.3978065Z  * [new branch]          warp-precompile-on-accept -> origin/warp-precompile-on-accept
2025-07-28T18:53:00.3980371Z  * [new branch]          warp-requirePrimaryNetworkSignersAlt -> origin/warp-requirePrimaryNetworkSignersAlt
2025-07-28T18:53:00.3982068Z  * [new branch]          wip-script-ideas          -> origin/wip-script-ideas
2025-07-28T18:53:00.3983993Z  * [new branch]          worker-err-test           -> origin/worker-err-test
2025-07-28T18:53:00.3985325Z  * [new tag]             v0.0.0-apm-alpha          -> v0.0.0-apm-alpha
2025-07-28T18:53:00.3986791Z  * [new tag]             v0.0.1                    -> v0.0.1
2025-07-28T18:53:00.3988098Z  * [new tag]             v0.0.2                    -> v0.0.2
2025-07-28T18:53:00.3989316Z  * [new tag]             v0.1.0                    -> v0.1.0
2025-07-28T18:53:00.3990719Z  * [new tag]             v0.1.1                    -> v0.1.1
2025-07-28T18:53:00.3992116Z  * [new tag]             v0.1.2                    -> v0.1.2
2025-07-28T18:53:00.3993789Z  * [new tag]             v0.1.2-rc.0               -> v0.1.2-rc.0
2025-07-28T18:53:00.3995134Z  * [new tag]             v0.2.0                    -> v0.2.0
2025-07-28T18:53:00.3996586Z  * [new tag]             v0.2.1                    -> v0.2.1
2025-07-28T18:53:00.3998004Z  * [new tag]             v0.2.1-rc.0               -> v0.2.1-rc.0
2025-07-28T18:53:00.3999309Z  * [new tag]             v0.2.2                    -> v0.2.2
2025-07-28T18:53:00.4000718Z  * [new tag]             v0.2.3                    -> v0.2.3
2025-07-28T18:53:00.4002063Z  * [new tag]             v0.2.4                    -> v0.2.4
2025-07-28T18:53:00.4003443Z  * [new tag]             v0.2.5                    -> v0.2.5
2025-07-28T18:53:00.4004818Z  * [new tag]             v0.2.6                    -> v0.2.6
2025-07-28T18:53:00.4006408Z  * [new tag]             v0.2.7                    -> v0.2.7
2025-07-28T18:53:00.4007735Z  * [new tag]             v0.2.8                    -> v0.2.8
2025-07-28T18:53:00.4009114Z  * [new tag]             v0.2.9                    -> v0.2.9
2025-07-28T18:53:00.4010770Z  * [new tag]             v0.3.0                    -> v0.3.0
2025-07-28T18:53:00.4012003Z  * [new tag]             v0.3.0-rc.0               -> v0.3.0-rc.0
2025-07-28T18:53:00.4013394Z  * [new tag]             v0.4.0                    -> v0.4.0
2025-07-28T18:53:00.4014772Z  * [new tag]             v0.4.1                    -> v0.4.1
2025-07-28T18:53:00.4016385Z  * [new tag]             v0.4.1-rc.0               -> v0.4.1-rc.0
2025-07-28T18:53:00.4017678Z  * [new tag]             v0.4.1-rc.1               -> v0.4.1-rc.1
2025-07-28T18:53:00.4018988Z  * [new tag]             v0.4.1-rc.2               -> v0.4.1-rc.2
2025-07-28T18:53:00.4020398Z  * [new tag]             v0.4.1-rc.3               -> v0.4.1-rc.3
2025-07-28T18:53:00.4021549Z  * [new tag]             v0.4.1-rc.4               -> v0.4.1-rc.4
2025-07-28T18:53:00.4022780Z  * [new tag]             v0.4.1-rc.5               -> v0.4.1-rc.5
2025-07-28T18:53:00.4024166Z  * [new tag]             v0.4.10                   -> v0.4.10
2025-07-28T18:53:00.4025744Z  * [new tag]             v0.4.11                   -> v0.4.11
2025-07-28T18:53:00.4027150Z  * [new tag]             v0.4.11-rc.0              -> v0.4.11-rc.0
2025-07-28T18:53:00.4028712Z  * [new tag]             v0.4.12                   -> v0.4.12
2025-07-28T18:53:00.4029974Z  * [new tag]             v0.4.12-rc.0              -> v0.4.12-rc.0
2025-07-28T18:53:00.4031361Z  * [new tag]             v0.4.12-rc.1              -> v0.4.12-rc.1
2025-07-28T18:53:00.4032957Z  * [new tag]             v0.4.2                    -> v0.4.2
2025-07-28T18:53:00.4034219Z  * [new tag]             v0.4.2-rc.0               -> v0.4.2-rc.0
2025-07-28T18:53:00.4035772Z  * [new tag]             v0.4.2-rc.1               -> v0.4.2-rc.1
2025-07-28T18:53:00.4037085Z  * [new tag]             v0.4.2-rc.2               -> v0.4.2-rc.2
2025-07-28T18:53:00.4038433Z  * [new tag]             v0.4.2-rc.3               -> v0.4.2-rc.3
2025-07-28T18:53:00.4039801Z  * [new tag]             v0.4.2-rc.4               -> v0.4.2-rc.4
2025-07-28T18:53:00.4041201Z  * [new tag]             v0.4.2-rc.5               -> v0.4.2-rc.5
2025-07-28T18:53:00.4042623Z  * [new tag]             v0.4.2-rc.6               -> v0.4.2-rc.6
2025-07-28T18:53:00.4043894Z  * [new tag]             v0.4.2-rc.7               -> v0.4.2-rc.7
2025-07-28T18:53:00.4045230Z  * [new tag]             v0.4.2-rc.8               -> v0.4.2-rc.8
2025-07-28T18:53:00.4046504Z  * [new tag]             v0.4.2-rc.9               -> v0.4.2-rc.9
2025-07-28T18:53:00.4047927Z  * [new tag]             v0.4.3                    -> v0.4.3
2025-07-28T18:53:00.4049656Z  * [new tag]             v0.4.4                    -> v0.4.4
2025-07-28T18:53:00.4050707Z  * [new tag]             v0.4.4-rc.0               -> v0.4.4-rc.0
2025-07-28T18:53:00.4052351Z  * [new tag]             v0.4.5                    -> v0.4.5
2025-07-28T18:53:00.4053680Z  * [new tag]             v0.4.5-rc.0               -> v0.4.5-rc.0
2025-07-28T18:53:00.4055238Z  * [new tag]             v0.4.5-rc.1               -> v0.4.5-rc.1
2025-07-28T18:53:00.4056822Z  * [new tag]             v0.4.6                    -> v0.4.6
2025-07-28T18:53:00.4058131Z  * [new tag]             v0.4.6-rc.0               -> v0.4.6-rc.0
2025-07-28T18:53:00.4059406Z  * [new tag]             v0.4.6-rc.1               -> v0.4.6-rc.1
2025-07-28T18:53:00.4060774Z  * [new tag]             v0.4.7                    -> v0.4.7
2025-07-28T18:53:00.4062011Z  * [new tag]             v0.4.7-rc.0               -> v0.4.7-rc.0
2025-07-28T18:53:00.4063637Z  * [new tag]             v0.4.8                    -> v0.4.8
2025-07-28T18:53:00.4065090Z  * [new tag]             v0.4.8-rc.0               -> v0.4.8-rc.0
2025-07-28T18:53:00.4066828Z  * [new tag]             v0.4.9                    -> v0.4.9
2025-07-28T18:53:00.4068062Z  * [new tag]             v0.4.9-rc.0               -> v0.4.9-rc.0
2025-07-28T18:53:00.4069662Z  * [new tag]             v0.4.9-rc.1               -> v0.4.9-rc.1
2025-07-28T18:53:00.4070988Z  * [new tag]             v0.4.9-rc.2               -> v0.4.9-rc.2
2025-07-28T18:53:00.4072401Z  * [new tag]             v0.5.0                    -> v0.5.0
2025-07-28T18:53:00.4074040Z  * [new tag]             v0.5.0-fuji               -> v0.5.0-fuji
2025-07-28T18:53:00.4075458Z  * [new tag]             v0.5.0-fuji-1             -> v0.5.0-fuji-1
2025-07-28T18:53:00.4076903Z  * [new tag]             v0.5.0-fuji-rc.0          -> v0.5.0-fuji-rc.0
2025-07-28T18:53:00.4078245Z  * [new tag]             v0.5.1                    -> v0.5.1
2025-07-28T18:53:00.4079917Z  * [new tag]             v0.5.1-warp-rc.0          -> v0.5.1-warp-rc.0
2025-07-28T18:53:00.4081171Z  * [new tag]             v0.5.10                   -> v0.5.10
2025-07-28T18:53:00.4082609Z  * [new tag]             v0.5.10-rc.0              -> v0.5.10-rc.0
2025-07-28T18:53:00.4084075Z  * [new tag]             v0.5.11                   -> v0.5.11
2025-07-28T18:53:00.4086051Z  * [new tag]             v0.5.11-rc.0              -> v0.5.11-rc.0
2025-07-28T18:53:00.4087231Z  * [new tag]             v0.5.11-rc.1              -> v0.5.11-rc.1
2025-07-28T18:53:00.4089128Z  * [new tag]             v0.5.2                    -> v0.5.2
2025-07-28T18:53:00.4090635Z  * [new tag]             v0.5.2-call-depth-metrics -> v0.5.2-call-depth-metrics
2025-07-28T18:53:00.4091838Z  * [new tag]             v0.5.2-rc.0               -> v0.5.2-rc.0
2025-07-28T18:53:00.4093113Z  * [new tag]             v0.5.2-warp-rc.0          -> v0.5.2-warp-rc.0
2025-07-28T18:53:00.4094591Z  * [new tag]             v0.5.3                    -> v0.5.3
2025-07-28T18:53:00.4096287Z  * [new tag]             v0.5.3-coreth-sync-rc     -> v0.5.3-coreth-sync-rc
2025-07-28T18:53:00.4097701Z  * [new tag]             v0.5.4                    -> v0.5.4
2025-07-28T18:53:00.4099421Z  * [new tag]             v0.5.4-rc.0               -> v0.5.4-rc.0
2025-07-28T18:53:00.4100580Z  * [new tag]             v0.5.4-rc.1               -> v0.5.4-rc.1
2025-07-28T18:53:00.4102301Z  * [new tag]             v0.5.4-rc.2               -> v0.5.4-rc.2
2025-07-28T18:53:00.4103647Z  * [new tag]             v0.5.5                    -> v0.5.5
2025-07-28T18:53:00.4105409Z  * [new tag]             v0.5.6                    -> v0.5.6
2025-07-28T18:53:00.4106861Z  * [new tag]             v0.5.6-fuji-warp          -> v0.5.6-fuji-warp
2025-07-28T18:53:00.4108595Z  * [new tag]             v0.5.7                    -> v0.5.7
2025-07-28T18:53:00.4110037Z  * [new tag]             v0.5.7-rc.0               -> v0.5.7-rc.0
2025-07-28T18:53:00.4111732Z  * [new tag]             v0.5.8                    -> v0.5.8
2025-07-28T18:53:00.4113144Z  * [new tag]             v0.5.8-rc.0               -> v0.5.8-rc.0
2025-07-28T18:53:00.4114841Z  * [new tag]             v0.5.8-rc.1               -> v0.5.8-rc.1
2025-07-28T18:53:00.4116763Z  * [new tag]             v0.5.8-rc.2               -> v0.5.8-rc.2
2025-07-28T18:53:00.4118234Z  * [new tag]             v0.5.9                    -> v0.5.9
2025-07-28T18:53:00.4119827Z  * [new tag]             v0.5.9-rc.0               -> v0.5.9-rc.0
2025-07-28T18:53:00.4121252Z  * [new tag]             v0.5.9-rc.1               -> v0.5.9-rc.1
2025-07-28T18:53:00.4122949Z  * [new tag]             v0.5.9-rc.2               -> v0.5.9-rc.2
2025-07-28T18:53:00.4124379Z  * [new tag]             v0.6.0                    -> v0.6.0
2025-07-28T18:53:00.4125982Z  * [new tag]             v0.6.0-fuji               -> v0.6.0-fuji
2025-07-28T18:53:00.4127697Z  * [new tag]             v0.6.1                    -> v0.6.1
2025-07-28T18:53:00.4129113Z  * [new tag]             v0.6.10                   -> v0.6.10
2025-07-28T18:53:00.4130826Z  * [new tag]             v0.6.10-rc.0              -> v0.6.10-rc.0
2025-07-28T18:53:00.4132430Z  * [new tag]             v0.6.11                   -> v0.6.11
2025-07-28T18:53:00.4133638Z  * [new tag]             v0.6.11-rc.0              -> v0.6.11-rc.0
2025-07-28T18:53:00.4135658Z  * [new tag]             v0.6.12                   -> v0.6.12
2025-07-28T18:53:00.4136916Z  * [new tag]             v0.6.12-fuji-example      -> v0.6.12-fuji-example
2025-07-28T18:53:00.4138411Z  * [new tag]             v0.6.12-rc.0              -> v0.6.12-rc.0
2025-07-28T18:53:00.4140196Z  * [new tag]             v0.6.12-rc.1              -> v0.6.12-rc.1
2025-07-28T18:53:00.4141616Z  * [new tag]             v0.6.2                    -> v0.6.2
2025-07-28T18:53:00.4143479Z  * [new tag]             v0.6.3                    -> v0.6.3
2025-07-28T18:53:00.4144908Z  * [new tag]             v0.6.3-rc.0               -> v0.6.3-rc.0
2025-07-28T18:53:00.4146889Z  * [new tag]             v0.6.4                    -> v0.6.4
2025-07-28T18:53:00.4148595Z  * [new tag]             v0.6.4-rc.0               -> v0.6.4-rc.0
2025-07-28T18:53:00.4150061Z  * [new tag]             v0.6.4-rc.1               -> v0.6.4-rc.1
2025-07-28T18:53:00.4151482Z  * [new tag]             v0.6.4-rc.2               -> v0.6.4-rc.2
2025-07-28T18:53:00.4153520Z  * [new tag]             v0.6.5                    -> v0.6.5
2025-07-28T18:53:00.4155464Z  * [new tag]             v0.6.5-geth-1.13.8        -> v0.6.5-geth-1.13.8
2025-07-28T18:53:00.4156695Z  * [new tag]             v0.6.5-rc.0               -> v0.6.5-rc.0
2025-07-28T18:53:00.4158457Z  * [new tag]             v0.6.5-rc.1               -> v0.6.5-rc.1
2025-07-28T18:53:00.4160257Z  * [new tag]             v0.6.6                    -> v0.6.6
2025-07-28T18:53:00.4161586Z  * [new tag]             v0.6.6-rc.0               -> v0.6.6-rc.0
2025-07-28T18:53:00.4163178Z  * [new tag]             v0.6.7                    -> v0.6.7
2025-07-28T18:53:00.4165135Z  * [new tag]             v0.6.7-rc.0               -> v0.6.7-rc.0
2025-07-28T18:53:00.4166836Z  * [new tag]             v0.6.8                    -> v0.6.8
2025-07-28T18:53:00.4168291Z  * [new tag]             v0.6.8-acp-118-handlers   -> v0.6.8-acp-118-handlers
2025-07-28T18:53:00.4169827Z  * [new tag]             v0.6.8-geth-v1.13.14      -> v0.6.8-geth-v1.13.14
2025-07-28T18:53:00.4171565Z  * [new tag]             v0.6.8-rc.0               -> v0.6.8-rc.0
2025-07-28T18:53:00.4172756Z  * [new tag]             v0.6.8-rc.1               -> v0.6.8-rc.1
2025-07-28T18:53:00.4174498Z  * [new tag]             v0.6.8-rc.2               -> v0.6.8-rc.2
2025-07-28T18:53:00.4175996Z  * [new tag]             v0.6.8-rc.3               -> v0.6.8-rc.3
2025-07-28T18:53:00.4177803Z  * [new tag]             v0.6.8-status-removal     -> v0.6.8-status-removal
2025-07-28T18:53:00.4179239Z  * [new tag]             v0.6.9                    -> v0.6.9
2025-07-28T18:53:00.4180999Z  * [new tag]             v0.6.9-rc.0               -> v0.6.9-rc.0
2025-07-28T18:53:00.4182589Z  * [new tag]             v0.7.0                    -> v0.7.0
2025-07-28T18:53:00.4183954Z  * [new tag]             v0.7.0-rc.0               -> v0.7.0-rc.0
2025-07-28T18:53:00.4185888Z  * [new tag]             v0.7.1                    -> v0.7.1
2025-07-28T18:53:00.4187505Z  * [new tag]             v0.7.1-rc.0               -> v0.7.1-rc.0
2025-07-28T18:53:00.4189219Z  * [new tag]             v0.7.1-rc.1               -> v0.7.1-rc.1
2025-07-28T18:53:00.4190506Z  * [new tag]             v0.7.1-rc.2               -> v0.7.1-rc.2
2025-07-28T18:53:00.4192266Z  * [new tag]             v0.7.2                    -> v0.7.2
2025-07-28T18:53:00.4193533Z  * [new tag]             v0.7.2-fuji               -> v0.7.2-fuji
2025-07-28T18:53:00.4195133Z  * [new tag]             v0.7.2-rc.0               -> v0.7.2-rc.0
2025-07-28T18:53:00.4197127Z  * [new tag]             v0.7.3                    -> v0.7.3
2025-07-28T18:53:00.4198408Z  * [new tag]             v0.7.3-rc.0               -> v0.7.3-rc.0
2025-07-28T18:53:00.4200242Z  * [new tag]             v0.7.4                    -> v0.7.4
2025-07-28T18:53:00.4202171Z  * [new tag]             v0.7.4-rc.0               -> v0.7.4-rc.0
2025-07-28T18:53:00.4203349Z  * [new tag]             v0.7.5                    -> v0.7.5
2025-07-28T18:53:00.4204743Z  * [new tag]             v0.7.5-rc.0               -> v0.7.5-rc.0
2025-07-28T18:53:00.4206937Z  * [new tag]             v0.7.6                    -> v0.7.6
2025-07-28T18:53:00.4208678Z  * [new tag]             v0.7.7                    -> v0.7.7
2025-07-28T18:53:00.4210157Z  * [new tag]             v0.7.7-rc.0               -> v0.7.7-rc.0
2025-07-28T18:53:00.4213461Z  * [new ref]             740f5ebbe5df6a0c1d20e5e4bc958b48e1ed9c6b -> pull/1654/merge
2025-07-28T18:53:00.4287117Z ##[endgroup]
2025-07-28T18:53:00.4287921Z ##[group]Determining the checkout info
2025-07-28T18:53:00.4288571Z ##[endgroup]
2025-07-28T18:53:00.4295825Z [command]/usr/bin/git sparse-checkout disable
2025-07-28T18:53:00.4337921Z [command]/usr/bin/git config --local --unset-all extensions.worktreeConfig
2025-07-28T18:53:00.4364313Z ##[group]Checking out the ref
2025-07-28T18:53:00.4369831Z [command]/usr/bin/git checkout --progress --force refs/remotes/pull/1654/merge
2025-07-28T18:53:00.5196673Z Note: switching to 'refs/remotes/pull/1654/merge'.
2025-07-28T18:53:00.5197187Z 
2025-07-28T18:53:00.5197591Z You are in 'detached HEAD' state. You can look around, make experimental
2025-07-28T18:53:00.5221532Z changes and commit them, and you can discard any commits you make in this
2025-07-28T18:53:00.5222874Z state without impacting any branches by switching back to a branch.
2025-07-28T18:53:00.5223380Z 
2025-07-28T18:53:00.5223734Z If you want to create a new branch to retain commits you create, you may
2025-07-28T18:53:00.5224842Z do so (now or later) by using -c with the switch command. Example:
2025-07-28T18:53:00.5225730Z 
2025-07-28T18:53:00.5225967Z   git switch -c <new-branch-name>
2025-07-28T18:53:00.5226321Z 
2025-07-28T18:53:00.5226548Z Or undo this operation with:
2025-07-28T18:53:00.5226876Z 
2025-07-28T18:53:00.5227085Z   git switch -
2025-07-28T18:53:00.5227342Z 
2025-07-28T18:53:00.5227754Z Turn off this advice by setting config variable advice.detachedHead to false
2025-07-28T18:53:00.5228332Z 
2025-07-28T18:53:00.5229047Z HEAD is now at 740f5ebbe Merge e1a4ff2d2cc8219c93ebdfb69d7e196c62a8e3f0 into ff0ca07559e5a5dd2dfb421f4d7c66f4c4ee4046
2025-07-28T18:53:00.5231091Z ##[endgroup]
2025-07-28T18:53:00.5256663Z [command]/usr/bin/git log -1 --format=%H
2025-07-28T18:53:00.5278470Z 740f5ebbe5df6a0c1d20e5e4bc958b48e1ed9c6b
2025-07-28T18:53:00.5493469Z ##[group]Run actions/setup-go@v5
2025-07-28T18:53:00.5493794Z with:
2025-07-28T18:53:00.5494031Z   go-version-file: go.mod
2025-07-28T18:53:00.5494299Z   check-latest: false
2025-07-28T18:53:00.5494701Z   token: ***
2025-07-28T18:53:00.5495096Z   cache: true
2025-07-28T18:53:00.5495338Z ##[endgroup]
2025-07-28T18:53:00.7062508Z Setup go version spec 1.23.9
2025-07-28T18:53:00.7073969Z Attempting to download 1.23.9...
2025-07-28T18:53:01.0039791Z matching 1.23.9...
2025-07-28T18:53:01.0080848Z Acquiring 1.23.9 from https://github.com/actions/go-versions/releases/download/1.23.9-14875265214/go-1.23.9-linux-x64.tar.gz
2025-07-28T18:53:01.5377414Z Extracting Go...
2025-07-28T18:53:01.5484119Z [command]/usr/bin/tar xz --warning=no-unknown-keyword --overwrite -C /home/runner/work/_temp/45be9e6c-d33b-403e-847e-b5763cfb9bc2 -f /home/runner/work/_temp/d16ac0f2-31a9-48e3-9c3c-1ba21515f75c
2025-07-28T18:53:03.2074204Z Successfully extracted go to /home/runner/work/_temp/45be9e6c-d33b-403e-847e-b5763cfb9bc2
2025-07-28T18:53:03.2074668Z Adding to the cache ...
2025-07-28T18:53:07.5575716Z Successfully cached go to /opt/hostedtoolcache/go/1.23.9/x64
2025-07-28T18:53:07.5576514Z Added go to the path
2025-07-28T18:53:07.5579540Z Successfully set up Go version 1.23.9
2025-07-28T18:53:07.5809752Z [command]/opt/hostedtoolcache/go/1.23.9/x64/bin/go env GOMODCACHE
2025-07-28T18:53:07.5842623Z [command]/opt/hostedtoolcache/go/1.23.9/x64/bin/go env GOCACHE
2025-07-28T18:53:07.5874593Z /home/runner/go/pkg/mod
2025-07-28T18:53:07.5888533Z /home/runner/.cache/go-build
2025-07-28T18:53:07.6482140Z Cache hit for: setup-go-Linux-x64-ubuntu24-go-1.23.9-1292029a45a2d5c75b177aaf45b3bd6bedea8fdfbf70511d33c49ad36e0e7f82
2025-07-28T18:53:07.9926248Z Received 44536687 of 44536687 (100.0%), 146.0 MBs/sec
2025-07-28T18:53:07.9927068Z Cache Size: ~42 MB (44536687 B)
2025-07-28T18:53:07.9988960Z [command]/usr/bin/tar -xf /home/runner/work/_temp/5519710a-ad0b-4787-aba4-c0c4d5820545/cache.tzst -P -C /home/runner/work/subnet-evm/subnet-evm --use-compress-program unzstd
2025-07-28T18:53:08.4775424Z Cache restored successfully
2025-07-28T18:53:08.4864689Z Cache restored from key: setup-go-Linux-x64-ubuntu24-go-1.23.9-1292029a45a2d5c75b177aaf45b3bd6bedea8fdfbf70511d33c49ad36e0e7f82
2025-07-28T18:53:08.4886943Z go version go1.23.9 linux/amd64
2025-07-28T18:53:08.4887136Z 
2025-07-28T18:53:08.4887414Z ##[group]go env
2025-07-28T18:53:08.4968125Z GO111MODULE=''
2025-07-28T18:53:08.4968488Z GOARCH='amd64'
2025-07-28T18:53:08.4968803Z GOBIN=''
2025-07-28T18:53:08.4969153Z GOCACHE='/home/runner/.cache/go-build'
2025-07-28T18:53:08.4969470Z GOENV='/home/runner/.config/go/env'
2025-07-28T18:53:08.4969711Z GOEXE=''
2025-07-28T18:53:08.4969895Z GOEXPERIMENT=''
2025-07-28T18:53:08.4970099Z GOFLAGS=''
2025-07-28T18:53:08.4970348Z GOHOSTARCH='amd64'
2025-07-28T18:53:08.4970559Z GOHOSTOS='linux'
2025-07-28T18:53:08.4970770Z GOINSECURE=''
2025-07-28T18:53:08.4971005Z GOMODCACHE='/home/runner/go/pkg/mod'
2025-07-28T18:53:08.4971268Z GONOPROXY=''
2025-07-28T18:53:08.4971473Z GONOSUMDB=''
2025-07-28T18:53:08.4971655Z GOOS='linux'
2025-07-28T18:53:08.4971846Z GOPATH='/home/runner/go'
2025-07-28T18:53:08.4972058Z GOPRIVATE=''
2025-07-28T18:53:08.4972303Z GOPROXY='https://proxy.golang.org,direct'
2025-07-28T18:53:08.4972938Z GOROOT='/opt/hostedtoolcache/go/1.23.9/x64'
2025-07-28T18:53:08.4973233Z GOSUMDB='sum.golang.org'
2025-07-28T18:53:08.4973453Z GOTMPDIR=''
2025-07-28T18:53:08.4973638Z GOTOOLCHAIN='auto'
2025-07-28T18:53:08.4973959Z GOTOOLDIR='/opt/hostedtoolcache/go/1.23.9/x64/pkg/tool/linux_amd64'
2025-07-28T18:53:08.4974297Z GOVCS=''
2025-07-28T18:53:08.4974477Z GOVERSION='go1.23.9'
2025-07-28T18:53:08.4974683Z GODEBUG=''
2025-07-28T18:53:08.4974871Z GOTELEMETRY='local'
2025-07-28T18:53:08.4975423Z GOTELEMETRYDIR='/home/runner/.config/go/telemetry'
2025-07-28T18:53:08.4975708Z GCCGO='gccgo'
2025-07-28T18:53:08.4975895Z GOAMD64='v1'
2025-07-28T18:53:08.4976068Z AR='ar'
2025-07-28T18:53:08.4976235Z CC='gcc'
2025-07-28T18:53:08.4976400Z CXX='g++'
2025-07-28T18:53:08.4976751Z CGO_ENABLED='1'
2025-07-28T18:53:08.4977080Z GOMOD='/home/runner/work/subnet-evm/subnet-evm/go.mod'
2025-07-28T18:53:08.4977381Z GOWORK=''
2025-07-28T18:53:08.4977562Z CGO_CFLAGS='-O2 -g'
2025-07-28T18:53:08.4977764Z CGO_CPPFLAGS=''
2025-07-28T18:53:08.4977958Z CGO_CXXFLAGS='-O2 -g'
2025-07-28T18:53:08.4978165Z CGO_FFLAGS='-O2 -g'
2025-07-28T18:53:08.4978358Z CGO_LDFLAGS='-O2 -g'
2025-07-28T18:53:08.4978572Z PKG_CONFIG='pkg-config'
2025-07-28T18:53:08.4979214Z GOGCCFLAGS='-fPIC -m64 -pthread -Wl,--no-gc-sections -fmessage-length=0 -ffile-prefix-map=/tmp/go-build2517044304=/tmp/go-build -gno-record-gcc-switches'
2025-07-28T18:53:08.4979743Z 
2025-07-28T18:53:08.4979984Z ##[endgroup]
2025-07-28T18:53:08.5139737Z ##[group]Run actions/setup-node@v4
2025-07-28T18:53:08.5140004Z with:
2025-07-28T18:53:08.5140193Z   node-version: 20.13
2025-07-28T18:53:08.5140400Z   always-auth: false
2025-07-28T18:53:08.5140604Z   check-latest: false
2025-07-28T18:53:08.5140923Z   token: ***
2025-07-28T18:53:08.5141113Z ##[endgroup]
2025-07-28T18:53:08.6843836Z Attempting to download 20.13...
2025-07-28T18:53:09.0391208Z Acquiring 20.13.1 - x64 from https://github.com/actions/node-versions/releases/download/20.13.1-9021092103/node-20.13.1-linux-x64.tar.gz
2025-07-28T18:53:09.4465159Z Extracting ...
2025-07-28T18:53:09.4570904Z [command]/usr/bin/tar xz --strip 1 --warning=no-unknown-keyword --overwrite -C /home/runner/work/_temp/59fca81c-6fe4-4cc5-8963-dabafc1a6e0d -f /home/runner/work/_temp/351d84a4-0eba-4e6a-820e-bcae30249827
2025-07-28T18:53:10.4304156Z Adding to the cache ...
2025-07-28T18:53:12.0411686Z ##[group]Environment details
2025-07-28T18:53:12.2554874Z node: v20.13.1
2025-07-28T18:53:12.2555671Z npm: 10.5.2
2025-07-28T18:53:12.2556039Z yarn: 1.22.22
2025-07-28T18:53:12.2556733Z ##[endgroup]
2025-07-28T18:53:12.2708875Z ##[group]Run ./scripts/run_task.sh setup-contracts
2025-07-28T18:53:12.2709300Z [36;1m./scripts/run_task.sh setup-contracts[0m
2025-07-28T18:53:12.2740950Z shell: /usr/bin/bash -e {0}
2025-07-28T18:53:12.2741215Z ##[endgroup]
2025-07-28T18:53:12.9529811Z task: [setup-contracts] npm ci
2025-07-28T18:53:15.0484756Z npm WARN deprecated rimraf@2.7.1: Rimraf versions prior to v4 are no longer supported
2025-07-28T18:53:15.5232608Z npm WARN deprecated inflight@1.0.6: This module is not supported, and leaks memory. Do not use it. Check out lru-cache if you want a good and tested way to coalesce async requests by a key value, which is much more comprehensive and powerful.
2025-07-28T18:53:15.5827250Z npm WARN deprecated glob@7.2.0: Glob versions prior to v9 are no longer supported
2025-07-28T18:53:17.0747221Z npm WARN deprecated glob@7.1.7: Glob versions prior to v9 are no longer supported
2025-07-28T18:53:17.1918341Z npm WARN deprecated glob@5.0.15: Glob versions prior to v9 are no longer supported
2025-07-28T18:53:17.2499902Z npm WARN deprecated glob@8.1.0: Glob versions prior to v9 are no longer supported
2025-07-28T18:53:21.7530489Z 
2025-07-28T18:53:21.7531107Z > @avalabs/subnet-evm-contracts@1.2.2 prepublish
2025-07-28T18:53:21.7531490Z > npm run build
2025-07-28T18:53:21.7531626Z 
2025-07-28T18:53:21.8707795Z 
2025-07-28T18:53:21.8708546Z > @avalabs/subnet-evm-contracts@1.2.2 build
2025-07-28T18:53:21.8710807Z > rm -rf dist/ && npx hardhat compile && npx tsc -b
2025-07-28T18:53:21.8711472Z 
2025-07-28T18:53:22.9361268Z Downloading compiler 0.8.24
2025-07-28T18:53:24.2370823Z Generating typings for: 27 artifacts in dir: typechain-types for target: ethers-v6
2025-07-28T18:53:25.5034548Z Successfully generated 78 typings!
2025-07-28T18:53:25.5070748Z Compiled 24 Solidity files successfully (evm target: shanghai).
2025-07-28T18:53:28.1187051Z 
2025-07-28T18:53:28.1187813Z added 587 packages, and audited 588 packages in 15s
2025-07-28T18:53:28.1188300Z 
2025-07-28T18:53:28.1188648Z 97 packages are looking for funding
2025-07-28T18:53:28.1189187Z   run `npm fund` for details
2025-07-28T18:53:28.1448975Z 
2025-07-28T18:53:28.1449599Z 26 vulnerabilities (15 low, 3 moderate, 5 high, 3 critical)
2025-07-28T18:53:28.1449904Z 
2025-07-28T18:53:28.1450138Z To address issues that do not require attention, run:
2025-07-28T18:53:28.1450480Z   npm audit fix
2025-07-28T18:53:28.1450610Z 
2025-07-28T18:53:28.1451032Z Some issues need review, and may require choosing
2025-07-28T18:53:28.1451560Z a different dependency.
2025-07-28T18:53:28.1451788Z 
2025-07-28T18:53:28.1452029Z Run `npm audit` for details.
2025-07-28T18:53:28.1725313Z task: [setup-contracts] npx hardhat clean
2025-07-28T18:53:29.1114378Z task: [setup-contracts] npx hardhat compile
2025-07-28T18:53:30.7569758Z Generating typings for: 27 artifacts in dir: typechain-types for target: ethers-v6
2025-07-28T18:53:32.0100369Z Successfully generated 78 typings!
2025-07-28T18:53:32.0127306Z Compiled 24 Solidity files successfully (evm target: shanghai).
2025-07-28T18:53:32.0846674Z ##[group]Run ava-labs/avalanchego/.github/actions/run-monitored-tmpnet-cmd@e2bcbaffcb771ed08eda454d03d3001e558438f1
2025-07-28T18:53:32.0847210Z with:
2025-07-28T18:53:32.0847431Z   run: ./scripts/run_task.sh test-e2e-warp-ci
2025-07-28T18:53:32.0847710Z   artifact_prefix: warp
2025-07-28T18:53:32.0848050Z   prometheus_username: ***
2025-07-28T18:53:32.0848399Z   prometheus_password: ***
2025-07-28T18:53:32.0848666Z   loki_username: ***
2025-07-28T18:53:32.0848947Z   loki_password: ***
2025-07-28T18:53:32.0849148Z   runtime: process
2025-07-28T18:53:32.0849356Z   repository_owner: ava-labs
2025-07-28T18:53:32.0849595Z   repository_name: subnet-evm
2025-07-28T18:53:32.0849822Z   workflow: Tests
2025-07-28T18:53:32.0850014Z   run_id: 16577648665
2025-07-28T18:53:32.0850202Z   run_number: 2357
2025-07-28T18:53:32.0850389Z   run_attempt: 1
2025-07-28T18:53:32.0850571Z   job: e2e_warp
2025-07-28T18:53:32.0850827Z   grafana_dashboard_id: kBQpRdWnk/avalanche-main-dashboard
2025-07-28T18:53:32.0851170Z ##[endgroup]
2025-07-28T18:53:32.0959432Z ##[group]Run cachix/install-nix-action@02a151ada4993995686f9ed4f1be7cfbb229e56f
2025-07-28T18:53:32.0959845Z with:
2025-07-28T18:53:32.0960081Z   enable_kvm: true
2025-07-28T18:53:32.0960333Z ##[endgroup]
2025-07-28T18:53:32.0981039Z ##[group]Run ${GITHUB_ACTION_PATH}/install-nix.sh
2025-07-28T18:53:32.0981410Z [36;1m${GITHUB_ACTION_PATH}/install-nix.sh[0m
2025-07-28T18:53:32.1010795Z shell: /usr/bin/bash --noprofile --norc -e -o pipefail {0}
2025-07-28T18:53:32.1011117Z env:
2025-07-28T18:53:32.1011308Z   INPUT_EXTRA_NIX_CONFIG: 
2025-07-28T18:53:32.1011541Z   INPUT_GITHUB_ACCESS_TOKEN: 
2025-07-28T18:53:32.1011781Z   INPUT_INSTALL_OPTIONS: 
2025-07-28T18:53:32.1012000Z   INPUT_INSTALL_URL: 
2025-07-28T18:53:32.1012202Z   INPUT_NIX_PATH: 
2025-07-28T18:53:32.1012403Z   INPUT_ENABLE_KVM: true
2025-07-28T18:53:32.1012791Z   GITHUB_TOKEN: ***
2025-07-28T18:53:32.1012998Z ##[endgroup]
2025-07-28T18:53:32.1087415Z ##[group]Enabling KVM support
2025-07-28T18:53:32.1154137Z KERNEL=="kvm", GROUP="kvm", MODE="0666", OPTIONS+="static_node=kvm"
2025-07-28T18:53:32.1448339Z Enabled KVM
2025-07-28T18:53:32.1449074Z ##[endgroup]
2025-07-28T18:53:32.1449670Z ##[group]Installing Nix
2025-07-28T18:53:32.1732266Z installer options: --no-channel-add --darwin-use-unencrypted-nix-store-volume --nix-extra-conf-file /tmp/tmp.ZyLxzEzwzM/nix.conf --daemon --daemon-user-count 8
2025-07-28T18:53:32.1961294Z * Host releases.nixos.org:443 was resolved.
2025-07-28T18:53:32.1961915Z * IPv6: 2a04:4e42:77::729
2025-07-28T18:53:32.1962186Z * IPv4: 151.101.46.217
2025-07-28T18:53:32.1962479Z *   Trying 151.101.46.217:443...
2025-07-28T18:53:32.2065595Z * Connected to releases.nixos.org (151.101.46.217) port 443
2025-07-28T18:53:32.2078858Z * ALPN: curl offers h2,http/1.1
2025-07-28T18:53:32.2080396Z } [5 bytes data]
2025-07-28T18:53:32.2080983Z * TLSv1.3 (OUT), TLS handshake, Client hello (1):
2025-07-28T18:53:32.2081394Z } [512 bytes data]
2025-07-28T18:53:32.2290944Z *  CAfile: /etc/ssl/certs/ca-certificates.crt
2025-07-28T18:53:32.2291543Z *  CApath: /etc/ssl/certs
2025-07-28T18:53:32.2291949Z { [5 bytes data]
2025-07-28T18:53:32.2292478Z * TLSv1.3 (IN), TLS handshake, Server hello (2):
2025-07-28T18:53:32.2292998Z { [104 bytes data]
2025-07-28T18:53:32.2293534Z * TLSv1.2 (IN), TLS handshake, Certificate (11):
2025-07-28T18:53:32.2294039Z { [2827 bytes data]
2025-07-28T18:53:32.2298692Z * TLSv1.2 (IN), TLS handshake, Server key exchange (12):
2025-07-28T18:53:32.2299308Z { [300 bytes data]
2025-07-28T18:53:32.2299856Z * TLSv1.2 (IN), TLS handshake, Server finished (14):
2025-07-28T18:53:32.2300359Z { [4 bytes data]
2025-07-28T18:53:32.2301177Z * TLSv1.2 (OUT), TLS handshake, Client key exchange (16):
2025-07-28T18:53:32.2301750Z } [37 bytes data]
2025-07-28T18:53:32.2302368Z * TLSv1.2 (OUT), TLS change cipher, Change cipher spec (1):
2025-07-28T18:53:32.2302848Z } [1 bytes data]
2025-07-28T18:53:32.2303151Z * TLSv1.2 (OUT), TLS handshake, Finished (20):
2025-07-28T18:53:32.2303707Z } [16 bytes data]
2025-07-28T18:53:32.2406875Z * TLSv1.2 (IN), TLS handshake, Finished (20):
2025-07-28T18:53:32.2407437Z { [16 bytes data]
2025-07-28T18:53:32.2408238Z * SSL connection using TLSv1.2 / ECDHE-RSA-CHACHA20-POLY1305 / X25519 / RSASSA-PSS
2025-07-28T18:53:32.2408980Z * ALPN: server accepted h2
2025-07-28T18:53:32.2409301Z * Server certificate:
2025-07-28T18:53:32.2409586Z *  subject: CN=releases.nixos.org
2025-07-28T18:53:32.2409923Z *  start date: Oct 11 20:56:16 2024 GMT
2025-07-28T18:53:32.2410265Z *  expire date: Nov 12 20:56:15 2025 GMT
2025-07-28T18:53:32.2410756Z *  subjectAltName: host "releases.nixos.org" matched cert's "releases.nixos.org"
2025-07-28T18:53:32.2411354Z *  issuer: C=BE; O=GlobalSign nv-sa; CN=GlobalSign Atlas R3 DV TLS CA 2024 Q4
2025-07-28T18:53:32.2411742Z *  SSL certificate verify ok.
2025-07-28T18:53:32.2412311Z *   Certificate level 0: Public key type RSA (2048/112 Bits/secBits), signed using sha256WithRSAEncryption
2025-07-28T18:53:32.2413061Z *   Certificate level 1: Public key type RSA (2048/112 Bits/secBits), signed using sha256WithRSAEncryption
2025-07-28T18:53:32.2413785Z *   Certificate level 2: Public key type RSA (2048/112 Bits/secBits), signed using sha256WithRSAEncryption
2025-07-28T18:53:32.2414218Z } [5 bytes data]
2025-07-28T18:53:32.2414418Z * using HTTP/2
2025-07-28T18:53:32.2414838Z * [HTTP/2] [1] OPENED stream for https://releases.nixos.org/nix/nix-2.26.3/install
2025-07-28T18:53:32.2415483Z * [HTTP/2] [1] [:method: GET]
2025-07-28T18:53:32.2415777Z * [HTTP/2] [1] [:scheme: https]
2025-07-28T18:53:32.2416111Z * [HTTP/2] [1] [:authority: releases.nixos.org]
2025-07-28T18:53:32.2416474Z * [HTTP/2] [1] [:path: /nix/nix-2.26.3/install]
2025-07-28T18:53:32.2416803Z * [HTTP/2] [1] [user-agent: curl/8.5.0]
2025-07-28T18:53:32.2417086Z * [HTTP/2] [1] [accept: */*]
2025-07-28T18:53:32.2417320Z } [5 bytes data]
2025-07-28T18:53:32.2417579Z > GET /nix/nix-2.26.3/install HTTP/2
2025-07-28T18:53:32.2417853Z > Host: releases.nixos.org
2025-07-28T18:53:32.2418118Z > User-Agent: curl/8.5.0
2025-07-28T18:53:32.2418344Z > Accept: */*
2025-07-28T18:53:32.2418540Z > 
2025-07-28T18:53:32.2510219Z { [5 bytes data]
2025-07-28T18:53:32.2520495Z < HTTP/2 200 
2025-07-28T18:53:32.2521075Z < last-modified: Wed, 05 Mar 2025 18:21:15 GMT
2025-07-28T18:53:32.2521738Z < etag: "c6753896884bce9b95ec3ca7be157ef6"
2025-07-28T18:53:32.2522353Z < x-amz-server-side-encryption: AES256
2025-07-28T18:53:32.2522879Z < content-type: text/plain
2025-07-28T18:53:32.2523500Z < server: AmazonS3
2025-07-28T18:53:32.2523918Z < via: 1.1 varnish, 1.1 varnish
2025-07-28T18:53:32.2524430Z < access-control-allow-origin: *
2025-07-28T18:53:32.2524896Z < accept-ranges: bytes
2025-07-28T18:53:32.2525490Z < age: 88857
2025-07-28T18:53:32.2525919Z < date: Mon, 28 Jul 2025 18:53:32 GMT
2025-07-28T18:53:32.2526599Z < x-served-by: cache-dub4357-DUB, cache-nyc-kteb1890051-NYC
2025-07-28T18:53:32.2527181Z < x-cache: HIT, HIT
2025-07-28T18:53:32.2527564Z < x-cache-hits: 9, 0
2025-07-28T18:53:32.2527956Z < content-length: 4267
2025-07-28T18:53:32.2528331Z < 
2025-07-28T18:53:32.2528672Z { [4267 bytes data]
2025-07-28T18:53:32.2529276Z * Connection #0 to host releases.nixos.org left intact
2025-07-28T18:53:32.2589055Z downloading Nix 2.26.3 binary tarball for x86_64-linux from 'https://releases.nixos.org/nix/nix-2.26.3/nix-2.26.3-x86_64-linux.tar.xz' to '/tmp/nix-binary-tarball-unpack.ZX6LH8bgy5'...
2025-07-28T18:53:32.2632268Z   % Total    % Received % Xferd  Average Speed   Time    Time     Time  Current
2025-07-28T18:53:32.2633436Z                                  Dload  Upload   Total   Spent    Left  Speed
2025-07-28T18:53:32.2633681Z 
2025-07-28T18:53:32.4308924Z   0     0    0     0    0     0      0      0 --:--:-- --:--:-- --:--:--     0
2025-07-28T18:53:32.4515509Z  68 22.6M   68 15.4M    0     0  92.0M      0 --:--:-- --:--:-- --:--:-- 91.8M
2025-07-28T18:53:32.4516373Z 100 22.6M  100 22.6M    0     0   120M      0 --:--:-- --:--:-- --:--:--  119M
2025-07-28T18:53:34.0136144Z Note: a multi-user installation is possible. See https://nixos.org/manual/nix/stable/installation/installing-binary.html#multi-user-installation
2025-07-28T18:53:34.0145164Z Warning: the flag --darwin-use-unencrypted-nix-store-volume
2025-07-28T18:53:34.0146179Z          is no longer needed and will be removed in the future.
2025-07-28T18:53:34.0146572Z 
2025-07-28T18:53:34.0155665Z [1;31mSwitching to the Multi-user Installer[0m
2025-07-28T18:53:34.0253845Z [32mWelcome to the Multi-User Nix Installation
2025-07-28T18:53:34.0263498Z [0m
2025-07-28T18:53:34.0264198Z This installation tool will set up your computer with the Nix package
2025-07-28T18:53:34.0264824Z manager. This will happen in a few stages:
2025-07-28T18:53:34.0265237Z 
2025-07-28T18:53:34.0265730Z 1. Make sure your computer doesn't already have Nix. If it does, I
2025-07-28T18:53:34.0266618Z    will show you instructions on how to clean up your old install.
2025-07-28T18:53:34.0266869Z 
2025-07-28T18:53:34.0267119Z 2. Show you what I am going to install and where. Then I will ask
2025-07-28T18:53:34.0267519Z    if you are ready to continue.
2025-07-28T18:53:34.0267693Z 
2025-07-28T18:53:34.0268136Z 3. Create the system users [34m(uids [30001..30008])[0m and groups [34m(gid 30000)[0m
2025-07-28T18:53:34.0268690Z    that the Nix daemon uses to run builds. To create system users
2025-07-28T18:53:34.0269141Z    in a different range, exit and run this tool again with
2025-07-28T18:53:34.0269475Z    NIX_FIRST_BUILD_UID set.
2025-07-28T18:53:34.0269631Z 
2025-07-28T18:53:34.0269858Z 4. Perform the basic installation of the Nix files daemon.
2025-07-28T18:53:34.0270097Z 
2025-07-28T18:53:34.0270365Z 5. Configure your shell to import special Nix Profile files, so you
2025-07-28T18:53:34.0270713Z    can use Nix.
2025-07-28T18:53:34.0270829Z 
2025-07-28T18:53:34.0270944Z 6. Start the Nix daemon.
2025-07-28T18:53:34.0271083Z 
2025-07-28T18:53:34.0271425Z [32m[4;32mWould you like to see a more detailed list of what I will do?
2025-07-28T18:53:34.0271879Z [0mNo TTY, assuming you would say yes :)
2025-07-28T18:53:34.0275995Z 
2025-07-28T18:53:34.0276163Z I will:
2025-07-28T18:53:34.0276348Z 
2025-07-28T18:53:34.0276709Z  - make sure your computer doesn't already have Nix files
2025-07-28T18:53:34.0277354Z    (if it does, I will tell you how to clean them up.)
2025-07-28T18:53:34.0277802Z  - create local users (see the list above for the users I'll make)
2025-07-28T18:53:34.0278330Z  - create a local group (nixbld)
2025-07-28T18:53:34.0278797Z  - install Nix in /nix
2025-07-28T18:53:34.0279082Z  - create a configuration file in /etc/nix
2025-07-28T18:53:34.0279698Z  - set up the "default profile" by creating some Nix-related files in
2025-07-28T18:53:34.0280051Z    /root
2025-07-28T18:53:34.0291765Z  - back up /etc/bash.bashrc to /etc/bash.bashrc.backup-before-nix
2025-07-28T18:53:34.0292648Z  - update /etc/bash.bashrc to include some Nix configuration
2025-07-28T18:53:34.0303782Z  - load and start a service (at /etc/systemd/system/nix-daemon.service
2025-07-28T18:53:34.0304528Z    and /etc/systemd/system/nix-daemon.socket) for nix-daemon
2025-07-28T18:53:34.0304790Z 
2025-07-28T18:53:34.0306408Z [32m[4;32mReady to continue?
2025-07-28T18:53:34.0307030Z [0mNo TTY, assuming you would say yes :)
2025-07-28T18:53:34.0326946Z 
2025-07-28T18:53:34.0327618Z [34m---- let's talk about sudo -----------------------------------------------------
2025-07-28T18:53:34.0338262Z [0mThis script is going to call sudo a lot. Normally, it would show you
2025-07-28T18:53:34.0339063Z exactly what commands it is running and why. However, the script is
2025-07-28T18:53:34.0339484Z run in a headless fashion, like this:
2025-07-28T18:53:34.0339668Z 
2025-07-28T18:53:34.0339851Z   $ curl -L https://nixos.org/nix/install | sh
2025-07-28T18:53:34.0340163Z 
2025-07-28T18:53:34.0340612Z or maybe in a CI pipeline. Because of that, I'm going to skip the
2025-07-28T18:53:34.0341357Z verbose output in the interest of brevity.
2025-07-28T18:53:34.0341719Z 
2025-07-28T18:53:34.0341902Z If you would like to
2025-07-28T18:53:34.0342611Z see the output, try like this:
2025-07-28T18:53:34.0342936Z 
2025-07-28T18:53:34.0343344Z   $ curl -L -o install-nix https://nixos.org/nix/install
2025-07-28T18:53:34.0343958Z   $ sh ./install-nix
2025-07-28T18:53:34.0344202Z 
2025-07-28T18:53:34.0344213Z 
2025-07-28T18:53:34.0344708Z [32m~~> Checking for artifacts of previous installs
2025-07-28T18:53:34.0350903Z [0mBefore I try to install, I'll check for signs Nix already is or has
2025-07-28T18:53:34.0351362Z been installed on this system.
2025-07-28T18:53:34.0383474Z 
2025-07-28T18:53:34.0384292Z [34m---- Nix config report ---------------------------------------------------------
2025-07-28T18:53:34.0385620Z [0m[1m        Temp Dir[0m:	/tmp/tmp.EtHZ7BQrYp
2025-07-28T18:53:34.0386190Z [1m        Nix Root[0m:	/nix
2025-07-28T18:53:34.0386529Z [1m     Build Users[0m:	8
2025-07-28T18:53:34.0386845Z [1m  Build Group ID[0m:	30000
2025-07-28T18:53:34.0387172Z [1mBuild Group Name[0m:	nixbld
2025-07-28T18:53:34.0387330Z 
2025-07-28T18:53:34.0387469Z [4;34mbuild users:
2025-07-28T18:53:34.0387738Z [0m[1m    Username[0m:	UID
2025-07-28T18:53:34.0413529Z [1m     nixbld1[0m:	30001
2025-07-28T18:53:34.0423696Z [1m     nixbld2[0m:	30002
2025-07-28T18:53:34.0433739Z [1m     nixbld3[0m:	30003
2025-07-28T18:53:34.0444150Z [1m     nixbld4[0m:	30004
2025-07-28T18:53:34.0454166Z [1m     nixbld5[0m:	30005
2025-07-28T18:53:34.0464334Z [1m     nixbld6[0m:	30006
2025-07-28T18:53:34.0474187Z [1m     nixbld7[0m:	30007
2025-07-28T18:53:34.0484490Z [1m     nixbld8[0m:	30008
2025-07-28T18:53:34.0484756Z 
2025-07-28T18:53:34.0485954Z [32m[4;32mReady to continue?
2025-07-28T18:53:34.0486572Z [0mNo TTY, assuming you would say yes :)
2025-07-28T18:53:34.0486851Z 
2025-07-28T18:53:34.0487076Z [32m~~> Setting up the build group nixbld
2025-07-28T18:53:34.0871851Z [0m[1m            Created[0m:	Yes
2025-07-28T18:53:34.0894742Z 
2025-07-28T18:53:34.0895850Z [32m~~> Setting up the build user nixbld1
2025-07-28T18:53:34.1039662Z useradd warning: nixbld1's uid 30001 is greater than SYS_UID_MAX 999
2025-07-28T18:53:34.1121206Z [0m[1m           Created[0m:	Yes
2025-07-28T18:53:34.1126834Z [1m            Hidden[0m:	Yes
2025-07-28T18:53:34.1144484Z [1m    Home Directory[0m:	/var/empty
2025-07-28T18:53:34.1164652Z [1m              Note[0m:	Nix build user 1
2025-07-28T18:53:34.1182503Z [1m   Logins Disabled[0m:	Yes
2025-07-28T18:53:34.1204362Z [1m  Member of nixbld[0m:	Yes
2025-07-28T18:53:34.1222557Z [1m    PrimaryGroupID[0m:	30000
2025-07-28T18:53:34.1233451Z 
2025-07-28T18:53:34.1234100Z [32m~~> Setting up the build user nixbld2
2025-07-28T18:53:34.1358032Z useradd warning: nixbld2's uid 30002 is greater than SYS_UID_MAX 999
2025-07-28T18:53:34.1437143Z [0m[1m           Created[0m:	Yes
2025-07-28T18:53:34.1442899Z [1m            Hidden[0m:	Yes
2025-07-28T18:53:34.1460975Z [1m    Home Directory[0m:	/var/empty
2025-07-28T18:53:34.1481675Z [1m              Note[0m:	Nix build user 2
2025-07-28T18:53:34.1499950Z [1m   Logins Disabled[0m:	Yes
2025-07-28T18:53:34.1518184Z [1m  Member of nixbld[0m:	Yes
2025-07-28T18:53:34.1536596Z [1m    PrimaryGroupID[0m:	30000
2025-07-28T18:53:34.1547597Z 
2025-07-28T18:53:34.1548101Z [32m~~> Setting up the build user nixbld3
2025-07-28T18:53:34.1671165Z useradd warning: nixbld3's uid 30003 is greater than SYS_UID_MAX 999
2025-07-28T18:53:34.1749940Z [0m[1m           Created[0m:	Yes
2025-07-28T18:53:34.1755522Z [1m            Hidden[0m:	Yes
2025-07-28T18:53:34.1773299Z [1m    Home Directory[0m:	/var/empty
2025-07-28T18:53:34.1795468Z [1m              Note[0m:	Nix build user 3
2025-07-28T18:53:34.1812977Z [1m   Logins Disabled[0m:	Yes
2025-07-28T18:53:34.1831816Z [1m  Member of nixbld[0m:	Yes
2025-07-28T18:53:34.1849896Z [1m    PrimaryGroupID[0m:	30000
2025-07-28T18:53:34.1861058Z 
2025-07-28T18:53:34.1861519Z [32m~~> Setting up the build user nixbld4
2025-07-28T18:53:34.1985757Z useradd warning: nixbld4's uid 30004 is greater than SYS_UID_MAX 999
2025-07-28T18:53:34.2065882Z [0m[1m           Created[0m:	Yes
2025-07-28T18:53:34.2071229Z [1m            Hidden[0m:	Yes
2025-07-28T18:53:34.2092703Z [1m    Home Directory[0m:	/var/empty
2025-07-28T18:53:34.2113193Z [1m              Note[0m:	Nix build user 4
2025-07-28T18:53:34.2131207Z [1m   Logins Disabled[0m:	Yes
2025-07-28T18:53:34.2149843Z [1m  Member of nixbld[0m:	Yes
2025-07-28T18:53:34.2167614Z [1m    PrimaryGroupID[0m:	30000
2025-07-28T18:53:34.2178708Z 
2025-07-28T18:53:34.2179088Z [32m~~> Setting up the build user nixbld5
2025-07-28T18:53:34.2299864Z useradd warning: nixbld5's uid 30005 is greater than SYS_UID_MAX 999
2025-07-28T18:53:34.2378352Z [0m[1m           Created[0m:	Yes
2025-07-28T18:53:34.2383653Z [1m            Hidden[0m:	Yes
2025-07-28T18:53:34.2401527Z [1m    Home Directory[0m:	/var/empty
2025-07-28T18:53:34.2422173Z [1m              Note[0m:	Nix build user 5
2025-07-28T18:53:34.2439726Z [1m   Logins Disabled[0m:	Yes
2025-07-28T18:53:34.2458681Z [1m  Member of nixbld[0m:	Yes
2025-07-28T18:53:34.2476642Z [1m    PrimaryGroupID[0m:	30000
2025-07-28T18:53:34.2487501Z 
2025-07-28T18:53:34.2487977Z [32m~~> Setting up the build user nixbld6
2025-07-28T18:53:34.2609393Z useradd warning: nixbld6's uid 30006 is greater than SYS_UID_MAX 999
2025-07-28T18:53:34.2685349Z [0m[1m           Created[0m:	Yes
2025-07-28T18:53:34.2690630Z [1m            Hidden[0m:	Yes
2025-07-28T18:53:34.2708178Z [1m    Home Directory[0m:	/var/empty
2025-07-28T18:53:34.2728241Z [1m              Note[0m:	Nix build user 6
2025-07-28T18:53:34.2746274Z [1m   Logins Disabled[0m:	Yes
2025-07-28T18:53:34.2764117Z [1m  Member of nixbld[0m:	Yes
2025-07-28T18:53:34.2782014Z [1m    PrimaryGroupID[0m:	30000
2025-07-28T18:53:34.2792452Z 
2025-07-28T18:53:34.2792822Z [32m~~> Setting up the build user nixbld7
2025-07-28T18:53:34.2915336Z useradd warning: nixbld7's uid 30007 is greater than SYS_UID_MAX 999
2025-07-28T18:53:34.2994094Z [0m[1m           Created[0m:	Yes
2025-07-28T18:53:34.2999471Z [1m            Hidden[0m:	Yes
2025-07-28T18:53:34.3017466Z [1m    Home Directory[0m:	/var/empty
2025-07-28T18:53:34.3037824Z [1m              Note[0m:	Nix build user 7
2025-07-28T18:53:34.3055486Z [1m   Logins Disabled[0m:	Yes
2025-07-28T18:53:34.3073583Z [1m  Member of nixbld[0m:	Yes
2025-07-28T18:53:34.3091719Z [1m    PrimaryGroupID[0m:	30000
2025-07-28T18:53:34.3102108Z 
2025-07-28T18:53:34.3102477Z [32m~~> Setting up the build user nixbld8
2025-07-28T18:53:34.3227886Z useradd warning: nixbld8's uid 30008 is greater than SYS_UID_MAX 999
2025-07-28T18:53:34.3308388Z [0m[1m           Created[0m:	Yes
2025-07-28T18:53:34.3313744Z [1m            Hidden[0m:	Yes
2025-07-28T18:53:34.3331492Z [1m    Home Directory[0m:	/var/empty
2025-07-28T18:53:34.3351481Z [1m              Note[0m:	Nix build user 8
2025-07-28T18:53:34.3369336Z [1m   Logins Disabled[0m:	Yes
2025-07-28T18:53:34.3387644Z [1m  Member of nixbld[0m:	Yes
2025-07-28T18:53:34.3405633Z [1m    PrimaryGroupID[0m:	30000
2025-07-28T18:53:34.3405982Z 
2025-07-28T18:53:34.3406692Z [32m~~> Setting up the basic directory structure
2025-07-28T18:53:34.3730775Z [0minstall: creating directory '/nix'
2025-07-28T18:53:34.3731446Z install: creating directory '/nix/var'
2025-07-28T18:53:34.3732046Z install: creating directory '/nix/var/log'
2025-07-28T18:53:34.3732682Z install: creating directory '/nix/var/log/nix'
2025-07-28T18:53:34.3733360Z install: creating directory '/nix/var/log/nix/drvs'
2025-07-28T18:53:34.3734005Z install: creating directory '/nix/var/nix'
2025-07-28T18:53:34.3734646Z install: creating directory '/nix/var/nix/db'
2025-07-28T18:53:34.3735497Z install: creating directory '/nix/var/nix/gcroots'
2025-07-28T18:53:34.3736214Z install: creating directory '/nix/var/nix/profiles'
2025-07-28T18:53:34.3736920Z install: creating directory '/nix/var/nix/temproots'
2025-07-28T18:53:34.3737622Z install: creating directory '/nix/var/nix/userpool'
2025-07-28T18:53:34.3738376Z install: creating directory '/nix/var/nix/daemon-socket'
2025-07-28T18:53:34.3739433Z install: creating directory '/nix/var/nix/gcroots/per-user'
2025-07-28T18:53:34.3740857Z install: creating directory '/nix/var/nix/profiles/per-user'
2025-07-28T18:53:34.3832863Z install: creating directory '/nix/store'
2025-07-28T18:53:34.3914639Z install: creating directory '/etc/nix'
2025-07-28T18:53:34.3927453Z 
2025-07-28T18:53:34.3928155Z [32m~~> Installing Nix
2025-07-28T18:53:34.6013433Z [0m      Alright! We have our first nix at /nix/store/x3235311q3n51rppm2y2ycwd7nb3mgpn-nix-2.26.3
2025-07-28T18:53:34.9227566Z       Just finished getting the nix database ready.
2025-07-28T18:53:34.9230435Z 
2025-07-28T18:53:34.9231590Z [32m~~> Setting up shell profiles: /etc/bashrc /etc/profile.d/nix.sh /etc/zshrc /etc/bash.bashrc /etc/zsh/zshrc
2025-07-28T18:53:34.9400356Z [0m
2025-07-28T18:53:34.9400580Z # Nix
2025-07-28T18:53:34.9401114Z if [ -e '/nix/var/nix/profiles/default/etc/profile.d/nix-daemon.sh' ]; then
2025-07-28T18:53:34.9402125Z   . '/nix/var/nix/profiles/default/etc/profile.d/nix-daemon.sh'
2025-07-28T18:53:34.9402759Z fi
2025-07-28T18:53:34.9403067Z # End Nix
2025-07-28T18:53:34.9403260Z 
2025-07-28T18:53:34.9590211Z 
2025-07-28T18:53:34.9590713Z # Nix
2025-07-28T18:53:34.9598431Z if [ -e '/nix/var/nix/profiles/default/etc/profile.d/nix-daemon.sh' ]; then
2025-07-28T18:53:34.9599571Z   . '/nix/var/nix/profiles/default/etc/profile.d/nix-daemon.sh'
2025-07-28T18:53:34.9600138Z fi
2025-07-28T18:53:34.9600423Z # End Nix
2025-07-28T18:53:34.9600610Z 
2025-07-28T18:53:34.9772763Z 
2025-07-28T18:53:34.9773123Z # Nix
2025-07-28T18:53:34.9773908Z if [ -e '/nix/var/nix/profiles/default/etc/profile.d/nix-daemon.sh' ]; then
2025-07-28T18:53:34.9774500Z   . '/nix/var/nix/profiles/default/etc/profile.d/nix-daemon.sh'
2025-07-28T18:53:34.9774823Z fi
2025-07-28T18:53:34.9775354Z # End Nix
2025-07-28T18:53:34.9775559Z 
2025-07-28T18:53:35.0494672Z 
2025-07-28T18:53:35.0494884Z # Nix
2025-07-28T18:53:35.0496691Z if [ -e '/nix/var/nix/profiles/default/etc/profile.d/nix-daemon.sh' ]; then
2025-07-28T18:53:35.0497752Z   . '/nix/var/nix/profiles/default/etc/profile.d/nix-daemon.sh'
2025-07-28T18:53:35.0498359Z fi
2025-07-28T18:53:35.0498676Z # End Nix
2025-07-28T18:53:35.0498860Z 
2025-07-28T18:53:35.0519934Z 
2025-07-28T18:53:35.0521429Z [32m~~> Setting up shell profiles for Fish with conf.d/nix.fish inside /etc/fish /usr/local/etc/fish /opt/homebrew/etc/fish /opt/local/etc/fish
2025-07-28T18:53:35.0633472Z [0m
2025-07-28T18:53:35.0634034Z [32m~~> Setting up the default profile
2025-07-28T18:53:35.0915548Z installing 'nix-2.26.3'
2025-07-28T18:53:35.1050126Z building '/nix/store/5afca9ydks0pp5szkwwhi7a6m2zmgk9g-user-environment.drv'...
2025-07-28T18:53:35.1426944Z installing 'nss-cacert-3.107'
2025-07-28T18:53:35.1552130Z building '/nix/store/ilxzpc39hcw5jr229rmajjkyz1a0fym1-user-environment.drv'...
2025-07-28T18:53:35.1747892Z [0m
2025-07-28T18:53:35.1748580Z [32m~~> Setting up the nix-daemon systemd service
2025-07-28T18:53:35.2113056Z Created symlink /etc/systemd/system/nix-daemon.service → /nix/var/nix/profiles/default/lib/systemd/system/nix-daemon.service.
2025-07-28T18:53:35.4739439Z Created symlink /etc/systemd/system/nix-daemon.socket → /nix/var/nix/profiles/default/lib/systemd/system/nix-daemon.socket.
2025-07-28T18:53:35.4741831Z Created symlink /etc/systemd/system/sockets.target.wants/nix-daemon.socket → /nix/var/nix/profiles/default/lib/systemd/system/nix-daemon.socket.
2025-07-28T18:53:36.0241579Z [0m[32mAlright! We're done!
2025-07-28T18:53:36.0261956Z [0mTry it! Open a new terminal, and type:
2025-07-28T18:53:36.0262404Z 
2025-07-28T18:53:36.0262731Z   $ nix-shell -p nix-info --run "nix-info -m"
2025-07-28T18:53:36.0263118Z 
2025-07-28T18:53:36.0263589Z Thank you for using this installer. If you have any feedback or need
2025-07-28T18:53:36.0264253Z help, don't hesitate:
2025-07-28T18:53:36.0264502Z 
2025-07-28T18:53:36.0264695Z You can open an issue at
2025-07-28T18:53:36.0265772Z https://github.com/NixOS/nix/issues/new?labels=installer&template=installer.md
2025-07-28T18:53:36.0266347Z 
2025-07-28T18:53:36.0267072Z Or get in touch with the community: https://nixos.org/community
2025-07-28T18:53:36.0282529Z 
2025-07-28T18:53:36.0283619Z [34m---- Reminders -----------------------------------------------------------------
2025-07-28T18:53:36.0284440Z [0m[34m[ 1 ][0m
2025-07-28T18:53:36.0285664Z Nix won't work in active shell sessions until you restart them.
2025-07-28T18:53:36.0286193Z 
2025-07-28T18:53:36.0955304Z ##[endgroup]
2025-07-28T18:53:36.1010975Z ##[group]Run $GITHUB_ACTION_PATH/nix-develop.sh --command echo "dependencies installed"
2025-07-28T18:53:36.1011574Z [36;1m$GITHUB_ACTION_PATH/nix-develop.sh --command echo "dependencies installed"[0m
2025-07-28T18:53:36.1041064Z shell: /usr/bin/bash --noprofile --norc -e -o pipefail {0}
2025-07-28T18:53:36.1041398Z env:
2025-07-28T18:53:36.1041589Z   TMPDIR: /home/runner/work/_temp
2025-07-28T18:53:36.1041822Z ##[endgroup]
2025-07-28T18:53:36.1114374Z No local flake found, will attempt to use avalanchego flake
2025-07-28T18:53:36.1197763Z Starting nix shell for github:ava-labs/avalanchego?ref=v1.13.3
2025-07-28T18:53:36.2884522Z unpacking 'github:ava-labs/avalanchego/e2bcbaffcb771ed08eda454d03d3001e558438f1' into the Git cache...
2025-07-28T18:53:37.6962797Z copying path '/nix/store/j95fcik6rzsydwips4m89dmlvfj9hg9y-source' from 'https://cache.nixos.org'...
2025-07-28T18:53:53.9619036Z copying path '/nix/store/7dfxlvdhr5g57b1v8gxwpa2gs7i9g3y5-git-2.49.0-doc' from 'https://cache.nixos.org'...
2025-07-28T18:53:53.9625893Z copying path '/nix/store/j4gc8fk7wazgn2hqnh0m8b12xx6m1n75-iana-etc-20250108' from 'https://cache.nixos.org'...
2025-07-28T18:53:53.9649115Z copying path '/nix/store/1jj2lq1kzys105rqq5n1a2r4v59arz43-mailcap-2.1.54' from 'https://cache.nixos.org'...
2025-07-28T18:53:53.9655824Z copying path '/nix/store/v0r2ndk31k1lsj967qrywdwxb87zdil6-perl5.40.0-Digest-HMAC-1.04' from 'https://cache.nixos.org'...
2025-07-28T18:53:53.9661522Z copying path '/nix/store/mri94g6brszrzi5spdp3yjqig0dix246-perl5.40.0-FCGI-ProcManager-0.28' from 'https://cache.nixos.org'...
2025-07-28T18:53:53.9663489Z copying path '/nix/store/jvy29fslpki9ygmipnawxkacs0gdpwbg-perl5.40.0-HTML-TagCloud-0.38' from 'https://cache.nixos.org'...
2025-07-28T18:53:53.9677866Z copying path '/nix/store/1hb2dxywm239rfwgdrd55z090hb1zbg3-perl5.40.0-URI-5.21' from 'https://cache.nixos.org'...
2025-07-28T18:53:53.9682675Z copying path '/nix/store/5vc5pjg9yqxkxk855il2anp6jm5gkpa3-perl5.40.0-libnet-3.15' from 'https://cache.nixos.org'...
2025-07-28T18:53:53.9687368Z copying path '/nix/store/qyihkwbhd70ynz380whj3bsxk1d2lyc4-tzdata-2025b' from 'https://cache.nixos.org'...
2025-07-28T18:53:53.9710061Z copying path '/nix/store/6hqzbvz50bm87hcj4qfn51gh7arxj8a6-gcc-14.2.1.20250322-libgcc' from 'https://cache.nixos.org'...
2025-07-28T18:53:53.9711916Z copying path '/nix/store/rzdjxxf4jkv3qdsjxkg54fxbma5zr05k-gnu-config-2024-01-01' from 'https://cache.nixos.org'...
2025-07-28T18:53:53.9748128Z copying path '/nix/store/q6gp62h0h2z2lx3qh318crhikwc86m2y-perl5.40.0-HTML-Tagset-3.20' from 'https://cache.nixos.org'...
2025-07-28T18:53:53.9750081Z copying path '/nix/store/3fvhcxjgn3a4r6pkidwz9nd4cs84p6jv-perl5.40.0-Mozilla-CA-20230821' from 'https://cache.nixos.org'...
2025-07-28T18:53:53.9751582Z copying path '/nix/store/1f3pkwqxmhglz59hdl9mizgaafrcxr2g-perl5.40.0-IO-HTML-1.004' from 'https://cache.nixos.org'...
2025-07-28T18:53:53.9752729Z copying path '/nix/store/l6b79dzj572yjifnwnrmjmf2r8qx1542-perl5.40.0-Encode-Locale-1.05' from 'https://cache.nixos.org'...
2025-07-28T18:53:53.9754722Z copying path '/nix/store/gvjb0301bm7lc20cbbp6q4mznb3k09j3-perl5.40.0-LWP-MediaTypes-6.04' from 'https://cache.nixos.org'...
2025-07-28T18:53:53.9918357Z copying path '/nix/store/c5k72696a984v5gcxd7grg6f4154yv8d-curl-8.13.0-man' from 'https://cache.nixos.org'...
2025-07-28T18:53:53.9920100Z copying path '/nix/store/qxk9122p34qwivq20k154jflwxjjjxb3-dns-root-data-2025-04-14' from 'https://cache.nixos.org'...
2025-07-28T18:53:53.9921752Z copying path '/nix/store/nqlhzbplrrhkm2rynv3ild1236p0h1c3-mirrors-list' from 'https://cache.nixos.org'...
2025-07-28T18:53:53.9923656Z copying path '/nix/store/yypqcvqhnv8y4zpicgxdigp3giq81gzb-libunistring-1.3' from 'https://cache.nixos.org'...
2025-07-28T18:53:53.9925603Z copying path '/nix/store/hxrjrzngydk24ah8b5n8cl777n39y08b-linux-headers-6.12.7' from 'https://cache.nixos.org'...
2025-07-28T18:53:53.9947146Z copying path '/nix/store/yq3yqv9limsk8w5vimygq1h23vjv6i3m-nghttp2-1.65.0' from 'https://cache.nixos.org'...
2025-07-28T18:53:53.9952672Z copying path '/nix/store/187sf67ng5l08pirjv1hcnvvsx6bg6vi-perl5.40.0-Authen-SASL-2.1700' from 'https://cache.nixos.org'...
2025-07-28T18:53:53.9973496Z copying path '/nix/store/pimqpkya3wybrpcm17zk298gpivhps5j-perl5.40.0-Test-Needs-0.002010' from 'https://cache.nixos.org'...
2025-07-28T18:53:53.9975677Z copying path '/nix/store/wq3ij7g3r6jfkx61d3nbxrfmyw3f3bng-perl5.40.0-Test-RequiresInternet-0.05' from 'https://cache.nixos.org'...
2025-07-28T18:53:53.9998293Z copying path '/nix/store/3zf0hlfxwam2pcpr28374plf3zwcbkr0-perl5.40.0-Net-HTTP-6.23' from 'https://cache.nixos.org'...
2025-07-28T18:53:54.0005350Z copying path '/nix/store/j5agsmr85pb3waxmzxn2m79yb1i7hhmh-perl5.40.0-TimeDate-2.33' from 'https://cache.nixos.org'...
2025-07-28T18:53:54.0020024Z copying path '/nix/store/lyr4v74c0vw9j77fvr0d6dribm1lmfsr-perl5.40.0-Try-Tiny-0.31' from 'https://cache.nixos.org'...
2025-07-28T18:53:54.0067812Z copying path '/nix/store/5i759vgj25fdy680l9v0sjhjg65q0q4h-perl5.40.0-WWW-RobotRules-6.02' from 'https://cache.nixos.org'...
2025-07-28T18:53:54.0069937Z copying path '/nix/store/nfwlyasnxxdbnpiziw2nixwkz9b5f7g3-publicsuffix-list-0-unstable-2025-03-12' from 'https://cache.nixos.org'...
2025-07-28T18:53:54.0072128Z copying path '/nix/store/lmc7x75jvrca79fc2r2j1frmklzvh04h-update-autotools-gnu-config-scripts-hook' from 'https://cache.nixos.org'...
2025-07-28T18:53:54.0119911Z copying path '/nix/store/za53jjhjl1xajv3y1zpjvr9mh4w0c1ay-xgcc-14.2.1.20250322-libgcc' from 'https://cache.nixos.org'...
2025-07-28T18:53:54.0298615Z copying path '/nix/store/blgz4vzk56rbajaavr6kg437zr7jcabp-perl5.40.0-HTTP-Date-6.06' from 'https://cache.nixos.org'...
2025-07-28T18:53:54.0336835Z copying path '/nix/store/xnfzahna7b6jb6m1vdczap4v103qmr6w-perl5.40.0-Test-Fatal-0.017' from 'https://cache.nixos.org'...
2025-07-28T18:53:54.0394607Z copying path '/nix/store/x51649mj5ppmj97qrgxwr0calf82m9a5-perl5.40.0-File-Listing-6.16' from 'https://cache.nixos.org'...
2025-07-28T18:53:54.0398984Z copying path '/nix/store/krfhnl4n5a9w201z5pzwgps9fgz8z5j5-perl5.40.0-HTTP-CookieJar-0.014' from 'https://cache.nixos.org'...
2025-07-28T18:53:54.0510360Z copying path '/nix/store/6nkqdqzpa75514lhglgnjs5k4dklw4sb-libidn2-2.3.8' from 'https://cache.nixos.org'...
2025-07-28T18:53:54.0716606Z copying path '/nix/store/cg9s562sa33k78m63njfn1rw47dp9z0i-glibc-2.40-66' from 'https://cache.nixos.org'...
2025-07-28T18:53:54.0942218Z copying path '/nix/store/dssdkka6y0sjkiknyrsc73lbrw6x70w5-protoc-gen-go-1.36.6' from 'https://cache.nixos.org'...
2025-07-28T18:53:54.0948467Z copying path '/nix/store/52vfnn1wcqn3d5jzrqvcd6yzp3i1gw2m-kind-0.29.0' from 'https://cache.nixos.org'...
2025-07-28T18:53:54.0952213Z copying path '/nix/store/h1cbksykikg9wfhrh5304bfh6xhbbziy-protoc-gen-go-grpc-1.5.1' from 'https://cache.nixos.org'...
2025-07-28T18:53:54.0954359Z copying path '/nix/store/f93la7iy82zzmhr9wc5rxh18yqajr95v-kubectl-1.33.0' from 'https://cache.nixos.org'...
2025-07-28T18:53:54.0959047Z copying path '/nix/store/gjdgw1zhvl9hl7mmiw6ncpnpmpxlk2yb-go-task-3.43.3' from 'https://cache.nixos.org'...
2025-07-28T18:53:54.6256524Z copying path '/nix/store/8syylmkvnn7lg2nar9fddpp5izb4gh56-attr-2.5.2' from 'https://cache.nixos.org'...
2025-07-28T18:53:54.6261861Z copying path '/nix/store/xy4jjgw87sbgwylm5kn047d9gkbhsr9x-bash-5.2p37' from 'https://cache.nixos.org'...
2025-07-28T18:53:54.6263550Z copying path '/nix/store/7a8gf62bfl22k4gy2cd300h7cvqmn9yl-brotli-1.1.0-lib' from 'https://cache.nixos.org'...
2025-07-28T18:53:54.6266555Z copying path '/nix/store/v684vrham0343x1dwzdi8v2l68hb28zp-buf-1.52.1' from 'https://cache.nixos.org'...
2025-07-28T18:53:54.6270911Z copying path '/nix/store/j0bzxly2rvcym1zkhn393adiqcwn8np6-expat-2.7.1' from 'https://cache.nixos.org'...
2025-07-28T18:53:54.6272549Z copying path '/nix/store/zrnqzhcvlpiycqbswl0w172y4bpn0lb4-bzip2-1.0.8' from 'https://cache.nixos.org'...
2025-07-28T18:53:54.6274061Z copying path '/nix/store/2x51wvk10m9l014lyrfdskc3b360ifjp-ed-1.21.1' from 'https://cache.nixos.org'...
2025-07-28T18:53:54.6278041Z copying path '/nix/store/fcyn0dqszgfysiasdmkv1jh3syncajay-gawk-5.3.2' from 'https://cache.nixos.org'...
2025-07-28T18:53:54.6279755Z copying path '/nix/store/7c0v0kbrrdc2cqgisi78jdqxn73n3401-gcc-14.2.1.20250322-lib' from 'https://cache.nixos.org'...
2025-07-28T18:53:54.6281535Z copying path '/nix/store/p9k7bd23v5yvmap9594f9x7hpvacdh32-expand-response-params' from 'https://cache.nixos.org'...
2025-07-28T18:53:54.6283220Z copying path '/nix/store/303islqk386z1w2g1ngvxnkl4glfpgrs-glibc-2.40-66-bin' from 'https://cache.nixos.org'...
2025-07-28T18:53:54.6284862Z copying path '/nix/store/qkzkz12l4q06lzbji0ifgynzrd44bpjs-gdbm-1.25-lib' from 'https://cache.nixos.org'...
2025-07-28T18:53:54.6286602Z copying path '/nix/store/dwwc14ppzkl0yphcgsz25xvi24c9d1zm-gmp-6.3.0' from 'https://cache.nixos.org'...
2025-07-28T18:53:54.6288230Z copying path '/nix/store/if83fp73ln7ksdnp1wkywvyv53b6fw3f-glibc-2.40-66-getent' from 'https://cache.nixos.org'...
2025-07-28T18:53:54.6289894Z copying path '/nix/store/kv10h4pidkmx8cjs2sw2pi9rlcnighbc-gnumake-4.4.1' from 'https://cache.nixos.org'...
2025-07-28T18:53:54.6416381Z copying path '/nix/store/clbb2cvigynr235ab5zgi18dyavznlk2-gnused-4.9' from 'https://cache.nixos.org'...
2025-07-28T18:53:54.6426486Z copying path '/nix/store/677sx4qrmnmgk83ynn0sw8hqgh439g6b-json-c-0.18' from 'https://cache.nixos.org'...
2025-07-28T18:53:54.6491015Z copying path '/nix/store/1abbyfv3bpxalfjfgpmwg8jcy931bf76-bzip2-1.0.8-bin' from 'https://cache.nixos.org'...
2025-07-28T18:53:54.6500108Z copying path '/nix/store/0jzwmqm1j81n7696azyvxmk007qza014-k9s-0.50.5' from 'https://cache.nixos.org'...
2025-07-28T18:53:54.6516540Z copying path '/nix/store/3mi59bgj22xx29dyss7jhmx3sgznd85m-acl-2.3.2' from 'https://cache.nixos.org'...
2025-07-28T18:53:54.6628153Z copying path '/nix/store/j2v7jjnczkj7ra7jsgq6kv3242a1l52x-getent-glibc-2.40-66' from 'https://cache.nixos.org'...
2025-07-28T18:53:54.6878738Z copying path '/nix/store/4v64wga9rk0c919ip673j36g6ikx26ha-keyutils-1.6.3-lib' from 'https://cache.nixos.org'...
2025-07-28T18:53:54.7020283Z copying path '/nix/store/z8fh9w8y3hlckw7zqi29hgfz0x5gyi0s-kubernetes-helm-3.17.3' from 'https://cache.nixos.org'...
2025-07-28T18:53:54.7085364Z copying path '/nix/store/1rlljm73ch98b2q9qqk8g0vhv2n9mya8-libapparmor-4.1.0' from 'https://cache.nixos.org'...
2025-07-28T18:53:54.7098425Z copying path '/nix/store/afhkqb5a94zlwjxigsnwsfwkf38h21dk-gzip-1.14' from 'https://cache.nixos.org'...
2025-07-28T18:53:54.7103414Z copying path '/nix/store/bh1hxs692a2fv806wkiprig10j5znd7c-libcap-2.75-lib' from 'https://cache.nixos.org'...
2025-07-28T18:53:54.7148618Z copying path '/nix/store/dfznrcrr2raj9x4bdysvs896jfnx84ih-libcbor-0.12.0' from 'https://cache.nixos.org'...
2025-07-28T18:53:54.7160033Z copying path '/nix/store/aq5b44b37zp5dfwz5330pxqm699gs4g3-isl-0.20' from 'https://cache.nixos.org'...
2025-07-28T18:53:54.7230163Z copying path '/nix/store/wrxvqj822kz8746608lgns7h8mkpn79f-gnutar-1.35' from 'https://cache.nixos.org'...
2025-07-28T18:53:54.7388528Z copying path '/nix/store/yai7mpy5d4rw0jvflyxdf0vzjkiqxhv6-libevent-2.1.12' from 'https://cache.nixos.org'...
2025-07-28T18:53:54.7409309Z copying path '/nix/store/90c412b9wqhfny300rg5s2gpsbrqb31q-libffi-3.4.8' from 'https://cache.nixos.org'...
2025-07-28T18:53:54.7608101Z copying path '/nix/store/r25srliigrrv5q3n7y8ms6z10spvjcd9-glibc-2.40-66-dev' from 'https://cache.nixos.org'...
2025-07-28T18:53:54.7618592Z copying path '/nix/store/9z7wv6k9i38k83xpbgqcapaxhdkbaqhz-libgpg-error-1.51' from 'https://cache.nixos.org'...
2025-07-28T18:53:54.7848528Z copying path '/nix/store/9hbdbr5hikxjb16ir40w2v24gbivv22x-libmnl-1.0.5' from 'https://cache.nixos.org'...
2025-07-28T18:53:54.7878871Z copying path '/nix/store/ygz5dcpzd7qkw44wpbd65rl6amwpxp5f-libnfnetlink-1.0.2' from 'https://cache.nixos.org'...
2025-07-28T18:53:54.7916167Z copying path '/nix/store/635dz3p1afjwym9snp2r9hm0vaznwngy-libnl-3.11.0' from 'https://cache.nixos.org'...
2025-07-28T18:53:54.7918860Z copying path '/nix/store/bxs5j3zhh35nwhyhwc3db724c7nzfl36-libpsl-0.21.5' from 'https://cache.nixos.org'...
2025-07-28T18:53:54.8129639Z copying path '/nix/store/a7zbljj0cwkbfzn22v6s2cbh39dj9hip-libseccomp-2.6.0-lib' from 'https://cache.nixos.org'...
2025-07-28T18:53:54.8522208Z copying path '/nix/store/zf61wng66ik05clni78571wfmfp5kqzq-libtasn1-4.20.0' from 'https://cache.nixos.org'...
2025-07-28T18:53:54.8597847Z copying path '/nix/store/f7y5q4jwja2z3i5zlylgbv5av6839a54-libnftnl-1.2.9' from 'https://cache.nixos.org'...
2025-07-28T18:53:54.8688911Z copying path '/nix/store/qizipyz9y17nr4w4gmxvwd3x4k0bp2rh-libxcrypt-4.4.38' from 'https://cache.nixos.org'...
2025-07-28T18:53:54.8712020Z copying path '/nix/store/6wrjb93m2arv7adx6k2x9nlb0y7rmgpi-libnetfilter_conntrack-1.1.0' from 'https://cache.nixos.org'...
2025-07-28T18:53:54.9043235Z copying path '/nix/store/xv0pc5nc41v5vi0lac1i2d353s3rqlkm-libxml2-2.13.8' from 'https://cache.nixos.org'...
2025-07-28T18:53:54.9110046Z copying path '/nix/store/51sr6m5fb8fff9vydnz7gkqyl5sjpixl-lz4-1.10.0-lib' from 'https://cache.nixos.org'...
2025-07-28T18:53:54.9419179Z copying path '/nix/store/wyf93cvh25b2xg82mkjcpmwgcspk0ggr-mpdecimal-4.0.0' from 'https://cache.nixos.org'...
2025-07-28T18:53:54.9466100Z copying path '/nix/store/fm2ky0fkkkici6zpf2s41c1lvkcpfbm5-db-4.8.30' from 'https://cache.nixos.org'...
2025-07-28T18:53:54.9481786Z copying path '/nix/store/sdqvwr8gc74ms9cgf56yvy409xvl8hsf-gettext-0.22.5' from 'https://cache.nixos.org'...
2025-07-28T18:53:54.9486137Z copying path '/nix/store/kxhsmlrscry4pvbpwkbbbxsksmzg0gp0-gmp-with-cxx-6.3.0' from 'https://cache.nixos.org'...
2025-07-28T18:53:54.9698465Z copying path '/nix/store/nzg6zqsijbv7yc95wlfcdswx6bg69srq-gmp-with-cxx-6.3.0' from 'https://cache.nixos.org'...
2025-07-28T18:53:54.9818424Z copying path '/nix/store/i4lj3w4yd9x9jbi7a1xhjqsr7bg8jq7p-icu4c-76.1' from 'https://cache.nixos.org'...
2025-07-28T18:53:54.9917047Z copying path '/nix/store/rmrbzp98xrk54pdlm7cxhayj4344zw6h-libassuan-3.0.2' from 'https://cache.nixos.org'...
2025-07-28T18:53:54.9943663Z copying path '/nix/store/0dqmgjr0jsc2s75sbgdvkk7d08zx5g61-libgcrypt-1.10.3-lib' from 'https://cache.nixos.org'...
2025-07-28T18:53:55.0027040Z copying path '/nix/store/1r4qwdkxwc1r3n0bij0sq9q4nvfraw6i-libpcap-1.10.5' from 'https://cache.nixos.org'...
2025-07-28T18:53:55.0379647Z copying path '/nix/store/n52k1dccv0mipz1s4gkk45x64cmmcvrf-mpfr-4.2.2' from 'https://cache.nixos.org'...
2025-07-28T18:53:55.0541740Z copying path '/nix/store/vfmnmqsnfiiqmphy7ffh2zqynsxfck1q-ncurses-6.5' from 'https://cache.nixos.org'...
2025-07-28T18:53:55.0777037Z copying path '/nix/store/v7rzgm8p6p0ghg5mqcin4vbx6pcrvc0j-nghttp2-1.65.0-lib' from 'https://cache.nixos.org'...
2025-07-28T18:53:55.0911347Z copying path '/nix/store/w5jysn25rynd1d4f3z1nzdkm3rv7rmf0-nghttp2-1.65.0-lib' from 'https://cache.nixos.org'...
2025-07-28T18:53:55.1196728Z copying path '/nix/store/ci5nyvrii461hnaw267c1zvna0sjfxif-npth-1.8' from 'https://cache.nixos.org'...
2025-07-28T18:53:55.1266632Z copying path '/nix/store/m4yrdwg3zv50mw8hy2zni5dyy7ljlg7j-nettle-3.10.1' from 'https://cache.nixos.org'...
2025-07-28T18:53:55.1559047Z copying path '/nix/store/8pviily4fgsl02ijm65binz236717wfs-openssl-3.4.1' from 'https://cache.nixos.org'...
2025-07-28T18:53:55.2057390Z copying path '/nix/store/87fck6hm17chxjq7badb11mq036zbyv9-coreutils-9.7' from 'https://cache.nixos.org'...
2025-07-28T18:53:55.2076556Z copying path '/nix/store/qr2rzzddcyvmdlrq1fy68c3nwcz29jyb-openssl-3.4.1' from 'https://cache.nixos.org'...
2025-07-28T18:53:55.2125791Z copying path '/nix/store/9m6a4iv2nh6v4aga830r499s4arknsfb-p11-kit-0.25.5' from 'https://cache.nixos.org'...
2025-07-28T18:53:55.2584857Z copying path '/nix/store/wxkbp7kwvpxvjh28rigmf6lfq64zlsyj-iptables-1.8.11' from 'https://cache.nixos.org'...
2025-07-28T18:53:55.2626151Z copying path '/nix/store/x0kaspzb5jqvgp357bj27z6iq24ximfg-patch-2.7.6' from 'https://cache.nixos.org'...
2025-07-28T18:53:55.2631737Z copying path '/nix/store/2jc1jmzis19adawjwhl8qhdvh7vlbk0q-patchelf-0.15.0' from 'https://cache.nixos.org'...
2025-07-28T18:53:55.2927890Z copying path '/nix/store/md8kapandyhs7bbw5s782aanw38p2kax-gnupg-2.4.7' from 'https://cache.nixos.org'...
2025-07-28T18:53:55.3411248Z copying path '/nix/store/mb407pssv7zc7pfb4d910k6fshfagm6j-libmpc-1.3.1' from 'https://cache.nixos.org'...
2025-07-28T18:53:55.3942178Z copying path '/nix/store/zh2hx7p0dgkpn08m4gx1csg970dp8b0g-nghttp2-1.65.0-dev' from 'https://cache.nixos.org'...
2025-07-28T18:53:55.4005655Z copying path '/nix/store/a9c6rz5183psp30q1nhkakis6ab4km4b-pcre2-10.44' from 'https://cache.nixos.org'...
2025-07-28T18:53:55.4557211Z copying path '/nix/store/qqpgwzhpakcqaz6fiy95x19iydj471ca-pcsclite-2.3.0-lib' from 'https://cache.nixos.org'...
2025-07-28T18:53:55.4622056Z copying path '/nix/store/r4bvdpg1761bqc4jxn4sqxr6ymbcdw8f-perl5.40.0-Clone-0.46' from 'https://cache.nixos.org'...
2025-07-28T18:53:55.4848762Z copying path '/nix/store/vqhxms7i64vb86p07i8q50x32yi9gv5c-perl5.40.0-FCGI-0.82' from 'https://cache.nixos.org'...
2025-07-28T18:53:55.5038513Z copying path '/nix/store/7h0sard22wnbz0jyz07w8y9y0fcs795r-diffutils-3.12' from 'https://cache.nixos.org'...
2025-07-28T18:53:55.5051194Z copying path '/nix/store/vim07ywfgdqz217qnmik9knbmm5glpcn-perl5.40.0-HTTP-Message-6.45' from 'https://cache.nixos.org'...
2025-07-28T18:53:55.5089361Z copying path '/nix/store/7y59hzi3svdj1xjddjn2k7km96pifcyl-findutils-4.10.0' from 'https://cache.nixos.org'...
2025-07-28T18:53:55.5095519Z copying path '/nix/store/bafwfabi148bigqra4nc5w029zj7dx7c-perl5.40.0-TermReadKey-2.38' from 'https://cache.nixos.org'...
2025-07-28T18:53:55.5118326Z copying path '/nix/store/8235ynhyv1ilxb8b45mfm2gg00c7514r-prometheus-3.1.0' from 'https://cache.nixos.org'...
2025-07-28T18:53:55.5239471Z copying path '/nix/store/7dac1achpwid46gi2a0p751jgn907p6w-protoc-gen-connect-go-1.18.1' from 'https://cache.nixos.org'...
2025-07-28T18:53:55.5411273Z copying path '/nix/store/1l2x502h3j9bkp2ln3axm9qp70ibg7a1-qrencode-4.1.1' from 'https://cache.nixos.org'...
2025-07-28T18:53:55.5601557Z copying path '/nix/store/j6rlrmd7jqk1902s98mjjxj8d563hv8q-perl5.40.0-HTML-Parser-3.81' from 'https://cache.nixos.org'...
2025-07-28T18:53:55.5808244Z copying path '/nix/store/cxqg93vhjddswn75f5bdzbkcpbix32gg-perl5.40.0-HTTP-Cookies-6.10' from 'https://cache.nixos.org'...
2025-07-28T18:53:55.5843753Z copying path '/nix/store/dfyds9allpyy0nwhr2j729jvkb49mrxn-perl5.40.0-HTTP-Daemon-6.16' from 'https://cache.nixos.org'...
2025-07-28T18:53:55.6240730Z copying path '/nix/store/gqmr3gixlddz3667ba1iyqck3c0dkpvd-gnugrep-3.11' from 'https://cache.nixos.org'...
2025-07-28T18:53:55.6269675Z copying path '/nix/store/3pd9kl0nnn22in35ad4p6v5zha8s24gj-perl5.40.0-HTTP-Negotiate-6.01' from 'https://cache.nixos.org'...
2025-07-28T18:53:55.6293688Z copying path '/nix/store/v03zr9slrp64psxlpwh7gn0m5gcdglwm-systemd-minimal-libs-257.5' from 'https://cache.nixos.org'...
2025-07-28T18:53:55.6376727Z copying path '/nix/store/8y5hcryppj548yfx6akiw93qrw8zv6js-unbound-1.23.0-lib' from 'https://cache.nixos.org'...
2025-07-28T18:53:55.6589225Z copying path '/nix/store/675r4l9rpmaxdanw0i48z4n7gzchngv7-util-linux-minimal-2.41-login' from 'https://cache.nixos.org'...
2025-07-28T18:53:55.6824800Z copying path '/nix/store/971mpk4nqhqcxggx0yi60w9y1ya570bj-readline-8.2p13' from 'https://cache.nixos.org'...
2025-07-28T18:53:55.7095116Z copying path '/nix/store/pa60s415p92gnhv5ffz1bmfgzzfvhvd8-xz-5.8.1' from 'https://cache.nixos.org'...
2025-07-28T18:53:55.7096811Z copying path '/nix/store/fmf4095h2x5rxsgsyxz655049k2ibchl-perl5.40.0-CGI-4.59' from 'https://cache.nixos.org'...
2025-07-28T18:53:55.7204382Z copying path '/nix/store/ab94zphiyyy8xa1adssy4n94f4nn799l-z3-4.15.1-lib' from 'https://cache.nixos.org'...
2025-07-28T18:53:55.7308365Z copying path '/nix/store/srby6wmvg7dp454pwb6qvaxdiri38sc1-zlib-1.3.1' from 'https://cache.nixos.org'...
2025-07-28T18:53:55.7311954Z copying path '/nix/store/k8asbblj2xn748rslklcll68b4ygh2am-zlib-ng-2.2.4' from 'https://cache.nixos.org'...
2025-07-28T18:53:55.7495705Z copying path '/nix/store/bmjb20jhxkq881f43pd264240sp677an-krb5-1.21.3-lib' from 'https://cache.nixos.org'...
2025-07-28T18:53:55.8092537Z copying path '/nix/store/jc4bqxwq93ki4b5wf638sgygd1ghjz7a-krb5-1.21.3-lib' from 'https://cache.nixos.org'...
2025-07-28T18:53:55.8160159Z copying path '/nix/store/1q9lw4r2mbap8rsr8cja46nap6wvrw2p-bash-interactive-5.2p37' from 'https://cache.nixos.org'...
2025-07-28T18:53:55.8165281Z copying path '/nix/store/974a51073v6cb7cr5j0dazanxzmk9bxg-binutils-2.44-lib' from 'https://cache.nixos.org'...
2025-07-28T18:53:55.8339186Z copying path '/nix/store/a7h3ly9qzh8wk1vsycpdk69xp82dl5ry-cracklib-2.10.0' from 'https://cache.nixos.org'...
2025-07-28T18:53:55.8397780Z copying path '/nix/store/imhzyxqr7swq08ip81az5kfa07r07kg0-file-5.46' from 'https://cache.nixos.org'...
2025-07-28T18:53:55.8520679Z copying path '/nix/store/9ds850ifd4jwcccpp3v14818kk74ldf2-gcc-14.2.1.20250322' from 'https://cache.nixos.org'...
2025-07-28T18:53:55.8627610Z copying path '/nix/store/4f7ssdb8qgaajl4pr1s1p77r51qsrb8y-kexec-tools-2.0.29' from 'https://cache.nixos.org'...
2025-07-28T18:53:55.8706953Z copying path '/nix/store/yba197xwc8vvxv9wmcrs9bngmmgp5njb-gnutls-3.8.9' from 'https://cache.nixos.org'...
2025-07-28T18:53:55.9159091Z copying path '/nix/store/5f0bv68v1sjrp4pnr8c6p7k04271659w-libfido2-1.15.0' from 'https://cache.nixos.org'...
2025-07-28T18:53:56.0188609Z copying path '/nix/store/9642gi5dl4w9nkhab0l6xry685cg403c-libssh2-1.11.1' from 'https://cache.nixos.org'...
2025-07-28T18:53:56.0647701Z copying path '/nix/store/hbg912lq82jclwv8xnrwx5dgm8wq79sb-libssh2-1.11.1' from 'https://cache.nixos.org'...
2025-07-28T18:53:56.0759890Z copying path '/nix/store/v63bxfiacw082c7ijshf60alvvrpfxsq-binutils-2.44' from 'https://cache.nixos.org'...
2025-07-28T18:53:56.1031875Z copying path '/nix/store/bmckdjhp1cn78n4md1m55zglpqxwijj3-libtpms-0.10.0' from 'https://cache.nixos.org'...
2025-07-28T18:53:56.1491456Z copying path '/nix/store/dd8qw391ljsri9mkx07mihb1ap0g52mp-krb5-1.21.3' from 'https://cache.nixos.org'...
2025-07-28T18:53:56.1892357Z copying path '/nix/store/2pvhq9kgqh5669qj6805vpasngivad8h-lvm2-2.03.31-lib' from 'https://cache.nixos.org'...
2025-07-28T18:53:56.2037758Z copying path '/nix/store/1dxfw2zshri809ddyfqllvff3cfj96ma-libmicrohttpd-1.0.1' from 'https://cache.nixos.org'...
2025-07-28T18:53:56.2468939Z copying path '/nix/store/mzvz45f54a0r0zjjygvlzn6pidfkkwj3-audit-4.0.3-lib' from 'https://cache.nixos.org'...
2025-07-28T18:53:56.3159684Z copying path '/nix/store/xr3wxsyn60shsns69sgkxfhv2d95536w-openssl-3.4.1-bin' from 'https://cache.nixos.org'...
2025-07-28T18:53:56.3229659Z copying path '/nix/store/3f5adc5ygjllrbgm913gabzf9afmkh7s-curl-8.13.0' from 'https://cache.nixos.org'...
2025-07-28T18:53:56.3579332Z copying path '/nix/store/al9x8cr5xifp3qd2f5cdzh6z603kb5ps-perl-5.40.0' from 'https://cache.nixos.org'...
2025-07-28T18:53:56.4182335Z copying path '/nix/store/0gn4mrgjlx9dhffs19yshpdrhi9pcbyl-perl5.40.0-CGI-Fast-2.16' from 'https://cache.nixos.org'...
2025-07-28T18:53:56.4499179Z copying path '/nix/store/d4knbwl8kbkaai01bp5pb0ph0xpb7bnz-perl5.40.0-Net-SSLeay-1.92' from 'https://cache.nixos.org'...
2025-07-28T18:53:56.4900008Z copying path '/nix/store/yfjzkkkyxcalyj7l1n4d4y6s81i65hmy-sqlite-3.48.0' from 'https://cache.nixos.org'...
2025-07-28T18:53:56.5089701Z copying path '/nix/store/mgzqqyadpfwhqq68lpfp7c91ywzrzm10-krb5-1.21.3-dev' from 'https://cache.nixos.org'...
2025-07-28T18:53:56.5457620Z copying path '/nix/store/vrdwlbzr74ibnzcli2yl1nxg9jqmr237-linux-pam-1.6.1' from 'https://cache.nixos.org'...
2025-07-28T18:53:56.5508250Z copying path '/nix/store/98zamhd8d0jq3skqwz28dlgph94mrqir-xz-5.8.1-bin' from 'https://cache.nixos.org'...
2025-07-28T18:53:56.6177372Z copying path '/nix/store/cbdvjyn19y77m8l06n089x30v7irqz3j-zlib-1.3.1-dev' from 'https://cache.nixos.org'...
2025-07-28T18:53:56.6206210Z copying path '/nix/store/jrfl1fwkb3aqbh19ap1ipk8sjlbpcjy4-openssl-3.4.1-dev' from 'https://cache.nixos.org'...
2025-07-28T18:53:56.6229505Z copying path '/nix/store/d8vq999dg607ha6718fimpakacfax0gd-zstd-1.5.7' from 'https://cache.nixos.org'...
2025-07-28T18:53:56.6701486Z copying path '/nix/store/a1v66jvhbr6xia023m16c4pkhxrpkqqr-curl-8.13.0-bin' from 'https://cache.nixos.org'...
2025-07-28T18:53:56.6874757Z copying path '/nix/store/aq801xbgs98nxx3lckrym06qfvl8mfsf-stdenv-linux' from 'https://cache.nixos.org'...
2025-07-28T18:53:56.7065523Z copying path '/nix/store/n75k5rjvbc7gfp4zpajpab5rykajdcmy-perl5.40.0-IO-Socket-SSL-2.083' from 'https://cache.nixos.org'...
2025-07-28T18:53:56.8272525Z copying path '/nix/store/r03ly1w54924k8fag1dhjl3yrllj6czd-util-linux-minimal-2.41-lib' from 'https://cache.nixos.org'...
2025-07-28T18:53:56.8437904Z copying path '/nix/store/grpscx1ba72r34zbdkq8im08xmjrkad0-boost-1.87.0' from 'https://cache.nixos.org'...
2025-07-28T18:53:56.8440444Z copying path '/nix/store/v578vkzh0qhzczjvrzf64lqb2c74d5pk-curl-8.13.0' from 'https://cache.nixos.org'...
2025-07-28T18:53:56.8443758Z copying path '/nix/store/qvyvscqgr6vyqvmjdgxqa521myv5db0p-kmod-31' from 'https://cache.nixos.org'...
2025-07-28T18:53:56.8636105Z copying path '/nix/store/89bxhx3rhk6r4d5fvwaysrykpmvmgcnm-kmod-31-lib' from 'https://cache.nixos.org'...
2025-07-28T18:53:56.8909970Z copying path '/nix/store/g91dviqva4rkkw8lw30zy3gj14c1p23s-libarchive-3.7.8-lib' from 'https://cache.nixos.org'...
2025-07-28T18:53:56.8931466Z copying path '/nix/store/9pfg9c10kjqzbdfy37vhylkqhmwf1208-libssh2-1.11.1-dev' from 'https://cache.nixos.org'...
2025-07-28T18:53:56.9147646Z copying path '/nix/store/bmmmy3sz3fmlxx64rlw1apm7ffywpyap-libpwquality-1.4.5-lib' from 'https://cache.nixos.org'...
2025-07-28T18:53:56.9931729Z copying path '/nix/store/qih5jc5im739yjgdslbswyxmz8kslqdl-perl5.40.0-Net-SMTP-SSL-1.04' from 'https://cache.nixos.org'...
2025-07-28T18:53:57.0010862Z copying path '/nix/store/l9xn7mbn0wh0z7swfcfj1n56byvcrisw-zstd-1.5.7-bin' from 'https://cache.nixos.org'...
2025-07-28T18:53:57.0174647Z copying path '/nix/store/0dw5b8ypwqy87xrb0jgn5ygpzsiv6di9-curl-8.13.0-dev' from 'https://cache.nixos.org'...
2025-07-28T18:53:57.0527910Z copying path '/nix/store/cly4pxh7avd579girjmpxmx8z6ad4dyp-elfutils-0.192' from 'https://cache.nixos.org'...
2025-07-28T18:53:57.0759273Z copying path '/nix/store/m4w8d2h3v76anng7s9cv9c1iq9w6y2jj-cryptsetup-2.7.5' from 'https://cache.nixos.org'...
2025-07-28T18:53:57.0761075Z copying path '/nix/store/8w718rm43x7z73xhw9d6vh8s4snrq67h-python3-3.12.10' from 'https://cache.nixos.org'...
2025-07-28T18:53:57.1339589Z copying path '/nix/store/a885zzx9s5y8dxbfvahwdcwcx6pdzm9q-tpm2-tss-4.1.3' from 'https://cache.nixos.org'...
2025-07-28T18:53:57.1406620Z copying path '/nix/store/agpxymqp96k4bksyz3bbzr5y8jgykf4p-util-linux-minimal-2.41-mount' from 'https://cache.nixos.org'...
2025-07-28T18:53:57.1423959Z copying path '/nix/store/9r81a64smasyz3j7x3ah684hyzivmplx-kbd-2.7.1' from 'https://cache.nixos.org'...
2025-07-28T18:53:57.2034610Z building '/nix/store/99c82r6q9jma7g5hzimr3l4z629afmqk-kind-with-registry.sh.drv'...
2025-07-28T18:53:57.2188820Z copying path '/nix/store/jws80m7djgv03chq0ylw7vmv3vqsbvgg-util-linux-minimal-2.41-swap' from 'https://cache.nixos.org'...
2025-07-28T18:53:57.3615584Z copying path '/nix/store/7f3nwfvk0f32663rz1xn38cbsl66idx2-libbpf-1.5.0' from 'https://cache.nixos.org'...
2025-07-28T18:53:57.3622463Z copying path '/nix/store/dw5aa0sf40aahg0fbwgfjwhjxnnrmipl-shellcheck-0.10.0-bin' from 'https://cache.nixos.org'...
2025-07-28T18:53:57.6647547Z copying path '/nix/store/hhfm5fkvb1alg1np5a69m2qlcjqhr062-binutils-wrapper-2.44' from 'https://cache.nixos.org'...
2025-07-28T18:53:57.8535485Z copying path '/nix/store/if9z6wmzmb07j63c02mvfkhn1mw1w5p4-systemd-257.5' from 'https://cache.nixos.org'...
2025-07-28T18:53:57.8997904Z copying path '/nix/store/gxzk021q0f0h0jqwxiqikl1gkiih7qiq-shellcheck-0.10.0' from 'https://cache.nixos.org'...
2025-07-28T18:53:57.9199626Z copying path '/nix/store/lzy7d0z17q11m9g3ggx0kqq498wz9g6m-solc-0.8.28' from 'https://cache.nixos.org'...
2025-07-28T18:53:58.6792346Z copying path '/nix/store/p90lckzsmp16zh0rfx7pfc6ryf77y3c6-perl5.40.0-libwww-perl-6.72' from 'https://cache.nixos.org'...
2025-07-28T18:53:58.8058936Z copying path '/nix/store/0yh5wr3mhk09q1bxzh1l7fakkvdsdi67-promtail-3.4.4' from 'https://cache.nixos.org'...
2025-07-28T18:53:59.7774785Z copying path '/nix/store/805a5wv1cyah5awij184yfad1ksmbh9f-git-2.49.0' from 'https://cache.nixos.org'...
2025-07-28T18:54:00.9220079Z copying path '/nix/store/0fsnicvfpf55nkza12cjnad0w84d6ba7-gcc-wrapper-14.2.1.20250322' from 'https://cache.nixos.org'...
2025-07-28T18:54:00.9309486Z copying path '/nix/store/nivcx63drxqzm6pic6vm2wbkxl368w83-stdenv-linux' from 'https://cache.nixos.org'...
2025-07-28T18:54:00.9827390Z building '/nix/store/v8pnp5xw7q2k443b6vd42qb4b1hwxjyx-kind-with-registry-1.0.0.drv'...
2025-07-28T18:54:01.0739219Z building '/nix/store/ayfxm9ax1f2w9k8ngmdx8ddlk9zg1n2d-nix-shell-env.drv'...
2025-07-28T18:54:01.7214602Z this path will be fetched (0.10 MiB download, 0.10 MiB unpacked):
2025-07-28T18:54:01.7215661Z   /nix/store/s3zz5nasd7qr894a8jrp6fy52pdrz2f1-bash-interactive-5.2p37-man
2025-07-28T18:54:01.7225361Z copying path '/nix/store/s3zz5nasd7qr894a8jrp6fy52pdrz2f1-bash-interactive-5.2p37-man' from 'https://cache.nixos.org'...
2025-07-28T18:54:01.7722006Z dependencies installed
2025-07-28T18:54:01.7775868Z ##[group]Run $GITHUB_ACTION_PATH/notify-metrics-availability.sh
2025-07-28T18:54:01.7776296Z [36;1m$GITHUB_ACTION_PATH/notify-metrics-availability.sh[0m
2025-07-28T18:54:01.7805263Z shell: /usr/bin/bash --noprofile --norc -e -o pipefail {0}
2025-07-28T18:54:01.7805593Z env:
2025-07-28T18:54:01.7805784Z   TMPDIR: /home/runner/work/_temp
2025-07-28T18:54:01.7806758Z   GRAFANA_URL: https://grafana-poc.avax-dev.network/d/kBQpRdWnk/avalanche-main-dashboard?orgId=1&refresh=10s&var-filter=is_ephemeral_node%7C%3D%7Cfalse&var-filter=gh_repo%7C%3D%7Cava-labs%2Fsubnet-evm&var-filter=gh_run_id%7C%3D%7C16577648665&var-filter=gh_run_attempt%7C%3D%7C1
2025-07-28T18:54:01.7807712Z   GH_JOB_ID: e2e_warp
2025-07-28T18:54:01.7807908Z   FILTER_BY_OWNER: 
2025-07-28T18:54:01.7808099Z ##[endgroup]
2025-07-28T18:54:01.7890554Z grafana link for shared network logs and metrics: https://grafana-poc.avax-dev.network/d/kBQpRdWnk/avalanche-main-dashboard?orgId=1&refresh=10s&var-filter=is_ephemeral_node%7C%3D%7Cfalse&var-filter=gh_repo%7C%3D%7Cava-labs%2Fsubnet-evm&var-filter=gh_run_id%7C%3D%7C16577648665&var-filter=gh_run_attempt%7C%3D%7C1&var-filter=gh_job_id%7C%3D%7Ce2e_warp&from=1753728841000&to=1753729741000
2025-07-28T18:54:01.7926230Z ##[group]Run $GITHUB_ACTION_PATH/nix-develop.sh --impure --command bash -x ./scripts/run_task.sh test-e2e-warp-ci
2025-07-28T18:54:01.7927423Z [36;1m $GITHUB_ACTION_PATH/nix-develop.sh --impure --command bash -x ./scripts/run_task.sh test-e2e-warp-ci[0m
2025-07-28T18:54:01.7961223Z shell: /usr/bin/bash --noprofile --norc -e -o pipefail {0}
2025-07-28T18:54:01.7961736Z env:
2025-07-28T18:54:01.7962044Z   TMPDIR: /home/runner/work/_temp
2025-07-28T18:54:01.7962479Z   TMPNET_START_METRICS_COLLECTOR: true
2025-07-28T18:54:01.7962922Z   TMPNET_START_LOGS_COLLECTOR: true
2025-07-28T18:54:01.7963338Z   TMPNET_CHECK_METRICS_COLLECTED: true
2025-07-28T18:54:01.7963767Z   TMPNET_CHECK_LOGS_COLLECTED: true
2025-07-28T18:54:01.7964216Z   LOKI_USERNAME: ***
2025-07-28T18:54:01.7964711Z   LOKI_PASSWORD: ***
2025-07-28T18:54:01.7965221Z   PROMETHEUS_USERNAME: ***
2025-07-28T18:54:01.7965762Z   PROMETHEUS_PASSWORD: ***
2025-07-28T18:54:01.7966150Z   GH_REPO: ava-labs/subnet-evm
2025-07-28T18:54:01.7966527Z   GH_WORKFLOW: Tests
2025-07-28T18:54:01.7966856Z   GH_RUN_ID: 16577648665
2025-07-28T18:54:01.7967201Z   GH_RUN_NUMBER: 2357
2025-07-28T18:54:01.7967535Z   GH_RUN_ATTEMPT: 1
2025-07-28T18:54:01.7967850Z   GH_JOB_ID: e2e_warp
2025-07-28T18:54:01.7968177Z ##[endgroup]
2025-07-28T18:54:01.8045915Z No local flake found, will attempt to use avalanchego flake
2025-07-28T18:54:01.8133480Z Starting nix shell for github:ava-labs/avalanchego?ref=v1.13.3
2025-07-28T18:54:04.3639295Z + set -euo pipefail
2025-07-28T18:54:04.3640106Z + command -v task
2025-07-28T18:54:04.3640561Z + exec task test-e2e-warp-ci
2025-07-28T18:54:04.3850717Z task: [install-avalanchego-release] ./scripts/install_avalanchego_release.sh
2025-07-28T18:54:04.4343767Z Using branch: 740f5ebbe
2025-07-28T18:54:04.5669008Z https://github.com/ava-labs/avalanchego/releases/download/v1.13.3/avalanchego-linux-amd64-v1.13.3.tar.gz found
2025-07-28T18:54:04.5670346Z downloading to /tmp/e2e-test/avalanchego-linux-amd64-v1.13.3.tar.gz
2025-07-28T18:54:04.5714604Z   % Total    % Received % Xferd  Average Speed   Time    Time     Time  Current
2025-07-28T18:54:04.5716216Z                                  Dload  Upload   Total   Spent    Left  Speed
2025-07-28T18:54:04.5716456Z 
2025-07-28T18:54:04.6080492Z   0     0    0     0    0     0      0      0 --:--:-- --:--:-- --:--:--     0
2025-07-28T18:54:04.6081326Z   0     0    0     0    0     0      0      0 --:--:-- --:--:-- --:--:--     0
2025-07-28T18:54:04.7823781Z 
2025-07-28T18:54:04.7824449Z 100 39.2M  100 39.2M    0     0   185M      0 --:--:-- --:--:-- --:--:--  185M
2025-07-28T18:54:04.7936967Z avalanchego-v1.13.3/avalanchego
2025-07-28T18:54:05.2266440Z Installed AvalancheGo release v1.13.3
2025-07-28T18:54:05.2267267Z AvalancheGo Path: /tmp/e2e-test/avalanchego/avalanchego
2025-07-28T18:54:05.2267999Z Plugin Dir: /home/runner/.avalanchego/plugins
2025-07-28T18:54:05.2303118Z task: [build] ./scripts/build.sh
2025-07-28T18:54:05.2802207Z Using branch: 740f5ebbe
2025-07-28T18:54:05.2803669Z Building Subnet EVM @ GitCommit: 740f5ebbe5df6a0c1d20e5e4bc958b48e1ed9c6b at /home/runner/.avalanchego/plugins/srEXiWaHuhNyGwPUi444Tu47ZEDwxTWrbQiuD7FmgSAQ6X7Dy
2025-07-28T18:54:05.2857201Z go: downloading github.com/ava-labs/avalanchego v1.13.3
2025-07-28T18:54:05.9761144Z go: downloading github.com/spf13/viper v1.12.0
2025-07-28T18:54:05.9874241Z go: downloading github.com/ava-labs/libevm v1.13.14-0.3.0.rc.1
2025-07-28T18:54:06.8747196Z go: downloading github.com/gorilla/rpc v1.2.0
2025-07-28T18:54:06.8748115Z go: downloading github.com/holiman/uint256 v1.2.4
2025-07-28T18:54:06.8750050Z go: downloading github.com/prometheus/client_golang v1.16.0
2025-07-28T18:54:06.8818137Z go: downloading go.uber.org/zap v1.26.0
2025-07-28T18:54:06.9262605Z go: downloading golang.org/x/exp v0.0.0-20241215155358-4a5509556b9e
2025-07-28T18:54:06.9423648Z go: downloading golang.org/x/term v0.30.0
2025-07-28T18:54:06.9424494Z go: downloading gopkg.in/natefinch/lumberjack.v2 v2.0.0
2025-07-28T18:54:06.9654130Z go: downloading github.com/grpc-ecosystem/go-grpc-prometheus v1.2.0
2025-07-28T18:54:06.9670318Z go: downloading github.com/prometheus/client_model v0.3.0
2025-07-28T18:54:06.9696061Z go: downloading google.golang.org/grpc v1.66.0
2025-07-28T18:54:07.0274497Z go: downloading google.golang.org/protobuf v1.35.2
2025-07-28T18:54:07.2285669Z go: downloading go.opentelemetry.io/otel v1.22.0
2025-07-28T18:54:07.2286535Z go: downloading go.opentelemetry.io/otel/trace v1.22.0
2025-07-28T18:54:07.2298798Z go: downloading github.com/prometheus/common v0.42.0
2025-07-28T18:54:07.2304706Z go: downloading github.com/cockroachdb/pebble v0.0.0-20230928194634-aa077af62593
2025-07-28T18:54:07.2816410Z go: downloading github.com/StephenButtolph/canoto v0.17.1
2025-07-28T18:54:07.3233412Z go: downloading github.com/google/renameio/v2 v2.0.0
2025-07-28T18:54:07.3439112Z go: downloading golang.org/x/sync v0.12.0
2025-07-28T18:54:07.3715302Z go: downloading github.com/fsnotify/fsnotify v1.6.0
2025-07-28T18:54:07.3716152Z go: downloading github.com/mitchellh/mapstructure v1.5.0
2025-07-28T18:54:07.3716599Z go: downloading github.com/spf13/afero v1.8.2
2025-07-28T18:54:07.3945647Z go: downloading github.com/spf13/cast v1.5.0
2025-07-28T18:54:07.3997428Z go: downloading github.com/spf13/jwalterweatherman v1.1.0
2025-07-28T18:54:07.4064771Z go: downloading golang.org/x/crypto v0.36.0
2025-07-28T18:54:07.4161184Z go: downloading github.com/gofrs/flock v0.8.1
2025-07-28T18:54:07.4193710Z go: downloading github.com/golang/snappy v0.0.5-0.20220116011046-fa5810519dcb
2025-07-28T18:54:07.4377174Z go: downloading github.com/olekukonko/tablewriter v0.0.5
2025-07-28T18:54:07.4483341Z go: downloading github.com/shirou/gopsutil v3.21.11+incompatible
2025-07-28T18:54:07.4601595Z go: downloading golang.org/x/sys v0.31.0
2025-07-28T18:54:07.5196466Z go: downloading github.com/dop251/goja v0.0.0-20230806174421-c933cf95e127
2025-07-28T18:54:07.5604193Z go: downloading github.com/gballet/go-verkle v0.1.1-0.20231031103413-a67434b50f46
2025-07-28T18:54:07.5954460Z go: downloading github.com/holiman/bloomfilter/v2 v2.0.3
2025-07-28T18:54:07.6305889Z go: downloading go.uber.org/mock v0.5.0
2025-07-28T18:54:07.6439254Z go: downloading github.com/deckarep/golang-set/v2 v2.1.0
2025-07-28T18:54:07.6927943Z go: downloading github.com/gorilla/websocket v1.5.0
2025-07-28T18:54:07.7065704Z go: downloading golang.org/x/time v0.3.0
2025-07-28T18:54:07.7416760Z go: downloading go.uber.org/multierr v1.11.0
2025-07-28T18:54:07.7419602Z go: downloading github.com/beorn7/perks v1.0.1
2025-07-28T18:54:07.7420547Z go: downloading github.com/cespare/xxhash/v2 v2.3.0
2025-07-28T18:54:07.7428781Z go: downloading github.com/prometheus/procfs v0.10.1
2025-07-28T18:54:07.8388274Z go: downloading github.com/supranational/blst v0.3.14
2025-07-28T18:54:07.8474390Z go: downloading google.golang.org/genproto/googleapis/rpc v0.0.0-20240827150818-7e3bb234dfed
2025-07-28T18:54:07.8532111Z go: downloading golang.org/x/net v0.38.0
2025-07-28T18:54:07.8753316Z go: downloading github.com/golang/protobuf v1.5.4
2025-07-28T18:54:07.9678378Z go: downloading go.opentelemetry.io/otel/exporters/otlp/otlptrace v1.22.0
2025-07-28T18:54:07.9773349Z go: downloading go.opentelemetry.io/otel/exporters/otlp/otlptrace/otlptracegrpc v1.22.0
2025-07-28T18:54:07.9892677Z go: downloading go.opentelemetry.io/otel/exporters/otlp/otlptrace/otlptracehttp v1.22.0
2025-07-28T18:54:08.0045567Z go: downloading go.opentelemetry.io/otel/sdk v1.22.0
2025-07-28T18:54:08.0463961Z go: downloading github.com/syndtr/goleveldb v1.0.1-0.20220614013038-64ee5596c38a
2025-07-28T18:54:08.0884525Z go: downloading github.com/matttproud/golang_protobuf_extensions v1.0.4
2025-07-28T18:54:08.0904437Z go: downloading github.com/mr-tron/base58 v1.2.0
2025-07-28T18:54:08.0906559Z go: downloading gonum.org/v1/gonum v0.11.0
2025-07-28T18:54:08.0916408Z go: downloading github.com/DataDog/zstd v1.5.2
2025-07-28T18:54:08.1140377Z go: downloading golang.org/x/text v0.23.0
2025-07-28T18:54:08.1799150Z go: downloading github.com/subosito/gotenv v1.3.0
2025-07-28T18:54:08.2003229Z go: downloading github.com/hashicorp/hcl v1.0.0
2025-07-28T18:54:08.2414541Z go: downloading gopkg.in/ini.v1 v1.67.0
2025-07-28T18:54:08.2641994Z go: downloading github.com/magiconair/properties v1.8.6
2025-07-28T18:54:08.2847977Z go: downloading github.com/pelletier/go-toml/v2 v2.0.5
2025-07-28T18:54:08.3282774Z go: downloading github.com/pelletier/go-toml v1.9.5
2025-07-28T18:54:08.3748865Z go: downloading github.com/mattn/go-runewidth v0.0.13
2025-07-28T18:54:08.3974231Z go: downloading github.com/tklauser/go-sysconf v0.3.12
2025-07-28T18:54:08.4401197Z go: downloading github.com/crate-crypto/go-kzg-4844 v0.7.0
2025-07-28T18:54:08.5684272Z go: downloading github.com/VictoriaMetrics/fastcache v1.12.1
2025-07-28T18:54:08.5879973Z go: downloading github.com/crate-crypto/go-ipa v0.0.0-20231025140028-3c0104f4b233
2025-07-28T18:54:08.6166335Z go: downloading github.com/dlclark/regexp2 v1.7.0
2025-07-28T18:54:08.7594339Z go: downloading github.com/google/pprof v0.0.0-20230207041349-798e818bf904
2025-07-28T18:54:08.7619455Z go: downloading github.com/holiman/billy v0.0.0-20240216141850-2abb0c79d3c4
2025-07-28T18:54:08.7971649Z go: downloading github.com/hashicorp/golang-lru v0.5.5-0.20210104140557-80c98217689d
2025-07-28T18:54:08.8094121Z go: downloading github.com/tyler-smith/go-bip39 v1.1.0
2025-07-28T18:54:08.8158203Z go: downloading github.com/google/uuid v1.6.0
2025-07-28T18:54:08.8328954Z go: downloading github.com/hashicorp/go-bexpr v0.1.10
2025-07-28T18:54:08.8367705Z go: downloading github.com/mattn/go-isatty v0.0.17
2025-07-28T18:54:08.8572895Z go: downloading github.com/urfave/cli/v2 v2.25.7
2025-07-28T18:54:08.8804671Z go: downloading github.com/cockroachdb/errors v1.9.1
2025-07-28T18:54:08.9473517Z go: downloading github.com/cockroachdb/redact v1.1.3
2025-07-28T18:54:08.9476823Z go: downloading github.com/cockroachdb/tokenbucket v0.0.0-20230807174530-cc333fc44b06
2025-07-28T18:54:08.9772952Z go: downloading go.opentelemetry.io/proto/otlp v1.0.0
2025-07-28T18:54:09.0086412Z go: downloading github.com/rivo/uniseg v0.2.0
2025-07-28T18:54:09.0089435Z go: downloading github.com/tklauser/numcpus v0.6.1
2025-07-28T18:54:09.0211308Z go: downloading github.com/go-sourcemap/sourcemap v2.1.3+incompatible
2025-07-28T18:54:09.0319478Z go: downloading github.com/ava-labs/firewood-go-ethhash/ffi v0.0.8
2025-07-28T18:54:09.0346732Z go: downloading github.com/gballet/go-libpcsclite v0.0.0-20191108122812-4678299bea08
2025-07-28T18:54:09.0442662Z go: downloading github.com/status-im/keycard-go v0.2.0
2025-07-28T18:54:09.0532435Z go: downloading github.com/mitchellh/pointerstructure v1.2.0
2025-07-28T18:54:09.0683460Z go: downloading github.com/cockroachdb/logtags v0.0.0-20230118201751-21c54148d20b
2025-07-28T18:54:09.0728381Z go: downloading github.com/getsentry/sentry-go v0.18.0
2025-07-28T18:54:09.0880248Z go: downloading github.com/pkg/errors v0.9.1
2025-07-28T18:54:09.1190801Z go: downloading github.com/go-logr/logr v1.4.1
2025-07-28T18:54:09.1268677Z go: downloading go.opentelemetry.io/otel/metric v1.22.0
2025-07-28T18:54:09.1499628Z go: downloading github.com/cenkalti/backoff/v4 v4.2.1
2025-07-28T18:54:09.1501046Z go: downloading github.com/grpc-ecosystem/grpc-gateway/v2 v2.16.0
2025-07-28T18:54:09.2746113Z go: downloading github.com/go-logr/stdr v1.2.2
2025-07-28T18:54:09.2749552Z go: downloading github.com/cpuguy83/go-md2man/v2 v2.0.4
2025-07-28T18:54:09.2936732Z go: downloading github.com/xrash/smetrics v0.0.0-20201216005158-039620a65673
2025-07-28T18:54:09.2943833Z go: downloading github.com/consensys/gnark-crypto v0.12.1
2025-07-28T18:54:09.4089725Z go: downloading github.com/gogo/protobuf v1.3.2
2025-07-28T18:54:09.7078643Z go: downloading github.com/kr/pretty v0.3.1
2025-07-28T18:54:09.7304635Z go: downloading google.golang.org/genproto/googleapis/api v0.0.0-20240604185151-ef581f913117
2025-07-28T18:54:09.7687740Z go: downloading github.com/huin/goupnp v1.3.0
2025-07-28T18:54:09.8017221Z go: downloading github.com/jackpal/go-nat-pmp v1.0.2
2025-07-28T18:54:09.8196971Z go: downloading github.com/russross/blackfriday/v2 v2.1.0
2025-07-28T18:54:09.9707823Z go: downloading github.com/kr/text v0.2.0
2025-07-28T18:54:09.9708636Z go: downloading github.com/rogpeppe/go-internal v1.12.0
2025-07-28T18:54:09.9755350Z go: downloading github.com/bits-and-blooms/bitset v1.10.0
2025-07-28T18:54:09.9904703Z go: downloading github.com/consensys/bavard v0.1.13
2025-07-28T18:54:09.9963148Z go: downloading github.com/mmcloughlin/addchain v0.4.0
2025-07-28T18:54:10.0867494Z go: downloading rsc.io/tmplfunc v0.0.3
2025-07-28T18:55:18.4147577Z task: [test-e2e-warp] ./scripts/run_ginkgo_warp.sh
2025-07-28T18:55:18.4642441Z Using branch: 740f5ebbe
2025-07-28T18:55:18.4643536Z Running with extra args: --avalanchego-path=/tmp/e2e-test/avalanchego/avalanchego
2025-07-28T18:55:18.4744873Z go: downloading github.com/onsi/ginkgo/v2 v2.13.1
2025-07-28T18:55:18.6256104Z go: downloading github.com/go-task/slim-sprig v0.0.0-20230315185526-52ccab3ef572
2025-07-28T18:55:18.6261911Z go: downloading golang.org/x/tools v0.29.0
2025-07-28T18:56:10.5881541Z go: downloading github.com/stretchr/testify v1.10.0
2025-07-28T18:56:10.5882381Z go: downloading github.com/ava-labs/coreth v0.15.3-rc.1
2025-07-28T18:56:10.5883069Z go: downloading k8s.io/api v0.29.0
2025-07-28T18:56:10.5883666Z go: downloading k8s.io/apimachinery v0.29.0
2025-07-28T18:56:10.5884264Z go: downloading k8s.io/client-go v0.29.0
2025-07-28T18:56:10.5885159Z go: downloading k8s.io/utils v0.0.0-20230726121419-3b25d923346b
2025-07-28T18:56:10.5885774Z go: downloading github.com/go-cmd/cmd v1.4.3
2025-07-28T18:56:10.5886497Z go: downloading github.com/pires/go-proxyproto v0.6.2
2025-07-28T18:56:10.5886990Z go: downloading github.com/decred/dcrd/dcrec/secp256k1/v4 v4.1.0
2025-07-28T18:56:10.5887447Z go: downloading github.com/btcsuite/btcd/btcutil v1.1.3
2025-07-28T18:56:10.5887857Z go: downloading github.com/json-iterator/go v1.1.12
2025-07-28T18:56:10.5888211Z go: downloading sigs.k8s.io/yaml v1.3.0
2025-07-28T18:56:10.5888558Z go: downloading github.com/google/gofuzz v1.2.0
2025-07-28T18:56:10.5888906Z go: downloading k8s.io/klog/v2 v2.110.1
2025-07-28T18:56:10.5889216Z go: downloading gopkg.in/inf.v0 v0.9.1
2025-07-28T18:56:10.5889566Z go: downloading github.com/imdario/mergo v0.3.16
2025-07-28T18:56:10.5889935Z go: downloading github.com/google/btree v1.1.2
2025-07-28T18:56:10.5890303Z go: downloading github.com/gorilla/mux v1.8.0
2025-07-28T18:56:10.5890654Z go: downloading github.com/rs/cors v1.7.0
2025-07-28T18:56:10.5891038Z go: downloading github.com/pmezard/go-difflib v1.0.0
2025-07-28T18:56:10.5891477Z go: downloading sigs.k8s.io/structured-merge-diff/v4 v4.4.1
2025-07-28T18:56:10.5891854Z go: downloading gopkg.in/yaml.v2 v2.4.0
2025-07-28T18:56:10.5892336Z go: downloading github.com/modern-go/concurrent v0.0.0-20180306012644-bacd9c7ef1dd
2025-07-28T18:56:10.5892817Z go: downloading github.com/modern-go/reflect2 v1.0.2
2025-07-28T18:56:10.5893256Z go: downloading sigs.k8s.io/json v0.0.0-20221116044647-bc3834ca7abd
2025-07-28T18:56:10.5893674Z go: downloading github.com/moby/spdystream v0.2.0
2025-07-28T18:56:10.5894072Z go: downloading github.com/google/gnostic-models v0.6.8
2025-07-28T18:56:10.5894442Z go: downloading golang.org/x/oauth2 v0.27.0
2025-07-28T18:56:10.5894896Z go: downloading github.com/mxk/go-flowrate v0.0.0-20140419014527-cca7078d478f
2025-07-28T18:56:10.5896050Z go: downloading k8s.io/kube-openapi v0.0.0-20231010175941-2dd684a91f00
2025-07-28T18:56:10.5896606Z go: downloading github.com/munnerz/goautoneg v0.0.0-20191010083416-a7dc8b61c822
2025-07-28T18:56:10.5897081Z go: downloading github.com/go-openapi/swag v0.22.3
2025-07-28T18:56:10.5897502Z go: downloading github.com/go-openapi/jsonreference v0.20.2
2025-07-28T18:56:10.5897933Z go: downloading github.com/emicklei/go-restful/v3 v3.11.0
2025-07-28T18:56:10.5898365Z go: downloading github.com/go-openapi/jsonpointer v0.19.6
2025-07-28T18:56:10.5898765Z go: downloading github.com/mailru/easyjson v0.7.7
2025-07-28T18:56:10.5899148Z go: downloading github.com/josharian/intern v1.0.0
2025-07-28T18:56:10.5899554Z 
2025-07-28T18:56:10.7012631Z Running Suite: subnet-evm warp e2e test - /home/runner/work/subnet-evm/subnet-evm/tests/warp
2025-07-28T18:56:10.7013730Z ============================================================================================
2025-07-28T18:56:10.7014581Z Random Seed: [1m1753728920[0m
2025-07-28T18:56:10.7014860Z 
2025-07-28T18:56:10.7015400Z Will run [1m5[0m of [1m5[0m specs
2025-07-28T18:56:10.7016045Z [38;5;243m------------------------------[0m
2025-07-28T18:56:10.7016717Z [0m[1m[SynchronizedBeforeSuite] [0m
2025-07-28T18:56:10.7017764Z [38;5;243m/home/runner/work/subnet-evm/subnet-evm/tests/warp/warp_test.go:92[0m
2025-07-28T18:56:10.7019700Z   > Enter [1m[SynchronizedBeforeSuite][0m TOP-LEVEL [38;5;243m- /home/runner/work/subnet-evm/subnet-evm/tests/warp/warp_test.go:92 @ 07/28/25 18:56:10.701[0m
2025-07-28T18:56:10.7029315Z    [0;0mINFO[0;0m	writing collector config	{"cmd": "prometheus", "path": "/home/runner/.tmpnet/prometheus/prometheus.yaml"}
2025-07-28T18:56:10.7032894Z    [0;0mINFO[0;0m	starting collector	{"cmd": "prometheus", "workingDir": "/home/runner/.tmpnet/prometheus", "fullCmd": "nohup prometheus --config.file=prometheus.yaml --web.listen-address=127.0.0.1:9090 --agent --storage.agent.path=./data > prometheus.log 2>&1 & echo -n \"$!\" > /home/runner/.tmpnet/prometheus/run.pid", "logPath": "/home/runner/.tmpnet/prometheus/prometheus.log"}
2025-07-28T18:56:10.8037083Z    [0;0mINFO[0;0m	started collector	{"cmd": "prometheus", "pid": 18278}
2025-07-28T18:56:10.8039544Z    [0;0mINFO[0;0m	waiting for collector readiness	{"cmd": "prometheus", "url": "http://127.0.0.1:9090/-/ready", "logPath": "/home/runner/.tmpnet/prometheus/prometheus.log"}
2025-07-28T18:56:10.8043377Z    [0;0mINFO[0;0m	collector ready	{"cmd": "prometheus"}
2025-07-28T18:56:10.8044580Z    [0;0mINFO[0;0m	To stop: tmpnetctl stop-metrics-collector
2025-07-28T18:56:10.8046656Z    [0;0mINFO[0;0m	writing collector config	{"cmd": "promtail", "path": "/home/runner/.tmpnet/promtail/promtail.yaml"}
2025-07-28T18:56:10.8049501Z    [0;0mINFO[0;0m	starting collector	{"cmd": "promtail", "workingDir": "/home/runner/.tmpnet/promtail", "fullCmd": "nohup promtail -config.file=promtail.yaml > promtail.log 2>&1 & echo -n \"$!\" > /home/runner/.tmpnet/promtail/run.pid", "logPath": "/home/runner/.tmpnet/promtail/promtail.log"}
2025-07-28T18:56:10.9055898Z    [0;0mINFO[0;0m	started collector	{"cmd": "promtail", "pid": 18288}
2025-07-28T18:56:11.0057270Z    [0;0mINFO[0;0m	skipping promtail readiness check until one or more nodes have written their service discovery configuration
2025-07-28T18:56:11.0058479Z    [0;0mINFO[0;0m	To stop: tmpnetctl stop-logs-collector
2025-07-28T18:56:11.0059107Z    [0;0mINFO[0;0m	waiting for network to start	{"timeoutSeconds": 120}
2025-07-28T18:56:11.2669932Z    [0;0mINFO[0;0m	preparing configuration for new network	{"runtimeConfig": {"process":{"avalancheGoPath":"/tmp/e2e-test/avalanchego/avalanchego","pluginDir":"/home/runner/.avalanchego/plugins"}}}
2025-07-28T18:56:11.2794583Z    [0;0mINFO[0;0m	starting a single-node network with sybil protection disabled for quicker subnet creation
2025-07-28T18:56:11.2796204Z    [0;0mINFO[0;0m	starting network	{"networkDir": "/home/runner/.tmpnet/networks/20250728-185611.266867-subnet-evm-warp-e2e", "uuid": "28d0d23f-bcb0-46cd-8f92-1ae9a7d42024"}
2025-07-28T18:56:11.9923006Z    [0;0mINFO[0;0m	started local node	{"nodeID": "NodeID-5Dfej8eWpjuLEYsn5Ws9BL6jjkQsHZC4o", "dataDir": "/home/runner/.tmpnet/networks/20250728-185611.266867-subnet-evm-warp-e2e/NodeID-5Dfej8eWpjuLEYsn5Ws9BL6jjkQsHZC4o", "isEphemeral": false}
2025-07-28T18:56:11.9925281Z    [0;0mINFO[0;0m	waiting for nodes to report healthy
2025-07-28T18:56:13.9937205Z    [0;0mINFO[0;0m	node is healthy	{"nodeID": "NodeID-5Dfej8eWpjuLEYsn5Ws9BL6jjkQsHZC4o", "uri": "http://127.0.0.1:40561"}
2025-07-28T18:56:13.9939473Z    [0;0mINFO[0;0m	started network	{"networkDir": "/home/runner/.tmpnet/networks/20250728-185611.266867-subnet-evm-warp-e2e", "uuid": "28d0d23f-bcb0-46cd-8f92-1ae9a7d42024"}
2025-07-28T18:56:13.9943734Z    [0;0mINFO[0;0m	metrics and logs available via grafana (collectors must be running)	{"url": "https://grafana-poc.avax-dev.network/d/kBQpRdWnk/avalanche-main-dashboard?&var-filter=network_uuid%7C%3D%7C28d0d23f-bcb0-46cd-8f92-1ae9a7d42024&var-filter=is_ephemeral_node%7C%3D%7Cfalse&from=1753728971279&to=now", "linkPath": "/home/runner/.tmpnet/networks/20250728-185611.266867-subnet-evm-warp-e2e/metrics.txt"}
2025-07-28T18:56:13.9946764Z    [0;0mINFO[0;0m	creating subnet	{"name": "warp-subnet-a"}
2025-07-28T18:56:14.1109634Z    [0;0mINFO[0;0m	created subnet	{"name": "warp-subnet-a", "id": "CQihJjaYCX4e9jUNLi5JZkrHmfNN4Z24v8riRfzuSENEHystv"}
2025-07-28T18:56:14.1111211Z    [0;0mINFO[0;0m	wrote subnet configuration	{"name": "warp-subnet-a"}
2025-07-28T18:56:14.1112163Z    [0;0mINFO[0;0m	creating subnet	{"name": "warp-subnet-b"}
2025-07-28T18:56:15.0177648Z    [0;0mINFO[0;0m	created subnet	{"name": "warp-subnet-b", "id": "2oaT5nXZAR1jtimW8biPSwNLUKpWunXetRSRqHPwfTejGgBLru"}
2025-07-28T18:56:15.0178937Z    [0;0mINFO[0;0m	wrote subnet configuration	{"name": "warp-subnet-b"}
2025-07-28T18:56:15.0187732Z    [0;0mINFO[0;0m	adding validators for subnet	{"name": "warp-subnet-a"}
2025-07-28T18:56:16.0268869Z    [0;0mINFO[0;0m	added validator to subnet	{"subnet": "warp-subnet-a", "nodeID": "NodeID-5Dfej8eWpjuLEYsn5Ws9BL6jjkQsHZC4o"}
2025-07-28T18:56:17.0281633Z    [0;0mINFO[0;0m	added validator to subnet	{"subnet": "warp-subnet-a", "nodeID": "NodeID-Gsqk2ReacF5wUKFQ165zDUj1T64PYxVTG"}
2025-07-28T18:56:17.0283228Z    [0;0mINFO[0;0m	adding validators for subnet	{"name": "warp-subnet-b"}
2025-07-28T18:56:18.0361281Z    [0;0mINFO[0;0m	added validator to subnet	{"subnet": "warp-subnet-b", "nodeID": "NodeID-5Dfej8eWpjuLEYsn5Ws9BL6jjkQsHZC4o"}
2025-07-28T18:56:19.0377037Z    [0;0mINFO[0;0m	added validator to subnet	{"subnet": "warp-subnet-b", "nodeID": "NodeID-Gsqk2ReacF5wUKFQ165zDUj1T64PYxVTG"}
2025-07-28T18:56:19.0379101Z    [0;0mINFO[0;0m	waiting for subnet validators to become active	{"subnet": "warp-subnet-a"}
2025-07-28T18:56:19.0381021Z    [0;0mINFO[0;0m	saw the expected active validators of the subnet	{"subnet": "warp-subnet-a"}
2025-07-28T18:56:19.0444411Z    [0;0mINFO[0;0m	creating chains for subnet	{"subnet": "warp-subnet-a"}
2025-07-28T18:56:20.0461160Z    [0;0mINFO[0;0m	created chain	{"chain": "t3xCbSm1FNYtQ8dAXuPpxyqmKButc4qBExeiG4n5skyEmMNvz", "subnet": "warp-subnet-a", "vm": "srEXiWaHuhNyGwPUi444Tu47ZEDwxTWrbQiuD7FmgSAQ6X7Dy"}
2025-07-28T18:56:20.0469324Z    [0;0mINFO[0;0m	wrote subnet configuration	{"name": "warp-subnet-a", "id": "CQihJjaYCX4e9jUNLi5JZkrHmfNN4Z24v8riRfzuSENEHystv"}
2025-07-28T18:56:20.0471007Z    [0;0mINFO[0;0m	waiting for subnet validators to become active	{"subnet": "warp-subnet-b"}
2025-07-28T18:56:20.0472448Z    [0;0mINFO[0;0m	saw the expected active validators of the subnet	{"subnet": "warp-subnet-b"}
2025-07-28T18:56:20.0553172Z    [0;0mINFO[0;0m	creating chains for subnet	{"subnet": "warp-subnet-b"}
2025-07-28T18:56:21.0576494Z    [0;0mINFO[0;0m	created chain	{"chain": "2Rppn6HsDwkKEHZZVyJruxos8VkPQth2dsMGFovdv3xfxqVZnE", "subnet": "warp-subnet-b", "vm": "srEXiWaHuhNyGwPUi444Tu47ZEDwxTWrbQiuD7FmgSAQ6X7Dy"}
2025-07-28T18:56:21.0579432Z    [0;0mINFO[0;0m	wrote subnet configuration	{"name": "warp-subnet-b", "id": "2oaT5nXZAR1jtimW8biPSwNLUKpWunXetRSRqHPwfTejGgBLru"}
2025-07-28T18:56:21.0581087Z    [0;0mINFO[0;0m	re-enabling sybil protection	{"nodeID": "NodeID-5Dfej8eWpjuLEYsn5Ws9BL6jjkQsHZC4o"}
2025-07-28T18:56:21.0582588Z    [0;0mINFO[0;0m	restarting bootstrap node	{"nodeID": "NodeID-5Dfej8eWpjuLEYsn5Ws9BL6jjkQsHZC4o"}
2025-07-28T18:56:21.8027086Z    [0;0mINFO[0;0m	started local node	{"nodeID": "NodeID-5Dfej8eWpjuLEYsn5Ws9BL6jjkQsHZC4o", "dataDir": "/home/runner/.tmpnet/networks/20250728-185611.266867-subnet-evm-warp-e2e/NodeID-5Dfej8eWpjuLEYsn5Ws9BL6jjkQsHZC4o", "isEphemeral": false}
2025-07-28T18:56:21.8029251Z    [0;0mINFO[0;0m	starting remaining nodes
2025-07-28T18:56:22.4766131Z    [0;0mINFO[0;0m	started local node	{"nodeID": "NodeID-Gsqk2ReacF5wUKFQ165zDUj1T64PYxVTG", "dataDir": "/home/runner/.tmpnet/networks/20250728-185611.266867-subnet-evm-warp-e2e/NodeID-Gsqk2ReacF5wUKFQ165zDUj1T64PYxVTG", "isEphemeral": false}
2025-07-28T18:56:22.4768335Z    [0;0mINFO[0;0m	waiting for nodes to report healthy
2025-07-28T18:56:24.4777419Z    [0;0mINFO[0;0m	node is healthy	{"nodeID": "NodeID-Gsqk2ReacF5wUKFQ165zDUj1T64PYxVTG", "uri": "http://127.0.0.1:37625"}
2025-07-28T18:56:27.8779283Z    [0;0mINFO[0;0m	node is healthy	{"nodeID": "NodeID-5Dfej8eWpjuLEYsn5Ws9BL6jjkQsHZC4o", "uri": "http://127.0.0.1:42365"}
2025-07-28T18:56:27.8781526Z    [0;0mINFO[0;0m	started network	{"networkDir": "/home/runner/.tmpnet/networks/20250728-185611.266867-subnet-evm-warp-e2e", "uuid": "28d0d23f-bcb0-46cd-8f92-1ae9a7d42024"}
2025-07-28T18:56:27.8786232Z    [0;0mINFO[0;0m	metrics and logs available via grafana (collectors must be running)	{"url": "https://grafana-poc.avax-dev.network/d/kBQpRdWnk/avalanche-main-dashboard?&var-filter=network_uuid%7C%3D%7C28d0d23f-bcb0-46cd-8f92-1ae9a7d42024&var-filter=is_ephemeral_node%7C%3D%7Cfalse&from=1753728981802&to=now", "linkPath": "/home/runner/.tmpnet/networks/20250728-185611.266867-subnet-evm-warp-e2e/metrics.txt"}
2025-07-28T18:56:27.8788207Z    [0;0mINFO[0;0m	network started successfully
2025-07-28T18:56:27.8789367Z    [0;0mINFO[0;0m	waiting for collector readiness	{"cmd": "promtail", "url": "http://127.0.0.1:3101/ready", "logPath": "/home/runner/.tmpnet/promtail/promtail.log"}
2025-07-28T18:56:27.8790484Z    [0;0mINFO[0;0m	collector ready	{"cmd": "promtail"}
2025-07-28T18:56:27.8800461Z    [0;0mINFO[0;0m	network nodes are available	{"uris": [{"NodeID":"NodeID-5Dfej8eWpjuLEYsn5Ws9BL6jjkQsHZC4o","URI":"http://127.0.0.1:42365"},{"NodeID":"NodeID-Gsqk2ReacF5wUKFQ165zDUj1T64PYxVTG","URI":"http://127.0.0.1:37625"}]}
2025-07-28T18:56:27.8802400Z   < Exit [1m[SynchronizedBeforeSuite][0m TOP-LEVEL [38;5;243m- /home/runner/work/subnet-evm/subnet-evm/tests/warp/warp_test.go:92 @ 07/28/25 18:56:27.879 (17.179s)[0m
2025-07-28T18:56:27.8804031Z   > Enter [1m[SynchronizedBeforeSuite][0m TOP-LEVEL [38;5;243m- /home/runner/work/subnet-evm/subnet-evm/tests/warp/warp_test.go:92 @ 07/28/25 18:56:27.879[0m
2025-07-28T18:56:27.8837133Z   < Exit [1m[SynchronizedBeforeSuite][0m TOP-LEVEL [38;5;243m- /home/runner/work/subnet-evm/subnet-evm/tests/warp/warp_test.go:92 @ 07/28/25 18:56:27.883 (4ms)[0m
2025-07-28T18:56:27.8838726Z [38;5;10m[SynchronizedBeforeSuite] PASSED [17.182 seconds][0m
2025-07-28T18:56:27.8839627Z [38;5;243m------------------------------[0m
2025-07-28T18:56:27.8840125Z [Warp]
2025-07-28T18:56:27.8840985Z [38;5;243m/home/runner/work/subnet-evm/subnet-evm/tests/warp/warp_test.go:160[0m
2025-07-28T18:56:27.8841535Z   [0m[1mSubnetA -> SubnetB[0m
2025-07-28T18:56:27.8842335Z   [38;5;243m/home/runner/work/subnet-evm/subnet-evm/tests/warp/warp_test.go:186[0m
2025-07-28T18:56:27.8844186Z   > Enter [1m[BeforeEach][0m TOP-LEVEL [38;5;243m- /home/runner/go/pkg/mod/github.com/ava-labs/avalanchego@v1.13.3/tests/fixture/e2e/metrics_link.go:27 @ 07/28/25 18:56:27.883[0m
2025-07-28T18:56:27.8846757Z   < Exit [1m[BeforeEach][0m TOP-LEVEL [38;5;243m- /home/runner/go/pkg/mod/github.com/ava-labs/avalanchego@v1.13.3/tests/fixture/e2e/metrics_link.go:27 @ 07/28/25 18:56:27.883 (0s)[0m
2025-07-28T18:56:27.8848803Z   > Enter [1m[It][0m SubnetA -> SubnetB [38;5;243m- /home/runner/work/subnet-evm/subnet-evm/tests/warp/warp_test.go:186 @ 07/28/25 18:56:27.883[0m
2025-07-28T18:56:28.0333451Z   "level"=0 "msg"="Aggregating signatures from validator set" "numValidators"=2 "totalWeight"=98926
2025-07-28T18:56:34.9203347Z 
2025-07-28T18:56:34.9203854Z Combined output:
2025-07-28T18:56:34.9204132Z 
2025-07-28T18:56:34.9204144Z 
2025-07-28T18:56:34.9204165Z 
2025-07-28T18:56:34.9204347Z   IWarpMessenger
2025-07-28T18:56:34.9206850Z Sending warp message with payload 0x010203, expected unsigned message 0x000000015b3873ead3d7b2345bbcc29fe9454bf53ab227fd1178eb047fb522a5ce1c42a6056000000025000000000001000000148db97c7cece249c2b98bdc0226cc4c2a57bf52fc00000003010203
2025-07-28T18:56:34.9209439Z     ✔ contract should be to send warp message (687ms)
2025-07-28T18:56:34.9210378Z     ✔ should be able to fetch correct blockchain ID
2025-07-28T18:56:34.9210774Z 
2025-07-28T18:56:34.9210785Z 
2025-07-28T18:56:34.9210986Z   2 passing (712ms)
2025-07-28T18:56:34.9211220Z 
2025-07-28T18:56:34.9211230Z 
2025-07-28T18:56:37.7672538Z   < Exit [1m[It][0m SubnetA -> SubnetB [38;5;243m- /home/runner/work/subnet-evm/subnet-evm/tests/warp/warp_test.go:186 @ 07/28/25 18:56:37.766 (9.883s)[0m
2025-07-28T18:56:37.7676146Z   > Enter [1m[AfterEach][0m TOP-LEVEL [38;5;243m- /home/runner/go/pkg/mod/github.com/ava-labs/avalanchego@v1.13.3/tests/fixture/e2e/metrics_link.go:33 @ 07/28/25 18:56:37.766[0m
2025-07-28T18:56:37.7684483Z    [0;0mINFO[0;0m	metrics and logs available via grafana (collectors must be running)	{"uri": "https://grafana-poc.avax-dev.network/d/kBQpRdWnk/avalanche-main-dashboard?&var-filter=network_uuid%7C%3D%7C28d0d23f-bcb0-46cd-8f92-1ae9a7d42024&var-filter=is_ephemeral_node%7C%3D%7Cfalse&from=1753728987883&to=1753729009767"}
2025-07-28T18:56:37.7688096Z   < Exit [1m[AfterEach][0m TOP-LEVEL [38;5;243m- /home/runner/go/pkg/mod/github.com/ava-labs/avalanchego@v1.13.3/tests/fixture/e2e/metrics_link.go:33 @ 07/28/25 18:56:37.768 (1ms)[0m
2025-07-28T18:56:37.7691081Z   > Enter [1m[DeferCleanup (Each)][0m TOP-LEVEL [38;5;243m- /home/runner/go/pkg/mod/github.com/ava-labs/avalanchego@v1.13.3/tests/fixture/e2e/ginkgo_test_context.go:96 @ 07/28/25 18:56:37.768[0m
2025-07-28T18:56:37.7693208Z   < Exit [1m[DeferCleanup (Each)][0m TOP-LEVEL [38;5;243m- /home/runner/go/pkg/mod/github.com/ava-labs/avalanchego@v1.13.3/tests/fixture/e2e/ginkgo_test_context.go:96 @ 07/28/25 18:56:37.768 (0s)[0m
2025-07-28T18:56:37.7695527Z   > Enter [1m[DeferCleanup (Each)][0m [Warp] [38;5;243m- /home/runner/go/pkg/mod/github.com/ava-labs/avalanchego@v1.13.3/tests/fixture/e2e/ginkgo_test_context.go:96 @ 07/28/25 18:56:37.768[0m
2025-07-28T18:56:37.7698267Z   < Exit [1m[DeferCleanup (Each)][0m [Warp] [38;5;243m- /home/runner/go/pkg/mod/github.com/ava-labs/avalanchego@v1.13.3/tests/fixture/e2e/ginkgo_test_context.go:96 @ 07/28/25 18:56:37.768 (0s)[0m
2025-07-28T18:56:37.7699968Z   > Enter [1m[DeferCleanup (Each)][0m [Warp] [38;5;243m- /home/runner/go/pkg/mod/github.com/ava-labs/avalanchego@v1.13.3/tests/fixture/e2e/ginkgo_test_context.go:96 @ 07/28/25 18:56:37.768[0m
2025-07-28T18:56:37.7701446Z   < Exit [1m[DeferCleanup (Each)][0m [Warp] [38;5;243m- /home/runner/go/pkg/mod/github.com/ava-labs/avalanchego@v1.13.3/tests/fixture/e2e/ginkgo_test_context.go:96 @ 07/28/25 18:56:37.768 (0s)[0m
2025-07-28T18:56:37.7702901Z   > Enter [1m[DeferCleanup (Each)][0m [Warp] [38;5;243m- /home/runner/go/pkg/mod/github.com/ava-labs/avalanchego@v1.13.3/tests/fixture/e2e/ginkgo_test_context.go:96 @ 07/28/25 18:56:37.768[0m
2025-07-28T18:56:37.7704336Z   < Exit [1m[DeferCleanup (Each)][0m [Warp] [38;5;243m- /home/runner/go/pkg/mod/github.com/ava-labs/avalanchego@v1.13.3/tests/fixture/e2e/ginkgo_test_context.go:96 @ 07/28/25 18:56:37.768 (0s)[0m
2025-07-28T18:56:37.7706704Z   > Enter [1m[DeferCleanup (Each)][0m [Warp] [38;5;243m- /home/runner/go/pkg/mod/github.com/ava-labs/avalanchego@v1.13.3/tests/fixture/e2e/ginkgo_test_context.go:96 @ 07/28/25 18:56:37.768[0m
2025-07-28T18:56:37.7709375Z   < Exit [1m[DeferCleanup (Each)][0m [Warp] [38;5;243m- /home/runner/go/pkg/mod/github.com/ava-labs/avalanchego@v1.13.3/tests/fixture/e2e/ginkgo_test_context.go:96 @ 07/28/25 18:56:37.768 (0s)[0m
2025-07-28T18:56:37.7710906Z   > Enter [1m[DeferCleanup (Each)][0m [Warp] [38;5;243m- /home/runner/go/pkg/mod/github.com/ava-labs/avalanchego@v1.13.3/tests/fixture/e2e/ginkgo_test_context.go:96 @ 07/28/25 18:56:37.768[0m
2025-07-28T18:56:37.7712542Z   < Exit [1m[DeferCleanup (Each)][0m [Warp] [38;5;243m- /home/runner/go/pkg/mod/github.com/ava-labs/avalanchego@v1.13.3/tests/fixture/e2e/ginkgo_test_context.go:96 @ 07/28/25 18:56:37.768 (0s)[0m
2025-07-28T18:56:37.7715686Z   > Enter [1m[DeferCleanup (Each)][0m [Warp] [38;5;243m- /home/runner/go/pkg/mod/github.com/ava-labs/avalanchego@v1.13.3/tests/fixture/e2e/ginkgo_test_context.go:96 @ 07/28/25 18:56:37.768[0m
2025-07-28T18:56:37.7717882Z   < Exit [1m[DeferCleanup (Each)][0m [Warp] [38;5;243m- /home/runner/go/pkg/mod/github.com/ava-labs/avalanchego@v1.13.3/tests/fixture/e2e/ginkgo_test_context.go:96 @ 07/28/25 18:56:37.768 (0s)[0m
2025-07-28T18:56:37.7719987Z   > Enter [1m[DeferCleanup (Each)][0m [Warp] [38;5;243m- /home/runner/go/pkg/mod/github.com/ava-labs/avalanchego@v1.13.3/tests/fixture/e2e/ginkgo_test_context.go:96 @ 07/28/25 18:56:37.768[0m
2025-07-28T18:56:37.7722629Z   < Exit [1m[DeferCleanup (Each)][0m [Warp] [38;5;243m- /home/runner/go/pkg/mod/github.com/ava-labs/avalanchego@v1.13.3/tests/fixture/e2e/ginkgo_test_context.go:96 @ 07/28/25 18:56:37.768 (0s)[0m
2025-07-28T18:56:37.7725124Z   > Enter [1m[DeferCleanup (Each)][0m [Warp] [38;5;243m- /home/runner/go/pkg/mod/github.com/ava-labs/avalanchego@v1.13.3/tests/fixture/e2e/ginkgo_test_context.go:96 @ 07/28/25 18:56:37.768[0m
2025-07-28T18:56:37.7727660Z   < Exit [1m[DeferCleanup (Each)][0m [Warp] [38;5;243m- /home/runner/go/pkg/mod/github.com/ava-labs/avalanchego@v1.13.3/tests/fixture/e2e/ginkgo_test_context.go:96 @ 07/28/25 18:56:37.768 (0s)[0m
2025-07-28T18:56:37.7729429Z [38;5;10m• [9.885 seconds][0m
2025-07-28T18:56:37.7729855Z [38;5;243m------------------------------[0m
2025-07-28T18:56:37.7730119Z [Warp]
2025-07-28T18:56:37.7731076Z [38;5;243m/home/runner/work/subnet-evm/subnet-evm/tests/warp/warp_test.go:160[0m
2025-07-28T18:56:37.7732075Z   [0m[1mSubnetA -> SubnetA[0m
2025-07-28T18:56:37.7732702Z   [38;5;243m/home/runner/work/subnet-evm/subnet-evm/tests/warp/warp_test.go:187[0m
2025-07-28T18:56:37.7734472Z   > Enter [1m[BeforeEach][0m TOP-LEVEL [38;5;243m- /home/runner/go/pkg/mod/github.com/ava-labs/avalanchego@v1.13.3/tests/fixture/e2e/metrics_link.go:27 @ 07/28/25 18:56:37.768[0m
2025-07-28T18:56:37.7737420Z   < Exit [1m[BeforeEach][0m TOP-LEVEL [38;5;243m- /home/runner/go/pkg/mod/github.com/ava-labs/avalanchego@v1.13.3/tests/fixture/e2e/metrics_link.go:27 @ 07/28/25 18:56:37.768 (0s)[0m
2025-07-28T18:56:37.7739840Z   > Enter [1m[It][0m SubnetA -> SubnetA [38;5;243m- /home/runner/work/subnet-evm/subnet-evm/tests/warp/warp_test.go:187 @ 07/28/25 18:56:37.768[0m
2025-07-28T18:56:44.0284426Z   "level"=0 "msg"="Aggregating signatures from validator set" "numValidators"=2 "totalWeight"=98926
2025-07-28T18:56:50.7961563Z 
2025-07-28T18:56:50.7962131Z Combined output:
2025-07-28T18:56:50.7962423Z 
2025-07-28T18:56:50.7962434Z 
2025-07-28T18:56:50.7962443Z 
2025-07-28T18:56:50.7962775Z   IWarpMessenger
2025-07-28T18:56:50.7965438Z Sending warp message with payload 0x010203, expected unsigned message 0x000000015b3873ead3d7b2345bbcc29fe9454bf53ab227fd1178eb047fb522a5ce1c42a6056000000025000000000001000000148db97c7cece249c2b98bdc0226cc4c2a57bf52fc00000003010203
2025-07-28T18:56:50.7967785Z     ✔ contract should be to send warp message (1685ms)
2025-07-28T18:56:50.7968607Z     ✔ should be able to fetch correct blockchain ID
2025-07-28T18:56:50.7968981Z 
2025-07-28T18:56:50.7968990Z 
2025-07-28T18:56:50.7969169Z   2 passing (2s)
2025-07-28T18:56:50.7969381Z 
2025-07-28T18:56:50.7969391Z 
2025-07-28T18:56:56.1860108Z   < Exit [1m[It][0m SubnetA -> SubnetA [38;5;243m- /home/runner/work/subnet-evm/subnet-evm/tests/warp/warp_test.go:187 @ 07/28/25 18:56:56.185 (18.417s)[0m
2025-07-28T18:56:56.1861581Z   > Enter [1m[AfterEach][0m TOP-LEVEL [38;5;243m- /home/runner/go/pkg/mod/github.com/ava-labs/avalanchego@v1.13.3/tests/fixture/e2e/metrics_link.go:33 @ 07/28/25 18:56:56.185[0m
2025-07-28T18:56:56.1872949Z    [0;0mINFO[0;0m	metrics and logs available via grafana (collectors must be running)	{"uri": "https://grafana-poc.avax-dev.network/d/kBQpRdWnk/avalanche-main-dashboard?&var-filter=network_uuid%7C%3D%7C28d0d23f-bcb0-46cd-8f92-1ae9a7d42024&var-filter=is_ephemeral_node%7C%3D%7Cfalse&from=1753728997768&to=1753729028185"}
2025-07-28T18:56:56.1876844Z   < Exit [1m[AfterEach][0m TOP-LEVEL [38;5;243m- /home/runner/go/pkg/mod/github.com/ava-labs/avalanchego@v1.13.3/tests/fixture/e2e/metrics_link.go:33 @ 07/28/25 18:56:56.186 (1ms)[0m
2025-07-28T18:56:56.1879543Z   > Enter [1m[DeferCleanup (Each)][0m TOP-LEVEL [38;5;243m- /home/runner/go/pkg/mod/github.com/ava-labs/avalanchego@v1.13.3/tests/fixture/e2e/ginkgo_test_context.go:96 @ 07/28/25 18:56:56.187[0m
2025-07-28T18:56:56.1881529Z   < Exit [1m[DeferCleanup (Each)][0m TOP-LEVEL [38;5;243m- /home/runner/go/pkg/mod/github.com/ava-labs/avalanchego@v1.13.3/tests/fixture/e2e/ginkgo_test_context.go:96 @ 07/28/25 18:56:56.187 (0s)[0m
2025-07-28T18:56:56.1883951Z   > Enter [1m[DeferCleanup (Each)][0m [Warp] [38;5;243m- /home/runner/go/pkg/mod/github.com/ava-labs/avalanchego@v1.13.3/tests/fixture/e2e/ginkgo_test_context.go:96 @ 07/28/25 18:56:56.187[0m
2025-07-28T18:56:56.1886500Z   < Exit [1m[DeferCleanup (Each)][0m [Warp] [38;5;243m- /home/runner/go/pkg/mod/github.com/ava-labs/avalanchego@v1.13.3/tests/fixture/e2e/ginkgo_test_context.go:96 @ 07/28/25 18:56:56.187 (0s)[0m
2025-07-28T18:56:56.1889227Z   > Enter [1m[DeferCleanup (Each)][0m [Warp] [38;5;243m- /home/runner/go/pkg/mod/github.com/ava-labs/avalanchego@v1.13.3/tests/fixture/e2e/ginkgo_test_context.go:96 @ 07/28/25 18:56:56.187[0m
2025-07-28T18:56:56.1892252Z   < Exit [1m[DeferCleanup (Each)][0m [Warp] [38;5;243m- /home/runner/go/pkg/mod/github.com/ava-labs/avalanchego@v1.13.3/tests/fixture/e2e/ginkgo_test_context.go:96 @ 07/28/25 18:56:56.187 (0s)[0m
2025-07-28T18:56:56.1894675Z   > Enter [1m[DeferCleanup (Each)][0m [Warp] [38;5;243m- /home/runner/go/pkg/mod/github.com/ava-labs/avalanchego@v1.13.3/tests/fixture/e2e/ginkgo_test_context.go:96 @ 07/28/25 18:56:56.187[0m
2025-07-28T18:56:56.1897533Z   < Exit [1m[DeferCleanup (Each)][0m [Warp] [38;5;243m- /home/runner/go/pkg/mod/github.com/ava-labs/avalanchego@v1.13.3/tests/fixture/e2e/ginkgo_test_context.go:96 @ 07/28/25 18:56:56.187 (0s)[0m
2025-07-28T18:56:56.1900260Z   > Enter [1m[DeferCleanup (Each)][0m [Warp] [38;5;243m- /home/runner/go/pkg/mod/github.com/ava-labs/avalanchego@v1.13.3/tests/fixture/e2e/ginkgo_test_context.go:96 @ 07/28/25 18:56:56.187[0m
2025-07-28T18:56:56.1902616Z   < Exit [1m[DeferCleanup (Each)][0m [Warp] [38;5;243m- /home/runner/go/pkg/mod/github.com/ava-labs/avalanchego@v1.13.3/tests/fixture/e2e/ginkgo_test_context.go:96 @ 07/28/25 18:56:56.187 (0s)[0m
2025-07-28T18:56:56.1905180Z   > Enter [1m[DeferCleanup (Each)][0m [Warp] [38;5;243m- /home/runner/go/pkg/mod/github.com/ava-labs/avalanchego@v1.13.3/tests/fixture/e2e/ginkgo_test_context.go:96 @ 07/28/25 18:56:56.187[0m
2025-07-28T18:56:56.1907595Z   < Exit [1m[DeferCleanup (Each)][0m [Warp] [38;5;243m- /home/runner/go/pkg/mod/github.com/ava-labs/avalanchego@v1.13.3/tests/fixture/e2e/ginkgo_test_context.go:96 @ 07/28/25 18:56:56.187 (0s)[0m
2025-07-28T18:56:56.1910356Z   > Enter [1m[DeferCleanup (Each)][0m [Warp] [38;5;243m- /home/runner/go/pkg/mod/github.com/ava-labs/avalanchego@v1.13.3/tests/fixture/e2e/ginkgo_test_context.go:96 @ 07/28/25 18:56:56.187[0m
2025-07-28T18:56:56.1912851Z   < Exit [1m[DeferCleanup (Each)][0m [Warp] [38;5;243m- /home/runner/go/pkg/mod/github.com/ava-labs/avalanchego@v1.13.3/tests/fixture/e2e/ginkgo_test_context.go:96 @ 07/28/25 18:56:56.187 (0s)[0m
2025-07-28T18:56:56.1915784Z   > Enter [1m[DeferCleanup (Each)][0m [Warp] [38;5;243m- /home/runner/go/pkg/mod/github.com/ava-labs/avalanchego@v1.13.3/tests/fixture/e2e/ginkgo_test_context.go:96 @ 07/28/25 18:56:56.187[0m
2025-07-28T18:56:56.1918586Z   < Exit [1m[DeferCleanup (Each)][0m [Warp] [38;5;243m- /home/runner/go/pkg/mod/github.com/ava-labs/avalanchego@v1.13.3/tests/fixture/e2e/ginkgo_test_context.go:96 @ 07/28/25 18:56:56.187 (0s)[0m
2025-07-28T18:56:56.1921526Z   > Enter [1m[DeferCleanup (Each)][0m [Warp] [38;5;243m- /home/runner/go/pkg/mod/github.com/ava-labs/avalanchego@v1.13.3/tests/fixture/e2e/ginkgo_test_context.go:96 @ 07/28/25 18:56:56.187[0m
2025-07-28T18:56:56.1924617Z   < Exit [1m[DeferCleanup (Each)][0m [Warp] [38;5;243m- /home/runner/go/pkg/mod/github.com/ava-labs/avalanchego@v1.13.3/tests/fixture/e2e/ginkgo_test_context.go:96 @ 07/28/25 18:56:56.187 (0s)[0m
2025-07-28T18:56:56.1926136Z [38;5;10m• [18.419 seconds][0m
2025-07-28T18:56:56.1926773Z [38;5;243m------------------------------[0m
2025-07-28T18:56:56.1927259Z [Warp]
2025-07-28T18:56:56.1928234Z [38;5;243m/home/runner/work/subnet-evm/subnet-evm/tests/warp/warp_test.go:160[0m
2025-07-28T18:56:56.1929226Z   [0m[1mSubnetA -> C-Chain[0m
2025-07-28T18:56:56.1930088Z   [38;5;243m/home/runner/work/subnet-evm/subnet-evm/tests/warp/warp_test.go:188[0m
2025-07-28T18:56:56.1932287Z   > Enter [1m[BeforeEach][0m TOP-LEVEL [38;5;243m- /home/runner/go/pkg/mod/github.com/ava-labs/avalanchego@v1.13.3/tests/fixture/e2e/metrics_link.go:27 @ 07/28/25 18:56:56.187[0m
2025-07-28T18:56:56.1934232Z   < Exit [1m[BeforeEach][0m TOP-LEVEL [38;5;243m- /home/runner/go/pkg/mod/github.com/ava-labs/avalanchego@v1.13.3/tests/fixture/e2e/metrics_link.go:27 @ 07/28/25 18:56:56.187 (0s)[0m
2025-07-28T18:56:56.1936678Z   > Enter [1m[It][0m SubnetA -> C-Chain [38;5;243m- /home/runner/work/subnet-evm/subnet-evm/tests/warp/warp_test.go:188 @ 07/28/25 18:56:56.187[0m
2025-07-28T18:57:00.0425273Z   "level"=0 "msg"="Aggregating signatures from validator set" "numValidators"=2 "totalWeight"=98926
2025-07-28T18:57:02.7867376Z 
2025-07-28T18:57:02.7867898Z Combined output:
2025-07-28T18:57:02.7868169Z 
2025-07-28T18:57:02.7868521Z 
2025-07-28T18:57:02.7868540Z 
2025-07-28T18:57:02.7868745Z   IWarpMessenger
2025-07-28T18:57:02.7871030Z Sending warp message with payload 0x010203, expected unsigned message 0x000000015b3873ead3d7b2345bbcc29fe9454bf53ab227fd1178eb047fb522a5ce1c42a6056000000025000000000001000000148db97c7cece249c2b98bdc0226cc4c2a57bf52fc00000003010203
2025-07-28T18:57:02.7873449Z     ✔ contract should be to send warp message (681ms)
2025-07-28T18:57:02.7874386Z     ✔ should be able to fetch correct blockchain ID
2025-07-28T18:57:02.7874776Z 
2025-07-28T18:57:02.7874786Z 
2025-07-28T18:57:02.7875189Z   2 passing (702ms)
2025-07-28T18:57:02.7875427Z 
2025-07-28T18:57:02.7875445Z 
2025-07-28T18:57:06.1266353Z   < Exit [1m[It][0m SubnetA -> C-Chain [38;5;243m- /home/runner/work/subnet-evm/subnet-evm/tests/warp/warp_test.go:188 @ 07/28/25 18:57:06.126 (9.939s)[0m
2025-07-28T18:57:06.1267789Z   > Enter [1m[AfterEach][0m TOP-LEVEL [38;5;243m- /home/runner/go/pkg/mod/github.com/ava-labs/avalanchego@v1.13.3/tests/fixture/e2e/metrics_link.go:33 @ 07/28/25 18:57:06.126[0m
2025-07-28T18:57:06.1278553Z    [0;0mINFO[0;0m	metrics and logs available via grafana (collectors must be running)	{"uri": "https://grafana-poc.avax-dev.network/d/kBQpRdWnk/avalanche-main-dashboard?&var-filter=network_uuid%7C%3D%7C28d0d23f-bcb0-46cd-8f92-1ae9a7d42024&var-filter=is_ephemeral_node%7C%3D%7Cfalse&from=1753729016187&to=1753729038126"}
2025-07-28T18:57:06.1281658Z   < Exit [1m[AfterEach][0m TOP-LEVEL [38;5;243m- /home/runner/go/pkg/mod/github.com/ava-labs/avalanchego@v1.13.3/tests/fixture/e2e/metrics_link.go:33 @ 07/28/25 18:57:06.127 (1ms)[0m
2025-07-28T18:57:06.1283682Z   > Enter [1m[DeferCleanup (Each)][0m TOP-LEVEL [38;5;243m- /home/runner/go/pkg/mod/github.com/ava-labs/avalanchego@v1.13.3/tests/fixture/e2e/ginkgo_test_context.go:96 @ 07/28/25 18:57:06.127[0m
2025-07-28T18:57:06.1286772Z   < Exit [1m[DeferCleanup (Each)][0m TOP-LEVEL [38;5;243m- /home/runner/go/pkg/mod/github.com/ava-labs/avalanchego@v1.13.3/tests/fixture/e2e/ginkgo_test_context.go:96 @ 07/28/25 18:57:06.127 (0s)[0m
2025-07-28T18:57:06.1289590Z   > Enter [1m[DeferCleanup (Each)][0m [Warp] [38;5;243m- /home/runner/go/pkg/mod/github.com/ava-labs/avalanchego@v1.13.3/tests/fixture/e2e/ginkgo_test_context.go:96 @ 07/28/25 18:57:06.127[0m
2025-07-28T18:57:06.1292150Z   < Exit [1m[DeferCleanup (Each)][0m [Warp] [38;5;243m- /home/runner/go/pkg/mod/github.com/ava-labs/avalanchego@v1.13.3/tests/fixture/e2e/ginkgo_test_context.go:96 @ 07/28/25 18:57:06.127 (0s)[0m
2025-07-28T18:57:06.1295479Z   > Enter [1m[DeferCleanup (Each)][0m [Warp] [38;5;243m- /home/runner/go/pkg/mod/github.com/ava-labs/avalanchego@v1.13.3/tests/fixture/e2e/ginkgo_test_context.go:96 @ 07/28/25 18:57:06.127[0m
2025-07-28T18:57:06.1297948Z   < Exit [1m[DeferCleanup (Each)][0m [Warp] [38;5;243m- /home/runner/go/pkg/mod/github.com/ava-labs/avalanchego@v1.13.3/tests/fixture/e2e/ginkgo_test_context.go:96 @ 07/28/25 18:57:06.127 (0s)[0m
2025-07-28T18:57:06.1300110Z   > Enter [1m[DeferCleanup (Each)][0m [Warp] [38;5;243m- /home/runner/go/pkg/mod/github.com/ava-labs/avalanchego@v1.13.3/tests/fixture/e2e/ginkgo_test_context.go:96 @ 07/28/25 18:57:06.127[0m
2025-07-28T18:57:06.1302952Z   < Exit [1m[DeferCleanup (Each)][0m [Warp] [38;5;243m- /home/runner/go/pkg/mod/github.com/ava-labs/avalanchego@v1.13.3/tests/fixture/e2e/ginkgo_test_context.go:96 @ 07/28/25 18:57:06.127 (0s)[0m
2025-07-28T18:57:06.1305806Z   > Enter [1m[DeferCleanup (Each)][0m [Warp] [38;5;243m- /home/runner/go/pkg/mod/github.com/ava-labs/avalanchego@v1.13.3/tests/fixture/e2e/ginkgo_test_context.go:96 @ 07/28/25 18:57:06.127[0m
2025-07-28T18:57:06.1307934Z   < Exit [1m[DeferCleanup (Each)][0m [Warp] [38;5;243m- /home/runner/go/pkg/mod/github.com/ava-labs/avalanchego@v1.13.3/tests/fixture/e2e/ginkgo_test_context.go:96 @ 07/28/25 18:57:06.127 (0s)[0m
2025-07-28T18:57:06.1311029Z   > Enter [1m[DeferCleanup (Each)][0m [Warp] [38;5;243m- /home/runner/go/pkg/mod/github.com/ava-labs/avalanchego@v1.13.3/tests/fixture/e2e/ginkgo_test_context.go:96 @ 07/28/25 18:57:06.127[0m
2025-07-28T18:57:06.1313565Z   < Exit [1m[DeferCleanup (Each)][0m [Warp] [38;5;243m- /home/runner/go/pkg/mod/github.com/ava-labs/avalanchego@v1.13.3/tests/fixture/e2e/ginkgo_test_context.go:96 @ 07/28/25 18:57:06.127 (0s)[0m
2025-07-28T18:57:06.1316508Z   > Enter [1m[DeferCleanup (Each)][0m [Warp] [38;5;243m- /home/runner/go/pkg/mod/github.com/ava-labs/avalanchego@v1.13.3/tests/fixture/e2e/ginkgo_test_context.go:96 @ 07/28/25 18:57:06.127[0m
2025-07-28T18:57:06.1318961Z   < Exit [1m[DeferCleanup (Each)][0m [Warp] [38;5;243m- /home/runner/go/pkg/mod/github.com/ava-labs/avalanchego@v1.13.3/tests/fixture/e2e/ginkgo_test_context.go:96 @ 07/28/25 18:57:06.127 (0s)[0m
2025-07-28T18:57:06.1320826Z   > Enter [1m[DeferCleanup (Each)][0m [Warp] [38;5;243m- /home/runner/go/pkg/mod/github.com/ava-labs/avalanchego@v1.13.3/tests/fixture/e2e/ginkgo_test_context.go:96 @ 07/28/25 18:57:06.127[0m
2025-07-28T18:57:06.1323466Z   < Exit [1m[DeferCleanup (Each)][0m [Warp] [38;5;243m- /home/runner/go/pkg/mod/github.com/ava-labs/avalanchego@v1.13.3/tests/fixture/e2e/ginkgo_test_context.go:96 @ 07/28/25 18:57:06.127 (0s)[0m
2025-07-28T18:57:06.1326252Z   > Enter [1m[DeferCleanup (Each)][0m [Warp] [38;5;243m- /home/runner/go/pkg/mod/github.com/ava-labs/avalanchego@v1.13.3/tests/fixture/e2e/ginkgo_test_context.go:96 @ 07/28/25 18:57:06.127[0m
2025-07-28T18:57:06.1328773Z   < Exit [1m[DeferCleanup (Each)][0m [Warp] [38;5;243m- /home/runner/go/pkg/mod/github.com/ava-labs/avalanchego@v1.13.3/tests/fixture/e2e/ginkgo_test_context.go:96 @ 07/28/25 18:57:06.127 (0s)[0m
2025-07-28T18:57:06.1330054Z [38;5;10m• [9.941 seconds][0m
2025-07-28T18:57:06.1330618Z [38;5;243m------------------------------[0m
2025-07-28T18:57:06.1330894Z [Warp]
2025-07-28T18:57:06.1331818Z [38;5;243m/home/runner/work/subnet-evm/subnet-evm/tests/warp/warp_test.go:160[0m
2025-07-28T18:57:06.1332740Z   [0m[1mC-Chain -> SubnetA[0m
2025-07-28T18:57:06.1333737Z   [38;5;243m/home/runner/work/subnet-evm/subnet-evm/tests/warp/warp_test.go:189[0m
2025-07-28T18:57:06.1335706Z   > Enter [1m[BeforeEach][0m TOP-LEVEL [38;5;243m- /home/runner/go/pkg/mod/github.com/ava-labs/avalanchego@v1.13.3/tests/fixture/e2e/metrics_link.go:27 @ 07/28/25 18:57:06.127[0m
2025-07-28T18:57:06.1338310Z   < Exit [1m[BeforeEach][0m TOP-LEVEL [38;5;243m- /home/runner/go/pkg/mod/github.com/ava-labs/avalanchego@v1.13.3/tests/fixture/e2e/metrics_link.go:27 @ 07/28/25 18:57:06.127 (0s)[0m
2025-07-28T18:57:06.1340820Z   > Enter [1m[It][0m C-Chain -> SubnetA [38;5;243m- /home/runner/work/subnet-evm/subnet-evm/tests/warp/warp_test.go:189 @ 07/28/25 18:57:06.127[0m
2025-07-28T18:57:08.0266964Z   "level"=0 "msg"="Aggregating signatures from validator set" "numValidators"=2 "totalWeight"=98926
2025-07-28T18:57:15.7933046Z 
2025-07-28T18:57:15.7933638Z Combined output:
2025-07-28T18:57:15.7933919Z 
2025-07-28T18:57:15.7933929Z 
2025-07-28T18:57:15.7933948Z 
2025-07-28T18:57:15.7934138Z   IWarpMessenger
2025-07-28T18:57:15.7936092Z Sending warp message with payload 0x010203, expected unsigned message 0x000000015b3884a60f4c1e408c06f00d86d5c31d9ba101c6340f4faa59c8039ecc77800a09ac00000025000000000001000000148db97c7cece249c2b98bdc0226cc4c2a57bf52fc00000003010203
2025-07-28T18:57:15.7937455Z     ✔ contract should be to send warp message (681ms)
2025-07-28T18:57:15.7937920Z     ✔ should be able to fetch correct blockchain ID
2025-07-28T18:57:15.7938129Z 
2025-07-28T18:57:15.7938152Z 
2025-07-28T18:57:15.7938261Z   2 passing (701ms)
2025-07-28T18:57:15.7938393Z 
2025-07-28T18:57:15.7938399Z 
2025-07-28T18:57:18.7310544Z   < Exit [1m[It][0m C-Chain -> SubnetA [38;5;243m- /home/runner/work/subnet-evm/subnet-evm/tests/warp/warp_test.go:189 @ 07/28/25 18:57:18.73 (12.603s)[0m
2025-07-28T18:57:18.7312174Z   > Enter [1m[AfterEach][0m TOP-LEVEL [38;5;243m- /home/runner/go/pkg/mod/github.com/ava-labs/avalanchego@v1.13.3/tests/fixture/e2e/metrics_link.go:33 @ 07/28/25 18:57:18.73[0m
2025-07-28T18:57:18.7323036Z    [0;0mINFO[0;0m	metrics and logs available via grafana (collectors must be running)	{"uri": "https://grafana-poc.avax-dev.network/d/kBQpRdWnk/avalanche-main-dashboard?&var-filter=network_uuid%7C%3D%7C28d0d23f-bcb0-46cd-8f92-1ae9a7d42024&var-filter=is_ephemeral_node%7C%3D%7Cfalse&from=1753729026127&to=1753729050730"}
2025-07-28T18:57:18.7326313Z   < Exit [1m[AfterEach][0m TOP-LEVEL [38;5;243m- /home/runner/go/pkg/mod/github.com/ava-labs/avalanchego@v1.13.3/tests/fixture/e2e/metrics_link.go:33 @ 07/28/25 18:57:18.731 (1ms)[0m
2025-07-28T18:57:18.7327965Z   > Enter [1m[DeferCleanup (Each)][0m TOP-LEVEL [38;5;243m- /home/runner/go/pkg/mod/github.com/ava-labs/avalanchego@v1.13.3/tests/fixture/e2e/ginkgo_test_context.go:96 @ 07/28/25 18:57:18.731[0m
2025-07-28T18:57:18.7330102Z   < Exit [1m[DeferCleanup (Each)][0m TOP-LEVEL [38;5;243m- /home/runner/go/pkg/mod/github.com/ava-labs/avalanchego@v1.13.3/tests/fixture/e2e/ginkgo_test_context.go:96 @ 07/28/25 18:57:18.731 (0s)[0m
2025-07-28T18:57:18.7332374Z   > Enter [1m[DeferCleanup (Each)][0m [Warp] [38;5;243m- /home/runner/go/pkg/mod/github.com/ava-labs/avalanchego@v1.13.3/tests/fixture/e2e/ginkgo_test_context.go:96 @ 07/28/25 18:57:18.732[0m
2025-07-28T18:57:18.7334704Z   < Exit [1m[DeferCleanup (Each)][0m [Warp] [38;5;243m- /home/runner/go/pkg/mod/github.com/ava-labs/avalanchego@v1.13.3/tests/fixture/e2e/ginkgo_test_context.go:96 @ 07/28/25 18:57:18.732 (0s)[0m
2025-07-28T18:57:18.7337520Z   > Enter [1m[DeferCleanup (Each)][0m [Warp] [38;5;243m- /home/runner/go/pkg/mod/github.com/ava-labs/avalanchego@v1.13.3/tests/fixture/e2e/ginkgo_test_context.go:96 @ 07/28/25 18:57:18.732[0m
2025-07-28T18:57:18.7340014Z   < Exit [1m[DeferCleanup (Each)][0m [Warp] [38;5;243m- /home/runner/go/pkg/mod/github.com/ava-labs/avalanchego@v1.13.3/tests/fixture/e2e/ginkgo_test_context.go:96 @ 07/28/25 18:57:18.732 (0s)[0m
2025-07-28T18:57:18.7342617Z   > Enter [1m[DeferCleanup (Each)][0m [Warp] [38;5;243m- /home/runner/go/pkg/mod/github.com/ava-labs/avalanchego@v1.13.3/tests/fixture/e2e/ginkgo_test_context.go:96 @ 07/28/25 18:57:18.732[0m
2025-07-28T18:57:18.7345247Z   < Exit [1m[DeferCleanup (Each)][0m [Warp] [38;5;243m- /home/runner/go/pkg/mod/github.com/ava-labs/avalanchego@v1.13.3/tests/fixture/e2e/ginkgo_test_context.go:96 @ 07/28/25 18:57:18.732 (0s)[0m
2025-07-28T18:57:18.7347650Z   > Enter [1m[DeferCleanup (Each)][0m [Warp] [38;5;243m- /home/runner/go/pkg/mod/github.com/ava-labs/avalanchego@v1.13.3/tests/fixture/e2e/ginkgo_test_context.go:96 @ 07/28/25 18:57:18.732[0m
2025-07-28T18:57:18.7350544Z   < Exit [1m[DeferCleanup (Each)][0m [Warp] [38;5;243m- /home/runner/go/pkg/mod/github.com/ava-labs/avalanchego@v1.13.3/tests/fixture/e2e/ginkgo_test_context.go:96 @ 07/28/25 18:57:18.732 (0s)[0m
2025-07-28T18:57:18.7352932Z   > Enter [1m[DeferCleanup (Each)][0m [Warp] [38;5;243m- /home/runner/go/pkg/mod/github.com/ava-labs/avalanchego@v1.13.3/tests/fixture/e2e/ginkgo_test_context.go:96 @ 07/28/25 18:57:18.732[0m
2025-07-28T18:57:18.7354667Z   < Exit [1m[DeferCleanup (Each)][0m [Warp] [38;5;243m- /home/runner/go/pkg/mod/github.com/ava-labs/avalanchego@v1.13.3/tests/fixture/e2e/ginkgo_test_context.go:96 @ 07/28/25 18:57:18.732 (0s)[0m
2025-07-28T18:57:18.7356355Z   > Enter [1m[DeferCleanup (Each)][0m [Warp] [38;5;243m- /home/runner/go/pkg/mod/github.com/ava-labs/avalanchego@v1.13.3/tests/fixture/e2e/ginkgo_test_context.go:96 @ 07/28/25 18:57:18.732[0m
2025-07-28T18:57:18.7358949Z   < Exit [1m[DeferCleanup (Each)][0m [Warp] [38;5;243m- /home/runner/go/pkg/mod/github.com/ava-labs/avalanchego@v1.13.3/tests/fixture/e2e/ginkgo_test_context.go:96 @ 07/28/25 18:57:18.732 (0s)[0m
2025-07-28T18:57:18.7360726Z   > Enter [1m[DeferCleanup (Each)][0m [Warp] [38;5;243m- /home/runner/go/pkg/mod/github.com/ava-labs/avalanchego@v1.13.3/tests/fixture/e2e/ginkgo_test_context.go:96 @ 07/28/25 18:57:18.732[0m
2025-07-28T18:57:18.7362387Z   < Exit [1m[DeferCleanup (Each)][0m [Warp] [38;5;243m- /home/runner/go/pkg/mod/github.com/ava-labs/avalanchego@v1.13.3/tests/fixture/e2e/ginkgo_test_context.go:96 @ 07/28/25 18:57:18.732 (0s)[0m
2025-07-28T18:57:18.7363980Z   > Enter [1m[DeferCleanup (Each)][0m [Warp] [38;5;243m- /home/runner/go/pkg/mod/github.com/ava-labs/avalanchego@v1.13.3/tests/fixture/e2e/ginkgo_test_context.go:96 @ 07/28/25 18:57:18.732[0m
2025-07-28T18:57:18.7365628Z   < Exit [1m[DeferCleanup (Each)][0m [Warp] [38;5;243m- /home/runner/go/pkg/mod/github.com/ava-labs/avalanchego@v1.13.3/tests/fixture/e2e/ginkgo_test_context.go:96 @ 07/28/25 18:57:18.732 (0s)[0m
2025-07-28T18:57:18.7366471Z [38;5;10m• [12.604 seconds][0m
2025-07-28T18:57:18.7366829Z [38;5;243m------------------------------[0m
2025-07-28T18:57:18.7367089Z [Warp]
2025-07-28T18:57:18.7367580Z [38;5;243m/home/runner/work/subnet-evm/subnet-evm/tests/warp/warp_test.go:160[0m
2025-07-28T18:57:18.7368055Z   [0m[1mC-Chain -> C-Chain[0m
2025-07-28T18:57:18.7368596Z   [38;5;243m/home/runner/work/subnet-evm/subnet-evm/tests/warp/warp_test.go:190[0m
2025-07-28T18:57:18.7369854Z   > Enter [1m[BeforeEach][0m TOP-LEVEL [38;5;243m- /home/runner/go/pkg/mod/github.com/ava-labs/avalanchego@v1.13.3/tests/fixture/e2e/metrics_link.go:27 @ 07/28/25 18:57:18.732[0m
2025-07-28T18:57:18.7371300Z   < Exit [1m[BeforeEach][0m TOP-LEVEL [38;5;243m- /home/runner/go/pkg/mod/github.com/ava-labs/avalanchego@v1.13.3/tests/fixture/e2e/metrics_link.go:27 @ 07/28/25 18:57:18.732 (0s)[0m
2025-07-28T18:57:18.7372519Z   > Enter [1m[It][0m C-Chain -> C-Chain [38;5;243m- /home/runner/work/subnet-evm/subnet-evm/tests/warp/warp_test.go:190 @ 07/28/25 18:57:18.732[0m
2025-07-28T18:57:21.0122390Z   "level"=0 "msg"="Aggregating signatures from validator set" "numValidators"=2 "totalWeight"=2000000000000000
2025-07-28T18:57:30.7923820Z 
2025-07-28T18:57:30.7924371Z Combined output:
2025-07-28T18:57:30.7924653Z 
2025-07-28T18:57:30.7925908Z 
2025-07-28T18:57:30.7925953Z 
2025-07-28T18:57:30.7926203Z   IWarpMessenger
2025-07-28T18:57:30.7928363Z Sending warp message with payload 0x010203, expected unsigned message 0x000000015b3884a60f4c1e408c06f00d86d5c31d9ba101c6340f4faa59c8039ecc77800a09ac00000025000000000001000000148db97c7cece249c2b98bdc0226cc4c2a57bf52fc00000003010203
2025-07-28T18:57:30.7930632Z     ✔ contract should be to send warp message (6698ms)
2025-07-28T18:57:30.7931356Z     ✔ should be able to fetch correct blockchain ID
2025-07-28T18:57:30.7931577Z 
2025-07-28T18:57:30.7931584Z 
2025-07-28T18:57:30.7931694Z   2 passing (7s)
2025-07-28T18:57:30.7931876Z 
2025-07-28T18:57:30.7932211Z 
2025-07-28T18:57:38.0174680Z   < Exit [1m[It][0m C-Chain -> C-Chain [38;5;243m- /home/runner/work/subnet-evm/subnet-evm/tests/warp/warp_test.go:190 @ 07/28/25 18:57:38.017 (19.285s)[0m
2025-07-28T18:57:38.0176475Z   > Enter [1m[AfterEach][0m TOP-LEVEL [38;5;243m- /home/runner/go/pkg/mod/github.com/ava-labs/avalanchego@v1.13.3/tests/fixture/e2e/metrics_link.go:33 @ 07/28/25 18:57:38.017[0m
2025-07-28T18:57:38.0186778Z    [0;0mINFO[0;0m	metrics and logs available via grafana (collectors must be running)	{"uri": "https://grafana-poc.avax-dev.network/d/kBQpRdWnk/avalanche-main-dashboard?&var-filter=network_uuid%7C%3D%7C28d0d23f-bcb0-46cd-8f92-1ae9a7d42024&var-filter=is_ephemeral_node%7C%3D%7Cfalse&from=1753729038732&to=1753729070017"}
2025-07-28T18:57:38.0190219Z   < Exit [1m[AfterEach][0m TOP-LEVEL [38;5;243m- /home/runner/go/pkg/mod/github.com/ava-labs/avalanchego@v1.13.3/tests/fixture/e2e/metrics_link.go:33 @ 07/28/25 18:57:38.018 (1ms)[0m
2025-07-28T18:57:38.0192910Z   > Enter [1m[DeferCleanup (Each)][0m TOP-LEVEL [38;5;243m- /home/runner/go/pkg/mod/github.com/ava-labs/avalanchego@v1.13.3/tests/fixture/e2e/ginkgo_test_context.go:96 @ 07/28/25 18:57:38.018[0m
2025-07-28T18:57:38.0195479Z   < Exit [1m[DeferCleanup (Each)][0m TOP-LEVEL [38;5;243m- /home/runner/go/pkg/mod/github.com/ava-labs/avalanchego@v1.13.3/tests/fixture/e2e/ginkgo_test_context.go:96 @ 07/28/25 18:57:38.018 (0s)[0m
2025-07-28T18:57:38.0198143Z   > Enter [1m[DeferCleanup (Each)][0m [Warp] [38;5;243m- /home/runner/go/pkg/mod/github.com/ava-labs/avalanchego@v1.13.3/tests/fixture/e2e/ginkgo_test_context.go:96 @ 07/28/25 18:57:38.018[0m
2025-07-28T18:57:38.0200859Z   < Exit [1m[DeferCleanup (Each)][0m [Warp] [38;5;243m- /home/runner/go/pkg/mod/github.com/ava-labs/avalanchego@v1.13.3/tests/fixture/e2e/ginkgo_test_context.go:96 @ 07/28/25 18:57:38.018 (0s)[0m
2025-07-28T18:57:38.0203518Z   > Enter [1m[DeferCleanup (Each)][0m [Warp] [38;5;243m- /home/runner/go/pkg/mod/github.com/ava-labs/avalanchego@v1.13.3/tests/fixture/e2e/ginkgo_test_context.go:96 @ 07/28/25 18:57:38.018[0m
2025-07-28T18:57:38.0206273Z   < Exit [1m[DeferCleanup (Each)][0m [Warp] [38;5;243m- /home/runner/go/pkg/mod/github.com/ava-labs/avalanchego@v1.13.3/tests/fixture/e2e/ginkgo_test_context.go:96 @ 07/28/25 18:57:38.018 (0s)[0m
2025-07-28T18:57:38.0208897Z   > Enter [1m[DeferCleanup (Each)][0m [Warp] [38;5;243m- /home/runner/go/pkg/mod/github.com/ava-labs/avalanchego@v1.13.3/tests/fixture/e2e/ginkgo_test_context.go:96 @ 07/28/25 18:57:38.018[0m
2025-07-28T18:57:38.0211523Z   < Exit [1m[DeferCleanup (Each)][0m [Warp] [38;5;243m- /home/runner/go/pkg/mod/github.com/ava-labs/avalanchego@v1.13.3/tests/fixture/e2e/ginkgo_test_context.go:96 @ 07/28/25 18:57:38.018 (0s)[0m
2025-07-28T18:57:38.0213443Z   > Enter [1m[DeferCleanup (Each)][0m [Warp] [38;5;243m- /home/runner/go/pkg/mod/github.com/ava-labs/avalanchego@v1.13.3/tests/fixture/e2e/ginkgo_test_context.go:96 @ 07/28/25 18:57:38.018[0m
2025-07-28T18:57:38.0215204Z   < Exit [1m[DeferCleanup (Each)][0m [Warp] [38;5;243m- /home/runner/go/pkg/mod/github.com/ava-labs/avalanchego@v1.13.3/tests/fixture/e2e/ginkgo_test_context.go:96 @ 07/28/25 18:57:38.018 (0s)[0m
2025-07-28T18:57:38.0216704Z   > Enter [1m[DeferCleanup (Each)][0m [Warp] [38;5;243m- /home/runner/go/pkg/mod/github.com/ava-labs/avalanchego@v1.13.3/tests/fixture/e2e/ginkgo_test_context.go:96 @ 07/28/25 18:57:38.018[0m
2025-07-28T18:57:38.0218180Z   < Exit [1m[DeferCleanup (Each)][0m [Warp] [38;5;243m- /home/runner/go/pkg/mod/github.com/ava-labs/avalanchego@v1.13.3/tests/fixture/e2e/ginkgo_test_context.go:96 @ 07/28/25 18:57:38.018 (0s)[0m
2025-07-28T18:57:38.0219623Z   > Enter [1m[DeferCleanup (Each)][0m [Warp] [38;5;243m- /home/runner/go/pkg/mod/github.com/ava-labs/avalanchego@v1.13.3/tests/fixture/e2e/ginkgo_test_context.go:96 @ 07/28/25 18:57:38.018[0m
2025-07-28T18:57:38.0221067Z   < Exit [1m[DeferCleanup (Each)][0m [Warp] [38;5;243m- /home/runner/go/pkg/mod/github.com/ava-labs/avalanchego@v1.13.3/tests/fixture/e2e/ginkgo_test_context.go:96 @ 07/28/25 18:57:38.018 (0s)[0m
2025-07-28T18:57:38.0222754Z   > Enter [1m[DeferCleanup (Each)][0m [Warp] [38;5;243m- /home/runner/go/pkg/mod/github.com/ava-labs/avalanchego@v1.13.3/tests/fixture/e2e/ginkgo_test_context.go:96 @ 07/28/25 18:57:38.018[0m
2025-07-28T18:57:38.0224201Z   < Exit [1m[DeferCleanup (Each)][0m [Warp] [38;5;243m- /home/runner/go/pkg/mod/github.com/ava-labs/avalanchego@v1.13.3/tests/fixture/e2e/ginkgo_test_context.go:96 @ 07/28/25 18:57:38.018 (0s)[0m
2025-07-28T18:57:38.0225781Z   > Enter [1m[DeferCleanup (Each)][0m [Warp] [38;5;243m- /home/runner/go/pkg/mod/github.com/ava-labs/avalanchego@v1.13.3/tests/fixture/e2e/ginkgo_test_context.go:96 @ 07/28/25 18:57:38.018[0m
2025-07-28T18:57:38.0227217Z   < Exit [1m[DeferCleanup (Each)][0m [Warp] [38;5;243m- /home/runner/go/pkg/mod/github.com/ava-labs/avalanchego@v1.13.3/tests/fixture/e2e/ginkgo_test_context.go:96 @ 07/28/25 18:57:38.018 (0s)[0m
2025-07-28T18:57:38.0228008Z [38;5;10m• [19.286 seconds][0m
2025-07-28T18:57:38.0228373Z [38;5;243m------------------------------[0m
2025-07-28T18:57:38.0228738Z [0m[1m[DeferCleanup (Suite)] [0m
2025-07-28T18:57:38.0229508Z [38;5;243m/home/runner/go/pkg/mod/github.com/ava-labs/avalanchego@v1.13.3/tests/fixture/e2e/ginkgo_test_context.go:96[0m
2025-07-28T18:57:38.0230841Z   > Enter [1m[DeferCleanup (Suite)][0m TOP-LEVEL [38;5;243m- /home/runner/go/pkg/mod/github.com/ava-labs/avalanchego@v1.13.3/tests/fixture/e2e/ginkgo_test_context.go:96 @ 07/28/25 18:57:38.018[0m
2025-07-28T18:57:38.0232524Z   < Exit [1m[DeferCleanup (Suite)][0m TOP-LEVEL [38;5;243m- /home/runner/go/pkg/mod/github.com/ava-labs/avalanchego@v1.13.3/tests/fixture/e2e/ginkgo_test_context.go:96 @ 07/28/25 18:57:38.018 (0s)[0m
2025-07-28T18:57:38.0233702Z [38;5;10m[DeferCleanup (Suite)] PASSED [0.000 seconds][0m
2025-07-28T18:57:38.0234121Z [38;5;243m------------------------------[0m
2025-07-28T18:57:38.0234497Z [0m[1m[DeferCleanup (Suite)] [0m
2025-07-28T18:57:38.0235349Z [38;5;243m/home/runner/go/pkg/mod/github.com/ava-labs/avalanchego@v1.13.3/tests/fixture/e2e/ginkgo_test_context.go:96[0m
2025-07-28T18:57:38.0236666Z   > Enter [1m[DeferCleanup (Suite)][0m TOP-LEVEL [38;5;243m- /home/runner/go/pkg/mod/github.com/ava-labs/avalanchego@v1.13.3/tests/fixture/e2e/ginkgo_test_context.go:96 @ 07/28/25 18:57:38.018[0m
2025-07-28T18:57:38.0238175Z   < Exit [1m[DeferCleanup (Suite)][0m TOP-LEVEL [38;5;243m- /home/runner/go/pkg/mod/github.com/ava-labs/avalanchego@v1.13.3/tests/fixture/e2e/ginkgo_test_context.go:96 @ 07/28/25 18:57:38.018 (0s)[0m
2025-07-28T18:57:38.0239050Z [38;5;10m[DeferCleanup (Suite)] PASSED [0.000 seconds][0m
2025-07-28T18:57:38.0239454Z [38;5;243m------------------------------[0m
2025-07-28T18:57:38.0239927Z [0m[1m[DeferCleanup (Suite)] [0m
2025-07-28T18:57:38.0241085Z [38;5;243m/home/runner/go/pkg/mod/github.com/ava-labs/avalanchego@v1.13.3/tests/fixture/e2e/ginkgo_test_context.go:96[0m
2025-07-28T18:57:38.0242430Z   > Enter [1m[DeferCleanup (Suite)][0m TOP-LEVEL [38;5;243m- /home/runner/go/pkg/mod/github.com/ava-labs/avalanchego@v1.13.3/tests/fixture/e2e/ginkgo_test_context.go:96 @ 07/28/25 18:57:38.018[0m
2025-07-28T18:57:38.0244353Z   < Exit [1m[DeferCleanup (Suite)][0m TOP-LEVEL [38;5;243m- /home/runner/go/pkg/mod/github.com/ava-labs/avalanchego@v1.13.3/tests/fixture/e2e/ginkgo_test_context.go:96 @ 07/28/25 18:57:38.018 (0s)[0m
2025-07-28T18:57:38.0245614Z [38;5;10m[DeferCleanup (Suite)] PASSED [0.000 seconds][0m
2025-07-28T18:57:38.0246203Z [38;5;243m------------------------------[0m
2025-07-28T18:57:38.0246694Z [0m[1m[DeferCleanup (Suite)] [0m
2025-07-28T18:57:38.0247448Z [38;5;243m/home/runner/go/pkg/mod/github.com/ava-labs/avalanchego@v1.13.3/tests/fixture/e2e/ginkgo_test_context.go:96[0m
2025-07-28T18:57:38.0248758Z   > Enter [1m[DeferCleanup (Suite)][0m TOP-LEVEL [38;5;243m- /home/runner/go/pkg/mod/github.com/ava-labs/avalanchego@v1.13.3/tests/fixture/e2e/ginkgo_test_context.go:96 @ 07/28/25 18:57:38.018[0m
2025-07-28T18:57:38.0250453Z   < Exit [1m[DeferCleanup (Suite)][0m TOP-LEVEL [38;5;243m- /home/runner/go/pkg/mod/github.com/ava-labs/avalanchego@v1.13.3/tests/fixture/e2e/ginkgo_test_context.go:96 @ 07/28/25 18:57:38.018 (0s)[0m
2025-07-28T18:57:38.0251351Z [38;5;10m[DeferCleanup (Suite)] PASSED [0.000 seconds][0m
2025-07-28T18:57:38.0251754Z [38;5;243m------------------------------[0m
2025-07-28T18:57:38.0252094Z [0m[1m[DeferCleanup (Suite)] [0m
2025-07-28T18:57:38.0252827Z [38;5;243m/home/runner/go/pkg/mod/github.com/ava-labs/avalanchego@v1.13.3/tests/fixture/e2e/ginkgo_test_context.go:96[0m
2025-07-28T18:57:38.0254143Z   > Enter [1m[DeferCleanup (Suite)][0m TOP-LEVEL [38;5;243m- /home/runner/go/pkg/mod/github.com/ava-labs/avalanchego@v1.13.3/tests/fixture/e2e/ginkgo_test_context.go:96 @ 07/28/25 18:57:38.019[0m
2025-07-28T18:57:38.0255810Z   < Exit [1m[DeferCleanup (Suite)][0m TOP-LEVEL [38;5;243m- /home/runner/go/pkg/mod/github.com/ava-labs/avalanchego@v1.13.3/tests/fixture/e2e/ginkgo_test_context.go:96 @ 07/28/25 18:57:38.019 (0s)[0m
2025-07-28T18:57:38.0256700Z [38;5;10m[DeferCleanup (Suite)] PASSED [0.000 seconds][0m
2025-07-28T18:57:38.0257097Z [38;5;243m------------------------------[0m
2025-07-28T18:57:38.0257432Z [0m[1m[DeferCleanup (Suite)] [0m
2025-07-28T18:57:38.0258155Z [38;5;243m/home/runner/go/pkg/mod/github.com/ava-labs/avalanchego@v1.13.3/tests/fixture/e2e/ginkgo_test_context.go:96[0m
2025-07-28T18:57:38.0259585Z   > Enter [1m[DeferCleanup (Suite)][0m TOP-LEVEL [38;5;243m- /home/runner/go/pkg/mod/github.com/ava-labs/avalanchego@v1.13.3/tests/fixture/e2e/ginkgo_test_context.go:96 @ 07/28/25 18:57:38.019[0m
2025-07-28T18:57:38.0261109Z   < Exit [1m[DeferCleanup (Suite)][0m TOP-LEVEL [38;5;243m- /home/runner/go/pkg/mod/github.com/ava-labs/avalanchego@v1.13.3/tests/fixture/e2e/ginkgo_test_context.go:96 @ 07/28/25 18:57:38.019 (0s)[0m
2025-07-28T18:57:38.0261979Z [38;5;10m[DeferCleanup (Suite)] PASSED [0.000 seconds][0m
2025-07-28T18:57:38.0262374Z [38;5;243m------------------------------[0m
2025-07-28T18:57:38.0262716Z [0m[1m[DeferCleanup (Suite)] [0m
2025-07-28T18:57:38.0263440Z [38;5;243m/home/runner/go/pkg/mod/github.com/ava-labs/avalanchego@v1.13.3/tests/fixture/e2e/ginkgo_test_context.go:96[0m
2025-07-28T18:57:38.0264735Z   > Enter [1m[DeferCleanup (Suite)][0m TOP-LEVEL [38;5;243m- /home/runner/go/pkg/mod/github.com/ava-labs/avalanchego@v1.13.3/tests/fixture/e2e/ginkgo_test_context.go:96 @ 07/28/25 18:57:38.019[0m
2025-07-28T18:57:38.0266345Z   < Exit [1m[DeferCleanup (Suite)][0m TOP-LEVEL [38;5;243m- /home/runner/go/pkg/mod/github.com/ava-labs/avalanchego@v1.13.3/tests/fixture/e2e/ginkgo_test_context.go:96 @ 07/28/25 18:57:38.019 (0s)[0m
2025-07-28T18:57:38.0267222Z [38;5;10m[DeferCleanup (Suite)] PASSED [0.000 seconds][0m
2025-07-28T18:57:38.0267613Z [38;5;243m------------------------------[0m
2025-07-28T18:57:38.0267944Z [0m[1m[DeferCleanup (Suite)] [0m
2025-07-28T18:57:38.0268660Z [38;5;243m/home/runner/go/pkg/mod/github.com/ava-labs/avalanchego@v1.13.3/tests/fixture/e2e/ginkgo_test_context.go:96[0m
2025-07-28T18:57:38.0269961Z   > Enter [1m[DeferCleanup (Suite)][0m TOP-LEVEL [38;5;243m- /home/runner/go/pkg/mod/github.com/ava-labs/avalanchego@v1.13.3/tests/fixture/e2e/ginkgo_test_context.go:96 @ 07/28/25 18:57:38.019[0m
2025-07-28T18:57:38.0271652Z   < Exit [1m[DeferCleanup (Suite)][0m TOP-LEVEL [38;5;243m- /home/runner/go/pkg/mod/github.com/ava-labs/avalanchego@v1.13.3/tests/fixture/e2e/ginkgo_test_context.go:96 @ 07/28/25 18:57:38.019 (0s)[0m
2025-07-28T18:57:38.0272528Z [38;5;10m[DeferCleanup (Suite)] PASSED [0.000 seconds][0m
2025-07-28T18:57:38.0272918Z [38;5;243m------------------------------[0m
2025-07-28T18:57:38.0273251Z [0m[1m[DeferCleanup (Suite)] [0m
2025-07-28T18:57:38.0273968Z [38;5;243m/home/runner/go/pkg/mod/github.com/ava-labs/avalanchego@v1.13.3/tests/fixture/e2e/ginkgo_test_context.go:96[0m
2025-07-28T18:57:38.0275381Z   > Enter [1m[DeferCleanup (Suite)][0m TOP-LEVEL [38;5;243m- /home/runner/go/pkg/mod/github.com/ava-labs/avalanchego@v1.13.3/tests/fixture/e2e/ginkgo_test_context.go:96 @ 07/28/25 18:57:38.019[0m
2025-07-28T18:57:38.0276592Z    [0;0mINFO[0;0m	delaying network shutdown to ensure final metrics scrape	{"delay": "12s"}
2025-07-28T18:57:50.0206344Z    [0;0mINFO[0;0m	shutting down network
2025-07-28T18:57:50.1336702Z   < Exit [1m[DeferCleanup (Suite)][0m TOP-LEVEL [38;5;243m- /home/runner/go/pkg/mod/github.com/ava-labs/avalanchego@v1.13.3/tests/fixture/e2e/ginkgo_test_context.go:96 @ 07/28/25 18:57:50.133 (12.114s)[0m
2025-07-28T18:57:50.1338239Z [38;5;10m[DeferCleanup (Suite)] PASSED [12.114 seconds][0m
2025-07-28T18:57:50.1338990Z [38;5;243m------------------------------[0m
2025-07-28T18:57:50.1339601Z [0m[1m[DeferCleanup (Suite)] [0m
2025-07-28T18:57:50.1340988Z [38;5;243m/home/runner/go/pkg/mod/github.com/ava-labs/avalanchego@v1.13.3/tests/fixture/e2e/ginkgo_test_context.go:96[0m
2025-07-28T18:57:50.1343582Z   > Enter [1m[DeferCleanup (Suite)][0m TOP-LEVEL [38;5;243m- /home/runner/go/pkg/mod/github.com/ava-labs/avalanchego@v1.13.3/tests/fixture/e2e/ginkgo_test_context.go:96 @ 07/28/25 18:57:50.133[0m
2025-07-28T18:57:50.1345905Z   < Exit [1m[DeferCleanup (Suite)][0m TOP-LEVEL [38;5;243m- /home/runner/go/pkg/mod/github.com/ava-labs/avalanchego@v1.13.3/tests/fixture/e2e/ginkgo_test_context.go:96 @ 07/28/25 18:57:50.133 (0s)[0m
2025-07-28T18:57:50.1346897Z [38;5;10m[DeferCleanup (Suite)] PASSED [0.000 seconds][0m
2025-07-28T18:57:50.1347333Z [38;5;243m------------------------------[0m
2025-07-28T18:57:50.1347940Z [0m[1m[DeferCleanup (Suite)] [0m
2025-07-28T18:57:50.1348757Z [38;5;243m/home/runner/go/pkg/mod/github.com/ava-labs/avalanchego@v1.13.3/tests/fixture/e2e/ginkgo_test_context.go:96[0m
2025-07-28T18:57:50.1350125Z   > Enter [1m[DeferCleanup (Suite)][0m TOP-LEVEL [38;5;243m- /home/runner/go/pkg/mod/github.com/ava-labs/avalanchego@v1.13.3/tests/fixture/e2e/ginkgo_test_context.go:96 @ 07/28/25 18:57:50.133[0m
2025-07-28T18:57:50.1351582Z    [0;0mINFO[0;0m	checking if logs exist	{"url": "https://loki-poc.avax-dev.network", "query": "sum(count_over_time({network_uuid=\"28d0d23f-bcb0-46cd-8f92-1ae9a7d42024\"}[1h]))"}
2025-07-28T18:57:50.2151332Z    [0;0mINFO[0;0m	collected count is non-zero	{"type": "logs", "count": 12807}
2025-07-28T18:57:50.2154328Z   < Exit [1m[DeferCleanup (Suite)][0m TOP-LEVEL [38;5;243m- /home/runner/go/pkg/mod/github.com/ava-labs/avalanchego@v1.13.3/tests/fixture/e2e/ginkgo_test_context.go:96 @ 07/28/25 18:57:50.214 (82ms)[0m
2025-07-28T18:57:50.2156712Z [38;5;10m[DeferCleanup (Suite)] PASSED [0.082 seconds][0m
2025-07-28T18:57:50.2157699Z [38;5;243m------------------------------[0m
2025-07-28T18:57:50.2158345Z [0m[1m[DeferCleanup (Suite)] [0m
2025-07-28T18:57:50.2159576Z [38;5;243m/home/runner/go/pkg/mod/github.com/ava-labs/avalanchego@v1.13.3/tests/fixture/e2e/ginkgo_test_context.go:96[0m
2025-07-28T18:57:50.2161155Z   > Enter [1m[DeferCleanup (Suite)][0m TOP-LEVEL [38;5;243m- /home/runner/go/pkg/mod/github.com/ava-labs/avalanchego@v1.13.3/tests/fixture/e2e/ginkgo_test_context.go:96 @ 07/28/25 18:57:50.215[0m
2025-07-28T18:57:50.2162782Z    [0;0mINFO[0;0m	checking if metrics exist	{"url": "https://prometheus-poc.avax-dev.network", "query": "count({network_uuid=\"28d0d23f-bcb0-46cd-8f92-1ae9a7d42024\"})"}
2025-07-28T18:57:50.3113205Z    [0;0mINFO[0;0m	collected count is non-zero	{"type": "metrics", "count": 8871}
2025-07-28T18:57:50.3116589Z   < Exit [1m[DeferCleanup (Suite)][0m TOP-LEVEL [38;5;243m- /home/runner/go/pkg/mod/github.com/ava-labs/avalanchego@v1.13.3/tests/fixture/e2e/ginkgo_test_context.go:96 @ 07/28/25 18:57:50.311 (96ms)[0m
2025-07-28T18:57:50.3117906Z [38;5;10m[DeferCleanup (Suite)] PASSED [0.096 seconds][0m
2025-07-28T18:57:50.3118470Z [38;5;243m------------------------------[0m
2025-07-28T18:57:50.3118944Z [0m[1m[DeferCleanup (Suite)] [0m
2025-07-28T18:57:50.3119953Z [38;5;243m/home/runner/go/pkg/mod/github.com/ava-labs/avalanchego@v1.13.3/tests/fixture/e2e/ginkgo_test_context.go:96[0m
2025-07-28T18:57:50.3122082Z   > Enter [1m[DeferCleanup (Suite)][0m TOP-LEVEL [38;5;243m- /home/runner/go/pkg/mod/github.com/ava-labs/avalanchego@v1.13.3/tests/fixture/e2e/ginkgo_test_context.go:96 @ 07/28/25 18:57:50.311[0m
2025-07-28T18:57:50.3123856Z   < Exit [1m[DeferCleanup (Suite)][0m TOP-LEVEL [38;5;243m- /home/runner/go/pkg/mod/github.com/ava-labs/avalanchego@v1.13.3/tests/fixture/e2e/ginkgo_test_context.go:96 @ 07/28/25 18:57:50.311 (0s)[0m
2025-07-28T18:57:50.3124871Z [38;5;10m[DeferCleanup (Suite)] PASSED [0.000 seconds][0m
2025-07-28T18:57:50.3125590Z [38;5;243m------------------------------[0m
2025-07-28T18:57:50.3125983Z [0m[1m[DeferCleanup (Suite)] [0m
2025-07-28T18:57:50.3126834Z [38;5;243m/home/runner/go/pkg/mod/github.com/ava-labs/avalanchego@v1.13.3/tests/fixture/e2e/ginkgo_test_context.go:96[0m
2025-07-28T18:57:50.3128357Z   > Enter [1m[DeferCleanup (Suite)][0m TOP-LEVEL [38;5;243m- /home/runner/go/pkg/mod/github.com/ava-labs/avalanchego@v1.13.3/tests/fixture/e2e/ginkgo_test_context.go:96 @ 07/28/25 18:57:50.311[0m
2025-07-28T18:57:50.3130115Z   < Exit [1m[DeferCleanup (Suite)][0m TOP-LEVEL [38;5;243m- /home/runner/go/pkg/mod/github.com/ava-labs/avalanchego@v1.13.3/tests/fixture/e2e/ginkgo_test_context.go:96 @ 07/28/25 18:57:50.311 (0s)[0m
2025-07-28T18:57:50.3131121Z [38;5;10m[DeferCleanup (Suite)] PASSED [0.000 seconds][0m
2025-07-28T18:57:50.3131716Z [38;5;243m------------------------------[0m
2025-07-28T18:57:50.3131954Z 
2025-07-28T18:57:50.3132206Z [38;5;10m[1mRan 5 of 5 Specs in 99.610 seconds[0m
2025-07-28T18:57:50.3133109Z [38;5;10m[1mSUCCESS![0m -- [38;5;10m[1m5 Passed[0m | [38;5;9m[1m0 Failed[0m | [38;5;11m[1m0 Pending[0m | [38;5;14m[1m0 Skipped[0m
2025-07-28T18:57:50.3133548Z PASS
2025-07-28T18:57:50.3305127Z 
2025-07-28T18:57:50.3305548Z Ginkgo ran 1 suite in 2m30.327671007s
2025-07-28T18:57:50.3306025Z Test Suite Passed
2025-07-28T18:57:50.3443090Z ##[group]Run actions/upload-artifact@v4
2025-07-28T18:57:50.3443351Z with:
2025-07-28T18:57:50.3443545Z   name: warp-tmpnet-data
2025-07-28T18:57:50.3443949Z   path: ~/.tmpnet/networks
~/.tmpnet/prometheus/prometheus.log
~/.tmpnet/promtail/promtail.log

2025-07-28T18:57:50.3444386Z   if-no-files-found: error
2025-07-28T18:57:50.3444608Z   compression-level: 6
2025-07-28T18:57:50.3444812Z   overwrite: false
2025-07-28T18:57:50.3445275Z   include-hidden-files: false
2025-07-28T18:57:50.3445499Z env:
2025-07-28T18:57:50.3445680Z   TMPDIR: /home/runner/work/_temp
2025-07-28T18:57:50.3445908Z ##[endgroup]
2025-07-28T18:57:50.5749586Z Multiple search paths detected. Calculating the least common ancestor of all paths
2025-07-28T18:57:50.5752402Z The least common ancestor is /home/runner/.tmpnet. This will be the root directory of the artifact
2025-07-28T18:57:50.5753525Z With the provided path, there will be 65 files uploaded
2025-07-28T18:57:50.5758369Z Artifact name is valid!
2025-07-28T18:57:50.5759464Z Root directory input is valid!
2025-07-28T18:57:50.6927469Z Beginning upload of artifact content to blob storage
2025-07-28T18:57:50.9387643Z Uploaded bytes 758885
2025-07-28T18:57:50.9579270Z Finished uploading artifact content to blob storage!
2025-07-28T18:57:50.9582535Z SHA256 digest of uploaded artifact zip is 3a1f0975a61acbba002b15164af5da5b0d28c35723254e4bf03ba1c79d3424fd
2025-07-28T18:57:50.9584073Z Finalizing artifact upload
2025-07-28T18:57:51.0440243Z Artifact warp-tmpnet-data.zip successfully finalized. Artifact ID 3632467285
2025-07-28T18:57:51.0441724Z Artifact warp-tmpnet-data has been successfully uploaded! Final size is 758885 bytes. Artifact ID is 3632467285
2025-07-28T18:57:51.0448670Z Artifact download URL: https://github.com/ava-labs/subnet-evm/actions/runs/16577648665/artifacts/3632467285
2025-07-28T18:57:51.0589427Z Post job cleanup.
2025-07-28T18:57:51.2273096Z Post job cleanup.
2025-07-28T18:57:51.3896580Z [command]/opt/hostedtoolcache/go/1.23.9/x64/bin/go env GOMODCACHE
2025-07-28T18:57:51.3937131Z [command]/opt/hostedtoolcache/go/1.23.9/x64/bin/go env GOCACHE
2025-07-28T18:57:51.3964699Z /home/runner/go/pkg/mod
2025-07-28T18:57:51.3993683Z /home/runner/.cache/go-build
2025-07-28T18:57:51.4000599Z Cache hit occurred on the primary key setup-go-Linux-x64-ubuntu24-go-1.23.9-1292029a45a2d5c75b177aaf45b3bd6bedea8fdfbf70511d33c49ad36e0e7f82, not saving cache.
2025-07-28T18:57:51.4099855Z Post job cleanup.
2025-07-28T18:57:51.5029298Z [command]/usr/bin/git version
2025-07-28T18:57:51.5064041Z git version 2.50.1
2025-07-28T18:57:51.5112934Z Temporarily overriding HOME='/home/runner/work/_temp/abae32fa-16e3-4a0c-992c-628eab769000' before making global git config changes
2025-07-28T18:57:51.5114498Z Adding repository directory to the temporary git global config as a safe directory
2025-07-28T18:57:51.5119205Z [command]/usr/bin/git config --global --add safe.directory /home/runner/work/subnet-evm/subnet-evm
2025-07-28T18:57:51.5151877Z [command]/usr/bin/git config --local --name-only --get-regexp core\.sshCommand
2025-07-28T18:57:51.5184092Z [command]/usr/bin/git submodule foreach --recursive sh -c "git config --local --name-only --get-regexp 'core\.sshCommand' && git config --local --unset-all 'core.sshCommand' || :"
2025-07-28T18:57:51.5410814Z [command]/usr/bin/git config --local --name-only --get-regexp http\.https\:\/\/github\.com\/\.extraheader
2025-07-28T18:57:51.5432971Z http.https://github.com/.extraheader
2025-07-28T18:57:51.5446032Z [command]/usr/bin/git config --local --unset-all http.https://github.com/.extraheader
2025-07-28T18:57:51.5477668Z [command]/usr/bin/git submodule foreach --recursive sh -c "git config --local --name-only --get-regexp 'http\.https\:\/\/github\.com\/\.extraheader' && git config --local --unset-all 'http.https://github.com/.extraheader' || :"
2025-07-28T18:57:51.5792940Z Cleaning up orphan processes
2025-07-28T18:57:51.6135725Z Terminate orphan process: pid (18278) (prometheus)
2025-07-28T18:57:51.6182834Z Terminate orphan process: pid (18288) (.promtail-wrapp)
