2025-07-28T18:52:46.0788329Z Current runner version: '2.326.0'
2025-07-28T18:52:46.0812681Z ##[group]Runner Image Provisioner
2025-07-28T18:52:46.0813830Z Hosted Compute Agent
2025-07-28T18:52:46.0814487Z Version: 20250711.363
2025-07-28T18:52:46.0815211Z Commit: 6785254374ce925a23743850c1cb91912ce5c14c
2025-07-28T18:52:46.0815981Z Build Date: 2025-07-11T20:04:25Z
2025-07-28T18:52:46.0816575Z ##[endgroup]
2025-07-28T18:52:46.0817233Z ##[group]Operating System
2025-07-28T18:52:46.0817806Z Ubuntu
2025-07-28T18:52:46.0818328Z 24.04.2
2025-07-28T18:52:46.0818834Z LTS
2025-07-28T18:52:46.0819439Z ##[endgroup]
2025-07-28T18:52:46.0819936Z ##[group]Runner Image
2025-07-28T18:52:46.0820604Z Image: ubuntu-24.04
2025-07-28T18:52:46.0821181Z Version: 20250720.1.0
2025-07-28T18:52:46.0822191Z Included Software: https://github.com/actions/runner-images/blob/ubuntu24/20250720.1/images/ubuntu/Ubuntu2404-Readme.md
2025-07-28T18:52:46.0823951Z Image Release: https://github.com/actions/runner-images/releases/tag/ubuntu24%2F20250720.1
2025-07-28T18:52:46.0824968Z ##[endgroup]
2025-07-28T18:52:46.0827432Z ##[group]GITHUB_TOKEN Permissions
2025-07-28T18:52:46.0829603Z Actions: write
2025-07-28T18:52:46.0830283Z Attestations: write
2025-07-28T18:52:46.0830846Z Checks: write
2025-07-28T18:52:46.0831402Z Contents: write
2025-07-28T18:52:46.0831928Z Deployments: write
2025-07-28T18:52:46.0832577Z Discussions: write
2025-07-28T18:52:46.0833166Z Issues: write
2025-07-28T18:52:46.0833864Z Metadata: read
2025-07-28T18:52:46.0834429Z Models: read
2025-07-28T18:52:46.0834946Z Packages: write
2025-07-28T18:52:46.0835476Z Pages: write
2025-07-28T18:52:46.0836076Z PullRequests: write
2025-07-28T18:52:46.0836675Z RepositoryProjects: write
2025-07-28T18:52:46.0837237Z SecurityEvents: write
2025-07-28T18:52:46.0838110Z Statuses: write
2025-07-28T18:52:46.0838613Z ##[endgroup]
2025-07-28T18:52:46.0840729Z Secret source: Actions
2025-07-28T18:52:46.0841503Z Prepare workflow directory
2025-07-28T18:52:46.1168551Z Prepare all required actions
2025-07-28T18:52:46.1208223Z Getting action download info
2025-07-28T18:52:46.5979570Z ##[group]Download immutable action package 'actions/checkout@v4'
2025-07-28T18:52:46.5980680Z Version: 4.2.2
2025-07-28T18:52:46.5981748Z Digest: sha256:ccb2698953eaebd21c7bf6268a94f9c26518a7e38e27e0b83c1fe1ad049819b1
2025-07-28T18:52:46.5983037Z Source commit SHA: 11bd71901bbe5b1630ceea73d27597364c9af683
2025-07-28T18:52:46.5984114Z ##[endgroup]
2025-07-28T18:52:46.7000626Z ##[group]Download immutable action package 'actions/setup-go@v5'
2025-07-28T18:52:46.7001460Z Version: 5.5.0
2025-07-28T18:52:46.7002276Z Digest: sha256:f5eeb2233d0c6714b5236de9b44ad0b935014e15eeab3c28d73dc44c1c641ebb
2025-07-28T18:52:46.7003631Z Source commit SHA: d35c59abb061a4a6fb18e82ac0862c26744d6ab5
2025-07-28T18:52:46.7004412Z ##[endgroup]
2025-07-28T18:52:47.0892953Z Complete job name: Golang Unit Tests (ubuntu-latest)
2025-07-28T18:52:47.1598459Z ##[group]Run actions/checkout@v4
2025-07-28T18:52:47.1599361Z with:
2025-07-28T18:52:47.1599822Z   repository: ava-labs/subnet-evm
2025-07-28T18:52:47.1600557Z   token: ***
2025-07-28T18:52:47.1601008Z   ssh-strict: true
2025-07-28T18:52:47.1601463Z   ssh-user: git
2025-07-28T18:52:47.1601926Z   persist-credentials: true
2025-07-28T18:52:47.1602433Z   clean: true
2025-07-28T18:52:47.1602887Z   sparse-checkout-cone-mode: true
2025-07-28T18:52:47.1603652Z   fetch-depth: 1
2025-07-28T18:52:47.1604103Z   fetch-tags: false
2025-07-28T18:52:47.1604567Z   show-progress: true
2025-07-28T18:52:47.1605020Z   lfs: false
2025-07-28T18:52:47.1605432Z   submodules: false
2025-07-28T18:52:47.1605883Z   set-safe-directory: true
2025-07-28T18:52:47.1606850Z ##[endgroup]
2025-07-28T18:52:47.2671168Z Syncing repository: ava-labs/subnet-evm
2025-07-28T18:52:47.2673077Z ##[group]Getting Git version info
2025-07-28T18:52:47.2674079Z Working directory is '/home/runner/work/subnet-evm/subnet-evm'
2025-07-28T18:52:47.2675251Z [command]/usr/bin/git version
2025-07-28T18:52:47.2755600Z git version 2.50.1
2025-07-28T18:52:47.2781422Z ##[endgroup]
2025-07-28T18:52:47.2796258Z Temporarily overriding HOME='/home/runner/work/_temp/795c2133-d4e1-4708-9fb8-a57480e2f65c' before making global git config changes
2025-07-28T18:52:47.2797729Z Adding repository directory to the temporary git global config as a safe directory
2025-07-28T18:52:47.2801649Z [command]/usr/bin/git config --global --add safe.directory /home/runner/work/subnet-evm/subnet-evm
2025-07-28T18:52:47.2837021Z Deleting the contents of '/home/runner/work/subnet-evm/subnet-evm'
2025-07-28T18:52:47.2840830Z ##[group]Initializing the repository
2025-07-28T18:52:47.2844772Z [command]/usr/bin/git init /home/runner/work/subnet-evm/subnet-evm
2025-07-28T18:52:47.2908215Z hint: Using 'master' as the name for the initial branch. This default branch name
2025-07-28T18:52:47.2909378Z hint: is subject to change. To configure the initial branch name to use in all
2025-07-28T18:52:47.2910385Z hint: of your new repositories, which will suppress this warning, call:
2025-07-28T18:52:47.2911183Z hint:
2025-07-28T18:52:47.2912039Z hint: 	git config --global init.defaultBranch <name>
2025-07-28T18:52:47.2912902Z hint:
2025-07-28T18:52:47.2913686Z hint: Names commonly chosen instead of 'master' are 'main', 'trunk' and
2025-07-28T18:52:47.2914692Z hint: 'development'. The just-created branch can be renamed via this command:
2025-07-28T18:52:47.2915488Z hint:
2025-07-28T18:52:47.2915907Z hint: 	git branch -m <name>
2025-07-28T18:52:47.2916398Z hint:
2025-07-28T18:52:47.2917182Z hint: Disable this message with "git config set advice.defaultBranchName false"
2025-07-28T18:52:47.2918427Z Initialized empty Git repository in /home/runner/work/subnet-evm/subnet-evm/.git/
2025-07-28T18:52:47.2922917Z [command]/usr/bin/git remote add origin https://github.com/ava-labs/subnet-evm
2025-07-28T18:52:47.2955457Z ##[endgroup]
2025-07-28T18:52:47.2956256Z ##[group]Disabling automatic garbage collection
2025-07-28T18:52:47.2959471Z [command]/usr/bin/git config --local gc.auto 0
2025-07-28T18:52:47.2987220Z ##[endgroup]
2025-07-28T18:52:47.2987937Z ##[group]Setting up auth
2025-07-28T18:52:47.2994178Z [command]/usr/bin/git config --local --name-only --get-regexp core\.sshCommand
2025-07-28T18:52:47.3022981Z [command]/usr/bin/git submodule foreach --recursive sh -c "git config --local --name-only --get-regexp 'core\.sshCommand' && git config --local --unset-all 'core.sshCommand' || :"
2025-07-28T18:52:47.3336627Z [command]/usr/bin/git config --local --name-only --get-regexp http\.https\:\/\/github\.com\/\.extraheader
2025-07-28T18:52:47.3367353Z [command]/usr/bin/git submodule foreach --recursive sh -c "git config --local --name-only --get-regexp 'http\.https\:\/\/github\.com\/\.extraheader' && git config --local --unset-all 'http.https://github.com/.extraheader' || :"
2025-07-28T18:52:47.3587208Z [command]/usr/bin/git config --local http.https://github.com/.extraheader AUTHORIZATION: basic ***
2025-07-28T18:52:47.3623936Z ##[endgroup]
2025-07-28T18:52:47.3625554Z ##[group]Fetching the repository
2025-07-28T18:52:47.3634163Z [command]/usr/bin/git -c protocol.version=2 fetch --no-tags --prune --no-recurse-submodules --depth=1 origin +740f5ebbe5df6a0c1d20e5e4bc958b48e1ed9c6b:refs/remotes/pull/1654/merge
2025-07-28T18:52:47.9168020Z From https://github.com/ava-labs/subnet-evm
2025-07-28T18:52:47.9170888Z  * [new ref]         740f5ebbe5df6a0c1d20e5e4bc958b48e1ed9c6b -> pull/1654/merge
2025-07-28T18:52:47.9195373Z ##[endgroup]
2025-07-28T18:52:47.9197235Z ##[group]Determining the checkout info
2025-07-28T18:52:47.9199240Z ##[endgroup]
2025-07-28T18:52:47.9203201Z [command]/usr/bin/git sparse-checkout disable
2025-07-28T18:52:47.9242297Z [command]/usr/bin/git config --local --unset-all extensions.worktreeConfig
2025-07-28T18:52:47.9271204Z ##[group]Checking out the ref
2025-07-28T18:52:47.9274759Z [command]/usr/bin/git checkout --progress --force refs/remotes/pull/1654/merge
2025-07-28T18:52:48.0045136Z Note: switching to 'refs/remotes/pull/1654/merge'.
2025-07-28T18:52:48.0046304Z 
2025-07-28T18:52:48.0047204Z You are in 'detached HEAD' state. You can look around, make experimental
2025-07-28T18:52:48.0050077Z changes and commit them, and you can discard any commits you make in this
2025-07-28T18:52:48.0052296Z state without impacting any branches by switching back to a branch.
2025-07-28T18:52:48.0053262Z 
2025-07-28T18:52:48.0054124Z If you want to create a new branch to retain commits you create, you may
2025-07-28T18:52:48.0055657Z do so (now or later) by using -c with the switch command. Example:
2025-07-28T18:52:48.0056932Z 
2025-07-28T18:52:48.0057289Z   git switch -c <new-branch-name>
2025-07-28T18:52:48.0057900Z 
2025-07-28T18:52:48.0058227Z Or undo this operation with:
2025-07-28T18:52:48.0058768Z 
2025-07-28T18:52:48.0059058Z   git switch -
2025-07-28T18:52:48.0059471Z 
2025-07-28T18:52:48.0060377Z Turn off this advice by setting config variable advice.detachedHead to false
2025-07-28T18:52:48.0061622Z 
2025-07-28T18:52:48.0062949Z HEAD is now at 740f5eb Merge e1a4ff2d2cc8219c93ebdfb69d7e196c62a8e3f0 into ff0ca07559e5a5dd2dfb421f4d7c66f4c4ee4046
2025-07-28T18:52:48.0067268Z ##[endgroup]
2025-07-28T18:52:48.0097214Z [command]/usr/bin/git log -1 --format=%H
2025-07-28T18:52:48.0119420Z 740f5ebbe5df6a0c1d20e5e4bc958b48e1ed9c6b
2025-07-28T18:52:48.0415924Z ##[group]Run actions/setup-go@v5
2025-07-28T18:52:48.0417070Z with:
2025-07-28T18:52:48.0417886Z   go-version-file: go.mod
2025-07-28T18:52:48.0418882Z   check-latest: false
2025-07-28T18:52:48.0420222Z   token: ***
2025-07-28T18:52:48.0421061Z   cache: true
2025-07-28T18:52:48.0421904Z ##[endgroup]
2025-07-28T18:52:48.2057767Z Setup go version spec 1.23.9
2025-07-28T18:52:48.2070310Z Attempting to download 1.23.9...
2025-07-28T18:52:48.8073967Z matching 1.23.9...
2025-07-28T18:52:48.8115037Z Acquiring 1.23.9 from https://github.com/actions/go-versions/releases/download/1.23.9-14875265214/go-1.23.9-linux-x64.tar.gz
2025-07-28T18:52:49.4363268Z Extracting Go...
2025-07-28T18:52:49.4471032Z [command]/usr/bin/tar xz --warning=no-unknown-keyword --overwrite -C /home/runner/work/_temp/104b8b4f-db31-4b2f-b08d-1edf6d09c2da -f /home/runner/work/_temp/6803c432-62dc-4178-a0da-0537f92f2a80
2025-07-28T18:52:51.1052103Z Successfully extracted go to /home/runner/work/_temp/104b8b4f-db31-4b2f-b08d-1edf6d09c2da
2025-07-28T18:52:51.1053276Z Adding to the cache ...
2025-07-28T18:52:55.4328531Z Successfully cached go to /opt/hostedtoolcache/go/1.23.9/x64
2025-07-28T18:52:55.4329877Z Added go to the path
2025-07-28T18:52:55.4332990Z Successfully set up Go version 1.23.9
2025-07-28T18:52:55.4540519Z [command]/opt/hostedtoolcache/go/1.23.9/x64/bin/go env GOMODCACHE
2025-07-28T18:52:55.4571025Z [command]/opt/hostedtoolcache/go/1.23.9/x64/bin/go env GOCACHE
2025-07-28T18:52:55.4602936Z /home/runner/go/pkg/mod
2025-07-28T18:52:55.4616339Z /home/runner/.cache/go-build
2025-07-28T18:52:55.7335266Z Cache hit for: setup-go-Linux-x64-ubuntu24-go-1.23.9-1292029a45a2d5c75b177aaf45b3bd6bedea8fdfbf70511d33c49ad36e0e7f82
2025-07-28T18:52:57.0376648Z Received 4194304 of 44536687 (9.4%), 4.0 MBs/sec
2025-07-28T18:52:57.4874196Z Received 44536687 of 44536687 (100.0%), 29.3 MBs/sec
2025-07-28T18:52:57.4874886Z Cache Size: ~42 MB (44536687 B)
2025-07-28T18:52:57.4906429Z [command]/usr/bin/tar -xf /home/runner/work/_temp/eaab9373-e446-4071-a17d-e351994a0cba/cache.tzst -P -C /home/runner/work/subnet-evm/subnet-evm --use-compress-program unzstd
2025-07-28T18:52:57.9615586Z Cache restored successfully
2025-07-28T18:52:57.9706024Z Cache restored from key: setup-go-Linux-x64-ubuntu24-go-1.23.9-1292029a45a2d5c75b177aaf45b3bd6bedea8fdfbf70511d33c49ad36e0e7f82
2025-07-28T18:52:57.9728803Z go version go1.23.9 linux/amd64
2025-07-28T18:52:57.9729005Z 
2025-07-28T18:52:57.9729276Z ##[group]go env
2025-07-28T18:52:57.9844395Z GO111MODULE=''
2025-07-28T18:52:57.9844817Z GOARCH='amd64'
2025-07-28T18:52:57.9845156Z GOBIN=''
2025-07-28T18:52:57.9845524Z GOCACHE='/home/runner/.cache/go-build'
2025-07-28T18:52:57.9846007Z GOENV='/home/runner/.config/go/env'
2025-07-28T18:52:57.9846388Z GOEXE=''
2025-07-28T18:52:57.9846681Z GOEXPERIMENT=''
2025-07-28T18:52:57.9846978Z GOFLAGS=''
2025-07-28T18:52:57.9847613Z GOHOSTARCH='amd64'
2025-07-28T18:52:57.9847996Z GOHOSTOS='linux'
2025-07-28T18:52:57.9848340Z GOINSECURE=''
2025-07-28T18:52:57.9848686Z GOMODCACHE='/home/runner/go/pkg/mod'
2025-07-28T18:52:57.9849072Z GONOPROXY=''
2025-07-28T18:52:57.9849350Z GONOSUMDB=''
2025-07-28T18:52:57.9849610Z GOOS='linux'
2025-07-28T18:52:57.9849903Z GOPATH='/home/runner/go'
2025-07-28T18:52:57.9850231Z GOPRIVATE=''
2025-07-28T18:52:57.9850821Z GOPROXY='https://proxy.golang.org,direct'
2025-07-28T18:52:57.9851321Z GOROOT='/opt/hostedtoolcache/go/1.23.9/x64'
2025-07-28T18:52:57.9851760Z GOSUMDB='sum.golang.org'
2025-07-28T18:52:57.9852091Z GOTMPDIR=''
2025-07-28T18:52:57.9852387Z GOTOOLCHAIN='auto'
2025-07-28T18:52:57.9852887Z GOTOOLDIR='/opt/hostedtoolcache/go/1.23.9/x64/pkg/tool/linux_amd64'
2025-07-28T18:52:57.9853603Z GOVCS=''
2025-07-28T18:52:57.9853878Z GOVERSION='go1.23.9'
2025-07-28T18:52:57.9854179Z GODEBUG=''
2025-07-28T18:52:57.9854455Z GOTELEMETRY='local'
2025-07-28T18:52:57.9854861Z GOTELEMETRYDIR='/home/runner/.config/go/telemetry'
2025-07-28T18:52:57.9855323Z GCCGO='gccgo'
2025-07-28T18:52:57.9855596Z GOAMD64='v1'
2025-07-28T18:52:57.9855857Z AR='ar'
2025-07-28T18:52:57.9856398Z CC='gcc'
2025-07-28T18:52:57.9856675Z CXX='g++'
2025-07-28T18:52:57.9856942Z CGO_ENABLED='1'
2025-07-28T18:52:57.9857349Z GOMOD='/home/runner/work/subnet-evm/subnet-evm/go.mod'
2025-07-28T18:52:57.9857809Z GOWORK=''
2025-07-28T18:52:57.9858094Z CGO_CFLAGS='-O2 -g'
2025-07-28T18:52:57.9858406Z CGO_CPPFLAGS=''
2025-07-28T18:52:57.9858712Z CGO_CXXFLAGS='-O2 -g'
2025-07-28T18:52:57.9859034Z CGO_FFLAGS='-O2 -g'
2025-07-28T18:52:57.9859419Z CGO_LDFLAGS='-O2 -g'
2025-07-28T18:52:57.9859754Z PKG_CONFIG='pkg-config'
2025-07-28T18:52:57.9860761Z GOGCCFLAGS='-fPIC -m64 -pthread -Wl,--no-gc-sections -fmessage-length=0 -ffile-prefix-map=/tmp/go-build4106834257=/tmp/go-build -gno-record-gcc-switches'
2025-07-28T18:52:57.9861594Z 
2025-07-28T18:52:57.9862030Z ##[endgroup]
2025-07-28T18:52:58.0099240Z ##[group]Run go mod download
2025-07-28T18:52:58.0099597Z [36;1mgo mod download[0m
2025-07-28T18:52:58.0133624Z shell: /usr/bin/bash -e {0}
2025-07-28T18:52:58.0133897Z ##[endgroup]
2025-07-28T18:53:06.3502531Z ##[group]Run ./scripts/run_task.sh check-generate-codec
2025-07-28T18:53:06.3502959Z [36;1m./scripts/run_task.sh check-generate-codec[0m
2025-07-28T18:53:06.3531048Z shell: /usr/bin/bash -e {0}
2025-07-28T18:53:06.3531297Z ##[endgroup]
2025-07-28T18:53:07.5258776Z task: [generate-codec] grep -lr -E '^// Code generated by github\.com\/fjl\/gencodec\. DO NOT EDIT\.$' . | xargs -r rm
2025-07-28T18:53:07.5459478Z task: [generate-codec] go generate -run "github.com/fjl/gencodec" ./...
2025-07-28T18:53:58.2003112Z task: [check-clean-branch] git add --all
2025-07-28T18:53:58.2092022Z task: [check-clean-branch] git update-index --really-refresh >> /dev/null
2025-07-28T18:53:58.2153684Z task: [check-clean-branch] git status --short
2025-07-28T18:53:58.2239246Z task: [check-clean-branch] git diff-index --quiet HEAD
2025-07-28T18:53:58.2380855Z ##[group]Run ./scripts/run_task.sh check-generate-mocks
2025-07-28T18:53:58.2381282Z [36;1m./scripts/run_task.sh check-generate-mocks[0m
2025-07-28T18:53:58.2409564Z shell: /usr/bin/bash -e {0}
2025-07-28T18:53:58.2409807Z ##[endgroup]
2025-07-28T18:53:58.6587171Z task: [generate-mocks] grep -lr -E '^// Code generated by MockGen\. DO NOT EDIT\.$' . | xargs -r rm
2025-07-28T18:53:58.6741249Z task: [generate-mocks] go generate -run "go.uber.org/mock/mockgen" ./...
2025-07-28T18:54:14.6408460Z task: [check-clean-branch] git add --all
2025-07-28T18:54:14.6494798Z task: [check-clean-branch] git update-index --really-refresh >> /dev/null
2025-07-28T18:54:14.6548595Z task: [check-clean-branch] git status --short
2025-07-28T18:54:14.6638123Z task: [check-clean-branch] git diff-index --quiet HEAD
2025-07-28T18:54:14.6790176Z ##[group]Run ./scripts/run_task.sh build
2025-07-28T18:54:14.6790720Z [36;1m./scripts/run_task.sh build[0m
2025-07-28T18:54:14.6831205Z shell: /usr/bin/bash -e {0}
2025-07-28T18:54:14.6831607Z ##[endgroup]
2025-07-28T18:54:15.6848466Z task: [build] ./scripts/build.sh
2025-07-28T18:54:15.7079178Z Using branch: 740f5eb
2025-07-28T18:54:15.7080095Z Building Subnet EVM @ GitCommit: 740f5ebbe5df6a0c1d20e5e4bc958b48e1ed9c6b at /home/runner/.avalanchego/plugins/srEXiWaHuhNyGwPUi444Tu47ZEDwxTWrbQiuD7FmgSAQ6X7Dy
2025-07-28T18:55:14.3787713Z ##[group]Run ./scripts/run_task.sh build-test
2025-07-28T18:55:14.3788059Z [36;1m./scripts/run_task.sh build-test[0m
2025-07-28T18:55:14.3815531Z shell: /usr/bin/bash -e {0}
2025-07-28T18:55:14.3815759Z env:
2025-07-28T18:55:14.3815922Z   TIMEOUT: 
2025-07-28T18:55:14.3816085Z ##[endgroup]
2025-07-28T18:55:14.9054970Z task: [build-test] ./scripts/build_test.sh
2025-07-28T18:55:14.9288316Z Using branch: 740f5eb
2025-07-28T18:55:38.5426617Z ok  	github.com/ava-labs/subnet-evm/accounts/abi	1.252s	coverage: 89.4% of statements
2025-07-28T18:57:06.4718930Z ok  	github.com/ava-labs/subnet-evm/accounts/abi/bind	37.836s	coverage: 62.7% of statements
2025-07-28T18:57:07.2121712Z 	github.com/ava-labs/subnet-evm/accounts/abi/bind/backends		coverage: 0.0% of statements
2025-07-28T18:57:15.3218795Z 	github.com/ava-labs/subnet-evm/cmd/evm/internal/compiler		coverage: 0.0% of statements
2025-07-28T18:57:15.3321119Z 	github.com/ava-labs/subnet-evm/cmd/evm/internal/t8ntool		coverage: 0.0% of statements
2025-07-28T18:57:15.5062709Z 	github.com/ava-labs/subnet-evm/cmd/simulator/config		coverage: 0.0% of statements
2025-07-28T18:57:15.5069228Z 	github.com/ava-labs/subnet-evm/cmd/precompilegen		coverage: 0.0% of statements
2025-07-28T18:57:15.6395425Z 	github.com/ava-labs/subnet-evm/cmd/simulator/key		coverage: 0.0% of statements
2025-07-28T18:57:15.8269916Z -test.shuffle 1753729027244154548
2025-07-28T18:57:15.8274624Z --- FAIL: TestPrecompileBind (8.56s)
2025-07-28T18:57:15.8279453Z     precompile_bind_test.go:708: failed to run binding test: exit status 1
2025-07-28T18:57:15.8284521Z         # precompilebindtest/HelloWorld [precompilebindtest/HelloWorld.test]
2025-07-28T18:57:15.8324030Z ##[error]        HelloWorld/helloworld_test.go:26:30: undefined: precompiletest.NewTestStateDB
2025-07-28T18:57:15.8338233Z         === RUN   TestVerify
2025-07-28T18:57:15.8338817Z         === RUN   TestVerify/valid_config
2025-07-28T18:57:15.8339415Z         --- PASS: TestVerify (0.00s)
2025-07-28T18:57:15.8340186Z             --- PASS: TestVerify/valid_config (0.00s)
2025-07-28T18:57:15.8340754Z         === RUN   TestEqual
2025-07-28T18:57:15.8341382Z         === RUN   TestEqual/non-nil_config_and_nil_other
2025-07-28T18:57:15.8342037Z         === RUN   TestEqual/different_type
2025-07-28T18:57:15.8342678Z         === RUN   TestEqual/different_timestamp
2025-07-28T18:57:15.8343286Z         === RUN   TestEqual/same_config
2025-07-28T18:57:15.8344058Z         --- PASS: TestEqual (0.00s)
2025-07-28T18:57:15.8344926Z             --- PASS: TestEqual/non-nil_config_and_nil_other (0.00s)
2025-07-28T18:57:15.8345767Z             --- PASS: TestEqual/different_type (0.00s)
2025-07-28T18:57:15.8346590Z             --- PASS: TestEqual/different_timestamp (0.00s)
2025-07-28T18:57:15.8347379Z             --- PASS: TestEqual/same_config (0.00s)
2025-07-28T18:57:15.8348026Z         === RUN   TestDeeplyNestedArrayRun
2025-07-28T18:57:15.8349112Z         === RUN   TestDeeplyNestedArrayRun/insufficient_gas_for_retrieveDeepArray_should_fail
2025-07-28T18:57:15.8350331Z         === RUN   TestDeeplyNestedArrayRun/readOnly_storeDeepUintArray_should_fail
2025-07-28T18:57:15.8351619Z         === RUN   TestDeeplyNestedArrayRun/insufficient_gas_for_storeDeepUintArray_should_fail
2025-07-28T18:57:15.8352590Z         --- PASS: TestDeeplyNestedArrayRun (0.00s)
2025-07-28T18:57:15.8354176Z             --- PASS: TestDeeplyNestedArrayRun/insufficient_gas_for_retrieveDeepArray_should_fail (0.00s)
2025-07-28T18:57:15.8357016Z             --- PASS: TestDeeplyNestedArrayRun/readOnly_storeDeepUintArray_should_fail (0.00s)
2025-07-28T18:57:15.8358637Z             --- PASS: TestDeeplyNestedArrayRun/insufficient_gas_for_storeDeepUintArray_should_fail (0.00s)
2025-07-28T18:57:15.8360333Z         === RUN   TestDeeplyNestedArray
2025-07-28T18:57:15.8360977Z         --- PASS: TestDeeplyNestedArray (0.00s)
2025-07-28T18:57:15.8361481Z         PASS
2025-07-28T18:57:15.8362065Z         ok  	precompilebindtest/DeeplyNestedArray	0.053s
2025-07-28T18:57:15.8363188Z         FAIL	precompilebindtest/HelloWorld [build failed]
2025-07-28T18:57:15.8364107Z         === RUN   TestVerify
2025-07-28T18:57:15.8364673Z         === RUN   TestVerify/valid_config
2025-07-28T18:57:15.8365270Z         --- PASS: TestVerify (0.00s)
2025-07-28T18:57:15.8366011Z             --- PASS: TestVerify/valid_config (0.00s)
2025-07-28T18:57:15.8366588Z         === RUN   TestEqual
2025-07-28T18:57:15.8367126Z         === RUN   TestEqual/different_type
2025-07-28T18:57:15.8367767Z         === RUN   TestEqual/different_timestamp
2025-07-28T18:57:15.8368364Z         === RUN   TestEqual/same_config
2025-07-28T18:57:15.8369044Z         === RUN   TestEqual/non-nil_config_and_nil_other
2025-07-28T18:57:15.8369675Z         --- PASS: TestEqual (0.00s)
2025-07-28T18:57:15.8370400Z             --- PASS: TestEqual/different_type (0.00s)
2025-07-28T18:57:15.8371234Z             --- PASS: TestEqual/different_timestamp (0.00s)
2025-07-28T18:57:15.8371990Z             --- PASS: TestEqual/same_config (0.00s)
2025-07-28T18:57:15.8372916Z             --- PASS: TestEqual/non-nil_config_and_nil_other (0.00s)
2025-07-28T18:57:15.8373783Z         === RUN   TestFallbackRun
2025-07-28T18:57:15.8374669Z         === RUN   TestFallbackRun/insufficient_gas_for_testFunction_should_fail
2025-07-28T18:57:15.8375691Z         === RUN   TestFallbackRun/insufficient_gas_for_fallback_should_fail
2025-07-28T18:57:15.8376583Z         === RUN   TestFallbackRun/readOnly_fallback_should_fail
2025-07-28T18:57:15.8377352Z         === RUN   TestFallbackRun/fallback_should_succeed
2025-07-28T18:57:15.8378178Z         === RUN   TestFallbackRun/readOnly_testFunction_should_fail
2025-07-28T18:57:15.8378890Z         --- PASS: TestFallbackRun (0.01s)
2025-07-28T18:57:15.8380070Z             --- PASS: TestFallbackRun/insufficient_gas_for_testFunction_should_fail (0.00s)
2025-07-28T18:57:15.8381418Z             --- PASS: TestFallbackRun/insufficient_gas_for_fallback_should_fail (0.00s)
2025-07-28T18:57:15.8382599Z             --- PASS: TestFallbackRun/readOnly_fallback_should_fail (0.00s)
2025-07-28T18:57:15.8383832Z             --- PASS: TestFallbackRun/fallback_should_succeed (0.00s)
2025-07-28T18:57:15.8384968Z             --- PASS: TestFallbackRun/readOnly_testFunction_should_fail (0.00s)
2025-07-28T18:57:15.8385695Z         === RUN   TestFallback
2025-07-28T18:57:15.8386233Z         --- PASS: TestFallback (0.00s)
2025-07-28T18:57:15.8386710Z         PASS
2025-07-28T18:57:15.8387265Z         ok  	precompilebindtest/Fallback	0.147s
2025-07-28T18:57:15.8387826Z         === RUN   TestVerify
2025-07-28T18:57:15.8388372Z         === RUN   TestVerify/valid_config
2025-07-28T18:57:15.8389018Z         --- PASS: TestVerify (0.00s)
2025-07-28T18:57:15.8389800Z             --- PASS: TestVerify/valid_config (0.00s)
2025-07-28T18:57:15.8390386Z         === RUN   TestEqual
2025-07-28T18:57:15.8390950Z         === RUN   TestEqual/different_timestamp
2025-07-28T18:57:15.8391545Z         === RUN   TestEqual/same_config
2025-07-28T18:57:15.8392221Z         === RUN   TestEqual/non-nil_config_and_nil_other
2025-07-28T18:57:15.8392870Z         === RUN   TestEqual/different_type
2025-07-28T18:57:15.8393644Z         --- PASS: TestEqual (0.00s)
2025-07-28T18:57:15.8394418Z             --- PASS: TestEqual/different_timestamp (0.00s)
2025-07-28T18:57:15.8395206Z             --- PASS: TestEqual/same_config (0.00s)
2025-07-28T18:57:15.8396112Z             --- PASS: TestEqual/non-nil_config_and_nil_other (0.00s)
2025-07-28T18:57:15.8396975Z             --- PASS: TestEqual/different_type (0.00s)
2025-07-28T18:57:15.8397609Z         === RUN   TestHelloWorldNoALRun
2025-07-28T18:57:15.8398766Z         === RUN   TestHelloWorldNoALRun/insufficient_gas_for_sayHello_should_fail
2025-07-28T18:57:15.8400334Z         === RUN   TestHelloWorldNoALRun/readOnly_setAdmin_should_fail
2025-07-28T18:57:15.8401422Z         === RUN   TestHelloWorldNoALRun/insufficient_gas_for_setAdmin_should_fail
2025-07-28T18:57:15.8402483Z         === RUN   TestHelloWorldNoALRun/readOnly_setGreeting_should_fail
2025-07-28T18:57:15.8404030Z         === RUN   TestHelloWorldNoALRun/insufficient_gas_for_setGreeting_should_fail
2025-07-28T18:57:15.8405107Z         === RUN   TestHelloWorldNoALRun/readOnly_setNone_should_fail
2025-07-28T18:57:15.8406141Z         === RUN   TestHelloWorldNoALRun/insufficient_gas_for_setNone_should_fail
2025-07-28T18:57:15.8407000Z         --- PASS: TestHelloWorldNoALRun (0.01s)
2025-07-28T18:57:15.8408239Z             --- PASS: TestHelloWorldNoALRun/insufficient_gas_for_sayHello_should_fail (0.00s)
2025-07-28T18:57:15.8409549Z             --- PASS: TestHelloWorldNoALRun/readOnly_setAdmin_should_fail (0.00s)
2025-07-28T18:57:15.8410904Z             --- PASS: TestHelloWorldNoALRun/insufficient_gas_for_setAdmin_should_fail (0.00s)
2025-07-28T18:57:15.8412259Z             --- PASS: TestHelloWorldNoALRun/readOnly_setGreeting_should_fail (0.00s)
2025-07-28T18:57:15.8413868Z             --- PASS: TestHelloWorldNoALRun/insufficient_gas_for_setGreeting_should_fail (0.00s)
2025-07-28T18:57:15.8415215Z             --- PASS: TestHelloWorldNoALRun/readOnly_setNone_should_fail (0.00s)
2025-07-28T18:57:15.8416560Z             --- PASS: TestHelloWorldNoALRun/insufficient_gas_for_setNone_should_fail (0.00s)
2025-07-28T18:57:15.8417414Z         === RUN   TestHelloWorldNoAL
2025-07-28T18:57:15.8418059Z         --- PASS: TestHelloWorldNoAL (0.00s)
2025-07-28T18:57:15.8418561Z         PASS
2025-07-28T18:57:15.8419137Z         ok  	precompilebindtest/HelloWorldNoAL	0.063s
2025-07-28T18:57:15.8419736Z         === RUN   TestVerify
2025-07-28T18:57:15.8420281Z         === RUN   TestVerify/valid_config
2025-07-28T18:57:15.8420869Z         --- PASS: TestVerify (0.00s)
2025-07-28T18:57:15.8421592Z             --- PASS: TestVerify/valid_config (0.00s)
2025-07-28T18:57:15.8422162Z         === RUN   TestEqual
2025-07-28T18:57:15.8422738Z         === RUN   TestEqual/different_timestamp
2025-07-28T18:57:15.8423583Z         === RUN   TestEqual/same_config
2025-07-28T18:57:15.8424304Z         === RUN   TestEqual/non-nil_config_and_nil_other
2025-07-28T18:57:15.8424959Z         === RUN   TestEqual/different_type
2025-07-28T18:57:15.8425536Z         --- PASS: TestEqual (0.00s)
2025-07-28T18:57:15.8426360Z             --- PASS: TestEqual/different_timestamp (0.00s)
2025-07-28T18:57:15.8427136Z             --- PASS: TestEqual/same_config (0.00s)
2025-07-28T18:57:15.8428049Z             --- PASS: TestEqual/non-nil_config_and_nil_other (0.00s)
2025-07-28T18:57:15.8428880Z             --- PASS: TestEqual/different_type (0.00s)
2025-07-28T18:57:15.8429486Z         === RUN   TestIEventerRun
2025-07-28T18:57:15.8430316Z         === RUN   TestIEventerRun/insufficient_gas_for_eventTest_should_fail
2025-07-28T18:57:15.8431075Z         --- PASS: TestIEventerRun (0.00s)
2025-07-28T18:57:15.8432190Z             --- PASS: TestIEventerRun/insufficient_gas_for_eventTest_should_fail (0.00s)
2025-07-28T18:57:15.8433087Z         === RUN   TestPackUnpackDynamicEventData
2025-07-28T18:57:15.8434233Z         --- PASS: TestPackUnpackDynamicEventData (0.00s)
2025-07-28T18:57:15.8434978Z         === RUN   TestPackUnpackMixedEventData
2025-07-28T18:57:15.8435729Z         --- PASS: TestPackUnpackMixedEventData (0.00s)
2025-07-28T18:57:15.8436444Z         === RUN   TestPackUnpackTestEventData
2025-07-28T18:57:15.8437194Z         --- PASS: TestPackUnpackTestEventData (0.00s)
2025-07-28T18:57:15.8437798Z         === RUN   TestIEventer
2025-07-28T18:57:15.8438339Z         --- PASS: TestIEventer (0.00s)
2025-07-28T18:57:15.8438805Z         PASS
2025-07-28T18:57:15.8439330Z         ok  	precompilebindtest/IEventer	0.053s
2025-07-28T18:57:15.8439903Z         === RUN   TestVerify
2025-07-28T18:57:15.8440436Z         === RUN   TestVerify/valid_config
2025-07-28T18:57:15.8441006Z         --- PASS: TestVerify (0.00s)
2025-07-28T18:57:15.8442011Z             --- PASS: TestVerify/valid_config (0.00s)
2025-07-28T18:57:15.8442574Z         === RUN   TestEqual
2025-07-28T18:57:15.8443137Z         === RUN   TestEqual/different_timestamp
2025-07-28T18:57:15.8444158Z         === RUN   TestEqual/same_config
2025-07-28T18:57:15.8444882Z         === RUN   TestEqual/non-nil_config_and_nil_other
2025-07-28T18:57:15.8445527Z         === RUN   TestEqual/different_type
2025-07-28T18:57:15.8446118Z         --- PASS: TestEqual (0.00s)
2025-07-28T18:57:15.8446898Z             --- PASS: TestEqual/different_timestamp (0.00s)
2025-07-28T18:57:15.8447685Z             --- PASS: TestEqual/same_config (0.00s)
2025-07-28T18:57:15.8448591Z             --- PASS: TestEqual/non-nil_config_and_nil_other (0.00s)
2025-07-28T18:57:15.8449451Z             --- PASS: TestEqual/different_type (0.00s)
2025-07-28T18:57:15.8450080Z         === RUN   TestInputCheckerRun
2025-07-28T18:57:15.8451005Z         === RUN   TestInputCheckerRun/insufficient_gas_for_namedInput_should_fail
2025-07-28T18:57:15.8452152Z         === RUN   TestInputCheckerRun/insufficient_gas_for_namedInputs_should_fail
2025-07-28T18:57:15.8453276Z         === RUN   TestInputCheckerRun/insufficient_gas_for_noInput_should_fail
2025-07-28T18:57:15.8454540Z         --- PASS: TestInputCheckerRun (0.00s)
2025-07-28T18:57:15.8455749Z             --- PASS: TestInputCheckerRun/insufficient_gas_for_namedInput_should_fail (0.00s)
2025-07-28T18:57:15.8457222Z             --- PASS: TestInputCheckerRun/insufficient_gas_for_namedInputs_should_fail (0.00s)
2025-07-28T18:57:15.8458631Z             --- PASS: TestInputCheckerRun/insufficient_gas_for_noInput_should_fail (0.00s)
2025-07-28T18:57:15.8459450Z         === RUN   TestInputChecker
2025-07-28T18:57:15.8460070Z         --- PASS: TestInputChecker (0.00s)
2025-07-28T18:57:15.8460872Z         PASS
2025-07-28T18:57:15.8461440Z         ok  	precompilebindtest/InputChecker	0.078s
2025-07-28T18:57:15.8462025Z         === RUN   TestVerify
2025-07-28T18:57:15.8462580Z         === RUN   TestVerify/valid_config
2025-07-28T18:57:15.8463164Z         --- PASS: TestVerify (0.00s)
2025-07-28T18:57:15.8464099Z             --- PASS: TestVerify/valid_config (0.00s)
2025-07-28T18:57:15.8464659Z         === RUN   TestEqual
2025-07-28T18:57:15.8465289Z         === RUN   TestEqual/non-nil_config_and_nil_other
2025-07-28T18:57:15.8465941Z         === RUN   TestEqual/different_type
2025-07-28T18:57:15.8466584Z         === RUN   TestEqual/different_timestamp
2025-07-28T18:57:15.8467193Z         === RUN   TestEqual/same_config
2025-07-28T18:57:15.8467746Z         --- PASS: TestEqual (0.00s)
2025-07-28T18:57:15.8468602Z             --- PASS: TestEqual/non-nil_config_and_nil_other (0.00s)
2025-07-28T18:57:15.8469472Z             --- PASS: TestEqual/different_type (0.00s)
2025-07-28T18:57:15.8470314Z             --- PASS: TestEqual/different_timestamp (0.00s)
2025-07-28T18:57:15.8471096Z             --- PASS: TestEqual/same_config (0.00s)
2025-07-28T18:57:15.8471732Z         === RUN   TestOutputCheckerRun
2025-07-28T18:57:15.8472707Z         === RUN   TestOutputCheckerRun/insufficient_gas_for_namedOutputs_should_fail
2025-07-28T18:57:15.8474064Z         === RUN   TestOutputCheckerRun/insufficient_gas_for_noOutput_should_fail
2025-07-28T18:57:15.8475216Z         === RUN   TestOutputCheckerRun/insufficient_gas_for_namedOutput_should_fail
2025-07-28T18:57:15.8476066Z         --- PASS: TestOutputCheckerRun (0.00s)
2025-07-28T18:57:15.8477318Z             --- PASS: TestOutputCheckerRun/insufficient_gas_for_namedOutputs_should_fail (0.00s)
2025-07-28T18:57:15.8478792Z             --- PASS: TestOutputCheckerRun/insufficient_gas_for_noOutput_should_fail (0.00s)
2025-07-28T18:57:15.8480259Z             --- PASS: TestOutputCheckerRun/insufficient_gas_for_namedOutput_should_fail (0.00s)
2025-07-28T18:57:15.8481112Z         === RUN   TestOutputChecker
2025-07-28T18:57:15.8481729Z         --- PASS: TestOutputChecker (0.00s)
2025-07-28T18:57:15.8482198Z         PASS
2025-07-28T18:57:15.8482997Z         ok  	precompilebindtest/OutputChecker	0.087s
2025-07-28T18:57:15.8484603Z         === RUN   TestVerify
2025-07-28T18:57:15.8485171Z         === RUN   TestVerify/valid_config
2025-07-28T18:57:15.8485765Z         --- PASS: TestVerify (0.00s)
2025-07-28T18:57:15.8486715Z             --- PASS: TestVerify/valid_config (0.00s)
2025-07-28T18:57:15.8487307Z         === RUN   TestEqual
2025-07-28T18:57:15.8487943Z         === RUN   TestEqual/non-nil_config_and_nil_other
2025-07-28T18:57:15.8488608Z         === RUN   TestEqual/different_type
2025-07-28T18:57:15.8489231Z         === RUN   TestEqual/different_timestamp
2025-07-28T18:57:15.8489840Z         === RUN   TestEqual/same_config
2025-07-28T18:57:15.8490424Z         --- PASS: TestEqual (0.00s)
2025-07-28T18:57:15.8491320Z             --- PASS: TestEqual/non-nil_config_and_nil_other (0.00s)
2025-07-28T18:57:15.8492161Z             --- PASS: TestEqual/different_type (0.00s)
2025-07-28T18:57:15.8493001Z             --- PASS: TestEqual/different_timestamp (0.00s)
2025-07-28T18:57:15.8494139Z             --- PASS: TestEqual/same_config (0.00s)
2025-07-28T18:57:15.8494731Z         === RUN   TestSlicerRun
2025-07-28T18:57:15.8495583Z         === RUN   TestSlicerRun/insufficient_gas_for_echoAddresses_should_fail
2025-07-28T18:57:15.8496658Z         === RUN   TestSlicerRun/insufficient_gas_for_echoBools_should_fail
2025-07-28T18:57:15.8497710Z         === RUN   TestSlicerRun/insufficient_gas_for_echoFancyInts_should_fail
2025-07-28T18:57:15.8498724Z         === RUN   TestSlicerRun/insufficient_gas_for_echoInts_should_fail
2025-07-28T18:57:15.8499463Z         --- PASS: TestSlicerRun (0.00s)
2025-07-28T18:57:15.8501002Z             --- PASS: TestSlicerRun/insufficient_gas_for_echoAddresses_should_fail (0.00s)
2025-07-28T18:57:15.8502342Z             --- PASS: TestSlicerRun/insufficient_gas_for_echoBools_should_fail (0.00s)
2025-07-28T18:57:15.8503891Z             --- PASS: TestSlicerRun/insufficient_gas_for_echoFancyInts_should_fail (0.00s)
2025-07-28T18:57:15.8505212Z             --- PASS: TestSlicerRun/insufficient_gas_for_echoInts_should_fail (0.00s)
2025-07-28T18:57:15.8505971Z         === RUN   TestSlicer
2025-07-28T18:57:15.8506501Z         --- PASS: TestSlicer (0.00s)
2025-07-28T18:57:15.8506960Z         PASS
2025-07-28T18:57:15.8507493Z         ok  	precompilebindtest/Slicer	0.063s
2025-07-28T18:57:15.8508051Z         === RUN   TestVerify
2025-07-28T18:57:15.8508593Z         === RUN   TestVerify/valid_config
2025-07-28T18:57:15.8509167Z         --- PASS: TestVerify (0.00s)
2025-07-28T18:57:15.8509897Z             --- PASS: TestVerify/valid_config (0.00s)
2025-07-28T18:57:15.8510465Z         === RUN   TestEqual
2025-07-28T18:57:15.8510983Z         === RUN   TestEqual/same_config
2025-07-28T18:57:15.8511652Z         === RUN   TestEqual/non-nil_config_and_nil_other
2025-07-28T18:57:15.8512302Z         === RUN   TestEqual/different_type
2025-07-28T18:57:15.8512936Z         === RUN   TestEqual/different_timestamp
2025-07-28T18:57:15.8513741Z         --- PASS: TestEqual (0.00s)
2025-07-28T18:57:15.8514469Z             --- PASS: TestEqual/same_config (0.00s)
2025-07-28T18:57:15.8515374Z             --- PASS: TestEqual/non-nil_config_and_nil_other (0.00s)
2025-07-28T18:57:15.8516225Z             --- PASS: TestEqual/different_type (0.00s)
2025-07-28T18:57:15.8517076Z             --- PASS: TestEqual/different_timestamp (0.00s)
2025-07-28T18:57:15.8517695Z         === RUN   TestStructsRun
2025-07-28T18:57:15.8518442Z         === RUN   TestStructsRun/insufficient_gas_for_f_should_fail
2025-07-28T18:57:15.8519318Z         === RUN   TestStructsRun/insufficient_gas_for_g_should_fail
2025-07-28T18:57:15.8520025Z         --- PASS: TestStructsRun (0.00s)
2025-07-28T18:57:15.8521032Z             --- PASS: TestStructsRun/insufficient_gas_for_f_should_fail (0.00s)
2025-07-28T18:57:15.8522202Z             --- PASS: TestStructsRun/insufficient_gas_for_g_should_fail (0.00s)
2025-07-28T18:57:15.8522912Z         === RUN   TestStructs
2025-07-28T18:57:15.8523635Z         --- PASS: TestStructs (0.00s)
2025-07-28T18:57:15.8524363Z         PASS
2025-07-28T18:57:15.8524900Z         ok  	precompilebindtest/Structs	0.091s
2025-07-28T18:57:15.8525470Z         === RUN   TestVerify
2025-07-28T18:57:15.8526075Z         === RUN   TestVerify/valid_config
2025-07-28T18:57:15.8526875Z         --- PASS: TestVerify (0.00s)
2025-07-28T18:57:15.8527628Z             --- PASS: TestVerify/valid_config (0.00s)
2025-07-28T18:57:15.8528196Z         === RUN   TestEqual
2025-07-28T18:57:15.8528812Z         === RUN   TestEqual/non-nil_config_and_nil_other
2025-07-28T18:57:15.8529457Z         === RUN   TestEqual/different_type
2025-07-28T18:57:15.8530095Z         === RUN   TestEqual/different_timestamp
2025-07-28T18:57:15.8530684Z         === RUN   TestEqual/same_config
2025-07-28T18:57:15.8531242Z         --- PASS: TestEqual (0.00s)
2025-07-28T18:57:15.8532109Z             --- PASS: TestEqual/non-nil_config_and_nil_other (0.00s)
2025-07-28T18:57:15.8532959Z             --- PASS: TestEqual/different_type (0.00s)
2025-07-28T18:57:15.8534148Z             --- PASS: TestEqual/different_timestamp (0.00s)
2025-07-28T18:57:15.8534953Z             --- PASS: TestEqual/same_config (0.00s)
2025-07-28T18:57:15.8535538Z         === RUN   TestTuplerRun
2025-07-28T18:57:15.8536312Z         === RUN   TestTuplerRun/insufficient_gas_for_tuple_should_fail
2025-07-28T18:57:15.8537039Z         --- PASS: TestTuplerRun (0.00s)
2025-07-28T18:57:15.8538075Z             --- PASS: TestTuplerRun/insufficient_gas_for_tuple_should_fail (0.00s)
2025-07-28T18:57:15.8538804Z         === RUN   TestTupler
2025-07-28T18:57:15.8539331Z         --- PASS: TestTupler (0.00s)
2025-07-28T18:57:15.8539787Z         PASS
2025-07-28T18:57:15.8593932Z         ok  	precompilebindtest/Tupler	0.097s
2025-07-28T18:57:15.8594570Z         === RUN   TestVerify
2025-07-28T18:57:15.8595122Z         === RUN   TestVerify/valid_config
2025-07-28T18:57:15.8595695Z         --- PASS: TestVerify (0.00s)
2025-07-28T18:57:15.8596403Z             --- PASS: TestVerify/valid_config (0.00s)
2025-07-28T18:57:15.8597001Z         === RUN   TestEqual
2025-07-28T18:57:15.8597743Z         === RUN   TestEqual/non-nil_config_and_nil_other
2025-07-28T18:57:15.8598356Z         === RUN   TestEqual/different_type
2025-07-28T18:57:15.8598953Z         === RUN   TestEqual/different_timestamp
2025-07-28T18:57:15.8599540Z         === RUN   TestEqual/same_config
2025-07-28T18:57:15.8600067Z         --- PASS: TestEqual (0.00s)
2025-07-28T18:57:15.8600884Z             --- PASS: TestEqual/non-nil_config_and_nil_other (0.00s)
2025-07-28T18:57:15.8601682Z             --- PASS: TestEqual/different_type (0.00s)
2025-07-28T18:57:15.8602446Z             --- PASS: TestEqual/different_timestamp (0.00s)
2025-07-28T18:57:15.8603180Z             --- PASS: TestEqual/same_config (0.00s)
2025-07-28T18:57:15.8603987Z         === RUN   TestUnderscorerRun
2025-07-28T18:57:15.8604790Z         === RUN   TestUnderscorerRun/readOnly_underscoredOutput_should_fail
2025-07-28T18:57:15.8605887Z         === RUN   TestUnderscorerRun/insufficient_gas_for_underscoredOutput_should_fail
2025-07-28T18:57:15.8606718Z         --- PASS: TestUnderscorerRun (0.00s)
2025-07-28T18:57:15.8607784Z             --- PASS: TestUnderscorerRun/readOnly_underscoredOutput_should_fail (0.00s)
2025-07-28T18:57:15.8609168Z             --- PASS: TestUnderscorerRun/insufficient_gas_for_underscoredOutput_should_fail (0.00s)
2025-07-28T18:57:15.8609984Z         === RUN   TestUnderscorer
2025-07-28T18:57:15.8610536Z         --- PASS: TestUnderscorer (0.00s)
2025-07-28T18:57:15.8610961Z         PASS
2025-07-28T18:57:15.8611480Z         ok  	precompilebindtest/Underscorer	0.060s
2025-07-28T18:57:15.8611967Z         FAIL
2025-07-28T18:57:15.8612227Z FAIL
2025-07-28T18:57:15.8612526Z coverage: 87.6% of statements
2025-07-28T18:57:15.8613137Z FAIL	github.com/ava-labs/subnet-evm/accounts/abi/bind/precompilebind	8.607s
2025-07-28T18:57:15.8614226Z ok  	github.com/ava-labs/subnet-evm/cmd/abigen	1.063s	coverage: 24.5% of statements
2025-07-28T18:57:16.3969861Z 	github.com/ava-labs/subnet-evm/cmd/simulator/load		coverage: 0.0% of statements
2025-07-28T18:57:16.4192475Z 	github.com/ava-labs/subnet-evm/cmd/simulator/main		coverage: 0.0% of statements
2025-07-28T18:57:16.4194259Z 	github.com/ava-labs/subnet-evm/cmd/simulator/metrics		coverage: 0.0% of statements
2025-07-28T18:57:16.4232618Z 	github.com/ava-labs/subnet-evm/cmd/utils		coverage: 0.0% of statements
2025-07-28T18:57:16.4236334Z 	github.com/ava-labs/subnet-evm/cmd/simulator/txs		coverage: 0.0% of statements
2025-07-28T18:57:16.4384105Z ?   	github.com/ava-labs/subnet-evm/consensus	[no test files]
2025-07-28T18:57:17.7610510Z ?   	github.com/ava-labs/subnet-evm/constants	[no test files]
2025-07-28T18:57:21.6820104Z 	github.com/ava-labs/subnet-evm/core/coretest		coverage: 0.0% of statements
2025-07-28T18:57:21.6895627Z 	github.com/ava-labs/subnet-evm/core/extstate		coverage: 0.0% of statements
2025-07-28T18:57:35.8875091Z 	github.com/ava-labs/subnet-evm/core/state/pruner		coverage: 0.0% of statements
2025-07-28T18:57:41.6942215Z ok  	github.com/ava-labs/subnet-evm/cmd/evm	26.291s	coverage: 3.9% of statements
2025-07-28T18:57:41.6974705Z ok  	github.com/ava-labs/subnet-evm/commontype	1.016s	coverage: 64.3% of statements
2025-07-28T18:57:41.6976138Z ok  	github.com/ava-labs/subnet-evm/consensus/dummy	1.073s	coverage: 10.8% of statements
2025-07-28T18:57:41.6977563Z ok  	github.com/ava-labs/subnet-evm/consensus/misc/eip4844	1.036s	coverage: 42.9% of statements
2025-07-28T18:57:48.8247833Z 	github.com/ava-labs/subnet-evm/core/txpool		coverage: 0.0% of statements
2025-07-28T18:58:52.0296990Z 	github.com/ava-labs/subnet-evm/eth/ethconfig		coverage: 0.0% of statements
2025-07-28T18:58:54.7884376Z 	github.com/ava-labs/subnet-evm/eth/gasestimator		coverage: 0.0% of statements
2025-07-28T18:59:09.0181282Z 	github.com/ava-labs/subnet-evm/ethclient/subnetevmclient		coverage: 0.0% of statements
2025-07-28T18:59:30.2226614Z ?   	github.com/ava-labs/subnet-evm/interfaces	[no test files]
2025-07-28T18:59:30.2246545Z 	github.com/ava-labs/subnet-evm/examples/sign-uptime-message		coverage: 0.0% of statements
2025-07-28T18:59:30.2251609Z 	github.com/ava-labs/subnet-evm/internal/cmdtest		coverage: 0.0% of statements
2025-07-28T18:59:30.2260739Z 	github.com/ava-labs/subnet-evm/internal/blocktest		coverage: 0.0% of statements
2025-07-28T18:59:30.2290218Z 	github.com/ava-labs/subnet-evm/internal/debug		coverage: 0.0% of statements
2025-07-28T18:59:32.8787950Z 	github.com/ava-labs/subnet-evm/internal/reexec		coverage: 0.0% of statements
2025-07-28T18:59:32.8831805Z 	github.com/ava-labs/subnet-evm/internal/shutdowncheck		coverage: 0.0% of statements
2025-07-28T18:59:32.8871844Z 	github.com/ava-labs/subnet-evm/internal/version		coverage: 0.0% of statements
2025-07-28T18:59:32.8920036Z 	github.com/ava-labs/subnet-evm/log		coverage: 0.0% of statements
2025-07-28T18:59:32.9281277Z 	github.com/ava-labs/subnet-evm/metrics/metricstest		coverage: 0.0% of statements
2025-07-28T18:59:37.0835519Z ?   	github.com/ava-labs/subnet-evm/network/peertest	[no test files]
2025-07-28T18:59:37.0919376Z 	github.com/ava-labs/subnet-evm/network/stats		coverage: 0.0% of statements
2025-07-28T18:59:37.1121848Z 	github.com/ava-labs/subnet-evm/node		coverage: 0.0% of statements
2025-07-28T18:59:45.5297465Z 	github.com/ava-labs/subnet-evm/plugin		coverage: 0.0% of statements
2025-07-28T18:59:53.8752355Z 	github.com/ava-labs/subnet-evm/plugin/evm/client		coverage: 0.0% of statements
2025-07-28T18:59:54.8949803Z 	github.com/ava-labs/subnet-evm/plugin/evm/customlogs		coverage: 0.0% of statements
2025-07-28T18:59:58.5638104Z 	github.com/ava-labs/subnet-evm/plugin/evm/database		coverage: 0.0% of statements
2025-07-28T19:00:05.5339555Z ?   	github.com/ava-labs/subnet-evm/plugin/evm/upgrade/legacy	[no test files]
2025-07-28T19:00:08.6155277Z ?   	github.com/ava-labs/subnet-evm/plugin/evm/validators/interfaces	[no test files]
2025-07-28T19:00:12.1940243Z ?   	github.com/ava-labs/subnet-evm/plugin/evm/validators/uptime/interfaces	[no test files]
2025-07-28T19:00:12.1964194Z ?   	github.com/ava-labs/subnet-evm/plugin/evm/vmerrors	[no test files]
2025-07-28T19:00:12.1987991Z 	github.com/ava-labs/subnet-evm/plugin/runner		coverage: 0.0% of statements
2025-07-28T19:00:18.4219847Z 	github.com/ava-labs/subnet-evm/precompile/contracts/deployerallowlist		coverage: 0.0% of statements
2025-07-28T19:00:37.2820017Z 	github.com/ava-labs/subnet-evm/precompile/precompiletest		coverage: 0.0% of statements
2025-07-28T19:00:37.2849272Z ?   	github.com/ava-labs/subnet-evm/precompile/registry	[no test files]
2025-07-28T19:00:47.4629827Z 	github.com/ava-labs/subnet-evm/signer/core/apitypes		coverage: 0.0% of statements
2025-07-28T19:00:47.4768464Z 	github.com/ava-labs/subnet-evm/stateupgrade		coverage: 0.0% of statements
2025-07-28T19:01:12.0030462Z 	github.com/ava-labs/subnet-evm/sync/client/stats		coverage: 0.0% of statements
2025-07-28T19:01:37.8497069Z 	github.com/ava-labs/subnet-evm/sync/handlers/stats		coverage: 0.0% of statements
2025-07-28T19:01:52.0257978Z 	github.com/ava-labs/subnet-evm/sync/statesync/statesynctest		coverage: 0.0% of statements
2025-07-28T19:01:52.0354789Z 	github.com/ava-labs/subnet-evm/sync/syncutils		coverage: 0.0% of statements
2025-07-28T19:01:52.0510844Z 	github.com/ava-labs/subnet-evm/triedb/firewood		coverage: 0.0% of statements
2025-07-28T19:01:52.0679633Z 	github.com/ava-labs/subnet-evm/triedb/hashdb		coverage: 0.0% of statements
2025-07-28T19:02:47.5908541Z 	github.com/ava-labs/subnet-evm/warp/messages		coverage: 0.0% of statements
2025-07-28T19:02:50.3978650Z 	github.com/ava-labs/subnet-evm/warp/warptest		coverage: 0.0% of statements
2025-07-28T19:03:28.1653590Z ok  	github.com/ava-labs/subnet-evm/core	366.477s	coverage: 70.2% of statements
2025-07-28T19:03:28.1654598Z ok  	github.com/ava-labs/subnet-evm/core/bloombits	14.166s	coverage: 95.6% of statements
2025-07-28T19:03:28.1656781Z ok  	github.com/ava-labs/subnet-evm/core/state	84.744s	coverage: 48.5% of statements
2025-07-28T19:03:28.1660336Z ok  	github.com/ava-labs/subnet-evm/core/state/snapshot	46.421s	coverage: 69.6% of statements
2025-07-28T19:03:28.1661463Z ok  	github.com/ava-labs/subnet-evm/core/txpool/blobpool	8.165s	coverage: 55.7% of statements
2025-07-28T19:03:28.1662454Z ok  	github.com/ava-labs/subnet-evm/core/txpool/legacypool	41.472s	coverage: 80.8% of statements
2025-07-28T19:03:28.1663742Z ok  	github.com/ava-labs/subnet-evm/core/vm/runtime	3.110s	coverage: 93.6% of statements
2025-07-28T19:03:28.1664594Z ok  	github.com/ava-labs/subnet-evm/eth	1.317s	coverage: 4.0% of statements
2025-07-28T19:03:28.1665403Z ok  	github.com/ava-labs/subnet-evm/eth/filters	4.758s	coverage: 62.4% of statements
2025-07-28T19:03:28.1666277Z ok  	github.com/ava-labs/subnet-evm/eth/gasprice	18.705s	coverage: 81.9% of statements
2025-07-28T19:03:28.1667137Z ok  	github.com/ava-labs/subnet-evm/eth/tracers	5.575s	coverage: 42.9% of statements
2025-07-28T19:03:28.1667958Z ok  	github.com/ava-labs/subnet-evm/ethclient	1.103s	coverage: 0.0% of statements
2025-07-28T19:03:28.1668850Z ok  	github.com/ava-labs/subnet-evm/ethclient/simulated	1.351s	coverage: 85.1% of statements
2025-07-28T19:03:28.1669808Z ok  	github.com/ava-labs/subnet-evm/internal/ethapi	1.489s	coverage: 36.1% of statements
2025-07-28T19:03:28.1670694Z ok  	github.com/ava-labs/subnet-evm/internal/flags	1.050s	coverage: 5.1% of statements
2025-07-28T19:03:28.1671593Z ok  	github.com/ava-labs/subnet-evm/metrics/prometheus	1.020s	coverage: 100.0% of statements
2025-07-28T19:03:28.1672397Z ok  	github.com/ava-labs/subnet-evm/miner	2.041s	coverage: 15.6% of statements
2025-07-28T19:03:28.1673153Z ok  	github.com/ava-labs/subnet-evm/network	2.516s	coverage: 83.1% of statements
2025-07-28T19:03:28.1674103Z ok  	github.com/ava-labs/subnet-evm/params	1.069s	coverage: 53.2% of statements
2025-07-28T19:03:28.1674956Z ok  	github.com/ava-labs/subnet-evm/params/extras	1.108s	coverage: 67.0% of statements
2025-07-28T19:03:28.1675830Z ok  	github.com/ava-labs/subnet-evm/plugin/evm	163.613s	coverage: 65.1% of statements
2025-07-28T19:03:28.1676777Z ok  	github.com/ava-labs/subnet-evm/plugin/evm/blockgascost	1.019s	coverage: 93.3% of statements
2025-07-28T19:03:28.1678071Z ok  	github.com/ava-labs/subnet-evm/plugin/evm/config	1.036s	coverage: 11.1% of statements
2025-07-28T19:03:28.1679047Z ok  	github.com/ava-labs/subnet-evm/plugin/evm/customrawdb	1.093s	coverage: 31.3% of statements
2025-07-28T19:03:28.1680267Z ok  	github.com/ava-labs/subnet-evm/plugin/evm/customtypes	5.166s	coverage: 86.4% of statements
2025-07-28T19:03:28.1681215Z ok  	github.com/ava-labs/subnet-evm/plugin/evm/header	1.143s	coverage: 90.8% of statements
2025-07-28T19:03:28.1682072Z ok  	github.com/ava-labs/subnet-evm/plugin/evm/log	1.043s	coverage: 42.1% of statements
2025-07-28T19:03:28.1682947Z ok  	github.com/ava-labs/subnet-evm/plugin/evm/message	1.109s	coverage: 17.3% of statements
2025-07-28T19:03:28.1684284Z ok  	github.com/ava-labs/subnet-evm/plugin/evm/upgrade/subnetevm	1.039s	coverage: 100.0% of statements
2025-07-28T19:03:28.1686237Z ok  	github.com/ava-labs/subnet-evm/plugin/evm/validators	1.060s	coverage: 18.3% of statements
2025-07-28T19:03:28.1687339Z ok  	github.com/ava-labs/subnet-evm/plugin/evm/validators/state	1.030s	coverage: 72.6% of statements
2025-07-28T19:03:28.1688205Z ok  	github.com/ava-labs/subnet-evm/plugin/evm/validators/state/interfaces	1.045s	coverage: 0.0% of statements [no tests to run]
2025-07-28T19:03:28.1688978Z ok  	github.com/ava-labs/subnet-evm/plugin/evm/validators/uptime	1.033s	coverage: 62.9% of statements
2025-07-28T19:03:28.1689590Z ok  	github.com/ava-labs/subnet-evm/precompile/allowlist	1.082s	coverage: 18.5% of statements
2025-07-28T19:03:28.1690230Z ok  	github.com/ava-labs/subnet-evm/precompile/allowlist/allowlisttest	1.376s	coverage: 89.0% of statements
2025-07-28T19:03:28.1690856Z ok  	github.com/ava-labs/subnet-evm/precompile/contract	1.101s	coverage: 0.0% of statements
2025-07-28T19:03:28.1691589Z ok  	github.com/ava-labs/subnet-evm/precompile/contracts/deployerallowlist/deployerallowlisttest	1.251s	coverage: [no statements]
2025-07-28T19:03:28.1692354Z ok  	github.com/ava-labs/subnet-evm/precompile/contracts/feemanager	1.348s	coverage: 87.3% of statements
2025-07-28T19:03:28.1693032Z ok  	github.com/ava-labs/subnet-evm/precompile/contracts/nativeminter	1.258s	coverage: 87.4% of statements
2025-07-28T19:03:28.1695684Z ok  	github.com/ava-labs/subnet-evm/precompile/contracts/rewardmanager	1.305s	coverage: 83.2% of statements
2025-07-28T19:03:28.1696899Z ok  	github.com/ava-labs/subnet-evm/precompile/contracts/txallowlist	1.214s	coverage: 64.7% of statements
2025-07-28T19:03:28.1698026Z ok  	github.com/ava-labs/subnet-evm/precompile/contracts/warp	15.011s	coverage: 76.3% of statements
2025-07-28T19:03:28.1698651Z ok  	github.com/ava-labs/subnet-evm/precompile/modules	1.097s	coverage: 46.9% of statements
2025-07-28T19:03:28.1699311Z ok  	github.com/ava-labs/subnet-evm/precompile/precompileconfig	1.043s	coverage: 0.0% of statements [no tests to run]
2025-07-28T19:03:28.1699934Z ok  	github.com/ava-labs/subnet-evm/predicate	1.139s	coverage: 58.5% of statements
2025-07-28T19:03:28.1700523Z ok  	github.com/ava-labs/subnet-evm/rpc	68.103s	coverage: 83.6% of statements
2025-07-28T19:03:28.1701025Z ok  	github.com/ava-labs/subnet-evm/sync/client	20.161s	coverage: 53.8% of statements
2025-07-28T19:03:28.1701541Z ok  	github.com/ava-labs/subnet-evm/sync/handlers	21.781s	coverage: 83.6% of statements
2025-07-28T19:03:54.3545339Z -test.shuffle 1753729302231804432
2025-07-28T19:03:54.3547320Z --- FAIL: TestResyncNewRootAfterDeletes (113.33s)
2025-07-28T19:03:54.3549723Z     --- FAIL: TestResyncNewRootAfterDeletes/delete_code (44.48s)
2025-07-28T19:03:54.3550422Z         sync_test.go:85: goroutine 10 [running]:
2025-07-28T19:03:54.3551136Z             runtime/pprof.writeGoroutineStacks({0x1b0d120, 0xc001c2c660})
2025-07-28T19:03:54.3552084Z             	/opt/hostedtoolcache/go/1.23.9/x64/src/runtime/pprof/pprof.go:761 +0x75
2025-07-28T19:03:54.3552892Z             runtime/pprof.writeGoroutine({0x1b0d120, 0xc001c2c660}, 0x2)
2025-07-28T19:03:54.3554076Z             	/opt/hostedtoolcache/go/1.23.9/x64/src/runtime/pprof/pprof.go:750 +0x45
2025-07-28T19:03:54.3555245Z             runtime/pprof.(*Profile).WriteTo(0x23112c0, {0x1b0d120, 0xc001c2c660}, 0x2)
2025-07-28T19:03:54.3556200Z             	/opt/hostedtoolcache/go/1.23.9/x64/src/runtime/pprof/pprof.go:374 +0x1b4
2025-07-28T19:03:54.3557501Z             github.com/ava-labs/subnet-evm/sync/statesync.waitFor(0xc000494680, 0xc0003e41c0, {0x0, 0x0}, 0x6fc23ac00)
2025-07-28T19:03:54.3558656Z             	/home/runner/work/subnet-evm/subnet-evm/sync/statesync/sync_test.go:107 +0x3be
2025-07-28T19:03:54.3559914Z             github.com/ava-labs/subnet-evm/sync/statesync.testSync(0xc000494680, {{0x0, 0x0}, 0xc00095f770, {0x0, 0x0}, 0x0, 0x0})
2025-07-28T19:03:54.3561033Z             	/home/runner/work/subnet-evm/subnet-evm/sync/statesync/sync_test.go:73 +0xa48
2025-07-28T19:03:54.3562068Z             github.com/ava-labs/subnet-evm/sync/statesync.testSyncResumes(0xc000494680, {0xc000a13e38, 0x2, 0xa84838e4f0a92fe7?}, 0xc000a13de8)
2025-07-28T19:03:54.3563023Z             	/home/runner/work/subnet-evm/subnet-evm/sync/statesync/sync_test.go:85 +0x133
2025-07-28T19:03:54.3564065Z             github.com/ava-labs/subnet-evm/sync/statesync.testSyncerSyncsToNewRoot(0xc000494680, 0x1983118)
2025-07-28T19:03:54.3564906Z             	/home/runner/work/subnet-evm/subnet-evm/sync/statesync/sync_test.go:512 +0x855
2025-07-28T19:03:54.3565743Z             github.com/ava-labs/subnet-evm/sync/statesync.TestResyncNewRootAfterDeletes.func4(0xc000494680)
2025-07-28T19:03:54.3566574Z             	/home/runner/work/subnet-evm/subnet-evm/sync/statesync/sync_test.go:496 +0x35
2025-07-28T19:03:54.3567092Z             testing.tRunner(0xc000494680, 0xc0004574d0)
2025-07-28T19:03:54.3567697Z             	/opt/hostedtoolcache/go/1.23.9/x64/src/testing/testing.go:1690 +0x227
2025-07-28T19:03:54.3568186Z             created by testing.(*T).Run in goroutine 9
2025-07-28T19:03:54.3568784Z             	/opt/hostedtoolcache/go/1.23.9/x64/src/testing/testing.go:1743 +0x826
2025-07-28T19:03:54.3569123Z             
2025-07-28T19:03:54.3569407Z             goroutine 1 [chan receive]:
2025-07-28T19:03:54.3569879Z             testing.(*T).Run(0xc000494340, {0x18ad02f, 0x1d}, 0x1982f98)
2025-07-28T19:03:54.3570525Z             	/opt/hostedtoolcache/go/1.23.9/x64/src/testing/testing.go:1751 +0x851
2025-07-28T19:03:54.3570989Z             testing.runTests.func1(0xc000494340)
2025-07-28T19:03:54.3571584Z             	/opt/hostedtoolcache/go/1.23.9/x64/src/testing/testing.go:2168 +0x86
2025-07-28T19:03:54.3572071Z             testing.tRunner(0xc000494340, 0xc0003bfae0)
2025-07-28T19:03:54.3572663Z             	/opt/hostedtoolcache/go/1.23.9/x64/src/testing/testing.go:1690 +0x227
2025-07-28T19:03:54.3573479Z             testing.runTests(0xc000433398, {0x231da60, 0xe, 0xe}, {0x2?, 0x40?, 0x2398640?})
2025-07-28T19:03:54.3574209Z             	/opt/hostedtoolcache/go/1.23.9/x64/src/testing/testing.go:2166 +0x8bf
2025-07-28T19:03:54.3574647Z             testing.(*M).Run(0xc0003f7ea0)
2025-07-28T19:03:54.3575220Z             	/opt/hostedtoolcache/go/1.23.9/x64/src/testing/testing.go:2034 +0xf18
2025-07-28T19:03:54.3575599Z             main.main()
2025-07-28T19:03:54.3575910Z             	_testmain.go:81 +0x165
2025-07-28T19:03:54.3576146Z             
2025-07-28T19:03:54.3576416Z             goroutine 8 [chan receive]:
2025-07-28T19:03:54.3576902Z             github.com/ava-labs/libevm/metrics.(*meterArbiter).tick(...)
2025-07-28T19:03:54.3577713Z             	/home/runner/go/pkg/mod/github.com/ava-labs/libevm@v1.13.14-0.3.0.rc.1/metrics/meter.go:178
2025-07-28T19:03:54.3578412Z             created by github.com/ava-labs/libevm/metrics.NewMeter in goroutine 1
2025-07-28T19:03:54.3579251Z             	/home/runner/go/pkg/mod/github.com/ava-labs/libevm@v1.13.14-0.3.0.rc.1/metrics/meter.go:49 +0x16d
2025-07-28T19:03:54.3579682Z             
2025-07-28T19:03:54.3579943Z             goroutine 9 [chan receive]:
2025-07-28T19:03:54.3580413Z             testing.(*T).Run(0xc0004944e0, {0x1899968, 0xb}, 0xc0004574d0)
2025-07-28T19:03:54.3581052Z             	/opt/hostedtoolcache/go/1.23.9/x64/src/testing/testing.go:1751 +0x851
2025-07-28T19:03:54.3581980Z             github.com/ava-labs/subnet-evm/sync/statesync.TestResyncNewRootAfterDeletes(0xc0004944e0)
2025-07-28T19:03:54.3582902Z             	/home/runner/work/subnet-evm/subnet-evm/sync/statesync/sync_test.go:495 +0x22d
2025-07-28T19:03:54.3583611Z             testing.tRunner(0xc0004944e0, 0x1982f98)
2025-07-28T19:03:54.3584217Z             	/opt/hostedtoolcache/go/1.23.9/x64/src/testing/testing.go:1690 +0x227
2025-07-28T19:03:54.3584697Z             created by testing.(*T).Run in goroutine 1
2025-07-28T19:03:54.3585288Z             	/opt/hostedtoolcache/go/1.23.9/x64/src/testing/testing.go:1743 +0x826
2025-07-28T19:03:54.3585627Z             
2025-07-28T19:03:54.3585911Z             goroutine 90 [sync.Mutex.Lock]:
2025-07-28T19:03:54.3586367Z             sync.runtime_SemacquireMutex(0x30?, 0x10?, 0xc001439608?)
2025-07-28T19:03:54.3586969Z             	/opt/hostedtoolcache/go/1.23.9/x64/src/runtime/sema.go:95 +0x25
2025-07-28T19:03:54.3587414Z             sync.(*Mutex).lockSlow(0xc0004baa68)
2025-07-28T19:03:54.3587963Z             	/opt/hostedtoolcache/go/1.23.9/x64/src/sync/mutex.go:173 +0x213
2025-07-28T19:03:54.3588384Z             sync.(*Mutex).Lock(0xc0004baa68)
2025-07-28T19:03:54.3588939Z             	/opt/hostedtoolcache/go/1.23.9/x64/src/sync/mutex.go:92 +0x55
2025-07-28T19:03:54.3589371Z             sync.(*RWMutex).Lock(0xc0004baa68)
2025-07-28T19:03:54.3589924Z             	/opt/hostedtoolcache/go/1.23.9/x64/src/sync/rwmutex.go:148 +0x45
2025-07-28T19:03:54.3590538Z             github.com/ava-labs/libevm/ethdb/memorydb.(*batch).Write(0xc00016c480)
2025-07-28T19:03:54.3591454Z             	/home/runner/go/pkg/mod/github.com/ava-labs/libevm@v1.13.14-0.3.0.rc.1/ethdb/memorydb/memorydb.go:244 +0x5b
2025-07-28T19:03:54.3592560Z             github.com/ava-labs/subnet-evm/plugin/evm/customrawdb.clearPrefix({0x7fd9049d21a0, 0xc000457510}, {0xc0010ffd10, 0x2d, 0x2d}, 0x4d)
2025-07-28T19:03:54.3593896Z             	/home/runner/work/subnet-evm/subnet-evm/plugin/evm/customrawdb/accessors_state_sync.go:221 +0x3a5
2025-07-28T19:03:54.3595143Z             github.com/ava-labs/subnet-evm/plugin/evm/customrawdb.ClearSyncSegments({0x7fd9049d21a0, 0xc000457510}, {0xf7, 0x47, 0xfa, 0xc8, 0x99, 0x32, 0x66, 0x7e, ...})
2025-07-28T19:03:54.3596275Z             	/home/runner/work/subnet-evm/subnet-evm/plugin/evm/customrawdb/accessors_state_sync.go:90 +0x133
2025-07-28T19:03:54.3597291Z             github.com/ava-labs/subnet-evm/sync/statesync.(*trieToSync).segmentFinished(0xc0002b2160, {0x1b19588, 0xc0000f47d0}, 0x0)
2025-07-28T19:03:54.3598203Z             	/home/runner/work/subnet-evm/subnet-evm/sync/statesync/trie_segments.go:235 +0xc05
2025-07-28T19:03:54.3599102Z             github.com/ava-labs/subnet-evm/sync/statesync.(*trieSegment).OnFinish(0xc0003fa1c0, {0x1b19588, 0xc0000f47d0})
2025-07-28T19:03:54.3599973Z             	/home/runner/work/subnet-evm/subnet-evm/sync/statesync/trie_segments.go:349 +0xc6
2025-07-28T19:03:54.3601042Z             github.com/ava-labs/subnet-evm/sync/client.(*CallbackLeafSyncer).syncTask(0xc001c2d020, {0x1b19588, 0xc0000f47d0}, {0x1b1ef90, 0xc0003fa1c0})
2025-07-28T19:03:54.3601973Z             	/home/runner/work/subnet-evm/subnet-evm/sync/client/leaf_syncer.go:134 +0x6fd
2025-07-28T19:03:54.3602892Z             github.com/ava-labs/subnet-evm/sync/client.(*CallbackLeafSyncer).workerLoop(0xc001c2d020, {0x1b19588, 0xc0000f47d0})
2025-07-28T19:03:54.3603918Z             	/home/runner/work/subnet-evm/subnet-evm/sync/client/leaf_syncer.go:70 +0x135
2025-07-28T19:03:54.3604639Z             github.com/ava-labs/subnet-evm/sync/client.(*CallbackLeafSyncer).Start.func1()
2025-07-28T19:03:54.3605373Z             	/home/runner/work/subnet-evm/subnet-evm/sync/client/leaf_syncer.go:154 +0x47
2025-07-28T19:03:54.3605914Z             golang.org/x/sync/errgroup.(*Group).Go.func1()
2025-07-28T19:03:54.3606591Z             	/home/runner/go/pkg/mod/golang.org/x/sync@v0.12.0/errgroup/errgroup.go:78 +0x92
2025-07-28T19:03:54.3607386Z             created by golang.org/x/sync/errgroup.(*Group).Go in goroutine 10
2025-07-28T19:03:54.3608108Z             	/home/runner/go/pkg/mod/golang.org/x/sync@v0.12.0/errgroup/errgroup.go:75 +0x125
2025-07-28T19:03:54.3608490Z             
2025-07-28T19:03:54.3608891Z             goroutine 91 [sync.Mutex.Lock]:
2025-07-28T19:03:54.3609376Z             sync.runtime_SemacquireMutex(0xc000051978?, 0x41?, 0x48556c?)
2025-07-28T19:03:54.3609998Z             	/opt/hostedtoolcache/go/1.23.9/x64/src/runtime/sema.go:95 +0x25
2025-07-28T19:03:54.3610444Z             sync.(*Mutex).lockSlow(0xc0004baa68)
2025-07-28T19:03:54.3610999Z             	/opt/hostedtoolcache/go/1.23.9/x64/src/sync/mutex.go:173 +0x213
2025-07-28T19:03:54.3611416Z             sync.(*Mutex).Lock(0xc0004baa68)
2025-07-28T19:03:54.3611948Z             	/opt/hostedtoolcache/go/1.23.9/x64/src/sync/mutex.go:92 +0x55
2025-07-28T19:03:54.3612369Z             sync.(*RWMutex).Lock(0xc0004baa68)
2025-07-28T19:03:54.3612920Z             	/opt/hostedtoolcache/go/1.23.9/x64/src/sync/rwmutex.go:148 +0x45
2025-07-28T19:03:54.3613737Z             github.com/ava-labs/libevm/ethdb/memorydb.(*batch).Write(0xc001cf62a0)
2025-07-28T19:03:54.3614655Z             	/home/runner/go/pkg/mod/github.com/ava-labs/libevm@v1.13.14-0.3.0.rc.1/ethdb/memorydb/memorydb.go:244 +0x5b
2025-07-28T19:03:54.3615785Z             github.com/ava-labs/subnet-evm/sync/statesync.(*trieSegment).OnLeafs(0xc0004741c0, {0xc0002ba900, 0x10, 0x10}, {0xc0002baa80, 0x10, 0x10})
2025-07-28T19:03:54.3616740Z             	/home/runner/work/subnet-evm/subnet-evm/sync/statesync/trie_segments.go:365 +0x29b
2025-07-28T19:03:54.3617814Z             github.com/ava-labs/subnet-evm/sync/client.(*CallbackLeafSyncer).syncTask(0xc001c2d020, {0x1b19588, 0xc0000f47d0}, {0x1b1ef90, 0xc0004741c0})
2025-07-28T19:03:54.3618753Z             	/home/runner/work/subnet-evm/subnet-evm/sync/client/leaf_syncer.go:127 +0x405
2025-07-28T19:03:54.3619671Z             github.com/ava-labs/subnet-evm/sync/client.(*CallbackLeafSyncer).workerLoop(0xc001c2d020, {0x1b19588, 0xc0000f47d0})
2025-07-28T19:03:54.3620525Z             	/home/runner/work/subnet-evm/subnet-evm/sync/client/leaf_syncer.go:70 +0x135
2025-07-28T19:03:54.3621226Z             github.com/ava-labs/subnet-evm/sync/client.(*CallbackLeafSyncer).Start.func1()
2025-07-28T19:03:54.3621960Z             	/home/runner/work/subnet-evm/subnet-evm/sync/client/leaf_syncer.go:154 +0x47
2025-07-28T19:03:54.3622500Z             golang.org/x/sync/errgroup.(*Group).Go.func1()
2025-07-28T19:03:54.3623175Z             	/home/runner/go/pkg/mod/golang.org/x/sync@v0.12.0/errgroup/errgroup.go:78 +0x92
2025-07-28T19:03:54.3624002Z             created by golang.org/x/sync/errgroup.(*Group).Go in goroutine 10
2025-07-28T19:03:54.3624735Z             	/home/runner/go/pkg/mod/golang.org/x/sync@v0.12.0/errgroup/errgroup.go:75 +0x125
2025-07-28T19:03:54.3625115Z             
2025-07-28T19:03:54.3625404Z             goroutine 92 [sync.Mutex.Lock]:
2025-07-28T19:03:54.3625869Z             sync.runtime_SemacquireMutex(0x30?, 0x10?, 0xc00143d608?)
2025-07-28T19:03:54.3626479Z             	/opt/hostedtoolcache/go/1.23.9/x64/src/runtime/sema.go:95 +0x25
2025-07-28T19:03:54.3626919Z             sync.(*Mutex).lockSlow(0xc0004baa68)
2025-07-28T19:03:54.3627477Z             	/opt/hostedtoolcache/go/1.23.9/x64/src/sync/mutex.go:173 +0x213
2025-07-28T19:03:54.3627898Z             sync.(*Mutex).Lock(0xc0004baa68)
2025-07-28T19:03:54.3628421Z             	/opt/hostedtoolcache/go/1.23.9/x64/src/sync/mutex.go:92 +0x55
2025-07-28T19:03:54.3628848Z             sync.(*RWMutex).Lock(0xc0004baa68)
2025-07-28T19:03:54.3629405Z             	/opt/hostedtoolcache/go/1.23.9/x64/src/sync/rwmutex.go:148 +0x45
2025-07-28T19:03:54.3630012Z             github.com/ava-labs/libevm/ethdb/memorydb.(*batch).Write(0xc0001ae9c0)
2025-07-28T19:03:54.3630909Z             	/home/runner/go/pkg/mod/github.com/ava-labs/libevm@v1.13.14-0.3.0.rc.1/ethdb/memorydb/memorydb.go:244 +0x5b
2025-07-28T19:03:54.3632014Z             github.com/ava-labs/subnet-evm/plugin/evm/customrawdb.clearPrefix({0x7fd9049d21a0, 0xc000457510}, {0xc000aabbf0, 0x2d, 0x2d}, 0x4d)
2025-07-28T19:03:54.3633240Z             	/home/runner/work/subnet-evm/subnet-evm/plugin/evm/customrawdb/accessors_state_sync.go:221 +0x3a5
2025-07-28T19:03:54.3634830Z             github.com/ava-labs/subnet-evm/plugin/evm/customrawdb.ClearSyncSegments({0x7fd9049d21a0, 0xc000457510}, {0xf7, 0x13, 0xb4, 0x78, 0x9a, 0x9f, 0xab, 0xb6, ...})
2025-07-28T19:03:54.3635964Z             	/home/runner/work/subnet-evm/subnet-evm/plugin/evm/customrawdb/accessors_state_sync.go:90 +0x133
2025-07-28T19:03:54.3636981Z             github.com/ava-labs/subnet-evm/sync/statesync.(*trieToSync).segmentFinished(0xc000131ad0, {0x1b19588, 0xc0000f47d0}, 0x0)
2025-07-28T19:03:54.3637906Z             	/home/runner/work/subnet-evm/subnet-evm/sync/statesync/trie_segments.go:235 +0xc05
2025-07-28T19:03:54.3638808Z             github.com/ava-labs/subnet-evm/sync/statesync.(*trieSegment).OnFinish(0xc000344000, {0x1b19588, 0xc0000f47d0})
2025-07-28T19:03:54.3639682Z             	/home/runner/work/subnet-evm/subnet-evm/sync/statesync/trie_segments.go:349 +0xc6
2025-07-28T19:03:54.3640756Z             github.com/ava-labs/subnet-evm/sync/client.(*CallbackLeafSyncer).syncTask(0xc001c2d020, {0x1b19588, 0xc0000f47d0}, {0x1b1ef90, 0xc000344000})
2025-07-28T19:03:54.3641689Z             	/home/runner/work/subnet-evm/subnet-evm/sync/client/leaf_syncer.go:134 +0x6fd
2025-07-28T19:03:54.3642602Z             github.com/ava-labs/subnet-evm/sync/client.(*CallbackLeafSyncer).workerLoop(0xc001c2d020, {0x1b19588, 0xc0000f47d0})
2025-07-28T19:03:54.3643662Z             	/home/runner/work/subnet-evm/subnet-evm/sync/client/leaf_syncer.go:70 +0x135
2025-07-28T19:03:54.3644366Z             github.com/ava-labs/subnet-evm/sync/client.(*CallbackLeafSyncer).Start.func1()
2025-07-28T19:03:54.3645107Z             	/home/runner/work/subnet-evm/subnet-evm/sync/client/leaf_syncer.go:154 +0x47
2025-07-28T19:03:54.3645647Z             golang.org/x/sync/errgroup.(*Group).Go.func1()
2025-07-28T19:03:54.3646327Z             	/home/runner/go/pkg/mod/golang.org/x/sync@v0.12.0/errgroup/errgroup.go:78 +0x92
2025-07-28T19:03:54.3646972Z             created by golang.org/x/sync/errgroup.(*Group).Go in goroutine 10
2025-07-28T19:03:54.3647704Z             	/home/runner/go/pkg/mod/golang.org/x/sync@v0.12.0/errgroup/errgroup.go:75 +0x125
2025-07-28T19:03:54.3648080Z             
2025-07-28T19:03:54.3648378Z             goroutine 93 [sync.RWMutex.Lock]:
2025-07-28T19:03:54.3648890Z             sync.runtime_SemacquireRWMutex(0xc0004baa7c?, 0x3?, 0xc000174040?)
2025-07-28T19:03:54.3649527Z             	/opt/hostedtoolcache/go/1.23.9/x64/src/runtime/sema.go:105 +0x25
2025-07-28T19:03:54.3649959Z             sync.(*RWMutex).Lock(0xc0004baa68)
2025-07-28T19:03:54.3650508Z             	/opt/hostedtoolcache/go/1.23.9/x64/src/sync/rwmutex.go:153 +0x8b
2025-07-28T19:03:54.3651117Z             github.com/ava-labs/libevm/ethdb/memorydb.(*batch).Write(0xc0003e1680)
2025-07-28T19:03:54.3652022Z             	/home/runner/go/pkg/mod/github.com/ava-labs/libevm@v1.13.14-0.3.0.rc.1/ethdb/memorydb/memorydb.go:244 +0x5b
2025-07-28T19:03:54.3653070Z             github.com/ava-labs/subnet-evm/sync/statesync.(*trieToSync).segmentFinished(0xc0002b22c0, {0x1b19588, 0xc0000f47d0}, 0x0)
2025-07-28T19:03:54.3654181Z             	/home/runner/work/subnet-evm/subnet-evm/sync/statesync/trie_segments.go:204 +0x108d
2025-07-28T19:03:54.3655091Z             github.com/ava-labs/subnet-evm/sync/statesync.(*trieSegment).OnFinish(0xc0001d6230, {0x1b19588, 0xc0000f47d0})
2025-07-28T19:03:54.3655964Z             	/home/runner/work/subnet-evm/subnet-evm/sync/statesync/trie_segments.go:349 +0xc6
2025-07-28T19:03:54.3657026Z             github.com/ava-labs/subnet-evm/sync/client.(*CallbackLeafSyncer).syncTask(0xc001c2d020, {0x1b19588, 0xc0000f47d0}, {0x1b1ef90, 0xc0001d6230})
2025-07-28T19:03:54.3657964Z             	/home/runner/work/subnet-evm/subnet-evm/sync/client/leaf_syncer.go:134 +0x6fd
2025-07-28T19:03:54.3658882Z             github.com/ava-labs/subnet-evm/sync/client.(*CallbackLeafSyncer).workerLoop(0xc001c2d020, {0x1b19588, 0xc0000f47d0})
2025-07-28T19:03:54.3659881Z             	/home/runner/work/subnet-evm/subnet-evm/sync/client/leaf_syncer.go:70 +0x135
2025-07-28T19:03:54.3660675Z             github.com/ava-labs/subnet-evm/sync/client.(*CallbackLeafSyncer).Start.func1()
2025-07-28T19:03:54.3661418Z             	/home/runner/work/subnet-evm/subnet-evm/sync/client/leaf_syncer.go:154 +0x47
2025-07-28T19:03:54.3661959Z             golang.org/x/sync/errgroup.(*Group).Go.func1()
2025-07-28T19:03:54.3662637Z             	/home/runner/go/pkg/mod/golang.org/x/sync@v0.12.0/errgroup/errgroup.go:78 +0x92
2025-07-28T19:03:54.3663279Z             created by golang.org/x/sync/errgroup.(*Group).Go in goroutine 10
2025-07-28T19:03:54.3664231Z             	/home/runner/go/pkg/mod/golang.org/x/sync@v0.12.0/errgroup/errgroup.go:75 +0x125
2025-07-28T19:03:54.3664620Z             
2025-07-28T19:03:54.3664908Z             goroutine 94 [sync.Mutex.Lock]:
2025-07-28T19:03:54.3665386Z             sync.runtime_SemacquireMutex(0xc00141309f?, 0x31?, 0x32?)
2025-07-28T19:03:54.3665996Z             	/opt/hostedtoolcache/go/1.23.9/x64/src/runtime/sema.go:95 +0x25
2025-07-28T19:03:54.3666436Z             sync.(*Mutex).lockSlow(0xc0004baa68)
2025-07-28T19:03:54.3667000Z             	/opt/hostedtoolcache/go/1.23.9/x64/src/sync/mutex.go:173 +0x213
2025-07-28T19:03:54.3667423Z             sync.(*Mutex).Lock(0xc0004baa68)
2025-07-28T19:03:54.3667962Z             	/opt/hostedtoolcache/go/1.23.9/x64/src/sync/mutex.go:92 +0x55
2025-07-28T19:03:54.3668382Z             sync.(*RWMutex).Lock(0xc0004baa68)
2025-07-28T19:03:54.3668939Z             	/opt/hostedtoolcache/go/1.23.9/x64/src/sync/rwmutex.go:148 +0x45
2025-07-28T19:03:54.3669553Z             github.com/ava-labs/libevm/ethdb/memorydb.(*batch).Write(0xc0003d36e0)
2025-07-28T19:03:54.3670454Z             	/home/runner/go/pkg/mod/github.com/ava-labs/libevm@v1.13.14-0.3.0.rc.1/ethdb/memorydb/memorydb.go:244 +0x5b
2025-07-28T19:03:54.3671498Z             github.com/ava-labs/subnet-evm/sync/statesync.(*trieToSync).segmentFinished(0xc0002b2370, {0x1b19588, 0xc0000f47d0}, 0x0)
2025-07-28T19:03:54.3672425Z             	/home/runner/work/subnet-evm/subnet-evm/sync/statesync/trie_segments.go:204 +0x108d
2025-07-28T19:03:54.3673322Z             github.com/ava-labs/subnet-evm/sync/statesync.(*trieSegment).OnFinish(0xc0004742a0, {0x1b19588, 0xc0000f47d0})
2025-07-28T19:03:54.3674371Z             	/home/runner/work/subnet-evm/subnet-evm/sync/statesync/trie_segments.go:349 +0xc6
2025-07-28T19:03:54.3675460Z             github.com/ava-labs/subnet-evm/sync/client.(*CallbackLeafSyncer).syncTask(0xc001c2d020, {0x1b19588, 0xc0000f47d0}, {0x1b1ef90, 0xc0004742a0})
2025-07-28T19:03:54.3676401Z             	/home/runner/work/subnet-evm/subnet-evm/sync/client/leaf_syncer.go:134 +0x6fd
2025-07-28T19:03:54.3677315Z             github.com/ava-labs/subnet-evm/sync/client.(*CallbackLeafSyncer).workerLoop(0xc001c2d020, {0x1b19588, 0xc0000f47d0})
2025-07-28T19:03:54.3678171Z             	/home/runner/work/subnet-evm/subnet-evm/sync/client/leaf_syncer.go:70 +0x135
2025-07-28T19:03:54.3678867Z             github.com/ava-labs/subnet-evm/sync/client.(*CallbackLeafSyncer).Start.func1()
2025-07-28T19:03:54.3679608Z             	/home/runner/work/subnet-evm/subnet-evm/sync/client/leaf_syncer.go:154 +0x47
2025-07-28T19:03:54.3680148Z             golang.org/x/sync/errgroup.(*Group).Go.func1()
2025-07-28T19:03:54.3680826Z             	/home/runner/go/pkg/mod/golang.org/x/sync@v0.12.0/errgroup/errgroup.go:78 +0x92
2025-07-28T19:03:54.3681475Z             created by golang.org/x/sync/errgroup.(*Group).Go in goroutine 10
2025-07-28T19:03:54.3682209Z             	/home/runner/go/pkg/mod/golang.org/x/sync@v0.12.0/errgroup/errgroup.go:75 +0x125
2025-07-28T19:03:54.3682592Z             
2025-07-28T19:03:54.3682848Z             goroutine 95 [runnable]:
2025-07-28T19:03:54.3683907Z             github.com/ava-labs/libevm/ethdb/memorydb.(*Database).NewIterator(0xc0004baa60, {0xc001104e10, 0x2d, 0x2d}, {0x0, 0x0, 0x4850b9?})
2025-07-28T19:03:54.3685197Z             	/home/runner/go/pkg/mod/github.com/ava-labs/libevm@v1.13.14-0.3.0.rc.1/ethdb/memorydb/memorydb.go:158 +0x34d
2025-07-28T19:03:54.3686418Z             github.com/ava-labs/subnet-evm/plugin/evm/customrawdb.clearPrefix({0x7fd9049d21a0, 0xc000457510}, {0xc001104e10, 0x2d, 0x2d}, 0x4d)
2025-07-28T19:03:54.3687482Z             	/home/runner/work/subnet-evm/subnet-evm/plugin/evm/customrawdb/accessors_state_sync.go:199 +0x96
2025-07-28T19:03:54.3688722Z             github.com/ava-labs/subnet-evm/plugin/evm/customrawdb.ClearSyncSegments({0x7fd9049d21a0, 0xc000457510}, {0xf6, 0xe9, 0xcc, 0x4c, 0x5e, 0xbc, 0xaf, 0x6e, ...})
2025-07-28T19:03:54.3689852Z             	/home/runner/work/subnet-evm/subnet-evm/plugin/evm/customrawdb/accessors_state_sync.go:90 +0x133
2025-07-28T19:03:54.3690871Z             github.com/ava-labs/subnet-evm/sync/statesync.(*trieToSync).segmentFinished(0xc0001b0f20, {0x1b19588, 0xc0000f47d0}, 0x0)
2025-07-28T19:03:54.3691794Z             	/home/runner/work/subnet-evm/subnet-evm/sync/statesync/trie_segments.go:235 +0xc05
2025-07-28T19:03:54.3692692Z             github.com/ava-labs/subnet-evm/sync/statesync.(*trieSegment).OnFinish(0xc000474070, {0x1b19588, 0xc0000f47d0})
2025-07-28T19:03:54.3693740Z             	/home/runner/work/subnet-evm/subnet-evm/sync/statesync/trie_segments.go:349 +0xc6
2025-07-28T19:03:54.3694808Z             github.com/ava-labs/subnet-evm/sync/client.(*CallbackLeafSyncer).syncTask(0xc001c2d020, {0x1b19588, 0xc0000f47d0}, {0x1b1ef90, 0xc000474070})
2025-07-28T19:03:54.3695736Z             	/home/runner/work/subnet-evm/subnet-evm/sync/client/leaf_syncer.go:134 +0x6fd
2025-07-28T19:03:54.3696652Z             github.com/ava-labs/subnet-evm/sync/client.(*CallbackLeafSyncer).workerLoop(0xc001c2d020, {0x1b19588, 0xc0000f47d0})
2025-07-28T19:03:54.3697509Z             	/home/runner/work/subnet-evm/subnet-evm/sync/client/leaf_syncer.go:70 +0x135
2025-07-28T19:03:54.3698207Z             github.com/ava-labs/subnet-evm/sync/client.(*CallbackLeafSyncer).Start.func1()
2025-07-28T19:03:54.3698944Z             	/home/runner/work/subnet-evm/subnet-evm/sync/client/leaf_syncer.go:154 +0x47
2025-07-28T19:03:54.3699487Z             golang.org/x/sync/errgroup.(*Group).Go.func1()
2025-07-28T19:03:54.3700172Z             	/home/runner/go/pkg/mod/golang.org/x/sync@v0.12.0/errgroup/errgroup.go:78 +0x92
2025-07-28T19:03:54.3700813Z             created by golang.org/x/sync/errgroup.(*Group).Go in goroutine 10
2025-07-28T19:03:54.3701551Z             	/home/runner/go/pkg/mod/golang.org/x/sync@v0.12.0/errgroup/errgroup.go:75 +0x125
2025-07-28T19:03:54.3701932Z             
2025-07-28T19:03:54.3702221Z             goroutine 96 [sync.Mutex.Lock]:
2025-07-28T19:03:54.3702649Z             sync.runtime_SemacquireMutex(0x30?, 0x50?, 0x30?)
2025-07-28T19:03:54.3703238Z             	/opt/hostedtoolcache/go/1.23.9/x64/src/runtime/sema.go:95 +0x25
2025-07-28T19:03:54.3703856Z             sync.(*Mutex).lockSlow(0xc0004baa68)
2025-07-28T19:03:54.3704412Z             	/opt/hostedtoolcache/go/1.23.9/x64/src/sync/mutex.go:173 +0x213
2025-07-28T19:03:54.3704834Z             sync.(*Mutex).Lock(0xc0004baa68)
2025-07-28T19:03:54.3705365Z             	/opt/hostedtoolcache/go/1.23.9/x64/src/sync/mutex.go:92 +0x55
2025-07-28T19:03:54.3705794Z             sync.(*RWMutex).Lock(0xc0004baa68)
2025-07-28T19:03:54.3706344Z             	/opt/hostedtoolcache/go/1.23.9/x64/src/sync/rwmutex.go:148 +0x45
2025-07-28T19:03:54.3706958Z             github.com/ava-labs/libevm/ethdb/memorydb.(*batch).Write(0xc001cf6210)
2025-07-28T19:03:54.3707866Z             	/home/runner/go/pkg/mod/github.com/ava-labs/libevm@v1.13.14-0.3.0.rc.1/ethdb/memorydb/memorydb.go:244 +0x5b
2025-07-28T19:03:54.3708970Z             github.com/ava-labs/subnet-evm/plugin/evm/customrawdb.clearPrefix({0x7fd9049d21a0, 0xc000457510}, {0xc001104bd0, 0x2c, 0x2c}, 0x4c)
2025-07-28T19:03:54.3710027Z             	/home/runner/work/subnet-evm/subnet-evm/plugin/evm/customrawdb/accessors_state_sync.go:221 +0x3a5
2025-07-28T19:03:54.3711456Z             github.com/ava-labs/subnet-evm/plugin/evm/customrawdb.ClearSyncStorageTrie({0x7fd9049d21a0, 0xc000457510}, {0xf6, 0x95, 0x79, 0xdd, 0x39, 0x3e, 0x95, 0x78, ...})
2025-07-28T19:03:54.3712699Z             	/home/runner/work/subnet-evm/subnet-evm/plugin/evm/customrawdb/accessors_state_sync.go:134 +0x133
2025-07-28T19:03:54.3713685Z             github.com/ava-labs/subnet-evm/sync/statesync.(*trieQueue).StorageTrieDone(...)
2025-07-28T19:03:54.3714422Z             	/home/runner/work/subnet-evm/subnet-evm/sync/statesync/trie_queue.go:57
2025-07-28T19:03:54.3715533Z             github.com/ava-labs/subnet-evm/sync/statesync.(*stateSync).onStorageTrieFinished(0xc00043a000, {0xf6, 0x95, 0x79, 0xdd, 0x39, 0x3e, 0x95, 0x78, 0x86, ...})
2025-07-28T19:03:54.3716538Z             	/home/runner/work/subnet-evm/subnet-evm/sync/statesync/state_syncer.go:116 +0x199
2025-07-28T19:03:54.3717309Z             github.com/ava-labs/subnet-evm/sync/statesync.(*storageTrieTask).OnFinish(0xc0001804c0)
2025-07-28T19:03:54.3718132Z             	/home/runner/work/subnet-evm/subnet-evm/sync/statesync/trie_sync_tasks.go:139 +0xd9
2025-07-28T19:03:54.3719106Z             github.com/ava-labs/subnet-evm/sync/statesync.(*trieToSync).segmentFinished(0xc0002b2000, {0x1b19588, 0xc0000f47d0}, 0x0)
2025-07-28T19:03:54.3720029Z             	/home/runner/work/subnet-evm/subnet-evm/sync/statesync/trie_segments.go:238 +0xcd8
2025-07-28T19:03:54.3720917Z             github.com/ava-labs/subnet-evm/sync/statesync.(*trieSegment).OnFinish(0xc0003fa000, {0x1b19588, 0xc0000f47d0})
2025-07-28T19:03:54.3721787Z             	/home/runner/work/subnet-evm/subnet-evm/sync/statesync/trie_segments.go:349 +0xc6
2025-07-28T19:03:54.3722847Z             github.com/ava-labs/subnet-evm/sync/client.(*CallbackLeafSyncer).syncTask(0xc001c2d020, {0x1b19588, 0xc0000f47d0}, {0x1b1ef90, 0xc0003fa000})
2025-07-28T19:03:54.3723970Z             	/home/runner/work/subnet-evm/subnet-evm/sync/client/leaf_syncer.go:134 +0x6fd
2025-07-28T19:03:54.3724904Z             github.com/ava-labs/subnet-evm/sync/client.(*CallbackLeafSyncer).workerLoop(0xc001c2d020, {0x1b19588, 0xc0000f47d0})
2025-07-28T19:03:54.3725768Z             	/home/runner/work/subnet-evm/subnet-evm/sync/client/leaf_syncer.go:70 +0x135
2025-07-28T19:03:54.3726475Z             github.com/ava-labs/subnet-evm/sync/client.(*CallbackLeafSyncer).Start.func1()
2025-07-28T19:03:54.3727222Z             	/home/runner/work/subnet-evm/subnet-evm/sync/client/leaf_syncer.go:154 +0x47
2025-07-28T19:03:54.3727758Z             golang.org/x/sync/errgroup.(*Group).Go.func1()
2025-07-28T19:03:54.3728442Z             	/home/runner/go/pkg/mod/golang.org/x/sync@v0.12.0/errgroup/errgroup.go:78 +0x92
2025-07-28T19:03:54.3729096Z             created by golang.org/x/sync/errgroup.(*Group).Go in goroutine 10
2025-07-28T19:03:54.3729829Z             	/home/runner/go/pkg/mod/golang.org/x/sync@v0.12.0/errgroup/errgroup.go:75 +0x125
2025-07-28T19:03:54.3730215Z             
2025-07-28T19:03:54.3730520Z             goroutine 97 [sync.RWMutex.RLock]:
2025-07-28T19:03:54.3731030Z             sync.runtime_SemacquireRWMutexR(0xc0004baa78?, 0x1?, 0x4850b9?)
2025-07-28T19:03:54.3731660Z             	/opt/hostedtoolcache/go/1.23.9/x64/src/runtime/sema.go:100 +0x25
2025-07-28T19:03:54.3732112Z             sync.(*RWMutex).RLock(0xc0004baa68)
2025-07-28T19:03:54.3732672Z             	/opt/hostedtoolcache/go/1.23.9/x64/src/sync/rwmutex.go:72 +0x65
2025-07-28T19:03:54.3733901Z             github.com/ava-labs/libevm/ethdb/memorydb.(*Database).NewIterator(0xc0004baa60, {0xc000aabe90, 0x21, 0x21}, {0xc000b8f3e0, 0x0, 0x20?})
2025-07-28T19:03:54.3735033Z             	/home/runner/go/pkg/mod/github.com/ava-labs/libevm@v1.13.14-0.3.0.rc.1/ethdb/memorydb/memorydb.go:147 +0x85
2025-07-28T19:03:54.3736286Z             github.com/ava-labs/subnet-evm/core/state/snapshot.(*diskLayer).StorageIterator(0xc000150500, {0xa6, 0xd7, 0xff, 0x74, 0x1e, 0x89, 0x18, 0xca, 0xfb, ...}, ...)
2025-07-28T19:03:54.3737317Z             	/home/runner/work/subnet-evm/subnet-evm/core/state/snapshot/iterator.go:336 +0x1ca
2025-07-28T19:03:54.3738545Z             github.com/ava-labs/subnet-evm/sync/statesync.(*storageTrieTask).IterateLeafs(0xc0002ac0c0, {0x0, 0x0, 0x0, 0x0, 0x0, 0x0, 0x0, 0x0, 0x0, ...})
2025-07-28T19:03:54.3739689Z             	/home/runner/work/subnet-evm/subnet-evm/sync/statesync/trie_sync_tasks.go:107 +0x184
2025-07-28T19:03:54.3740671Z             github.com/ava-labs/subnet-evm/sync/statesync.(*trieToSync).segmentFinished(0xc0002b20b0, {0x1b19588, 0xc0000f47d0}, 0x0)
2025-07-28T19:03:54.3741648Z             	/home/runner/work/subnet-evm/subnet-evm/sync/statesync/trie_segments.go:186 +0x5bc
2025-07-28T19:03:54.3742546Z             github.com/ava-labs/subnet-evm/sync/statesync.(*trieSegment).OnFinish(0xc0001d60e0, {0x1b19588, 0xc0000f47d0})
2025-07-28T19:03:54.3743597Z             	/home/runner/work/subnet-evm/subnet-evm/sync/statesync/trie_segments.go:349 +0xc6
2025-07-28T19:03:54.3744670Z             github.com/ava-labs/subnet-evm/sync/client.(*CallbackLeafSyncer).syncTask(0xc001c2d020, {0x1b19588, 0xc0000f47d0}, {0x1b1ef90, 0xc0001d60e0})
2025-07-28T19:03:54.3745620Z             	/home/runner/work/subnet-evm/subnet-evm/sync/client/leaf_syncer.go:134 +0x6fd
2025-07-28T19:03:54.3746543Z             github.com/ava-labs/subnet-evm/sync/client.(*CallbackLeafSyncer).workerLoop(0xc001c2d020, {0x1b19588, 0xc0000f47d0})
2025-07-28T19:03:54.3747399Z             	/home/runner/work/subnet-evm/subnet-evm/sync/client/leaf_syncer.go:70 +0x135
2025-07-28T19:03:54.3748100Z             github.com/ava-labs/subnet-evm/sync/client.(*CallbackLeafSyncer).Start.func1()
2025-07-28T19:03:54.3748858Z             	/home/runner/work/subnet-evm/subnet-evm/sync/client/leaf_syncer.go:154 +0x47
2025-07-28T19:03:54.3749398Z             golang.org/x/sync/errgroup.(*Group).Go.func1()
2025-07-28T19:03:54.3750072Z             	/home/runner/go/pkg/mod/golang.org/x/sync@v0.12.0/errgroup/errgroup.go:78 +0x92
2025-07-28T19:03:54.3750720Z             created by golang.org/x/sync/errgroup.(*Group).Go in goroutine 10
2025-07-28T19:03:54.3751457Z             	/home/runner/go/pkg/mod/golang.org/x/sync@v0.12.0/errgroup/errgroup.go:75 +0x125
2025-07-28T19:03:54.3751840Z             
2025-07-28T19:03:54.3752106Z             goroutine 98 [semacquire]:
2025-07-28T19:03:54.3752479Z             sync.runtime_Semacquire(0xc0002ac250?)
2025-07-28T19:03:54.3753050Z             	/opt/hostedtoolcache/go/1.23.9/x64/src/runtime/sema.go:71 +0x25
2025-07-28T19:03:54.3753661Z             sync.(*WaitGroup).Wait(0xc0002ac248)
2025-07-28T19:03:54.3754245Z             	/opt/hostedtoolcache/go/1.23.9/x64/src/sync/waitgroup.go:118 +0xa5
2025-07-28T19:03:54.3754797Z             golang.org/x/sync/errgroup.(*Group).Wait(0xc0002ac240)
2025-07-28T19:03:54.3755494Z             	/home/runner/go/pkg/mod/golang.org/x/sync@v0.12.0/errgroup/errgroup.go:56 +0x38
2025-07-28T19:03:54.3756203Z             github.com/ava-labs/subnet-evm/sync/client.(*CallbackLeafSyncer).Start.func2()
2025-07-28T19:03:54.3756945Z             	/home/runner/work/subnet-evm/subnet-evm/sync/client/leaf_syncer.go:159 +0x4f
2025-07-28T19:03:54.3757764Z             created by github.com/ava-labs/subnet-evm/sync/client.(*CallbackLeafSyncer).Start in goroutine 10
2025-07-28T19:03:54.3758563Z             	/home/runner/work/subnet-evm/subnet-evm/sync/client/leaf_syncer.go:158 +0x2ac
2025-07-28T19:03:54.3758937Z             
2025-07-28T19:03:54.3759216Z             goroutine 99 [chan receive]:
2025-07-28T19:03:54.3759766Z             github.com/ava-labs/subnet-evm/sync/statesync.(*stateSync).Start.func1()
2025-07-28T19:03:54.3760524Z             	/home/runner/work/subnet-evm/subnet-evm/sync/statesync/state_syncer.go:226 +0x7e
2025-07-28T19:03:54.3761083Z             golang.org/x/sync/errgroup.(*Group).Go.func1()
2025-07-28T19:03:54.3761763Z             	/home/runner/go/pkg/mod/golang.org/x/sync@v0.12.0/errgroup/errgroup.go:78 +0x92
2025-07-28T19:03:54.3762403Z             created by golang.org/x/sync/errgroup.(*Group).Go in goroutine 10
2025-07-28T19:03:54.3763295Z             	/home/runner/go/pkg/mod/golang.org/x/sync@v0.12.0/errgroup/errgroup.go:75 +0x125
2025-07-28T19:03:54.3764076Z             
2025-07-28T19:03:54.3764517Z             goroutine 101 [runnable]:
2025-07-28T19:03:54.3765239Z             internal/stringslite.HasPrefix({0xc000b4cb20?, 0x20?}, {0xc0005038c0?, 0xc?})
2025-07-28T19:03:54.3766032Z             	/opt/hostedtoolcache/go/1.23.9/x64/src/internal/stringslite/strings.go:16 +0x4c
2025-07-28T19:03:54.3766637Z             strings.HasPrefix(...)
2025-07-28T19:03:54.3767176Z             	/opt/hostedtoolcache/go/1.23.9/x64/src/strings/strings.go:462
2025-07-28T19:03:54.3768168Z             github.com/ava-labs/libevm/ethdb/memorydb.(*Database).NewIterator(0xc0004baa60, {0x23359e8, 0xc, 0xc}, {0xc000fe47a0, 0x20, 0x3309dcc?})
2025-07-28T19:03:54.3769278Z             	/home/runner/go/pkg/mod/github.com/ava-labs/libevm@v1.13.14-0.3.0.rc.1/ethdb/memorydb/memorydb.go:159 +0x3eb
2025-07-28T19:03:54.3770149Z             github.com/ava-labs/subnet-evm/plugin/evm/customrawdb.NewSyncStorageTriesIterator(...)
2025-07-28T19:03:54.3771045Z             	/home/runner/work/subnet-evm/subnet-evm/plugin/evm/customrawdb/accessors_state_sync.go:120
2025-07-28T19:03:54.3771878Z             github.com/ava-labs/subnet-evm/sync/statesync.(*trieQueue).getNextTrie(0xc001c2d080)
2025-07-28T19:03:54.3772664Z             	/home/runner/work/subnet-evm/subnet-evm/sync/statesync/trie_queue.go:66 +0x192
2025-07-28T19:03:54.3773851Z             github.com/ava-labs/subnet-evm/sync/statesync.(*stateSync).storageTrieProducer(0xc00043a000, {0x1b19588, 0xc0000f4460})
2025-07-28T19:03:54.3774764Z             	/home/runner/work/subnet-evm/subnet-evm/sync/statesync/state_syncer.go:180 +0x245
2025-07-28T19:03:54.3775457Z             github.com/ava-labs/subnet-evm/sync/statesync.(*stateSync).Start.func3()
2025-07-28T19:03:54.3776209Z             	/home/runner/work/subnet-evm/subnet-evm/sync/statesync/state_syncer.go:236 +0x59
2025-07-28T19:03:54.3776768Z             golang.org/x/sync/errgroup.(*Group).Go.func1()
2025-07-28T19:03:54.3777454Z             	/home/runner/go/pkg/mod/golang.org/x/sync@v0.12.0/errgroup/errgroup.go:78 +0x92
2025-07-28T19:03:54.3778096Z             created by golang.org/x/sync/errgroup.(*Group).Go in goroutine 10
2025-07-28T19:03:54.3778835Z             	/home/runner/go/pkg/mod/golang.org/x/sync@v0.12.0/errgroup/errgroup.go:75 +0x125
2025-07-28T19:03:54.3779210Z             
2025-07-28T19:03:54.3779484Z             goroutine 102 [semacquire]:
2025-07-28T19:03:54.3779862Z             sync.runtime_Semacquire(0xc0002ac190?)
2025-07-28T19:03:54.3780434Z             	/opt/hostedtoolcache/go/1.23.9/x64/src/runtime/sema.go:71 +0x25
2025-07-28T19:03:54.3780875Z             sync.(*WaitGroup).Wait(0xc0002ac188)
2025-07-28T19:03:54.3781459Z             	/opt/hostedtoolcache/go/1.23.9/x64/src/sync/waitgroup.go:118 +0xa5
2025-07-28T19:03:54.3782007Z             golang.org/x/sync/errgroup.(*Group).Wait(0xc0002ac180)
2025-07-28T19:03:54.3782701Z             	/home/runner/go/pkg/mod/golang.org/x/sync@v0.12.0/errgroup/errgroup.go:56 +0x38
2025-07-28T19:03:54.3783562Z             github.com/ava-labs/subnet-evm/sync/statesync.(*stateSync).Start.func4()
2025-07-28T19:03:54.3784324Z             	/home/runner/work/subnet-evm/subnet-evm/sync/statesync/state_syncer.go:242 +0x49
2025-07-28T19:03:54.3785118Z             created by github.com/ava-labs/subnet-evm/sync/statesync.(*stateSync).Start in goroutine 10
2025-07-28T19:03:54.3785923Z             	/home/runner/work/subnet-evm/subnet-evm/sync/statesync/state_syncer.go:241 +0x465
2025-07-28T19:03:54.3786319Z             
2025-07-28T19:03:54.3786694Z         sync_test.go:85: unexpected timeout waiting for sync result
2025-07-28T19:03:54.3786980Z FAIL
2025-07-28T19:03:54.3787152Z coverage: 77.0% of statements
2025-07-28T19:03:54.3787445Z FAIL	github.com/ava-labs/subnet-evm/sync/statesync	132.227s
2025-07-28T19:03:54.3787905Z ok  	github.com/ava-labs/subnet-evm/triedb/pathdb	66.226s	coverage: 75.2% of statements
2025-07-28T19:03:54.3788402Z ok  	github.com/ava-labs/subnet-evm/utils	1.061s	coverage: 22.8% of statements
2025-07-28T19:03:54.3789063Z ok  	github.com/ava-labs/subnet-evm/utils/utilstest	1.093s	coverage: 33.3% of statements
2025-07-28T19:03:54.3789560Z ok  	github.com/ava-labs/subnet-evm/warp	1.179s	coverage: 48.0% of statements
2025-07-28T19:03:54.3790166Z ok  	github.com/ava-labs/subnet-evm/warp/validators	1.090s	coverage: 100.0% of statements
2025-07-28T19:03:54.3790533Z FAIL
2025-07-28T19:03:54.7372020Z Unexpected test failures: TestPrecompileBind
2025-07-28T19:03:54.7376010Z task: Failed to run task "build-test": exit status 1
2025-07-28T19:03:54.7387948Z exit status 201
2025-07-28T19:03:54.7442815Z ##[error]Process completed with exit code 1.
2025-07-28T19:03:54.7545944Z Post job cleanup.
2025-07-28T19:03:54.8534156Z [command]/usr/bin/git version
2025-07-28T19:03:54.8573005Z git version 2.50.1
2025-07-28T19:03:54.8618676Z Temporarily overriding HOME='/home/runner/work/_temp/efd84bf7-3b71-4bc7-9d76-23a20e158da4' before making global git config changes
2025-07-28T19:03:54.8620149Z Adding repository directory to the temporary git global config as a safe directory
2025-07-28T19:03:54.8633147Z [command]/usr/bin/git config --global --add safe.directory /home/runner/work/subnet-evm/subnet-evm
2025-07-28T19:03:54.8672241Z [command]/usr/bin/git config --local --name-only --get-regexp core\.sshCommand
2025-07-28T19:03:54.8707097Z [command]/usr/bin/git submodule foreach --recursive sh -c "git config --local --name-only --get-regexp 'core\.sshCommand' && git config --local --unset-all 'core.sshCommand' || :"
2025-07-28T19:03:54.8945591Z [command]/usr/bin/git config --local --name-only --get-regexp http\.https\:\/\/github\.com\/\.extraheader
2025-07-28T19:03:54.8969406Z http.https://github.com/.extraheader
2025-07-28T19:03:54.8983324Z [command]/usr/bin/git config --local --unset-all http.https://github.com/.extraheader
2025-07-28T19:03:54.9017739Z [command]/usr/bin/git submodule foreach --recursive sh -c "git config --local --name-only --get-regexp 'http\.https\:\/\/github\.com\/\.extraheader' && git config --local --unset-all 'http.https://github.com/.extraheader' || :"
2025-07-28T19:03:54.9377985Z Cleaning up orphan processes
