2025-07-01T14:44:15.8751537Z ##[group]Run ava-labs/avalanchego/.github/actions/run-monitored-tmpnet-cmd@092cf182dd92b66a8ab882b657d3ae52b174c913
2025-07-01T14:44:15.8752071Z with:
2025-07-01T14:44:15.8752293Z   run: ./scripts/run_task.sh test-e2e-load-ci
2025-07-01T14:44:15.8752571Z   artifact_prefix: load
2025-07-01T14:44:15.8752901Z   prometheus_username: ***
2025-07-01T14:44:15.8753236Z   prometheus_password: ***
2025-07-01T14:44:15.8753473Z   loki_username: ***
2025-07-01T14:44:15.8753758Z   loki_password: ***
2025-07-01T14:44:15.8753965Z   runtime: process
2025-07-01T14:44:15.8754168Z   repository_owner: ava-labs
2025-07-01T14:44:15.8754403Z   repository_name: subnet-evm
2025-07-01T14:44:15.8754626Z   workflow: Tests
2025-07-01T14:44:15.8754821Z   run_id: 16002582210
2025-07-01T14:44:15.8755019Z   run_number: 2076
2025-07-01T14:44:15.8755213Z   run_attempt: 1
2025-07-01T14:44:15.8755412Z   job: e2e_load
2025-07-01T14:44:15.8755601Z ##[endgroup]
2025-07-01T14:44:15.8845233Z ##[group]Run cachix/install-nix-action@02a151ada4993995686f9ed4f1be7cfbb229e56f
2025-07-01T14:44:15.8845665Z with:
2025-07-01T14:44:15.8845842Z   enable_kvm: true
2025-07-01T14:44:15.8846038Z ##[endgroup]
2025-07-01T14:44:15.8878026Z ##[group]Run ${GITHUB_ACTION_PATH}/install-nix.sh
2025-07-01T14:44:15.8878425Z [36;1m${GITHUB_ACTION_PATH}/install-nix.sh[0m
2025-07-01T14:44:15.8972122Z shell: /usr/bin/bash --noprofile --norc -e -o pipefail {0}
2025-07-01T14:44:15.8972469Z env:
2025-07-01T14:44:15.8972661Z   INPUT_EXTRA_NIX_CONFIG: 
2025-07-01T14:44:15.8972904Z   INPUT_GITHUB_ACCESS_TOKEN: 
2025-07-01T14:44:15.8973151Z   INPUT_INSTALL_OPTIONS: 
2025-07-01T14:44:15.8973374Z   INPUT_INSTALL_URL: 
2025-07-01T14:44:15.8973578Z   INPUT_NIX_PATH: 
2025-07-01T14:44:15.8973775Z   INPUT_ENABLE_KVM: true
2025-07-01T14:44:15.8974200Z   GITHUB_TOKEN: ***
2025-07-01T14:44:15.8974407Z ##[endgroup]
2025-07-01T14:44:15.9097312Z ##[group]Enabling KVM support
2025-07-01T14:44:15.9164167Z KERNEL=="kvm", GROUP="kvm", MODE="0666", OPTIONS+="static_node=kvm"
2025-07-01T14:44:15.9465667Z Enabled KVM
2025-07-01T14:44:15.9466408Z ##[endgroup]
2025-07-01T14:44:15.9466857Z ##[group]Installing Nix
2025-07-01T14:44:15.9750573Z installer options: --no-channel-add --darwin-use-unencrypted-nix-store-volume --nix-extra-conf-file /tmp/tmp.xyAiBh5L8T/nix.conf --daemon --daemon-user-count 8
2025-07-01T14:44:15.9852294Z * Host releases.nixos.org:443 was resolved.
2025-07-01T14:44:15.9852746Z * IPv6: 2a04:4e42:2f::729
2025-07-01T14:44:15.9852993Z * IPv4: 151.101.202.217
2025-07-01T14:44:15.9853226Z *   Trying 151.101.202.217:443...
2025-07-01T14:44:15.9862157Z * Connected to releases.nixos.org (151.101.202.217) port 443
2025-07-01T14:44:15.9875617Z * ALPN: curl offers h2,http/1.1
2025-07-01T14:44:15.9877610Z } [5 bytes data]
2025-07-01T14:44:15.9878219Z * TLSv1.3 (OUT), TLS handshake, Client hello (1):
2025-07-01T14:44:15.9878735Z } [512 bytes data]
2025-07-01T14:44:16.0092895Z *  CAfile: /etc/ssl/certs/ca-certificates.crt
2025-07-01T14:44:16.0093441Z *  CApath: /etc/ssl/certs
2025-07-01T14:44:16.0093826Z { [5 bytes data]
2025-07-01T14:44:16.0094253Z * TLSv1.3 (IN), TLS handshake, Server hello (2):
2025-07-01T14:44:16.0094728Z { [104 bytes data]
2025-07-01T14:44:16.0095136Z * TLSv1.2 (IN), TLS handshake, Certificate (11):
2025-07-01T14:44:16.0095619Z { [2827 bytes data]
2025-07-01T14:44:16.0100349Z * TLSv1.2 (IN), TLS handshake, Server key exchange (12):
2025-07-01T14:44:16.0100904Z { [300 bytes data]
2025-07-01T14:44:16.0101329Z * TLSv1.2 (IN), TLS handshake, Server finished (14):
2025-07-01T14:44:16.0101813Z { [4 bytes data]
2025-07-01T14:44:16.0102783Z * TLSv1.2 (OUT), TLS handshake, Client key exchange (16):
2025-07-01T14:44:16.0103302Z } [37 bytes data]
2025-07-01T14:44:16.0103899Z * TLSv1.2 (OUT), TLS change cipher, Change cipher spec (1):
2025-07-01T14:44:16.0104462Z } [1 bytes data]
2025-07-01T14:44:16.0104732Z * TLSv1.2 (OUT), TLS handshake, Finished (20):
2025-07-01T14:44:16.0105226Z } [16 bytes data]
2025-07-01T14:44:16.0112390Z * TLSv1.2 (IN), TLS handshake, Finished (20):
2025-07-01T14:44:16.0113195Z { [16 bytes data]
2025-07-01T14:44:16.0113801Z * SSL connection using TLSv1.2 / ECDHE-RSA-CHACHA20-POLY1305 / X25519 / RSASSA-PSS
2025-07-01T14:44:16.0114423Z * ALPN: server accepted h2
2025-07-01T14:44:16.0114671Z * Server certificate:
2025-07-01T14:44:16.0114910Z *  subject: CN=releases.nixos.org
2025-07-01T14:44:16.0115190Z *  start date: Oct 11 20:56:16 2024 GMT
2025-07-01T14:44:16.0115474Z *  expire date: Nov 12 20:56:15 2025 GMT
2025-07-01T14:44:16.0115884Z *  subjectAltName: host "releases.nixos.org" matched cert's "releases.nixos.org"
2025-07-01T14:44:16.0116406Z *  issuer: C=BE; O=GlobalSign nv-sa; CN=GlobalSign Atlas R3 DV TLS CA 2024 Q4
2025-07-01T14:44:16.0116783Z *  SSL certificate verify ok.
2025-07-01T14:44:16.0117236Z *   Certificate level 0: Public key type RSA (2048/112 Bits/secBits), signed using sha256WithRSAEncryption
2025-07-01T14:44:16.0118274Z *   Certificate level 1: Public key type RSA (2048/112 Bits/secBits), signed using sha256WithRSAEncryption
2025-07-01T14:44:16.0119386Z *   Certificate level 2: Public key type RSA (2048/112 Bits/secBits), signed using sha256WithRSAEncryption
2025-07-01T14:44:16.0119901Z } [5 bytes data]
2025-07-01T14:44:16.0120104Z * using HTTP/2
2025-07-01T14:44:16.0120454Z * [HTTP/2] [1] OPENED stream for https://releases.nixos.org/nix/nix-2.26.3/install
2025-07-01T14:44:16.0120852Z * [HTTP/2] [1] [:method: GET]
2025-07-01T14:44:16.0121097Z * [HTTP/2] [1] [:scheme: https]
2025-07-01T14:44:16.0121370Z * [HTTP/2] [1] [:authority: releases.nixos.org]
2025-07-01T14:44:16.0121687Z * [HTTP/2] [1] [:path: /nix/nix-2.26.3/install]
2025-07-01T14:44:16.0121970Z * [HTTP/2] [1] [user-agent: curl/8.5.0]
2025-07-01T14:44:16.0122236Z * [HTTP/2] [1] [accept: */*]
2025-07-01T14:44:16.0122461Z } [5 bytes data]
2025-07-01T14:44:16.0122681Z > GET /nix/nix-2.26.3/install HTTP/2
2025-07-01T14:44:16.0122953Z > Host: releases.nixos.org
2025-07-01T14:44:16.0123187Z > User-Agent: curl/8.5.0
2025-07-01T14:44:16.0123398Z > Accept: */*
2025-07-01T14:44:16.0123578Z > 
2025-07-01T14:44:16.0123743Z { [5 bytes data]
2025-07-01T14:44:16.0125198Z < HTTP/2 200 
2025-07-01T14:44:16.0125633Z < last-modified: Wed, 05 Mar 2025 18:21:15 GMT
2025-07-01T14:44:16.0126159Z < etag: "c6753896884bce9b95ec3ca7be157ef6"
2025-07-01T14:44:16.0126693Z < x-amz-server-side-encryption: AES256
2025-07-01T14:44:16.0127190Z < content-type: text/plain
2025-07-01T14:44:16.0127586Z < server: AmazonS3
2025-07-01T14:44:16.0128165Z < via: 1.1 varnish, 1.1 varnish
2025-07-01T14:44:16.0128597Z < access-control-allow-origin: *
2025-07-01T14:44:16.0129016Z < accept-ranges: bytes
2025-07-01T14:44:16.0129397Z < date: Tue, 01 Jul 2025 14:44:16 GMT
2025-07-01T14:44:16.0129799Z < age: 83270
2025-07-01T14:44:16.0130270Z < x-served-by: cache-dub4357-DUB, cache-pao-kpao1770043-PAO
2025-07-01T14:44:16.0130821Z < x-cache: HIT, HIT
2025-07-01T14:44:16.0131156Z < x-cache-hits: 435, 7
2025-07-01T14:44:16.0131527Z < content-length: 4267
2025-07-01T14:44:16.0131849Z < 
2025-07-01T14:44:16.0132120Z { [5 bytes data]
2025-07-01T14:44:16.0132585Z * Connection #0 to host releases.nixos.org left intact
2025-07-01T14:44:16.0195467Z downloading Nix 2.26.3 binary tarball for x86_64-linux from 'https://releases.nixos.org/nix/nix-2.26.3/nix-2.26.3-x86_64-linux.tar.xz' to '/tmp/nix-binary-tarball-unpack.Pgn3Ge44TE'...
2025-07-01T14:44:16.0239960Z   % Total    % Received % Xferd  Average Speed   Time    Time     Time  Current
2025-07-01T14:44:16.0241722Z                                  Dload  Upload   Total   Spent    Left  Speed
2025-07-01T14:44:16.0242135Z 
2025-07-01T14:44:16.0478905Z   0     0    0     0    0     0      0      0 --:--:-- --:--:-- --:--:--     0
2025-07-01T14:44:16.1601843Z   0     0    0     0    0     0      0      0 --:--:-- --:--:-- --:--:--     0
2025-07-01T14:44:16.1602610Z 100 22.6M  100 22.6M    0     0   166M      0 --:--:-- --:--:-- --:--:--  165M
2025-07-01T14:44:17.7117541Z Note: a multi-user installation is possible. See https://nixos.org/manual/nix/stable/installation/installing-binary.html#multi-user-installation
2025-07-01T14:44:17.7126377Z Warning: the flag --darwin-use-unencrypted-nix-store-volume
2025-07-01T14:44:17.7127430Z          is no longer needed and will be removed in the future.
2025-07-01T14:44:17.7128059Z 
2025-07-01T14:44:17.7137335Z [1;31mSwitching to the Multi-user Installer[0m
2025-07-01T14:44:17.7234486Z [32mWelcome to the Multi-User Nix Installation
2025-07-01T14:44:17.7244038Z [0m
2025-07-01T14:44:17.7244579Z This installation tool will set up your computer with the Nix package
2025-07-01T14:44:17.7245229Z manager. This will happen in a few stages:
2025-07-01T14:44:17.7245548Z 
2025-07-01T14:44:17.7245871Z 1. Make sure your computer doesn't already have Nix. If it does, I
2025-07-01T14:44:17.7246659Z    will show you instructions on how to clean up your old install.
2025-07-01T14:44:17.7247078Z 
2025-07-01T14:44:17.7247357Z 2. Show you what I am going to install and where. Then I will ask
2025-07-01T14:44:17.7248117Z    if you are ready to continue.
2025-07-01T14:44:17.7248388Z 
2025-07-01T14:44:17.7248917Z 3. Create the system users [34m(uids [30001..30008])[0m and groups [34m(gid 30000)[0m
2025-07-01T14:44:17.7249713Z    that the Nix daemon uses to run builds. To create system users
2025-07-01T14:44:17.7250158Z    in a different range, exit and run this tool again with
2025-07-01T14:44:17.7250510Z    NIX_FIRST_BUILD_UID set.
2025-07-01T14:44:17.7250661Z 
2025-07-01T14:44:17.7250830Z 4. Perform the basic installation of the Nix files daemon.
2025-07-01T14:44:17.7251068Z 
2025-07-01T14:44:17.7251267Z 5. Configure your shell to import special Nix Profile files, so you
2025-07-01T14:44:17.7251628Z    can use Nix.
2025-07-01T14:44:17.7251745Z 
2025-07-01T14:44:17.7251843Z 6. Start the Nix daemon.
2025-07-01T14:44:17.7251988Z 
2025-07-01T14:44:17.7252277Z [32m[4;32mWould you like to see a more detailed list of what I will do?
2025-07-01T14:44:17.7252708Z [0mNo TTY, assuming you would say yes :)
2025-07-01T14:44:17.7255916Z 
2025-07-01T14:44:17.7256064Z I will:
2025-07-01T14:44:17.7256240Z 
2025-07-01T14:44:17.7256532Z  - make sure your computer doesn't already have Nix files
2025-07-01T14:44:17.7257204Z    (if it does, I will tell you how to clean them up.)
2025-07-01T14:44:17.7258000Z  - create local users (see the list above for the users I'll make)
2025-07-01T14:44:17.7258600Z  - create a local group (nixbld)
2025-07-01T14:44:17.7259016Z  - install Nix in /nix
2025-07-01T14:44:17.7259374Z  - create a configuration file in /etc/nix
2025-07-01T14:44:17.7259776Z  - set up the "default profile" by creating some Nix-related files in
2025-07-01T14:44:17.7260126Z    /root
2025-07-01T14:44:17.7272019Z  - back up /etc/bash.bashrc to /etc/bash.bashrc.backup-before-nix
2025-07-01T14:44:17.7272551Z  - update /etc/bash.bashrc to include some Nix configuration
2025-07-01T14:44:17.7283177Z  - load and start a service (at /etc/systemd/system/nix-daemon.service
2025-07-01T14:44:17.7283728Z    and /etc/systemd/system/nix-daemon.socket) for nix-daemon
2025-07-01T14:44:17.7284128Z 
2025-07-01T14:44:17.7285271Z [32m[4;32mReady to continue?
2025-07-01T14:44:17.7285840Z [0mNo TTY, assuming you would say yes :)
2025-07-01T14:44:17.7309115Z 
2025-07-01T14:44:17.7309651Z [34m---- let's talk about sudo -----------------------------------------------------
2025-07-01T14:44:17.7319409Z [0mThis script is going to call sudo a lot. Normally, it would show you
2025-07-01T14:44:17.7319933Z exactly what commands it is running and why. However, the script is
2025-07-01T14:44:17.7320499Z run in a headless fashion, like this:
2025-07-01T14:44:17.7320790Z 
2025-07-01T14:44:17.7321065Z   $ curl -L https://nixos.org/nix/install | sh
2025-07-01T14:44:17.7321418Z 
2025-07-01T14:44:17.7321741Z or maybe in a CI pipeline. Because of that, I'm going to skip the
2025-07-01T14:44:17.7322393Z verbose output in the interest of brevity.
2025-07-01T14:44:17.7322722Z 
2025-07-01T14:44:17.7323115Z If you would like to
2025-07-01T14:44:17.7323510Z see the output, try like this:
2025-07-01T14:44:17.7323786Z 
2025-07-01T14:44:17.7323992Z   $ curl -L -o install-nix https://nixos.org/nix/install
2025-07-01T14:44:17.7324461Z   $ sh ./install-nix
2025-07-01T14:44:17.7324593Z 
2025-07-01T14:44:17.7324607Z 
2025-07-01T14:44:17.7324831Z [32m~~> Checking for artifacts of previous installs
2025-07-01T14:44:17.7332128Z [0mBefore I try to install, I'll check for signs Nix already is or has
2025-07-01T14:44:17.7332719Z been installed on this system.
2025-07-01T14:44:17.7365491Z 
2025-07-01T14:44:17.7366317Z [34m---- Nix config report ---------------------------------------------------------
2025-07-01T14:44:17.7367084Z [0m[1m        Temp Dir[0m:	/tmp/tmp.dvXEJuf2SX
2025-07-01T14:44:17.7370020Z [1m        Nix Root[0m:	/nix
2025-07-01T14:44:17.7370512Z [1m     Build Users[0m:	8
2025-07-01T14:44:17.7370987Z [1m  Build Group ID[0m:	30000
2025-07-01T14:44:17.7371461Z [1mBuild Group Name[0m:	nixbld
2025-07-01T14:44:17.7371745Z 
2025-07-01T14:44:17.7371948Z [4;34mbuild users:
2025-07-01T14:44:17.7372355Z [0m[1m    Username[0m:	UID
2025-07-01T14:44:17.7399958Z [1m     nixbld1[0m:	30001
2025-07-01T14:44:17.7409899Z [1m     nixbld2[0m:	30002
2025-07-01T14:44:17.7419934Z [1m     nixbld3[0m:	30003
2025-07-01T14:44:17.7429683Z [1m     nixbld4[0m:	30004
2025-07-01T14:44:17.7439435Z [1m     nixbld5[0m:	30005
2025-07-01T14:44:17.7449931Z [1m     nixbld6[0m:	30006
2025-07-01T14:44:17.7459658Z [1m     nixbld7[0m:	30007
2025-07-01T14:44:17.7470691Z [1m     nixbld8[0m:	30008
2025-07-01T14:44:17.7470985Z 
2025-07-01T14:44:17.7471516Z [32m[4;32mReady to continue?
2025-07-01T14:44:17.7472357Z [0mNo TTY, assuming you would say yes :)
2025-07-01T14:44:17.7472730Z 
2025-07-01T14:44:17.7473026Z [32m~~> Setting up the build group nixbld
2025-07-01T14:44:17.7819725Z [0m[1m            Created[0m:	Yes
2025-07-01T14:44:17.7842643Z 
2025-07-01T14:44:17.7842968Z [32m~~> Setting up the build user nixbld1
2025-07-01T14:44:17.8017275Z useradd warning: nixbld1's uid 30001 is greater than SYS_UID_MAX 999
2025-07-01T14:44:17.8134413Z [0m[1m           Created[0m:	Yes
2025-07-01T14:44:17.8140009Z [1m            Hidden[0m:	Yes
2025-07-01T14:44:17.8158959Z [1m    Home Directory[0m:	/var/empty
2025-07-01T14:44:17.8178697Z [1m              Note[0m:	Nix build user 1
2025-07-01T14:44:17.8196288Z [1m   Logins Disabled[0m:	Yes
2025-07-01T14:44:17.8219223Z [1m  Member of nixbld[0m:	Yes
2025-07-01T14:44:17.8236636Z [1m    PrimaryGroupID[0m:	30000
2025-07-01T14:44:17.8248414Z 
2025-07-01T14:44:17.8248950Z [32m~~> Setting up the build user nixbld2
2025-07-01T14:44:17.8394933Z useradd warning: nixbld2's uid 30002 is greater than SYS_UID_MAX 999
2025-07-01T14:44:17.8509303Z [0m[1m           Created[0m:	Yes
2025-07-01T14:44:17.8514727Z [1m            Hidden[0m:	Yes
2025-07-01T14:44:17.8532768Z [1m    Home Directory[0m:	/var/empty
2025-07-01T14:44:17.8552983Z [1m              Note[0m:	Nix build user 2
2025-07-01T14:44:17.8571707Z [1m   Logins Disabled[0m:	Yes
2025-07-01T14:44:17.8590098Z [1m  Member of nixbld[0m:	Yes
2025-07-01T14:44:17.8608376Z [1m    PrimaryGroupID[0m:	30000
2025-07-01T14:44:17.8619345Z 
2025-07-01T14:44:17.8619779Z [32m~~> Setting up the build user nixbld3
2025-07-01T14:44:17.8801304Z useradd warning: nixbld3's uid 30003 is greater than SYS_UID_MAX 999
2025-07-01T14:44:17.8909661Z [0m[1m           Created[0m:	Yes
2025-07-01T14:44:17.8914975Z [1m            Hidden[0m:	Yes
2025-07-01T14:44:17.8932927Z [1m    Home Directory[0m:	/var/empty
2025-07-01T14:44:17.8953135Z [1m              Note[0m:	Nix build user 3
2025-07-01T14:44:17.8971272Z [1m   Logins Disabled[0m:	Yes
2025-07-01T14:44:17.8989858Z [1m  Member of nixbld[0m:	Yes
2025-07-01T14:44:17.9007414Z [1m    PrimaryGroupID[0m:	30000
2025-07-01T14:44:17.9019274Z 
2025-07-01T14:44:17.9019686Z [32m~~> Setting up the build user nixbld4
2025-07-01T14:44:17.9161606Z useradd warning: nixbld4's uid 30004 is greater than SYS_UID_MAX 999
2025-07-01T14:44:17.9269390Z [0m[1m           Created[0m:	Yes
2025-07-01T14:44:17.9274691Z [1m            Hidden[0m:	Yes
2025-07-01T14:44:17.9292866Z [1m    Home Directory[0m:	/var/empty
2025-07-01T14:44:17.9313186Z [1m              Note[0m:	Nix build user 4
2025-07-01T14:44:17.9331163Z [1m   Logins Disabled[0m:	Yes
2025-07-01T14:44:17.9349515Z [1m  Member of nixbld[0m:	Yes
2025-07-01T14:44:17.9367247Z [1m    PrimaryGroupID[0m:	30000
2025-07-01T14:44:17.9378329Z 
2025-07-01T14:44:17.9378832Z [32m~~> Setting up the build user nixbld5
2025-07-01T14:44:17.9515210Z useradd warning: nixbld5's uid 30005 is greater than SYS_UID_MAX 999
2025-07-01T14:44:17.9626510Z [0m[1m           Created[0m:	Yes
2025-07-01T14:44:17.9632007Z [1m            Hidden[0m:	Yes
2025-07-01T14:44:17.9650136Z [1m    Home Directory[0m:	/var/empty
2025-07-01T14:44:17.9670314Z [1m              Note[0m:	Nix build user 5
2025-07-01T14:44:17.9688349Z [1m   Logins Disabled[0m:	Yes
2025-07-01T14:44:17.9706221Z [1m  Member of nixbld[0m:	Yes
2025-07-01T14:44:17.9724535Z [1m    PrimaryGroupID[0m:	30000
2025-07-01T14:44:17.9735795Z 
2025-07-01T14:44:17.9736304Z [32m~~> Setting up the build user nixbld6
2025-07-01T14:44:17.9906234Z useradd warning: nixbld6's uid 30006 is greater than SYS_UID_MAX 999
2025-07-01T14:44:18.0015198Z [0m[1m           Created[0m:	Yes
2025-07-01T14:44:18.0021309Z [1m            Hidden[0m:	Yes
2025-07-01T14:44:18.0044167Z [1m    Home Directory[0m:	/var/empty
2025-07-01T14:44:18.0065640Z [1m              Note[0m:	Nix build user 6
2025-07-01T14:44:18.0087985Z [1m   Logins Disabled[0m:	Yes
2025-07-01T14:44:18.0109811Z [1m  Member of nixbld[0m:	Yes
2025-07-01T14:44:18.0146819Z [1m    PrimaryGroupID[0m:	30000
2025-07-01T14:44:18.0147327Z 
2025-07-01T14:44:18.0148224Z [32m~~> Setting up the build user nixbld7
2025-07-01T14:44:18.0290898Z useradd warning: nixbld7's uid 30007 is greater than SYS_UID_MAX 999
2025-07-01T14:44:18.0406861Z [0m[1m           Created[0m:	Yes
2025-07-01T14:44:18.0412571Z [1m            Hidden[0m:	Yes
2025-07-01T14:44:18.0430824Z [1m    Home Directory[0m:	/var/empty
2025-07-01T14:44:18.0450984Z [1m              Note[0m:	Nix build user 7
2025-07-01T14:44:18.0469339Z [1m   Logins Disabled[0m:	Yes
2025-07-01T14:44:18.0487167Z [1m  Member of nixbld[0m:	Yes
2025-07-01T14:44:18.0505452Z [1m    PrimaryGroupID[0m:	30000
2025-07-01T14:44:18.0516348Z 
2025-07-01T14:44:18.0516893Z [32m~~> Setting up the build user nixbld8
2025-07-01T14:44:18.0663759Z useradd warning: nixbld8's uid 30008 is greater than SYS_UID_MAX 999
2025-07-01T14:44:18.0787552Z [0m[1m           Created[0m:	Yes
2025-07-01T14:44:18.0793365Z [1m            Hidden[0m:	Yes
2025-07-01T14:44:18.0812723Z [1m    Home Directory[0m:	/var/empty
2025-07-01T14:44:18.0833448Z [1m              Note[0m:	Nix build user 8
2025-07-01T14:44:18.0851723Z [1m   Logins Disabled[0m:	Yes
2025-07-01T14:44:18.0870772Z [1m  Member of nixbld[0m:	Yes
2025-07-01T14:44:18.0889282Z [1m    PrimaryGroupID[0m:	30000
2025-07-01T14:44:18.0889701Z 
2025-07-01T14:44:18.0890312Z [32m~~> Setting up the basic directory structure
2025-07-01T14:44:18.0976001Z [0minstall: creating directory '/nix'
2025-07-01T14:44:18.0976392Z install: creating directory '/nix/var'
2025-07-01T14:44:18.0976719Z install: creating directory '/nix/var/log'
2025-07-01T14:44:18.0977051Z install: creating directory '/nix/var/log/nix'
2025-07-01T14:44:18.0977417Z install: creating directory '/nix/var/log/nix/drvs'
2025-07-01T14:44:18.0978020Z install: creating directory '/nix/var/nix'
2025-07-01T14:44:18.0978363Z install: creating directory '/nix/var/nix/db'
2025-07-01T14:44:18.0978807Z install: creating directory '/nix/var/nix/gcroots'
2025-07-01T14:44:18.0979314Z install: creating directory '/nix/var/nix/profiles'
2025-07-01T14:44:18.0979707Z install: creating directory '/nix/var/nix/temproots'
2025-07-01T14:44:18.0980085Z install: creating directory '/nix/var/nix/userpool'
2025-07-01T14:44:18.0980490Z install: creating directory '/nix/var/nix/daemon-socket'
2025-07-01T14:44:18.0981490Z install: creating directory '/nix/var/nix/gcroots/per-user'
2025-07-01T14:44:18.0982130Z install: creating directory '/nix/var/nix/profiles/per-user'
2025-07-01T14:44:18.1056034Z install: creating directory '/nix/store'
2025-07-01T14:44:18.1133029Z install: creating directory '/etc/nix'
2025-07-01T14:44:18.1142838Z 
2025-07-01T14:44:18.1143142Z [32m~~> Installing Nix
2025-07-01T14:44:18.3062407Z [0m      Alright! We have our first nix at /nix/store/x3235311q3n51rppm2y2ycwd7nb3mgpn-nix-2.26.3
2025-07-01T14:44:18.3479895Z       Just finished getting the nix database ready.
2025-07-01T14:44:18.3482540Z 
2025-07-01T14:44:18.3483563Z [32m~~> Setting up shell profiles: /etc/bashrc /etc/profile.d/nix.sh /etc/zshrc /etc/bash.bashrc /etc/zsh/zshrc
2025-07-01T14:44:18.3648690Z [0m
2025-07-01T14:44:18.3648908Z # Nix
2025-07-01T14:44:18.3649423Z if [ -e '/nix/var/nix/profiles/default/etc/profile.d/nix-daemon.sh' ]; then
2025-07-01T14:44:18.3650333Z   . '/nix/var/nix/profiles/default/etc/profile.d/nix-daemon.sh'
2025-07-01T14:44:18.3650938Z fi
2025-07-01T14:44:18.3651228Z # End Nix
2025-07-01T14:44:18.3651403Z 
2025-07-01T14:44:18.3818222Z 
2025-07-01T14:44:18.3818555Z # Nix
2025-07-01T14:44:18.3818980Z if [ -e '/nix/var/nix/profiles/default/etc/profile.d/nix-daemon.sh' ]; then
2025-07-01T14:44:18.3819731Z   . '/nix/var/nix/profiles/default/etc/profile.d/nix-daemon.sh'
2025-07-01T14:44:18.3820298Z fi
2025-07-01T14:44:18.3820597Z # End Nix
2025-07-01T14:44:18.3820770Z 
2025-07-01T14:44:18.3985672Z 
2025-07-01T14:44:18.3985872Z # Nix
2025-07-01T14:44:18.3986297Z if [ -e '/nix/var/nix/profiles/default/etc/profile.d/nix-daemon.sh' ]; then
2025-07-01T14:44:18.3986850Z   . '/nix/var/nix/profiles/default/etc/profile.d/nix-daemon.sh'
2025-07-01T14:44:18.3987428Z fi
2025-07-01T14:44:18.3987925Z # End Nix
2025-07-01T14:44:18.3988123Z 
2025-07-01T14:44:18.4146097Z 
2025-07-01T14:44:18.4146287Z # Nix
2025-07-01T14:44:18.4146874Z if [ -e '/nix/var/nix/profiles/default/etc/profile.d/nix-daemon.sh' ]; then
2025-07-01T14:44:18.4147520Z   . '/nix/var/nix/profiles/default/etc/profile.d/nix-daemon.sh'
2025-07-01T14:44:18.4148262Z fi
2025-07-01T14:44:18.4148439Z # End Nix
2025-07-01T14:44:18.4148558Z 
2025-07-01T14:44:18.4170793Z 
2025-07-01T14:44:18.4172010Z [32m~~> Setting up shell profiles for Fish with conf.d/nix.fish inside /etc/fish /usr/local/etc/fish /opt/homebrew/etc/fish /opt/local/etc/fish
2025-07-01T14:44:18.4239739Z [0m
2025-07-01T14:44:18.4240199Z [32m~~> Setting up the default profile
2025-07-01T14:44:18.4518801Z installing 'nix-2.26.3'
2025-07-01T14:44:18.4653005Z building '/nix/store/5afca9ydks0pp5szkwwhi7a6m2zmgk9g-user-environment.drv'...
2025-07-01T14:44:18.5048954Z installing 'nss-cacert-3.107'
2025-07-01T14:44:18.5177101Z building '/nix/store/ilxzpc39hcw5jr229rmajjkyz1a0fym1-user-environment.drv'...
2025-07-01T14:44:18.5385269Z [0m
2025-07-01T14:44:18.5385817Z [32m~~> Setting up the nix-daemon systemd service
2025-07-01T14:44:18.5747079Z Created symlink /etc/systemd/system/nix-daemon.service → /nix/var/nix/profiles/default/lib/systemd/system/nix-daemon.service.
2025-07-01T14:44:18.8399309Z Created symlink /etc/systemd/system/nix-daemon.socket → /nix/var/nix/profiles/default/lib/systemd/system/nix-daemon.socket.
2025-07-01T14:44:18.8401555Z Created symlink /etc/systemd/system/sockets.target.wants/nix-daemon.socket → /nix/var/nix/profiles/default/lib/systemd/system/nix-daemon.socket.
2025-07-01T14:44:19.4115096Z [0m[32mAlright! We're done!
2025-07-01T14:44:19.4135658Z [0mTry it! Open a new terminal, and type:
2025-07-01T14:44:19.4136047Z 
2025-07-01T14:44:19.4136334Z   $ nix-shell -p nix-info --run "nix-info -m"
2025-07-01T14:44:19.4136673Z 
2025-07-01T14:44:19.4137001Z Thank you for using this installer. If you have any feedback or need
2025-07-01T14:44:19.4137607Z help, don't hesitate:
2025-07-01T14:44:19.4138101Z 
2025-07-01T14:44:19.4138277Z You can open an issue at
2025-07-01T14:44:19.4138941Z https://github.com/NixOS/nix/issues/new?labels=installer&template=installer.md
2025-07-01T14:44:19.4139805Z 
2025-07-01T14:44:19.4140111Z Or get in touch with the community: https://nixos.org/community
2025-07-01T14:44:19.4156106Z 
2025-07-01T14:44:19.4156967Z [34m---- Reminders -----------------------------------------------------------------
2025-07-01T14:44:19.4158281Z [0m[34m[ 1 ][0m
2025-07-01T14:44:19.4158879Z Nix won't work in active shell sessions until you restart them.
2025-07-01T14:44:19.4160407Z 
2025-07-01T14:44:19.4826734Z ##[endgroup]
2025-07-01T14:44:19.4906757Z ##[group]Run /home/runner/work/_actions/ava-labs/avalanchego/092cf182dd92b66a8ab882b657d3ae52b174c913/.github/actions/run-monitored-tmpnet-cmd/nix-develop.sh --command echo "dependencies installed"
2025-07-01T14:44:19.4908437Z [36;1m/home/runner/work/_actions/ava-labs/avalanchego/092cf182dd92b66a8ab882b657d3ae52b174c913/.github/actions/run-monitored-tmpnet-cmd/nix-develop.sh --command echo "dependencies installed"[0m
2025-07-01T14:44:19.4967979Z shell: /usr/bin/bash --noprofile --norc -e -o pipefail {0}
2025-07-01T14:44:19.4968339Z env:
2025-07-01T14:44:19.4968544Z   TMPDIR: /home/runner/work/_temp
2025-07-01T14:44:19.4968796Z ##[endgroup]
2025-07-01T14:44:19.5068362Z No local flake found, will attempt to use avalanchego flake
2025-07-01T14:44:19.5151283Z Starting nix shell for github:ava-labs/avalanchego?ref=v1.13.2
2025-07-01T14:44:19.8540994Z unpacking 'github:ava-labs/avalanchego/092cf182dd92b66a8ab882b657d3ae52b174c913' into the Git cache...
2025-07-01T14:44:21.5730129Z copying path '/nix/store/i99indk3y6pc3sm0k1xx3nakm193lqzb-source' from 'https://cache.nixos.org'...
2025-07-01T14:44:37.1810504Z copying path '/nix/store/899rx4l5zz1za8nx7ijp7swv5ibc8wx2-git-2.47.2-doc' from 'https://cache.nixos.org'...
2025-07-01T14:44:37.1816315Z copying path '/nix/store/zpab59ialz19x6f65jbjf5xb8waa54av-iana-etc-20240318' from 'https://cache.nixos.org'...
2025-07-01T14:44:37.1840558Z copying path '/nix/store/dgzz9k53hz1qgklnj9667xzliyidj9cs-mailcap-2.1.54' from 'https://cache.nixos.org'...
2025-07-01T14:44:37.1849059Z copying path '/nix/store/hnpph37w6p5jfspwf5pksljpf0wqwjg3-perl5.40.0-Digest-HMAC-1.04' from 'https://cache.nixos.org'...
2025-07-01T14:44:37.1855052Z copying path '/nix/store/cnb01qfmg8c3irp630nplhwa201d7xsr-perl5.40.0-FCGI-ProcManager-0.28' from 'https://cache.nixos.org'...
2025-07-01T14:44:37.1861400Z copying path '/nix/store/v657ak4hdkixvq99rk3qvyh28in945dv-perl5.40.0-HTML-TagCloud-0.38' from 'https://cache.nixos.org'...
2025-07-01T14:44:37.1878530Z copying path '/nix/store/9qrv0d0yd9wss610gjzv3507ry6v9mzw-perl5.40.0-URI-5.21' from 'https://cache.nixos.org'...
2025-07-01T14:44:37.1880083Z copying path '/nix/store/pz7y4qd8lyhg9y6wmb9hynivx36f53zp-perl5.40.0-libnet-3.15' from 'https://cache.nixos.org'...
2025-07-01T14:44:37.1889626Z copying path '/nix/store/l6mypzy4rvkxd5kwzs18d88syirislib-tzdata-2024b' from 'https://cache.nixos.org'...
2025-07-01T14:44:37.1904009Z copying path '/nix/store/czlhi3r9b6ip4xyynwibfhm458ljwsir-gcc-13.3.0-libgcc' from 'https://cache.nixos.org'...
2025-07-01T14:44:37.1908161Z copying path '/nix/store/d8qbcrirc6jidfacy0qa50zy07i15xcz-gnu-config-2024-01-01' from 'https://cache.nixos.org'...
2025-07-01T14:44:37.1938907Z copying path '/nix/store/74bbxwiamv62d2l089f1r8apv295vsry-perl5.40.0-HTML-Tagset-3.20' from 'https://cache.nixos.org'...
2025-07-01T14:44:37.1940700Z copying path '/nix/store/krx6xw6wxakapdkviirq57yh3nl3227h-perl5.40.0-IO-HTML-1.004' from 'https://cache.nixos.org'...
2025-07-01T14:44:37.1943938Z copying path '/nix/store/w9yrswzdifcjhg0righ76aqb6bpslhkb-perl5.40.0-Mozilla-CA-20230821' from 'https://cache.nixos.org'...
2025-07-01T14:44:37.1946221Z copying path '/nix/store/rscnjwdmhya0wcdmbygr3jpz6p39kvhr-perl5.40.0-Encode-Locale-1.05' from 'https://cache.nixos.org'...
2025-07-01T14:44:37.1948229Z copying path '/nix/store/3r0pprxsd9n52nb2yqq3idwb75d0spzd-perl5.40.0-LWP-MediaTypes-6.04' from 'https://cache.nixos.org'...
2025-07-01T14:44:37.2091806Z copying path '/nix/store/swnhrfysvmwjvibcafm0im377pcfs80v-curl-8.12.1-man' from 'https://cache.nixos.org'...
2025-07-01T14:44:37.2110908Z copying path '/nix/store/x6i8jiz3yv3h209xfbz9a3ch1sm16167-dns-root-data-2024-06-20' from 'https://cache.nixos.org'...
2025-07-01T14:44:37.2120673Z copying path '/nix/store/maxa3xhmxggrc5v2vc0c3pjb79hjlkp9-glibc-2.40-66' from 'https://cache.nixos.org'...
2025-07-01T14:44:37.2163168Z copying path '/nix/store/dvsai0ym9czjl5mcsarcdwccb70615n4-linux-headers-6.10' from 'https://cache.nixos.org'...
2025-07-01T14:44:37.2172245Z copying path '/nix/store/5ahjfkydg49xvbr3vghhv317prgspnf3-mirrors-list' from 'https://cache.nixos.org'...
2025-07-01T14:44:37.2230314Z copying path '/nix/store/970fk2m63qra4ybkpp99rw7mld9fphlv-nghttp2-1.64.0' from 'https://cache.nixos.org'...
2025-07-01T14:44:37.2256786Z copying path '/nix/store/frpqzb3223826xq72s0fcjmjmj50wpyn-perl5.40.0-Authen-SASL-2.1700' from 'https://cache.nixos.org'...
2025-07-01T14:44:37.2276260Z copying path '/nix/store/hz5m52dx8x6vvi5pp0yikxb3b05bmi2j-perl5.40.0-Test-Needs-0.002010' from 'https://cache.nixos.org'...
2025-07-01T14:44:37.2314990Z copying path '/nix/store/ldlsmrf2rrq28s08mzjk245vr26dwwhi-perl5.40.0-Test-RequiresInternet-0.05' from 'https://cache.nixos.org'...
2025-07-01T14:44:37.2320583Z copying path '/nix/store/vvjpgyk6jgd6k74pgpjrln6m6aqyiaig-perl5.40.0-Try-Tiny-0.31' from 'https://cache.nixos.org'...
2025-07-01T14:44:37.2325006Z copying path '/nix/store/lj7p9q5kgmdcq768rvsgvjndi42mjcn8-publicsuffix-list-0-unstable-2024-10-25' from 'https://cache.nixos.org'...
2025-07-01T14:44:37.2348300Z copying path '/nix/store/6aqxgf5ygcscqsh4p9krd0dz2hc1cn0w-perl5.40.0-WWW-RobotRules-6.02' from 'https://cache.nixos.org'...
2025-07-01T14:44:37.2351312Z copying path '/nix/store/vlfgix8rcbj3l9yk0rna1damxkafbq18-perl5.40.0-Net-HTTP-6.23' from 'https://cache.nixos.org'...
2025-07-01T14:44:37.2356301Z copying path '/nix/store/5xvxvpl9armf0p6y9m4g1zl1mypvr9m7-perl5.40.0-TimeDate-2.33' from 'https://cache.nixos.org'...
2025-07-01T14:44:37.2361390Z copying path '/nix/store/i9ymkbklv1q9yzl7wwx7300wbkqdln0r-update-autotools-gnu-config-scripts-hook' from 'https://cache.nixos.org'...
2025-07-01T14:44:37.2660167Z copying path '/nix/store/2h648f4xlzszyc01yf67xd2rgira65js-perl5.40.0-Test-Fatal-0.017' from 'https://cache.nixos.org'...
2025-07-01T14:44:37.2722816Z copying path '/nix/store/shx8jax9b662cd9nlml731hh9wks24v1-perl5.40.0-HTTP-Date-6.06' from 'https://cache.nixos.org'...
2025-07-01T14:44:37.2804853Z copying path '/nix/store/0m34prvcx3d3vd9f4djbaqji7yb9swsh-perl5.40.0-HTTP-CookieJar-0.014' from 'https://cache.nixos.org'...
2025-07-01T14:44:37.2809601Z copying path '/nix/store/i9hiqc4dfksm9cpqvff39smfpn49zbj6-perl5.40.0-File-Listing-6.16' from 'https://cache.nixos.org'...
2025-07-01T14:44:37.3288724Z copying path '/nix/store/19402vwa1rndilww6fpbviz0lza8846p-kind-0.24.0' from 'https://cache.nixos.org'...
2025-07-01T14:44:37.3290304Z copying path '/nix/store/23cshhh8k7z46gadr86krv15xphggawm-kubectl-1.31.2' from 'https://cache.nixos.org'...
2025-07-01T14:44:37.3292982Z copying path '/nix/store/as8g73awbgrhpf5p6qjnrd5v9anw74ix-go-task-3.39.2' from 'https://cache.nixos.org'...
2025-07-01T14:44:37.3296667Z copying path '/nix/store/i7r45jjmvfxiw8j7ihjx51jachylq1si-protoc-gen-go-1.35.1' from 'https://cache.nixos.org'...
2025-07-01T14:44:37.3303112Z copying path '/nix/store/1fqgvq0i498w4ynywyj224i49izzzqrk-protoc-gen-go-grpc-1.3.0' from 'https://cache.nixos.org'...
2025-07-01T14:44:37.7884174Z copying path '/nix/store/8vpg72ik2kgxfj05lc56hkqrdrfl8xi9-bash-5.2p37' from 'https://cache.nixos.org'...
2025-07-01T14:44:37.7887056Z copying path '/nix/store/qiisx6c7qpyzq522j3icsfhj8ayw6ah4-bzip2-1.0.8' from 'https://cache.nixos.org'...
2025-07-01T14:44:37.7895288Z copying path '/nix/store/vlgwyb076hkz7yv96sjnj9msb1jn1ggz-attr-2.5.2' from 'https://cache.nixos.org'...
2025-07-01T14:44:37.7897492Z copying path '/nix/store/0hv5ymwkczx3ak8h3yldfbwbab33jnrw-expat-2.6.4' from 'https://cache.nixos.org'...
2025-07-01T14:44:37.7899686Z copying path '/nix/store/83s1wqvrx7yvy3g6dmdr2icgg3qqbjcp-brotli-1.1.0-lib' from 'https://cache.nixos.org'...
2025-07-01T14:44:37.7901158Z copying path '/nix/store/c9z2sp8dyx1k0zk374v1142hmphashd0-buf-1.47.2' from 'https://cache.nixos.org'...
2025-07-01T14:44:37.7903015Z copying path '/nix/store/fcqfyri9kljs5jd7h556f004qmci1qin-expand-response-params' from 'https://cache.nixos.org'...
2025-07-01T14:44:37.7904148Z copying path '/nix/store/7zv1sq1k25gk2rvgxnm262vp5hydkv1a-gdbm-1.24-lib' from 'https://cache.nixos.org'...
2025-07-01T14:44:37.7904997Z copying path '/nix/store/3p3fwczck2yn1wwfjnymzkz8w11vbvg7-gawk-5.3.1' from 'https://cache.nixos.org'...
2025-07-01T14:44:37.7906201Z copying path '/nix/store/mhd0rk497xm0xnip7262xdw9bylvzh99-gcc-13.3.0-lib' from 'https://cache.nixos.org'...
2025-07-01T14:44:37.7908312Z copying path '/nix/store/2kiskq24j06g4qw3xs8zsy2dkawh4gxk-glibc-2.40-66-bin' from 'https://cache.nixos.org'...
2025-07-01T14:44:37.7909560Z copying path '/nix/store/8k19h07hh2g1w5kp5yglzddswnvdmxpy-gmp-6.3.0' from 'https://cache.nixos.org'...
2025-07-01T14:44:37.7911060Z copying path '/nix/store/cfb4pxnfh2sf4csk8xh7abfqv96k66nh-glibc-2.40-66-getent' from 'https://cache.nixos.org'...
2025-07-01T14:44:37.7912534Z copying path '/nix/store/m3da56j3r7h4hp0kr8v1xsnk16x900yf-gnumake-4.4.1' from 'https://cache.nixos.org'...
2025-07-01T14:44:37.7913953Z copying path '/nix/store/wg9gg3zkwcqhyycj0vkfnhgk5a4z9faq-ed-1.20.2' from 'https://cache.nixos.org'...
2025-07-01T14:44:37.8040868Z copying path '/nix/store/3ks7b6p43dpvnlnxgvlcy2jaf1np37p2-gnused-4.9' from 'https://cache.nixos.org'...
2025-07-01T14:44:37.8041739Z copying path '/nix/store/dyizbk50iglbibrbwbgw2mhgskwb6ham-acl-2.3.2' from 'https://cache.nixos.org'...
2025-07-01T14:44:37.8042556Z copying path '/nix/store/1fby1pxf0z16lgl728i2sqwqr2hrw2h8-json-c-0.17' from 'https://cache.nixos.org'...
2025-07-01T14:44:37.8101519Z copying path '/nix/store/r4p475lxvaklr9rj8l2a4sahkx5c0209-getent-glibc-2.40-66' from 'https://cache.nixos.org'...
2025-07-01T14:44:37.8138866Z copying path '/nix/store/yyfzan4mn874v885jy6fs598gjb31c4l-bzip2-1.0.8-bin' from 'https://cache.nixos.org'...
2025-07-01T14:44:37.8281581Z copying path '/nix/store/mwwpv4k7skbx4vr2qjc89pvs7mhmgapb-k9s-0.32.7' from 'https://cache.nixos.org'...
2025-07-01T14:44:37.8388306Z copying path '/nix/store/79kh226vw8rrk62jbs27hdad1clwy447-keyutils-1.6.3-lib' from 'https://cache.nixos.org'...
2025-07-01T14:44:37.8513771Z copying path '/nix/store/wnsn67xb3i072b6i496y002byvc3ipa3-kubernetes-helm-3.16.3' from 'https://cache.nixos.org'...
2025-07-01T14:44:37.8615235Z copying path '/nix/store/bpzy7snv1xr7s1z2xi7bw0q5z9j6g1gg-libantlr3c-3.4' from 'https://cache.nixos.org'...
2025-07-01T14:44:37.8632650Z copying path '/nix/store/ky06iawcwsvxmx8yw66y2a7iy7b14yii-libapparmor-4.0.3' from 'https://cache.nixos.org'...
2025-07-01T14:44:37.8811928Z copying path '/nix/store/fx6mfndjsbb0dqn9jzf1ksz9wf1dlrq7-libcap-2.70-lib' from 'https://cache.nixos.org'...
2025-07-01T14:44:37.8814503Z copying path '/nix/store/7yf5ijcl2lh90xs5nkrdpfdvcmc9fnc5-libcbor-0.11.0' from 'https://cache.nixos.org'...
2025-07-01T14:44:37.8819844Z copying path '/nix/store/pmg7hw4ar16dhx5hk6jswvxy349wzsm7-gnutar-1.35' from 'https://cache.nixos.org'...
2025-07-01T14:44:37.8821978Z copying path '/nix/store/0iabf1jhsfrrxkdi599kb8m37p82yr1z-audit-4.0' from 'https://cache.nixos.org'...
2025-07-01T14:44:37.8844310Z copying path '/nix/store/nc394xps4al1r99ziabqvajbkrhxr5b7-gzip-1.13' from 'https://cache.nixos.org'...
2025-07-01T14:44:37.8904028Z copying path '/nix/store/81awch8mhqanda1vy0c09bflgra4cxh0-glibc-2.40-66-dev' from 'https://cache.nixos.org'...
2025-07-01T14:44:37.8962174Z copying path '/nix/store/q57zi48njdcgxy4n8d5lm5pf746drc8f-isl-0.20' from 'https://cache.nixos.org'...
2025-07-01T14:44:37.9231669Z copying path '/nix/store/bldybfhh9v9dvpms8kh87v1a6jp6i28p-libevent-2.1.12' from 'https://cache.nixos.org'...
2025-07-01T14:44:37.9272541Z copying path '/nix/store/wxgvd9mivxdbahxidq751gxyz7x7jb8n-libffi-3.4.6' from 'https://cache.nixos.org'...
2025-07-01T14:44:37.9275702Z copying path '/nix/store/p0c3g3dxr818lggbk6ms3nhm97g0pir9-libgpg-error-1.50' from 'https://cache.nixos.org'...
2025-07-01T14:44:37.9322331Z copying path '/nix/store/2w8a5z0rcs4fk3ds3fnd03x6syjjl1hb-libmnl-1.0.5' from 'https://cache.nixos.org'...
2025-07-01T14:44:37.9594996Z copying path '/nix/store/ywvi2y4yv3qyh0phw9y2ji17smh8nawj-libnfnetlink-1.0.2' from 'https://cache.nixos.org'...
2025-07-01T14:44:37.9651893Z copying path '/nix/store/dg6d7zs1bwnhwb3sd3xdbldvpa163a5z-libnl-3.10.0' from 'https://cache.nixos.org'...
2025-07-01T14:44:37.9967846Z copying path '/nix/store/68vmpyiabh89l7hbp9z2hmwci74vnfi4-libseccomp-2.5.5-lib' from 'https://cache.nixos.org'...
2025-07-01T14:44:37.9970967Z copying path '/nix/store/xxc6rkndd68cq1225asn380bbj0512dg-libpsl-0.21.5' from 'https://cache.nixos.org'...
2025-07-01T14:44:38.0026769Z copying path '/nix/store/wr7w1x0x1j4qli60wm22q3bc02dga08c-libtasn1-4.20.0' from 'https://cache.nixos.org'...
2025-07-01T14:44:38.0082396Z copying path '/nix/store/96m2mjx55syyky6zymjnbl3pvgxlwchb-libnftnl-1.2.8' from 'https://cache.nixos.org'...
2025-07-01T14:44:38.0350847Z copying path '/nix/store/hnh6ivl105y4sw0ifv4kbihrvbddmlkm-libxcrypt-4.4.36' from 'https://cache.nixos.org'...
2025-07-01T14:44:38.0525902Z copying path '/nix/store/17195j62sjxjn0xwnmj3icr01n3d678r-libnetfilter_conntrack-1.1.0' from 'https://cache.nixos.org'...
2025-07-01T14:44:38.0678281Z copying path '/nix/store/qhs6zflzhdr11j6byf1c1j52z39hnaaw-db-4.8.30' from 'https://cache.nixos.org'...
2025-07-01T14:44:38.0688134Z copying path '/nix/store/8g8wdqid20924fbppbljsl6l7gr0p21j-gettext-0.21.1' from 'https://cache.nixos.org'...
2025-07-01T14:44:38.0738205Z copying path '/nix/store/dsxb6qvi21bzy21c98kb71wfbdj4lmz7-gmp-with-cxx-6.3.0' from 'https://cache.nixos.org'...
2025-07-01T14:44:38.0781305Z copying path '/nix/store/nn7nj7xq8gdfyxqhchphzia7i34rwb0v-gmp-with-cxx-6.3.0' from 'https://cache.nixos.org'...
2025-07-01T14:44:38.0940484Z copying path '/nix/store/rq8lq7r8vjqrbn2bgfglm9dxfi83gdg9-icu4c-74.2' from 'https://cache.nixos.org'...
2025-07-01T14:44:38.0951660Z copying path '/nix/store/9yh47sg27z9263ll65d414rgcyrclk57-libxml2-2.13.6' from 'https://cache.nixos.org'...
2025-07-01T14:44:38.1175398Z copying path '/nix/store/99jfkvhck3c2675n2cy71g40km6m0pf9-libassuan-2.5.7' from 'https://cache.nixos.org'...
2025-07-01T14:44:38.1274752Z copying path '/nix/store/h9c111ckc8wg3ksxb7kj8cwhgaj52118-libgcrypt-1.10.3-lib' from 'https://cache.nixos.org'...
2025-07-01T14:44:38.1379676Z copying path '/nix/store/1h2yigiwy6bgpyzlywj36s5nqkgca8bv-libpcap-1.10.5' from 'https://cache.nixos.org'...
2025-07-01T14:44:38.1500475Z copying path '/nix/store/p9k3wzaw6d3wjgcbrfv2g1chj0mj2inb-lz4-1.10.0-lib' from 'https://cache.nixos.org'...
2025-07-01T14:44:38.1562531Z copying path '/nix/store/yh2c9f04q1vcfhpkamidrg3sdnwk5bvy-mpdecimal-4.0.0' from 'https://cache.nixos.org'...
2025-07-01T14:44:38.1616587Z copying path '/nix/store/b75dbfz0gria25kn2qlfpnmp39h31spw-mpfr-4.2.1' from 'https://cache.nixos.org'...
2025-07-01T14:44:38.1979966Z copying path '/nix/store/z7ndn3k8zfjrf713gq443q7a2ixzaab5-ncurses-6.4.20221231' from 'https://cache.nixos.org'...
2025-07-01T14:44:38.2265423Z copying path '/nix/store/1w5jm9zaxwr5b8nvh41c7iz236my185m-nghttp2-1.64.0-lib' from 'https://cache.nixos.org'...
2025-07-01T14:44:38.2325446Z copying path '/nix/store/mgpn83jmnf37ky77a8qy6m466qqmlyqk-cln-1.3.7' from 'https://cache.nixos.org'...
2025-07-01T14:44:38.2910869Z copying path '/nix/store/9m68vvhnsq5cpkskphgw84ikl9m6wjwp-coreutils-9.5' from 'https://cache.nixos.org'...
2025-07-01T14:44:38.2999896Z copying path '/nix/store/qvrp85i3yc9vw5x1vyx714m03jsf60rc-cvc4-1.8' from 'https://cache.nixos.org'...
2025-07-01T14:44:38.3051482Z copying path '/nix/store/q95qgxy40rx1ifa13j8l38sx3myvkhb9-nettle-3.10' from 'https://cache.nixos.org'...
2025-07-01T14:44:38.3068691Z copying path '/nix/store/j4377imdqpm27h5hspds1skgsazyj0d9-nghttp2-1.64.0-lib' from 'https://cache.nixos.org'...
2025-07-01T14:44:38.3251476Z copying path '/nix/store/n9ya3i584zvcw6696326sdlg61d6lamf-npth-1.7' from 'https://cache.nixos.org'...
2025-07-01T14:44:38.3368230Z copying path '/nix/store/kavgc464axad77kj4x4bza7s345nrhin-iptables-1.8.10' from 'https://cache.nixos.org'...
2025-07-01T14:44:38.3369692Z copying path '/nix/store/6s0zzvp9in28jkmzwh5p69v1zwpi5mi4-linux-pam-1.6.1' from 'https://cache.nixos.org'...
2025-07-01T14:44:38.3699293Z copying path '/nix/store/pbjp09wrnbklrfy7n2h5qix15fl5ylhj-libmpc-1.3.1' from 'https://cache.nixos.org'...
2025-07-01T14:44:38.3892769Z copying path '/nix/store/w8xb93nwhnhlkqd9kwahkzqvbg98qs74-nghttp2-1.64.0-dev' from 'https://cache.nixos.org'...
2025-07-01T14:44:38.4471790Z copying path '/nix/store/cjg4jmnnf26367irpagiiffrni9bk7z0-gnupg-2.4.5' from 'https://cache.nixos.org'...
2025-07-01T14:44:38.4586477Z copying path '/nix/store/isk8l71r4d1nl39mpv92ank2rs4cx3w9-openssl-3.3.3' from 'https://cache.nixos.org'...
2025-07-01T14:44:38.4588814Z copying path '/nix/store/mqvgaq2bnb1701l7zcn0d6vd7w8b0z7l-openssl-3.3.3' from 'https://cache.nixos.org'...
2025-07-01T14:44:38.4894329Z copying path '/nix/store/smd33cbgm2pwwnwj9l4b4fk39bdxfsfv-p11-kit-0.25.5' from 'https://cache.nixos.org'...
2025-07-01T14:44:38.4951372Z copying path '/nix/store/zfjv48ikkqn3yhi8zi7lvqvxyscbg87n-patch-2.7.6' from 'https://cache.nixos.org'...
2025-07-01T14:44:38.5515823Z copying path '/nix/store/9wwkzvmrlv43y71rbw8sbh9bamc62a16-patchelf-0.15.0' from 'https://cache.nixos.org'...
2025-07-01T14:44:38.5712008Z copying path '/nix/store/5md7gyz45fm4bmkg2kb9a1hnmg8ryk9j-pcre2-10.44' from 'https://cache.nixos.org'...
2025-07-01T14:44:38.5751538Z copying path '/nix/store/pgq4agv5wpanzr9a8mqlkncdbick7mn2-pcsclite-2.3.0-lib' from 'https://cache.nixos.org'...
2025-07-01T14:44:38.5939790Z copying path '/nix/store/9sqpmkq9fcycsrldbsdxw93hvspy8pr9-perl5.40.0-Clone-0.46' from 'https://cache.nixos.org'...
2025-07-01T14:44:38.6081685Z copying path '/nix/store/lr3cvmq5ahqcj29p8c6m0fdl1y8krc86-diffutils-3.10' from 'https://cache.nixos.org'...
2025-07-01T14:44:38.6415847Z copying path '/nix/store/vc2d1bfy1a5y1195nq7k6p0zcm6q89nx-findutils-4.10.0' from 'https://cache.nixos.org'...
2025-07-01T14:44:38.6461298Z copying path '/nix/store/jpk7s673pli65raimpl43jbhbg6ja4kx-perl5.40.0-FCGI-0.82' from 'https://cache.nixos.org'...
2025-07-01T14:44:38.6608498Z copying path '/nix/store/x4kgvzlrndlsc9mn2gyrx9dla0a5y7y3-perl5.40.0-TermReadKey-2.38' from 'https://cache.nixos.org'...
2025-07-01T14:44:38.6815450Z copying path '/nix/store/gda0f0dw64h74i98vkk7b7jwzxbkigzs-prometheus-2.55.0' from 'https://cache.nixos.org'...
2025-07-01T14:44:38.6965809Z copying path '/nix/store/6hrwqlqxzvn3lry7fjyz4i6dkdmg38m6-perl5.40.0-HTTP-Message-6.45' from 'https://cache.nixos.org'...
2025-07-01T14:44:38.6996611Z copying path '/nix/store/zwh1q2r2a1prmw4xxfpqa06ic7dl31yd-qrencode-4.1.1' from 'https://cache.nixos.org'...
2025-07-01T14:44:38.7408569Z copying path '/nix/store/53rkjnnkbgg8pfn6ffpcdx4xbrl98yh8-readline-8.2p13' from 'https://cache.nixos.org'...
2025-07-01T14:44:38.7452035Z copying path '/nix/store/flw2dwllbq50954bk1qm6xwdzp8ikacl-systemd-minimal-libs-256.10' from 'https://cache.nixos.org'...
2025-07-01T14:44:38.7692121Z copying path '/nix/store/7f8vg8z0q721jyahy1vjbg2x3irbk5az-unbound-1.22.0-lib' from 'https://cache.nixos.org'...
2025-07-01T14:44:38.7768330Z copying path '/nix/store/88x6dfa5gnls0pmbvp4b9ci3bqqfja0n-util-linux-minimal-2.39.4-lib' from 'https://cache.nixos.org'...
2025-07-01T14:44:38.7875002Z copying path '/nix/store/qjsj5vnbfpbg6r7jhd7znfgmcy0arn8n-gnugrep-3.11' from 'https://cache.nixos.org'...
2025-07-01T14:44:38.7982504Z copying path '/nix/store/mcr5gqxgkknqxa2vhnhixzd97vdsnsxi-perl5.40.0-HTML-Parser-3.81' from 'https://cache.nixos.org'...
2025-07-01T14:44:38.8491262Z copying path '/nix/store/q73n7qdcl9yvlwh6p4n414vkxgnjjryp-perl5.40.0-HTTP-Cookies-6.10' from 'https://cache.nixos.org'...
2025-07-01T14:44:38.8535304Z copying path '/nix/store/qxp4rv76dpjbvs37c3sfq33ial7mxgb0-perl5.40.0-HTTP-Daemon-6.16' from 'https://cache.nixos.org'...
2025-07-01T14:44:38.8579597Z copying path '/nix/store/pa7plncc30fhm909bis9haakh7gi0qbl-bash-interactive-5.2p37' from 'https://cache.nixos.org'...
2025-07-01T14:44:38.9060202Z copying path '/nix/store/0z09m6fwgmc2a0zazp6lhyadfig10fd6-perl5.40.0-CGI-4.59' from 'https://cache.nixos.org'...
2025-07-01T14:44:38.9220404Z copying path '/nix/store/q0fgny8kpagi6blmzyw15n4cmfx647kn-perl5.40.0-HTTP-Negotiate-6.01' from 'https://cache.nixos.org'...
2025-07-01T14:44:38.9222518Z copying path '/nix/store/j7k6mzbdydimzw4mf23ahq6a7rz2f7w2-util-linux-minimal-2.39.4-login' from 'https://cache.nixos.org'...
2025-07-01T14:44:38.9289441Z copying path '/nix/store/sf31nmjhlsdp2h26vbwbpa7gwfn4i4na-xz-5.6.3' from 'https://cache.nixos.org'...
2025-07-01T14:44:38.9350019Z copying path '/nix/store/fvm65iknlk5kx9938xsc5485s9wzz1ig-lvm2-2.03.27-lib' from 'https://cache.nixos.org'...
2025-07-01T14:44:38.9395635Z copying path '/nix/store/blkjagm7k01k9sghpyckw4y6dd6z0knl-util-linux-minimal-2.39.4-swap' from 'https://cache.nixos.org'...
2025-07-01T14:44:38.9413005Z copying path '/nix/store/a9vgxnafcgb1khpjgn87ixmyv4dsqlp0-util-linux-minimal-2.39.4-mount' from 'https://cache.nixos.org'...
2025-07-01T14:44:38.9606755Z copying path '/nix/store/xxssfwyz4l32wiadvsrcf259nkb91myn-z3-4.11.2-lib' from 'https://cache.nixos.org'...
2025-07-01T14:44:38.9813653Z copying path '/nix/store/dwyr8xvjby2l1zz92a5pfl6bq27jhrm6-krb5-1.21.3-lib' from 'https://cache.nixos.org'...
2025-07-01T14:44:38.9825867Z copying path '/nix/store/6k8v1ffagipraln3nn12h1n22d5l9dvr-perl5.40.0-Net-SSLeay-1.92' from 'https://cache.nixos.org'...
2025-07-01T14:44:38.9843991Z copying path '/nix/store/09pyjyjdr5mwmki9gb0yf809l54xr8p2-openssl-3.3.3-bin' from 'https://cache.nixos.org'...
2025-07-01T14:44:38.9891357Z copying path '/nix/store/bhvah40258cfi5sj1wiy2zmdn5xgj4m1-krb5-1.21.3-lib' from 'https://cache.nixos.org'...
2025-07-01T14:44:38.9931160Z copying path '/nix/store/vpg96mfr1jw5arlqg831i69g29v0sdb3-zlib-1.3.1' from 'https://cache.nixos.org'...
2025-07-01T14:44:39.0011253Z copying path '/nix/store/6cf2yj12gf51jn5vdbdw01gmgvyj431s-zstd-1.5.6' from 'https://cache.nixos.org'...
2025-07-01T14:44:39.0406267Z copying path '/nix/store/xv2bvwf6zv1hhlm9w4x0f7n0idhbsjh7-perl5.40.0-CGI-Fast-2.16' from 'https://cache.nixos.org'...
2025-07-01T14:44:39.0531412Z copying path '/nix/store/23j515bg7lgis34f0jkm9j6g00dpp2sh-binutils-2.43.1-lib' from 'https://cache.nixos.org'...
2025-07-01T14:44:39.0551593Z copying path '/nix/store/lmfya9by589b0qgc2pqps1zy4jhldkvq-cryptsetup-2.7.5' from 'https://cache.nixos.org'...
2025-07-01T14:44:39.0744621Z copying path '/nix/store/yk246qv4bbmr0mmh9y3gnfdkra5nnjgi-cracklib-2.10.0' from 'https://cache.nixos.org'...
2025-07-01T14:44:39.1102829Z copying path '/nix/store/p751fjd81h3926ivxsq0x20lz5j7yscc-file-5.45' from 'https://cache.nixos.org'...
2025-07-01T14:44:39.1202392Z copying path '/nix/store/yg4ahy7gahx91nq80achmzilrjyv0scj-gcc-13.3.0' from 'https://cache.nixos.org'...
2025-07-01T14:44:39.1811473Z copying path '/nix/store/1md58p5vm4dixcwwpwrs78a7kjf6nnqk-gnutls-3.8.6' from 'https://cache.nixos.org'...
2025-07-01T14:44:39.2191684Z copying path '/nix/store/nfdnparxrnv6sy627lw1c27pdqzpbfs2-kexec-tools-2.0.29' from 'https://cache.nixos.org'...
2025-07-01T14:44:39.2240600Z copying path '/nix/store/yr9xanc3bgp95fj9kvbrrq47zhzni2i6-kmod-31' from 'https://cache.nixos.org'...
2025-07-01T14:44:39.2620086Z copying path '/nix/store/qdypipr8zp0nkyrwqnakn3q3xhpghsrb-kmod-31-lib' from 'https://cache.nixos.org'...
2025-07-01T14:44:39.3166138Z copying path '/nix/store/n6zw4496n0bd9r6gjwkjmf5ja6757q32-krb5-1.21.3' from 'https://cache.nixos.org'...
2025-07-01T14:44:39.3522298Z copying path '/nix/store/22qnvg3zddkf7rbpckv676qpsc2najv9-binutils-2.43.1' from 'https://cache.nixos.org'...
2025-07-01T14:44:39.3671671Z copying path '/nix/store/6m49g3aqk5d5vdxp7chpgim5l6cfm7d6-libarchive-3.7.7-lib' from 'https://cache.nixos.org'...
2025-07-01T14:44:39.4075411Z copying path '/nix/store/kc1sdzqnymjwy74chlnkq2xlxnmrg30x-libfido2-1.15.0' from 'https://cache.nixos.org'...
2025-07-01T14:44:39.4111794Z copying path '/nix/store/pvyhn761hgn17fpr6fy168vcv1ciwsgl-libssh2-1.11.1' from 'https://cache.nixos.org'...
2025-07-01T14:44:39.4572174Z copying path '/nix/store/qmz79v7x18zmi6g2iagxwazqfwbxzhra-libssh2-1.11.1' from 'https://cache.nixos.org'...
2025-07-01T14:44:39.4658562Z copying path '/nix/store/zfk4v9lxal3ch98qnf7zlciwgmk4w1ij-krb5-1.21.3-dev' from 'https://cache.nixos.org'...
2025-07-01T14:44:39.5066805Z copying path '/nix/store/hgq0ircylcm0mx6y7ml9chcbwgrz9xg7-openssl-3.3.3-dev' from 'https://cache.nixos.org'...
2025-07-01T14:44:39.5251129Z copying path '/nix/store/q4j9jj8jw74216cw4chsqlwdnglwly6p-perl-5.40.0' from 'https://cache.nixos.org'...
2025-07-01T14:44:39.5954408Z copying path '/nix/store/17rp2wzkp8xfhxcd5zihx6qmnbaadlhs-libmicrohttpd-1.0.1' from 'https://cache.nixos.org'...
2025-07-01T14:44:39.5961552Z copying path '/nix/store/73pq792gn6i9qfywsnd347vg0152w8rw-perl5.40.0-IO-Socket-SSL-2.083' from 'https://cache.nixos.org'...
2025-07-01T14:44:39.6689417Z copying path '/nix/store/w2m5p0fb6pmqq6dz2jqlvnyw7n4vcbpx-curl-8.12.1' from 'https://cache.nixos.org'...
2025-07-01T14:44:39.6986072Z copying path '/nix/store/lgfp6sl5hpykmld29rqvi9pam8ji8k24-curl-8.12.1' from 'https://cache.nixos.org'...
2025-07-01T14:44:39.7137855Z copying path '/nix/store/i7gfv740vcygvl9pgqwq29nkzmsp09ww-sqlite-3.46.1' from 'https://cache.nixos.org'...
2025-07-01T14:44:39.7886883Z copying path '/nix/store/rbns8mzghhqxih4hj2js4mb4s6ivy5d1-xz-5.6.3-bin' from 'https://cache.nixos.org'...
2025-07-01T14:44:39.7909361Z copying path '/nix/store/f2sjbvr2gbp1dl1fwak6b77j18wv2rm8-perl5.40.0-Net-SMTP-SSL-1.04' from 'https://cache.nixos.org'...
2025-07-01T14:44:39.8072489Z copying path '/nix/store/0rg4nqym82ngd29dy8qm1bggm94dkry3-libssh2-1.11.1-dev' from 'https://cache.nixos.org'...
2025-07-01T14:44:39.8353975Z copying path '/nix/store/gnnac2vpa466p2lpzskmbj5vjr6ikzhg-libpwquality-1.4.5-lib' from 'https://cache.nixos.org'...
2025-07-01T14:44:39.8811537Z copying path '/nix/store/ccrjbcfl5zcdp0n5mh69f4airrb9g8m4-zlib-1.3.1-dev' from 'https://cache.nixos.org'...
2025-07-01T14:44:39.8910734Z copying path '/nix/store/awbfciyq3cjvw6x8wd8wdjy8z2qxm98n-elfutils-0.191' from 'https://cache.nixos.org'...
2025-07-01T14:44:39.9009532Z copying path '/nix/store/hsxp8g7zdr6wxk1mp812g8nbzvajzn4w-stdenv-linux' from 'https://cache.nixos.org'...
2025-07-01T14:44:39.9114578Z copying path '/nix/store/3hgwjb5hp0jm8fyi4vx9s4f3hjvp0n1r-tpm2-tss-4.1.3' from 'https://cache.nixos.org'...
2025-07-01T14:44:39.9314848Z copying path '/nix/store/xmmli2ijsz2br6573z3sqsgg0spnj7i9-zstd-1.5.6-bin' from 'https://cache.nixos.org'...
2025-07-01T14:44:39.9592860Z copying path '/nix/store/8qf68jid6rr2f4c8ppyp0ixdlv0axnpn-curl-8.12.1-bin' from 'https://cache.nixos.org'...
2025-07-01T14:44:39.9689933Z copying path '/nix/store/sh26c2jcz7w2gii2px77bqy64fd026jd-boost-1.81.0' from 'https://cache.nixos.org'...
2025-07-01T14:44:39.9723758Z copying path '/nix/store/lhpwdis5hkyljz1d200bj1s6g51ljq9k-python3-3.12.8' from 'https://cache.nixos.org'...
2025-07-01T14:44:40.0351158Z copying path '/nix/store/z9lnvmqymg80hk671fm2533ncczkf7z2-kbd-2.6.4' from 'https://cache.nixos.org'...
2025-07-01T14:44:40.0692654Z copying path '/nix/store/04shrm4bvxw1yam87da7y9k872kqn777-curl-8.12.1-dev' from 'https://cache.nixos.org'...
2025-07-01T14:44:40.1878540Z copying path '/nix/store/007wiy8x5irdxzsdx3bdqx0k0a8hp6ji-shellcheck-0.10.0-bin' from 'https://cache.nixos.org'...
2025-07-01T14:44:40.1959969Z copying path '/nix/store/f95nqmgp2vaz1h68n36k605ay1ixnj0a-libbpf-1.4.7' from 'https://cache.nixos.org'...
2025-07-01T14:44:40.3290136Z building '/nix/store/rkn5fk95kmnbxk65bxlyzqnmsmafh1f1-kind-with-registry.sh.drv'...
2025-07-01T14:44:40.5599944Z copying path '/nix/store/1mv8pj4nxwnd9bbxshljc9p4cnl3rakj-binutils-wrapper-2.43.1' from 'https://cache.nixos.org'...
2025-07-01T14:44:40.5606682Z copying path '/nix/store/w9qcpyhjrxsqrps91wkz8r4mqvg9zrxc-systemd-256.10' from 'https://cache.nixos.org'...
2025-07-01T14:44:40.7064299Z copying path '/nix/store/00x4qvjp4kcm932rv281v8n9y4xk9dv1-solc-0.8.21' from 'https://cache.nixos.org'...
2025-07-01T14:44:40.7363982Z copying path '/nix/store/ch1brsi5xwxgyv23csmvw1am9l40rf1c-shellcheck-0.10.0' from 'https://cache.nixos.org'...
2025-07-01T14:44:41.5930027Z copying path '/nix/store/99accs107rzm78z74cj1wns59d0m1nh8-perl5.40.0-libwww-perl-6.72' from 'https://cache.nixos.org'...
2025-07-01T14:44:41.6808813Z copying path '/nix/store/7s649psqfmp6bf2ij6kba3nbwjp50z0w-promtail-3.2.1' from 'https://cache.nixos.org'...
2025-07-01T14:44:42.7939925Z copying path '/nix/store/1fwh9nv8n93rjc7i7j9gcm3whdqpgy84-git-2.47.2' from 'https://cache.nixos.org'...
2025-07-01T14:44:43.7705241Z copying path '/nix/store/gnd8f9h2ycxrfrvrga508c4n9cxy6720-gcc-wrapper-13.3.0' from 'https://cache.nixos.org'...
2025-07-01T14:44:43.7759137Z copying path '/nix/store/szfi0xd0cwdaldhkp8vlgi7jfv662nmd-stdenv-linux' from 'https://cache.nixos.org'...
2025-07-01T14:44:43.8237034Z building '/nix/store/mbmxfdxryq3wr2wxm5brh42mcad1gvzy-kind-with-registry-1.0.0.drv'...
2025-07-01T14:44:43.9122061Z building '/nix/store/l2gp0i5ccps3gdgrqx8mmvfl0jx2l5p5-nix-shell-env.drv'...
2025-07-01T14:44:44.3471705Z this path will be fetched (0.10 MiB download, 0.10 MiB unpacked):
2025-07-01T14:44:44.3472387Z   /nix/store/hlv28jlwzk6kqj6vljm9cn8i7pw030nx-bash-interactive-5.2p37-man
2025-07-01T14:44:44.3480387Z copying path '/nix/store/hlv28jlwzk6kqj6vljm9cn8i7pw030nx-bash-interactive-5.2p37-man' from 'https://cache.nixos.org'...
2025-07-01T14:44:44.3765613Z dependencies installed
2025-07-01T14:44:44.3810343Z ##[group]Run /home/runner/work/_actions/ava-labs/avalanchego/092cf182dd92b66a8ab882b657d3ae52b174c913/.github/actions/run-monitored-tmpnet-cmd/notify-metrics-availability.sh
2025-07-01T14:44:44.3812440Z [36;1m/home/runner/work/_actions/ava-labs/avalanchego/092cf182dd92b66a8ab882b657d3ae52b174c913/.github/actions/run-monitored-tmpnet-cmd/notify-metrics-availability.sh[0m
2025-07-01T14:44:44.3888838Z shell: /usr/bin/bash --noprofile --norc -e -o pipefail {0}
2025-07-01T14:44:44.3889334Z env:
2025-07-01T14:44:44.3889630Z   TMPDIR: /home/runner/work/_temp
2025-07-01T14:44:44.3891278Z   GRAFANA_URL: https://grafana-poc.avax-dev.network/d/kBQpRdWnk/avalanche-main-dashboard?orgId=1&refresh=10s&var-filter=is_ephemeral_node%7C%3D%7Cfalse&var-filter=gh_repo%7C%3D%7Cava-labs%2Fsubnet-evm&var-filter=gh_run_id%7C%3D%7C16002582210&var-filter=gh_run_attempt%7C%3D%7C1
2025-07-01T14:44:44.3892931Z   GH_JOB_ID: e2e_load
2025-07-01T14:44:44.3893251Z   FILTER_BY_OWNER: 
2025-07-01T14:44:44.3893552Z ##[endgroup]
2025-07-01T14:44:44.4010691Z grafana link for shared network logs and metrics: https://grafana-poc.avax-dev.network/d/kBQpRdWnk/avalanche-main-dashboard?orgId=1&refresh=10s&var-filter=is_ephemeral_node%7C%3D%7Cfalse&var-filter=gh_repo%7C%3D%7Cava-labs%2Fsubnet-evm&var-filter=gh_run_id%7C%3D%7C16002582210&var-filter=gh_run_attempt%7C%3D%7C1&var-filter=gh_job_id%7C%3D%7Ce2e_load&from=1751381084000&to=1751381984000
2025-07-01T14:44:44.4049549Z ##[group]Run /home/runner/work/_actions/ava-labs/avalanchego/092cf182dd92b66a8ab882b657d3ae52b174c913/.github/actions/run-monitored-tmpnet-cmd/nix-develop.sh --impure --command bash -x ./scripts/run_task.sh test-e2e-load-ci
2025-07-01T14:44:44.4052180Z [36;1m /home/runner/work/_actions/ava-labs/avalanchego/092cf182dd92b66a8ab882b657d3ae52b174c913/.github/actions/run-monitored-tmpnet-cmd/nix-develop.sh --impure --command bash -x ./scripts/run_task.sh test-e2e-load-ci[0m
2025-07-01T14:44:44.4122531Z shell: /usr/bin/bash --noprofile --norc -e -o pipefail {0}
2025-07-01T14:44:44.4122979Z env:
2025-07-01T14:44:44.4123291Z   TMPDIR: /home/runner/work/_temp
2025-07-01T14:44:44.4123670Z   TMPNET_START_METRICS_COLLECTOR: true
2025-07-01T14:44:44.4124055Z   TMPNET_START_LOGS_COLLECTOR: true
2025-07-01T14:44:44.4124418Z   TMPNET_CHECK_METRICS_COLLECTED: true
2025-07-01T14:44:44.4124789Z   TMPNET_CHECK_LOGS_COLLECTED: true
2025-07-01T14:44:44.4125213Z   LOKI_USERNAME: ***
2025-07-01T14:44:44.4125630Z   LOKI_PASSWORD: ***
2025-07-01T14:44:44.4125948Z   PROMETHEUS_USERNAME: ***
2025-07-01T14:44:44.4126424Z   PROMETHEUS_PASSWORD: ***
2025-07-01T14:44:44.4126784Z   GH_REPO: ava-labs/subnet-evm
2025-07-01T14:44:44.4127125Z   GH_WORKFLOW: Tests
2025-07-01T14:44:44.4127420Z   GH_RUN_ID: 16002582210
2025-07-01T14:44:44.4127930Z   GH_RUN_NUMBER: 2076
2025-07-01T14:44:44.4128228Z   GH_RUN_ATTEMPT: 1
2025-07-01T14:44:44.4128510Z   GH_JOB_ID: e2e_load
2025-07-01T14:44:44.4129034Z ##[endgroup]
2025-07-01T14:44:44.4240291Z No local flake found, will attempt to use avalanchego flake
2025-07-01T14:44:44.4329374Z Starting nix shell for github:ava-labs/avalanchego?ref=v1.13.2
2025-07-01T14:44:46.7747468Z + set -euo pipefail
2025-07-01T14:44:46.7748234Z + command -v task
2025-07-01T14:44:46.7748603Z + exec task test-e2e-load-ci
2025-07-01T14:44:46.7953537Z task: [install-avalanchego-release] ./scripts/install_avalanchego_release.sh
2025-07-01T14:44:46.8245211Z Using branch: c46a4f11e
2025-07-01T14:44:47.0682631Z https://github.com/ava-labs/avalanchego/releases/download/v1.13.2/avalanchego-linux-amd64-v1.13.2.tar.gz found
2025-07-01T14:44:47.0684187Z downloading to /tmp/avalanchego-release/avalanchego-linux-amd64-v1.13.2.tar.gz
2025-07-01T14:44:47.0735790Z   % Total    % Received % Xferd  Average Speed   Time    Time     Time  Current
2025-07-01T14:44:47.0737169Z                                  Dload  Upload   Total   Spent    Left  Speed
2025-07-01T14:44:47.0737492Z 
2025-07-01T14:44:47.1388891Z   0     0    0     0    0     0      0      0 --:--:-- --:--:-- --:--:--     0
2025-07-01T14:44:47.1389691Z   0     0    0     0    0     0      0      0 --:--:-- --:--:-- --:--:--     0
2025-07-01T14:44:47.8825784Z 
2025-07-01T14:44:47.8826517Z 100 36.2M  100 36.2M    0     0  44.7M      0 --:--:-- --:--:-- --:--:-- 44.7M
2025-07-01T14:44:47.8923937Z avalanchego-v1.13.2/avalanchego
2025-07-01T14:44:48.5108154Z Installed AvalancheGo release v1.13.2
2025-07-01T14:44:48.5109514Z AvalancheGo Path: /tmp/avalanchego-release/avalanchego/avalanchego
2025-07-01T14:44:48.5110332Z Plugin Dir: /home/runner/.avalanchego/plugins
2025-07-01T14:44:48.5145285Z task: [build] ./scripts/build.sh
2025-07-01T14:44:48.5429899Z Using branch: c46a4f11e
2025-07-01T14:44:48.5431042Z Building Subnet EVM @ GitCommit: c46a4f11ecd55a5ab361920393adf5859e0dc097 at /home/runner/.avalanchego/plugins/srEXiWaHuhNyGwPUi444Tu47ZEDwxTWrbQiuD7FmgSAQ6X7Dy
2025-07-01T14:44:48.5482731Z go: downloading github.com/ava-labs/avalanchego v1.13.2
2025-07-01T14:44:49.3356325Z go: downloading github.com/spf13/pflag v1.0.5
2025-07-01T14:44:49.3356999Z go: downloading github.com/spf13/viper v1.12.0
2025-07-01T14:44:49.3571046Z go: downloading github.com/ava-labs/libevm v1.13.14-0.3.0.rc.1
2025-07-01T14:44:50.8112558Z go: downloading github.com/gorilla/rpc v1.2.0
2025-07-01T14:44:50.8114350Z go: downloading github.com/holiman/uint256 v1.2.4
2025-07-01T14:44:50.8115008Z go: downloading github.com/prometheus/client_golang v1.16.0
2025-07-01T14:44:50.8115736Z go: downloading golang.org/x/exp v0.0.0-20241215155358-4a5509556b9e
2025-07-01T14:44:50.8356956Z go: downloading go.uber.org/zap v1.26.0
2025-07-01T14:44:50.8974830Z go: downloading golang.org/x/term v0.30.0
2025-07-01T14:44:50.8976739Z go: downloading gopkg.in/natefinch/lumberjack.v2 v2.0.0
2025-07-01T14:44:50.9196169Z go: downloading github.com/grpc-ecosystem/go-grpc-prometheus v1.2.0
2025-07-01T14:44:50.9316113Z go: downloading github.com/prometheus/client_model v0.3.0
2025-07-01T14:44:50.9325758Z go: downloading google.golang.org/grpc v1.66.0
2025-07-01T14:44:50.9396094Z go: downloading google.golang.org/protobuf v1.35.2
2025-07-01T14:44:51.1223700Z go: downloading go.opentelemetry.io/otel v1.22.0
2025-07-01T14:44:51.2288440Z go: downloading go.opentelemetry.io/otel/trace v1.22.0
2025-07-01T14:44:51.2402971Z go: downloading github.com/prometheus/common v0.42.0
2025-07-01T14:44:51.2783270Z go: downloading github.com/cockroachdb/pebble v0.0.0-20230928194634-aa077af62593
2025-07-01T14:44:51.4892646Z go: downloading github.com/StephenButtolph/canoto v0.15.0
2025-07-01T14:44:51.4894578Z go: downloading github.com/google/renameio/v2 v2.0.0
2025-07-01T14:44:51.4895437Z go: downloading golang.org/x/sync v0.12.0
2025-07-01T14:44:51.5059279Z go: downloading github.com/fsnotify/fsnotify v1.6.0
2025-07-01T14:44:51.5167048Z go: downloading github.com/mitchellh/mapstructure v1.5.0
2025-07-01T14:44:51.5175863Z go: downloading github.com/spf13/afero v1.8.2
2025-07-01T14:44:51.5228531Z go: downloading github.com/spf13/cast v1.5.0
2025-07-01T14:44:51.5268183Z go: downloading github.com/spf13/jwalterweatherman v1.1.0
2025-07-01T14:44:51.5413545Z go: downloading golang.org/x/crypto v0.36.0
2025-07-01T14:44:51.5440552Z go: downloading github.com/gofrs/flock v0.8.1
2025-07-01T14:44:51.5474910Z go: downloading github.com/golang/snappy v0.0.5-0.20220116011046-fa5810519dcb
2025-07-01T14:44:51.5555873Z go: downloading github.com/olekukonko/tablewriter v0.0.5
2025-07-01T14:44:51.5674031Z go: downloading github.com/shirou/gopsutil v3.21.11+incompatible
2025-07-01T14:44:51.5733361Z go: downloading golang.org/x/sys v0.31.0
2025-07-01T14:44:51.6348887Z go: downloading github.com/dop251/goja v0.0.0-20230806174421-c933cf95e127
2025-07-01T14:44:51.7093241Z go: downloading github.com/gballet/go-verkle v0.1.1-0.20231031103413-a67434b50f46
2025-07-01T14:44:51.7346936Z go: downloading github.com/holiman/bloomfilter/v2 v2.0.3
2025-07-01T14:44:51.7577177Z go: downloading github.com/stretchr/testify v1.10.0
2025-07-01T14:44:51.7809903Z go: downloading go.uber.org/mock v0.5.0
2025-07-01T14:44:51.7869960Z go: downloading github.com/deckarep/golang-set/v2 v2.1.0
2025-07-01T14:44:51.8014377Z go: downloading github.com/gorilla/websocket v1.5.0
2025-07-01T14:44:51.8242282Z go: downloading golang.org/x/time v0.3.0
2025-07-01T14:44:51.8356500Z go: downloading github.com/beorn7/perks v1.0.1
2025-07-01T14:44:51.8385026Z go: downloading github.com/cespare/xxhash/v2 v2.3.0
2025-07-01T14:44:51.8386171Z go: downloading github.com/prometheus/procfs v0.10.1
2025-07-01T14:44:51.8510167Z go: downloading go.uber.org/multierr v1.11.0
2025-07-01T14:44:51.8521464Z go: downloading github.com/supranational/blst v0.3.14
2025-07-01T14:44:51.8800750Z go: downloading google.golang.org/genproto/googleapis/rpc v0.0.0-20240827150818-7e3bb234dfed
2025-07-01T14:44:51.8913218Z go: downloading golang.org/x/net v0.38.0
2025-07-01T14:44:51.8950616Z go: downloading github.com/golang/protobuf v1.5.4
2025-07-01T14:44:51.9297925Z go: downloading go.opentelemetry.io/otel/exporters/otlp/otlptrace v1.22.0
2025-07-01T14:44:51.9407470Z go: downloading go.opentelemetry.io/otel/exporters/otlp/otlptrace/otlptracegrpc v1.22.0
2025-07-01T14:44:51.9583137Z go: downloading go.opentelemetry.io/otel/exporters/otlp/otlptrace/otlptracehttp v1.22.0
2025-07-01T14:44:51.9590602Z go: downloading go.opentelemetry.io/otel/sdk v1.22.0
2025-07-01T14:44:51.9868100Z go: downloading github.com/matttproud/golang_protobuf_extensions v1.0.4
2025-07-01T14:44:51.9869394Z go: downloading github.com/syndtr/goleveldb v1.0.1-0.20220614013038-64ee5596c38a
2025-07-01T14:44:52.0323653Z go: downloading github.com/mr-tron/base58 v1.2.0
2025-07-01T14:44:52.0413352Z go: downloading gonum.org/v1/gonum v0.11.0
2025-07-01T14:44:52.1164239Z go: downloading github.com/DataDog/zstd v1.5.2
2025-07-01T14:44:52.1200571Z go: downloading github.com/subosito/gotenv v1.3.0
2025-07-01T14:44:52.1409245Z go: downloading github.com/hashicorp/hcl v1.0.0
2025-07-01T14:44:52.1751503Z go: downloading gopkg.in/ini.v1 v1.67.0
2025-07-01T14:44:52.1906775Z go: downloading github.com/magiconair/properties v1.8.6
2025-07-01T14:44:52.1949761Z go: downloading github.com/pelletier/go-toml/v2 v2.0.5
2025-07-01T14:44:52.2054948Z go: downloading gopkg.in/yaml.v3 v3.0.1
2025-07-01T14:44:52.2313437Z go: downloading golang.org/x/text v0.23.0
2025-07-01T14:44:52.2373457Z go: downloading github.com/pelletier/go-toml v1.9.5
2025-07-01T14:44:52.2630860Z go: downloading github.com/mattn/go-runewidth v0.0.13
2025-07-01T14:44:52.2792688Z go: downloading github.com/tklauser/go-sysconf v0.3.12
2025-07-01T14:44:52.3133199Z go: downloading github.com/crate-crypto/go-kzg-4844 v0.7.0
2025-07-01T14:44:52.5111051Z go: downloading github.com/VictoriaMetrics/fastcache v1.12.1
2025-07-01T14:44:52.5217925Z go: downloading github.com/crate-crypto/go-ipa v0.0.0-20231025140028-3c0104f4b233
2025-07-01T14:44:52.5435064Z go: downloading github.com/dlclark/regexp2 v1.7.0
2025-07-01T14:44:52.7434650Z go: downloading github.com/google/pprof v0.0.0-20230207041349-798e818bf904
2025-07-01T14:44:52.8884111Z go: downloading github.com/holiman/billy v0.0.0-20240216141850-2abb0c79d3c4
2025-07-01T14:44:52.8885091Z go: downloading github.com/hashicorp/golang-lru v0.5.5-0.20210104140557-80c98217689d
2025-07-01T14:44:52.9052855Z go: downloading github.com/davecgh/go-spew v1.1.1
2025-07-01T14:44:52.9070640Z go: downloading github.com/tyler-smith/go-bip39 v1.1.0
2025-07-01T14:44:52.9090516Z go: downloading github.com/google/uuid v1.6.0
2025-07-01T14:44:52.9417306Z go: downloading github.com/hashicorp/go-bexpr v0.1.10
2025-07-01T14:44:52.9426909Z go: downloading github.com/mattn/go-colorable v0.1.13
2025-07-01T14:44:52.9427613Z go: downloading github.com/mattn/go-isatty v0.0.17
2025-07-01T14:44:52.9514342Z go: downloading github.com/urfave/cli/v2 v2.25.7
2025-07-01T14:44:52.9545986Z go: downloading github.com/pmezard/go-difflib v1.0.0
2025-07-01T14:44:52.9667865Z go: downloading github.com/cockroachdb/errors v1.9.1
2025-07-01T14:44:53.0183362Z go: downloading github.com/cockroachdb/redact v1.1.3
2025-07-01T14:44:53.0184279Z go: downloading github.com/cockroachdb/tokenbucket v0.0.0-20230807174530-cc333fc44b06
2025-07-01T14:44:53.0304335Z go: downloading go.opentelemetry.io/proto/otlp v1.0.0
2025-07-01T14:44:53.0555420Z go: downloading github.com/rivo/uniseg v0.2.0
2025-07-01T14:44:53.0558279Z go: downloading github.com/tklauser/numcpus v0.6.1
2025-07-01T14:44:53.0920795Z go: downloading github.com/go-sourcemap/sourcemap v2.1.3+incompatible
2025-07-01T14:44:53.1042318Z go: downloading github.com/gballet/go-libpcsclite v0.0.0-20191108122812-4678299bea08
2025-07-01T14:44:53.1103259Z go: downloading github.com/status-im/keycard-go v0.2.0
2025-07-01T14:44:53.1183608Z go: downloading github.com/mitchellh/pointerstructure v1.2.0
2025-07-01T14:44:53.1301394Z go: downloading github.com/cockroachdb/logtags v0.0.0-20230118201751-21c54148d20b
2025-07-01T14:44:53.1303023Z go: downloading github.com/getsentry/sentry-go v0.18.0
2025-07-01T14:44:53.1378822Z go: downloading github.com/pkg/errors v0.9.1
2025-07-01T14:44:53.1484265Z go: downloading github.com/go-logr/logr v1.4.1
2025-07-01T14:44:53.1647999Z go: downloading go.opentelemetry.io/otel/metric v1.22.0
2025-07-01T14:44:53.1809165Z go: downloading github.com/cenkalti/backoff/v4 v4.2.1
2025-07-01T14:44:53.1814929Z go: downloading github.com/grpc-ecosystem/grpc-gateway/v2 v2.16.0
2025-07-01T14:44:53.2166185Z go: downloading github.com/go-logr/stdr v1.2.2
2025-07-01T14:44:53.2262877Z go: downloading github.com/cpuguy83/go-md2man/v2 v2.0.4
2025-07-01T14:44:53.2412065Z go: downloading github.com/xrash/smetrics v0.0.0-20201216005158-039620a65673
2025-07-01T14:44:53.3114150Z go: downloading github.com/consensys/gnark-crypto v0.12.1
2025-07-01T14:44:53.3374465Z go: downloading github.com/gogo/protobuf v1.3.2
2025-07-01T14:44:53.6051882Z go: downloading github.com/kr/pretty v0.3.1
2025-07-01T14:44:53.6074263Z go: downloading github.com/huin/goupnp v1.3.0
2025-07-01T14:44:53.6255545Z go: downloading github.com/jackpal/go-nat-pmp v1.0.2
2025-07-01T14:44:53.6259231Z go: downloading github.com/russross/blackfriday/v2 v2.1.0
2025-07-01T14:44:53.6326011Z go: downloading google.golang.org/genproto/googleapis/api v0.0.0-20240604185151-ef581f913117
2025-07-01T14:44:53.6692904Z go: downloading github.com/kr/text v0.2.0
2025-07-01T14:44:53.6784197Z go: downloading github.com/rogpeppe/go-internal v1.12.0
2025-07-01T14:44:53.8837339Z go: downloading github.com/bits-and-blooms/bitset v1.10.0
2025-07-01T14:44:53.8839626Z go: downloading github.com/mmcloughlin/addchain v0.4.0
2025-07-01T14:44:53.8840307Z go: downloading github.com/consensys/bavard v0.1.13
2025-07-01T14:44:53.9244285Z go: downloading rsc.io/tmplfunc v0.0.3
2025-07-01T14:46:05.2339676Z task: [test-e2e-load] ./scripts/run_ginkgo_load.sh
2025-07-01T14:46:05.2626414Z Using branch: c46a4f11e
2025-07-01T14:46:05.2716422Z go: downloading github.com/onsi/ginkgo/v2 v2.13.1
2025-07-01T14:46:05.3925512Z go: downloading github.com/go-task/slim-sprig v0.0.0-20230315185526-52ccab3ef572
2025-07-01T14:46:05.3934648Z go: downloading golang.org/x/tools v0.29.0
2025-07-01T14:46:56.4924245Z go: downloading github.com/ava-labs/coreth v0.15.2-rc.0.0.20250620163936-0058a7ec6d9d
2025-07-01T14:46:56.4925125Z go: downloading k8s.io/api v0.29.0
2025-07-01T14:46:56.4925990Z go: downloading k8s.io/apimachinery v0.29.0
2025-07-01T14:46:56.4926523Z go: downloading k8s.io/client-go v0.29.0
2025-07-01T14:46:56.4927100Z go: downloading k8s.io/utils v0.0.0-20230726121419-3b25d923346b
2025-07-01T14:46:56.4927545Z go: downloading github.com/go-cmd/cmd v1.4.1
2025-07-01T14:46:56.4928322Z go: downloading github.com/btcsuite/btcd/btcutil v1.1.3
2025-07-01T14:46:56.4928914Z go: downloading github.com/decred/dcrd/dcrec/secp256k1/v4 v4.1.0
2025-07-01T14:46:56.4929386Z go: downloading github.com/json-iterator/go v1.1.12
2025-07-01T14:46:56.4929865Z go: downloading gopkg.in/inf.v0 v0.9.1
2025-07-01T14:46:56.4930225Z go: downloading github.com/google/gofuzz v1.2.0
2025-07-01T14:46:56.4930672Z go: downloading k8s.io/klog/v2 v2.110.1
2025-07-01T14:46:56.4931012Z go: downloading sigs.k8s.io/yaml v1.3.0
2025-07-01T14:46:56.4931471Z go: downloading github.com/imdario/mergo v0.3.16
2025-07-01T14:46:56.4931906Z go: downloading github.com/pires/go-proxyproto v0.6.2
2025-07-01T14:46:56.4932377Z go: downloading github.com/gorilla/mux v1.8.0
2025-07-01T14:46:56.4932779Z go: downloading github.com/rs/cors v1.7.0
2025-07-01T14:46:56.4933169Z go: downloading github.com/google/btree v1.1.2
2025-07-01T14:46:56.4933673Z go: downloading sigs.k8s.io/structured-merge-diff/v4 v4.4.1
2025-07-01T14:46:56.4934157Z go: downloading sigs.k8s.io/json v0.0.0-20221116044647-bc3834ca7abd
2025-07-01T14:46:56.4934687Z go: downloading github.com/moby/spdystream v0.2.0
2025-07-01T14:46:56.4935109Z go: downloading github.com/google/gnostic-models v0.6.8
2025-07-01T14:46:56.4935591Z go: downloading golang.org/x/oauth2 v0.21.0
2025-07-01T14:46:56.4935971Z go: downloading gopkg.in/yaml.v2 v2.4.0
2025-07-01T14:46:56.4936511Z go: downloading github.com/modern-go/concurrent v0.0.0-20180306012644-bacd9c7ef1dd
2025-07-01T14:46:56.4937147Z go: downloading github.com/modern-go/reflect2 v1.0.2
2025-07-01T14:46:56.4937587Z go: downloading github.com/mxk/go-flowrate v0.0.0-20140419014527-cca7078d478f
2025-07-01T14:46:56.4939927Z go: downloading k8s.io/kube-openapi v0.0.0-20231010175941-2dd684a91f00
2025-07-01T14:46:56.4940522Z go: downloading github.com/munnerz/goautoneg v0.0.0-20191010083416-a7dc8b61c822
2025-07-01T14:46:56.4940949Z go: downloading github.com/go-openapi/swag v0.22.3
2025-07-01T14:46:56.4941425Z go: downloading github.com/go-openapi/jsonreference v0.20.2
2025-07-01T14:46:56.4941832Z go: downloading github.com/emicklei/go-restful/v3 v3.11.0
2025-07-01T14:46:56.4942320Z go: downloading github.com/go-openapi/jsonpointer v0.19.6
2025-07-01T14:46:56.4942702Z go: downloading github.com/mailru/easyjson v0.7.7
2025-07-01T14:46:56.4943127Z go: downloading github.com/josharian/intern v1.0.0
2025-07-01T14:46:56.4943346Z 
2025-07-01T14:46:56.5869225Z Running Suite: subnet-evm small load simulator test suite - /home/runner/work/subnet-evm/subnet-evm/tests/load
2025-07-01T14:46:56.5871066Z ==============================================================================================================
2025-07-01T14:46:56.5871867Z Random Seed: [1m1751381166[0m
2025-07-01T14:46:56.5872130Z 
2025-07-01T14:46:56.5872367Z Will run [1m1[0m of [1m1[0m specs
2025-07-01T14:46:56.5872904Z [38;5;243m------------------------------[0m
2025-07-01T14:46:56.5873326Z [Load Simulator]
2025-07-01T14:46:56.5874088Z [38;5;243m/home/runner/work/subnet-evm/subnet-evm/tests/load/load_test.go:50[0m
2025-07-01T14:46:56.5874962Z   [0m[1mbasic subnet load test[0m [38;5;204m[load][0m
2025-07-01T14:46:56.5875935Z   [38;5;243m/home/runner/work/subnet-evm/subnet-evm/tests/load/load_test.go:72[0m
2025-07-01T14:46:56.5877986Z   > Enter [1m[BeforeEach][0m TOP-LEVEL [38;5;243m- /home/runner/go/pkg/mod/github.com/ava-labs/avalanchego@v1.13.2/tests/fixture/e2e/metrics_link.go:27 @ 07/01/25 14:46:56.586[0m
2025-07-01T14:46:56.5882153Z   < Exit [1m[BeforeEach][0m TOP-LEVEL [38;5;243m- /home/runner/go/pkg/mod/github.com/ava-labs/avalanchego@v1.13.2/tests/fixture/e2e/metrics_link.go:27 @ 07/01/25 14:46:56.586 (0s)[0m
2025-07-01T14:46:56.5884923Z   > Enter [1m[BeforeAll][0m [Load Simulator] [38;5;243m- /home/runner/work/subnet-evm/subnet-evm/tests/load/load_test.go:55 @ 07/01/25 14:46:56.586[0m
2025-07-01T14:46:56.5897228Z    [0;0mINFO[0;0m	writing collector config	{"cmd": "prometheus", "path": "/home/runner/.tmpnet/prometheus/prometheus.yaml"}
2025-07-01T14:46:56.5900537Z    [0;0mINFO[0;0m	starting collector	{"cmd": "prometheus", "workingDir": "/home/runner/.tmpnet/prometheus", "fullCmd": "nohup prometheus --config.file=prometheus.yaml --web.listen-address=127.0.0.1:9090 --enable-feature=agent --storage.agent.path=./data > prometheus.log 2>&1 & echo -n \"$!\" > /home/runner/.tmpnet/prometheus/run.pid", "logPath": "/home/runner/.tmpnet/prometheus/prometheus.log"}
2025-07-01T14:46:56.6905567Z    [0;0mINFO[0;0m	started collector	{"cmd": "prometheus", "pid": 19036}
2025-07-01T14:46:56.6907174Z    [0;0mINFO[0;0m	waiting for collector readiness	{"cmd": "prometheus", "url": "http://127.0.0.1:9090/-/ready", "logPath": "/home/runner/.tmpnet/prometheus/prometheus.log"}
2025-07-01T14:46:56.6913041Z    [0;0mINFO[0;0m	collector ready	{"cmd": "prometheus"}
2025-07-01T14:46:56.6913969Z    [0;0mINFO[0;0m	To stop: tmpnetctl stop-metrics-collector
2025-07-01T14:46:56.6915475Z    [0;0mINFO[0;0m	writing collector config	{"cmd": "promtail", "path": "/home/runner/.tmpnet/promtail/promtail.yaml"}
2025-07-01T14:46:56.6919319Z    [0;0mINFO[0;0m	starting collector	{"cmd": "promtail", "workingDir": "/home/runner/.tmpnet/promtail", "fullCmd": "nohup promtail -config.file=promtail.yaml > promtail.log 2>&1 & echo -n \"$!\" > /home/runner/.tmpnet/promtail/run.pid", "logPath": "/home/runner/.tmpnet/promtail/promtail.log"}
2025-07-01T14:46:56.7924564Z    [0;0mINFO[0;0m	started collector	{"cmd": "promtail", "pid": 19046}
2025-07-01T14:46:56.8926893Z    [0;0mINFO[0;0m	skipping promtail readiness check until one or more nodes have written their service discovery configuration
2025-07-01T14:46:56.8928197Z    [0;0mINFO[0;0m	To stop: tmpnetctl stop-logs-collector
2025-07-01T14:46:56.8929522Z   [38;5;9m[FAILED] 
2025-07-01T14:46:56.8930824Z   	Error Trace:	/home/runner/go/pkg/mod/github.com/ava-labs/avalanchego@v1.13.2/tests/fixture/e2e/env.go:182
2025-07-01T14:46:56.8933132Z   	            				/home/runner/work/subnet-evm/subnet-evm/tests/load/load_test.go:60
2025-07-01T14:46:56.8934897Z   	            				/home/runner/go/pkg/mod/github.com/onsi/ginkgo/v2@v2.13.1/internal/node.go:463
2025-07-01T14:46:56.8936687Z   	            				/home/runner/go/pkg/mod/github.com/onsi/ginkgo/v2@v2.13.1/internal/suite.go:889
2025-07-01T14:46:56.8938203Z   	            				/opt/hostedtoolcache/go/1.23.9/x64/src/runtime/asm_amd64.s:1700
2025-07-01T14:46:56.8938702Z   	Error:      	Received unexpected error:
2025-07-01T14:46:56.8939698Z   	            	failed to configure process runtime: --avalanchego-path or AVALANCHEGO_PATH are required
2025-07-01T14:46:56.8940322Z   [0m
2025-07-01T14:46:56.8941340Z   [38;5;9mIn [1m[BeforeAll][0m[38;5;9m at: [1m/home/runner/go/pkg/mod/github.com/stretchr/testify@v1.10.0/assert/assertions.go:1586[0m [38;5;243m@ 07/01/25 14:46:56.892[0m
2025-07-01T14:46:56.8942818Z   < Exit [1m[BeforeAll][0m [Load Simulator] [38;5;243m- /home/runner/work/subnet-evm/subnet-evm/tests/load/load_test.go:55 @ 07/01/25 14:46:56.892 (306ms)[0m
2025-07-01T14:46:56.8944367Z   > Enter [1m[AfterEach][0m TOP-LEVEL [38;5;243m- /home/runner/go/pkg/mod/github.com/ava-labs/avalanchego@v1.13.2/tests/fixture/e2e/metrics_link.go:33 @ 07/01/25 14:46:56.892[0m
2025-07-01T14:46:56.8945830Z   < Exit [1m[AfterEach][0m TOP-LEVEL [38;5;243m- /home/runner/go/pkg/mod/github.com/ava-labs/avalanchego@v1.13.2/tests/fixture/e2e/metrics_link.go:33 @ 07/01/25 14:46:56.893 (0s)[0m
2025-07-01T14:46:56.8947280Z   > Enter [1m[DeferCleanup (All)][0m [Load Simulator] [38;5;243m- /home/runner/go/pkg/mod/github.com/ava-labs/avalanchego@v1.13.2/tests/fixture/e2e/ginkgo_test_context.go:96 @ 07/01/25 14:46:56.893[0m
2025-07-01T14:46:56.8949465Z    [0;0mINFO[0;0m	checking if logs exist	{"url": "https://loki-poc.avax-dev.network", "query": "sum(count_over_time({gh_repo=\"ava-labs/subnet-evm\",gh_workflow=\"Tests\",gh_run_id=\"16002582210\",gh_run_number=\"2076\",gh_run_attempt=\"1\",gh_job_id=\"e2e_load\"}[1h]))"}
2025-07-01T14:48:56.8941899Z    [1;33mWARN[0;0m	failed to query for collected count	{"type": "logs", "error": "failed to execute request: Get \"https://loki-poc.avax-dev.network/loki/api/v1/query?query=sum%28count_over_time%28%7Bgh_repo%3D%22ava-labs%2Fsubnet-evm%22%2Cgh_workflow%3D%22Tests%22%2Cgh_run_id%3D%2216002582210%22%2Cgh_run_number%3D%222076%22%2Cgh_run_attempt%3D%221%22%2Cgh_job_id%3D%22e2e_load%22%7D%5B1h%5D%29%29\": context deadline exceeded"}
2025-07-01T14:48:56.8945029Z   [38;5;9m[FAILED] 
2025-07-01T14:48:56.8946179Z   	Error Trace:	/home/runner/go/pkg/mod/github.com/ava-labs/avalanchego@v1.13.2/tests/fixture/e2e/env.go:119
2025-07-01T14:48:56.8948076Z   	            				/opt/hostedtoolcache/go/1.23.9/x64/src/reflect/value.go:584
2025-07-01T14:48:56.8949091Z   	            				/opt/hostedtoolcache/go/1.23.9/x64/src/reflect/value.go:368
2025-07-01T14:48:56.8950282Z   	            				/home/runner/go/pkg/mod/github.com/onsi/ginkgo/v2@v2.13.1/internal/node.go:585
2025-07-01T14:48:56.8951610Z   	            				/home/runner/go/pkg/mod/github.com/onsi/ginkgo/v2@v2.13.1/internal/node.go:463
2025-07-01T14:48:56.8952972Z   	            				/home/runner/go/pkg/mod/github.com/onsi/ginkgo/v2@v2.13.1/internal/suite.go:889
2025-07-01T14:48:56.8953924Z   	            				/opt/hostedtoolcache/go/1.23.9/x64/src/runtime/asm_amd64.s:1700
2025-07-01T14:48:56.8954333Z   	Error:      	Received unexpected error:
2025-07-01T14:48:56.8954905Z   	            	logs not found before timeout: context deadline exceeded
2025-07-01T14:48:56.8955274Z   [0m
2025-07-01T14:48:56.8956130Z   [38;5;9mIn [1m[DeferCleanup (All)][0m[38;5;9m at: [1m/home/runner/go/pkg/mod/github.com/stretchr/testify@v1.10.0/assert/assertions.go:1586[0m [38;5;243m@ 07/01/25 14:48:56.894[0m
2025-07-01T14:48:56.8957559Z   < Exit [1m[DeferCleanup (All)][0m [Load Simulator] [38;5;243m- /home/runner/go/pkg/mod/github.com/ava-labs/avalanchego@v1.13.2/tests/fixture/e2e/ginkgo_test_context.go:96 @ 07/01/25 14:48:56.894 (2m0.001s)[0m
2025-07-01T14:48:56.8959187Z   > Enter [1m[DeferCleanup (All)][0m [Load Simulator] [38;5;243m- /home/runner/go/pkg/mod/github.com/ava-labs/avalanchego@v1.13.2/tests/fixture/e2e/ginkgo_test_context.go:96 @ 07/01/25 14:48:56.894[0m
2025-07-01T14:48:56.8960874Z    [0;0mINFO[0;0m	checking if metrics exist	{"url": "https://prometheus-poc.avax-dev.network", "query": "count({gh_repo=\"ava-labs/subnet-evm\",gh_workflow=\"Tests\",gh_run_id=\"16002582210\",gh_run_number=\"2076\",gh_run_attempt=\"1\",gh_job_id=\"e2e_load\"})"}
2025-07-01T14:50:56.8948961Z    [1;33mWARN[0;0m	failed to query for collected count	{"type": "metrics", "error": "query failed: Post \"https://prometheus-poc.avax-dev.network/api/v1/query_range\": context deadline exceeded"}
2025-07-01T14:50:56.8951210Z   [38;5;9m[FAILED] 
2025-07-01T14:50:56.8954580Z   	Error Trace:	/home/runner/go/pkg/mod/github.com/ava-labs/avalanchego@v1.13.2/tests/fixture/e2e/env.go:107
2025-07-01T14:50:56.8956295Z   	            				/opt/hostedtoolcache/go/1.23.9/x64/src/reflect/value.go:584
2025-07-01T14:50:56.8957826Z   	            				/opt/hostedtoolcache/go/1.23.9/x64/src/reflect/value.go:368
2025-07-01T14:50:56.8959549Z   	            				/home/runner/go/pkg/mod/github.com/onsi/ginkgo/v2@v2.13.1/internal/node.go:585
2025-07-01T14:50:56.8961286Z   	            				/home/runner/go/pkg/mod/github.com/onsi/ginkgo/v2@v2.13.1/internal/node.go:463
2025-07-01T14:50:56.8963085Z   	            				/home/runner/go/pkg/mod/github.com/onsi/ginkgo/v2@v2.13.1/internal/suite.go:889
2025-07-01T14:50:56.8964538Z   	            				/opt/hostedtoolcache/go/1.23.9/x64/src/runtime/asm_amd64.s:1700
2025-07-01T14:50:56.8965605Z   	Error:      	Received unexpected error:
2025-07-01T14:50:56.8966659Z   	            	metrics not found before timeout: context deadline exceeded
2025-07-01T14:50:56.8967485Z   [0m
2025-07-01T14:50:56.8969178Z   [38;5;9mIn [1m[DeferCleanup (All)][0m[38;5;9m at: [1m/home/runner/go/pkg/mod/github.com/stretchr/testify@v1.10.0/assert/assertions.go:1586[0m [38;5;243m@ 07/01/25 14:50:56.895[0m
2025-07-01T14:50:56.8971783Z   < Exit [1m[DeferCleanup (All)][0m [Load Simulator] [38;5;243m- /home/runner/go/pkg/mod/github.com/ava-labs/avalanchego@v1.13.2/tests/fixture/e2e/ginkgo_test_context.go:96 @ 07/01/25 14:50:56.895 (2m0.001s)[0m
2025-07-01T14:50:56.8974486Z   > Enter [1m[DeferCleanup (All)][0m [Load Simulator] [38;5;243m- /home/runner/go/pkg/mod/github.com/ava-labs/avalanchego@v1.13.2/tests/fixture/e2e/ginkgo_test_context.go:96 @ 07/01/25 14:50:56.895[0m
2025-07-01T14:50:56.8977104Z   < Exit [1m[DeferCleanup (All)][0m [Load Simulator] [38;5;243m- /home/runner/go/pkg/mod/github.com/ava-labs/avalanchego@v1.13.2/tests/fixture/e2e/ginkgo_test_context.go:96 @ 07/01/25 14:50:56.895 (0s)[0m
2025-07-01T14:50:56.8979694Z   > Enter [1m[DeferCleanup (All)][0m [Load Simulator] [38;5;243m- /home/runner/go/pkg/mod/github.com/ava-labs/avalanchego@v1.13.2/tests/fixture/e2e/ginkgo_test_context.go:96 @ 07/01/25 14:50:56.895[0m
2025-07-01T14:50:56.8982265Z   < Exit [1m[DeferCleanup (All)][0m [Load Simulator] [38;5;243m- /home/runner/go/pkg/mod/github.com/ava-labs/avalanchego@v1.13.2/tests/fixture/e2e/ginkgo_test_context.go:96 @ 07/01/25 14:50:56.895 (0s)[0m
2025-07-01T14:50:56.8985339Z [38;5;9m• [FAILED] [240.308 seconds][0m
2025-07-01T14:50:56.8985941Z [38;5;9m[1m[Load Simulator] [BeforeAll][0m
2025-07-01T14:50:56.8986779Z [38;5;243m/home/runner/work/subnet-evm/subnet-evm/tests/load/load_test.go:55[0m
2025-07-01T14:50:56.8987581Z   basic subnet load test [38;5;204m[load][0m
2025-07-01T14:50:56.8988716Z   [38;5;243m/home/runner/work/subnet-evm/subnet-evm/tests/load/load_test.go:72[0m
2025-07-01T14:50:56.8989487Z [38;5;243m------------------------------[0m
2025-07-01T14:50:56.8989778Z 
2025-07-01T14:50:56.8990018Z [38;5;9m[1mSummarizing 1 Failure:[0m
2025-07-01T14:50:56.8991027Z   [38;5;9m[FAIL][0m [38;5;9m[1m[Load Simulator] [BeforeAll] [38;5;243mbasic subnet load test[0m [38;5;204m[load][0m
2025-07-01T14:50:56.8992332Z   [38;5;243m/home/runner/go/pkg/mod/github.com/stretchr/testify@v1.10.0/assert/assertions.go:1586[0m
2025-07-01T14:50:56.8992960Z 
2025-07-01T14:50:56.8993238Z [38;5;9m[1mRan 1 of 1 Specs in 240.309 seconds[0m
2025-07-01T14:50:56.8994218Z [38;5;9m[1mFAIL![0m -- [38;5;10m[1m0 Passed[0m | [38;5;9m[1m1 Failed[0m | [38;5;11m[1m0 Pending[0m | [38;5;14m[1m0 Skipped[0m
2025-07-01T14:50:56.8994934Z --- FAIL: TestE2E (240.31s)
2025-07-01T14:50:56.8995242Z FAIL
2025-07-01T14:50:56.9139457Z 
2025-07-01T14:50:56.9139740Z Ginkgo ran 1 suite in 4m50.126290306s
2025-07-01T14:50:56.9140047Z 
2025-07-01T14:50:56.9140185Z Test Suite Failed
2025-07-01T14:50:56.9148362Z exit status 1
2025-07-01T14:50:56.9228150Z task: Failed to run task "test-e2e-load-ci": exit status 1
2025-07-01T14:50:56.9255482Z ##[error]Process completed with exit code 201.
2025-07-01T14:50:56.9294846Z ##[group]Run actions/upload-artifact@v4
2025-07-01T14:50:56.9295117Z with:
2025-07-01T14:50:56.9295303Z   name: load-tmpnet-data
2025-07-01T14:50:56.9295715Z   path: ~/.tmpnet/networks
~/.tmpnet/prometheus/prometheus.log
~/.tmpnet/promtail/promtail.log

2025-07-01T14:50:56.9296170Z   if-no-files-found: error
2025-07-01T14:50:56.9296394Z   compression-level: 6
2025-07-01T14:50:56.9296604Z   overwrite: false
2025-07-01T14:50:56.9296812Z   include-hidden-files: false
2025-07-01T14:50:56.9297032Z env:
2025-07-01T14:50:56.9297216Z   TMPDIR: /home/runner/work/_temp
2025-07-01T14:50:56.9297456Z ##[endgroup]
2025-07-01T14:50:57.1419223Z Multiple search paths detected. Calculating the least common ancestor of all paths
2025-07-01T14:50:57.1424676Z The least common ancestor is /home/runner/.tmpnet. This will be the root directory of the artifact
2025-07-01T14:50:57.1426079Z With the provided path, there will be 2 files uploaded
2025-07-01T14:50:57.1431033Z Artifact name is valid!
2025-07-01T14:50:57.1433157Z Root directory input is valid!
2025-07-01T14:50:57.4410770Z Beginning upload of artifact content to blob storage
2025-07-01T14:50:57.7285080Z Uploaded bytes 1647
2025-07-01T14:50:57.7988479Z Finished uploading artifact content to blob storage!
2025-07-01T14:50:57.7992054Z SHA256 digest of uploaded artifact zip is e0ac8b60a32e3280fe95f5b5cb447085e59f78f7ab1c24fc1672d45564502b47
2025-07-01T14:50:57.7993855Z Finalizing artifact upload
2025-07-01T14:50:57.9713274Z Artifact load-tmpnet-data.zip successfully finalized. Artifact ID 3441727380
2025-07-01T14:50:57.9714395Z Artifact load-tmpnet-data has been successfully uploaded! Final size is 1647 bytes. Artifact ID is 3441727380
2025-07-01T14:50:57.9721747Z Artifact download URL: https://github.com/ava-labs/subnet-evm/actions/runs/16002582210/artifacts/3441727380
