2025-07-01T14:44:45.5844312Z ##[group]Run ava-labs/avalanchego/.github/actions/run-monitored-tmpnet-cmd@092cf182dd92b66a8ab882b657d3ae52b174c913
2025-07-01T14:44:45.5844864Z with:
2025-07-01T14:44:45.5845080Z   run: ./scripts/run_task.sh test-e2e-warp-ci
2025-07-01T14:44:45.5845363Z   artifact_prefix: warp
2025-07-01T14:44:45.5845834Z   prometheus_username: ***
2025-07-01T14:44:45.5846357Z   prometheus_password: ***
2025-07-01T14:44:45.5846591Z   loki_username: ***
2025-07-01T14:44:45.5846865Z   loki_password: ***
2025-07-01T14:44:45.5847051Z   runtime: process
2025-07-01T14:44:45.5847246Z   repository_owner: ava-labs
2025-07-01T14:44:45.5847468Z   repository_name: subnet-evm
2025-07-01T14:44:45.5847680Z   workflow: Tests
2025-07-01T14:44:45.5847863Z   run_id: 16002582210
2025-07-01T14:44:45.5848048Z   run_number: 2076
2025-07-01T14:44:45.5848226Z   run_attempt: 1
2025-07-01T14:44:45.5848403Z   job: e2e_warp
2025-07-01T14:44:45.5848579Z ##[endgroup]
2025-07-01T14:44:45.5937606Z ##[group]Run cachix/install-nix-action@02a151ada4993995686f9ed4f1be7cfbb229e56f
2025-07-01T14:44:45.5938026Z with:
2025-07-01T14:44:45.5938194Z   enable_kvm: true
2025-07-01T14:44:45.5938387Z ##[endgroup]
2025-07-01T14:44:45.5958820Z ##[group]Run ${GITHUB_ACTION_PATH}/install-nix.sh
2025-07-01T14:44:45.5959178Z [36;1m${GITHUB_ACTION_PATH}/install-nix.sh[0m
2025-07-01T14:44:45.6018266Z shell: /usr/bin/bash --noprofile --norc -e -o pipefail {0}
2025-07-01T14:44:45.6018594Z env:
2025-07-01T14:44:45.6018775Z   INPUT_EXTRA_NIX_CONFIG: 
2025-07-01T14:44:45.6018995Z   INPUT_GITHUB_ACCESS_TOKEN: 
2025-07-01T14:44:45.6019220Z   INPUT_INSTALL_OPTIONS: 
2025-07-01T14:44:45.6019430Z   INPUT_INSTALL_URL: 
2025-07-01T14:44:45.6019619Z   INPUT_NIX_PATH: 
2025-07-01T14:44:45.6019808Z   INPUT_ENABLE_KVM: true
2025-07-01T14:44:45.6020182Z   GITHUB_TOKEN: ***
2025-07-01T14:44:45.6020377Z ##[endgroup]
2025-07-01T14:44:45.6120503Z ##[group]Enabling KVM support
2025-07-01T14:44:45.6187529Z KERNEL=="kvm", GROUP="kvm", MODE="0666", OPTIONS+="static_node=kvm"
2025-07-01T14:44:45.6483959Z Enabled KVM
2025-07-01T14:44:45.6484613Z ##[endgroup]
2025-07-01T14:44:45.6499462Z ##[group]Installing Nix
2025-07-01T14:44:45.6769693Z installer options: --no-channel-add --darwin-use-unencrypted-nix-store-volume --nix-extra-conf-file /tmp/tmp.UXRlsEVnXV/nix.conf --daemon --daemon-user-count 8
2025-07-01T14:44:45.8021086Z * Host releases.nixos.org:443 was resolved.
2025-07-01T14:44:45.8021777Z * IPv6: 2a04:4e42:77::729
2025-07-01T14:44:45.8022202Z * IPv4: 146.75.30.217
2025-07-01T14:44:45.8022641Z *   Trying 146.75.30.217:443...
2025-07-01T14:44:45.8072747Z * Connected to releases.nixos.org (146.75.30.217) port 443
2025-07-01T14:44:45.8093999Z * ALPN: curl offers h2,http/1.1
2025-07-01T14:44:45.8095789Z } [5 bytes data]
2025-07-01T14:44:45.8096509Z * TLSv1.3 (OUT), TLS handshake, Client hello (1):
2025-07-01T14:44:45.8097061Z } [512 bytes data]
2025-07-01T14:44:45.8391931Z *  CAfile: /etc/ssl/certs/ca-certificates.crt
2025-07-01T14:44:45.8392538Z *  CApath: /etc/ssl/certs
2025-07-01T14:44:45.8392956Z { [5 bytes data]
2025-07-01T14:44:45.8393547Z * TLSv1.3 (IN), TLS handshake, Server hello (2):
2025-07-01T14:44:45.8394122Z { [104 bytes data]
2025-07-01T14:44:45.8394679Z * TLSv1.2 (IN), TLS handshake, Certificate (11):
2025-07-01T14:44:45.8395582Z { [2827 bytes data]
2025-07-01T14:44:45.8398422Z * TLSv1.2 (IN), TLS handshake, Server key exchange (12):
2025-07-01T14:44:45.8399046Z { [300 bytes data]
2025-07-01T14:44:45.8399600Z * TLSv1.2 (IN), TLS handshake, Server finished (14):
2025-07-01T14:44:45.8400095Z { [4 bytes data]
2025-07-01T14:44:45.8402822Z * TLSv1.2 (OUT), TLS handshake, Client key exchange (16):
2025-07-01T14:44:45.8403409Z } [37 bytes data]
2025-07-01T14:44:45.8404010Z * TLSv1.2 (OUT), TLS change cipher, Change cipher spec (1):
2025-07-01T14:44:45.8404557Z } [1 bytes data]
2025-07-01T14:44:45.8405089Z * TLSv1.2 (OUT), TLS handshake, Finished (20):
2025-07-01T14:44:45.8405597Z } [16 bytes data]
2025-07-01T14:44:45.8454142Z * TLSv1.2 (IN), TLS handshake, Finished (20):
2025-07-01T14:44:45.8454901Z { [16 bytes data]
2025-07-01T14:44:45.8456350Z * SSL connection using TLSv1.2 / ECDHE-RSA-CHACHA20-POLY1305 / X25519 / RSASSA-PSS
2025-07-01T14:44:45.8457177Z * ALPN: server accepted h2
2025-07-01T14:44:45.8457685Z * Server certificate:
2025-07-01T14:44:45.8458203Z *  subject: CN=releases.nixos.org
2025-07-01T14:44:45.8458816Z *  start date: Oct 11 20:56:16 2024 GMT
2025-07-01T14:44:45.8459430Z *  expire date: Nov 12 20:56:15 2025 GMT
2025-07-01T14:44:45.8460353Z *  subjectAltName: host "releases.nixos.org" matched cert's "releases.nixos.org"
2025-07-01T14:44:45.8461467Z *  issuer: C=BE; O=GlobalSign nv-sa; CN=GlobalSign Atlas R3 DV TLS CA 2024 Q4
2025-07-01T14:44:45.8462195Z *  SSL certificate verify ok.
2025-07-01T14:44:45.8463242Z *   Certificate level 0: Public key type RSA (2048/112 Bits/secBits), signed using sha256WithRSAEncryption
2025-07-01T14:44:45.8464649Z *   Certificate level 1: Public key type RSA (2048/112 Bits/secBits), signed using sha256WithRSAEncryption
2025-07-01T14:44:45.8466361Z *   Certificate level 2: Public key type RSA (2048/112 Bits/secBits), signed using sha256WithRSAEncryption
2025-07-01T14:44:45.8467229Z } [5 bytes data]
2025-07-01T14:44:45.8467600Z * using HTTP/2
2025-07-01T14:44:45.8468442Z * [HTTP/2] [1] OPENED stream for https://releases.nixos.org/nix/nix-2.26.3/install
2025-07-01T14:44:45.8469225Z * [HTTP/2] [1] [:method: GET]
2025-07-01T14:44:45.8469749Z * [HTTP/2] [1] [:scheme: https]
2025-07-01T14:44:45.8470368Z * [HTTP/2] [1] [:authority: releases.nixos.org]
2025-07-01T14:44:45.8471062Z * [HTTP/2] [1] [:path: /nix/nix-2.26.3/install]
2025-07-01T14:44:45.8471701Z * [HTTP/2] [1] [user-agent: curl/8.5.0]
2025-07-01T14:44:45.8472218Z * [HTTP/2] [1] [accept: */*]
2025-07-01T14:44:45.8472642Z } [5 bytes data]
2025-07-01T14:44:45.8473109Z > GET /nix/nix-2.26.3/install HTTP/2
2025-07-01T14:44:45.8473624Z > Host: releases.nixos.org
2025-07-01T14:44:45.8474079Z > User-Agent: curl/8.5.0
2025-07-01T14:44:45.8474461Z > Accept: */*
2025-07-01T14:44:45.8474774Z > 
2025-07-01T14:44:45.8508331Z { [5 bytes data]
2025-07-01T14:44:45.8530248Z < HTTP/2 200 
2025-07-01T14:44:45.8530841Z < last-modified: Wed, 05 Mar 2025 18:21:15 GMT
2025-07-01T14:44:45.8531533Z < etag: "c6753896884bce9b95ec3ca7be157ef6"
2025-07-01T14:44:45.8532198Z < x-amz-server-side-encryption: AES256
2025-07-01T14:44:45.8532747Z < content-type: text/plain
2025-07-01T14:44:45.8533182Z < server: AmazonS3
2025-07-01T14:44:45.8533645Z < via: 1.1 varnish, 1.1 varnish
2025-07-01T14:44:45.8534187Z < access-control-allow-origin: *
2025-07-01T14:44:45.8534668Z < accept-ranges: bytes
2025-07-01T14:44:45.8535162Z < date: Tue, 01 Jul 2025 14:44:45 GMT
2025-07-01T14:44:45.8535598Z < age: 83301
2025-07-01T14:44:45.8536421Z < x-served-by: cache-dub4357-DUB, cache-iad-kiad7000058-IAD
2025-07-01T14:44:45.8537039Z < x-cache: HIT, HIT
2025-07-01T14:44:45.8537416Z < x-cache-hits: 3, 1
2025-07-01T14:44:45.8537806Z < content-length: 4267
2025-07-01T14:44:45.8538169Z < 
2025-07-01T14:44:45.8538495Z { [4267 bytes data]
2025-07-01T14:44:45.8539078Z * Connection #0 to host releases.nixos.org left intact
2025-07-01T14:44:45.8603652Z downloading Nix 2.26.3 binary tarball for x86_64-linux from 'https://releases.nixos.org/nix/nix-2.26.3/nix-2.26.3-x86_64-linux.tar.xz' to '/tmp/nix-binary-tarball-unpack.V1phkECpdd'...
2025-07-01T14:44:45.8649341Z   % Total    % Received % Xferd  Average Speed   Time    Time     Time  Current
2025-07-01T14:44:45.8651322Z                                  Dload  Upload   Total   Spent    Left  Speed
2025-07-01T14:44:45.8652552Z 
2025-07-01T14:44:46.0033235Z   0     0    0     0    0     0      0      0 --:--:-- --:--:-- --:--:--     0
2025-07-01T14:44:46.0033968Z 100 22.6M  100 22.6M    0     0   163M      0 --:--:-- --:--:-- --:--:--  164M
2025-07-01T14:44:47.5869808Z Note: a multi-user installation is possible. See https://nixos.org/manual/nix/stable/installation/installing-binary.html#multi-user-installation
2025-07-01T14:44:47.5879306Z Warning: the flag --darwin-use-unencrypted-nix-store-volume
2025-07-01T14:44:47.5880360Z          is no longer needed and will be removed in the future.
2025-07-01T14:44:47.5881173Z 
2025-07-01T14:44:47.5890916Z [1;31mSwitching to the Multi-user Installer[0m
2025-07-01T14:44:47.5991345Z [32mWelcome to the Multi-User Nix Installation
2025-07-01T14:44:47.6000964Z [0m
2025-07-01T14:44:47.6001638Z This installation tool will set up your computer with the Nix package
2025-07-01T14:44:47.6002602Z manager. This will happen in a few stages:
2025-07-01T14:44:47.6002944Z 
2025-07-01T14:44:47.6003420Z 1. Make sure your computer doesn't already have Nix. If it does, I
2025-07-01T14:44:47.6004376Z    will show you instructions on how to clean up your old install.
2025-07-01T14:44:47.6004819Z 
2025-07-01T14:44:47.6005283Z 2. Show you what I am going to install and where. Then I will ask
2025-07-01T14:44:47.6005949Z    if you are ready to continue.
2025-07-01T14:44:47.6006400Z 
2025-07-01T14:44:47.6007154Z 3. Create the system users [34m(uids [30001..30008])[0m and groups [34m(gid 30000)[0m
2025-07-01T14:44:47.6008114Z    that the Nix daemon uses to run builds. To create system users
2025-07-01T14:44:47.6008885Z    in a different range, exit and run this tool again with
2025-07-01T14:44:47.6009264Z    NIX_FIRST_BUILD_UID set.
2025-07-01T14:44:47.6009428Z 
2025-07-01T14:44:47.6009663Z 4. Perform the basic installation of the Nix files daemon.
2025-07-01T14:44:47.6009899Z 
2025-07-01T14:44:47.6010177Z 5. Configure your shell to import special Nix Profile files, so you
2025-07-01T14:44:47.6010537Z    can use Nix.
2025-07-01T14:44:47.6010651Z 
2025-07-01T14:44:47.6010766Z 6. Start the Nix daemon.
2025-07-01T14:44:47.6010904Z 
2025-07-01T14:44:47.6011253Z [32m[4;32mWould you like to see a more detailed list of what I will do?
2025-07-01T14:44:47.6011710Z [0mNo TTY, assuming you would say yes :)
2025-07-01T14:44:47.6015177Z 
2025-07-01T14:44:47.6015483Z I will:
2025-07-01T14:44:47.6015670Z 
2025-07-01T14:44:47.6016175Z  - make sure your computer doesn't already have Nix files
2025-07-01T14:44:47.6016834Z    (if it does, I will tell you how to clean them up.)
2025-07-01T14:44:47.6017296Z  - create local users (see the list above for the users I'll make)
2025-07-01T14:44:47.6017669Z  - create a local group (nixbld)
2025-07-01T14:44:47.6018090Z  - install Nix in /nix
2025-07-01T14:44:47.6018373Z  - create a configuration file in /etc/nix
2025-07-01T14:44:47.6018797Z  - set up the "default profile" by creating some Nix-related files in
2025-07-01T14:44:47.6019141Z    /root
2025-07-01T14:44:47.6030594Z  - back up /etc/bash.bashrc to /etc/bash.bashrc.backup-before-nix
2025-07-01T14:44:47.6031532Z  - update /etc/bash.bashrc to include some Nix configuration
2025-07-01T14:44:47.6043533Z  - load and start a service (at /etc/systemd/system/nix-daemon.service
2025-07-01T14:44:47.6044326Z    and /etc/systemd/system/nix-daemon.socket) for nix-daemon
2025-07-01T14:44:47.6044576Z 
2025-07-01T14:44:47.6045505Z [32m[4;32mReady to continue?
2025-07-01T14:44:47.6046376Z [0mNo TTY, assuming you would say yes :)
2025-07-01T14:44:47.6068063Z 
2025-07-01T14:44:47.6069026Z [34m---- let's talk about sudo -----------------------------------------------------
2025-07-01T14:44:47.6078541Z [0mThis script is going to call sudo a lot. Normally, it would show you
2025-07-01T14:44:47.6079540Z exactly what commands it is running and why. However, the script is
2025-07-01T14:44:47.6080252Z run in a headless fashion, like this:
2025-07-01T14:44:47.6080557Z 
2025-07-01T14:44:47.6080890Z   $ curl -L https://nixos.org/nix/install | sh
2025-07-01T14:44:47.6081236Z 
2025-07-01T14:44:47.6081678Z or maybe in a CI pipeline. Because of that, I'm going to skip the
2025-07-01T14:44:47.6082393Z verbose output in the interest of brevity.
2025-07-01T14:44:47.6082717Z 
2025-07-01T14:44:47.6082887Z If you would like to
2025-07-01T14:44:47.6083150Z see the output, try like this:
2025-07-01T14:44:47.6083303Z 
2025-07-01T14:44:47.6083541Z   $ curl -L -o install-nix https://nixos.org/nix/install
2025-07-01T14:44:47.6083866Z   $ sh ./install-nix
2025-07-01T14:44:47.6083991Z 
2025-07-01T14:44:47.6084190Z 
2025-07-01T14:44:47.6084487Z [32m~~> Checking for artifacts of previous installs
2025-07-01T14:44:47.6091319Z [0mBefore I try to install, I'll check for signs Nix already is or has
2025-07-01T14:44:47.6091906Z been installed on this system.
2025-07-01T14:44:47.6123564Z 
2025-07-01T14:44:47.6124545Z [34m---- Nix config report ---------------------------------------------------------
2025-07-01T14:44:47.6125531Z [0m[1m        Temp Dir[0m:	/tmp/tmp.IkgrRPlF4r
2025-07-01T14:44:47.6126305Z [1m        Nix Root[0m:	/nix
2025-07-01T14:44:47.6126800Z [1m     Build Users[0m:	8
2025-07-01T14:44:47.6127314Z [1m  Build Group ID[0m:	30000
2025-07-01T14:44:47.6127841Z [1mBuild Group Name[0m:	nixbld
2025-07-01T14:44:47.6128117Z 
2025-07-01T14:44:47.6128330Z [4;34mbuild users:
2025-07-01T14:44:47.6128751Z [0m[1m    Username[0m:	UID
2025-07-01T14:44:47.6154696Z [1m     nixbld1[0m:	30001
2025-07-01T14:44:47.6164675Z [1m     nixbld2[0m:	30002
2025-07-01T14:44:47.6174828Z [1m     nixbld3[0m:	30003
2025-07-01T14:44:47.6184523Z [1m     nixbld4[0m:	30004
2025-07-01T14:44:47.6194228Z [1m     nixbld5[0m:	30005
2025-07-01T14:44:47.6204249Z [1m     nixbld6[0m:	30006
2025-07-01T14:44:47.6213812Z [1m     nixbld7[0m:	30007
2025-07-01T14:44:47.6223478Z [1m     nixbld8[0m:	30008
2025-07-01T14:44:47.6223744Z 
2025-07-01T14:44:47.6224055Z [32m[4;32mReady to continue?
2025-07-01T14:44:47.6224660Z [0mNo TTY, assuming you would say yes :)
2025-07-01T14:44:47.6224975Z 
2025-07-01T14:44:47.6225319Z [32m~~> Setting up the build group nixbld
2025-07-01T14:44:47.6868826Z [0m[1m            Created[0m:	Yes
2025-07-01T14:44:47.6890870Z 
2025-07-01T14:44:47.6891437Z [32m~~> Setting up the build user nixbld1
2025-07-01T14:44:47.7045432Z useradd warning: nixbld1's uid 30001 is greater than SYS_UID_MAX 999
2025-07-01T14:44:47.7142046Z [0m[1m           Created[0m:	Yes
2025-07-01T14:44:47.7147338Z [1m            Hidden[0m:	Yes
2025-07-01T14:44:47.7164983Z [1m    Home Directory[0m:	/var/empty
2025-07-01T14:44:47.7184810Z [1m              Note[0m:	Nix build user 1
2025-07-01T14:44:47.7202174Z [1m   Logins Disabled[0m:	Yes
2025-07-01T14:44:47.7222538Z [1m  Member of nixbld[0m:	Yes
2025-07-01T14:44:47.7240167Z [1m    PrimaryGroupID[0m:	30000
2025-07-01T14:44:47.7250463Z 
2025-07-01T14:44:47.7250997Z [32m~~> Setting up the build user nixbld2
2025-07-01T14:44:47.7381874Z useradd warning: nixbld2's uid 30002 is greater than SYS_UID_MAX 999
2025-07-01T14:44:47.7470573Z [0m[1m           Created[0m:	Yes
2025-07-01T14:44:47.7476190Z [1m            Hidden[0m:	Yes
2025-07-01T14:44:47.7494194Z [1m    Home Directory[0m:	/var/empty
2025-07-01T14:44:47.7514629Z [1m              Note[0m:	Nix build user 2
2025-07-01T14:44:47.7532700Z [1m   Logins Disabled[0m:	Yes
2025-07-01T14:44:47.7551122Z [1m  Member of nixbld[0m:	Yes
2025-07-01T14:44:47.7569356Z [1m    PrimaryGroupID[0m:	30000
2025-07-01T14:44:47.7579762Z 
2025-07-01T14:44:47.7709370Z useradd warning: nixbld3's uid 30003 is greater than SYS_UID_MAX 999
2025-07-01T14:44:47.7710416Z [32m~~> Setting up the build user nixbld3
2025-07-01T14:44:47.7797849Z [0m[1m           Created[0m:	Yes
2025-07-01T14:44:47.7803022Z [1m            Hidden[0m:	Yes
2025-07-01T14:44:47.7820818Z [1m    Home Directory[0m:	/var/empty
2025-07-01T14:44:47.7840974Z [1m              Note[0m:	Nix build user 3
2025-07-01T14:44:47.7858668Z [1m   Logins Disabled[0m:	Yes
2025-07-01T14:44:47.7876834Z [1m  Member of nixbld[0m:	Yes
2025-07-01T14:44:47.7894629Z [1m    PrimaryGroupID[0m:	30000
2025-07-01T14:44:47.7905064Z 
2025-07-01T14:44:47.7905428Z [32m~~> Setting up the build user nixbld4
2025-07-01T14:44:47.8038406Z useradd warning: nixbld4's uid 30004 is greater than SYS_UID_MAX 999
2025-07-01T14:44:47.8132474Z [0m[1m           Created[0m:	Yes
2025-07-01T14:44:47.8138115Z [1m            Hidden[0m:	Yes
2025-07-01T14:44:47.8155955Z [1m    Home Directory[0m:	/var/empty
2025-07-01T14:44:47.8176284Z [1m              Note[0m:	Nix build user 4
2025-07-01T14:44:47.8193949Z [1m   Logins Disabled[0m:	Yes
2025-07-01T14:44:47.8212274Z [1m  Member of nixbld[0m:	Yes
2025-07-01T14:44:47.8230214Z [1m    PrimaryGroupID[0m:	30000
2025-07-01T14:44:47.8240947Z 
2025-07-01T14:44:47.8241317Z [32m~~> Setting up the build user nixbld5
2025-07-01T14:44:47.8371378Z useradd warning: nixbld5's uid 30005 is greater than SYS_UID_MAX 999
2025-07-01T14:44:47.8457892Z [0m[1m           Created[0m:	Yes
2025-07-01T14:44:47.8462939Z [1m            Hidden[0m:	Yes
2025-07-01T14:44:47.8480869Z [1m    Home Directory[0m:	/var/empty
2025-07-01T14:44:47.8500786Z [1m              Note[0m:	Nix build user 5
2025-07-01T14:44:47.8518696Z [1m   Logins Disabled[0m:	Yes
2025-07-01T14:44:47.8537452Z [1m  Member of nixbld[0m:	Yes
2025-07-01T14:44:47.8555156Z [1m    PrimaryGroupID[0m:	30000
2025-07-01T14:44:47.8565772Z 
2025-07-01T14:44:47.8566449Z [32m~~> Setting up the build user nixbld6
2025-07-01T14:44:47.8692946Z useradd warning: nixbld6's uid 30006 is greater than SYS_UID_MAX 999
2025-07-01T14:44:47.8779891Z [0m[1m           Created[0m:	Yes
2025-07-01T14:44:47.8784959Z [1m            Hidden[0m:	Yes
2025-07-01T14:44:47.8802952Z [1m    Home Directory[0m:	/var/empty
2025-07-01T14:44:47.8822992Z [1m              Note[0m:	Nix build user 6
2025-07-01T14:44:47.8840879Z [1m   Logins Disabled[0m:	Yes
2025-07-01T14:44:47.8859641Z [1m  Member of nixbld[0m:	Yes
2025-07-01T14:44:47.8877204Z [1m    PrimaryGroupID[0m:	30000
2025-07-01T14:44:47.8887698Z 
2025-07-01T14:44:47.8888077Z [32m~~> Setting up the build user nixbld7
2025-07-01T14:44:47.9015243Z useradd warning: nixbld7's uid 30007 is greater than SYS_UID_MAX 999
2025-07-01T14:44:47.9098079Z [0m[1m           Created[0m:	Yes
2025-07-01T14:44:47.9103534Z [1m            Hidden[0m:	Yes
2025-07-01T14:44:47.9121375Z [1m    Home Directory[0m:	/var/empty
2025-07-01T14:44:47.9141416Z [1m              Note[0m:	Nix build user 7
2025-07-01T14:44:47.9159078Z [1m   Logins Disabled[0m:	Yes
2025-07-01T14:44:47.9178023Z [1m  Member of nixbld[0m:	Yes
2025-07-01T14:44:47.9195890Z [1m    PrimaryGroupID[0m:	30000
2025-07-01T14:44:47.9207050Z 
2025-07-01T14:44:47.9207600Z [32m~~> Setting up the build user nixbld8
2025-07-01T14:44:47.9334580Z useradd warning: nixbld8's uid 30008 is greater than SYS_UID_MAX 999
2025-07-01T14:44:47.9417801Z [0m[1m           Created[0m:	Yes
2025-07-01T14:44:47.9423193Z [1m            Hidden[0m:	Yes
2025-07-01T14:44:47.9440894Z [1m    Home Directory[0m:	/var/empty
2025-07-01T14:44:47.9461151Z [1m              Note[0m:	Nix build user 8
2025-07-01T14:44:47.9478807Z [1m   Logins Disabled[0m:	Yes
2025-07-01T14:44:47.9497830Z [1m  Member of nixbld[0m:	Yes
2025-07-01T14:44:47.9515613Z [1m    PrimaryGroupID[0m:	30000
2025-07-01T14:44:47.9515952Z 
2025-07-01T14:44:47.9516461Z [32m~~> Setting up the basic directory structure
2025-07-01T14:44:47.9598248Z [0minstall: creating directory '/nix'
2025-07-01T14:44:47.9598651Z install: creating directory '/nix/var'
2025-07-01T14:44:47.9598992Z install: creating directory '/nix/var/log'
2025-07-01T14:44:47.9599380Z install: creating directory '/nix/var/log/nix'
2025-07-01T14:44:47.9599770Z install: creating directory '/nix/var/log/nix/drvs'
2025-07-01T14:44:47.9600731Z install: creating directory '/nix/var/nix'
2025-07-01T14:44:47.9601279Z install: creating directory '/nix/var/nix/db'
2025-07-01T14:44:47.9601893Z install: creating directory '/nix/var/nix/gcroots'
2025-07-01T14:44:47.9602545Z install: creating directory '/nix/var/nix/profiles'
2025-07-01T14:44:47.9603200Z install: creating directory '/nix/var/nix/temproots'
2025-07-01T14:44:47.9603867Z install: creating directory '/nix/var/nix/userpool'
2025-07-01T14:44:47.9604552Z install: creating directory '/nix/var/nix/daemon-socket'
2025-07-01T14:44:47.9605278Z install: creating directory '/nix/var/nix/gcroots/per-user'
2025-07-01T14:44:47.9605764Z install: creating directory '/nix/var/nix/profiles/per-user'
2025-07-01T14:44:47.9675828Z install: creating directory '/nix/store'
2025-07-01T14:44:47.9753645Z install: creating directory '/etc/nix'
2025-07-01T14:44:47.9763274Z 
2025-07-01T14:44:47.9763637Z [32m~~> Installing Nix
2025-07-01T14:44:48.1707647Z [0m      Alright! We have our first nix at /nix/store/x3235311q3n51rppm2y2ycwd7nb3mgpn-nix-2.26.3
2025-07-01T14:44:48.2110490Z       Just finished getting the nix database ready.
2025-07-01T14:44:48.2113117Z 
2025-07-01T14:44:48.2114340Z [32m~~> Setting up shell profiles: /etc/bashrc /etc/profile.d/nix.sh /etc/zshrc /etc/bash.bashrc /etc/zsh/zshrc
2025-07-01T14:44:48.2275868Z [0m
2025-07-01T14:44:48.2276387Z # Nix
2025-07-01T14:44:48.2277166Z if [ -e '/nix/var/nix/profiles/default/etc/profile.d/nix-daemon.sh' ]; then
2025-07-01T14:44:48.2277842Z   . '/nix/var/nix/profiles/default/etc/profile.d/nix-daemon.sh'
2025-07-01T14:44:48.2278310Z fi
2025-07-01T14:44:48.2278629Z # End Nix
2025-07-01T14:44:48.2278811Z 
2025-07-01T14:44:48.2444936Z 
2025-07-01T14:44:48.2445097Z # Nix
2025-07-01T14:44:48.2445668Z if [ -e '/nix/var/nix/profiles/default/etc/profile.d/nix-daemon.sh' ]; then
2025-07-01T14:44:48.2446617Z   . '/nix/var/nix/profiles/default/etc/profile.d/nix-daemon.sh'
2025-07-01T14:44:48.2447184Z fi
2025-07-01T14:44:48.2447483Z # End Nix
2025-07-01T14:44:48.2447674Z 
2025-07-01T14:44:48.2609872Z 
2025-07-01T14:44:48.2610050Z # Nix
2025-07-01T14:44:48.2610514Z if [ -e '/nix/var/nix/profiles/default/etc/profile.d/nix-daemon.sh' ]; then
2025-07-01T14:44:48.2611305Z   . '/nix/var/nix/profiles/default/etc/profile.d/nix-daemon.sh'
2025-07-01T14:44:48.2611874Z fi
2025-07-01T14:44:48.2612166Z # End Nix
2025-07-01T14:44:48.2612349Z 
2025-07-01T14:44:48.2769224Z 
2025-07-01T14:44:48.2769434Z # Nix
2025-07-01T14:44:48.2769952Z if [ -e '/nix/var/nix/profiles/default/etc/profile.d/nix-daemon.sh' ]; then
2025-07-01T14:44:48.2770623Z   . '/nix/var/nix/profiles/default/etc/profile.d/nix-daemon.sh'
2025-07-01T14:44:48.2771192Z fi
2025-07-01T14:44:48.2771544Z # End Nix
2025-07-01T14:44:48.2771731Z 
2025-07-01T14:44:48.2793710Z 
2025-07-01T14:44:48.2795010Z [32m~~> Setting up shell profiles for Fish with conf.d/nix.fish inside /etc/fish /usr/local/etc/fish /opt/homebrew/etc/fish /opt/local/etc/fish
2025-07-01T14:44:48.2854720Z [0m
2025-07-01T14:44:48.2855282Z [32m~~> Setting up the default profile
2025-07-01T14:44:48.3134846Z installing 'nix-2.26.3'
2025-07-01T14:44:48.3264212Z building '/nix/store/5afca9ydks0pp5szkwwhi7a6m2zmgk9g-user-environment.drv'...
2025-07-01T14:44:48.3648945Z installing 'nss-cacert-3.107'
2025-07-01T14:44:48.3782809Z building '/nix/store/ilxzpc39hcw5jr229rmajjkyz1a0fym1-user-environment.drv'...
2025-07-01T14:44:48.3991707Z [0m
2025-07-01T14:44:48.3992154Z [32m~~> Setting up the nix-daemon systemd service
2025-07-01T14:44:48.4366812Z Created symlink /etc/systemd/system/nix-daemon.service → /nix/var/nix/profiles/default/lib/systemd/system/nix-daemon.service.
2025-07-01T14:44:48.7077540Z Created symlink /etc/systemd/system/nix-daemon.socket → /nix/var/nix/profiles/default/lib/systemd/system/nix-daemon.socket.
2025-07-01T14:44:48.7082898Z Created symlink /etc/systemd/system/sockets.target.wants/nix-daemon.socket → /nix/var/nix/profiles/default/lib/systemd/system/nix-daemon.socket.
2025-07-01T14:44:49.3807880Z [0m[32mAlright! We're done!
2025-07-01T14:44:49.3832631Z [0mTry it! Open a new terminal, and type:
2025-07-01T14:44:49.3833021Z 
2025-07-01T14:44:49.3833333Z   $ nix-shell -p nix-info --run "nix-info -m"
2025-07-01T14:44:49.3833677Z 
2025-07-01T14:44:49.3834124Z Thank you for using this installer. If you have any feedback or need
2025-07-01T14:44:49.3834744Z help, don't hesitate:
2025-07-01T14:44:49.3834980Z 
2025-07-01T14:44:49.3835160Z You can open an issue at
2025-07-01T14:44:49.3835933Z https://github.com/NixOS/nix/issues/new?labels=installer&template=installer.md
2025-07-01T14:44:49.3836657Z 
2025-07-01T14:44:49.3837100Z Or get in touch with the community: https://nixos.org/community
2025-07-01T14:44:49.3854785Z 
2025-07-01T14:44:49.3855735Z [34m---- Reminders -----------------------------------------------------------------
2025-07-01T14:44:49.3856985Z [0m[34m[ 1 ][0m
2025-07-01T14:44:49.3859078Z Nix won't work in active shell sessions until you restart them.
2025-07-01T14:44:49.3859555Z 
2025-07-01T14:44:49.4558191Z ##[endgroup]
2025-07-01T14:44:49.4631174Z ##[group]Run /home/runner/work/_actions/ava-labs/avalanchego/092cf182dd92b66a8ab882b657d3ae52b174c913/.github/actions/run-monitored-tmpnet-cmd/nix-develop.sh --command echo "dependencies installed"
2025-07-01T14:44:49.4632586Z [36;1m/home/runner/work/_actions/ava-labs/avalanchego/092cf182dd92b66a8ab882b657d3ae52b174c913/.github/actions/run-monitored-tmpnet-cmd/nix-develop.sh --command echo "dependencies installed"[0m
2025-07-01T14:44:49.4695896Z shell: /usr/bin/bash --noprofile --norc -e -o pipefail {0}
2025-07-01T14:44:49.4696327Z env:
2025-07-01T14:44:49.4696511Z   TMPDIR: /home/runner/work/_temp
2025-07-01T14:44:49.4696762Z ##[endgroup]
2025-07-01T14:44:49.4815090Z No local flake found, will attempt to use avalanchego flake
2025-07-01T14:44:49.4899443Z Starting nix shell for github:ava-labs/avalanchego?ref=v1.13.2
2025-07-01T14:44:49.8127898Z unpacking 'github:ava-labs/avalanchego/092cf182dd92b66a8ab882b657d3ae52b174c913' into the Git cache...
2025-07-01T14:44:51.3677993Z copying path '/nix/store/i99indk3y6pc3sm0k1xx3nakm193lqzb-source' from 'https://cache.nixos.org'...
2025-07-01T14:45:07.5979673Z copying path '/nix/store/899rx4l5zz1za8nx7ijp7swv5ibc8wx2-git-2.47.2-doc' from 'https://cache.nixos.org'...
2025-07-01T14:45:07.5985562Z copying path '/nix/store/zpab59ialz19x6f65jbjf5xb8waa54av-iana-etc-20240318' from 'https://cache.nixos.org'...
2025-07-01T14:45:07.6008830Z copying path '/nix/store/dgzz9k53hz1qgklnj9667xzliyidj9cs-mailcap-2.1.54' from 'https://cache.nixos.org'...
2025-07-01T14:45:07.6015564Z copying path '/nix/store/hnpph37w6p5jfspwf5pksljpf0wqwjg3-perl5.40.0-Digest-HMAC-1.04' from 'https://cache.nixos.org'...
2025-07-01T14:45:07.6018617Z copying path '/nix/store/cnb01qfmg8c3irp630nplhwa201d7xsr-perl5.40.0-FCGI-ProcManager-0.28' from 'https://cache.nixos.org'...
2025-07-01T14:45:07.6021096Z copying path '/nix/store/v657ak4hdkixvq99rk3qvyh28in945dv-perl5.40.0-HTML-TagCloud-0.38' from 'https://cache.nixos.org'...
2025-07-01T14:45:07.6036968Z copying path '/nix/store/9qrv0d0yd9wss610gjzv3507ry6v9mzw-perl5.40.0-URI-5.21' from 'https://cache.nixos.org'...
2025-07-01T14:45:07.6040257Z copying path '/nix/store/pz7y4qd8lyhg9y6wmb9hynivx36f53zp-perl5.40.0-libnet-3.15' from 'https://cache.nixos.org'...
2025-07-01T14:45:07.6044247Z copying path '/nix/store/l6mypzy4rvkxd5kwzs18d88syirislib-tzdata-2024b' from 'https://cache.nixos.org'...
2025-07-01T14:45:07.6064789Z copying path '/nix/store/czlhi3r9b6ip4xyynwibfhm458ljwsir-gcc-13.3.0-libgcc' from 'https://cache.nixos.org'...
2025-07-01T14:45:07.6071695Z copying path '/nix/store/d8qbcrirc6jidfacy0qa50zy07i15xcz-gnu-config-2024-01-01' from 'https://cache.nixos.org'...
2025-07-01T14:45:07.6106210Z copying path '/nix/store/rscnjwdmhya0wcdmbygr3jpz6p39kvhr-perl5.40.0-Encode-Locale-1.05' from 'https://cache.nixos.org'...
2025-07-01T14:45:07.6108864Z copying path '/nix/store/74bbxwiamv62d2l089f1r8apv295vsry-perl5.40.0-HTML-Tagset-3.20' from 'https://cache.nixos.org'...
2025-07-01T14:45:07.6112946Z copying path '/nix/store/3r0pprxsd9n52nb2yqq3idwb75d0spzd-perl5.40.0-LWP-MediaTypes-6.04' from 'https://cache.nixos.org'...
2025-07-01T14:45:07.6115717Z copying path '/nix/store/krx6xw6wxakapdkviirq57yh3nl3227h-perl5.40.0-IO-HTML-1.004' from 'https://cache.nixos.org'...
2025-07-01T14:45:07.6159561Z copying path '/nix/store/w9yrswzdifcjhg0righ76aqb6bpslhkb-perl5.40.0-Mozilla-CA-20230821' from 'https://cache.nixos.org'...
2025-07-01T14:45:07.6284949Z copying path '/nix/store/swnhrfysvmwjvibcafm0im377pcfs80v-curl-8.12.1-man' from 'https://cache.nixos.org'...
2025-07-01T14:45:07.6288936Z copying path '/nix/store/5ahjfkydg49xvbr3vghhv317prgspnf3-mirrors-list' from 'https://cache.nixos.org'...
2025-07-01T14:45:07.6295184Z copying path '/nix/store/970fk2m63qra4ybkpp99rw7mld9fphlv-nghttp2-1.64.0' from 'https://cache.nixos.org'...
2025-07-01T14:45:07.6299058Z copying path '/nix/store/x6i8jiz3yv3h209xfbz9a3ch1sm16167-dns-root-data-2024-06-20' from 'https://cache.nixos.org'...
2025-07-01T14:45:07.6301155Z copying path '/nix/store/dvsai0ym9czjl5mcsarcdwccb70615n4-linux-headers-6.10' from 'https://cache.nixos.org'...
2025-07-01T14:45:07.6302909Z copying path '/nix/store/maxa3xhmxggrc5v2vc0c3pjb79hjlkp9-glibc-2.40-66' from 'https://cache.nixos.org'...
2025-07-01T14:45:07.6304750Z copying path '/nix/store/hz5m52dx8x6vvi5pp0yikxb3b05bmi2j-perl5.40.0-Test-Needs-0.002010' from 'https://cache.nixos.org'...
2025-07-01T14:45:07.6342859Z copying path '/nix/store/ldlsmrf2rrq28s08mzjk245vr26dwwhi-perl5.40.0-Test-RequiresInternet-0.05' from 'https://cache.nixos.org'...
2025-07-01T14:45:07.6346353Z copying path '/nix/store/5xvxvpl9armf0p6y9m4g1zl1mypvr9m7-perl5.40.0-TimeDate-2.33' from 'https://cache.nixos.org'...
2025-07-01T14:45:07.6348547Z copying path '/nix/store/vvjpgyk6jgd6k74pgpjrln6m6aqyiaig-perl5.40.0-Try-Tiny-0.31' from 'https://cache.nixos.org'...
2025-07-01T14:45:07.6352314Z copying path '/nix/store/frpqzb3223826xq72s0fcjmjmj50wpyn-perl5.40.0-Authen-SASL-2.1700' from 'https://cache.nixos.org'...
2025-07-01T14:45:07.6354060Z copying path '/nix/store/vlfgix8rcbj3l9yk0rna1damxkafbq18-perl5.40.0-Net-HTTP-6.23' from 'https://cache.nixos.org'...
2025-07-01T14:45:07.6355608Z copying path '/nix/store/6aqxgf5ygcscqsh4p9krd0dz2hc1cn0w-perl5.40.0-WWW-RobotRules-6.02' from 'https://cache.nixos.org'...
2025-07-01T14:45:07.6390893Z copying path '/nix/store/lj7p9q5kgmdcq768rvsgvjndi42mjcn8-publicsuffix-list-0-unstable-2024-10-25' from 'https://cache.nixos.org'...
2025-07-01T14:45:07.6422920Z copying path '/nix/store/i9ymkbklv1q9yzl7wwx7300wbkqdln0r-update-autotools-gnu-config-scripts-hook' from 'https://cache.nixos.org'...
2025-07-01T14:45:07.6727081Z copying path '/nix/store/2h648f4xlzszyc01yf67xd2rgira65js-perl5.40.0-Test-Fatal-0.017' from 'https://cache.nixos.org'...
2025-07-01T14:45:07.6811575Z copying path '/nix/store/shx8jax9b662cd9nlml731hh9wks24v1-perl5.40.0-HTTP-Date-6.06' from 'https://cache.nixos.org'...
2025-07-01T14:45:07.7090926Z copying path '/nix/store/i9hiqc4dfksm9cpqvff39smfpn49zbj6-perl5.40.0-File-Listing-6.16' from 'https://cache.nixos.org'...
2025-07-01T14:45:07.7095949Z copying path '/nix/store/0m34prvcx3d3vd9f4djbaqji7yb9swsh-perl5.40.0-HTTP-CookieJar-0.014' from 'https://cache.nixos.org'...
2025-07-01T14:45:07.7221137Z copying path '/nix/store/as8g73awbgrhpf5p6qjnrd5v9anw74ix-go-task-3.39.2' from 'https://cache.nixos.org'...
2025-07-01T14:45:07.7226772Z copying path '/nix/store/i7r45jjmvfxiw8j7ihjx51jachylq1si-protoc-gen-go-1.35.1' from 'https://cache.nixos.org'...
2025-07-01T14:45:07.7230156Z copying path '/nix/store/1fqgvq0i498w4ynywyj224i49izzzqrk-protoc-gen-go-grpc-1.3.0' from 'https://cache.nixos.org'...
2025-07-01T14:45:07.7231809Z copying path '/nix/store/19402vwa1rndilww6fpbviz0lza8846p-kind-0.24.0' from 'https://cache.nixos.org'...
2025-07-01T14:45:07.7236556Z copying path '/nix/store/23cshhh8k7z46gadr86krv15xphggawm-kubectl-1.31.2' from 'https://cache.nixos.org'...
2025-07-01T14:45:08.2244580Z copying path '/nix/store/vlgwyb076hkz7yv96sjnj9msb1jn1ggz-attr-2.5.2' from 'https://cache.nixos.org'...
2025-07-01T14:45:08.2246507Z copying path '/nix/store/c9z2sp8dyx1k0zk374v1142hmphashd0-buf-1.47.2' from 'https://cache.nixos.org'...
2025-07-01T14:45:08.2248482Z copying path '/nix/store/wg9gg3zkwcqhyycj0vkfnhgk5a4z9faq-ed-1.20.2' from 'https://cache.nixos.org'...
2025-07-01T14:45:08.2250215Z copying path '/nix/store/8vpg72ik2kgxfj05lc56hkqrdrfl8xi9-bash-5.2p37' from 'https://cache.nixos.org'...
2025-07-01T14:45:08.2251944Z copying path '/nix/store/fcqfyri9kljs5jd7h556f004qmci1qin-expand-response-params' from 'https://cache.nixos.org'...
2025-07-01T14:45:08.2257201Z copying path '/nix/store/83s1wqvrx7yvy3g6dmdr2icgg3qqbjcp-brotli-1.1.0-lib' from 'https://cache.nixos.org'...
2025-07-01T14:45:08.2258873Z copying path '/nix/store/3p3fwczck2yn1wwfjnymzkz8w11vbvg7-gawk-5.3.1' from 'https://cache.nixos.org'...
2025-07-01T14:45:08.2260474Z copying path '/nix/store/0hv5ymwkczx3ak8h3yldfbwbab33jnrw-expat-2.6.4' from 'https://cache.nixos.org'...
2025-07-01T14:45:08.2263235Z copying path '/nix/store/qiisx6c7qpyzq522j3icsfhj8ayw6ah4-bzip2-1.0.8' from 'https://cache.nixos.org'...
2025-07-01T14:45:08.2264912Z copying path '/nix/store/mhd0rk497xm0xnip7262xdw9bylvzh99-gcc-13.3.0-lib' from 'https://cache.nixos.org'...
2025-07-01T14:45:08.2266782Z copying path '/nix/store/2kiskq24j06g4qw3xs8zsy2dkawh4gxk-glibc-2.40-66-bin' from 'https://cache.nixos.org'...
2025-07-01T14:45:08.2268431Z copying path '/nix/store/7zv1sq1k25gk2rvgxnm262vp5hydkv1a-gdbm-1.24-lib' from 'https://cache.nixos.org'...
2025-07-01T14:45:08.2271681Z copying path '/nix/store/cfb4pxnfh2sf4csk8xh7abfqv96k66nh-glibc-2.40-66-getent' from 'https://cache.nixos.org'...
2025-07-01T14:45:08.2274746Z copying path '/nix/store/8k19h07hh2g1w5kp5yglzddswnvdmxpy-gmp-6.3.0' from 'https://cache.nixos.org'...
2025-07-01T14:45:08.2278808Z copying path '/nix/store/m3da56j3r7h4hp0kr8v1xsnk16x900yf-gnumake-4.4.1' from 'https://cache.nixos.org'...
2025-07-01T14:45:08.2365486Z copying path '/nix/store/3ks7b6p43dpvnlnxgvlcy2jaf1np37p2-gnused-4.9' from 'https://cache.nixos.org'...
2025-07-01T14:45:08.2413899Z copying path '/nix/store/dyizbk50iglbibrbwbgw2mhgskwb6ham-acl-2.3.2' from 'https://cache.nixos.org'...
2025-07-01T14:45:08.2417827Z copying path '/nix/store/yyfzan4mn874v885jy6fs598gjb31c4l-bzip2-1.0.8-bin' from 'https://cache.nixos.org'...
2025-07-01T14:45:08.2473047Z copying path '/nix/store/1fby1pxf0z16lgl728i2sqwqr2hrw2h8-json-c-0.17' from 'https://cache.nixos.org'...
2025-07-01T14:45:08.2540073Z copying path '/nix/store/mwwpv4k7skbx4vr2qjc89pvs7mhmgapb-k9s-0.32.7' from 'https://cache.nixos.org'...
2025-07-01T14:45:08.2675266Z copying path '/nix/store/r4p475lxvaklr9rj8l2a4sahkx5c0209-getent-glibc-2.40-66' from 'https://cache.nixos.org'...
2025-07-01T14:45:08.2992228Z copying path '/nix/store/79kh226vw8rrk62jbs27hdad1clwy447-keyutils-1.6.3-lib' from 'https://cache.nixos.org'...
2025-07-01T14:45:08.2997266Z copying path '/nix/store/wnsn67xb3i072b6i496y002byvc3ipa3-kubernetes-helm-3.16.3' from 'https://cache.nixos.org'...
2025-07-01T14:45:08.3038905Z copying path '/nix/store/bpzy7snv1xr7s1z2xi7bw0q5z9j6g1gg-libantlr3c-3.4' from 'https://cache.nixos.org'...
2025-07-01T14:45:08.3089891Z copying path '/nix/store/q57zi48njdcgxy4n8d5lm5pf746drc8f-isl-0.20' from 'https://cache.nixos.org'...
2025-07-01T14:45:08.3147203Z copying path '/nix/store/ky06iawcwsvxmx8yw66y2a7iy7b14yii-libapparmor-4.0.3' from 'https://cache.nixos.org'...
2025-07-01T14:45:08.3239212Z copying path '/nix/store/pmg7hw4ar16dhx5hk6jswvxy349wzsm7-gnutar-1.35' from 'https://cache.nixos.org'...
2025-07-01T14:45:08.3249505Z copying path '/nix/store/0iabf1jhsfrrxkdi599kb8m37p82yr1z-audit-4.0' from 'https://cache.nixos.org'...
2025-07-01T14:45:08.3320258Z copying path '/nix/store/nc394xps4al1r99ziabqvajbkrhxr5b7-gzip-1.13' from 'https://cache.nixos.org'...
2025-07-01T14:45:08.3388929Z copying path '/nix/store/fx6mfndjsbb0dqn9jzf1ksz9wf1dlrq7-libcap-2.70-lib' from 'https://cache.nixos.org'...
2025-07-01T14:45:08.3459847Z copying path '/nix/store/81awch8mhqanda1vy0c09bflgra4cxh0-glibc-2.40-66-dev' from 'https://cache.nixos.org'...
2025-07-01T14:45:08.3640858Z copying path '/nix/store/7yf5ijcl2lh90xs5nkrdpfdvcmc9fnc5-libcbor-0.11.0' from 'https://cache.nixos.org'...
2025-07-01T14:45:08.3731296Z copying path '/nix/store/bldybfhh9v9dvpms8kh87v1a6jp6i28p-libevent-2.1.12' from 'https://cache.nixos.org'...
2025-07-01T14:45:08.3758127Z copying path '/nix/store/wxgvd9mivxdbahxidq751gxyz7x7jb8n-libffi-3.4.6' from 'https://cache.nixos.org'...
2025-07-01T14:45:08.3884933Z copying path '/nix/store/p0c3g3dxr818lggbk6ms3nhm97g0pir9-libgpg-error-1.50' from 'https://cache.nixos.org'...
2025-07-01T14:45:08.3932379Z copying path '/nix/store/2w8a5z0rcs4fk3ds3fnd03x6syjjl1hb-libmnl-1.0.5' from 'https://cache.nixos.org'...
2025-07-01T14:45:08.4323519Z copying path '/nix/store/ywvi2y4yv3qyh0phw9y2ji17smh8nawj-libnfnetlink-1.0.2' from 'https://cache.nixos.org'...
2025-07-01T14:45:08.4469004Z copying path '/nix/store/dg6d7zs1bwnhwb3sd3xdbldvpa163a5z-libnl-3.10.0' from 'https://cache.nixos.org'...
2025-07-01T14:45:08.4580538Z copying path '/nix/store/68vmpyiabh89l7hbp9z2hmwci74vnfi4-libseccomp-2.5.5-lib' from 'https://cache.nixos.org'...
2025-07-01T14:45:08.4589285Z copying path '/nix/store/xxc6rkndd68cq1225asn380bbj0512dg-libpsl-0.21.5' from 'https://cache.nixos.org'...
2025-07-01T14:45:08.4619596Z copying path '/nix/store/wr7w1x0x1j4qli60wm22q3bc02dga08c-libtasn1-4.20.0' from 'https://cache.nixos.org'...
2025-07-01T14:45:08.5006760Z copying path '/nix/store/hnh6ivl105y4sw0ifv4kbihrvbddmlkm-libxcrypt-4.4.36' from 'https://cache.nixos.org'...
2025-07-01T14:45:08.5029087Z copying path '/nix/store/96m2mjx55syyky6zymjnbl3pvgxlwchb-libnftnl-1.2.8' from 'https://cache.nixos.org'...
2025-07-01T14:45:08.5134531Z copying path '/nix/store/9yh47sg27z9263ll65d414rgcyrclk57-libxml2-2.13.6' from 'https://cache.nixos.org'...
2025-07-01T14:45:08.5229799Z copying path '/nix/store/p9k3wzaw6d3wjgcbrfv2g1chj0mj2inb-lz4-1.10.0-lib' from 'https://cache.nixos.org'...
2025-07-01T14:45:08.5444421Z copying path '/nix/store/qhs6zflzhdr11j6byf1c1j52z39hnaaw-db-4.8.30' from 'https://cache.nixos.org'...
2025-07-01T14:45:08.5766719Z copying path '/nix/store/dsxb6qvi21bzy21c98kb71wfbdj4lmz7-gmp-with-cxx-6.3.0' from 'https://cache.nixos.org'...
2025-07-01T14:45:08.5781648Z copying path '/nix/store/8g8wdqid20924fbppbljsl6l7gr0p21j-gettext-0.21.1' from 'https://cache.nixos.org'...
2025-07-01T14:45:08.5787776Z copying path '/nix/store/nn7nj7xq8gdfyxqhchphzia7i34rwb0v-gmp-with-cxx-6.3.0' from 'https://cache.nixos.org'...
2025-07-01T14:45:08.5789574Z copying path '/nix/store/rq8lq7r8vjqrbn2bgfglm9dxfi83gdg9-icu4c-74.2' from 'https://cache.nixos.org'...
2025-07-01T14:45:08.5980817Z copying path '/nix/store/17195j62sjxjn0xwnmj3icr01n3d678r-libnetfilter_conntrack-1.1.0' from 'https://cache.nixos.org'...
2025-07-01T14:45:08.6070182Z copying path '/nix/store/99jfkvhck3c2675n2cy71g40km6m0pf9-libassuan-2.5.7' from 'https://cache.nixos.org'...
2025-07-01T14:45:08.6115973Z copying path '/nix/store/h9c111ckc8wg3ksxb7kj8cwhgaj52118-libgcrypt-1.10.3-lib' from 'https://cache.nixos.org'...
2025-07-01T14:45:08.6683821Z copying path '/nix/store/yh2c9f04q1vcfhpkamidrg3sdnwk5bvy-mpdecimal-4.0.0' from 'https://cache.nixos.org'...
2025-07-01T14:45:08.6902601Z copying path '/nix/store/b75dbfz0gria25kn2qlfpnmp39h31spw-mpfr-4.2.1' from 'https://cache.nixos.org'...
2025-07-01T14:45:08.6966801Z copying path '/nix/store/z7ndn3k8zfjrf713gq443q7a2ixzaab5-ncurses-6.4.20221231' from 'https://cache.nixos.org'...
2025-07-01T14:45:08.6969263Z copying path '/nix/store/1w5jm9zaxwr5b8nvh41c7iz236my185m-nghttp2-1.64.0-lib' from 'https://cache.nixos.org'...
2025-07-01T14:45:08.6972467Z copying path '/nix/store/j4377imdqpm27h5hspds1skgsazyj0d9-nghttp2-1.64.0-lib' from 'https://cache.nixos.org'...
2025-07-01T14:45:08.7308681Z copying path '/nix/store/1h2yigiwy6bgpyzlywj36s5nqkgca8bv-libpcap-1.10.5' from 'https://cache.nixos.org'...
2025-07-01T14:45:08.7610088Z copying path '/nix/store/n9ya3i584zvcw6696326sdlg61d6lamf-npth-1.7' from 'https://cache.nixos.org'...
2025-07-01T14:45:08.7700267Z copying path '/nix/store/isk8l71r4d1nl39mpv92ank2rs4cx3w9-openssl-3.3.3' from 'https://cache.nixos.org'...
2025-07-01T14:45:08.7702886Z copying path '/nix/store/9m68vvhnsq5cpkskphgw84ikl9m6wjwp-coreutils-9.5' from 'https://cache.nixos.org'...
2025-07-01T14:45:08.8185489Z copying path '/nix/store/mgpn83jmnf37ky77a8qy6m466qqmlyqk-cln-1.3.7' from 'https://cache.nixos.org'...
2025-07-01T14:45:08.8475753Z copying path '/nix/store/qvrp85i3yc9vw5x1vyx714m03jsf60rc-cvc4-1.8' from 'https://cache.nixos.org'...
2025-07-01T14:45:08.8849340Z copying path '/nix/store/6s0zzvp9in28jkmzwh5p69v1zwpi5mi4-linux-pam-1.6.1' from 'https://cache.nixos.org'...
2025-07-01T14:45:08.8931268Z copying path '/nix/store/cjg4jmnnf26367irpagiiffrni9bk7z0-gnupg-2.4.5' from 'https://cache.nixos.org'...
2025-07-01T14:45:08.9272955Z copying path '/nix/store/q95qgxy40rx1ifa13j8l38sx3myvkhb9-nettle-3.10' from 'https://cache.nixos.org'...
2025-07-01T14:45:08.9345776Z copying path '/nix/store/pbjp09wrnbklrfy7n2h5qix15fl5ylhj-libmpc-1.3.1' from 'https://cache.nixos.org'...
2025-07-01T14:45:08.9357908Z copying path '/nix/store/w8xb93nwhnhlkqd9kwahkzqvbg98qs74-nghttp2-1.64.0-dev' from 'https://cache.nixos.org'...
2025-07-01T14:45:09.0061481Z copying path '/nix/store/mqvgaq2bnb1701l7zcn0d6vd7w8b0z7l-openssl-3.3.3' from 'https://cache.nixos.org'...
2025-07-01T14:45:09.0151703Z copying path '/nix/store/kavgc464axad77kj4x4bza7s345nrhin-iptables-1.8.10' from 'https://cache.nixos.org'...
2025-07-01T14:45:09.0219986Z copying path '/nix/store/smd33cbgm2pwwnwj9l4b4fk39bdxfsfv-p11-kit-0.25.5' from 'https://cache.nixos.org'...
2025-07-01T14:45:09.0609847Z copying path '/nix/store/zfjv48ikkqn3yhi8zi7lvqvxyscbg87n-patch-2.7.6' from 'https://cache.nixos.org'...
2025-07-01T14:45:09.0695904Z copying path '/nix/store/lr3cvmq5ahqcj29p8c6m0fdl1y8krc86-diffutils-3.10' from 'https://cache.nixos.org'...
2025-07-01T14:45:09.1268343Z copying path '/nix/store/vc2d1bfy1a5y1195nq7k6p0zcm6q89nx-findutils-4.10.0' from 'https://cache.nixos.org'...
2025-07-01T14:45:09.1314126Z copying path '/nix/store/9wwkzvmrlv43y71rbw8sbh9bamc62a16-patchelf-0.15.0' from 'https://cache.nixos.org'...
2025-07-01T14:45:09.1447360Z copying path '/nix/store/5md7gyz45fm4bmkg2kb9a1hnmg8ryk9j-pcre2-10.44' from 'https://cache.nixos.org'...
2025-07-01T14:45:09.1619222Z copying path '/nix/store/pgq4agv5wpanzr9a8mqlkncdbick7mn2-pcsclite-2.3.0-lib' from 'https://cache.nixos.org'...
2025-07-01T14:45:09.1879299Z copying path '/nix/store/9sqpmkq9fcycsrldbsdxw93hvspy8pr9-perl5.40.0-Clone-0.46' from 'https://cache.nixos.org'...
2025-07-01T14:45:09.2070512Z copying path '/nix/store/jpk7s673pli65raimpl43jbhbg6ja4kx-perl5.40.0-FCGI-0.82' from 'https://cache.nixos.org'...
2025-07-01T14:45:09.2083202Z copying path '/nix/store/x4kgvzlrndlsc9mn2gyrx9dla0a5y7y3-perl5.40.0-TermReadKey-2.38' from 'https://cache.nixos.org'...
2025-07-01T14:45:09.2176480Z copying path '/nix/store/gda0f0dw64h74i98vkk7b7jwzxbkigzs-prometheus-2.55.0' from 'https://cache.nixos.org'...
2025-07-01T14:45:09.2178346Z copying path '/nix/store/6hrwqlqxzvn3lry7fjyz4i6dkdmg38m6-perl5.40.0-HTTP-Message-6.45' from 'https://cache.nixos.org'...
2025-07-01T14:45:09.2280282Z copying path '/nix/store/zwh1q2r2a1prmw4xxfpqa06ic7dl31yd-qrencode-4.1.1' from 'https://cache.nixos.org'...
2025-07-01T14:45:09.2404119Z copying path '/nix/store/flw2dwllbq50954bk1qm6xwdzp8ikacl-systemd-minimal-libs-256.10' from 'https://cache.nixos.org'...
2025-07-01T14:45:09.2412849Z copying path '/nix/store/88x6dfa5gnls0pmbvp4b9ci3bqqfja0n-util-linux-minimal-2.39.4-lib' from 'https://cache.nixos.org'...
2025-07-01T14:45:09.2467233Z copying path '/nix/store/7f8vg8z0q721jyahy1vjbg2x3irbk5az-unbound-1.22.0-lib' from 'https://cache.nixos.org'...
2025-07-01T14:45:09.2585669Z copying path '/nix/store/mcr5gqxgkknqxa2vhnhixzd97vdsnsxi-perl5.40.0-HTML-Parser-3.81' from 'https://cache.nixos.org'...
2025-07-01T14:45:09.2941177Z copying path '/nix/store/q73n7qdcl9yvlwh6p4n414vkxgnjjryp-perl5.40.0-HTTP-Cookies-6.10' from 'https://cache.nixos.org'...
2025-07-01T14:45:09.3079327Z copying path '/nix/store/qxp4rv76dpjbvs37c3sfq33ial7mxgb0-perl5.40.0-HTTP-Daemon-6.16' from 'https://cache.nixos.org'...
2025-07-01T14:45:09.3200253Z copying path '/nix/store/q0fgny8kpagi6blmzyw15n4cmfx647kn-perl5.40.0-HTTP-Negotiate-6.01' from 'https://cache.nixos.org'...
2025-07-01T14:45:09.3381993Z copying path '/nix/store/qjsj5vnbfpbg6r7jhd7znfgmcy0arn8n-gnugrep-3.11' from 'https://cache.nixos.org'...
2025-07-01T14:45:09.3426638Z copying path '/nix/store/bhvah40258cfi5sj1wiy2zmdn5xgj4m1-krb5-1.21.3-lib' from 'https://cache.nixos.org'...
2025-07-01T14:45:09.4012647Z copying path '/nix/store/09pyjyjdr5mwmki9gb0yf809l54xr8p2-openssl-3.3.3-bin' from 'https://cache.nixos.org'...
2025-07-01T14:45:09.4049655Z copying path '/nix/store/53rkjnnkbgg8pfn6ffpcdx4xbrl98yh8-readline-8.2p13' from 'https://cache.nixos.org'...
2025-07-01T14:45:09.4113552Z copying path '/nix/store/j7k6mzbdydimzw4mf23ahq6a7rz2f7w2-util-linux-minimal-2.39.4-login' from 'https://cache.nixos.org'...
2025-07-01T14:45:09.4115659Z copying path '/nix/store/sf31nmjhlsdp2h26vbwbpa7gwfn4i4na-xz-5.6.3' from 'https://cache.nixos.org'...
2025-07-01T14:45:09.4690024Z copying path '/nix/store/0z09m6fwgmc2a0zazp6lhyadfig10fd6-perl5.40.0-CGI-4.59' from 'https://cache.nixos.org'...
2025-07-01T14:45:09.5129698Z copying path '/nix/store/fvm65iknlk5kx9938xsc5485s9wzz1ig-lvm2-2.03.27-lib' from 'https://cache.nixos.org'...
2025-07-01T14:45:09.5319702Z copying path '/nix/store/dwyr8xvjby2l1zz92a5pfl6bq27jhrm6-krb5-1.21.3-lib' from 'https://cache.nixos.org'...
2025-07-01T14:45:09.5468956Z copying path '/nix/store/6k8v1ffagipraln3nn12h1n22d5l9dvr-perl5.40.0-Net-SSLeay-1.92' from 'https://cache.nixos.org'...
2025-07-01T14:45:09.5470943Z copying path '/nix/store/a9vgxnafcgb1khpjgn87ixmyv4dsqlp0-util-linux-minimal-2.39.4-mount' from 'https://cache.nixos.org'...
2025-07-01T14:45:09.5727231Z copying path '/nix/store/blkjagm7k01k9sghpyckw4y6dd6z0knl-util-linux-minimal-2.39.4-swap' from 'https://cache.nixos.org'...
2025-07-01T14:45:09.5824375Z copying path '/nix/store/xv2bvwf6zv1hhlm9w4x0f7n0idhbsjh7-perl5.40.0-CGI-Fast-2.16' from 'https://cache.nixos.org'...
2025-07-01T14:45:09.5830504Z copying path '/nix/store/pa7plncc30fhm909bis9haakh7gi0qbl-bash-interactive-5.2p37' from 'https://cache.nixos.org'...
2025-07-01T14:45:09.5882007Z copying path '/nix/store/rbns8mzghhqxih4hj2js4mb4s6ivy5d1-xz-5.6.3-bin' from 'https://cache.nixos.org'...
2025-07-01T14:45:09.5883657Z copying path '/nix/store/xxssfwyz4l32wiadvsrcf259nkb91myn-z3-4.11.2-lib' from 'https://cache.nixos.org'...
2025-07-01T14:45:09.5893240Z copying path '/nix/store/lmfya9by589b0qgc2pqps1zy4jhldkvq-cryptsetup-2.7.5' from 'https://cache.nixos.org'...
2025-07-01T14:45:09.5999039Z copying path '/nix/store/vpg96mfr1jw5arlqg831i69g29v0sdb3-zlib-1.3.1' from 'https://cache.nixos.org'...
2025-07-01T14:45:09.6011460Z copying path '/nix/store/6cf2yj12gf51jn5vdbdw01gmgvyj431s-zstd-1.5.6' from 'https://cache.nixos.org'...
2025-07-01T14:45:09.6025700Z copying path '/nix/store/hgq0ircylcm0mx6y7ml9chcbwgrz9xg7-openssl-3.3.3-dev' from 'https://cache.nixos.org'...
2025-07-01T14:45:09.6259941Z copying path '/nix/store/73pq792gn6i9qfywsnd347vg0152w8rw-perl5.40.0-IO-Socket-SSL-2.083' from 'https://cache.nixos.org'...
2025-07-01T14:45:09.6649273Z copying path '/nix/store/23j515bg7lgis34f0jkm9j6g00dpp2sh-binutils-2.43.1-lib' from 'https://cache.nixos.org'...
2025-07-01T14:45:09.6657226Z copying path '/nix/store/yk246qv4bbmr0mmh9y3gnfdkra5nnjgi-cracklib-2.10.0' from 'https://cache.nixos.org'...
2025-07-01T14:45:09.6826342Z copying path '/nix/store/p751fjd81h3926ivxsq0x20lz5j7yscc-file-5.45' from 'https://cache.nixos.org'...
2025-07-01T14:45:09.6929334Z copying path '/nix/store/yg4ahy7gahx91nq80achmzilrjyv0scj-gcc-13.3.0' from 'https://cache.nixos.org'...
2025-07-01T14:45:09.7178070Z copying path '/nix/store/1md58p5vm4dixcwwpwrs78a7kjf6nnqk-gnutls-3.8.6' from 'https://cache.nixos.org'...
2025-07-01T14:45:09.7576377Z copying path '/nix/store/nfdnparxrnv6sy627lw1c27pdqzpbfs2-kexec-tools-2.0.29' from 'https://cache.nixos.org'...
2025-07-01T14:45:09.7624039Z copying path '/nix/store/yr9xanc3bgp95fj9kvbrrq47zhzni2i6-kmod-31' from 'https://cache.nixos.org'...
2025-07-01T14:45:09.7881317Z copying path '/nix/store/qdypipr8zp0nkyrwqnakn3q3xhpghsrb-kmod-31-lib' from 'https://cache.nixos.org'...
2025-07-01T14:45:09.8591667Z copying path '/nix/store/n6zw4496n0bd9r6gjwkjmf5ja6757q32-krb5-1.21.3' from 'https://cache.nixos.org'...
2025-07-01T14:45:09.9004315Z copying path '/nix/store/kc1sdzqnymjwy74chlnkq2xlxnmrg30x-libfido2-1.15.0' from 'https://cache.nixos.org'...
2025-07-01T14:45:09.9014013Z copying path '/nix/store/6m49g3aqk5d5vdxp7chpgim5l6cfm7d6-libarchive-3.7.7-lib' from 'https://cache.nixos.org'...
2025-07-01T14:45:10.0306749Z copying path '/nix/store/22qnvg3zddkf7rbpckv676qpsc2najv9-binutils-2.43.1' from 'https://cache.nixos.org'...
2025-07-01T14:45:10.0380538Z copying path '/nix/store/17rp2wzkp8xfhxcd5zihx6qmnbaadlhs-libmicrohttpd-1.0.1' from 'https://cache.nixos.org'...
2025-07-01T14:45:10.0413402Z copying path '/nix/store/pvyhn761hgn17fpr6fy168vcv1ciwsgl-libssh2-1.11.1' from 'https://cache.nixos.org'...
2025-07-01T14:45:10.0462783Z copying path '/nix/store/qmz79v7x18zmi6g2iagxwazqfwbxzhra-libssh2-1.11.1' from 'https://cache.nixos.org'...
2025-07-01T14:45:10.1499255Z copying path '/nix/store/q4j9jj8jw74216cw4chsqlwdnglwly6p-perl-5.40.0' from 'https://cache.nixos.org'...
2025-07-01T14:45:10.1559661Z copying path '/nix/store/f2sjbvr2gbp1dl1fwak6b77j18wv2rm8-perl5.40.0-Net-SMTP-SSL-1.04' from 'https://cache.nixos.org'...
2025-07-01T14:45:10.1601174Z copying path '/nix/store/zfk4v9lxal3ch98qnf7zlciwgmk4w1ij-krb5-1.21.3-dev' from 'https://cache.nixos.org'...
2025-07-01T14:45:10.2091809Z copying path '/nix/store/i7gfv740vcygvl9pgqwq29nkzmsp09ww-sqlite-3.46.1' from 'https://cache.nixos.org'...
2025-07-01T14:45:10.2884818Z copying path '/nix/store/hsxp8g7zdr6wxk1mp812g8nbzvajzn4w-stdenv-linux' from 'https://cache.nixos.org'...
2025-07-01T14:45:10.3009284Z copying path '/nix/store/lgfp6sl5hpykmld29rqvi9pam8ji8k24-curl-8.12.1' from 'https://cache.nixos.org'...
2025-07-01T14:45:10.3019302Z copying path '/nix/store/sh26c2jcz7w2gii2px77bqy64fd026jd-boost-1.81.0' from 'https://cache.nixos.org'...
2025-07-01T14:45:10.3020884Z copying path '/nix/store/w2m5p0fb6pmqq6dz2jqlvnyw7n4vcbpx-curl-8.12.1' from 'https://cache.nixos.org'...
2025-07-01T14:45:10.3220078Z copying path '/nix/store/0rg4nqym82ngd29dy8qm1bggm94dkry3-libssh2-1.11.1-dev' from 'https://cache.nixos.org'...
2025-07-01T14:45:10.3287122Z copying path '/nix/store/ccrjbcfl5zcdp0n5mh69f4airrb9g8m4-zlib-1.3.1-dev' from 'https://cache.nixos.org'...
2025-07-01T14:45:10.4054772Z copying path '/nix/store/gnnac2vpa466p2lpzskmbj5vjr6ikzhg-libpwquality-1.4.5-lib' from 'https://cache.nixos.org'...
2025-07-01T14:45:10.4195882Z copying path '/nix/store/xmmli2ijsz2br6573z3sqsgg0spnj7i9-zstd-1.5.6-bin' from 'https://cache.nixos.org'...
2025-07-01T14:45:10.5331866Z copying path '/nix/store/lhpwdis5hkyljz1d200bj1s6g51ljq9k-python3-3.12.8' from 'https://cache.nixos.org'...
2025-07-01T14:45:10.6187642Z copying path '/nix/store/8qf68jid6rr2f4c8ppyp0ixdlv0axnpn-curl-8.12.1-bin' from 'https://cache.nixos.org'...
2025-07-01T14:45:10.6249388Z copying path '/nix/store/3hgwjb5hp0jm8fyi4vx9s4f3hjvp0n1r-tpm2-tss-4.1.3' from 'https://cache.nixos.org'...
2025-07-01T14:45:10.6253163Z copying path '/nix/store/awbfciyq3cjvw6x8wd8wdjy8z2qxm98n-elfutils-0.191' from 'https://cache.nixos.org'...
2025-07-01T14:45:10.7102470Z copying path '/nix/store/z9lnvmqymg80hk671fm2533ncczkf7z2-kbd-2.6.4' from 'https://cache.nixos.org'...
2025-07-01T14:45:10.8295876Z copying path '/nix/store/04shrm4bvxw1yam87da7y9k872kqn777-curl-8.12.1-dev' from 'https://cache.nixos.org'...
2025-07-01T14:45:10.9531423Z copying path '/nix/store/f95nqmgp2vaz1h68n36k605ay1ixnj0a-libbpf-1.4.7' from 'https://cache.nixos.org'...
2025-07-01T14:45:10.9538117Z copying path '/nix/store/007wiy8x5irdxzsdx3bdqx0k0a8hp6ji-shellcheck-0.10.0-bin' from 'https://cache.nixos.org'...
2025-07-01T14:45:11.1243133Z building '/nix/store/rkn5fk95kmnbxk65bxlyzqnmsmafh1f1-kind-with-registry.sh.drv'...
2025-07-01T14:45:11.1280243Z copying path '/nix/store/00x4qvjp4kcm932rv281v8n9y4xk9dv1-solc-0.8.21' from 'https://cache.nixos.org'...
2025-07-01T14:45:11.2520710Z copying path '/nix/store/w9qcpyhjrxsqrps91wkz8r4mqvg9zrxc-systemd-256.10' from 'https://cache.nixos.org'...
2025-07-01T14:45:11.2768467Z copying path '/nix/store/1mv8pj4nxwnd9bbxshljc9p4cnl3rakj-binutils-wrapper-2.43.1' from 'https://cache.nixos.org'...
2025-07-01T14:45:11.3532346Z copying path '/nix/store/ch1brsi5xwxgyv23csmvw1am9l40rf1c-shellcheck-0.10.0' from 'https://cache.nixos.org'...
2025-07-01T14:45:12.2278509Z copying path '/nix/store/99accs107rzm78z74cj1wns59d0m1nh8-perl5.40.0-libwww-perl-6.72' from 'https://cache.nixos.org'...
2025-07-01T14:45:12.4188777Z copying path '/nix/store/7s649psqfmp6bf2ij6kba3nbwjp50z0w-promtail-3.2.1' from 'https://cache.nixos.org'...
2025-07-01T14:45:13.3087969Z copying path '/nix/store/1fwh9nv8n93rjc7i7j9gcm3whdqpgy84-git-2.47.2' from 'https://cache.nixos.org'...
2025-07-01T14:45:14.2086561Z copying path '/nix/store/gnd8f9h2ycxrfrvrga508c4n9cxy6720-gcc-wrapper-13.3.0' from 'https://cache.nixos.org'...
2025-07-01T14:45:14.2190846Z copying path '/nix/store/szfi0xd0cwdaldhkp8vlgi7jfv662nmd-stdenv-linux' from 'https://cache.nixos.org'...
2025-07-01T14:45:14.2752079Z building '/nix/store/mbmxfdxryq3wr2wxm5brh42mcad1gvzy-kind-with-registry-1.0.0.drv'...
2025-07-01T14:45:14.5249691Z building '/nix/store/l2gp0i5ccps3gdgrqx8mmvfl0jx2l5p5-nix-shell-env.drv'...
2025-07-01T14:45:14.9903636Z this path will be fetched (0.10 MiB download, 0.10 MiB unpacked):
2025-07-01T14:45:14.9905703Z   /nix/store/hlv28jlwzk6kqj6vljm9cn8i7pw030nx-bash-interactive-5.2p37-man
2025-07-01T14:45:14.9913412Z copying path '/nix/store/hlv28jlwzk6kqj6vljm9cn8i7pw030nx-bash-interactive-5.2p37-man' from 'https://cache.nixos.org'...
2025-07-01T14:45:15.0303289Z dependencies installed
2025-07-01T14:45:15.0339013Z ##[group]Run /home/runner/work/_actions/ava-labs/avalanchego/092cf182dd92b66a8ab882b657d3ae52b174c913/.github/actions/run-monitored-tmpnet-cmd/notify-metrics-availability.sh
2025-07-01T14:45:15.0340237Z [36;1m/home/runner/work/_actions/ava-labs/avalanchego/092cf182dd92b66a8ab882b657d3ae52b174c913/.github/actions/run-monitored-tmpnet-cmd/notify-metrics-availability.sh[0m
2025-07-01T14:45:15.0399531Z shell: /usr/bin/bash --noprofile --norc -e -o pipefail {0}
2025-07-01T14:45:15.0399853Z env:
2025-07-01T14:45:15.0400041Z   TMPDIR: /home/runner/work/_temp
2025-07-01T14:45:15.0401024Z   GRAFANA_URL: https://grafana-poc.avax-dev.network/d/kBQpRdWnk/avalanche-main-dashboard?orgId=1&refresh=10s&var-filter=is_ephemeral_node%7C%3D%7Cfalse&var-filter=gh_repo%7C%3D%7Cava-labs%2Fsubnet-evm&var-filter=gh_run_id%7C%3D%7C16002582210&var-filter=gh_run_attempt%7C%3D%7C1
2025-07-01T14:45:15.0401980Z   GH_JOB_ID: e2e_warp
2025-07-01T14:45:15.0402165Z   FILTER_BY_OWNER: 
2025-07-01T14:45:15.0402350Z ##[endgroup]
2025-07-01T14:45:15.0512364Z grafana link for shared network logs and metrics: https://grafana-poc.avax-dev.network/d/kBQpRdWnk/avalanche-main-dashboard?orgId=1&refresh=10s&var-filter=is_ephemeral_node%7C%3D%7Cfalse&var-filter=gh_repo%7C%3D%7Cava-labs%2Fsubnet-evm&var-filter=gh_run_id%7C%3D%7C16002582210&var-filter=gh_run_attempt%7C%3D%7C1&var-filter=gh_job_id%7C%3D%7Ce2e_warp&from=1751381115000&to=1751382015000
2025-07-01T14:45:15.0538466Z ##[group]Run /home/runner/work/_actions/ava-labs/avalanchego/092cf182dd92b66a8ab882b657d3ae52b174c913/.github/actions/run-monitored-tmpnet-cmd/nix-develop.sh --impure --command bash -x ./scripts/run_task.sh test-e2e-warp-ci
2025-07-01T14:45:15.0539960Z [36;1m /home/runner/work/_actions/ava-labs/avalanchego/092cf182dd92b66a8ab882b657d3ae52b174c913/.github/actions/run-monitored-tmpnet-cmd/nix-develop.sh --impure --command bash -x ./scripts/run_task.sh test-e2e-warp-ci[0m
2025-07-01T14:45:15.0591985Z shell: /usr/bin/bash --noprofile --norc -e -o pipefail {0}
2025-07-01T14:45:15.0592301Z env:
2025-07-01T14:45:15.0592483Z   TMPDIR: /home/runner/work/_temp
2025-07-01T14:45:15.0592738Z   TMPNET_START_METRICS_COLLECTOR: true
2025-07-01T14:45:15.0593006Z   TMPNET_START_LOGS_COLLECTOR: true
2025-07-01T14:45:15.0593240Z   TMPNET_CHECK_METRICS_COLLECTED: true
2025-07-01T14:45:15.0593481Z   TMPNET_CHECK_LOGS_COLLECTED: true
2025-07-01T14:45:15.0594177Z   LOKI_USERNAME: ***
2025-07-01T14:45:15.0594495Z   LOKI_PASSWORD: ***
2025-07-01T14:45:15.0594712Z   PROMETHEUS_USERNAME: ***
2025-07-01T14:45:15.0595024Z   PROMETHEUS_PASSWORD: ***
2025-07-01T14:45:15.0595242Z   GH_REPO: ava-labs/subnet-evm
2025-07-01T14:45:15.0595458Z   GH_WORKFLOW: Tests
2025-07-01T14:45:15.0595645Z   GH_RUN_ID: 16002582210
2025-07-01T14:45:15.0595842Z   GH_RUN_NUMBER: 2076
2025-07-01T14:45:15.0596224Z   GH_RUN_ATTEMPT: 1
2025-07-01T14:45:15.0596417Z   GH_JOB_ID: e2e_warp
2025-07-01T14:45:15.0596603Z ##[endgroup]
2025-07-01T14:45:15.0689051Z No local flake found, will attempt to use avalanchego flake
2025-07-01T14:45:15.0778722Z Starting nix shell for github:ava-labs/avalanchego?ref=v1.13.2
2025-07-01T14:45:17.6763157Z + set -euo pipefail
2025-07-01T14:45:17.6763544Z + command -v task
2025-07-01T14:45:17.6764058Z + exec task test-e2e-warp-ci
2025-07-01T14:45:17.6958394Z task: [install-avalanchego-release] ./scripts/install_avalanchego_release.sh
2025-07-01T14:45:17.7242865Z Using branch: c46a4f11e
2025-07-01T14:45:17.8588967Z https://github.com/ava-labs/avalanchego/releases/download/v1.13.2/avalanchego-linux-amd64-v1.13.2.tar.gz found
2025-07-01T14:45:17.8590533Z downloading to /tmp/avalanchego-release/avalanchego-linux-amd64-v1.13.2.tar.gz
2025-07-01T14:45:17.8641534Z   % Total    % Received % Xferd  Average Speed   Time    Time     Time  Current
2025-07-01T14:45:17.8643045Z                                  Dload  Upload   Total   Spent    Left  Speed
2025-07-01T14:45:17.8643430Z 
2025-07-01T14:45:17.9023755Z   0     0    0     0    0     0      0      0 --:--:-- --:--:-- --:--:--     0
2025-07-01T14:45:17.9024583Z   0     0    0     0    0     0      0      0 --:--:-- --:--:-- --:--:--     0
2025-07-01T14:45:18.0754111Z 
2025-07-01T14:45:18.0754885Z 100 36.2M  100 36.2M    0     0   171M      0 --:--:-- --:--:-- --:--:--  171M
2025-07-01T14:45:18.0849289Z avalanchego-v1.13.2/avalanchego
2025-07-01T14:45:18.6938420Z Installed AvalancheGo release v1.13.2
2025-07-01T14:45:18.6939023Z AvalancheGo Path: /tmp/avalanchego-release/avalanchego/avalanchego
2025-07-01T14:45:18.6939487Z Plugin Dir: /home/runner/.avalanchego/plugins
2025-07-01T14:45:18.6974133Z task: [build] ./scripts/build.sh
2025-07-01T14:45:18.7259316Z Using branch: c46a4f11e
2025-07-01T14:45:18.7260461Z Building Subnet EVM @ GitCommit: c46a4f11ecd55a5ab361920393adf5859e0dc097 at /home/runner/.avalanchego/plugins/srEXiWaHuhNyGwPUi444Tu47ZEDwxTWrbQiuD7FmgSAQ6X7Dy
2025-07-01T14:45:18.7299793Z go: downloading github.com/ava-labs/avalanchego v1.13.2
2025-07-01T14:45:19.4127799Z go: downloading github.com/spf13/pflag v1.0.5
2025-07-01T14:45:19.4128818Z go: downloading github.com/spf13/viper v1.12.0
2025-07-01T14:45:19.4315270Z go: downloading github.com/ava-labs/libevm v1.13.14-0.3.0.rc.1
2025-07-01T14:45:20.3432679Z go: downloading github.com/gorilla/rpc v1.2.0
2025-07-01T14:45:20.3433484Z go: downloading github.com/holiman/uint256 v1.2.4
2025-07-01T14:45:20.3434223Z go: downloading github.com/prometheus/client_golang v1.16.0
2025-07-01T14:45:20.3435072Z go: downloading golang.org/x/exp v0.0.0-20241215155358-4a5509556b9e
2025-07-01T14:45:20.3735851Z go: downloading go.uber.org/zap v1.26.0
2025-07-01T14:45:20.4399309Z go: downloading golang.org/x/term v0.30.0
2025-07-01T14:45:20.4401875Z go: downloading gopkg.in/natefinch/lumberjack.v2 v2.0.0
2025-07-01T14:45:20.4601163Z go: downloading github.com/grpc-ecosystem/go-grpc-prometheus v1.2.0
2025-07-01T14:45:20.4688353Z go: downloading github.com/prometheus/client_model v0.3.0
2025-07-01T14:45:20.4698876Z go: downloading google.golang.org/grpc v1.66.0
2025-07-01T14:45:20.4895121Z go: downloading google.golang.org/protobuf v1.35.2
2025-07-01T14:45:20.7213717Z go: downloading go.opentelemetry.io/otel v1.22.0
2025-07-01T14:45:20.7472118Z go: downloading go.opentelemetry.io/otel/trace v1.22.0
2025-07-01T14:45:20.7473130Z go: downloading github.com/prometheus/common v0.42.0
2025-07-01T14:45:20.7475529Z go: downloading github.com/cockroachdb/pebble v0.0.0-20230928194634-aa077af62593
2025-07-01T14:45:20.7931474Z go: downloading github.com/StephenButtolph/canoto v0.15.0
2025-07-01T14:45:20.8304360Z go: downloading github.com/google/renameio/v2 v2.0.0
2025-07-01T14:45:20.8508585Z go: downloading golang.org/x/sync v0.12.0
2025-07-01T14:45:20.8693508Z go: downloading github.com/fsnotify/fsnotify v1.6.0
2025-07-01T14:45:20.8700921Z go: downloading github.com/mitchellh/mapstructure v1.5.0
2025-07-01T14:45:20.8781875Z go: downloading github.com/spf13/afero v1.8.2
2025-07-01T14:45:20.8905038Z go: downloading github.com/spf13/cast v1.5.0
2025-07-01T14:45:20.8950932Z go: downloading github.com/spf13/jwalterweatherman v1.1.0
2025-07-01T14:45:20.9131730Z go: downloading golang.org/x/crypto v0.36.0
2025-07-01T14:45:20.9148201Z go: downloading github.com/gofrs/flock v0.8.1
2025-07-01T14:45:20.9149501Z go: downloading github.com/golang/snappy v0.0.5-0.20220116011046-fa5810519dcb
2025-07-01T14:45:20.9365203Z go: downloading github.com/olekukonko/tablewriter v0.0.5
2025-07-01T14:45:20.9410894Z go: downloading github.com/shirou/gopsutil v3.21.11+incompatible
2025-07-01T14:45:20.9613911Z go: downloading golang.org/x/sys v0.31.0
2025-07-01T14:45:21.0114742Z go: downloading github.com/gballet/go-verkle v0.1.1-0.20231031103413-a67434b50f46
2025-07-01T14:45:21.0700721Z go: downloading github.com/dop251/goja v0.0.0-20230806174421-c933cf95e127
2025-07-01T14:45:21.1196875Z go: downloading github.com/holiman/bloomfilter/v2 v2.0.3
2025-07-01T14:45:21.1442347Z go: downloading github.com/stretchr/testify v1.10.0
2025-07-01T14:45:21.1881791Z go: downloading go.uber.org/mock v0.5.0
2025-07-01T14:45:21.1926594Z go: downloading github.com/deckarep/golang-set/v2 v2.1.0
2025-07-01T14:45:21.1984882Z go: downloading github.com/gorilla/websocket v1.5.0
2025-07-01T14:45:21.2192093Z go: downloading golang.org/x/time v0.3.0
2025-07-01T14:45:21.2284960Z go: downloading github.com/beorn7/perks v1.0.1
2025-07-01T14:45:21.2286941Z go: downloading github.com/cespare/xxhash/v2 v2.3.0
2025-07-01T14:45:21.2413144Z go: downloading github.com/prometheus/procfs v0.10.1
2025-07-01T14:45:21.2425272Z go: downloading go.uber.org/multierr v1.11.0
2025-07-01T14:45:21.2525641Z go: downloading github.com/supranational/blst v0.3.14
2025-07-01T14:45:21.2556451Z go: downloading google.golang.org/genproto/googleapis/rpc v0.0.0-20240827150818-7e3bb234dfed
2025-07-01T14:45:21.2669061Z go: downloading golang.org/x/net v0.38.0
2025-07-01T14:45:21.3146765Z go: downloading github.com/golang/protobuf v1.5.4
2025-07-01T14:45:21.3559161Z go: downloading go.opentelemetry.io/otel/exporters/otlp/otlptrace v1.22.0
2025-07-01T14:45:21.3563406Z go: downloading go.opentelemetry.io/otel/exporters/otlp/otlptrace/otlptracegrpc v1.22.0
2025-07-01T14:45:21.3750695Z go: downloading go.opentelemetry.io/otel/exporters/otlp/otlptrace/otlptracehttp v1.22.0
2025-07-01T14:45:21.3855565Z go: downloading go.opentelemetry.io/otel/sdk v1.22.0
2025-07-01T14:45:21.4322485Z go: downloading github.com/syndtr/goleveldb v1.0.1-0.20220614013038-64ee5596c38a
2025-07-01T14:45:21.4713948Z go: downloading github.com/matttproud/golang_protobuf_extensions v1.0.4
2025-07-01T14:45:21.4734466Z go: downloading github.com/mr-tron/base58 v1.2.0
2025-07-01T14:45:21.4858809Z go: downloading gonum.org/v1/gonum v0.11.0
2025-07-01T14:45:21.4874522Z go: downloading github.com/DataDog/zstd v1.5.2
2025-07-01T14:45:21.4935985Z go: downloading github.com/subosito/gotenv v1.3.0
2025-07-01T14:45:21.4946421Z go: downloading github.com/hashicorp/hcl v1.0.0
2025-07-01T14:45:21.5392212Z go: downloading gopkg.in/ini.v1 v1.67.0
2025-07-01T14:45:21.5393097Z go: downloading github.com/magiconair/properties v1.8.6
2025-07-01T14:45:21.5648862Z go: downloading github.com/pelletier/go-toml/v2 v2.0.5
2025-07-01T14:45:21.5697654Z go: downloading gopkg.in/yaml.v3 v3.0.1
2025-07-01T14:45:21.5707789Z go: downloading golang.org/x/text v0.23.0
2025-07-01T14:45:21.6049384Z go: downloading github.com/pelletier/go-toml v1.9.5
2025-07-01T14:45:21.6406976Z go: downloading github.com/mattn/go-runewidth v0.0.13
2025-07-01T14:45:21.6602332Z go: downloading github.com/tklauser/go-sysconf v0.3.12
2025-07-01T14:45:21.6983122Z go: downloading github.com/crate-crypto/go-kzg-4844 v0.7.0
2025-07-01T14:45:21.9102331Z go: downloading github.com/VictoriaMetrics/fastcache v1.12.1
2025-07-01T14:45:21.9297428Z go: downloading github.com/crate-crypto/go-ipa v0.0.0-20231025140028-3c0104f4b233
2025-07-01T14:45:21.9601068Z go: downloading github.com/holiman/billy v0.0.0-20240216141850-2abb0c79d3c4
2025-07-01T14:45:21.9888906Z go: downloading github.com/hashicorp/golang-lru v0.5.5-0.20210104140557-80c98217689d
2025-07-01T14:45:22.0093145Z go: downloading github.com/davecgh/go-spew v1.1.1
2025-07-01T14:45:22.0325682Z go: downloading github.com/tyler-smith/go-bip39 v1.1.0
2025-07-01T14:45:22.0575206Z go: downloading github.com/dlclark/regexp2 v1.7.0
2025-07-01T14:45:22.1829976Z go: downloading github.com/google/pprof v0.0.0-20230207041349-798e818bf904
2025-07-01T14:45:22.1879908Z go: downloading github.com/pmezard/go-difflib v1.0.0
2025-07-01T14:45:22.2178437Z go: downloading github.com/google/uuid v1.6.0
2025-07-01T14:45:22.2416733Z go: downloading github.com/hashicorp/go-bexpr v0.1.10
2025-07-01T14:45:22.2615339Z go: downloading github.com/mattn/go-colorable v0.1.13
2025-07-01T14:45:22.2646848Z go: downloading github.com/mattn/go-isatty v0.0.17
2025-07-01T14:45:22.2837873Z go: downloading github.com/urfave/cli/v2 v2.25.7
2025-07-01T14:45:22.2862705Z go: downloading github.com/cockroachdb/errors v1.9.1
2025-07-01T14:45:22.3611086Z go: downloading github.com/cockroachdb/redact v1.1.3
2025-07-01T14:45:22.3612147Z go: downloading github.com/cockroachdb/tokenbucket v0.0.0-20230807174530-cc333fc44b06
2025-07-01T14:45:22.3852752Z go: downloading go.opentelemetry.io/proto/otlp v1.0.0
2025-07-01T14:45:22.4122826Z go: downloading github.com/rivo/uniseg v0.2.0
2025-07-01T14:45:22.4131966Z go: downloading github.com/tklauser/numcpus v0.6.1
2025-07-01T14:45:22.4334499Z go: downloading github.com/gballet/go-libpcsclite v0.0.0-20191108122812-4678299bea08
2025-07-01T14:45:22.4339278Z go: downloading github.com/status-im/keycard-go v0.2.0
2025-07-01T14:45:22.4524477Z go: downloading github.com/go-sourcemap/sourcemap v2.1.3+incompatible
2025-07-01T14:45:22.4535787Z go: downloading github.com/mitchellh/pointerstructure v1.2.0
2025-07-01T14:45:22.4619128Z go: downloading github.com/cockroachdb/logtags v0.0.0-20230118201751-21c54148d20b
2025-07-01T14:45:22.4727623Z go: downloading github.com/getsentry/sentry-go v0.18.0
2025-07-01T14:45:22.4787401Z go: downloading github.com/pkg/errors v0.9.1
2025-07-01T14:45:22.5287291Z go: downloading github.com/go-logr/logr v1.4.1
2025-07-01T14:45:22.5458659Z go: downloading go.opentelemetry.io/otel/metric v1.22.0
2025-07-01T14:45:22.5567069Z go: downloading github.com/cenkalti/backoff/v4 v4.2.1
2025-07-01T14:45:22.5653475Z go: downloading github.com/grpc-ecosystem/grpc-gateway/v2 v2.16.0
2025-07-01T14:45:22.6100442Z go: downloading github.com/go-logr/stdr v1.2.2
2025-07-01T14:45:22.6294441Z go: downloading github.com/consensys/gnark-crypto v0.12.1
2025-07-01T14:45:22.7000091Z go: downloading github.com/cpuguy83/go-md2man/v2 v2.0.4
2025-07-01T14:45:22.7183730Z go: downloading github.com/xrash/smetrics v0.0.0-20201216005158-039620a65673
2025-07-01T14:45:22.8074287Z go: downloading github.com/gogo/protobuf v1.3.2
2025-07-01T14:45:23.0835787Z go: downloading github.com/kr/pretty v0.3.1
2025-07-01T14:45:23.0867997Z go: downloading github.com/huin/goupnp v1.3.0
2025-07-01T14:45:23.1180839Z go: downloading github.com/jackpal/go-nat-pmp v1.0.2
2025-07-01T14:45:23.1182530Z go: downloading google.golang.org/genproto/googleapis/api v0.0.0-20240604185151-ef581f913117
2025-07-01T14:45:23.1347559Z go: downloading github.com/russross/blackfriday/v2 v2.1.0
2025-07-01T14:45:23.1656300Z go: downloading github.com/kr/text v0.2.0
2025-07-01T14:45:23.1845103Z go: downloading github.com/rogpeppe/go-internal v1.12.0
2025-07-01T14:45:23.2654909Z go: downloading github.com/bits-and-blooms/bitset v1.10.0
2025-07-01T14:45:23.2657320Z go: downloading github.com/mmcloughlin/addchain v0.4.0
2025-07-01T14:45:23.2658486Z go: downloading github.com/consensys/bavard v0.1.13
2025-07-01T14:45:23.3158120Z go: downloading rsc.io/tmplfunc v0.0.3
2025-07-01T14:46:36.3172888Z task: [test-e2e-warp] ./scripts/run_ginkgo_warp.sh
2025-07-01T14:46:36.3462732Z Using branch: c46a4f11e
2025-07-01T14:46:36.3550105Z go: downloading github.com/onsi/ginkgo/v2 v2.13.1
2025-07-01T14:46:36.5265069Z go: downloading github.com/go-task/slim-sprig v0.0.0-20230315185526-52ccab3ef572
2025-07-01T14:46:36.5269460Z go: downloading golang.org/x/tools v0.29.0
2025-07-01T14:47:28.8351052Z go: downloading github.com/ava-labs/coreth v0.15.2-rc.0.0.20250620163936-0058a7ec6d9d
2025-07-01T14:47:28.8351966Z go: downloading k8s.io/api v0.29.0
2025-07-01T14:47:28.8352498Z go: downloading k8s.io/apimachinery v0.29.0
2025-07-01T14:47:28.8352887Z go: downloading k8s.io/client-go v0.29.0
2025-07-01T14:47:28.8353972Z go: downloading k8s.io/utils v0.0.0-20230726121419-3b25d923346b
2025-07-01T14:47:28.8354425Z go: downloading github.com/go-cmd/cmd v1.4.1
2025-07-01T14:47:28.8354948Z go: downloading github.com/pires/go-proxyproto v0.6.2
2025-07-01T14:47:28.8355495Z go: downloading github.com/decred/dcrd/dcrec/secp256k1/v4 v4.1.0
2025-07-01T14:47:28.8355949Z go: downloading github.com/btcsuite/btcd/btcutil v1.1.3
2025-07-01T14:47:28.8356600Z go: downloading github.com/google/btree v1.1.2
2025-07-01T14:47:28.8357077Z go: downloading github.com/json-iterator/go v1.1.12
2025-07-01T14:47:28.8357453Z go: downloading gopkg.in/inf.v0 v0.9.1
2025-07-01T14:47:28.8357891Z go: downloading github.com/google/gofuzz v1.2.0
2025-07-01T14:47:28.8358236Z go: downloading k8s.io/klog/v2 v2.110.1
2025-07-01T14:47:28.8358588Z go: downloading sigs.k8s.io/yaml v1.3.0
2025-07-01T14:47:28.8358990Z go: downloading github.com/imdario/mergo v0.3.16
2025-07-01T14:47:28.8359360Z go: downloading github.com/gorilla/mux v1.8.0
2025-07-01T14:47:28.8359792Z go: downloading github.com/rs/cors v1.7.0
2025-07-01T14:47:28.8360228Z go: downloading sigs.k8s.io/structured-merge-diff/v4 v4.4.1
2025-07-01T14:47:28.8360758Z go: downloading sigs.k8s.io/json v0.0.0-20221116044647-bc3834ca7abd
2025-07-01T14:47:28.8361266Z go: downloading github.com/moby/spdystream v0.2.0
2025-07-01T14:47:28.8361667Z go: downloading github.com/google/gnostic-models v0.6.8
2025-07-01T14:47:28.8362129Z go: downloading golang.org/x/oauth2 v0.21.0
2025-07-01T14:47:28.8362459Z go: downloading gopkg.in/yaml.v2 v2.4.0
2025-07-01T14:47:28.8363044Z go: downloading github.com/modern-go/concurrent v0.0.0-20180306012644-bacd9c7ef1dd
2025-07-01T14:47:28.8363627Z go: downloading github.com/modern-go/reflect2 v1.0.2
2025-07-01T14:47:28.8364125Z go: downloading github.com/mxk/go-flowrate v0.0.0-20140419014527-cca7078d478f
2025-07-01T14:47:28.8364789Z go: downloading k8s.io/kube-openapi v0.0.0-20231010175941-2dd684a91f00
2025-07-01T14:47:28.8365435Z go: downloading github.com/munnerz/goautoneg v0.0.0-20191010083416-a7dc8b61c822
2025-07-01T14:47:28.8365985Z go: downloading github.com/go-openapi/swag v0.22.3
2025-07-01T14:47:28.8366842Z go: downloading github.com/go-openapi/jsonreference v0.20.2
2025-07-01T14:47:28.8367573Z go: downloading github.com/emicklei/go-restful/v3 v3.11.0
2025-07-01T14:47:28.8368266Z go: downloading github.com/go-openapi/jsonpointer v0.19.6
2025-07-01T14:47:28.8368911Z go: downloading github.com/mailru/easyjson v0.7.7
2025-07-01T14:47:28.8369526Z go: downloading github.com/josharian/intern v1.0.0
2025-07-01T14:47:28.8369857Z 
2025-07-01T14:47:28.9282444Z Running Suite: subnet-evm warp e2e test - /home/runner/work/subnet-evm/subnet-evm/tests/warp
2025-07-01T14:47:28.9283770Z ============================================================================================
2025-07-01T14:47:28.9284780Z Random Seed: [1m1751381197[0m
2025-07-01T14:47:28.9285143Z 
2025-07-01T14:47:28.9285560Z Will run [1m5[0m of [1m5[0m specs
2025-07-01T14:47:28.9286631Z [38;5;243m------------------------------[0m
2025-07-01T14:47:28.9287292Z [0m[1m[SynchronizedBeforeSuite] [0m
2025-07-01T14:47:28.9288333Z [38;5;243m/home/runner/work/subnet-evm/subnet-evm/tests/warp/warp_test.go:92[0m
2025-07-01T14:47:28.9289812Z   > Enter [1m[SynchronizedBeforeSuite][0m TOP-LEVEL [38;5;243m- /home/runner/work/subnet-evm/subnet-evm/tests/warp/warp_test.go:92 @ 07/01/25 14:47:28.928[0m
2025-07-01T14:47:28.9299400Z    [0;0mINFO[0;0m	writing collector config	{"cmd": "prometheus", "path": "/home/runner/.tmpnet/prometheus/prometheus.yaml"}
2025-07-01T14:47:28.9301711Z    [0;0mINFO[0;0m	starting collector	{"cmd": "prometheus", "workingDir": "/home/runner/.tmpnet/prometheus", "fullCmd": "nohup prometheus --config.file=prometheus.yaml --web.listen-address=127.0.0.1:9090 --enable-feature=agent --storage.agent.path=./data > prometheus.log 2>&1 & echo -n \"$!\" > /home/runner/.tmpnet/prometheus/run.pid", "logPath": "/home/runner/.tmpnet/prometheus/prometheus.log"}
2025-07-01T14:47:29.0308346Z    [0;0mINFO[0;0m	started collector	{"cmd": "prometheus", "pid": 19291}
2025-07-01T14:47:29.0312409Z    [0;0mINFO[0;0m	waiting for collector readiness	{"cmd": "prometheus", "url": "http://127.0.0.1:9090/-/ready", "logPath": "/home/runner/.tmpnet/prometheus/prometheus.log"}
2025-07-01T14:47:29.0315293Z    [0;0mINFO[0;0m	collector ready	{"cmd": "prometheus"}
2025-07-01T14:47:29.0317126Z    [0;0mINFO[0;0m	To stop: tmpnetctl stop-metrics-collector
2025-07-01T14:47:29.0319273Z    [0;0mINFO[0;0m	writing collector config	{"cmd": "promtail", "path": "/home/runner/.tmpnet/promtail/promtail.yaml"}
2025-07-01T14:47:29.0322566Z    [0;0mINFO[0;0m	starting collector	{"cmd": "promtail", "workingDir": "/home/runner/.tmpnet/promtail", "fullCmd": "nohup promtail -config.file=promtail.yaml > promtail.log 2>&1 & echo -n \"$!\" > /home/runner/.tmpnet/promtail/run.pid", "logPath": "/home/runner/.tmpnet/promtail/promtail.log"}
2025-07-01T14:47:29.1329266Z    [0;0mINFO[0;0m	started collector	{"cmd": "promtail", "pid": 19302}
2025-07-01T14:47:29.2331402Z    [0;0mINFO[0;0m	skipping promtail readiness check until one or more nodes have written their service discovery configuration
2025-07-01T14:47:29.2333238Z    [0;0mINFO[0;0m	To stop: tmpnetctl stop-logs-collector
2025-07-01T14:47:29.2335283Z   [38;5;9m[FAILED] 
2025-07-01T14:47:29.2336737Z   	Error Trace:	/home/runner/go/pkg/mod/github.com/ava-labs/avalanchego@v1.13.2/tests/fixture/e2e/env.go:182
2025-07-01T14:47:29.2338740Z   	            				/home/runner/work/subnet-evm/subnet-evm/tests/warp/warp_test.go:98
2025-07-01T14:47:29.2340260Z   	            				/opt/hostedtoolcache/go/1.23.9/x64/src/reflect/value.go:584
2025-07-01T14:47:29.2341758Z   	            				/opt/hostedtoolcache/go/1.23.9/x64/src/reflect/value.go:368
2025-07-01T14:47:29.2343572Z   	            				/home/runner/go/pkg/mod/github.com/onsi/ginkgo/v2@v2.13.1/internal/node.go:486
2025-07-01T14:47:29.2345477Z   	            				/home/runner/go/pkg/mod/github.com/onsi/ginkgo/v2@v2.13.1/internal/suite.go:642
2025-07-01T14:47:29.2347683Z   	            				/home/runner/go/pkg/mod/github.com/onsi/ginkgo/v2@v2.13.1/internal/suite.go:889
2025-07-01T14:47:29.2348986Z   	            				/opt/hostedtoolcache/go/1.23.9/x64/src/runtime/asm_amd64.s:1700
2025-07-01T14:47:29.2349629Z   	Error:      	Received unexpected error:
2025-07-01T14:47:29.2350738Z   	            	failed to configure process runtime: --avalanchego-path or AVALANCHEGO_PATH are required
2025-07-01T14:47:29.2351320Z   [0m
2025-07-01T14:47:29.2352476Z   [38;5;9mIn [1m[SynchronizedBeforeSuite][0m[38;5;9m at: [1m/home/runner/go/pkg/mod/github.com/stretchr/testify@v1.10.0/assert/assertions.go:1586[0m [38;5;243m@ 07/01/25 14:47:29.233[0m
2025-07-01T14:47:29.2365150Z   < Exit [1m[SynchronizedBeforeSuite][0m TOP-LEVEL [38;5;243m- /home/runner/work/subnet-evm/subnet-evm/tests/warp/warp_test.go:92 @ 07/01/25 14:47:29.233 (305ms)[0m
2025-07-01T14:47:29.2366519Z [38;5;9m[SynchronizedBeforeSuite] [FAILED] [0.305 seconds][0m
2025-07-01T14:47:29.2366995Z [38;5;9m[1m[SynchronizedBeforeSuite] [0m
2025-07-01T14:47:29.2367579Z [38;5;243m/home/runner/work/subnet-evm/subnet-evm/tests/warp/warp_test.go:92[0m
2025-07-01T14:47:29.2368325Z [38;5;243m------------------------------[0m
2025-07-01T14:47:29.2368675Z [0m[1m[DeferCleanup (Suite)] [0m
2025-07-01T14:47:29.2369442Z [38;5;243m/home/runner/go/pkg/mod/github.com/ava-labs/avalanchego@v1.13.2/tests/fixture/e2e/ginkgo_test_context.go:96[0m
2025-07-01T14:47:29.2370778Z   > Enter [1m[DeferCleanup (Suite)][0m TOP-LEVEL [38;5;243m- /home/runner/go/pkg/mod/github.com/ava-labs/avalanchego@v1.13.2/tests/fixture/e2e/ginkgo_test_context.go:96 @ 07/01/25 14:47:29.233[0m
2025-07-01T14:47:29.2372583Z    [0;0mINFO[0;0m	checking if logs exist	{"url": "https://loki-poc.avax-dev.network", "query": "sum(count_over_time({gh_repo=\"ava-labs/subnet-evm\",gh_workflow=\"Tests\",gh_run_id=\"16002582210\",gh_run_number=\"2076\",gh_run_attempt=\"1\",gh_job_id=\"e2e_warp\"}[1h]))"}
2025-07-01T14:49:29.2343783Z    [1;33mWARN[0;0m	failed to query for collected count	{"type": "logs", "error": "failed to execute request: Get \"https://loki-poc.avax-dev.network/loki/api/v1/query?query=sum%28count_over_time%28%7Bgh_repo%3D%22ava-labs%2Fsubnet-evm%22%2Cgh_workflow%3D%22Tests%22%2Cgh_run_id%3D%2216002582210%22%2Cgh_run_number%3D%222076%22%2Cgh_run_attempt%3D%221%22%2Cgh_job_id%3D%22e2e_warp%22%7D%5B1h%5D%29%29\": context deadline exceeded"}
2025-07-01T14:49:29.2347125Z   [38;5;9m[FAILED] 
2025-07-01T14:49:29.2351173Z   	Error Trace:	/home/runner/go/pkg/mod/github.com/ava-labs/avalanchego@v1.13.2/tests/fixture/e2e/env.go:119
2025-07-01T14:49:29.2352997Z   	            				/opt/hostedtoolcache/go/1.23.9/x64/src/reflect/value.go:584
2025-07-01T14:49:29.2354100Z   	            				/opt/hostedtoolcache/go/1.23.9/x64/src/reflect/value.go:368
2025-07-01T14:49:29.2355226Z   	            				/home/runner/go/pkg/mod/github.com/onsi/ginkgo/v2@v2.13.1/internal/node.go:585
2025-07-01T14:49:29.2356570Z   	            				/home/runner/go/pkg/mod/github.com/onsi/ginkgo/v2@v2.13.1/internal/node.go:463
2025-07-01T14:49:29.2357695Z   	            				/home/runner/go/pkg/mod/github.com/onsi/ginkgo/v2@v2.13.1/internal/suite.go:889
2025-07-01T14:49:29.2358636Z   	            				/opt/hostedtoolcache/go/1.23.9/x64/src/runtime/asm_amd64.s:1700
2025-07-01T14:49:29.2359099Z   	Error:      	Received unexpected error:
2025-07-01T14:49:29.2359775Z   	            	logs not found before timeout: context deadline exceeded
2025-07-01T14:49:29.2360199Z   [0m
2025-07-01T14:49:29.2361140Z   [38;5;9mIn [1m[DeferCleanup (Suite)][0m[38;5;9m at: [1m/home/runner/go/pkg/mod/github.com/stretchr/testify@v1.10.0/assert/assertions.go:1586[0m [38;5;243m@ 07/01/25 14:49:29.234[0m
2025-07-01T14:49:29.2362658Z   < Exit [1m[DeferCleanup (Suite)][0m TOP-LEVEL [38;5;243m- /home/runner/go/pkg/mod/github.com/ava-labs/avalanchego@v1.13.2/tests/fixture/e2e/ginkgo_test_context.go:96 @ 07/01/25 14:49:29.234 (2m0.001s)[0m
2025-07-01T14:49:29.2363558Z [38;5;9m[DeferCleanup (Suite)] [FAILED] [120.001 seconds][0m
2025-07-01T14:49:29.2363961Z [38;5;9m[1m[DeferCleanup (Suite)] [0m
2025-07-01T14:49:29.2364703Z [38;5;243m/home/runner/go/pkg/mod/github.com/ava-labs/avalanchego@v1.13.2/tests/fixture/e2e/ginkgo_test_context.go:96[0m
2025-07-01T14:49:29.2365328Z [38;5;243m------------------------------[0m
2025-07-01T14:49:29.2365676Z [0m[1m[DeferCleanup (Suite)] [0m
2025-07-01T14:49:29.2366525Z [38;5;243m/home/runner/go/pkg/mod/github.com/ava-labs/avalanchego@v1.13.2/tests/fixture/e2e/ginkgo_test_context.go:96[0m
2025-07-01T14:49:29.2367838Z   > Enter [1m[DeferCleanup (Suite)][0m TOP-LEVEL [38;5;243m- /home/runner/go/pkg/mod/github.com/ava-labs/avalanchego@v1.13.2/tests/fixture/e2e/ginkgo_test_context.go:96 @ 07/01/25 14:49:29.234[0m
2025-07-01T14:49:29.2369615Z    [0;0mINFO[0;0m	checking if metrics exist	{"url": "https://prometheus-poc.avax-dev.network", "query": "count({gh_repo=\"ava-labs/subnet-evm\",gh_workflow=\"Tests\",gh_run_id=\"16002582210\",gh_run_number=\"2076\",gh_run_attempt=\"1\",gh_job_id=\"e2e_warp\"})"}
2025-07-01T14:51:29.2359502Z   [38;5;9m[FAILED] 
2025-07-01T14:51:29.2362913Z   	Error Trace:	/home/runner/go/pkg/mod/github.com/ava-labs/avalanchego@v1.13.2/tests/fixture/e2e/env.go:107
2025-07-01T14:51:29.2365412Z   	            				/opt/hostedtoolcache/go/1.23.9/x64/src/reflect/value.go:584
2025-07-01T14:51:29.2367353Z   	            				/opt/hostedtoolcache/go/1.23.9/x64/src/reflect/value.go:368
2025-07-01T14:51:29.2369417Z   	            				/home/runner/go/pkg/mod/github.com/onsi/ginkgo/v2@v2.13.1/internal/node.go:585
2025-07-01T14:51:29.2371510Z   	            				/home/runner/go/pkg/mod/github.com/onsi/ginkgo/v2@v2.13.1/internal/node.go:463
2025-07-01T14:51:29.2373437Z   	            				/home/runner/go/pkg/mod/github.com/onsi/ginkgo/v2@v2.13.1/internal/suite.go:889
2025-07-01T14:51:29.2375197Z   	            				/opt/hostedtoolcache/go/1.23.9/x64/src/runtime/asm_amd64.s:1700
2025-07-01T14:51:29.2375940Z   	Error:      	Received unexpected error:
2025-07-01T14:51:29.2377466Z   	            	metrics not found before timeout: context deadline exceeded
2025-07-01T14:51:29.2378109Z   [0m
2025-07-01T14:51:29.2379827Z   [38;5;9mIn [1m[DeferCleanup (Suite)][0m[38;5;9m at: [1m/home/runner/go/pkg/mod/github.com/stretchr/testify@v1.10.0/assert/assertions.go:1586[0m [38;5;243m@ 07/01/25 14:51:29.235[0m
2025-07-01T14:51:29.2382594Z   < Exit [1m[DeferCleanup (Suite)][0m TOP-LEVEL [38;5;243m- /home/runner/go/pkg/mod/github.com/ava-labs/avalanchego@v1.13.2/tests/fixture/e2e/ginkgo_test_context.go:96 @ 07/01/25 14:51:29.235 (2m0.001s)[0m
2025-07-01T14:51:29.2384262Z [38;5;9m[DeferCleanup (Suite)] [FAILED] [120.001 seconds][0m
2025-07-01T14:51:29.2384905Z [38;5;9m[1m[DeferCleanup (Suite)] [0m
2025-07-01T14:51:29.2386303Z [38;5;243m/home/runner/go/pkg/mod/github.com/ava-labs/avalanchego@v1.13.2/tests/fixture/e2e/ginkgo_test_context.go:96[0m
2025-07-01T14:51:29.2387316Z [38;5;243m------------------------------[0m
2025-07-01T14:51:29.2387883Z [0m[1m[DeferCleanup (Suite)] [0m
2025-07-01T14:51:29.2389171Z [38;5;243m/home/runner/go/pkg/mod/github.com/ava-labs/avalanchego@v1.13.2/tests/fixture/e2e/ginkgo_test_context.go:96[0m
2025-07-01T14:51:29.2391639Z   > Enter [1m[DeferCleanup (Suite)][0m TOP-LEVEL [38;5;243m- /home/runner/go/pkg/mod/github.com/ava-labs/avalanchego@v1.13.2/tests/fixture/e2e/ginkgo_test_context.go:96 @ 07/01/25 14:51:29.235[0m
2025-07-01T14:51:29.2394371Z   < Exit [1m[DeferCleanup (Suite)][0m TOP-LEVEL [38;5;243m- /home/runner/go/pkg/mod/github.com/ava-labs/avalanchego@v1.13.2/tests/fixture/e2e/ginkgo_test_context.go:96 @ 07/01/25 14:51:29.235 (0s)[0m
2025-07-01T14:51:29.2395923Z [38;5;10m[DeferCleanup (Suite)] PASSED [0.000 seconds][0m
2025-07-01T14:51:29.2396715Z [38;5;243m------------------------------[0m
2025-07-01T14:51:29.2397234Z [0m[1m[DeferCleanup (Suite)] [0m
2025-07-01T14:51:29.2398450Z [38;5;243m/home/runner/go/pkg/mod/github.com/ava-labs/avalanchego@v1.13.2/tests/fixture/e2e/ginkgo_test_context.go:96[0m
2025-07-01T14:51:29.2400871Z   > Enter [1m[DeferCleanup (Suite)][0m TOP-LEVEL [38;5;243m- /home/runner/go/pkg/mod/github.com/ava-labs/avalanchego@v1.13.2/tests/fixture/e2e/ginkgo_test_context.go:96 @ 07/01/25 14:51:29.235[0m
2025-07-01T14:51:29.2403642Z   < Exit [1m[DeferCleanup (Suite)][0m TOP-LEVEL [38;5;243m- /home/runner/go/pkg/mod/github.com/ava-labs/avalanchego@v1.13.2/tests/fixture/e2e/ginkgo_test_context.go:96 @ 07/01/25 14:51:29.235 (0s)[0m
2025-07-01T14:51:29.2405215Z [38;5;10m[DeferCleanup (Suite)] PASSED [0.000 seconds][0m
2025-07-01T14:51:29.2405908Z [38;5;243m------------------------------[0m
2025-07-01T14:51:29.2406374Z 
2025-07-01T14:51:29.2406710Z [38;5;9m[1mSummarizing 3 Failures:[0m
2025-07-01T14:51:29.2407469Z   [38;5;9m[FAIL][0m [38;5;9m[1m[SynchronizedBeforeSuite] [0m
2025-07-01T14:51:29.2408705Z   [38;5;243m/home/runner/go/pkg/mod/github.com/stretchr/testify@v1.10.0/assert/assertions.go:1586[0m
2025-07-01T14:51:29.2409769Z   [38;5;9m[FAIL][0m [38;5;9m[1m[DeferCleanup (Suite)] [0m
2025-07-01T14:51:29.2410963Z   [38;5;243m/home/runner/go/pkg/mod/github.com/stretchr/testify@v1.10.0/assert/assertions.go:1586[0m
2025-07-01T14:51:29.2412212Z   [38;5;9m[FAIL][0m [38;5;9m[1m[DeferCleanup (Suite)] [0m
2025-07-01T14:51:29.2413385Z   [38;5;243m/home/runner/go/pkg/mod/github.com/stretchr/testify@v1.10.0/assert/assertions.go:1586[0m
2025-07-01T14:51:29.2414024Z 
2025-07-01T14:51:29.2414407Z [38;5;9m[1mRan 0 of 5 Specs in 240.308 seconds[0m
2025-07-01T14:51:29.2415420Z [38;5;9m[1mFAIL![0m -- [38;5;14m[1mA BeforeSuite node failed so all tests were skipped.[0m
2025-07-01T14:51:29.2416275Z --- FAIL: TestE2E (240.31s)
2025-07-01T14:51:29.2416638Z FAIL
2025-07-01T14:51:29.2551370Z 
2025-07-01T14:51:29.2551837Z Ginkgo ran 1 suite in 4m51.286124267s
2025-07-01T14:51:29.2552210Z 
2025-07-01T14:51:29.2559569Z exit status 1
2025-07-01T14:51:29.2559941Z Test Suite Failed
2025-07-01T14:51:29.2634131Z task: Failed to run task "test-e2e-warp-ci": exit status 1
2025-07-01T14:51:29.2667593Z ##[error]Process completed with exit code 201.
2025-07-01T14:51:29.2708366Z ##[group]Run actions/upload-artifact@v4
2025-07-01T14:51:29.2708625Z with:
2025-07-01T14:51:29.2708821Z   name: warp-tmpnet-data
2025-07-01T14:51:29.2709228Z   path: ~/.tmpnet/networks
~/.tmpnet/prometheus/prometheus.log
~/.tmpnet/promtail/promtail.log

2025-07-01T14:51:29.2709669Z   if-no-files-found: error
2025-07-01T14:51:29.2709888Z   compression-level: 6
2025-07-01T14:51:29.2710089Z   overwrite: false
2025-07-01T14:51:29.2710288Z   include-hidden-files: false
2025-07-01T14:51:29.2710505Z env:
2025-07-01T14:51:29.2710682Z   TMPDIR: /home/runner/work/_temp
2025-07-01T14:51:29.2710908Z ##[endgroup]
2025-07-01T14:51:29.4826581Z Multiple search paths detected. Calculating the least common ancestor of all paths
2025-07-01T14:51:29.4832199Z The least common ancestor is /home/runner/.tmpnet. This will be the root directory of the artifact
2025-07-01T14:51:29.4833521Z With the provided path, there will be 2 files uploaded
2025-07-01T14:51:29.4838574Z Artifact name is valid!
2025-07-01T14:51:29.4840709Z Root directory input is valid!
2025-07-01T14:51:29.5893064Z Beginning upload of artifact content to blob storage
2025-07-01T14:51:29.6306333Z Uploaded bytes 1651
2025-07-01T14:51:29.6434471Z Finished uploading artifact content to blob storage!
2025-07-01T14:51:29.6438493Z SHA256 digest of uploaded artifact zip is 14bc3c541d2de2b26e1022c572db46b8a52400b63577874ebbe25ff6b9ac2129
2025-07-01T14:51:29.6439803Z Finalizing artifact upload
2025-07-01T14:51:29.7382942Z Artifact warp-tmpnet-data.zip successfully finalized. Artifact ID 3441732207
2025-07-01T14:51:29.7384692Z Artifact warp-tmpnet-data has been successfully uploaded! Final size is 1651 bytes. Artifact ID is 3441732207
2025-07-01T14:51:29.7390812Z Artifact download URL: https://github.com/ava-labs/subnet-evm/actions/runs/16002582210/artifacts/3441732207
