2025-07-01T16:09:21.7788790Z Current runner version: '2.325.0'
2025-07-01T16:09:21.7815017Z ##[group]Runner Image Provisioner
2025-07-01T16:09:21.7815866Z Hosted Compute Agent
2025-07-01T16:09:21.7816556Z Version: 20250620.352
2025-07-01T16:09:21.7817185Z Commit: f262f3aba23b10ea191b2a62bdee1ca4c3d344da
2025-07-01T16:09:21.7817921Z Build Date: 2025-06-20T19:27:17Z
2025-07-01T16:09:21.7818487Z ##[endgroup]
2025-07-01T16:09:21.7819041Z ##[group]Operating System
2025-07-01T16:09:21.7819666Z Ubuntu
2025-07-01T16:09:21.7820153Z 24.04.2
2025-07-01T16:09:21.7820582Z LTS
2025-07-01T16:09:21.7821073Z ##[endgroup]
2025-07-01T16:09:21.7821908Z ##[group]Runner Image
2025-07-01T16:09:21.7822508Z Image: ubuntu-24.04
2025-07-01T16:09:21.7823042Z Version: 20250622.1.0
2025-07-01T16:09:21.7824076Z Included Software: https://github.com/actions/runner-images/blob/ubuntu24/20250622.1/images/ubuntu/Ubuntu2404-Readme.md
2025-07-01T16:09:21.7825755Z Image Release: https://github.com/actions/runner-images/releases/tag/ubuntu24%2F20250622.1
2025-07-01T16:09:21.7826799Z ##[endgroup]
2025-07-01T16:09:21.7829288Z ##[group]GITHUB_TOKEN Permissions
2025-07-01T16:09:21.7831749Z Actions: write
2025-07-01T16:09:21.7832343Z Attestations: write
2025-07-01T16:09:21.7833023Z Checks: write
2025-07-01T16:09:21.7833541Z Contents: write
2025-07-01T16:09:21.7834047Z Deployments: write
2025-07-01T16:09:21.7834604Z Discussions: write
2025-07-01T16:09:21.7835119Z Issues: write
2025-07-01T16:09:21.7835617Z Metadata: read
2025-07-01T16:09:21.7836214Z Models: read
2025-07-01T16:09:21.7836690Z Packages: write
2025-07-01T16:09:21.7837309Z Pages: write
2025-07-01T16:09:21.7837877Z PullRequests: write
2025-07-01T16:09:21.7838424Z RepositoryProjects: write
2025-07-01T16:09:21.7838960Z SecurityEvents: write
2025-07-01T16:09:21.7839710Z Statuses: write
2025-07-01T16:09:21.7840231Z ##[endgroup]
2025-07-01T16:09:21.7842854Z Secret source: Actions
2025-07-01T16:09:21.7843597Z Prepare workflow directory
2025-07-01T16:09:21.8304801Z Prepare all required actions
2025-07-01T16:09:21.8362581Z Getting action download info
2025-07-01T16:09:22.1980271Z ##[group]Download immutable action package 'actions/checkout@v4'
2025-07-01T16:09:22.1981344Z Version: 4.2.2
2025-07-01T16:09:22.1982738Z Digest: sha256:ccb2698953eaebd21c7bf6268a94f9c26518a7e38e27e0b83c1fe1ad049819b1
2025-07-01T16:09:22.1984335Z Source commit SHA: 11bd71901bbe5b1630ceea73d27597364c9af683
2025-07-01T16:09:22.1985122Z ##[endgroup]
2025-07-01T16:09:22.2860906Z ##[group]Download immutable action package 'actions/setup-go@v5'
2025-07-01T16:09:22.2862620Z Version: 5.5.0
2025-07-01T16:09:22.2864081Z Digest: sha256:f5eeb2233d0c6714b5236de9b44ad0b935014e15eeab3c28d73dc44c1c641ebb
2025-07-01T16:09:22.2865701Z Source commit SHA: d35c59abb061a4a6fb18e82ac0862c26744d6ab5
2025-07-01T16:09:22.2866549Z ##[endgroup]
2025-07-01T16:09:22.5499874Z Download action repository 'ava-labs/avalanchego@092cf182dd92b66a8ab882b657d3ae52b174c913' (SHA:092cf182dd92b66a8ab882b657d3ae52b174c913)
2025-07-01T16:09:23.7886515Z Getting action download info
2025-07-01T16:09:23.9788038Z Download action repository 'cachix/install-nix-action@02a151ada4993995686f9ed4f1be7cfbb229e56f' (SHA:02a151ada4993995686f9ed4f1be7cfbb229e56f)
2025-07-01T16:09:24.2813171Z ##[group]Download immutable action package 'actions/upload-artifact@v4'
2025-07-01T16:09:24.2814784Z Version: 4.6.2
2025-07-01T16:09:24.2816252Z Digest: sha256:290722aa3281d5caf23d0acdc3dbeb3424786a1a01a9cc97e72f147225e37c38
2025-07-01T16:09:24.2818182Z Source commit SHA: ea165f8d65b6e75b540449e92b4886f43607fa02
2025-07-01T16:09:24.2819530Z ##[endgroup]
2025-07-01T16:09:24.4469894Z Complete job name: e2e load tests
2025-07-01T16:09:24.5320444Z ##[group]Run actions/checkout@v4
2025-07-01T16:09:24.5321966Z with:
2025-07-01T16:09:24.5322739Z   fetch-depth: 0
2025-07-01T16:09:24.5323599Z   repository: ava-labs/subnet-evm
2025-07-01T16:09:24.5324956Z   token: ***
2025-07-01T16:09:24.5325732Z   ssh-strict: true
2025-07-01T16:09:24.5326545Z   ssh-user: git
2025-07-01T16:09:24.5327367Z   persist-credentials: true
2025-07-01T16:09:24.5328286Z   clean: true
2025-07-01T16:09:24.5329398Z   sparse-checkout-cone-mode: true
2025-07-01T16:09:24.5330413Z   fetch-tags: false
2025-07-01T16:09:24.5331259Z   show-progress: true
2025-07-01T16:09:24.5332222Z   lfs: false
2025-07-01T16:09:24.5333010Z   submodules: false
2025-07-01T16:09:24.5333854Z   set-safe-directory: true
2025-07-01T16:09:24.5335070Z ##[endgroup]
2025-07-01T16:09:24.6458303Z Syncing repository: ava-labs/subnet-evm
2025-07-01T16:09:24.6461242Z ##[group]Getting Git version info
2025-07-01T16:09:24.6462944Z Working directory is '/home/runner/work/subnet-evm/subnet-evm'
2025-07-01T16:09:24.6465784Z [command]/usr/bin/git version
2025-07-01T16:09:24.6493392Z git version 2.49.0
2025-07-01T16:09:24.6519705Z ##[endgroup]
2025-07-01T16:09:24.6535247Z Temporarily overriding HOME='/home/runner/work/_temp/66d9466b-90e6-4baf-8b3b-c99458dded1d' before making global git config changes
2025-07-01T16:09:24.6537849Z Adding repository directory to the temporary git global config as a safe directory
2025-07-01T16:09:24.6542120Z [command]/usr/bin/git config --global --add safe.directory /home/runner/work/subnet-evm/subnet-evm
2025-07-01T16:09:24.6578499Z Deleting the contents of '/home/runner/work/subnet-evm/subnet-evm'
2025-07-01T16:09:24.6582260Z ##[group]Initializing the repository
2025-07-01T16:09:24.6587410Z [command]/usr/bin/git init /home/runner/work/subnet-evm/subnet-evm
2025-07-01T16:09:24.6646653Z hint: Using 'master' as the name for the initial branch. This default branch name
2025-07-01T16:09:24.6648643Z hint: is subject to change. To configure the initial branch name to use in all
2025-07-01T16:09:24.6651099Z hint: of your new repositories, which will suppress this warning, call:
2025-07-01T16:09:24.6653683Z hint:
2025-07-01T16:09:24.6655306Z hint: 	git config --global init.defaultBranch <name>
2025-07-01T16:09:24.6657282Z hint:
2025-07-01T16:09:24.6659135Z hint: Names commonly chosen instead of 'master' are 'main', 'trunk' and
2025-07-01T16:09:24.6662452Z hint: 'development'. The just-created branch can be renamed via this command:
2025-07-01T16:09:24.6664978Z hint:
2025-07-01T16:09:24.6666266Z hint: 	git branch -m <name>
2025-07-01T16:09:24.6668604Z Initialized empty Git repository in /home/runner/work/subnet-evm/subnet-evm/.git/
2025-07-01T16:09:24.6673061Z [command]/usr/bin/git remote add origin https://github.com/ava-labs/subnet-evm
2025-07-01T16:09:24.6697548Z ##[endgroup]
2025-07-01T16:09:24.6698953Z ##[group]Disabling automatic garbage collection
2025-07-01T16:09:24.6702118Z [command]/usr/bin/git config --local gc.auto 0
2025-07-01T16:09:24.6731012Z ##[endgroup]
2025-07-01T16:09:24.6733481Z ##[group]Setting up auth
2025-07-01T16:09:24.6739312Z [command]/usr/bin/git config --local --name-only --get-regexp core\.sshCommand
2025-07-01T16:09:24.6770238Z [command]/usr/bin/git submodule foreach --recursive sh -c "git config --local --name-only --get-regexp 'core\.sshCommand' && git config --local --unset-all 'core.sshCommand' || :"
2025-07-01T16:09:24.7034870Z [command]/usr/bin/git config --local --name-only --get-regexp http\.https\:\/\/github\.com\/\.extraheader
2025-07-01T16:09:24.7065192Z [command]/usr/bin/git submodule foreach --recursive sh -c "git config --local --name-only --get-regexp 'http\.https\:\/\/github\.com\/\.extraheader' && git config --local --unset-all 'http.https://github.com/.extraheader' || :"
2025-07-01T16:09:24.7290223Z [command]/usr/bin/git config --local http.https://github.com/.extraheader AUTHORIZATION: basic ***
2025-07-01T16:09:24.7329711Z ##[endgroup]
2025-07-01T16:09:24.7331104Z ##[group]Fetching the repository
2025-07-01T16:09:24.7341152Z [command]/usr/bin/git -c protocol.version=2 fetch --prune --no-recurse-submodules origin +refs/heads/*:refs/remotes/origin/* +refs/tags/*:refs/tags/* +24d42c4a5aa0c26b2727d8d8210c4ae7db4855fd:refs/remotes/pull/1610/merge
2025-07-01T16:09:37.6941092Z From https://github.com/ava-labs/subnet-evm
2025-07-01T16:09:37.6942361Z  * [new branch]          0.7.2-avalanchego-v1.13.0-fuji-rc.2 -> origin/0.7.2-avalanchego-v1.13.0-fuji-rc.2
2025-07-01T16:09:37.6944019Z  * [new branch]          HelloWorldOfficialTutorial -> origin/HelloWorldOfficialTutorial
2025-07-01T16:09:37.6944841Z  * [new branch]          abi-fuzz-testing          -> origin/abi-fuzz-testing
2025-07-01T16:09:37.6945696Z  * [new branch]          abi-standardize           -> origin/abi-standardize
2025-07-01T16:09:37.6949099Z  * [new branch]          acceptor-queue            -> origin/acceptor-queue
2025-07-01T16:09:37.6949959Z  * [new branch]          acp-176                   -> origin/acp-176
2025-07-01T16:09:37.6951133Z  * [new branch]          acp-176-config            -> origin/acp-176-config
2025-07-01T16:09:37.6954241Z  * [new branch]          add-aggregator-unit-test  -> origin/add-aggregator-unit-test
2025-07-01T16:09:37.6956543Z  * [new branch]          add-cpu-profiling         -> origin/add-cpu-profiling
2025-07-01T16:09:37.6958490Z  * [new branch]          add-cross-chain-request-to-s-evm -> origin/add-cross-chain-request-to-s-evm
2025-07-01T16:09:37.6960430Z  * [new branch]          add-else                  -> origin/add-else
2025-07-01T16:09:37.6963584Z  * [new branch]          add-manager-role          -> origin/add-manager-role
2025-07-01T16:09:37.6966103Z  * [new branch]          add-max-cache-size        -> origin/add-max-cache-size
2025-07-01T16:09:37.6967878Z  * [new branch]          add-more-unit-tests-for-aggregator -> origin/add-more-unit-tests-for-aggregator
2025-07-01T16:09:37.6969873Z  * [new branch]          add-pong-request-to-s-evm -> origin/add-pong-request-to-s-evm
2025-07-01T16:09:37.6972185Z  * [new branch]          addTestScript             -> origin/addTestScript
2025-07-01T16:09:37.6975370Z  * [new branch]          ago-v1.7.17               -> origin/ago-v1.7.17
2025-07-01T16:09:37.6977036Z  * [new branch]          alarso16/acp176-config    -> origin/alarso16/acp176-config
2025-07-01T16:09:37.6981414Z  * [new branch]          align-big2                -> origin/align-big2
2025-07-01T16:09:37.6982415Z  * [new branch]          align-block-request       -> origin/align-block-request
2025-07-01T16:09:37.6984838Z  * [new branch]          always-sign-uptime        -> origin/always-sign-uptime
2025-07-01T16:09:37.6986139Z  * [new branch]          always-sign-validator-uptimes -> origin/always-sign-validator-uptimes
2025-07-01T16:09:37.6987801Z  * [new branch]          anr-functionality-test    -> origin/anr-functionality-test
2025-07-01T16:09:37.6990696Z  * [new branch]          anusha-test-remote-sync   -> origin/anusha-test-remote-sync
2025-07-01T16:09:37.6993375Z  * [new branch]          anusha-test-remove-verify -> origin/anusha-test-remove-verify
2025-07-01T16:09:37.6996576Z  * [new branch]          arr4n/allowlist-refactor  -> origin/arr4n/allowlist-refactor
2025-07-01T16:09:37.6999862Z  * [new branch]          arr4n/circular-dep-types-precompiles -> origin/arr4n/circular-dep-types-precompiles
2025-07-01T16:09:37.7001265Z  * [new branch]          arr4n/geth-1.13.14        -> origin/arr4n/geth-1.13.14
2025-07-01T16:09:37.7005270Z  * [new branch]          arr4n/geth-1.13.14-squashed -> origin/arr4n/geth-1.13.14-squashed
2025-07-01T16:09:37.7006355Z  * [new branch]          arr4n/gethclone           -> origin/arr4n/gethclone
2025-07-01T16:09:37.7010254Z  * [new branch]          arr4n/gethclone-extension -> origin/arr4n/gethclone-extension
2025-07-01T16:09:37.7012671Z  * [new branch]          arr4n/gethclone-stateful-precompiles -> origin/arr4n/gethclone-stateful-precompiles
2025-07-01T16:09:37.7014513Z  * [new branch]          arr4n/move-precompile-interfaces -> origin/arr4n/move-precompile-interfaces
2025-07-01T16:09:37.7016754Z  * [new branch]          arr4n/precompile-go-tests -> origin/arr4n/precompile-go-tests
2025-07-01T16:09:37.7018485Z  * [new branch]          arr4n/solc-downloader     -> origin/arr4n/solc-downloader
2025-07-01T16:09:37.7020230Z  * [new branch]          ava-lru                   -> origin/ava-lru
2025-07-01T16:09:37.7023305Z  * [new branch]          avago-databaseconfig      -> origin/avago-databaseconfig
2025-07-01T16:09:37.7025625Z  * [new branch]          avagobump-for-relayer     -> origin/avagobump-for-relayer
2025-07-01T16:09:37.7027353Z  * [new branch]          avalanche-boundaries      -> origin/avalanche-boundaries
2025-07-01T16:09:37.7029292Z  * [new branch]          avalanchego-v1.9.2        -> origin/avalanchego-v1.9.2
2025-07-01T16:09:37.7031983Z  * [new branch]          awm-precompile-interface  -> origin/awm-precompile-interface
2025-07-01T16:09:37.7034806Z  * [new branch]          awm-precompile-interface-nits -> origin/awm-precompile-interface-nits
2025-07-01T16:09:37.7036369Z  * [new branch]          batch-inner               -> origin/batch-inner
2025-07-01T16:09:37.7038471Z  * [new branch]          bench-storage-trie        -> origin/bench-storage-trie
2025-07-01T16:09:37.7040660Z  * [new branch]          bench-study               -> origin/bench-study
2025-07-01T16:09:37.7042755Z  * [new branch]          break-cyclic              -> origin/break-cyclic
2025-07-01T16:09:37.7045059Z  * [new branch]          bump-ago                  -> origin/bump-ago
2025-07-01T16:09:37.7047219Z  * [new branch]          bump-anr-nits             -> origin/bump-anr-nits
2025-07-01T16:09:37.7049333Z  * [new branch]          bump-avago-master         -> origin/bump-avago-master
2025-07-01T16:09:37.7052228Z  * [new branch]          bump-avalanchego-c-chain-warp -> origin/bump-avalanchego-c-chain-warp
2025-07-01T16:09:37.7054208Z  * [new branch]          changes-to-requester      -> origin/changes-to-requester
2025-07-01T16:09:37.7056365Z  * [new branch]          check-code-scanning       -> origin/check-code-scanning
2025-07-01T16:09:37.7058901Z  * [new branch]          ci-enabled-fuzz           -> origin/ci-enabled-fuzz
2025-07-01T16:09:37.7061174Z  * [new branch]          cleanup-client            -> origin/cleanup-client
2025-07-01T16:09:37.7063913Z  * [new branch]          cleanup-jobs              -> origin/cleanup-jobs
2025-07-01T16:09:37.7066247Z  * [new branch]          cleanup-upgrades          -> origin/cleanup-upgrades
2025-07-01T16:09:37.7068832Z  * [new branch]          config-mainnet-warp-optimization -> origin/config-mainnet-warp-optimization
2025-07-01T16:09:37.7070178Z  * [new branch]          config-test-suites        -> origin/config-test-suites
2025-07-01T16:09:37.7072647Z  * [new branch]          configurable-suggestpriceoptions -> origin/configurable-suggestpriceoptions
2025-07-01T16:09:37.7074663Z  * [new branch]          containerize-vm-runtime   -> origin/containerize-vm-runtime
2025-07-01T16:09:37.7076508Z  * [new branch]          coreth-0.12.4-sync-x      -> origin/coreth-0.12.4-sync-x
2025-07-01T16:09:37.7078923Z  * [new branch]          coreth-diff               -> origin/coreth-diff
2025-07-01T16:09:37.7081038Z  * [new branch]          coreth-diff-script        -> origin/coreth-diff-script
2025-07-01T16:09:37.7083795Z  * [new branch]          coreth-merge              -> origin/coreth-merge
2025-07-01T16:09:37.7086021Z  * [new branch]          coreth-test-0             -> origin/coreth-test-0
2025-07-01T16:09:37.7088376Z  * [new branch]          custom-log-format         -> origin/custom-log-format
2025-07-01T16:09:37.7091966Z  * [new branch]          darioush/simplify-ci-monitoring -> origin/darioush/simplify-ci-monitoring
2025-07-01T16:09:37.7093797Z  * [new branch]          debian-update-to-debian12 -> origin/debian-update-to-debian12
2025-07-01T16:09:37.7095903Z  * [new branch]          debug-cache-rate          -> origin/debug-cache-rate
2025-07-01T16:09:37.7098232Z  * [new branch]          debug-fee-config-manager  -> origin/debug-fee-config-manager
2025-07-01T16:09:37.7100866Z  * [new branch]          decouple-precompiles      -> origin/decouple-precompiles
2025-07-01T16:09:37.7102840Z  * [new branch]          decouple-precompiles-0    -> origin/decouple-precompiles-0
2025-07-01T16:09:37.7105333Z  * [new branch]          default-rejournal         -> origin/default-rejournal
2025-07-01T16:09:37.7108112Z  * [new branch]          delete-redundant-tests    -> origin/delete-redundant-tests
2025-07-01T16:09:37.7110680Z  * [new branch]          deleteme                  -> origin/deleteme
2025-07-01T16:09:37.7115787Z  * [new branch]          dependabot/github_actions/docker/setup-buildx-action-3.11.1 -> origin/dependabot/github_actions/docker/setup-buildx-action-3.11.1
2025-07-01T16:09:37.7119503Z  * [new branch]          dependabot/github_actions/github/codeql-action-3.29.1 -> origin/dependabot/github_actions/github/codeql-action-3.29.1
2025-07-01T16:09:37.7122711Z  * [new branch]          dependabot/github_actions/golangci/golangci-lint-action-6.5.2 -> origin/dependabot/github_actions/golangci/golangci-lint-action-6.5.2
2025-07-01T16:09:37.7126448Z  * [new branch]          dependabot/github_actions/goreleaser/goreleaser-action-6.3.0 -> origin/dependabot/github_actions/goreleaser/goreleaser-action-6.3.0
2025-07-01T16:09:37.7130835Z  * [new branch]          dependabot/go_modules/github.com/antithesishq/antithesis-sdk-go-0.4.3 -> origin/dependabot/go_modules/github.com/antithesishq/antithesis-sdk-go-0.4.3
2025-07-01T16:09:37.7133464Z  * [new branch]          dependabot/go_modules/github.com/docker/docker-24.0.6incompatible -> origin/dependabot/go_modules/github.com/docker/docker-24.0.6incompatible
2025-07-01T16:09:37.7135465Z  * [new branch]          dependabot/go_modules/github.com/go-cmd/cmd-1.4.3 -> origin/dependabot/go_modules/github.com/go-cmd/cmd-1.4.3
2025-07-01T16:09:37.7139346Z  * [new branch]          dependabot/go_modules/github.com/gorilla/rpc-1.2.1 -> origin/dependabot/go_modules/github.com/gorilla/rpc-1.2.1
2025-07-01T16:09:37.7142036Z  * [new branch]          dependabot/go_modules/github.com/spf13/viper-1.20.1 -> origin/dependabot/go_modules/github.com/spf13/viper-1.20.1
2025-07-01T16:09:37.7145968Z  * [new branch]          dependabot/npm_and_yarn/contracts/base-x-3.0.11 -> origin/dependabot/npm_and_yarn/contracts/base-x-3.0.11
2025-07-01T16:09:37.7148129Z  * [new branch]          dependabot/npm_and_yarn/contracts/multi-456de2e4f1 -> origin/dependabot/npm_and_yarn/contracts/multi-456de2e4f1
2025-07-01T16:09:37.7150516Z  * [new branch]          dependabot/npm_and_yarn/contracts/multi-997cdae7c5 -> origin/dependabot/npm_and_yarn/contracts/multi-997cdae7c5
2025-07-01T16:09:37.7153288Z  * [new branch]          dependabot/npm_and_yarn/contracts/multi-d371db0872 -> origin/dependabot/npm_and_yarn/contracts/multi-d371db0872
2025-07-01T16:09:37.7155592Z  * [new branch]          dependabot/npm_and_yarn/contracts/pbkdf2-3.1.3 -> origin/dependabot/npm_and_yarn/contracts/pbkdf2-3.1.3
2025-07-01T16:09:37.7158907Z  * [new branch]          dependabot/npm_and_yarn/contracts/secp256k1-4.0.4 -> origin/dependabot/npm_and_yarn/contracts/secp256k1-4.0.4
2025-07-01T16:09:37.7160180Z  * [new branch]          dev-setup-testing         -> origin/dev-setup-testing
2025-07-01T16:09:37.7163137Z  * [new branch]          docker-tag                -> origin/docker-tag
2025-07-01T16:09:37.7166029Z  * [new branch]          docs/avalanche-ops        -> origin/docs/avalanche-ops
2025-07-01T16:09:37.7168254Z  * [new branch]          e2e                       -> origin/e2e
2025-07-01T16:09:37.7170602Z  * [new branch]          e2e-testing-s-evm         -> origin/e2e-testing-s-evm
2025-07-01T16:09:37.7173341Z  * [new branch]          e2e-to-tmpnet-x           -> origin/e2e-to-tmpnet-x
2025-07-01T16:09:37.7175851Z  * [new branch]          e2e-use-local-uri         -> origin/e2e-use-local-uri
2025-07-01T16:09:37.7178053Z  * [new branch]          e2e-verbose-logging       -> origin/e2e-verbose-logging
2025-07-01T16:09:37.7180437Z  * [new branch]          e2e-warp-to-tmpnet-x      -> origin/e2e-warp-to-tmpnet-x
2025-07-01T16:09:37.7183656Z  * [new branch]          eth-call-depth-metrics    -> origin/eth-call-depth-metrics
2025-07-01T16:09:37.7186298Z  * [new branch]          feature/ci-avago-commitish -> origin/feature/ci-avago-commitish
2025-07-01T16:09:37.7188739Z  * [new branch]          final-changes-ccr-send    -> origin/final-changes-ccr-send
2025-07-01T16:09:37.7191646Z  * [new branch]          fix-antithesis-image-build -> origin/fix-antithesis-image-build
2025-07-01T16:09:37.7194606Z  * [new branch]          fix-build-protobuf        -> origin/fix-build-protobuf
2025-07-01T16:09:37.7196997Z  * [new branch]          fix-contexts              -> origin/fix-contexts
2025-07-01T16:09:37.7199525Z  * [new branch]          fix-docker-binaries-2     -> origin/fix-docker-binaries-2
2025-07-01T16:09:37.7202078Z  * [new branch]          fix-docker-push           -> origin/fix-docker-push
2025-07-01T16:09:37.7204582Z  * [new branch]          fix-goreleaser            -> origin/fix-goreleaser
2025-07-01T16:09:37.7207537Z  * [new branch]          fix-goroutine-leak        -> origin/fix-goroutine-leak
2025-07-01T16:09:37.7209817Z  * [new branch]          fix-issuance              -> origin/fix-issuance
2025-07-01T16:09:37.7212590Z  * [new branch]          fix-load-test             -> origin/fix-load-test
2025-07-01T16:09:37.7215322Z  * [new branch]          fix-shutdown-hang         -> origin/fix-shutdown-hang
2025-07-01T16:09:37.7217856Z  * [new branch]          fix-size-checks           -> origin/fix-size-checks
2025-07-01T16:09:37.7220356Z  * [new branch]          fix-v1.13.0-fuji-rc.2     -> origin/fix-v1.13.0-fuji-rc.2
2025-07-01T16:09:37.7223536Z  * [new branch]          fix-verdb                 -> origin/fix-verdb
2025-07-01T16:09:37.7225794Z  * [new branch]          fix-warp-events           -> origin/fix-warp-events
2025-07-01T16:09:37.7227874Z  * [new branch]          fuji-warp                 -> origin/fuji-warp
2025-07-01T16:09:37.7230771Z  * [new branch]          geth-master               -> origin/geth-master
2025-07-01T16:09:37.7233360Z  * [new branch]          geth-v.13.2-x             -> origin/geth-v.13.2-x
2025-07-01T16:09:37.7235540Z  * [new branch]          geth-v1.12.2-x            -> origin/geth-v1.12.2-x
2025-07-01T16:09:37.7237735Z  * [new branch]          geth-v1.13.14-sq          -> origin/geth-v1.13.14-sq
2025-07-01T16:09:37.7239966Z  * [new branch]          geth-v1.13.14-sq-arr4n-sq -> origin/geth-v1.13.14-sq-arr4n-sq
2025-07-01T16:09:37.7242627Z  * [new branch]          geth-v1.13.2-squashed-diff -> origin/geth-v1.13.2-squashed-diff
2025-07-01T16:09:37.7244923Z  * [new branch]          geth-v1.14.7              -> origin/geth-v1.14.7
2025-07-01T16:09:37.7247340Z  * [new branch]          geth-v1.14.7-sq           -> origin/geth-v1.14.7-sq
2025-07-01T16:09:37.7249796Z  * [new branch]          geth-v1.14.7-sq-reset     -> origin/geth-v1.14.7-sq-reset
2025-07-01T16:09:37.7254084Z  * [new branch]          gh-readonly-queue/master/pr-1557-8b0ef322b993fea02a4341fe023b31424388ac17 -> origin/gh-readonly-queue/master/pr-1557-8b0ef322b993fea02a4341fe023b31424388ac17
2025-07-01T16:09:37.7255887Z  * [new branch]          go-ethereum-1.11.4        -> origin/go-ethereum-1.11.4
2025-07-01T16:09:37.7257369Z  * [new branch]          handshake-codec           -> origin/handshake-codec
2025-07-01T16:09:37.7259883Z  * [new branch]          handshake-codec-deterministic-json -> origin/handshake-codec-deterministic-json
2025-07-01T16:09:37.7262877Z  * [new branch]          hello-world-tutorial-walkthrough -> origin/hello-world-tutorial-walkthrough
2025-07-01T16:09:37.7265806Z  * [new branch]          helloworld-official-tutorial-v2 -> origin/helloworld-official-tutorial-v2
2025-07-01T16:09:37.7268945Z  * [new branch]          helloworld-official-tutorial-v2-generate-test -> origin/helloworld-official-tutorial-v2-generate-test
2025-07-01T16:09:37.7270416Z  * [new branch]          iface-dependency          -> origin/iface-dependency
2025-07-01T16:09:37.7272873Z  * [new branch]          improve-log-v0.5.3        -> origin/improve-log-v0.5.3
2025-07-01T16:09:37.7275448Z  * [new branch]          inspector                 -> origin/inspector
2025-07-01T16:09:37.7277315Z  * [new branch]          journal-clean             -> origin/journal-clean
2025-07-01T16:09:37.7280907Z  * [new branch]          libevm                    -> origin/libevm
2025-07-01T16:09:37.7283435Z  * [new branch]          libevm-sync-codeql        -> origin/libevm-sync-codeql
2025-07-01T16:09:37.7286122Z  * [new branch]          load-test-best-config     -> origin/load-test-best-config
2025-07-01T16:09:37.7289178Z  * [new branch]          loadtestN                 -> origin/loadtestN
2025-07-01T16:09:37.7292009Z  * [new branch]          macos-goreleaser          -> origin/macos-goreleaser
2025-07-01T16:09:37.7294893Z  * [new branch]          master                    -> origin/master
2025-07-01T16:09:37.7297496Z  * [new branch]          merge-coreth-master       -> origin/merge-coreth-master
2025-07-01T16:09:37.7300225Z  * [new branch]          merge-geth                -> origin/merge-geth
2025-07-01T16:09:37.7303132Z  * [new branch]          merge-master-libevm-387bbc1 -> origin/merge-master-libevm-387bbc1
2025-07-01T16:09:37.7305819Z  * [new branch]          merkledb-experiment-y     -> origin/merkledb-experiment-y
2025-07-01T16:09:37.7308349Z  * [new branch]          migrate-coreth-v0.8.16-rc2 -> origin/migrate-coreth-v0.8.16-rc2
2025-07-01T16:09:37.7310251Z  * [new branch]          migrate-hardhat-to-ds-test-backup -> origin/migrate-hardhat-to-ds-test-backup
2025-07-01T16:09:37.7313411Z  * [new branch]          move-ci-tasks             -> origin/move-ci-tasks
2025-07-01T16:09:37.7316019Z  * [new branch]          move-gas-limit-simplify   -> origin/move-gas-limit-simplify
2025-07-01T16:09:37.7318764Z  * [new branch]          multicoin-idea            -> origin/multicoin-idea
2025-07-01T16:09:37.7321171Z  * [new branch]          new-block-context-err     -> origin/new-block-context-err
2025-07-01T16:09:37.7324943Z  * [new branch]          nits-arr4n/geth-1.13.14   -> origin/nits-arr4n/geth-1.13.14
2025-07-01T16:09:37.7326302Z  * [new branch]          no-improvements           -> origin/no-improvements
2025-07-01T16:09:37.7328874Z  * [new branch]          off-chain-warp-messages   -> origin/off-chain-warp-messages
2025-07-01T16:09:37.7331401Z  * [new branch]          offchain-message-logging  -> origin/offchain-message-logging
2025-07-01T16:09:37.7334494Z  * [new branch]          only-load-test-ginkgo     -> origin/only-load-test-ginkgo
2025-07-01T16:09:37.7337085Z  * [new branch]          overflows-revisited       -> origin/overflows-revisited
2025-07-01T16:09:37.7339916Z  * [new branch]          parse-genesis             -> origin/parse-genesis
2025-07-01T16:09:37.7342418Z  * [new branch]          peer-tracker-test         -> origin/peer-tracker-test
2025-07-01T16:09:37.7344913Z  * [new branch]          pod-yaml                  -> origin/pod-yaml
2025-07-01T16:09:37.7347568Z  * [new branch]          precompile-hello-world    -> origin/precompile-hello-world
2025-07-01T16:09:37.7350645Z  * [new branch]          precompile-template-testing -> origin/precompile-template-testing
2025-07-01T16:09:37.7353531Z  * [new branch]          precompile-tutorial-only  -> origin/precompile-tutorial-only
2025-07-01T16:09:37.7359324Z  * [new branch]          pruning                   -> origin/pruning
2025-07-01T16:09:37.7361061Z  * [new branch]          readmesubnet              -> origin/readmesubnet
2025-07-01T16:09:37.7362007Z  * [new branch]          refactor-config           -> origin/refactor-config
2025-07-01T16:09:37.7365661Z  * [new branch]          refactor-e2e-tests-5-node-network-bash -> origin/refactor-e2e-tests-5-node-network-bash
2025-07-01T16:09:37.7368549Z  * [new branch]          refactored-warp-precompile -> origin/refactored-warp-precompile
2025-07-01T16:09:37.7371131Z  * [new branch]          release-v0.6.4-fix-pebble -> origin/release-v0.6.4-fix-pebble
2025-07-01T16:09:37.7374880Z  * [new branch]          remote-docs               -> origin/remote-docs
2025-07-01T16:09:37.7377220Z  * [new branch]          remove-codeowner          -> origin/remove-codeowner
2025-07-01T16:09:37.7379967Z  * [new branch]          remove-get-message        -> origin/remove-get-message
2025-07-01T16:09:37.7381279Z  * [new branch]          remove-status             -> origin/remove-status
2025-07-01T16:09:37.7384212Z  * [new branch]          remove-unused-mux         -> origin/remove-unused-mux
2025-07-01T16:09:37.7386667Z  * [new branch]          remove-vm-dead-code       -> origin/remove-vm-dead-code
2025-07-01T16:09:37.7389589Z  * [new branch]          reprocess-before-setpreference -> origin/reprocess-before-setpreference
2025-07-01T16:09:37.7391029Z  * [new branch]          reproduceable-ci          -> origin/reproduceable-ci
2025-07-01T16:09:37.7393650Z  * [new branch]          return-bytes              -> origin/return-bytes
2025-07-01T16:09:37.7396026Z  * [new branch]          run-linter                -> origin/run-linter
2025-07-01T16:09:37.7398471Z  * [new branch]          safe-balance-ops          -> origin/safe-balance-ops
2025-07-01T16:09:37.7400852Z  * [new branch]          sanity                    -> origin/sanity
2025-07-01T16:09:37.7403431Z  * [new branch]          send-multiple-gossip-txs  -> origin/send-multiple-gossip-txs
2025-07-01T16:09:37.7406221Z  * [new branch]          separate-precompiles      -> origin/separate-precompiles
2025-07-01T16:09:37.7408669Z  * [new branch]          separate-upgradeconfig    -> origin/separate-upgradeconfig
2025-07-01T16:09:37.7411675Z  * [new branch]          serialize-upgrade-config  -> origin/serialize-upgrade-config
2025-07-01T16:09:37.7414356Z  * [new branch]          setup-framework-for-ds-test -> origin/setup-framework-for-ds-test
2025-07-01T16:09:37.7416957Z  * [new branch]          shared-memory-precompile  -> origin/shared-memory-precompile
2025-07-01T16:09:37.7418486Z  * [new branch]          shared-memory-precompiles-regen0 -> origin/shared-memory-precompiles-regen0
2025-07-01T16:09:37.7421082Z  * [new branch]          simulator-2               -> origin/simulator-2
2025-07-01T16:09:37.7423851Z  * [new branch]          single-node-e2e-w         -> origin/single-node-e2e-w
2025-07-01T16:09:37.7426626Z  * [new branch]          single-predicate-verify-test -> origin/single-predicate-verify-test
2025-07-01T16:09:37.7429259Z  * [new branch]          specify-default-hashdb    -> origin/specify-default-hashdb
2025-07-01T16:09:37.7431941Z  * [new branch]          split-extra-data          -> origin/split-extra-data
2025-07-01T16:09:37.7433307Z  * [new branch]          start-release-cycle       -> origin/start-release-cycle
2025-07-01T16:09:37.7435931Z  * [new branch]          statesync-e2e             -> origin/statesync-e2e
2025-07-01T16:09:37.7438232Z  * [new branch]          subnet-evm-002            -> origin/subnet-evm-002
2025-07-01T16:09:37.7440702Z  * [new branch]          subnet-evm-002-wagmi      -> origin/subnet-evm-002-wagmi
2025-07-01T16:09:37.7443683Z  * [new branch]          subnet-evm-pod            -> origin/subnet-evm-pod
2025-07-01T16:09:37.7446175Z  * [new branch]          subnet-evm-rename-coreth  -> origin/subnet-evm-rename-coreth
2025-07-01T16:09:37.7448703Z  * [new branch]          sync-coreth-v0.12.4-rc0-xx -> origin/sync-coreth-v0.12.4-rc0-xx
2025-07-01T16:09:37.7451169Z  * [new branch]          teleporter-demo           -> origin/teleporter-demo
2025-07-01T16:09:37.7454273Z  * [new branch]          teleporter-demo-mod-sig-response -> origin/teleporter-demo-mod-sig-response
2025-07-01T16:09:37.7456886Z  * [new branch]          test-ago                  -> origin/test-ago
2025-07-01T16:09:37.7459275Z  * [new branch]          test-avago-updates        -> origin/test-avago-updates
2025-07-01T16:09:37.7462242Z  * [new branch]          test-branch-ci            -> origin/test-branch-ci
2025-07-01T16:09:37.7465026Z  * [new branch]          test-dockerfile           -> origin/test-dockerfile
2025-07-01T16:09:37.7468012Z  * [new branch]          test-hello-world-precompile-example -> origin/test-hello-world-precompile-example
2025-07-01T16:09:37.7471090Z  * [new branch]          test-libevm               -> origin/test-libevm
2025-07-01T16:09:37.7472680Z  * [new branch]          test_workers              -> origin/test_workers
2025-07-01T16:09:37.7475463Z  * [new branch]          testing-image-build-for-unmerged-commit-test -> origin/testing-image-build-for-unmerged-commit-test
2025-07-01T16:09:37.7482061Z  * [new branch]          tmp-master                -> origin/tmp-master
2025-07-01T16:09:37.7484448Z  * [new branch]          tmpnet-disjoint-validator-sets -> origin/tmpnet-disjoint-validator-sets
2025-07-01T16:09:37.7486508Z  * [new branch]          tps-fix                   -> origin/tps-fix
2025-07-01T16:09:37.7489342Z  * [new branch]          trie-prefetcher-alt       -> origin/trie-prefetcher-alt
2025-07-01T16:09:37.7493151Z  * [new branch]          trie-prefetcher-alt1      -> origin/trie-prefetcher-alt1
2025-07-01T16:09:37.7494168Z  * [new branch]          truncate-call-log         -> origin/truncate-call-log
2025-07-01T16:09:37.7496577Z  * [new branch]          tx-count-metrics          -> origin/tx-count-metrics
2025-07-01T16:09:37.7499063Z  * [new branch]          txpool-mutex              -> origin/txpool-mutex
2025-07-01T16:09:37.7501737Z  * [new branch]          typed-revert-error        -> origin/typed-revert-error
2025-07-01T16:09:37.7504480Z  * [new branch]          update-12.0-fuji          -> origin/update-12.0-fuji
2025-07-01T16:09:37.7507802Z  * [new branch]          update-avago-teleporter   -> origin/update-avago-teleporter
2025-07-01T16:09:37.7510367Z  * [new branch]          update-avalanchego        -> origin/update-avalanchego
2025-07-01T16:09:37.7512875Z  * [new branch]          update-subnet-evm         -> origin/update-subnet-evm
2025-07-01T16:09:37.7515366Z  * [new branch]          uptime-tracking-wip       -> origin/uptime-tracking-wip
2025-07-01T16:09:37.7517746Z  * [new branch]          use-libevm-params         -> origin/use-libevm-params
2025-07-01T16:09:37.7520293Z  * [new branch]          use-libevm-statedb        -> origin/use-libevm-statedb
2025-07-01T16:09:37.7522942Z  * [new branch]          v0.6.1-fix-client         -> origin/v0.6.1-fix-client
2025-07-01T16:09:37.7525393Z  * [new branch]          v1.7.17-rc.8              -> origin/v1.7.17-rc.8
2025-07-01T16:09:37.7527855Z  * [new branch]          validator-manager         -> origin/validator-manager
2025-07-01T16:09:37.7530416Z  * [new branch]          validator-metastate       -> origin/validator-metastate
2025-07-01T16:09:37.7533881Z  * [new branch]          verify-no-blobs           -> origin/verify-no-blobs
2025-07-01T16:09:37.7536680Z  * [new branch]          version-v0.6.0-fuji       -> origin/version-v0.6.0-fuji
2025-07-01T16:09:37.7539203Z  * [new branch]          vmerrs-putback            -> origin/vmerrs-putback
2025-07-01T16:09:37.7542427Z  * [new branch]          wagmi-upgrade-json        -> origin/wagmi-upgrade-json
2025-07-01T16:09:37.7545149Z  * [new branch]          warp-contract-feature     -> origin/warp-contract-feature
2025-07-01T16:09:37.7547686Z  * [new branch]          warp-contract-l           -> origin/warp-contract-l
2025-07-01T16:09:37.7550331Z  * [new branch]          warp-contract-l-repro     -> origin/warp-contract-l-repro
2025-07-01T16:09:37.7553130Z  * [new branch]          warp-contract-testing     -> origin/warp-contract-testing
2025-07-01T16:09:37.7555902Z  * [new branch]          warp-e2e                  -> origin/warp-e2e
2025-07-01T16:09:37.7558717Z  * [new branch]          warp-load-e2e             -> origin/warp-load-e2e
2025-07-01T16:09:37.7561210Z  * [new branch]          warp-load-e2e-bls-genesis-validators -> origin/warp-load-e2e-bls-genesis-validators
2025-07-01T16:09:37.7564507Z  * [new branch]          warp-load-test            -> origin/warp-load-test
2025-07-01T16:09:37.7566888Z  * [new branch]          warp-load-testing         -> origin/warp-load-testing
2025-07-01T16:09:37.7569420Z  * [new branch]          warp-network-run          -> origin/warp-network-run
2025-07-01T16:09:37.7572418Z  * [new branch]          warp-precompile           -> origin/warp-precompile
2025-07-01T16:09:37.7575231Z  * [new branch]          warp-precompile-on-accept -> origin/warp-precompile-on-accept
2025-07-01T16:09:37.7577770Z  * [new branch]          warp-requirePrimaryNetworkSignersAlt -> origin/warp-requirePrimaryNetworkSignersAlt
2025-07-01T16:09:37.7580783Z  * [new branch]          wip-script-ideas          -> origin/wip-script-ideas
2025-07-01T16:09:37.7583421Z  * [new branch]          worker-err-test           -> origin/worker-err-test
2025-07-01T16:09:37.7587020Z  * [new tag]             v0.0.0-apm-alpha          -> v0.0.0-apm-alpha
2025-07-01T16:09:37.7588509Z  * [new tag]             v0.0.1                    -> v0.0.1
2025-07-01T16:09:37.7589063Z  * [new tag]             v0.0.2                    -> v0.0.2
2025-07-01T16:09:37.7589600Z  * [new tag]             v0.1.0                    -> v0.1.0
2025-07-01T16:09:37.7590234Z  * [new tag]             v0.1.1                    -> v0.1.1
2025-07-01T16:09:37.7591326Z  * [new tag]             v0.1.2                    -> v0.1.2
2025-07-01T16:09:37.7593307Z  * [new tag]             v0.1.2-rc.0               -> v0.1.2-rc.0
2025-07-01T16:09:37.7594163Z  * [new tag]             v0.2.0                    -> v0.2.0
2025-07-01T16:09:37.7595441Z  * [new tag]             v0.2.1                    -> v0.2.1
2025-07-01T16:09:37.7596881Z  * [new tag]             v0.2.1-rc.0               -> v0.2.1-rc.0
2025-07-01T16:09:37.7598314Z  * [new tag]             v0.2.2                    -> v0.2.2
2025-07-01T16:09:37.7599764Z  * [new tag]             v0.2.3                    -> v0.2.3
2025-07-01T16:09:37.7601183Z  * [new tag]             v0.2.4                    -> v0.2.4
2025-07-01T16:09:37.7602970Z  * [new tag]             v0.2.5                    -> v0.2.5
2025-07-01T16:09:37.7604229Z  * [new tag]             v0.2.6                    -> v0.2.6
2025-07-01T16:09:37.7605661Z  * [new tag]             v0.2.7                    -> v0.2.7
2025-07-01T16:09:37.7607183Z  * [new tag]             v0.2.8                    -> v0.2.8
2025-07-01T16:09:37.7608700Z  * [new tag]             v0.2.9                    -> v0.2.9
2025-07-01T16:09:37.7610878Z  * [new tag]             v0.3.0                    -> v0.3.0
2025-07-01T16:09:37.7613712Z  * [new tag]             v0.3.0-rc.0               -> v0.3.0-rc.0
2025-07-01T16:09:37.7614458Z  * [new tag]             v0.4.0                    -> v0.4.0
2025-07-01T16:09:37.7615231Z  * [new tag]             v0.4.1                    -> v0.4.1
2025-07-01T16:09:37.7616330Z  * [new tag]             v0.4.1-rc.0               -> v0.4.1-rc.0
2025-07-01T16:09:37.7618857Z  * [new tag]             v0.4.1-rc.1               -> v0.4.1-rc.1
2025-07-01T16:09:37.7619750Z  * [new tag]             v0.4.1-rc.2               -> v0.4.1-rc.2
2025-07-01T16:09:37.7620831Z  * [new tag]             v0.4.1-rc.3               -> v0.4.1-rc.3
2025-07-01T16:09:37.7621371Z  * [new tag]             v0.4.1-rc.4               -> v0.4.1-rc.4
2025-07-01T16:09:37.7622191Z  * [new tag]             v0.4.1-rc.5               -> v0.4.1-rc.5
2025-07-01T16:09:37.7623918Z  * [new tag]             v0.4.10                   -> v0.4.10
2025-07-01T16:09:37.7625302Z  * [new tag]             v0.4.11                   -> v0.4.11
2025-07-01T16:09:37.7626802Z  * [new tag]             v0.4.11-rc.0              -> v0.4.11-rc.0
2025-07-01T16:09:37.7628292Z  * [new tag]             v0.4.12                   -> v0.4.12
2025-07-01T16:09:37.7629774Z  * [new tag]             v0.4.12-rc.0              -> v0.4.12-rc.0
2025-07-01T16:09:37.7631268Z  * [new tag]             v0.4.12-rc.1              -> v0.4.12-rc.1
2025-07-01T16:09:37.7632539Z  * [new tag]             v0.4.2                    -> v0.4.2
2025-07-01T16:09:37.7633802Z  * [new tag]             v0.4.2-rc.0               -> v0.4.2-rc.0
2025-07-01T16:09:37.7635270Z  * [new tag]             v0.4.2-rc.1               -> v0.4.2-rc.1
2025-07-01T16:09:37.7636540Z  * [new tag]             v0.4.2-rc.2               -> v0.4.2-rc.2
2025-07-01T16:09:37.7638121Z  * [new tag]             v0.4.2-rc.3               -> v0.4.2-rc.3
2025-07-01T16:09:37.7639594Z  * [new tag]             v0.4.2-rc.4               -> v0.4.2-rc.4
2025-07-01T16:09:37.7640759Z  * [new tag]             v0.4.2-rc.5               -> v0.4.2-rc.5
2025-07-01T16:09:37.7642593Z  * [new tag]             v0.4.2-rc.6               -> v0.4.2-rc.6
2025-07-01T16:09:37.7643604Z  * [new tag]             v0.4.2-rc.7               -> v0.4.2-rc.7
2025-07-01T16:09:37.7644783Z  * [new tag]             v0.4.2-rc.8               -> v0.4.2-rc.8
2025-07-01T16:09:37.7646036Z  * [new tag]             v0.4.2-rc.9               -> v0.4.2-rc.9
2025-07-01T16:09:37.7647658Z  * [new tag]             v0.4.3                    -> v0.4.3
2025-07-01T16:09:37.7649045Z  * [new tag]             v0.4.4                    -> v0.4.4
2025-07-01T16:09:37.7650184Z  * [new tag]             v0.4.4-rc.0               -> v0.4.4-rc.0
2025-07-01T16:09:37.7652082Z  * [new tag]             v0.4.5                    -> v0.4.5
2025-07-01T16:09:37.7653616Z  * [new tag]             v0.4.5-rc.0               -> v0.4.5-rc.0
2025-07-01T16:09:37.7654886Z  * [new tag]             v0.4.5-rc.1               -> v0.4.5-rc.1
2025-07-01T16:09:37.7656485Z  * [new tag]             v0.4.6                    -> v0.4.6
2025-07-01T16:09:37.7658066Z  * [new tag]             v0.4.6-rc.0               -> v0.4.6-rc.0
2025-07-01T16:09:37.7659171Z  * [new tag]             v0.4.6-rc.1               -> v0.4.6-rc.1
2025-07-01T16:09:37.7660781Z  * [new tag]             v0.4.7                    -> v0.4.7
2025-07-01T16:09:37.7662030Z  * [new tag]             v0.4.7-rc.0               -> v0.4.7-rc.0
2025-07-01T16:09:37.7663627Z  * [new tag]             v0.4.8                    -> v0.4.8
2025-07-01T16:09:37.7665030Z  * [new tag]             v0.4.8-rc.0               -> v0.4.8-rc.0
2025-07-01T16:09:37.7666561Z  * [new tag]             v0.4.9                    -> v0.4.9
2025-07-01T16:09:37.7668035Z  * [new tag]             v0.4.9-rc.0               -> v0.4.9-rc.0
2025-07-01T16:09:37.7669572Z  * [new tag]             v0.4.9-rc.1               -> v0.4.9-rc.1
2025-07-01T16:09:37.7670824Z  * [new tag]             v0.4.9-rc.2               -> v0.4.9-rc.2
2025-07-01T16:09:37.7672440Z  * [new tag]             v0.5.0                    -> v0.5.0
2025-07-01T16:09:37.7673992Z  * [new tag]             v0.5.0-fuji               -> v0.5.0-fuji
2025-07-01T16:09:37.7675197Z  * [new tag]             v0.5.0-fuji-1             -> v0.5.0-fuji-1
2025-07-01T16:09:37.7676448Z  * [new tag]             v0.5.0-fuji-rc.0          -> v0.5.0-fuji-rc.0
2025-07-01T16:09:37.7677981Z  * [new tag]             v0.5.1                    -> v0.5.1
2025-07-01T16:09:37.7679466Z  * [new tag]             v0.5.1-warp-rc.0          -> v0.5.1-warp-rc.0
2025-07-01T16:09:37.7680731Z  * [new tag]             v0.5.10                   -> v0.5.10
2025-07-01T16:09:37.7682568Z  * [new tag]             v0.5.10-rc.0              -> v0.5.10-rc.0
2025-07-01T16:09:37.7684078Z  * [new tag]             v0.5.11                   -> v0.5.11
2025-07-01T16:09:37.7685657Z  * [new tag]             v0.5.11-rc.0              -> v0.5.11-rc.0
2025-07-01T16:09:37.7686847Z  * [new tag]             v0.5.11-rc.1              -> v0.5.11-rc.1
2025-07-01T16:09:37.7688591Z  * [new tag]             v0.5.2                    -> v0.5.2
2025-07-01T16:09:37.7689550Z  * [new tag]             v0.5.2-call-depth-metrics -> v0.5.2-call-depth-metrics
2025-07-01T16:09:37.7691189Z  * [new tag]             v0.5.2-rc.0               -> v0.5.2-rc.0
2025-07-01T16:09:37.7693027Z  * [new tag]             v0.5.2-warp-rc.0          -> v0.5.2-warp-rc.0
2025-07-01T16:09:37.7694463Z  * [new tag]             v0.5.3                    -> v0.5.3
2025-07-01T16:09:37.7696052Z  * [new tag]             v0.5.3-coreth-sync-rc     -> v0.5.3-coreth-sync-rc
2025-07-01T16:09:37.7697750Z  * [new tag]             v0.5.4                    -> v0.5.4
2025-07-01T16:09:37.7699175Z  * [new tag]             v0.5.4-rc.0               -> v0.5.4-rc.0
2025-07-01T16:09:37.7700400Z  * [new tag]             v0.5.4-rc.1               -> v0.5.4-rc.1
2025-07-01T16:09:37.7702569Z  * [new tag]             v0.5.4-rc.2               -> v0.5.4-rc.2
2025-07-01T16:09:37.7703749Z  * [new tag]             v0.5.5                    -> v0.5.5
2025-07-01T16:09:37.7705438Z  * [new tag]             v0.5.6                    -> v0.5.6
2025-07-01T16:09:37.7706631Z  * [new tag]             v0.5.6-fuji-warp          -> v0.5.6-fuji-warp
2025-07-01T16:09:37.7708312Z  * [new tag]             v0.5.7                    -> v0.5.7
2025-07-01T16:09:37.7709746Z  * [new tag]             v0.5.7-rc.0               -> v0.5.7-rc.0
2025-07-01T16:09:37.7711594Z  * [new tag]             v0.5.8                    -> v0.5.8
2025-07-01T16:09:37.7713214Z  * [new tag]             v0.5.8-rc.0               -> v0.5.8-rc.0
2025-07-01T16:09:37.7714764Z  * [new tag]             v0.5.8-rc.1               -> v0.5.8-rc.1
2025-07-01T16:09:37.7716318Z  * [new tag]             v0.5.8-rc.2               -> v0.5.8-rc.2
2025-07-01T16:09:37.7717946Z  * [new tag]             v0.5.9                    -> v0.5.9
2025-07-01T16:09:37.7719516Z  * [new tag]             v0.5.9-rc.0               -> v0.5.9-rc.0
2025-07-01T16:09:37.7721056Z  * [new tag]             v0.5.9-rc.1               -> v0.5.9-rc.1
2025-07-01T16:09:37.7722888Z  * [new tag]             v0.5.9-rc.2               -> v0.5.9-rc.2
2025-07-01T16:09:37.7724488Z  * [new tag]             v0.6.0                    -> v0.6.0
2025-07-01T16:09:37.7725701Z  * [new tag]             v0.6.0-fuji               -> v0.6.0-fuji
2025-07-01T16:09:37.7727579Z  * [new tag]             v0.6.1                    -> v0.6.1
2025-07-01T16:09:37.7729174Z  * [new tag]             v0.6.10                   -> v0.6.10
2025-07-01T16:09:37.7730711Z  * [new tag]             v0.6.10-rc.0              -> v0.6.10-rc.0
2025-07-01T16:09:37.7732356Z  * [new tag]             v0.6.11                   -> v0.6.11
2025-07-01T16:09:37.7733785Z  * [new tag]             v0.6.11-rc.0              -> v0.6.11-rc.0
2025-07-01T16:09:37.7735480Z  * [new tag]             v0.6.12                   -> v0.6.12
2025-07-01T16:09:37.7736769Z  * [new tag]             v0.6.12-fuji-example      -> v0.6.12-fuji-example
2025-07-01T16:09:37.7738401Z  * [new tag]             v0.6.12-rc.0              -> v0.6.12-rc.0
2025-07-01T16:09:37.7740065Z  * [new tag]             v0.6.12-rc.1              -> v0.6.12-rc.1
2025-07-01T16:09:37.7741866Z  * [new tag]             v0.6.2                    -> v0.6.2
2025-07-01T16:09:37.7743842Z  * [new tag]             v0.6.3                    -> v0.6.3
2025-07-01T16:09:37.7745419Z  * [new tag]             v0.6.3-rc.0               -> v0.6.3-rc.0
2025-07-01T16:09:37.7747052Z  * [new tag]             v0.6.4                    -> v0.6.4
2025-07-01T16:09:37.7748697Z  * [new tag]             v0.6.4-rc.0               -> v0.6.4-rc.0
2025-07-01T16:09:37.7750389Z  * [new tag]             v0.6.4-rc.1               -> v0.6.4-rc.1
2025-07-01T16:09:37.7752016Z  * [new tag]             v0.6.4-rc.2               -> v0.6.4-rc.2
2025-07-01T16:09:37.7753694Z  * [new tag]             v0.6.5                    -> v0.6.5
2025-07-01T16:09:37.7755507Z  * [new tag]             v0.6.5-geth-1.13.8        -> v0.6.5-geth-1.13.8
2025-07-01T16:09:37.7756830Z  * [new tag]             v0.6.5-rc.0               -> v0.6.5-rc.0
2025-07-01T16:09:37.7758812Z  * [new tag]             v0.6.5-rc.1               -> v0.6.5-rc.1
2025-07-01T16:09:37.7760632Z  * [new tag]             v0.6.6                    -> v0.6.6
2025-07-01T16:09:37.7762498Z  * [new tag]             v0.6.6-rc.0               -> v0.6.6-rc.0
2025-07-01T16:09:37.7764320Z  * [new tag]             v0.6.7                    -> v0.6.7
2025-07-01T16:09:37.7766396Z  * [new tag]             v0.6.7-rc.0               -> v0.6.7-rc.0
2025-07-01T16:09:37.7768127Z  * [new tag]             v0.6.8                    -> v0.6.8
2025-07-01T16:09:37.7769819Z  * [new tag]             v0.6.8-acp-118-handlers   -> v0.6.8-acp-118-handlers
2025-07-01T16:09:37.7771415Z  * [new tag]             v0.6.8-geth-v1.13.14      -> v0.6.8-geth-v1.13.14
2025-07-01T16:09:37.7773444Z  * [new tag]             v0.6.8-rc.0               -> v0.6.8-rc.0
2025-07-01T16:09:37.7774462Z  * [new tag]             v0.6.8-rc.1               -> v0.6.8-rc.1
2025-07-01T16:09:37.7776235Z  * [new tag]             v0.6.8-rc.2               -> v0.6.8-rc.2
2025-07-01T16:09:37.7777512Z  * [new tag]             v0.6.8-rc.3               -> v0.6.8-rc.3
2025-07-01T16:09:37.7779291Z  * [new tag]             v0.6.8-status-removal     -> v0.6.8-status-removal
2025-07-01T16:09:37.7780923Z  * [new tag]             v0.6.9                    -> v0.6.9
2025-07-01T16:09:37.7783772Z  * [new tag]             v0.6.9-rc.0               -> v0.6.9-rc.0
2025-07-01T16:09:37.7785593Z  * [new tag]             v0.7.0                    -> v0.7.0
2025-07-01T16:09:37.7787045Z  * [new tag]             v0.7.0-rc.0               -> v0.7.0-rc.0
2025-07-01T16:09:37.7788963Z  * [new tag]             v0.7.1                    -> v0.7.1
2025-07-01T16:09:37.7790541Z  * [new tag]             v0.7.1-rc.0               -> v0.7.1-rc.0
2025-07-01T16:09:37.7792477Z  * [new tag]             v0.7.1-rc.1               -> v0.7.1-rc.1
2025-07-01T16:09:37.7793795Z  * [new tag]             v0.7.1-rc.2               -> v0.7.1-rc.2
2025-07-01T16:09:37.7795506Z  * [new tag]             v0.7.2                    -> v0.7.2
2025-07-01T16:09:37.7797007Z  * [new tag]             v0.7.2-fuji               -> v0.7.2-fuji
2025-07-01T16:09:37.7798408Z  * [new tag]             v0.7.2-rc.0               -> v0.7.2-rc.0
2025-07-01T16:09:37.7800175Z  * [new tag]             v0.7.3                    -> v0.7.3
2025-07-01T16:09:37.7801746Z  * [new tag]             v0.7.3-rc.0               -> v0.7.3-rc.0
2025-07-01T16:09:37.7803644Z  * [new tag]             v0.7.4                    -> v0.7.4
2025-07-01T16:09:37.7805719Z  * [new tag]             v0.7.4-rc.0               -> v0.7.4-rc.0
2025-07-01T16:09:37.7807063Z  * [new tag]             v0.7.5                    -> v0.7.5
2025-07-01T16:09:37.7808749Z  * [new tag]             v0.7.5-rc.0               -> v0.7.5-rc.0
2025-07-01T16:09:37.7812428Z  * [new ref]             24d42c4a5aa0c26b2727d8d8210c4ae7db4855fd -> pull/1610/merge
2025-07-01T16:09:37.7902826Z ##[endgroup]
2025-07-01T16:09:37.7903423Z ##[group]Determining the checkout info
2025-07-01T16:09:37.7904045Z ##[endgroup]
2025-07-01T16:09:37.7909841Z [command]/usr/bin/git sparse-checkout disable
2025-07-01T16:09:37.7956499Z [command]/usr/bin/git config --local --unset-all extensions.worktreeConfig
2025-07-01T16:09:37.7983047Z ##[group]Checking out the ref
2025-07-01T16:09:37.7986950Z [command]/usr/bin/git checkout --progress --force refs/remotes/pull/1610/merge
2025-07-01T16:09:37.8847422Z Note: switching to 'refs/remotes/pull/1610/merge'.
2025-07-01T16:09:37.8847851Z 
2025-07-01T16:09:37.8848117Z You are in 'detached HEAD' state. You can look around, make experimental
2025-07-01T16:09:37.8848642Z changes and commit them, and you can discard any commits you make in this
2025-07-01T16:09:37.8849134Z state without impacting any branches by switching back to a branch.
2025-07-01T16:09:37.8849426Z 
2025-07-01T16:09:37.8849646Z If you want to create a new branch to retain commits you create, you may
2025-07-01T16:09:37.8850093Z do so (now or later) by using -c with the switch command. Example:
2025-07-01T16:09:37.8850367Z 
2025-07-01T16:09:37.8850477Z   git switch -c <new-branch-name>
2025-07-01T16:09:37.8850670Z 
2025-07-01T16:09:37.8850773Z Or undo this operation with:
2025-07-01T16:09:37.8850947Z 
2025-07-01T16:09:37.8851045Z   git switch -
2025-07-01T16:09:37.8851183Z 
2025-07-01T16:09:37.8851418Z Turn off this advice by setting config variable advice.detachedHead to false
2025-07-01T16:09:37.8851957Z 
2025-07-01T16:09:37.8852350Z HEAD is now at 24d42c4a5 Merge 72fe798449dc295323c0bbd1689a53e43867529e into 7abb4c64d7a8a26513a93cd55d800f61e867ffe3
2025-07-01T16:09:37.8867489Z ##[endgroup]
2025-07-01T16:09:37.8907493Z [command]/usr/bin/git log -1 --format=%H
2025-07-01T16:09:37.8929234Z 24d42c4a5aa0c26b2727d8d8210c4ae7db4855fd
2025-07-01T16:09:37.9161108Z ##[group]Run actions/setup-go@v5
2025-07-01T16:09:37.9161714Z with:
2025-07-01T16:09:37.9162016Z   go-version-file: go.mod
2025-07-01T16:09:37.9162375Z   check-latest: false
2025-07-01T16:09:37.9162927Z   token: ***
2025-07-01T16:09:37.9163219Z   cache: true
2025-07-01T16:09:37.9163508Z ##[endgroup]
2025-07-01T16:09:38.0869366Z Setup go version spec 1.23.9
2025-07-01T16:09:38.0880805Z Attempting to download 1.23.9...
2025-07-01T16:09:38.4938880Z matching 1.23.9...
2025-07-01T16:09:38.4976870Z Acquiring 1.23.9 from https://github.com/actions/go-versions/releases/download/1.23.9-14875265214/go-1.23.9-linux-x64.tar.gz
2025-07-01T16:09:39.1065239Z Extracting Go...
2025-07-01T16:09:39.1178132Z [command]/usr/bin/tar xz --warning=no-unknown-keyword --overwrite -C /home/runner/work/_temp/29f748ba-76c0-4568-b7b5-fa307b02ca8d -f /home/runner/work/_temp/1132b229-005d-4f8b-81fd-8ccfce02eabb
2025-07-01T16:09:40.7719754Z Successfully extracted go to /home/runner/work/_temp/29f748ba-76c0-4568-b7b5-fa307b02ca8d
2025-07-01T16:09:40.7720247Z Adding to the cache ...
2025-07-01T16:09:45.1856753Z Successfully cached go to /opt/hostedtoolcache/go/1.23.9/x64
2025-07-01T16:09:45.1858549Z Added go to the path
2025-07-01T16:09:45.1861004Z Successfully set up Go version 1.23.9
2025-07-01T16:09:45.2040199Z [command]/opt/hostedtoolcache/go/1.23.9/x64/bin/go env GOMODCACHE
2025-07-01T16:09:45.2069338Z [command]/opt/hostedtoolcache/go/1.23.9/x64/bin/go env GOCACHE
2025-07-01T16:09:45.2099412Z /home/runner/go/pkg/mod
2025-07-01T16:09:45.2114245Z /home/runner/.cache/go-build
2025-07-01T16:09:45.3006789Z Cache hit for: setup-go-Linux-x64-ubuntu24-go-1.23.9-8a5f6b0ec156c644c456755461212fdb4b5f31e3982b840cb9a5e30f16f98494
2025-07-01T16:09:45.4589544Z Received 9896 of 9896 (100.0%), 0.3 MBs/sec
2025-07-01T16:09:45.4589990Z Cache Size: ~0 MB (9896 B)
2025-07-01T16:09:45.4616210Z [command]/usr/bin/tar -xf /home/runner/work/_temp/0cbda257-0805-44ef-987f-8f8020451480/cache.tzst -P -C /home/runner/work/subnet-evm/subnet-evm --use-compress-program unzstd
2025-07-01T16:09:45.4795174Z Cache restored successfully
2025-07-01T16:09:45.4800268Z Cache restored from key: setup-go-Linux-x64-ubuntu24-go-1.23.9-8a5f6b0ec156c644c456755461212fdb4b5f31e3982b840cb9a5e30f16f98494
2025-07-01T16:09:45.4825113Z go version go1.23.9 linux/amd64
2025-07-01T16:09:45.4825327Z 
2025-07-01T16:09:45.4825700Z ##[group]go env
2025-07-01T16:09:45.4913587Z GO111MODULE=''
2025-07-01T16:09:45.4913958Z GOARCH='amd64'
2025-07-01T16:09:45.4914264Z GOBIN=''
2025-07-01T16:09:45.4914575Z GOCACHE='/home/runner/.cache/go-build'
2025-07-01T16:09:45.4915054Z GOENV='/home/runner/.config/go/env'
2025-07-01T16:09:45.4915462Z GOEXE=''
2025-07-01T16:09:45.4915742Z GOEXPERIMENT=''
2025-07-01T16:09:45.4916034Z GOFLAGS=''
2025-07-01T16:09:45.4916308Z GOHOSTARCH='amd64'
2025-07-01T16:09:45.4916621Z GOHOSTOS='linux'
2025-07-01T16:09:45.4916909Z GOINSECURE=''
2025-07-01T16:09:45.4917238Z GOMODCACHE='/home/runner/go/pkg/mod'
2025-07-01T16:09:45.4917638Z GONOPROXY=''
2025-07-01T16:09:45.4917936Z GONOSUMDB=''
2025-07-01T16:09:45.4918210Z GOOS='linux'
2025-07-01T16:09:45.4918496Z GOPATH='/home/runner/go'
2025-07-01T16:09:45.4918831Z GOPRIVATE=''
2025-07-01T16:09:45.4919194Z GOPROXY='https://proxy.golang.org,direct'
2025-07-01T16:09:45.4919702Z GOROOT='/opt/hostedtoolcache/go/1.23.9/x64'
2025-07-01T16:09:45.4920129Z GOSUMDB='sum.golang.org'
2025-07-01T16:09:45.4920492Z GOTMPDIR=''
2025-07-01T16:09:45.4920765Z GOTOOLCHAIN='auto'
2025-07-01T16:09:45.4921255Z GOTOOLDIR='/opt/hostedtoolcache/go/1.23.9/x64/pkg/tool/linux_amd64'
2025-07-01T16:09:45.4922082Z GOVCS=''
2025-07-01T16:09:45.4922436Z GOVERSION='go1.23.9'
2025-07-01T16:09:45.4922737Z GODEBUG=''
2025-07-01T16:09:45.4923027Z GOTELEMETRY='local'
2025-07-01T16:09:45.4923433Z GOTELEMETRYDIR='/home/runner/.config/go/telemetry'
2025-07-01T16:09:45.4923869Z GCCGO='gccgo'
2025-07-01T16:09:45.4924150Z GOAMD64='v1'
2025-07-01T16:09:45.4924414Z AR='ar'
2025-07-01T16:09:45.4924666Z CC='gcc'
2025-07-01T16:09:45.4924921Z CXX='g++'
2025-07-01T16:09:45.4925505Z CGO_ENABLED='1'
2025-07-01T16:09:45.4925910Z GOMOD='/home/runner/work/subnet-evm/subnet-evm/go.mod'
2025-07-01T16:09:45.4926358Z GOWORK=''
2025-07-01T16:09:45.4926623Z CGO_CFLAGS='-O2 -g'
2025-07-01T16:09:45.4926923Z CGO_CPPFLAGS=''
2025-07-01T16:09:45.4927214Z CGO_CXXFLAGS='-O2 -g'
2025-07-01T16:09:45.4927523Z CGO_FFLAGS='-O2 -g'
2025-07-01T16:09:45.4927808Z CGO_LDFLAGS='-O2 -g'
2025-07-01T16:09:45.4928127Z PKG_CONFIG='pkg-config'
2025-07-01T16:09:45.4929096Z GOGCCFLAGS='-fPIC -m64 -pthread -Wl,--no-gc-sections -fmessage-length=0 -ffile-prefix-map=/tmp/go-build3122213957=/tmp/go-build -gno-record-gcc-switches'
2025-07-01T16:09:45.4930115Z 
2025-07-01T16:09:45.4930621Z ##[endgroup]
2025-07-01T16:09:45.5170690Z ##[group]Run ava-labs/avalanchego/.github/actions/run-monitored-tmpnet-cmd@092cf182dd92b66a8ab882b657d3ae52b174c913
2025-07-01T16:09:45.5171235Z with:
2025-07-01T16:09:45.5171627Z   run: ./scripts/run_task.sh test-e2e-load-ci
2025-07-01T16:09:45.5171968Z   run_env: AVALANCHEGO_BUILD_PATH=/tmp/e2e-test/avalanchego
2025-07-01T16:09:45.5172279Z   artifact_prefix: load
2025-07-01T16:09:45.5172829Z   prometheus_username: ***
2025-07-01T16:09:45.5173177Z   prometheus_password: ***
2025-07-01T16:09:45.5173413Z   loki_username: ***
2025-07-01T16:09:45.5173700Z   loki_password: ***
2025-07-01T16:09:45.5173899Z   runtime: process
2025-07-01T16:09:45.5174103Z   repository_owner: ava-labs
2025-07-01T16:09:45.5174369Z   repository_name: subnet-evm
2025-07-01T16:09:45.5174584Z   workflow: Tests
2025-07-01T16:09:45.5174775Z   run_id: 16004559474
2025-07-01T16:09:45.5174987Z   run_number: 2079
2025-07-01T16:09:45.5175176Z   run_attempt: 1
2025-07-01T16:09:45.5175359Z   job: e2e_load
2025-07-01T16:09:45.5175597Z ##[endgroup]
2025-07-01T16:09:45.5274987Z ##[group]Run cachix/install-nix-action@02a151ada4993995686f9ed4f1be7cfbb229e56f
2025-07-01T16:09:45.5275377Z with:
2025-07-01T16:09:45.5275557Z   enable_kvm: true
2025-07-01T16:09:45.5275754Z ##[endgroup]
2025-07-01T16:09:45.5312241Z ##[group]Run ${GITHUB_ACTION_PATH}/install-nix.sh
2025-07-01T16:09:45.5312677Z [36;1m${GITHUB_ACTION_PATH}/install-nix.sh[0m
2025-07-01T16:09:45.5407646Z shell: /usr/bin/bash --noprofile --norc -e -o pipefail {0}
2025-07-01T16:09:45.5408000Z env:
2025-07-01T16:09:45.5408201Z   INPUT_EXTRA_NIX_CONFIG: 
2025-07-01T16:09:45.5408450Z   INPUT_GITHUB_ACCESS_TOKEN: 
2025-07-01T16:09:45.5408696Z   INPUT_INSTALL_OPTIONS: 
2025-07-01T16:09:45.5408923Z   INPUT_INSTALL_URL: 
2025-07-01T16:09:45.5409125Z   INPUT_NIX_PATH: 
2025-07-01T16:09:45.5409324Z   INPUT_ENABLE_KVM: true
2025-07-01T16:09:45.5409812Z   GITHUB_TOKEN: ***
2025-07-01T16:09:45.5410027Z ##[endgroup]
2025-07-01T16:09:45.5545585Z ##[group]Enabling KVM support
2025-07-01T16:09:45.5615434Z KERNEL=="kvm", GROUP="kvm", MODE="0666", OPTIONS+="static_node=kvm"
2025-07-01T16:09:45.5940125Z Enabled KVM
2025-07-01T16:09:45.5940796Z ##[endgroup]
2025-07-01T16:09:45.5941178Z ##[group]Installing Nix
2025-07-01T16:09:45.6237804Z installer options: --no-channel-add --darwin-use-unencrypted-nix-store-volume --nix-extra-conf-file /tmp/tmp.f1SQpOjYXq/nix.conf --daemon --daemon-user-count 8
2025-07-01T16:09:45.9112859Z * Host releases.nixos.org:443 was resolved.
2025-07-01T16:09:45.9113271Z * IPv6: 2a04:4e42:83::729
2025-07-01T16:09:45.9113517Z * IPv4: 146.75.78.217
2025-07-01T16:09:45.9113770Z *   Trying 146.75.78.217:443...
2025-07-01T16:09:45.9134313Z * Connected to releases.nixos.org (146.75.78.217) port 443
2025-07-01T16:09:45.9158080Z * ALPN: curl offers h2,http/1.1
2025-07-01T16:09:45.9160252Z } [5 bytes data]
2025-07-01T16:09:45.9162206Z * TLSv1.3 (OUT), TLS handshake, Client hello (1):
2025-07-01T16:09:45.9162727Z } [512 bytes data]
2025-07-01T16:09:45.9508158Z *  CAfile: /etc/ssl/certs/ca-certificates.crt
2025-07-01T16:09:45.9508828Z *  CApath: /etc/ssl/certs
2025-07-01T16:09:45.9509296Z { [5 bytes data]
2025-07-01T16:09:45.9509797Z * TLSv1.3 (IN), TLS handshake, Server hello (2):
2025-07-01T16:09:45.9510309Z { [104 bytes data]
2025-07-01T16:09:45.9512016Z * TLSv1.2 (IN), TLS handshake, Certificate (11):
2025-07-01T16:09:45.9512527Z { [2827 bytes data]
2025-07-01T16:09:45.9516262Z * TLSv1.2 (IN), TLS handshake, Server key exchange (12):
2025-07-01T16:09:45.9516800Z { [300 bytes data]
2025-07-01T16:09:45.9517241Z * TLSv1.2 (IN), TLS handshake, Server finished (14):
2025-07-01T16:09:45.9517751Z { [4 bytes data]
2025-07-01T16:09:45.9518782Z * TLSv1.2 (OUT), TLS handshake, Client key exchange (16):
2025-07-01T16:09:45.9519327Z } [37 bytes data]
2025-07-01T16:09:45.9519805Z * TLSv1.2 (OUT), TLS change cipher, Change cipher spec (1):
2025-07-01T16:09:45.9520822Z } [1 bytes data]
2025-07-01T16:09:45.9521323Z * TLSv1.2 (OUT), TLS handshake, Finished (20):
2025-07-01T16:09:45.9522066Z } [16 bytes data]
2025-07-01T16:09:45.9542646Z * TLSv1.2 (IN), TLS handshake, Finished (20):
2025-07-01T16:09:45.9543122Z { [16 bytes data]
2025-07-01T16:09:45.9543735Z * SSL connection using TLSv1.2 / ECDHE-RSA-CHACHA20-POLY1305 / X25519 / RSASSA-PSS
2025-07-01T16:09:45.9544394Z * ALPN: server accepted h2
2025-07-01T16:09:45.9544843Z * Server certificate:
2025-07-01T16:09:45.9545220Z *  subject: CN=releases.nixos.org
2025-07-01T16:09:45.9545642Z *  start date: Oct 11 20:56:16 2024 GMT
2025-07-01T16:09:45.9546138Z *  expire date: Nov 12 20:56:15 2025 GMT
2025-07-01T16:09:45.9546680Z *  subjectAltName: host "releases.nixos.org" matched cert's "releases.nixos.org"
2025-07-01T16:09:45.9547185Z *  issuer: C=BE; O=GlobalSign nv-sa; CN=GlobalSign Atlas R3 DV TLS CA 2024 Q4
2025-07-01T16:09:45.9547554Z *  SSL certificate verify ok.
2025-07-01T16:09:45.9548005Z *   Certificate level 0: Public key type RSA (2048/112 Bits/secBits), signed using sha256WithRSAEncryption
2025-07-01T16:09:45.9548669Z *   Certificate level 1: Public key type RSA (2048/112 Bits/secBits), signed using sha256WithRSAEncryption
2025-07-01T16:09:45.9549301Z *   Certificate level 2: Public key type RSA (2048/112 Bits/secBits), signed using sha256WithRSAEncryption
2025-07-01T16:09:45.9549718Z } [5 bytes data]
2025-07-01T16:09:45.9549907Z * using HTTP/2
2025-07-01T16:09:45.9550247Z * [HTTP/2] [1] OPENED stream for https://releases.nixos.org/nix/nix-2.26.3/install
2025-07-01T16:09:45.9550616Z * [HTTP/2] [1] [:method: GET]
2025-07-01T16:09:45.9550849Z * [HTTP/2] [1] [:scheme: https]
2025-07-01T16:09:45.9551116Z * [HTTP/2] [1] [:authority: releases.nixos.org]
2025-07-01T16:09:45.9551424Z * [HTTP/2] [1] [:path: /nix/nix-2.26.3/install]
2025-07-01T16:09:45.9551848Z * [HTTP/2] [1] [user-agent: curl/8.5.0]
2025-07-01T16:09:45.9552108Z * [HTTP/2] [1] [accept: */*]
2025-07-01T16:09:45.9552329Z } [5 bytes data]
2025-07-01T16:09:45.9552542Z > GET /nix/nix-2.26.3/install HTTP/2
2025-07-01T16:09:45.9552801Z > Host: releases.nixos.org
2025-07-01T16:09:45.9553034Z > User-Agent: curl/8.5.0
2025-07-01T16:09:45.9553245Z > Accept: */*
2025-07-01T16:09:45.9553428Z > 
2025-07-01T16:09:45.9563626Z { [5 bytes data]
2025-07-01T16:09:45.9572809Z < HTTP/2 200 
2025-07-01T16:09:45.9573188Z < last-modified: Wed, 05 Mar 2025 18:21:15 GMT
2025-07-01T16:09:45.9573690Z < etag: "c6753896884bce9b95ec3ca7be157ef6"
2025-07-01T16:09:45.9574164Z < x-amz-server-side-encryption: AES256
2025-07-01T16:09:45.9574624Z < content-type: text/plain
2025-07-01T16:09:45.9574872Z < server: AmazonS3
2025-07-01T16:09:45.9575134Z < via: 1.1 varnish, 1.1 varnish
2025-07-01T16:09:45.9575389Z < access-control-allow-origin: *
2025-07-01T16:09:45.9575636Z < accept-ranges: bytes
2025-07-01T16:09:45.9575853Z < date: Tue, 01 Jul 2025 16:09:45 GMT
2025-07-01T16:09:45.9576090Z < age: 88401
2025-07-01T16:09:45.9576358Z < x-served-by: cache-dub4357-DUB, cache-chi-kigq8000101-CHI
2025-07-01T16:09:45.9576681Z < x-cache: HIT, HIT
2025-07-01T16:09:45.9576884Z < x-cache-hits: 4, 3
2025-07-01T16:09:45.9577091Z < content-length: 4267
2025-07-01T16:09:45.9577290Z < 
2025-07-01T16:09:45.9577456Z { [4267 bytes data]
2025-07-01T16:09:45.9577711Z * Connection #0 to host releases.nixos.org left intact
2025-07-01T16:09:45.9652903Z downloading Nix 2.26.3 binary tarball for x86_64-linux from 'https://releases.nixos.org/nix/nix-2.26.3/nix-2.26.3-x86_64-linux.tar.xz' to '/tmp/nix-binary-tarball-unpack.6HlnyWvnwX'...
2025-07-01T16:09:45.9700699Z   % Total    % Received % Xferd  Average Speed   Time    Time     Time  Current
2025-07-01T16:09:45.9702324Z                                  Dload  Upload   Total   Spent    Left  Speed
2025-07-01T16:09:45.9702691Z 
2025-07-01T16:09:46.0776787Z   0     0    0     0    0     0      0      0 --:--:-- --:--:-- --:--:--     0
2025-07-01T16:09:46.0777461Z 100 22.6M  100 22.6M    0     0   210M      0 --:--:-- --:--:-- --:--:--  211M
2025-07-01T16:09:47.6541896Z Note: a multi-user installation is possible. See https://nixos.org/manual/nix/stable/installation/installing-binary.html#multi-user-installation
2025-07-01T16:09:47.6551112Z Warning: the flag --darwin-use-unencrypted-nix-store-volume
2025-07-01T16:09:47.6552003Z          is no longer needed and will be removed in the future.
2025-07-01T16:09:47.6552241Z 
2025-07-01T16:09:47.6562047Z [1;31mSwitching to the Multi-user Installer[0m
2025-07-01T16:09:47.6664783Z [32mWelcome to the Multi-User Nix Installation
2025-07-01T16:09:47.6673853Z [0m
2025-07-01T16:09:47.6674406Z This installation tool will set up your computer with the Nix package
2025-07-01T16:09:47.6675063Z manager. This will happen in a few stages:
2025-07-01T16:09:47.6675305Z 
2025-07-01T16:09:47.6675526Z 1. Make sure your computer doesn't already have Nix. If it does, I
2025-07-01T16:09:47.6676283Z    will show you instructions on how to clean up your old install.
2025-07-01T16:09:47.6676693Z 
2025-07-01T16:09:47.6676881Z 2. Show you what I am going to install and where. Then I will ask
2025-07-01T16:09:47.6677283Z    if you are ready to continue.
2025-07-01T16:09:47.6677446Z 
2025-07-01T16:09:47.6678018Z 3. Create the system users [34m(uids [30001..30008])[0m and groups [34m(gid 30000)[0m
2025-07-01T16:09:47.6678911Z    that the Nix daemon uses to run builds. To create system users
2025-07-01T16:09:47.6679634Z    in a different range, exit and run this tool again with
2025-07-01T16:09:47.6680173Z    NIX_FIRST_BUILD_UID set.
2025-07-01T16:09:47.6680333Z 
2025-07-01T16:09:47.6680495Z 4. Perform the basic installation of the Nix files daemon.
2025-07-01T16:09:47.6680737Z 
2025-07-01T16:09:47.6680932Z 5. Configure your shell to import special Nix Profile files, so you
2025-07-01T16:09:47.6681288Z    can use Nix.
2025-07-01T16:09:47.6681402Z 
2025-07-01T16:09:47.6681730Z 6. Start the Nix daemon.
2025-07-01T16:09:47.6681878Z 
2025-07-01T16:09:47.6682184Z [32m[4;32mWould you like to see a more detailed list of what I will do?
2025-07-01T16:09:47.6682625Z [0mNo TTY, assuming you would say yes :)
2025-07-01T16:09:47.6687186Z 
2025-07-01T16:09:47.6687329Z I will:
2025-07-01T16:09:47.6687494Z 
2025-07-01T16:09:47.6687797Z  - make sure your computer doesn't already have Nix files
2025-07-01T16:09:47.6688453Z    (if it does, I will tell you how to clean them up.)
2025-07-01T16:09:47.6689023Z  - create local users (see the list above for the users I'll make)
2025-07-01T16:09:47.6689370Z  - create a local group (nixbld)
2025-07-01T16:09:47.6689615Z  - install Nix in /nix
2025-07-01T16:09:47.6689857Z  - create a configuration file in /etc/nix
2025-07-01T16:09:47.6690229Z  - set up the "default profile" by creating some Nix-related files in
2025-07-01T16:09:47.6690554Z    /root
2025-07-01T16:09:47.6702745Z  - back up /etc/bash.bashrc to /etc/bash.bashrc.backup-before-nix
2025-07-01T16:09:47.6703452Z  - update /etc/bash.bashrc to include some Nix configuration
2025-07-01T16:09:47.6714220Z  - load and start a service (at /etc/systemd/system/nix-daemon.service
2025-07-01T16:09:47.6714758Z    and /etc/systemd/system/nix-daemon.socket) for nix-daemon
2025-07-01T16:09:47.6715162Z 
2025-07-01T16:09:47.6716771Z [32m[4;32mReady to continue?
2025-07-01T16:09:47.6717319Z [0mNo TTY, assuming you would say yes :)
2025-07-01T16:09:47.6740089Z 
2025-07-01T16:09:47.6740872Z [34m---- let's talk about sudo -----------------------------------------------------
2025-07-01T16:09:47.6751956Z [0mThis script is going to call sudo a lot. Normally, it would show you
2025-07-01T16:09:47.6752519Z exactly what commands it is running and why. However, the script is
2025-07-01T16:09:47.6752888Z run in a headless fashion, like this:
2025-07-01T16:09:47.6753060Z 
2025-07-01T16:09:47.6753243Z   $ curl -L https://nixos.org/nix/install | sh
2025-07-01T16:09:47.6753464Z 
2025-07-01T16:09:47.6753653Z or maybe in a CI pipeline. Because of that, I'm going to skip the
2025-07-01T16:09:47.6754167Z verbose output in the interest of brevity.
2025-07-01T16:09:47.6754494Z 
2025-07-01T16:09:47.6754636Z If you would like to
2025-07-01T16:09:47.6755327Z see the output, try like this:
2025-07-01T16:09:47.6755490Z 
2025-07-01T16:09:47.6755832Z   $ curl -L -o install-nix https://nixos.org/nix/install
2025-07-01T16:09:47.6756151Z   $ sh ./install-nix
2025-07-01T16:09:47.6756289Z 
2025-07-01T16:09:47.6756294Z 
2025-07-01T16:09:47.6756512Z [32m~~> Checking for artifacts of previous installs
2025-07-01T16:09:47.6764709Z [0mBefore I try to install, I'll check for signs Nix already is or has
2025-07-01T16:09:47.6765102Z been installed on this system.
2025-07-01T16:09:47.6799693Z 
2025-07-01T16:09:47.6800332Z [34m---- Nix config report ---------------------------------------------------------
2025-07-01T16:09:47.6801138Z [0m[1m        Temp Dir[0m:	/tmp/tmp.7KkYDiMRv0
2025-07-01T16:09:47.6801943Z [1m        Nix Root[0m:	/nix
2025-07-01T16:09:47.6802306Z [1m     Build Users[0m:	8
2025-07-01T16:09:47.6802594Z [1m  Build Group ID[0m:	30000
2025-07-01T16:09:47.6802892Z [1mBuild Group Name[0m:	nixbld
2025-07-01T16:09:47.6803088Z 
2025-07-01T16:09:47.6803194Z [4;34mbuild users:
2025-07-01T16:09:47.6803429Z [0m[1m    Username[0m:	UID
2025-07-01T16:09:47.6828665Z [1m     nixbld1[0m:	30001
2025-07-01T16:09:47.6839164Z [1m     nixbld2[0m:	30002
2025-07-01T16:09:47.6849349Z [1m     nixbld3[0m:	30003
2025-07-01T16:09:47.6859979Z [1m     nixbld4[0m:	30004
2025-07-01T16:09:47.6869808Z [1m     nixbld5[0m:	30005
2025-07-01T16:09:47.6880288Z [1m     nixbld6[0m:	30006
2025-07-01T16:09:47.6890161Z [1m     nixbld7[0m:	30007
2025-07-01T16:09:47.6899884Z [1m     nixbld8[0m:	30008
2025-07-01T16:09:47.6900175Z 
2025-07-01T16:09:47.6900374Z [32m[4;32mReady to continue?
2025-07-01T16:09:47.6900932Z [0mNo TTY, assuming you would say yes :)
2025-07-01T16:09:47.6902661Z 
2025-07-01T16:09:47.6903074Z [32m~~> Setting up the build group nixbld
2025-07-01T16:09:47.7565157Z [0m[1m            Created[0m:	Yes
2025-07-01T16:09:47.7588211Z 
2025-07-01T16:09:47.7588687Z [32m~~> Setting up the build user nixbld1
2025-07-01T16:09:47.7739862Z useradd warning: nixbld1's uid 30001 is greater than SYS_UID_MAX 999
2025-07-01T16:09:47.7841220Z [0m[1m           Created[0m:	Yes
2025-07-01T16:09:47.7847014Z [1m            Hidden[0m:	Yes
2025-07-01T16:09:47.7866707Z [1m    Home Directory[0m:	/var/empty
2025-07-01T16:09:47.7886733Z [1m              Note[0m:	Nix build user 1
2025-07-01T16:09:47.7907152Z [1m   Logins Disabled[0m:	Yes
2025-07-01T16:09:47.7931261Z [1m  Member of nixbld[0m:	Yes
2025-07-01T16:09:47.7954109Z [1m    PrimaryGroupID[0m:	30000
2025-07-01T16:09:47.7965881Z 
2025-07-01T16:09:47.7966309Z [32m~~> Setting up the build user nixbld2
2025-07-01T16:09:47.8117468Z useradd warning: nixbld2's uid 30002 is greater than SYS_UID_MAX 999
2025-07-01T16:09:47.8222123Z [0m[1m           Created[0m:	Yes
2025-07-01T16:09:47.8227249Z [1m            Hidden[0m:	Yes
2025-07-01T16:09:47.8248158Z [1m    Home Directory[0m:	/var/empty
2025-07-01T16:09:47.8268618Z [1m              Note[0m:	Nix build user 2
2025-07-01T16:09:47.8286780Z [1m   Logins Disabled[0m:	Yes
2025-07-01T16:09:47.8308062Z [1m  Member of nixbld[0m:	Yes
2025-07-01T16:09:47.8326808Z [1m    PrimaryGroupID[0m:	30000
2025-07-01T16:09:47.8337900Z 
2025-07-01T16:09:47.8338353Z [32m~~> Setting up the build user nixbld3
2025-07-01T16:09:47.8477599Z useradd warning: nixbld3's uid 30003 is greater than SYS_UID_MAX 999
2025-07-01T16:09:47.8581392Z [0m[1m           Created[0m:	Yes
2025-07-01T16:09:47.8586637Z [1m            Hidden[0m:	Yes
2025-07-01T16:09:47.8606068Z [1m    Home Directory[0m:	/var/empty
2025-07-01T16:09:47.8626227Z [1m              Note[0m:	Nix build user 3
2025-07-01T16:09:47.8643693Z [1m   Logins Disabled[0m:	Yes
2025-07-01T16:09:47.8663061Z [1m  Member of nixbld[0m:	Yes
2025-07-01T16:09:47.8680704Z [1m    PrimaryGroupID[0m:	30000
2025-07-01T16:09:47.8691790Z 
2025-07-01T16:09:47.8692662Z [32m~~> Setting up the build user nixbld4
2025-07-01T16:09:47.8834564Z useradd warning: nixbld4's uid 30004 is greater than SYS_UID_MAX 999
2025-07-01T16:09:47.8934323Z [0m[1m           Created[0m:	Yes
2025-07-01T16:09:47.8939733Z [1m            Hidden[0m:	Yes
2025-07-01T16:09:47.8959483Z [1m    Home Directory[0m:	/var/empty
2025-07-01T16:09:47.8979269Z [1m              Note[0m:	Nix build user 4
2025-07-01T16:09:47.8997756Z [1m   Logins Disabled[0m:	Yes
2025-07-01T16:09:47.9016371Z [1m  Member of nixbld[0m:	Yes
2025-07-01T16:09:47.9034532Z [1m    PrimaryGroupID[0m:	30000
2025-07-01T16:09:47.9045263Z 
2025-07-01T16:09:47.9045878Z [32m~~> Setting up the build user nixbld5
2025-07-01T16:09:47.9198551Z useradd warning: nixbld5's uid 30005 is greater than SYS_UID_MAX 999
2025-07-01T16:09:47.9297629Z [0m[1m           Created[0m:	Yes
2025-07-01T16:09:47.9303488Z [1m            Hidden[0m:	Yes
2025-07-01T16:09:47.9324996Z [1m    Home Directory[0m:	/var/empty
2025-07-01T16:09:47.9346022Z [1m              Note[0m:	Nix build user 5
2025-07-01T16:09:47.9367087Z [1m   Logins Disabled[0m:	Yes
2025-07-01T16:09:47.9386782Z [1m  Member of nixbld[0m:	Yes
2025-07-01T16:09:47.9406154Z [1m    PrimaryGroupID[0m:	30000
2025-07-01T16:09:47.9417220Z 
2025-07-01T16:09:47.9417734Z [32m~~> Setting up the build user nixbld6
2025-07-01T16:09:47.9567785Z useradd warning: nixbld6's uid 30006 is greater than SYS_UID_MAX 999
2025-07-01T16:09:47.9670153Z [0m[1m           Created[0m:	Yes
2025-07-01T16:09:47.9675318Z [1m            Hidden[0m:	Yes
2025-07-01T16:09:47.9695495Z [1m    Home Directory[0m:	/var/empty
2025-07-01T16:09:47.9716191Z [1m              Note[0m:	Nix build user 6
2025-07-01T16:09:47.9735208Z [1m   Logins Disabled[0m:	Yes
2025-07-01T16:09:47.9756159Z [1m  Member of nixbld[0m:	Yes
2025-07-01T16:09:47.9774983Z [1m    PrimaryGroupID[0m:	30000
2025-07-01T16:09:47.9786493Z 
2025-07-01T16:09:47.9787123Z [32m~~> Setting up the build user nixbld7
2025-07-01T16:09:47.9932822Z useradd warning: nixbld7's uid 30007 is greater than SYS_UID_MAX 999
2025-07-01T16:09:48.0033654Z [0m[1m           Created[0m:	Yes
2025-07-01T16:09:48.0038858Z [1m            Hidden[0m:	Yes
2025-07-01T16:09:48.0059218Z [1m    Home Directory[0m:	/var/empty
2025-07-01T16:09:48.0079622Z [1m              Note[0m:	Nix build user 7
2025-07-01T16:09:48.0099384Z [1m   Logins Disabled[0m:	Yes
2025-07-01T16:09:48.0120760Z [1m  Member of nixbld[0m:	Yes
2025-07-01T16:09:48.0138942Z [1m    PrimaryGroupID[0m:	30000
2025-07-01T16:09:48.0149509Z 
2025-07-01T16:09:48.0149921Z [32m~~> Setting up the build user nixbld8
2025-07-01T16:09:48.0291261Z useradd warning: nixbld8's uid 30008 is greater than SYS_UID_MAX 999
2025-07-01T16:09:48.0430258Z [0m[1m           Created[0m:	Yes
2025-07-01T16:09:48.0436038Z [1m            Hidden[0m:	Yes
2025-07-01T16:09:48.0455556Z [1m    Home Directory[0m:	/var/empty
2025-07-01T16:09:48.0475985Z [1m              Note[0m:	Nix build user 8
2025-07-01T16:09:48.0493852Z [1m   Logins Disabled[0m:	Yes
2025-07-01T16:09:48.0513088Z [1m  Member of nixbld[0m:	Yes
2025-07-01T16:09:48.0531099Z [1m    PrimaryGroupID[0m:	30000
2025-07-01T16:09:48.0531729Z 
2025-07-01T16:09:48.0532073Z [32m~~> Setting up the basic directory structure
2025-07-01T16:09:48.0615495Z [0minstall: creating directory '/nix'
2025-07-01T16:09:48.0615947Z install: creating directory '/nix/var'
2025-07-01T16:09:48.0616273Z install: creating directory '/nix/var/log'
2025-07-01T16:09:48.0616748Z install: creating directory '/nix/var/log/nix'
2025-07-01T16:09:48.0617345Z install: creating directory '/nix/var/log/nix/drvs'
2025-07-01T16:09:48.0617913Z install: creating directory '/nix/var/nix'
2025-07-01T16:09:48.0618451Z install: creating directory '/nix/var/nix/db'
2025-07-01T16:09:48.0619010Z install: creating directory '/nix/var/nix/gcroots'
2025-07-01T16:09:48.0619592Z install: creating directory '/nix/var/nix/profiles'
2025-07-01T16:09:48.0620248Z install: creating directory '/nix/var/nix/temproots'
2025-07-01T16:09:48.0620825Z install: creating directory '/nix/var/nix/userpool'
2025-07-01T16:09:48.0621422Z install: creating directory '/nix/var/nix/daemon-socket'
2025-07-01T16:09:48.0622678Z install: creating directory '/nix/var/nix/gcroots/per-user'
2025-07-01T16:09:48.0623546Z install: creating directory '/nix/var/nix/profiles/per-user'
2025-07-01T16:09:48.0702761Z install: creating directory '/nix/store'
2025-07-01T16:09:48.0784957Z install: creating directory '/etc/nix'
2025-07-01T16:09:48.0796151Z 
2025-07-01T16:09:48.0796748Z [32m~~> Installing Nix
2025-07-01T16:09:48.2744274Z [0m      Alright! We have our first nix at /nix/store/x3235311q3n51rppm2y2ycwd7nb3mgpn-nix-2.26.3
2025-07-01T16:09:48.3206544Z       Just finished getting the nix database ready.
2025-07-01T16:09:48.3209124Z 
2025-07-01T16:09:48.3210149Z [32m~~> Setting up shell profiles: /etc/bashrc /etc/profile.d/nix.sh /etc/zshrc /etc/bash.bashrc /etc/zsh/zshrc
2025-07-01T16:09:48.3390585Z [0m
2025-07-01T16:09:48.3390947Z # Nix
2025-07-01T16:09:48.3391429Z if [ -e '/nix/var/nix/profiles/default/etc/profile.d/nix-daemon.sh' ]; then
2025-07-01T16:09:48.3392196Z   . '/nix/var/nix/profiles/default/etc/profile.d/nix-daemon.sh'
2025-07-01T16:09:48.3392778Z fi
2025-07-01T16:09:48.3392960Z # End Nix
2025-07-01T16:09:48.3393075Z 
2025-07-01T16:09:48.3565423Z 
2025-07-01T16:09:48.3565818Z # Nix
2025-07-01T16:09:48.3566401Z if [ -e '/nix/var/nix/profiles/default/etc/profile.d/nix-daemon.sh' ]; then
2025-07-01T16:09:48.3567338Z   . '/nix/var/nix/profiles/default/etc/profile.d/nix-daemon.sh'
2025-07-01T16:09:48.3567975Z fi
2025-07-01T16:09:48.3568325Z # End Nix
2025-07-01T16:09:48.3568503Z 
2025-07-01T16:09:48.3741838Z 
2025-07-01T16:09:48.3742142Z # Nix
2025-07-01T16:09:48.3742784Z if [ -e '/nix/var/nix/profiles/default/etc/profile.d/nix-daemon.sh' ]; then
2025-07-01T16:09:48.3743381Z   . '/nix/var/nix/profiles/default/etc/profile.d/nix-daemon.sh'
2025-07-01T16:09:48.3743872Z fi
2025-07-01T16:09:48.3744169Z # End Nix
2025-07-01T16:09:48.3744357Z 
2025-07-01T16:09:48.3910976Z 
2025-07-01T16:09:48.3911315Z # Nix
2025-07-01T16:09:48.3912701Z if [ -e '/nix/var/nix/profiles/default/etc/profile.d/nix-daemon.sh' ]; then
2025-07-01T16:09:48.3913563Z   . '/nix/var/nix/profiles/default/etc/profile.d/nix-daemon.sh'
2025-07-01T16:09:48.3914008Z fi
2025-07-01T16:09:48.3914206Z # End Nix
2025-07-01T16:09:48.3914323Z 
2025-07-01T16:09:48.3936217Z 
2025-07-01T16:09:48.3937423Z [32m~~> Setting up shell profiles for Fish with conf.d/nix.fish inside /etc/fish /usr/local/etc/fish /opt/homebrew/etc/fish /opt/local/etc/fish
2025-07-01T16:09:48.4120298Z [0m
2025-07-01T16:09:48.4120768Z [32m~~> Setting up the default profile
2025-07-01T16:09:48.4429359Z installing 'nix-2.26.3'
2025-07-01T16:09:48.4572253Z building '/nix/store/5afca9ydks0pp5szkwwhi7a6m2zmgk9g-user-environment.drv'...
2025-07-01T16:09:48.5006876Z installing 'nss-cacert-3.107'
2025-07-01T16:09:48.5145351Z building '/nix/store/ilxzpc39hcw5jr229rmajjkyz1a0fym1-user-environment.drv'...
2025-07-01T16:09:48.5364765Z [0m
2025-07-01T16:09:48.5365271Z [32m~~> Setting up the nix-daemon systemd service
2025-07-01T16:09:48.5752057Z Created symlink /etc/systemd/system/nix-daemon.service → /nix/var/nix/profiles/default/lib/systemd/system/nix-daemon.service.
2025-07-01T16:09:48.8505214Z Created symlink /etc/systemd/system/nix-daemon.socket → /nix/var/nix/profiles/default/lib/systemd/system/nix-daemon.socket.
2025-07-01T16:09:48.8507134Z Created symlink /etc/systemd/system/sockets.target.wants/nix-daemon.socket → /nix/var/nix/profiles/default/lib/systemd/system/nix-daemon.socket.
2025-07-01T16:09:49.4310597Z [0m[32mAlright! We're done!
2025-07-01T16:09:49.4333938Z [0mTry it! Open a new terminal, and type:
2025-07-01T16:09:49.4334349Z 
2025-07-01T16:09:49.4334679Z   $ nix-shell -p nix-info --run "nix-info -m"
2025-07-01T16:09:49.4335047Z 
2025-07-01T16:09:49.4335385Z Thank you for using this installer. If you have any feedback or need
2025-07-01T16:09:49.4336007Z help, don't hesitate:
2025-07-01T16:09:49.4336232Z 
2025-07-01T16:09:49.4336403Z You can open an issue at
2025-07-01T16:09:49.4337076Z https://github.com/NixOS/nix/issues/new?labels=installer&template=installer.md
2025-07-01T16:09:49.4338110Z 
2025-07-01T16:09:49.4338446Z Or get in touch with the community: https://nixos.org/community
2025-07-01T16:09:49.4356619Z 
2025-07-01T16:09:49.4358086Z [34m---- Reminders -----------------------------------------------------------------
2025-07-01T16:09:49.4358812Z [0m[34m[ 1 ][0m
2025-07-01T16:09:49.4359303Z Nix won't work in active shell sessions until you restart them.
2025-07-01T16:09:49.4359678Z 
2025-07-01T16:09:49.5040304Z ##[endgroup]
2025-07-01T16:09:49.5123270Z ##[group]Run /home/runner/work/_actions/ava-labs/avalanchego/092cf182dd92b66a8ab882b657d3ae52b174c913/.github/actions/run-monitored-tmpnet-cmd/nix-develop.sh --command echo "dependencies installed"
2025-07-01T16:09:49.5124685Z [36;1m/home/runner/work/_actions/ava-labs/avalanchego/092cf182dd92b66a8ab882b657d3ae52b174c913/.github/actions/run-monitored-tmpnet-cmd/nix-develop.sh --command echo "dependencies installed"[0m
2025-07-01T16:09:49.5184358Z shell: /usr/bin/bash --noprofile --norc -e -o pipefail {0}
2025-07-01T16:09:49.5184689Z env:
2025-07-01T16:09:49.5184912Z   TMPDIR: /home/runner/work/_temp
2025-07-01T16:09:49.5185157Z ##[endgroup]
2025-07-01T16:09:49.5281957Z No local flake found, will attempt to use avalanchego flake
2025-07-01T16:09:49.5369884Z Starting nix shell for github:ava-labs/avalanchego?ref=v1.13.2
2025-07-01T16:09:49.7927510Z unpacking 'github:ava-labs/avalanchego/092cf182dd92b66a8ab882b657d3ae52b174c913' into the Git cache...
2025-07-01T16:09:51.2900922Z copying path '/nix/store/i99indk3y6pc3sm0k1xx3nakm193lqzb-source' from 'https://cache.nixos.org'...
2025-07-01T16:10:07.8406207Z copying path '/nix/store/899rx4l5zz1za8nx7ijp7swv5ibc8wx2-git-2.47.2-doc' from 'https://cache.nixos.org'...
2025-07-01T16:10:07.8411951Z copying path '/nix/store/zpab59ialz19x6f65jbjf5xb8waa54av-iana-etc-20240318' from 'https://cache.nixos.org'...
2025-07-01T16:10:07.8435991Z copying path '/nix/store/dgzz9k53hz1qgklnj9667xzliyidj9cs-mailcap-2.1.54' from 'https://cache.nixos.org'...
2025-07-01T16:10:07.8443453Z copying path '/nix/store/hnpph37w6p5jfspwf5pksljpf0wqwjg3-perl5.40.0-Digest-HMAC-1.04' from 'https://cache.nixos.org'...
2025-07-01T16:10:07.8446659Z copying path '/nix/store/cnb01qfmg8c3irp630nplhwa201d7xsr-perl5.40.0-FCGI-ProcManager-0.28' from 'https://cache.nixos.org'...
2025-07-01T16:10:07.8450329Z copying path '/nix/store/v657ak4hdkixvq99rk3qvyh28in945dv-perl5.40.0-HTML-TagCloud-0.38' from 'https://cache.nixos.org'...
2025-07-01T16:10:07.8479768Z copying path '/nix/store/9qrv0d0yd9wss610gjzv3507ry6v9mzw-perl5.40.0-URI-5.21' from 'https://cache.nixos.org'...
2025-07-01T16:10:07.8499227Z copying path '/nix/store/pz7y4qd8lyhg9y6wmb9hynivx36f53zp-perl5.40.0-libnet-3.15' from 'https://cache.nixos.org'...
2025-07-01T16:10:07.8500748Z copying path '/nix/store/l6mypzy4rvkxd5kwzs18d88syirislib-tzdata-2024b' from 'https://cache.nixos.org'...
2025-07-01T16:10:07.8525393Z copying path '/nix/store/d8qbcrirc6jidfacy0qa50zy07i15xcz-gnu-config-2024-01-01' from 'https://cache.nixos.org'...
2025-07-01T16:10:07.8534910Z copying path '/nix/store/czlhi3r9b6ip4xyynwibfhm458ljwsir-gcc-13.3.0-libgcc' from 'https://cache.nixos.org'...
2025-07-01T16:10:07.8574451Z copying path '/nix/store/rscnjwdmhya0wcdmbygr3jpz6p39kvhr-perl5.40.0-Encode-Locale-1.05' from 'https://cache.nixos.org'...
2025-07-01T16:10:07.8576624Z copying path '/nix/store/74bbxwiamv62d2l089f1r8apv295vsry-perl5.40.0-HTML-Tagset-3.20' from 'https://cache.nixos.org'...
2025-07-01T16:10:07.8579480Z copying path '/nix/store/krx6xw6wxakapdkviirq57yh3nl3227h-perl5.40.0-IO-HTML-1.004' from 'https://cache.nixos.org'...
2025-07-01T16:10:07.8582108Z copying path '/nix/store/3r0pprxsd9n52nb2yqq3idwb75d0spzd-perl5.40.0-LWP-MediaTypes-6.04' from 'https://cache.nixos.org'...
2025-07-01T16:10:07.8586278Z copying path '/nix/store/w9yrswzdifcjhg0righ76aqb6bpslhkb-perl5.40.0-Mozilla-CA-20230821' from 'https://cache.nixos.org'...
2025-07-01T16:10:07.8697522Z copying path '/nix/store/x6i8jiz3yv3h209xfbz9a3ch1sm16167-dns-root-data-2024-06-20' from 'https://cache.nixos.org'...
2025-07-01T16:10:07.8702665Z copying path '/nix/store/swnhrfysvmwjvibcafm0im377pcfs80v-curl-8.12.1-man' from 'https://cache.nixos.org'...
2025-07-01T16:10:07.8748780Z copying path '/nix/store/maxa3xhmxggrc5v2vc0c3pjb79hjlkp9-glibc-2.40-66' from 'https://cache.nixos.org'...
2025-07-01T16:10:07.8762383Z copying path '/nix/store/970fk2m63qra4ybkpp99rw7mld9fphlv-nghttp2-1.64.0' from 'https://cache.nixos.org'...
2025-07-01T16:10:07.8767268Z copying path '/nix/store/frpqzb3223826xq72s0fcjmjmj50wpyn-perl5.40.0-Authen-SASL-2.1700' from 'https://cache.nixos.org'...
2025-07-01T16:10:07.8776658Z copying path '/nix/store/5ahjfkydg49xvbr3vghhv317prgspnf3-mirrors-list' from 'https://cache.nixos.org'...
2025-07-01T16:10:07.8782047Z copying path '/nix/store/dvsai0ym9czjl5mcsarcdwccb70615n4-linux-headers-6.10' from 'https://cache.nixos.org'...
2025-07-01T16:10:07.8784651Z copying path '/nix/store/hz5m52dx8x6vvi5pp0yikxb3b05bmi2j-perl5.40.0-Test-Needs-0.002010' from 'https://cache.nixos.org'...
2025-07-01T16:10:07.8789253Z copying path '/nix/store/vlfgix8rcbj3l9yk0rna1damxkafbq18-perl5.40.0-Net-HTTP-6.23' from 'https://cache.nixos.org'...
2025-07-01T16:10:07.8797721Z copying path '/nix/store/ldlsmrf2rrq28s08mzjk245vr26dwwhi-perl5.40.0-Test-RequiresInternet-0.05' from 'https://cache.nixos.org'...
2025-07-01T16:10:07.8802375Z copying path '/nix/store/vvjpgyk6jgd6k74pgpjrln6m6aqyiaig-perl5.40.0-Try-Tiny-0.31' from 'https://cache.nixos.org'...
2025-07-01T16:10:07.8807518Z copying path '/nix/store/5xvxvpl9armf0p6y9m4g1zl1mypvr9m7-perl5.40.0-TimeDate-2.33' from 'https://cache.nixos.org'...
2025-07-01T16:10:07.8810098Z copying path '/nix/store/6aqxgf5ygcscqsh4p9krd0dz2hc1cn0w-perl5.40.0-WWW-RobotRules-6.02' from 'https://cache.nixos.org'...
2025-07-01T16:10:07.8820596Z copying path '/nix/store/lj7p9q5kgmdcq768rvsgvjndi42mjcn8-publicsuffix-list-0-unstable-2024-10-25' from 'https://cache.nixos.org'...
2025-07-01T16:10:07.8855912Z copying path '/nix/store/i9ymkbklv1q9yzl7wwx7300wbkqdln0r-update-autotools-gnu-config-scripts-hook' from 'https://cache.nixos.org'...
2025-07-01T16:10:07.8974732Z copying path '/nix/store/2h648f4xlzszyc01yf67xd2rgira65js-perl5.40.0-Test-Fatal-0.017' from 'https://cache.nixos.org'...
2025-07-01T16:10:07.9060920Z copying path '/nix/store/shx8jax9b662cd9nlml731hh9wks24v1-perl5.40.0-HTTP-Date-6.06' from 'https://cache.nixos.org'...
2025-07-01T16:10:07.9403400Z copying path '/nix/store/i9hiqc4dfksm9cpqvff39smfpn49zbj6-perl5.40.0-File-Listing-6.16' from 'https://cache.nixos.org'...
2025-07-01T16:10:07.9405774Z copying path '/nix/store/0m34prvcx3d3vd9f4djbaqji7yb9swsh-perl5.40.0-HTTP-CookieJar-0.014' from 'https://cache.nixos.org'...
2025-07-01T16:10:07.9793228Z copying path '/nix/store/as8g73awbgrhpf5p6qjnrd5v9anw74ix-go-task-3.39.2' from 'https://cache.nixos.org'...
2025-07-01T16:10:07.9795531Z copying path '/nix/store/19402vwa1rndilww6fpbviz0lza8846p-kind-0.24.0' from 'https://cache.nixos.org'...
2025-07-01T16:10:07.9798371Z copying path '/nix/store/1fqgvq0i498w4ynywyj224i49izzzqrk-protoc-gen-go-grpc-1.3.0' from 'https://cache.nixos.org'...
2025-07-01T16:10:07.9806205Z copying path '/nix/store/23cshhh8k7z46gadr86krv15xphggawm-kubectl-1.31.2' from 'https://cache.nixos.org'...
2025-07-01T16:10:07.9810223Z copying path '/nix/store/i7r45jjmvfxiw8j7ihjx51jachylq1si-protoc-gen-go-1.35.1' from 'https://cache.nixos.org'...
2025-07-01T16:10:08.4598007Z copying path '/nix/store/vlgwyb076hkz7yv96sjnj9msb1jn1ggz-attr-2.5.2' from 'https://cache.nixos.org'...
2025-07-01T16:10:08.4605738Z copying path '/nix/store/c9z2sp8dyx1k0zk374v1142hmphashd0-buf-1.47.2' from 'https://cache.nixos.org'...
2025-07-01T16:10:08.4609379Z copying path '/nix/store/8vpg72ik2kgxfj05lc56hkqrdrfl8xi9-bash-5.2p37' from 'https://cache.nixos.org'...
2025-07-01T16:10:08.4610775Z copying path '/nix/store/0hv5ymwkczx3ak8h3yldfbwbab33jnrw-expat-2.6.4' from 'https://cache.nixos.org'...
2025-07-01T16:10:08.4612489Z copying path '/nix/store/fcqfyri9kljs5jd7h556f004qmci1qin-expand-response-params' from 'https://cache.nixos.org'...
2025-07-01T16:10:08.4614087Z copying path '/nix/store/83s1wqvrx7yvy3g6dmdr2icgg3qqbjcp-brotli-1.1.0-lib' from 'https://cache.nixos.org'...
2025-07-01T16:10:08.4616066Z copying path '/nix/store/3p3fwczck2yn1wwfjnymzkz8w11vbvg7-gawk-5.3.1' from 'https://cache.nixos.org'...
2025-07-01T16:10:08.4622709Z copying path '/nix/store/qiisx6c7qpyzq522j3icsfhj8ayw6ah4-bzip2-1.0.8' from 'https://cache.nixos.org'...
2025-07-01T16:10:08.4624671Z copying path '/nix/store/mhd0rk497xm0xnip7262xdw9bylvzh99-gcc-13.3.0-lib' from 'https://cache.nixos.org'...
2025-07-01T16:10:08.4626381Z copying path '/nix/store/7zv1sq1k25gk2rvgxnm262vp5hydkv1a-gdbm-1.24-lib' from 'https://cache.nixos.org'...
2025-07-01T16:10:08.4627804Z copying path '/nix/store/2kiskq24j06g4qw3xs8zsy2dkawh4gxk-glibc-2.40-66-bin' from 'https://cache.nixos.org'...
2025-07-01T16:10:08.4629201Z copying path '/nix/store/wg9gg3zkwcqhyycj0vkfnhgk5a4z9faq-ed-1.20.2' from 'https://cache.nixos.org'...
2025-07-01T16:10:08.4630538Z copying path '/nix/store/8k19h07hh2g1w5kp5yglzddswnvdmxpy-gmp-6.3.0' from 'https://cache.nixos.org'...
2025-07-01T16:10:08.4632172Z copying path '/nix/store/cfb4pxnfh2sf4csk8xh7abfqv96k66nh-glibc-2.40-66-getent' from 'https://cache.nixos.org'...
2025-07-01T16:10:08.4633659Z copying path '/nix/store/m3da56j3r7h4hp0kr8v1xsnk16x900yf-gnumake-4.4.1' from 'https://cache.nixos.org'...
2025-07-01T16:10:08.4689724Z copying path '/nix/store/3ks7b6p43dpvnlnxgvlcy2jaf1np37p2-gnused-4.9' from 'https://cache.nixos.org'...
2025-07-01T16:10:08.4859233Z copying path '/nix/store/mwwpv4k7skbx4vr2qjc89pvs7mhmgapb-k9s-0.32.7' from 'https://cache.nixos.org'...
2025-07-01T16:10:08.4866719Z copying path '/nix/store/1fby1pxf0z16lgl728i2sqwqr2hrw2h8-json-c-0.17' from 'https://cache.nixos.org'...
2025-07-01T16:10:08.4884284Z copying path '/nix/store/yyfzan4mn874v885jy6fs598gjb31c4l-bzip2-1.0.8-bin' from 'https://cache.nixos.org'...
2025-07-01T16:10:08.4901982Z copying path '/nix/store/dyizbk50iglbibrbwbgw2mhgskwb6ham-acl-2.3.2' from 'https://cache.nixos.org'...
2025-07-01T16:10:08.4905617Z copying path '/nix/store/r4p475lxvaklr9rj8l2a4sahkx5c0209-getent-glibc-2.40-66' from 'https://cache.nixos.org'...
2025-07-01T16:10:08.5016831Z copying path '/nix/store/79kh226vw8rrk62jbs27hdad1clwy447-keyutils-1.6.3-lib' from 'https://cache.nixos.org'...
2025-07-01T16:10:08.5147041Z copying path '/nix/store/wnsn67xb3i072b6i496y002byvc3ipa3-kubernetes-helm-3.16.3' from 'https://cache.nixos.org'...
2025-07-01T16:10:08.5367301Z copying path '/nix/store/q57zi48njdcgxy4n8d5lm5pf746drc8f-isl-0.20' from 'https://cache.nixos.org'...
2025-07-01T16:10:08.5485654Z copying path '/nix/store/bpzy7snv1xr7s1z2xi7bw0q5z9j6g1gg-libantlr3c-3.4' from 'https://cache.nixos.org'...
2025-07-01T16:10:08.5740247Z copying path '/nix/store/0iabf1jhsfrrxkdi599kb8m37p82yr1z-audit-4.0' from 'https://cache.nixos.org'...
2025-07-01T16:10:08.5759276Z copying path '/nix/store/ky06iawcwsvxmx8yw66y2a7iy7b14yii-libapparmor-4.0.3' from 'https://cache.nixos.org'...
2025-07-01T16:10:08.5766010Z copying path '/nix/store/nc394xps4al1r99ziabqvajbkrhxr5b7-gzip-1.13' from 'https://cache.nixos.org'...
2025-07-01T16:10:08.5768021Z copying path '/nix/store/fx6mfndjsbb0dqn9jzf1ksz9wf1dlrq7-libcap-2.70-lib' from 'https://cache.nixos.org'...
2025-07-01T16:10:08.5795671Z copying path '/nix/store/pmg7hw4ar16dhx5hk6jswvxy349wzsm7-gnutar-1.35' from 'https://cache.nixos.org'...
2025-07-01T16:10:08.5887644Z copying path '/nix/store/7yf5ijcl2lh90xs5nkrdpfdvcmc9fnc5-libcbor-0.11.0' from 'https://cache.nixos.org'...
2025-07-01T16:10:08.5944670Z copying path '/nix/store/bldybfhh9v9dvpms8kh87v1a6jp6i28p-libevent-2.1.12' from 'https://cache.nixos.org'...
2025-07-01T16:10:08.5948345Z copying path '/nix/store/wxgvd9mivxdbahxidq751gxyz7x7jb8n-libffi-3.4.6' from 'https://cache.nixos.org'...
2025-07-01T16:10:08.5970562Z copying path '/nix/store/p0c3g3dxr818lggbk6ms3nhm97g0pir9-libgpg-error-1.50' from 'https://cache.nixos.org'...
2025-07-01T16:10:08.6332764Z copying path '/nix/store/81awch8mhqanda1vy0c09bflgra4cxh0-glibc-2.40-66-dev' from 'https://cache.nixos.org'...
2025-07-01T16:10:08.6406811Z copying path '/nix/store/2w8a5z0rcs4fk3ds3fnd03x6syjjl1hb-libmnl-1.0.5' from 'https://cache.nixos.org'...
2025-07-01T16:10:08.6588219Z copying path '/nix/store/ywvi2y4yv3qyh0phw9y2ji17smh8nawj-libnfnetlink-1.0.2' from 'https://cache.nixos.org'...
2025-07-01T16:10:08.6625097Z copying path '/nix/store/dg6d7zs1bwnhwb3sd3xdbldvpa163a5z-libnl-3.10.0' from 'https://cache.nixos.org'...
2025-07-01T16:10:08.6815996Z copying path '/nix/store/xxc6rkndd68cq1225asn380bbj0512dg-libpsl-0.21.5' from 'https://cache.nixos.org'...
2025-07-01T16:10:08.7101774Z copying path '/nix/store/68vmpyiabh89l7hbp9z2hmwci74vnfi4-libseccomp-2.5.5-lib' from 'https://cache.nixos.org'...
2025-07-01T16:10:08.7254258Z copying path '/nix/store/wr7w1x0x1j4qli60wm22q3bc02dga08c-libtasn1-4.20.0' from 'https://cache.nixos.org'...
2025-07-01T16:10:08.7335519Z copying path '/nix/store/hnh6ivl105y4sw0ifv4kbihrvbddmlkm-libxcrypt-4.4.36' from 'https://cache.nixos.org'...
2025-07-01T16:10:08.7513267Z copying path '/nix/store/96m2mjx55syyky6zymjnbl3pvgxlwchb-libnftnl-1.2.8' from 'https://cache.nixos.org'...
2025-07-01T16:10:08.7525220Z copying path '/nix/store/17195j62sjxjn0xwnmj3icr01n3d678r-libnetfilter_conntrack-1.1.0' from 'https://cache.nixos.org'...
2025-07-01T16:10:08.7601128Z copying path '/nix/store/qhs6zflzhdr11j6byf1c1j52z39hnaaw-db-4.8.30' from 'https://cache.nixos.org'...
2025-07-01T16:10:08.7634778Z copying path '/nix/store/8g8wdqid20924fbppbljsl6l7gr0p21j-gettext-0.21.1' from 'https://cache.nixos.org'...
2025-07-01T16:10:08.7643282Z copying path '/nix/store/dsxb6qvi21bzy21c98kb71wfbdj4lmz7-gmp-with-cxx-6.3.0' from 'https://cache.nixos.org'...
2025-07-01T16:10:08.7783177Z copying path '/nix/store/nn7nj7xq8gdfyxqhchphzia7i34rwb0v-gmp-with-cxx-6.3.0' from 'https://cache.nixos.org'...
2025-07-01T16:10:08.7907347Z copying path '/nix/store/rq8lq7r8vjqrbn2bgfglm9dxfi83gdg9-icu4c-74.2' from 'https://cache.nixos.org'...
2025-07-01T16:10:08.7983734Z copying path '/nix/store/99jfkvhck3c2675n2cy71g40km6m0pf9-libassuan-2.5.7' from 'https://cache.nixos.org'...
2025-07-01T16:10:08.8115311Z copying path '/nix/store/h9c111ckc8wg3ksxb7kj8cwhgaj52118-libgcrypt-1.10.3-lib' from 'https://cache.nixos.org'...
2025-07-01T16:10:08.8366025Z copying path '/nix/store/9yh47sg27z9263ll65d414rgcyrclk57-libxml2-2.13.6' from 'https://cache.nixos.org'...
2025-07-01T16:10:08.8543958Z copying path '/nix/store/p9k3wzaw6d3wjgcbrfv2g1chj0mj2inb-lz4-1.10.0-lib' from 'https://cache.nixos.org'...
2025-07-01T16:10:08.8894235Z copying path '/nix/store/yh2c9f04q1vcfhpkamidrg3sdnwk5bvy-mpdecimal-4.0.0' from 'https://cache.nixos.org'...
2025-07-01T16:10:08.8985784Z copying path '/nix/store/1h2yigiwy6bgpyzlywj36s5nqkgca8bv-libpcap-1.10.5' from 'https://cache.nixos.org'...
2025-07-01T16:10:08.9147534Z copying path '/nix/store/b75dbfz0gria25kn2qlfpnmp39h31spw-mpfr-4.2.1' from 'https://cache.nixos.org'...
2025-07-01T16:10:08.9238466Z copying path '/nix/store/z7ndn3k8zfjrf713gq443q7a2ixzaab5-ncurses-6.4.20221231' from 'https://cache.nixos.org'...
2025-07-01T16:10:08.9532330Z copying path '/nix/store/1w5jm9zaxwr5b8nvh41c7iz236my185m-nghttp2-1.64.0-lib' from 'https://cache.nixos.org'...
2025-07-01T16:10:08.9576889Z copying path '/nix/store/9m68vvhnsq5cpkskphgw84ikl9m6wjwp-coreutils-9.5' from 'https://cache.nixos.org'...
2025-07-01T16:10:09.0207413Z copying path '/nix/store/mgpn83jmnf37ky77a8qy6m466qqmlyqk-cln-1.3.7' from 'https://cache.nixos.org'...
2025-07-01T16:10:09.0480722Z copying path '/nix/store/qvrp85i3yc9vw5x1vyx714m03jsf60rc-cvc4-1.8' from 'https://cache.nixos.org'...
2025-07-01T16:10:09.0695321Z copying path '/nix/store/6s0zzvp9in28jkmzwh5p69v1zwpi5mi4-linux-pam-1.6.1' from 'https://cache.nixos.org'...
2025-07-01T16:10:09.0737718Z copying path '/nix/store/q95qgxy40rx1ifa13j8l38sx3myvkhb9-nettle-3.10' from 'https://cache.nixos.org'...
2025-07-01T16:10:09.0768527Z copying path '/nix/store/j4377imdqpm27h5hspds1skgsazyj0d9-nghttp2-1.64.0-lib' from 'https://cache.nixos.org'...
2025-07-01T16:10:09.1143116Z copying path '/nix/store/n9ya3i584zvcw6696326sdlg61d6lamf-npth-1.7' from 'https://cache.nixos.org'...
2025-07-01T16:10:09.1233604Z copying path '/nix/store/kavgc464axad77kj4x4bza7s345nrhin-iptables-1.8.10' from 'https://cache.nixos.org'...
2025-07-01T16:10:09.1590853Z copying path '/nix/store/pbjp09wrnbklrfy7n2h5qix15fl5ylhj-libmpc-1.3.1' from 'https://cache.nixos.org'...
2025-07-01T16:10:09.2068184Z copying path '/nix/store/w8xb93nwhnhlkqd9kwahkzqvbg98qs74-nghttp2-1.64.0-dev' from 'https://cache.nixos.org'...
2025-07-01T16:10:09.2245651Z copying path '/nix/store/cjg4jmnnf26367irpagiiffrni9bk7z0-gnupg-2.4.5' from 'https://cache.nixos.org'...
2025-07-01T16:10:09.2336295Z copying path '/nix/store/isk8l71r4d1nl39mpv92ank2rs4cx3w9-openssl-3.3.3' from 'https://cache.nixos.org'...
2025-07-01T16:10:09.2528509Z copying path '/nix/store/lr3cvmq5ahqcj29p8c6m0fdl1y8krc86-diffutils-3.10' from 'https://cache.nixos.org'...
2025-07-01T16:10:09.2566751Z copying path '/nix/store/vc2d1bfy1a5y1195nq7k6p0zcm6q89nx-findutils-4.10.0' from 'https://cache.nixos.org'...
2025-07-01T16:10:09.2856570Z copying path '/nix/store/mqvgaq2bnb1701l7zcn0d6vd7w8b0z7l-openssl-3.3.3' from 'https://cache.nixos.org'...
2025-07-01T16:10:09.2859462Z copying path '/nix/store/smd33cbgm2pwwnwj9l4b4fk39bdxfsfv-p11-kit-0.25.5' from 'https://cache.nixos.org'...
2025-07-01T16:10:09.3121387Z copying path '/nix/store/zfjv48ikkqn3yhi8zi7lvqvxyscbg87n-patch-2.7.6' from 'https://cache.nixos.org'...
2025-07-01T16:10:09.3325219Z copying path '/nix/store/9wwkzvmrlv43y71rbw8sbh9bamc62a16-patchelf-0.15.0' from 'https://cache.nixos.org'...
2025-07-01T16:10:09.3395438Z copying path '/nix/store/5md7gyz45fm4bmkg2kb9a1hnmg8ryk9j-pcre2-10.44' from 'https://cache.nixos.org'...
2025-07-01T16:10:09.3763298Z copying path '/nix/store/pgq4agv5wpanzr9a8mqlkncdbick7mn2-pcsclite-2.3.0-lib' from 'https://cache.nixos.org'...
2025-07-01T16:10:09.4585392Z copying path '/nix/store/9sqpmkq9fcycsrldbsdxw93hvspy8pr9-perl5.40.0-Clone-0.46' from 'https://cache.nixos.org'...
2025-07-01T16:10:09.4670105Z copying path '/nix/store/jpk7s673pli65raimpl43jbhbg6ja4kx-perl5.40.0-FCGI-0.82' from 'https://cache.nixos.org'...
2025-07-01T16:10:09.4686874Z copying path '/nix/store/x4kgvzlrndlsc9mn2gyrx9dla0a5y7y3-perl5.40.0-TermReadKey-2.38' from 'https://cache.nixos.org'...
2025-07-01T16:10:09.4824205Z copying path '/nix/store/gda0f0dw64h74i98vkk7b7jwzxbkigzs-prometheus-2.55.0' from 'https://cache.nixos.org'...
2025-07-01T16:10:09.4825811Z copying path '/nix/store/zwh1q2r2a1prmw4xxfpqa06ic7dl31yd-qrencode-4.1.1' from 'https://cache.nixos.org'...
2025-07-01T16:10:09.4839268Z copying path '/nix/store/6hrwqlqxzvn3lry7fjyz4i6dkdmg38m6-perl5.40.0-HTTP-Message-6.45' from 'https://cache.nixos.org'...
2025-07-01T16:10:09.4853546Z copying path '/nix/store/flw2dwllbq50954bk1qm6xwdzp8ikacl-systemd-minimal-libs-256.10' from 'https://cache.nixos.org'...
2025-07-01T16:10:09.4983109Z copying path '/nix/store/7f8vg8z0q721jyahy1vjbg2x3irbk5az-unbound-1.22.0-lib' from 'https://cache.nixos.org'...
2025-07-01T16:10:09.5012308Z copying path '/nix/store/88x6dfa5gnls0pmbvp4b9ci3bqqfja0n-util-linux-minimal-2.39.4-lib' from 'https://cache.nixos.org'...
2025-07-01T16:10:09.5235152Z copying path '/nix/store/j7k6mzbdydimzw4mf23ahq6a7rz2f7w2-util-linux-minimal-2.39.4-login' from 'https://cache.nixos.org'...
2025-07-01T16:10:09.5266621Z copying path '/nix/store/sf31nmjhlsdp2h26vbwbpa7gwfn4i4na-xz-5.6.3' from 'https://cache.nixos.org'...
2025-07-01T16:10:09.5656043Z copying path '/nix/store/mcr5gqxgkknqxa2vhnhixzd97vdsnsxi-perl5.40.0-HTML-Parser-3.81' from 'https://cache.nixos.org'...
2025-07-01T16:10:09.5989051Z copying path '/nix/store/q73n7qdcl9yvlwh6p4n414vkxgnjjryp-perl5.40.0-HTTP-Cookies-6.10' from 'https://cache.nixos.org'...
2025-07-01T16:10:09.6412739Z copying path '/nix/store/qjsj5vnbfpbg6r7jhd7znfgmcy0arn8n-gnugrep-3.11' from 'https://cache.nixos.org'...
2025-07-01T16:10:09.6438288Z copying path '/nix/store/qxp4rv76dpjbvs37c3sfq33ial7mxgb0-perl5.40.0-HTTP-Daemon-6.16' from 'https://cache.nixos.org'...
2025-07-01T16:10:09.6606623Z copying path '/nix/store/q0fgny8kpagi6blmzyw15n4cmfx647kn-perl5.40.0-HTTP-Negotiate-6.01' from 'https://cache.nixos.org'...
2025-07-01T16:10:09.6702728Z copying path '/nix/store/fvm65iknlk5kx9938xsc5485s9wzz1ig-lvm2-2.03.27-lib' from 'https://cache.nixos.org'...
2025-07-01T16:10:09.6986790Z copying path '/nix/store/0z09m6fwgmc2a0zazp6lhyadfig10fd6-perl5.40.0-CGI-4.59' from 'https://cache.nixos.org'...
2025-07-01T16:10:09.7217343Z copying path '/nix/store/53rkjnnkbgg8pfn6ffpcdx4xbrl98yh8-readline-8.2p13' from 'https://cache.nixos.org'...
2025-07-01T16:10:09.7306828Z copying path '/nix/store/bhvah40258cfi5sj1wiy2zmdn5xgj4m1-krb5-1.21.3-lib' from 'https://cache.nixos.org'...
2025-07-01T16:10:09.7462687Z copying path '/nix/store/09pyjyjdr5mwmki9gb0yf809l54xr8p2-openssl-3.3.3-bin' from 'https://cache.nixos.org'...
2025-07-01T16:10:09.7663144Z copying path '/nix/store/a9vgxnafcgb1khpjgn87ixmyv4dsqlp0-util-linux-minimal-2.39.4-mount' from 'https://cache.nixos.org'...
2025-07-01T16:10:09.7843994Z copying path '/nix/store/blkjagm7k01k9sghpyckw4y6dd6z0knl-util-linux-minimal-2.39.4-swap' from 'https://cache.nixos.org'...
2025-07-01T16:10:09.7962465Z copying path '/nix/store/dwyr8xvjby2l1zz92a5pfl6bq27jhrm6-krb5-1.21.3-lib' from 'https://cache.nixos.org'...
2025-07-01T16:10:09.7979655Z copying path '/nix/store/6k8v1ffagipraln3nn12h1n22d5l9dvr-perl5.40.0-Net-SSLeay-1.92' from 'https://cache.nixos.org'...
2025-07-01T16:10:09.8397698Z copying path '/nix/store/rbns8mzghhqxih4hj2js4mb4s6ivy5d1-xz-5.6.3-bin' from 'https://cache.nixos.org'...
2025-07-01T16:10:09.8498409Z copying path '/nix/store/xxssfwyz4l32wiadvsrcf259nkb91myn-z3-4.11.2-lib' from 'https://cache.nixos.org'...
2025-07-01T16:10:09.8565791Z copying path '/nix/store/vpg96mfr1jw5arlqg831i69g29v0sdb3-zlib-1.3.1' from 'https://cache.nixos.org'...
2025-07-01T16:10:09.8615929Z copying path '/nix/store/6cf2yj12gf51jn5vdbdw01gmgvyj431s-zstd-1.5.6' from 'https://cache.nixos.org'...
2025-07-01T16:10:09.8617641Z copying path '/nix/store/pa7plncc30fhm909bis9haakh7gi0qbl-bash-interactive-5.2p37' from 'https://cache.nixos.org'...
2025-07-01T16:10:09.8683998Z copying path '/nix/store/lmfya9by589b0qgc2pqps1zy4jhldkvq-cryptsetup-2.7.5' from 'https://cache.nixos.org'...
2025-07-01T16:10:09.8755669Z copying path '/nix/store/xv2bvwf6zv1hhlm9w4x0f7n0idhbsjh7-perl5.40.0-CGI-Fast-2.16' from 'https://cache.nixos.org'...
2025-07-01T16:10:09.8761989Z copying path '/nix/store/23j515bg7lgis34f0jkm9j6g00dpp2sh-binutils-2.43.1-lib' from 'https://cache.nixos.org'...
2025-07-01T16:10:09.8997064Z copying path '/nix/store/yk246qv4bbmr0mmh9y3gnfdkra5nnjgi-cracklib-2.10.0' from 'https://cache.nixos.org'...
2025-07-01T16:10:09.9028523Z copying path '/nix/store/p751fjd81h3926ivxsq0x20lz5j7yscc-file-5.45' from 'https://cache.nixos.org'...
2025-07-01T16:10:09.9715318Z copying path '/nix/store/yg4ahy7gahx91nq80achmzilrjyv0scj-gcc-13.3.0' from 'https://cache.nixos.org'...
2025-07-01T16:10:09.9737822Z copying path '/nix/store/1md58p5vm4dixcwwpwrs78a7kjf6nnqk-gnutls-3.8.6' from 'https://cache.nixos.org'...
2025-07-01T16:10:09.9943019Z copying path '/nix/store/nfdnparxrnv6sy627lw1c27pdqzpbfs2-kexec-tools-2.0.29' from 'https://cache.nixos.org'...
2025-07-01T16:10:10.0579136Z copying path '/nix/store/n6zw4496n0bd9r6gjwkjmf5ja6757q32-krb5-1.21.3' from 'https://cache.nixos.org'...
2025-07-01T16:10:10.0966182Z copying path '/nix/store/yr9xanc3bgp95fj9kvbrrq47zhzni2i6-kmod-31' from 'https://cache.nixos.org'...
2025-07-01T16:10:10.1155212Z copying path '/nix/store/qdypipr8zp0nkyrwqnakn3q3xhpghsrb-kmod-31-lib' from 'https://cache.nixos.org'...
2025-07-01T16:10:10.1886113Z copying path '/nix/store/22qnvg3zddkf7rbpckv676qpsc2najv9-binutils-2.43.1' from 'https://cache.nixos.org'...
2025-07-01T16:10:10.2338755Z copying path '/nix/store/6m49g3aqk5d5vdxp7chpgim5l6cfm7d6-libarchive-3.7.7-lib' from 'https://cache.nixos.org'...
2025-07-01T16:10:10.2574432Z copying path '/nix/store/kc1sdzqnymjwy74chlnkq2xlxnmrg30x-libfido2-1.15.0' from 'https://cache.nixos.org'...
2025-07-01T16:10:10.2739853Z copying path '/nix/store/pvyhn761hgn17fpr6fy168vcv1ciwsgl-libssh2-1.11.1' from 'https://cache.nixos.org'...
2025-07-01T16:10:10.3211085Z copying path '/nix/store/17rp2wzkp8xfhxcd5zihx6qmnbaadlhs-libmicrohttpd-1.0.1' from 'https://cache.nixos.org'...
2025-07-01T16:10:10.3218139Z copying path '/nix/store/qmz79v7x18zmi6g2iagxwazqfwbxzhra-libssh2-1.11.1' from 'https://cache.nixos.org'...
2025-07-01T16:10:10.3521904Z copying path '/nix/store/hgq0ircylcm0mx6y7ml9chcbwgrz9xg7-openssl-3.3.3-dev' from 'https://cache.nixos.org'...
2025-07-01T16:10:10.4702402Z copying path '/nix/store/zfk4v9lxal3ch98qnf7zlciwgmk4w1ij-krb5-1.21.3-dev' from 'https://cache.nixos.org'...
2025-07-01T16:10:10.5072817Z copying path '/nix/store/q4j9jj8jw74216cw4chsqlwdnglwly6p-perl-5.40.0' from 'https://cache.nixos.org'...
2025-07-01T16:10:10.5262990Z copying path '/nix/store/w2m5p0fb6pmqq6dz2jqlvnyw7n4vcbpx-curl-8.12.1' from 'https://cache.nixos.org'...
2025-07-01T16:10:10.5677823Z copying path '/nix/store/73pq792gn6i9qfywsnd347vg0152w8rw-perl5.40.0-IO-Socket-SSL-2.083' from 'https://cache.nixos.org'...
2025-07-01T16:10:10.5693429Z copying path '/nix/store/i7gfv740vcygvl9pgqwq29nkzmsp09ww-sqlite-3.46.1' from 'https://cache.nixos.org'...
2025-07-01T16:10:10.6223243Z copying path '/nix/store/lgfp6sl5hpykmld29rqvi9pam8ji8k24-curl-8.12.1' from 'https://cache.nixos.org'...
2025-07-01T16:10:10.6302469Z copying path '/nix/store/hsxp8g7zdr6wxk1mp812g8nbzvajzn4w-stdenv-linux' from 'https://cache.nixos.org'...
2025-07-01T16:10:10.6377993Z copying path '/nix/store/0rg4nqym82ngd29dy8qm1bggm94dkry3-libssh2-1.11.1-dev' from 'https://cache.nixos.org'...
2025-07-01T16:10:10.6815193Z copying path '/nix/store/gnnac2vpa466p2lpzskmbj5vjr6ikzhg-libpwquality-1.4.5-lib' from 'https://cache.nixos.org'...
2025-07-01T16:10:10.7762047Z copying path '/nix/store/ccrjbcfl5zcdp0n5mh69f4airrb9g8m4-zlib-1.3.1-dev' from 'https://cache.nixos.org'...
2025-07-01T16:10:10.7944656Z copying path '/nix/store/xmmli2ijsz2br6573z3sqsgg0spnj7i9-zstd-1.5.6-bin' from 'https://cache.nixos.org'...
2025-07-01T16:10:10.7965950Z copying path '/nix/store/sh26c2jcz7w2gii2px77bqy64fd026jd-boost-1.81.0' from 'https://cache.nixos.org'...
2025-07-01T16:10:10.8589211Z copying path '/nix/store/f2sjbvr2gbp1dl1fwak6b77j18wv2rm8-perl5.40.0-Net-SMTP-SSL-1.04' from 'https://cache.nixos.org'...
2025-07-01T16:10:10.8616090Z copying path '/nix/store/awbfciyq3cjvw6x8wd8wdjy8z2qxm98n-elfutils-0.191' from 'https://cache.nixos.org'...
2025-07-01T16:10:10.9198544Z copying path '/nix/store/3hgwjb5hp0jm8fyi4vx9s4f3hjvp0n1r-tpm2-tss-4.1.3' from 'https://cache.nixos.org'...
2025-07-01T16:10:10.9379012Z copying path '/nix/store/lhpwdis5hkyljz1d200bj1s6g51ljq9k-python3-3.12.8' from 'https://cache.nixos.org'...
2025-07-01T16:10:11.0063474Z copying path '/nix/store/8qf68jid6rr2f4c8ppyp0ixdlv0axnpn-curl-8.12.1-bin' from 'https://cache.nixos.org'...
2025-07-01T16:10:11.1274661Z copying path '/nix/store/z9lnvmqymg80hk671fm2533ncczkf7z2-kbd-2.6.4' from 'https://cache.nixos.org'...
2025-07-01T16:10:11.2801843Z copying path '/nix/store/04shrm4bvxw1yam87da7y9k872kqn777-curl-8.12.1-dev' from 'https://cache.nixos.org'...
2025-07-01T16:10:11.3019198Z copying path '/nix/store/f95nqmgp2vaz1h68n36k605ay1ixnj0a-libbpf-1.4.7' from 'https://cache.nixos.org'...
2025-07-01T16:10:11.3031960Z copying path '/nix/store/007wiy8x5irdxzsdx3bdqx0k0a8hp6ji-shellcheck-0.10.0-bin' from 'https://cache.nixos.org'...
2025-07-01T16:10:11.4971217Z building '/nix/store/rkn5fk95kmnbxk65bxlyzqnmsmafh1f1-kind-with-registry.sh.drv'...
2025-07-01T16:10:11.5284566Z copying path '/nix/store/1mv8pj4nxwnd9bbxshljc9p4cnl3rakj-binutils-wrapper-2.43.1' from 'https://cache.nixos.org'...
2025-07-01T16:10:11.6609834Z copying path '/nix/store/w9qcpyhjrxsqrps91wkz8r4mqvg9zrxc-systemd-256.10' from 'https://cache.nixos.org'...
2025-07-01T16:10:11.6995626Z copying path '/nix/store/00x4qvjp4kcm932rv281v8n9y4xk9dv1-solc-0.8.21' from 'https://cache.nixos.org'...
2025-07-01T16:10:11.7872438Z copying path '/nix/store/ch1brsi5xwxgyv23csmvw1am9l40rf1c-shellcheck-0.10.0' from 'https://cache.nixos.org'...
2025-07-01T16:10:12.5666603Z copying path '/nix/store/99accs107rzm78z74cj1wns59d0m1nh8-perl5.40.0-libwww-perl-6.72' from 'https://cache.nixos.org'...
2025-07-01T16:10:12.6868424Z copying path '/nix/store/7s649psqfmp6bf2ij6kba3nbwjp50z0w-promtail-3.2.1' from 'https://cache.nixos.org'...
2025-07-01T16:10:13.5928600Z copying path '/nix/store/1fwh9nv8n93rjc7i7j9gcm3whdqpgy84-git-2.47.2' from 'https://cache.nixos.org'...
2025-07-01T16:10:14.7045894Z copying path '/nix/store/gnd8f9h2ycxrfrvrga508c4n9cxy6720-gcc-wrapper-13.3.0' from 'https://cache.nixos.org'...
2025-07-01T16:10:14.7112912Z copying path '/nix/store/szfi0xd0cwdaldhkp8vlgi7jfv662nmd-stdenv-linux' from 'https://cache.nixos.org'...
2025-07-01T16:10:14.7824955Z building '/nix/store/mbmxfdxryq3wr2wxm5brh42mcad1gvzy-kind-with-registry-1.0.0.drv'...
2025-07-01T16:10:14.8743426Z building '/nix/store/l2gp0i5ccps3gdgrqx8mmvfl0jx2l5p5-nix-shell-env.drv'...
2025-07-01T16:10:15.3112091Z this path will be fetched (0.10 MiB download, 0.10 MiB unpacked):
2025-07-01T16:10:15.3113027Z   /nix/store/hlv28jlwzk6kqj6vljm9cn8i7pw030nx-bash-interactive-5.2p37-man
2025-07-01T16:10:15.3122422Z copying path '/nix/store/hlv28jlwzk6kqj6vljm9cn8i7pw030nx-bash-interactive-5.2p37-man' from 'https://cache.nixos.org'...
2025-07-01T16:10:15.4535464Z dependencies installed
2025-07-01T16:10:15.4572662Z ##[group]Run /home/runner/work/_actions/ava-labs/avalanchego/092cf182dd92b66a8ab882b657d3ae52b174c913/.github/actions/run-monitored-tmpnet-cmd/notify-metrics-availability.sh
2025-07-01T16:10:15.4573910Z [36;1m/home/runner/work/_actions/ava-labs/avalanchego/092cf182dd92b66a8ab882b657d3ae52b174c913/.github/actions/run-monitored-tmpnet-cmd/notify-metrics-availability.sh[0m
2025-07-01T16:10:15.4635204Z shell: /usr/bin/bash --noprofile --norc -e -o pipefail {0}
2025-07-01T16:10:15.4635548Z env:
2025-07-01T16:10:15.4635750Z   TMPDIR: /home/runner/work/_temp
2025-07-01T16:10:15.4636753Z   GRAFANA_URL: https://grafana-poc.avax-dev.network/d/kBQpRdWnk/avalanche-main-dashboard?orgId=1&refresh=10s&var-filter=is_ephemeral_node%7C%3D%7Cfalse&var-filter=gh_repo%7C%3D%7Cava-labs%2Fsubnet-evm&var-filter=gh_run_id%7C%3D%7C16004559474&var-filter=gh_run_attempt%7C%3D%7C1
2025-07-01T16:10:15.4637737Z   GH_JOB_ID: e2e_load
2025-07-01T16:10:15.4637969Z   FILTER_BY_OWNER: 
2025-07-01T16:10:15.4638167Z ##[endgroup]
2025-07-01T16:10:15.4755067Z grafana link for shared network logs and metrics: https://grafana-poc.avax-dev.network/d/kBQpRdWnk/avalanche-main-dashboard?orgId=1&refresh=10s&var-filter=is_ephemeral_node%7C%3D%7Cfalse&var-filter=gh_repo%7C%3D%7Cava-labs%2Fsubnet-evm&var-filter=gh_run_id%7C%3D%7C16004559474&var-filter=gh_run_attempt%7C%3D%7C1&var-filter=gh_job_id%7C%3D%7Ce2e_load&from=1751386215000&to=1751387115000
2025-07-01T16:10:15.4787815Z ##[group]Run AVALANCHEGO_BUILD_PATH=/tmp/e2e-test/avalanchego /home/runner/work/_actions/ava-labs/avalanchego/092cf182dd92b66a8ab882b657d3ae52b174c913/.github/actions/run-monitored-tmpnet-cmd/nix-develop.sh --impure --command bash -x ./scripts/run_task.sh test-e2e-load-ci
2025-07-01T16:10:15.4789666Z [36;1mAVALANCHEGO_BUILD_PATH=/tmp/e2e-test/avalanchego /home/runner/work/_actions/ava-labs/avalanchego/092cf182dd92b66a8ab882b657d3ae52b174c913/.github/actions/run-monitored-tmpnet-cmd/nix-develop.sh --impure --command bash -x ./scripts/run_task.sh test-e2e-load-ci[0m
2025-07-01T16:10:15.4850898Z shell: /usr/bin/bash --noprofile --norc -e -o pipefail {0}
2025-07-01T16:10:15.4851235Z env:
2025-07-01T16:10:15.4851430Z   TMPDIR: /home/runner/work/_temp
2025-07-01T16:10:15.4851916Z   TMPNET_START_METRICS_COLLECTOR: true
2025-07-01T16:10:15.4852186Z   TMPNET_START_LOGS_COLLECTOR: true
2025-07-01T16:10:15.4852439Z   TMPNET_CHECK_METRICS_COLLECTED: true
2025-07-01T16:10:15.4852683Z   TMPNET_CHECK_LOGS_COLLECTED: true
2025-07-01T16:10:15.4853049Z   LOKI_USERNAME: ***
2025-07-01T16:10:15.4853346Z   LOKI_PASSWORD: ***
2025-07-01T16:10:15.4853568Z   PROMETHEUS_USERNAME: ***
2025-07-01T16:10:15.4853900Z   PROMETHEUS_PASSWORD: ***
2025-07-01T16:10:15.4854132Z   GH_REPO: ava-labs/subnet-evm
2025-07-01T16:10:15.4854362Z   GH_WORKFLOW: Tests
2025-07-01T16:10:15.4854565Z   GH_RUN_ID: 16004559474
2025-07-01T16:10:15.4854775Z   GH_RUN_NUMBER: 2079
2025-07-01T16:10:15.4854974Z   GH_RUN_ATTEMPT: 1
2025-07-01T16:10:15.4855401Z   GH_JOB_ID: e2e_load
2025-07-01T16:10:15.4855591Z ##[endgroup]
2025-07-01T16:10:15.4957404Z No local flake found, will attempt to use avalanchego flake
2025-07-01T16:10:15.5039926Z Starting nix shell for github:ava-labs/avalanchego?ref=v1.13.2
2025-07-01T16:10:18.0977227Z + set -euo pipefail
2025-07-01T16:10:18.0977518Z + command -v task
2025-07-01T16:10:18.0977744Z + exec task test-e2e-load-ci
2025-07-01T16:10:18.1185886Z task: [install-avalanchego-release] ./scripts/install_avalanchego_release.sh
2025-07-01T16:10:18.1488953Z Using branch: 24d42c4a5
2025-07-01T16:10:18.3537467Z https://github.com/ava-labs/avalanchego/releases/download/v1.13.2/avalanchego-linux-amd64-v1.13.2.tar.gz found
2025-07-01T16:10:18.3538838Z downloading to /tmp/e2e-test/avalanchego-linux-amd64-v1.13.2.tar.gz
2025-07-01T16:10:18.3595558Z   % Total    % Received % Xferd  Average Speed   Time    Time     Time  Current
2025-07-01T16:10:18.3597176Z                                  Dload  Upload   Total   Spent    Left  Speed
2025-07-01T16:10:18.3597455Z 
2025-07-01T16:10:18.4185097Z   0     0    0     0    0     0      0      0 --:--:-- --:--:-- --:--:--     0
2025-07-01T16:10:18.4185782Z   0     0    0     0    0     0      0      0 --:--:-- --:--:-- --:--:--     0
2025-07-01T16:10:18.5715869Z 
2025-07-01T16:10:18.6718067Z  12 36.2M   12 4686k    0     0  21.5M      0  0:00:01 --:--:--  0:00:01 21.5M
2025-07-01T16:10:18.6719028Z 100 36.2M  100 36.2M    0     0   115M      0 --:--:-- --:--:-- --:--:--  316M
2025-07-01T16:10:18.6830487Z avalanchego-v1.13.2/avalanchego
2025-07-01T16:10:19.2963841Z Installed AvalancheGo release v1.13.2
2025-07-01T16:10:19.2964581Z AvalancheGo Path: /tmp/e2e-test/avalanchego/avalanchego
2025-07-01T16:10:19.2965233Z Plugin Dir: /home/runner/.avalanchego/plugins
2025-07-01T16:10:19.2994082Z task: [build] ./scripts/build.sh
2025-07-01T16:10:19.3287289Z Using branch: 24d42c4a5
2025-07-01T16:10:19.3288388Z Building Subnet EVM @ GitCommit: 24d42c4a5aa0c26b2727d8d8210c4ae7db4855fd at /home/runner/.avalanchego/plugins/srEXiWaHuhNyGwPUi444Tu47ZEDwxTWrbQiuD7FmgSAQ6X7Dy
2025-07-01T16:10:19.3347275Z go: downloading github.com/ava-labs/avalanchego v1.13.2
2025-07-01T16:10:19.7722129Z go: downloading github.com/spf13/pflag v1.0.5
2025-07-01T16:10:19.7722868Z go: downloading github.com/spf13/viper v1.12.0
2025-07-01T16:10:19.7900428Z go: downloading github.com/ava-labs/libevm v1.13.14-0.3.0.rc.1
2025-07-01T16:10:20.7360640Z go: downloading github.com/gorilla/rpc v1.2.0
2025-07-01T16:10:20.7361356Z go: downloading github.com/holiman/uint256 v1.2.4
2025-07-01T16:10:20.7362156Z go: downloading github.com/prometheus/client_golang v1.16.0
2025-07-01T16:10:20.7362596Z go: downloading golang.org/x/exp v0.0.0-20241215155358-4a5509556b9e
2025-07-01T16:10:20.7605960Z go: downloading go.uber.org/zap v1.26.0
2025-07-01T16:10:20.8396700Z go: downloading golang.org/x/term v0.30.0
2025-07-01T16:10:20.8398022Z go: downloading gopkg.in/natefinch/lumberjack.v2 v2.0.0
2025-07-01T16:10:20.8548283Z go: downloading github.com/grpc-ecosystem/go-grpc-prometheus v1.2.0
2025-07-01T16:10:20.8683569Z go: downloading github.com/prometheus/client_model v0.3.0
2025-07-01T16:10:20.8709767Z go: downloading google.golang.org/grpc v1.66.0
2025-07-01T16:10:20.8810792Z go: downloading google.golang.org/protobuf v1.35.2
2025-07-01T16:10:21.1249812Z go: downloading go.opentelemetry.io/otel v1.22.0
2025-07-01T16:10:21.1447304Z go: downloading go.opentelemetry.io/otel/trace v1.22.0
2025-07-01T16:10:21.1450746Z go: downloading github.com/prometheus/common v0.42.0
2025-07-01T16:10:21.1456007Z go: downloading github.com/cockroachdb/pebble v0.0.0-20230928194634-aa077af62593
2025-07-01T16:10:21.1837918Z go: downloading github.com/StephenButtolph/canoto v0.15.0
2025-07-01T16:10:21.2243707Z go: downloading github.com/google/renameio/v2 v2.0.0
2025-07-01T16:10:21.2357735Z go: downloading golang.org/x/sync v0.12.0
2025-07-01T16:10:21.2841856Z go: downloading github.com/fsnotify/fsnotify v1.6.0
2025-07-01T16:10:21.2842566Z go: downloading github.com/spf13/afero v1.8.2
2025-07-01T16:10:21.2843412Z go: downloading github.com/mitchellh/mapstructure v1.5.0
2025-07-01T16:10:21.2975114Z go: downloading github.com/spf13/cast v1.5.0
2025-07-01T16:10:21.3032974Z go: downloading github.com/spf13/jwalterweatherman v1.1.0
2025-07-01T16:10:21.3071854Z go: downloading golang.org/x/crypto v0.36.0
2025-07-01T16:10:21.3160891Z go: downloading github.com/gofrs/flock v0.8.1
2025-07-01T16:10:21.3172854Z go: downloading github.com/golang/snappy v0.0.5-0.20220116011046-fa5810519dcb
2025-07-01T16:10:21.3252557Z go: downloading github.com/olekukonko/tablewriter v0.0.5
2025-07-01T16:10:21.3350385Z go: downloading github.com/shirou/gopsutil v3.21.11+incompatible
2025-07-01T16:10:21.3356254Z go: downloading golang.org/x/sys v0.31.0
2025-07-01T16:10:21.4065670Z go: downloading github.com/gballet/go-verkle v0.1.1-0.20231031103413-a67434b50f46
2025-07-01T16:10:21.4850118Z go: downloading github.com/dop251/goja v0.0.0-20230806174421-c933cf95e127
2025-07-01T16:10:21.5294886Z go: downloading github.com/holiman/bloomfilter/v2 v2.0.3
2025-07-01T16:10:21.5783493Z go: downloading github.com/stretchr/testify v1.10.0
2025-07-01T16:10:21.6106866Z go: downloading go.uber.org/mock v0.5.0
2025-07-01T16:10:21.6171161Z go: downloading github.com/deckarep/golang-set/v2 v2.1.0
2025-07-01T16:10:21.6190536Z go: downloading github.com/gorilla/websocket v1.5.0
2025-07-01T16:10:21.6437329Z go: downloading golang.org/x/time v0.3.0
2025-07-01T16:10:21.6525504Z go: downloading github.com/beorn7/perks v1.0.1
2025-07-01T16:10:21.6530974Z go: downloading github.com/cespare/xxhash/v2 v2.3.0
2025-07-01T16:10:21.6541991Z go: downloading github.com/prometheus/procfs v0.10.1
2025-07-01T16:10:21.6663825Z go: downloading go.uber.org/multierr v1.11.0
2025-07-01T16:10:21.6664265Z go: downloading github.com/supranational/blst v0.3.14
2025-07-01T16:10:21.6758050Z go: downloading google.golang.org/genproto/googleapis/rpc v0.0.0-20240827150818-7e3bb234dfed
2025-07-01T16:10:21.6827257Z go: downloading golang.org/x/net v0.38.0
2025-07-01T16:10:21.6928295Z go: downloading github.com/golang/protobuf v1.5.4
2025-07-01T16:10:21.7392419Z go: downloading go.opentelemetry.io/otel/exporters/otlp/otlptrace v1.22.0
2025-07-01T16:10:21.7394544Z go: downloading go.opentelemetry.io/otel/exporters/otlp/otlptrace/otlptracegrpc v1.22.0
2025-07-01T16:10:21.7514844Z go: downloading go.opentelemetry.io/otel/exporters/otlp/otlptrace/otlptracehttp v1.22.0
2025-07-01T16:10:21.7532186Z go: downloading go.opentelemetry.io/otel/sdk v1.22.0
2025-07-01T16:10:21.7863368Z go: downloading github.com/syndtr/goleveldb v1.0.1-0.20220614013038-64ee5596c38a
2025-07-01T16:10:21.8834952Z go: downloading github.com/matttproud/golang_protobuf_extensions v1.0.4
2025-07-01T16:10:21.8857983Z go: downloading github.com/mr-tron/base58 v1.2.0
2025-07-01T16:10:21.8959942Z go: downloading gonum.org/v1/gonum v0.11.0
2025-07-01T16:10:21.8975163Z go: downloading github.com/DataDog/zstd v1.5.2
2025-07-01T16:10:21.9072697Z go: downloading github.com/subosito/gotenv v1.3.0
2025-07-01T16:10:21.9096514Z go: downloading github.com/hashicorp/hcl v1.0.0
2025-07-01T16:10:21.9492484Z go: downloading gopkg.in/ini.v1 v1.67.0
2025-07-01T16:10:21.9493752Z go: downloading github.com/magiconair/properties v1.8.6
2025-07-01T16:10:21.9712499Z go: downloading github.com/pelletier/go-toml/v2 v2.0.5
2025-07-01T16:10:21.9735676Z go: downloading gopkg.in/yaml.v3 v3.0.1
2025-07-01T16:10:21.9875944Z go: downloading golang.org/x/text v0.23.0
2025-07-01T16:10:22.0167108Z go: downloading github.com/pelletier/go-toml v1.9.5
2025-07-01T16:10:22.0429452Z go: downloading github.com/mattn/go-runewidth v0.0.13
2025-07-01T16:10:22.0540659Z go: downloading github.com/tklauser/go-sysconf v0.3.12
2025-07-01T16:10:22.0872177Z go: downloading github.com/crate-crypto/go-kzg-4844 v0.7.0
2025-07-01T16:10:22.3713651Z go: downloading github.com/VictoriaMetrics/fastcache v1.12.1
2025-07-01T16:10:22.3853621Z go: downloading github.com/crate-crypto/go-ipa v0.0.0-20231025140028-3c0104f4b233
2025-07-01T16:10:22.4092486Z go: downloading github.com/holiman/billy v0.0.0-20240216141850-2abb0c79d3c4
2025-07-01T16:10:22.4296990Z go: downloading github.com/hashicorp/golang-lru v0.5.5-0.20210104140557-80c98217689d
2025-07-01T16:10:22.4407601Z go: downloading github.com/davecgh/go-spew v1.1.1
2025-07-01T16:10:22.4537548Z go: downloading github.com/tyler-smith/go-bip39 v1.1.0
2025-07-01T16:10:22.4719367Z go: downloading github.com/google/uuid v1.6.0
2025-07-01T16:10:22.4857198Z go: downloading github.com/hashicorp/go-bexpr v0.1.10
2025-07-01T16:10:22.5105663Z go: downloading github.com/mattn/go-colorable v0.1.13
2025-07-01T16:10:22.5271007Z go: downloading github.com/mattn/go-isatty v0.0.17
2025-07-01T16:10:22.5432592Z go: downloading github.com/urfave/cli/v2 v2.25.7
2025-07-01T16:10:22.6711927Z go: downloading github.com/dlclark/regexp2 v1.7.0
2025-07-01T16:10:22.6719181Z go: downloading github.com/google/pprof v0.0.0-20230207041349-798e818bf904
2025-07-01T16:10:22.7179186Z go: downloading github.com/pmezard/go-difflib v1.0.0
2025-07-01T16:10:22.7352264Z go: downloading github.com/cockroachdb/errors v1.9.1
2025-07-01T16:10:22.8274578Z go: downloading github.com/cockroachdb/redact v1.1.3
2025-07-01T16:10:22.8485724Z go: downloading github.com/cockroachdb/tokenbucket v0.0.0-20230807174530-cc333fc44b06
2025-07-01T16:10:22.8716246Z go: downloading go.opentelemetry.io/proto/otlp v1.0.0
2025-07-01T16:10:22.8992929Z go: downloading github.com/rivo/uniseg v0.2.0
2025-07-01T16:10:22.8997682Z go: downloading github.com/tklauser/numcpus v0.6.1
2025-07-01T16:10:22.9214224Z go: downloading github.com/gballet/go-libpcsclite v0.0.0-20191108122812-4678299bea08
2025-07-01T16:10:22.9215236Z go: downloading github.com/status-im/keycard-go v0.2.0
2025-07-01T16:10:22.9239694Z go: downloading github.com/mitchellh/pointerstructure v1.2.0
2025-07-01T16:10:22.9355872Z go: downloading github.com/go-sourcemap/sourcemap v2.1.3+incompatible
2025-07-01T16:10:22.9365405Z go: downloading github.com/cpuguy83/go-md2man/v2 v2.0.4
2025-07-01T16:10:22.9416759Z go: downloading github.com/xrash/smetrics v0.0.0-20201216005158-039620a65673
2025-07-01T16:10:22.9518259Z go: downloading github.com/cockroachdb/logtags v0.0.0-20230118201751-21c54148d20b
2025-07-01T16:10:22.9525236Z go: downloading github.com/getsentry/sentry-go v0.18.0
2025-07-01T16:10:22.9612833Z go: downloading github.com/pkg/errors v0.9.1
2025-07-01T16:10:22.9866481Z go: downloading github.com/go-logr/logr v1.4.1
2025-07-01T16:10:23.0014305Z go: downloading go.opentelemetry.io/otel/metric v1.22.0
2025-07-01T16:10:23.0121401Z go: downloading github.com/cenkalti/backoff/v4 v4.2.1
2025-07-01T16:10:23.0192272Z go: downloading github.com/go-logr/stdr v1.2.2
2025-07-01T16:10:23.0269690Z go: downloading github.com/grpc-ecosystem/grpc-gateway/v2 v2.16.0
2025-07-01T16:10:23.0670167Z go: downloading github.com/consensys/gnark-crypto v0.12.1
2025-07-01T16:10:23.2251918Z go: downloading github.com/gogo/protobuf v1.3.2
2025-07-01T16:10:23.5085109Z go: downloading github.com/kr/pretty v0.3.1
2025-07-01T16:10:23.5094943Z go: downloading github.com/russross/blackfriday/v2 v2.1.0
2025-07-01T16:10:23.5218608Z go: downloading github.com/huin/goupnp v1.3.0
2025-07-01T16:10:23.5418864Z go: downloading github.com/jackpal/go-nat-pmp v1.0.2
2025-07-01T16:10:23.5488673Z go: downloading google.golang.org/genproto/googleapis/api v0.0.0-20240604185151-ef581f913117
2025-07-01T16:10:23.5849743Z go: downloading github.com/kr/text v0.2.0
2025-07-01T16:10:23.5951364Z go: downloading github.com/rogpeppe/go-internal v1.12.0
2025-07-01T16:10:23.7333803Z go: downloading github.com/bits-and-blooms/bitset v1.10.0
2025-07-01T16:10:23.7334550Z go: downloading github.com/consensys/bavard v0.1.13
2025-07-01T16:10:23.7338821Z go: downloading github.com/mmcloughlin/addchain v0.4.0
2025-07-01T16:10:23.7727706Z go: downloading rsc.io/tmplfunc v0.0.3
2025-07-01T16:11:38.5244863Z task: [test-e2e-load] ./scripts/run_ginkgo_load.sh
2025-07-01T16:11:38.5538622Z Using branch: 24d42c4a5
2025-07-01T16:11:38.5539359Z Running with extra args: --avalanchego-path=/tmp/e2e-test/avalanchego/avalanchego
2025-07-01T16:11:38.5632992Z go: downloading github.com/onsi/ginkgo/v2 v2.13.1
2025-07-01T16:11:38.7003766Z go: downloading github.com/go-task/slim-sprig v0.0.0-20230315185526-52ccab3ef572
2025-07-01T16:11:38.7012997Z go: downloading golang.org/x/tools v0.29.0
2025-07-01T16:12:32.3378176Z go: downloading k8s.io/api v0.29.0
2025-07-01T16:12:32.3378832Z go: downloading k8s.io/apimachinery v0.29.0
2025-07-01T16:12:32.3379349Z go: downloading k8s.io/client-go v0.29.0
2025-07-01T16:12:32.3379902Z go: downloading k8s.io/utils v0.0.0-20230726121419-3b25d923346b
2025-07-01T16:12:32.3380647Z go: downloading github.com/ava-labs/coreth v0.15.2-rc.0.0.20250620163936-0058a7ec6d9d
2025-07-01T16:12:32.3381384Z go: downloading github.com/go-cmd/cmd v1.4.1
2025-07-01T16:12:32.3381974Z go: downloading github.com/btcsuite/btcd/btcutil v1.1.3
2025-07-01T16:12:32.3382416Z go: downloading github.com/decred/dcrd/dcrec/secp256k1/v4 v4.1.0
2025-07-01T16:12:32.3382859Z go: downloading github.com/json-iterator/go v1.1.12
2025-07-01T16:12:32.3383444Z go: downloading github.com/google/gofuzz v1.2.0
2025-07-01T16:12:32.3383775Z go: downloading k8s.io/klog/v2 v2.110.1
2025-07-01T16:12:32.3384059Z go: downloading sigs.k8s.io/yaml v1.3.0
2025-07-01T16:12:32.3384327Z go: downloading gopkg.in/inf.v0 v0.9.1
2025-07-01T16:12:32.3384614Z go: downloading github.com/imdario/mergo v0.3.16
2025-07-01T16:12:32.3384944Z go: downloading github.com/pires/go-proxyproto v0.6.2
2025-07-01T16:12:32.3385264Z go: downloading github.com/gorilla/mux v1.8.0
2025-07-01T16:12:32.3385544Z go: downloading github.com/rs/cors v1.7.0
2025-07-01T16:12:32.3385823Z go: downloading github.com/google/btree v1.1.2
2025-07-01T16:12:32.3386158Z go: downloading sigs.k8s.io/structured-merge-diff/v4 v4.4.1
2025-07-01T16:12:32.3386547Z go: downloading sigs.k8s.io/json v0.0.0-20221116044647-bc3834ca7abd
2025-07-01T16:12:32.3386995Z go: downloading github.com/modern-go/concurrent v0.0.0-20180306012644-bacd9c7ef1dd
2025-07-01T16:12:32.3387419Z go: downloading github.com/modern-go/reflect2 v1.0.2
2025-07-01T16:12:32.3387730Z go: downloading gopkg.in/yaml.v2 v2.4.0
2025-07-01T16:12:32.3388026Z go: downloading github.com/moby/spdystream v0.2.0
2025-07-01T16:12:32.3388355Z go: downloading github.com/google/gnostic-models v0.6.8
2025-07-01T16:12:32.3388667Z go: downloading golang.org/x/oauth2 v0.21.0
2025-07-01T16:12:32.3389058Z go: downloading github.com/mxk/go-flowrate v0.0.0-20140419014527-cca7078d478f
2025-07-01T16:12:32.3389502Z go: downloading k8s.io/kube-openapi v0.0.0-20231010175941-2dd684a91f00
2025-07-01T16:12:32.3389952Z go: downloading github.com/munnerz/goautoneg v0.0.0-20191010083416-a7dc8b61c822
2025-07-01T16:12:32.3390353Z go: downloading github.com/go-openapi/swag v0.22.3
2025-07-01T16:12:32.3390696Z go: downloading github.com/go-openapi/jsonreference v0.20.2
2025-07-01T16:12:32.3391058Z go: downloading github.com/emicklei/go-restful/v3 v3.11.0
2025-07-01T16:12:32.3391415Z go: downloading github.com/go-openapi/jsonpointer v0.19.6
2025-07-01T16:12:32.3392060Z go: downloading github.com/mailru/easyjson v0.7.7
2025-07-01T16:12:32.3392390Z go: downloading github.com/josharian/intern v1.0.0
2025-07-01T16:12:32.3393825Z 
2025-07-01T16:12:32.4362731Z Running Suite: subnet-evm small load simulator test suite - /home/runner/work/subnet-evm/subnet-evm/tests/load
2025-07-01T16:12:32.4363733Z ==============================================================================================================
2025-07-01T16:12:32.4364317Z Random Seed: [1m1751386300[0m
2025-07-01T16:12:32.4364478Z 
2025-07-01T16:12:32.4364621Z Will run [1m1[0m of [1m1[0m specs
2025-07-01T16:12:32.4364924Z [38;5;243m------------------------------[0m
2025-07-01T16:12:32.4365184Z [Load Simulator]
2025-07-01T16:12:32.4365659Z [38;5;243m/home/runner/work/subnet-evm/subnet-evm/tests/load/load_test.go:50[0m
2025-07-01T16:12:32.4366174Z   [0m[1mbasic subnet load test[0m [38;5;204m[load][0m
2025-07-01T16:12:32.4366712Z   [38;5;243m/home/runner/work/subnet-evm/subnet-evm/tests/load/load_test.go:72[0m
2025-07-01T16:12:32.4368305Z   > Enter [1m[BeforeEach][0m TOP-LEVEL [38;5;243m- /home/runner/go/pkg/mod/github.com/ava-labs/avalanchego@v1.13.2/tests/fixture/e2e/metrics_link.go:27 @ 07/01/25 16:12:32.436[0m
2025-07-01T16:12:32.4370151Z   < Exit [1m[BeforeEach][0m TOP-LEVEL [38;5;243m- /home/runner/go/pkg/mod/github.com/ava-labs/avalanchego@v1.13.2/tests/fixture/e2e/metrics_link.go:27 @ 07/01/25 16:12:32.436 (0s)[0m
2025-07-01T16:12:32.4372495Z   > Enter [1m[BeforeAll][0m [Load Simulator] [38;5;243m- /home/runner/work/subnet-evm/subnet-evm/tests/load/load_test.go:55 @ 07/01/25 16:12:32.436[0m
2025-07-01T16:12:32.4386452Z    [0;0mINFO[0;0m	writing collector config	{"cmd": "prometheus", "path": "/home/runner/.tmpnet/prometheus/prometheus.yaml"}
2025-07-01T16:12:32.4388581Z    [0;0mINFO[0;0m	starting collector	{"cmd": "prometheus", "workingDir": "/home/runner/.tmpnet/prometheus", "fullCmd": "nohup prometheus --config.file=prometheus.yaml --web.listen-address=127.0.0.1:9090 --enable-feature=agent --storage.agent.path=./data > prometheus.log 2>&1 & echo -n \"$!\" > /home/runner/.tmpnet/prometheus/run.pid", "logPath": "/home/runner/.tmpnet/prometheus/prometheus.log"}
2025-07-01T16:12:32.5396090Z    [0;0mINFO[0;0m	started collector	{"cmd": "prometheus", "pid": 19017}
2025-07-01T16:12:32.5398022Z    [0;0mINFO[0;0m	waiting for collector readiness	{"cmd": "prometheus", "url": "http://127.0.0.1:9090/-/ready", "logPath": "/home/runner/.tmpnet/prometheus/prometheus.log"}
2025-07-01T16:12:32.5404042Z    [0;0mINFO[0;0m	collector ready	{"cmd": "prometheus"}
2025-07-01T16:12:32.5404811Z    [0;0mINFO[0;0m	To stop: tmpnetctl stop-metrics-collector
2025-07-01T16:12:32.5407424Z    [0;0mINFO[0;0m	writing collector config	{"cmd": "promtail", "path": "/home/runner/.tmpnet/promtail/promtail.yaml"}
2025-07-01T16:12:32.5409699Z    [0;0mINFO[0;0m	starting collector	{"cmd": "promtail", "workingDir": "/home/runner/.tmpnet/promtail", "fullCmd": "nohup promtail -config.file=promtail.yaml > promtail.log 2>&1 & echo -n \"$!\" > /home/runner/.tmpnet/promtail/run.pid", "logPath": "/home/runner/.tmpnet/promtail/promtail.log"}
2025-07-01T16:12:32.6417883Z    [0;0mINFO[0;0m	started collector	{"cmd": "promtail", "pid": 19027}
2025-07-01T16:12:32.7421033Z    [0;0mINFO[0;0m	skipping promtail readiness check until one or more nodes have written their service discovery configuration
2025-07-01T16:12:32.7422713Z    [0;0mINFO[0;0m	To stop: tmpnetctl stop-logs-collector
2025-07-01T16:12:32.7423670Z    [0;0mINFO[0;0m	waiting for network to start	{"timeoutSeconds": 120}
2025-07-01T16:12:32.9924286Z    [0;0mINFO[0;0m	preparing configuration for new network	{"runtimeConfig": {"process":{"avalancheGoPath":"/tmp/e2e-test/avalanchego/avalanchego","pluginDir":"/home/runner/.avalanchego/plugins"}}}
2025-07-01T16:12:33.0084757Z    [0;0mINFO[0;0m	starting a single-node network with sybil protection disabled for quicker subnet creation
2025-07-01T16:12:33.0086310Z    [0;0mINFO[0;0m	starting network	{"networkDir": "/home/runner/.tmpnet/networks/20250701-161232.992321-subnet-evm-small-load", "uuid": "96dcbfac-da16-455f-99ab-def840269bf2"}
2025-07-01T16:12:33.6586423Z    [0;0mINFO[0;0m	started local node	{"nodeID": "NodeID-LJPMHS6TtCXLoYxKLTPytyCcEQYhoMJJp", "dataDir": "/home/runner/.tmpnet/networks/20250701-161232.992321-subnet-evm-small-load/NodeID-LJPMHS6TtCXLoYxKLTPytyCcEQYhoMJJp", "isEphemeral": false}
2025-07-01T16:12:33.6589118Z    [0;0mINFO[0;0m	waiting for nodes to report healthy
2025-07-01T16:12:35.6597137Z    [0;0mINFO[0;0m	node is healthy	{"nodeID": "NodeID-LJPMHS6TtCXLoYxKLTPytyCcEQYhoMJJp", "uri": "http://127.0.0.1:44317"}
2025-07-01T16:12:35.6599362Z    [0;0mINFO[0;0m	started network	{"networkDir": "/home/runner/.tmpnet/networks/20250701-161232.992321-subnet-evm-small-load", "uuid": "96dcbfac-da16-455f-99ab-def840269bf2"}
2025-07-01T16:12:35.6603915Z    [0;0mINFO[0;0m	metrics and logs available via grafana (collectors must be running)	{"url": "https://grafana-poc.avax-dev.network/d/kBQpRdWnk/avalanche-main-dashboard?&var-filter=network_uuid%7C%3D%7C96dcbfac-da16-455f-99ab-def840269bf2&var-filter=is_ephemeral_node%7C%3D%7Cfalse&from=1751386353008&to=now", "linkPath": "/home/runner/.tmpnet/networks/20250701-161232.992321-subnet-evm-small-load/metrics.txt"}
2025-07-01T16:12:35.6606791Z    [0;0mINFO[0;0m	creating subnet	{"name": "load-subnet-a"}
2025-07-01T16:12:35.7759404Z    [0;0mINFO[0;0m	created subnet	{"name": "load-subnet-a", "id": "sj9gaQUxYtMxrRNrVD14ED3TFhBqqVNNqZppAxqGKZa2irpwm"}
2025-07-01T16:12:35.7760883Z    [0;0mINFO[0;0m	wrote subnet configuration	{"name": "load-subnet-a"}
2025-07-01T16:12:35.7772494Z    [0;0mINFO[0;0m	adding validators for subnet	{"name": "load-subnet-a"}
2025-07-01T16:12:36.0884037Z    [0;0mINFO[0;0m	added validator to subnet	{"subnet": "load-subnet-a", "nodeID": "NodeID-LJPMHS6TtCXLoYxKLTPytyCcEQYhoMJJp"}
2025-07-01T16:12:37.0903182Z    [0;0mINFO[0;0m	added validator to subnet	{"subnet": "load-subnet-a", "nodeID": "NodeID-KSeZZRgwwLcN9bFXga6Xw14XMDDTYK8dE"}
2025-07-01T16:12:38.0924085Z    [0;0mINFO[0;0m	added validator to subnet	{"subnet": "load-subnet-a", "nodeID": "NodeID-NTtfMi7ezRd7WjsroJk15j67zEYqFr5ad"}
2025-07-01T16:12:39.0949398Z    [0;0mINFO[0;0m	added validator to subnet	{"subnet": "load-subnet-a", "nodeID": "NodeID-JAh12hFJzAZ7NFcKR2ti2AM3Kj58SkmyK"}
2025-07-01T16:12:40.0966728Z    [0;0mINFO[0;0m	added validator to subnet	{"subnet": "load-subnet-a", "nodeID": "NodeID-M8D89QP3HjAA1gvwWP8uKB27nn4FCa1b5"}
2025-07-01T16:12:40.0968238Z    [0;0mINFO[0;0m	waiting for subnet validators to become active	{"subnet": "load-subnet-a"}
2025-07-01T16:12:40.0969896Z    [0;0mINFO[0;0m	saw the expected active validators of the subnet	{"subnet": "load-subnet-a"}
2025-07-01T16:12:40.1034095Z    [0;0mINFO[0;0m	creating chains for subnet	{"subnet": "load-subnet-a"}
2025-07-01T16:12:41.0051651Z    [0;0mINFO[0;0m	created chain	{"chain": "2PSVggR2Apa8uvsRBEhgdrNygjuKkbxzkq4E2cdSbvPo6sgxZH", "subnet": "load-subnet-a", "vm": "srEXiWaHuhNyGwPUi444Tu47ZEDwxTWrbQiuD7FmgSAQ6X7Dy"}
2025-07-01T16:12:41.0053975Z    [0;0mINFO[0;0m	wrote subnet configuration	{"name": "load-subnet-a", "id": "sj9gaQUxYtMxrRNrVD14ED3TFhBqqVNNqZppAxqGKZa2irpwm"}
2025-07-01T16:12:41.0055501Z    [0;0mINFO[0;0m	re-enabling sybil protection	{"nodeID": "NodeID-LJPMHS6TtCXLoYxKLTPytyCcEQYhoMJJp"}
2025-07-01T16:12:41.0056802Z    [0;0mINFO[0;0m	restarting bootstrap node	{"nodeID": "NodeID-LJPMHS6TtCXLoYxKLTPytyCcEQYhoMJJp"}
2025-07-01T16:12:41.6613205Z    [0;0mINFO[0;0m	started local node	{"nodeID": "NodeID-LJPMHS6TtCXLoYxKLTPytyCcEQYhoMJJp", "dataDir": "/home/runner/.tmpnet/networks/20250701-161232.992321-subnet-evm-small-load/NodeID-LJPMHS6TtCXLoYxKLTPytyCcEQYhoMJJp", "isEphemeral": false}
2025-07-01T16:12:41.6617714Z    [0;0mINFO[0;0m	starting remaining nodes
2025-07-01T16:12:42.3154247Z    [0;0mINFO[0;0m	started local node	{"nodeID": "NodeID-KSeZZRgwwLcN9bFXga6Xw14XMDDTYK8dE", "dataDir": "/home/runner/.tmpnet/networks/20250701-161232.992321-subnet-evm-small-load/NodeID-KSeZZRgwwLcN9bFXga6Xw14XMDDTYK8dE", "isEphemeral": false}
2025-07-01T16:12:42.9721921Z    [0;0mINFO[0;0m	started local node	{"nodeID": "NodeID-NTtfMi7ezRd7WjsroJk15j67zEYqFr5ad", "dataDir": "/home/runner/.tmpnet/networks/20250701-161232.992321-subnet-evm-small-load/NodeID-NTtfMi7ezRd7WjsroJk15j67zEYqFr5ad", "isEphemeral": false}
2025-07-01T16:12:43.5752072Z    [0;0mINFO[0;0m	started local node	{"nodeID": "NodeID-JAh12hFJzAZ7NFcKR2ti2AM3Kj58SkmyK", "dataDir": "/home/runner/.tmpnet/networks/20250701-161232.992321-subnet-evm-small-load/NodeID-JAh12hFJzAZ7NFcKR2ti2AM3Kj58SkmyK", "isEphemeral": false}
2025-07-01T16:12:44.1772241Z    [0;0mINFO[0;0m	started local node	{"nodeID": "NodeID-M8D89QP3HjAA1gvwWP8uKB27nn4FCa1b5", "dataDir": "/home/runner/.tmpnet/networks/20250701-161232.992321-subnet-evm-small-load/NodeID-M8D89QP3HjAA1gvwWP8uKB27nn4FCa1b5", "isEphemeral": false}
2025-07-01T16:12:44.1775313Z    [0;0mINFO[0;0m	waiting for nodes to report healthy
2025-07-01T16:12:50.1792178Z    [0;0mINFO[0;0m	node is healthy	{"nodeID": "NodeID-M8D89QP3HjAA1gvwWP8uKB27nn4FCa1b5", "uri": "http://127.0.0.1:45785"}
2025-07-01T16:12:50.3800035Z    [0;0mINFO[0;0m	node is healthy	{"nodeID": "NodeID-KSeZZRgwwLcN9bFXga6Xw14XMDDTYK8dE", "uri": "http://127.0.0.1:38821"}
2025-07-01T16:12:50.9788013Z    [0;0mINFO[0;0m	node is healthy	{"nodeID": "NodeID-NTtfMi7ezRd7WjsroJk15j67zEYqFr5ad", "uri": "http://127.0.0.1:38337"}
2025-07-01T16:12:51.5793011Z    [0;0mINFO[0;0m	node is healthy	{"nodeID": "NodeID-JAh12hFJzAZ7NFcKR2ti2AM3Kj58SkmyK", "uri": "http://127.0.0.1:41185"}
2025-07-01T16:12:51.7792847Z    [0;0mINFO[0;0m	node is healthy	{"nodeID": "NodeID-LJPMHS6TtCXLoYxKLTPytyCcEQYhoMJJp", "uri": "http://127.0.0.1:40825"}
2025-07-01T16:12:51.7794796Z    [0;0mINFO[0;0m	started network	{"networkDir": "/home/runner/.tmpnet/networks/20250701-161232.992321-subnet-evm-small-load", "uuid": "96dcbfac-da16-455f-99ab-def840269bf2"}
2025-07-01T16:12:51.7798734Z    [0;0mINFO[0;0m	metrics and logs available via grafana (collectors must be running)	{"url": "https://grafana-poc.avax-dev.network/d/kBQpRdWnk/avalanche-main-dashboard?&var-filter=network_uuid%7C%3D%7C96dcbfac-da16-455f-99ab-def840269bf2&var-filter=is_ephemeral_node%7C%3D%7Cfalse&from=1751386361661&to=now", "linkPath": "/home/runner/.tmpnet/networks/20250701-161232.992321-subnet-evm-small-load/metrics.txt"}
2025-07-01T16:12:51.7803741Z    [0;0mINFO[0;0m	network started successfully
2025-07-01T16:12:51.7805319Z    [0;0mINFO[0;0m	waiting for collector readiness	{"cmd": "promtail", "url": "http://127.0.0.1:3101/ready", "logPath": "/home/runner/.tmpnet/promtail/promtail.log"}
2025-07-01T16:12:51.7806666Z    [0;0mINFO[0;0m	collector ready	{"cmd": "promtail"}
2025-07-01T16:12:51.7824074Z    [0;0mINFO[0;0m	network nodes are available	{"uris": [{"NodeID":"NodeID-JAh12hFJzAZ7NFcKR2ti2AM3Kj58SkmyK","URI":"http://127.0.0.1:41185"},{"NodeID":"NodeID-KSeZZRgwwLcN9bFXga6Xw14XMDDTYK8dE","URI":"http://127.0.0.1:38821"},{"NodeID":"NodeID-LJPMHS6TtCXLoYxKLTPytyCcEQYhoMJJp","URI":"http://127.0.0.1:40825"},{"NodeID":"NodeID-M8D89QP3HjAA1gvwWP8uKB27nn4FCa1b5","URI":"http://127.0.0.1:45785"},{"NodeID":"NodeID-NTtfMi7ezRd7WjsroJk15j67zEYqFr5ad","URI":"http://127.0.0.1:38337"}]}
2025-07-01T16:12:51.7826394Z   < Exit [1m[BeforeAll][0m [Load Simulator] [38;5;243m- /home/runner/work/subnet-evm/subnet-evm/tests/load/load_test.go:55 @ 07/01/25 16:12:51.782 (19.346s)[0m
2025-07-01T16:12:51.7827495Z   > Enter [1m[It][0m basic subnet load test [38;5;243m- /home/runner/work/subnet-evm/subnet-evm/tests/load/load_test.go:72 @ 07/01/25 16:12:51.782[0m
2025-07-01T16:15:06.9142995Z 
2025-07-01T16:15:06.9143470Z Combined output:
2025-07-01T16:15:06.9143741Z 
2025-07-01T16:15:06.9143906Z Beginning simulator script
2025-07-01T16:15:06.9144323Z Using branch: 24d42c4a5
2025-07-01T16:15:06.9144716Z building simulator
2025-07-01T16:15:06.9145309Z ~/work/subnet-evm/subnet-evm/cmd/simulator ~/work/subnet-evm/subnet-evm
2025-07-01T16:15:06.9145818Z 
2025-07-01T16:15:06.9145989Z ~/work/subnet-evm/subnet-evm
2025-07-01T16:15:06.9146559Z running simulator from /home/runner/work/subnet-evm/subnet-evm
2025-07-01T16:15:06.9147659Z [07-01|16:12:54.475] [32mINFO[0m Metrics Server: localhost:8082/metrics
2025-07-01T16:15:06.9148963Z [07-01|16:12:54.475] [32mINFO[0m Distributing funds                       [32mnumTxsPerWorker[0m=50000 [32mminFunds[0m=1,050,000,000,000,000,000,000,000
2025-07-01T16:15:06.9150138Z [07-01|16:12:54.475] [32mINFO[0m Checking balance of each key to distribute funds
2025-07-01T16:15:06.9151263Z [07-01|16:12:54.478] [32mINFO[0m Found max funded key                     [32maddress[0m=0x8db97C7cEcE249c2b98bDC0226Cc4C2A57BF52FC [32mbalance[0m=100,000,000,000,000,000,000,000,000 [32mnumFundAddrs[0m=0
2025-07-01T16:15:06.9152511Z [07-01|16:12:54.478] [32mINFO[0m Distributed funds successfully           [32mtime[0m=2.986592ms
2025-07-01T16:15:06.9153042Z [07-01|16:12:54.479] [32mINFO[0m Creating transaction sequences...
2025-07-01T16:15:06.9153591Z [07-01|16:12:57.513] [32mINFO[0m Created transaction sequences successfully [32mtime[0m=3.033674832s
2025-07-01T16:15:06.9154472Z [07-01|16:12:57.513] [32mINFO[0m Constructing tx agents...                [32mnumAgents[0m=1
2025-07-01T16:15:06.9155099Z [07-01|16:12:57.513] [32mINFO[0m Starting tx agents...
2025-07-01T16:15:06.9155477Z [07-01|16:12:57.513] [32mINFO[0m Waiting for tx agents...
2025-07-01T16:15:06.9155994Z [07-01|16:14:38.815] [32mINFO[0m Issuance Batch Done                      [32mbatch[0m=0 [32mtime[0m=101.303
2025-07-01T16:15:06.9156621Z [07-01|16:15:06.909] [32mINFO[0m Confirmed Batch Done                     [32mbatch[0m=0 [32mtime[0m=28.093
2025-07-01T16:15:06.9157212Z [07-01|16:15:06.909] [32mINFO[0m Issuance Batch Done                      [32mbatch[0m=1 [32mtime[0m=0.000
2025-07-01T16:15:06.9157797Z [07-01|16:15:06.909] [32mINFO[0m Confirmed Batch Done                     [32mbatch[0m=1 [32mtime[0m=0.000
2025-07-01T16:15:06.9158687Z [07-01|16:15:06.909] [32mINFO[0m Execution complete                       [32mtotalTxs[0m=50000 [32mtotalTime[0m=129.396 [32mTPS[0m=386.411 [32missuanceTime[0m=101.303 [32mconfirmedTime[0m=28.093
2025-07-01T16:15:06.9159411Z [07-01|16:15:06.909] [32mINFO[0m Tx agents completed successfully.
2025-07-01T16:15:06.9159715Z *** Metrics ***
2025-07-01T16:15:06.9160487Z Type: COUNTER, Name: promhttp_metric_handler_errors_total, Description: Total number of internal errors encountered by the promhttp metric handler., Values: label:<name:"cause" value:"encoding" > counter:<value:0 > 
2025-07-01T16:15:06.9162910Z Type: COUNTER, Name: promhttp_metric_handler_errors_total, Description: Total number of internal errors encountered by the promhttp metric handler., Values: label:<name:"cause" value:"gathering" > counter:<value:0 > 
2025-07-01T16:15:06.9164866Z Type: SUMMARY, Name: tx_confirmation_time, Description: Individual Tx Confirmation Times for a Load Test, Values: summary:<sample_count:50000 sample_sum:28.005135570999894 quantile:<quantile:0.5 value:0.000538458 > quantile:<quantile:0.9 value:0.000601407 > quantile:<quantile:0.99 value:0.000899404 > > 
2025-07-01T16:15:06.9166831Z Type: SUMMARY, Name: tx_issuance_time, Description: Individual Tx Issuance Times for a Load Test, Values: summary:<sample_count:50000 sample_sum:101.24691619200057 quantile:<quantile:0.5 value:0.001357544 > quantile:<quantile:0.9 value:0.003931357 > quantile:<quantile:0.99 value:0.012489867 > > 
2025-07-01T16:15:06.9168690Z Type: SUMMARY, Name: tx_issuance_to_confirmation_time, Description: Individual Tx Issuance To Confirmation Times for a Load Test, Values: summary:<sample_count:50000 sample_sum:3.195305375583884e+06 quantile:<quantile:0.5 value:57.263057948 > quantile:<quantile:0.9 value:94.262178605 > quantile:<quantile:0.99 value:100.963859581 > > 
2025-07-01T16:15:06.9169766Z ***************
2025-07-01T16:15:06.9169882Z 
2025-07-01T16:15:06.9170604Z   < Exit [1m[It][0m basic subnet load test [38;5;243m- /home/runner/work/subnet-evm/subnet-evm/tests/load/load_test.go:72 @ 07/01/25 16:15:06.914 (2m15.132s)[0m
2025-07-01T16:15:06.9172215Z   > Enter [1m[AfterEach][0m TOP-LEVEL [38;5;243m- /home/runner/go/pkg/mod/github.com/ava-labs/avalanchego@v1.13.2/tests/fixture/e2e/metrics_link.go:33 @ 07/01/25 16:15:06.914[0m
2025-07-01T16:15:06.9173538Z   < Exit [1m[AfterEach][0m TOP-LEVEL [38;5;243m- /home/runner/go/pkg/mod/github.com/ava-labs/avalanchego@v1.13.2/tests/fixture/e2e/metrics_link.go:33 @ 07/01/25 16:15:06.914 (0s)[0m
2025-07-01T16:15:06.9177220Z   > Enter [1m[DeferCleanup (Each)][0m [Load Simulator] [38;5;243m- /home/runner/go/pkg/mod/github.com/ava-labs/avalanchego@v1.13.2/tests/fixture/e2e/ginkgo_test_context.go:96 @ 07/01/25 16:15:06.914[0m
2025-07-01T16:15:06.9179299Z   < Exit [1m[DeferCleanup (Each)][0m [Load Simulator] [38;5;243m- /home/runner/go/pkg/mod/github.com/ava-labs/avalanchego@v1.13.2/tests/fixture/e2e/ginkgo_test_context.go:96 @ 07/01/25 16:15:06.914 (0s)[0m
2025-07-01T16:15:06.9180790Z   > Enter [1m[DeferCleanup (Each)][0m [Load Simulator] [38;5;243m- /home/runner/go/pkg/mod/github.com/ava-labs/avalanchego@v1.13.2/tests/fixture/e2e/ginkgo_test_context.go:96 @ 07/01/25 16:15:06.914[0m
2025-07-01T16:15:06.9182806Z   < Exit [1m[DeferCleanup (Each)][0m [Load Simulator] [38;5;243m- /home/runner/go/pkg/mod/github.com/ava-labs/avalanchego@v1.13.2/tests/fixture/e2e/ginkgo_test_context.go:96 @ 07/01/25 16:15:06.914 (0s)[0m
2025-07-01T16:15:06.9184234Z   > Enter [1m[DeferCleanup (Each)][0m [Load Simulator] [38;5;243m- /home/runner/go/pkg/mod/github.com/ava-labs/avalanchego@v1.13.2/tests/fixture/e2e/ginkgo_test_context.go:96 @ 07/01/25 16:15:06.914[0m
2025-07-01T16:15:06.9185671Z   < Exit [1m[DeferCleanup (Each)][0m [Load Simulator] [38;5;243m- /home/runner/go/pkg/mod/github.com/ava-labs/avalanchego@v1.13.2/tests/fixture/e2e/ginkgo_test_context.go:96 @ 07/01/25 16:15:06.914 (0s)[0m
2025-07-01T16:15:06.9187096Z   > Enter [1m[DeferCleanup (Each)][0m [Load Simulator] [38;5;243m- /home/runner/go/pkg/mod/github.com/ava-labs/avalanchego@v1.13.2/tests/fixture/e2e/ginkgo_test_context.go:96 @ 07/01/25 16:15:06.914[0m
2025-07-01T16:15:06.9188529Z   < Exit [1m[DeferCleanup (Each)][0m [Load Simulator] [38;5;243m- /home/runner/go/pkg/mod/github.com/ava-labs/avalanchego@v1.13.2/tests/fixture/e2e/ginkgo_test_context.go:96 @ 07/01/25 16:15:06.914 (0s)[0m
2025-07-01T16:15:06.9190358Z   > Enter [1m[DeferCleanup (Each)][0m [Load Simulator] [38;5;243m- /home/runner/go/pkg/mod/github.com/ava-labs/avalanchego@v1.13.2/tests/fixture/e2e/ginkgo_test_context.go:96 @ 07/01/25 16:15:06.914[0m
2025-07-01T16:15:06.9192328Z   < Exit [1m[DeferCleanup (Each)][0m [Load Simulator] [38;5;243m- /home/runner/go/pkg/mod/github.com/ava-labs/avalanchego@v1.13.2/tests/fixture/e2e/ginkgo_test_context.go:96 @ 07/01/25 16:15:06.914 (0s)[0m
2025-07-01T16:15:06.9194439Z   > Enter [1m[DeferCleanup (Each)][0m [Load Simulator] [38;5;243m- /home/runner/go/pkg/mod/github.com/ava-labs/avalanchego@v1.13.2/tests/fixture/e2e/ginkgo_test_context.go:96 @ 07/01/25 16:15:06.914[0m
2025-07-01T16:15:06.9195983Z   < Exit [1m[DeferCleanup (Each)][0m [Load Simulator] [38;5;243m- /home/runner/go/pkg/mod/github.com/ava-labs/avalanchego@v1.13.2/tests/fixture/e2e/ginkgo_test_context.go:96 @ 07/01/25 16:15:06.914 (0s)[0m
2025-07-01T16:15:06.9197468Z   > Enter [1m[DeferCleanup (Each)][0m [Load Simulator] [38;5;243m- /home/runner/go/pkg/mod/github.com/ava-labs/avalanchego@v1.13.2/tests/fixture/e2e/ginkgo_test_context.go:96 @ 07/01/25 16:15:06.914[0m
2025-07-01T16:15:06.9198887Z   < Exit [1m[DeferCleanup (Each)][0m [Load Simulator] [38;5;243m- /home/runner/go/pkg/mod/github.com/ava-labs/avalanchego@v1.13.2/tests/fixture/e2e/ginkgo_test_context.go:96 @ 07/01/25 16:15:06.914 (0s)[0m
2025-07-01T16:15:06.9200941Z   > Enter [1m[DeferCleanup (Each)][0m [Load Simulator] [38;5;243m- /home/runner/go/pkg/mod/github.com/ava-labs/avalanchego@v1.13.2/tests/fixture/e2e/ginkgo_test_context.go:96 @ 07/01/25 16:15:06.914[0m
2025-07-01T16:15:06.9202847Z   < Exit [1m[DeferCleanup (Each)][0m [Load Simulator] [38;5;243m- /home/runner/go/pkg/mod/github.com/ava-labs/avalanchego@v1.13.2/tests/fixture/e2e/ginkgo_test_context.go:96 @ 07/01/25 16:15:06.914 (0s)[0m
2025-07-01T16:15:06.9204279Z   > Enter [1m[DeferCleanup (All)][0m [Load Simulator] [38;5;243m- /home/runner/go/pkg/mod/github.com/ava-labs/avalanchego@v1.13.2/tests/fixture/e2e/ginkgo_test_context.go:96 @ 07/01/25 16:15:06.914[0m
2025-07-01T16:15:06.9205706Z   < Exit [1m[DeferCleanup (All)][0m [Load Simulator] [38;5;243m- /home/runner/go/pkg/mod/github.com/ava-labs/avalanchego@v1.13.2/tests/fixture/e2e/ginkgo_test_context.go:96 @ 07/01/25 16:15:06.914 (0s)[0m
2025-07-01T16:15:06.9207126Z   > Enter [1m[DeferCleanup (All)][0m [Load Simulator] [38;5;243m- /home/runner/go/pkg/mod/github.com/ava-labs/avalanchego@v1.13.2/tests/fixture/e2e/ginkgo_test_context.go:96 @ 07/01/25 16:15:06.914[0m
2025-07-01T16:15:06.9208539Z   < Exit [1m[DeferCleanup (All)][0m [Load Simulator] [38;5;243m- /home/runner/go/pkg/mod/github.com/ava-labs/avalanchego@v1.13.2/tests/fixture/e2e/ginkgo_test_context.go:96 @ 07/01/25 16:15:06.914 (0s)[0m
2025-07-01T16:15:06.9210312Z   > Enter [1m[DeferCleanup (All)][0m [Load Simulator] [38;5;243m- /home/runner/go/pkg/mod/github.com/ava-labs/avalanchego@v1.13.2/tests/fixture/e2e/ginkgo_test_context.go:96 @ 07/01/25 16:15:06.914[0m
2025-07-01T16:15:06.9211939Z   < Exit [1m[DeferCleanup (All)][0m [Load Simulator] [38;5;243m- /home/runner/go/pkg/mod/github.com/ava-labs/avalanchego@v1.13.2/tests/fixture/e2e/ginkgo_test_context.go:96 @ 07/01/25 16:15:06.914 (0s)[0m
2025-07-01T16:15:06.9213362Z   > Enter [1m[DeferCleanup (All)][0m [Load Simulator] [38;5;243m- /home/runner/go/pkg/mod/github.com/ava-labs/avalanchego@v1.13.2/tests/fixture/e2e/ginkgo_test_context.go:96 @ 07/01/25 16:15:06.914[0m
2025-07-01T16:15:06.9214762Z   < Exit [1m[DeferCleanup (All)][0m [Load Simulator] [38;5;243m- /home/runner/go/pkg/mod/github.com/ava-labs/avalanchego@v1.13.2/tests/fixture/e2e/ginkgo_test_context.go:96 @ 07/01/25 16:15:06.914 (0s)[0m
2025-07-01T16:15:06.9216158Z   > Enter [1m[DeferCleanup (All)][0m [Load Simulator] [38;5;243m- /home/runner/go/pkg/mod/github.com/ava-labs/avalanchego@v1.13.2/tests/fixture/e2e/ginkgo_test_context.go:96 @ 07/01/25 16:15:06.914[0m
2025-07-01T16:15:06.9217558Z   < Exit [1m[DeferCleanup (All)][0m [Load Simulator] [38;5;243m- /home/runner/go/pkg/mod/github.com/ava-labs/avalanchego@v1.13.2/tests/fixture/e2e/ginkgo_test_context.go:96 @ 07/01/25 16:15:06.914 (0s)[0m
2025-07-01T16:15:06.9218954Z   > Enter [1m[DeferCleanup (All)][0m [Load Simulator] [38;5;243m- /home/runner/go/pkg/mod/github.com/ava-labs/avalanchego@v1.13.2/tests/fixture/e2e/ginkgo_test_context.go:96 @ 07/01/25 16:15:06.914[0m
2025-07-01T16:15:06.9220365Z   < Exit [1m[DeferCleanup (All)][0m [Load Simulator] [38;5;243m- /home/runner/go/pkg/mod/github.com/ava-labs/avalanchego@v1.13.2/tests/fixture/e2e/ginkgo_test_context.go:96 @ 07/01/25 16:15:06.914 (0s)[0m
2025-07-01T16:15:06.9221966Z   > Enter [1m[DeferCleanup (All)][0m [Load Simulator] [38;5;243m- /home/runner/go/pkg/mod/github.com/ava-labs/avalanchego@v1.13.2/tests/fixture/e2e/ginkgo_test_context.go:96 @ 07/01/25 16:15:06.914[0m
2025-07-01T16:15:06.9223398Z   < Exit [1m[DeferCleanup (All)][0m [Load Simulator] [38;5;243m- /home/runner/go/pkg/mod/github.com/ava-labs/avalanchego@v1.13.2/tests/fixture/e2e/ginkgo_test_context.go:96 @ 07/01/25 16:15:06.914 (0s)[0m
2025-07-01T16:15:06.9224798Z   > Enter [1m[DeferCleanup (All)][0m [Load Simulator] [38;5;243m- /home/runner/go/pkg/mod/github.com/ava-labs/avalanchego@v1.13.2/tests/fixture/e2e/ginkgo_test_context.go:96 @ 07/01/25 16:15:06.914[0m
2025-07-01T16:15:06.9226194Z   < Exit [1m[DeferCleanup (All)][0m [Load Simulator] [38;5;243m- /home/runner/go/pkg/mod/github.com/ava-labs/avalanchego@v1.13.2/tests/fixture/e2e/ginkgo_test_context.go:96 @ 07/01/25 16:15:06.914 (0s)[0m
2025-07-01T16:15:06.9227585Z   > Enter [1m[DeferCleanup (All)][0m [Load Simulator] [38;5;243m- /home/runner/go/pkg/mod/github.com/ava-labs/avalanchego@v1.13.2/tests/fixture/e2e/ginkgo_test_context.go:96 @ 07/01/25 16:15:06.914[0m
2025-07-01T16:15:06.9228559Z    [0;0mINFO[0;0m	delaying network shutdown to ensure final metrics scrape	{"delay": "12s"}
2025-07-01T16:15:18.9163021Z    [0;0mINFO[0;0m	shutting down network
2025-07-01T16:15:19.1095037Z   < Exit [1m[DeferCleanup (All)][0m [Load Simulator] [38;5;243m- /home/runner/go/pkg/mod/github.com/ava-labs/avalanchego@v1.13.2/tests/fixture/e2e/ginkgo_test_context.go:96 @ 07/01/25 16:15:19.109 (12.194s)[0m
2025-07-01T16:15:19.1097688Z   > Enter [1m[DeferCleanup (All)][0m [Load Simulator] [38;5;243m- /home/runner/go/pkg/mod/github.com/ava-labs/avalanchego@v1.13.2/tests/fixture/e2e/ginkgo_test_context.go:96 @ 07/01/25 16:15:19.109[0m
2025-07-01T16:15:19.1100101Z   < Exit [1m[DeferCleanup (All)][0m [Load Simulator] [38;5;243m- /home/runner/go/pkg/mod/github.com/ava-labs/avalanchego@v1.13.2/tests/fixture/e2e/ginkgo_test_context.go:96 @ 07/01/25 16:15:19.109 (0s)[0m
2025-07-01T16:15:19.1102864Z   > Enter [1m[DeferCleanup (All)][0m [Load Simulator] [38;5;243m- /home/runner/go/pkg/mod/github.com/ava-labs/avalanchego@v1.13.2/tests/fixture/e2e/ginkgo_test_context.go:96 @ 07/01/25 16:15:19.109[0m
2025-07-01T16:15:19.1105151Z    [0;0mINFO[0;0m	checking if logs exist	{"url": "https://loki-poc.avax-dev.network", "query": "sum(count_over_time({network_uuid=\"96dcbfac-da16-455f-99ab-def840269bf2\"}[1h]))"}
2025-07-01T16:15:20.0745906Z    [0;0mINFO[0;0m	collected count is non-zero	{"type": "logs", "count": 951318}
2025-07-01T16:15:20.0747918Z   < Exit [1m[DeferCleanup (All)][0m [Load Simulator] [38;5;243m- /home/runner/go/pkg/mod/github.com/ava-labs/avalanchego@v1.13.2/tests/fixture/e2e/ginkgo_test_context.go:96 @ 07/01/25 16:15:20.074 (965ms)[0m
2025-07-01T16:15:20.0749713Z   > Enter [1m[DeferCleanup (All)][0m [Load Simulator] [38;5;243m- /home/runner/go/pkg/mod/github.com/ava-labs/avalanchego@v1.13.2/tests/fixture/e2e/ginkgo_test_context.go:96 @ 07/01/25 16:15:20.074[0m
2025-07-01T16:15:20.0752300Z    [0;0mINFO[0;0m	checking if metrics exist	{"url": "https://prometheus-poc.avax-dev.network", "query": "count({network_uuid=\"96dcbfac-da16-455f-99ab-def840269bf2\"})"}
2025-07-01T16:15:20.2073615Z    [0;0mINFO[0;0m	collected count is non-zero	{"type": "metrics", "count": 15173}
2025-07-01T16:15:20.2075729Z   < Exit [1m[DeferCleanup (All)][0m [Load Simulator] [38;5;243m- /home/runner/go/pkg/mod/github.com/ava-labs/avalanchego@v1.13.2/tests/fixture/e2e/ginkgo_test_context.go:96 @ 07/01/25 16:15:20.207 (133ms)[0m
2025-07-01T16:15:20.2078740Z   > Enter [1m[DeferCleanup (All)][0m [Load Simulator] [38;5;243m- /home/runner/go/pkg/mod/github.com/ava-labs/avalanchego@v1.13.2/tests/fixture/e2e/ginkgo_test_context.go:96 @ 07/01/25 16:15:20.207[0m
2025-07-01T16:15:20.2081739Z   < Exit [1m[DeferCleanup (All)][0m [Load Simulator] [38;5;243m- /home/runner/go/pkg/mod/github.com/ava-labs/avalanchego@v1.13.2/tests/fixture/e2e/ginkgo_test_context.go:96 @ 07/01/25 16:15:20.207 (0s)[0m
2025-07-01T16:15:20.2084324Z   > Enter [1m[DeferCleanup (All)][0m [Load Simulator] [38;5;243m- /home/runner/go/pkg/mod/github.com/ava-labs/avalanchego@v1.13.2/tests/fixture/e2e/ginkgo_test_context.go:96 @ 07/01/25 16:15:20.207[0m
2025-07-01T16:15:20.2086971Z   < Exit [1m[DeferCleanup (All)][0m [Load Simulator] [38;5;243m- /home/runner/go/pkg/mod/github.com/ava-labs/avalanchego@v1.13.2/tests/fixture/e2e/ginkgo_test_context.go:96 @ 07/01/25 16:15:20.207 (0s)[0m
2025-07-01T16:15:20.2090506Z [38;5;10m• [167.771 seconds][0m
2025-07-01T16:15:20.2091087Z [38;5;243m------------------------------[0m
2025-07-01T16:15:20.2091401Z 
2025-07-01T16:15:20.2091882Z [38;5;10m[1mRan 1 of 1 Specs in 167.771 seconds[0m
2025-07-01T16:15:20.2092952Z [38;5;10m[1mSUCCESS![0m -- [38;5;10m[1m1 Passed[0m | [38;5;9m[1m0 Failed[0m | [38;5;11m[1m0 Pending[0m | [38;5;14m[1m0 Skipped[0m
2025-07-01T16:15:20.2093688Z PASS
2025-07-01T16:15:20.2258146Z 
2025-07-01T16:15:20.2258647Z Ginkgo ran 1 suite in 3m40.012831774s
2025-07-01T16:15:20.2259136Z Test Suite Passed
2025-07-01T16:15:20.2390886Z ##[group]Run actions/upload-artifact@v4
2025-07-01T16:15:20.2391166Z with:
2025-07-01T16:15:20.2391344Z   name: load-tmpnet-data
2025-07-01T16:15:20.2391981Z   path: ~/.tmpnet/networks
~/.tmpnet/prometheus/prometheus.log
~/.tmpnet/promtail/promtail.log

2025-07-01T16:15:20.2392422Z   if-no-files-found: error
2025-07-01T16:15:20.2392641Z   compression-level: 6
2025-07-01T16:15:20.2392840Z   overwrite: false
2025-07-01T16:15:20.2393037Z   include-hidden-files: false
2025-07-01T16:15:20.2393253Z env:
2025-07-01T16:15:20.2393459Z   TMPDIR: /home/runner/work/_temp
2025-07-01T16:15:20.2393686Z ##[endgroup]
2025-07-01T16:15:20.5022136Z Multiple search paths detected. Calculating the least common ancestor of all paths
2025-07-01T16:15:20.5025250Z The least common ancestor is /home/runner/.tmpnet. This will be the root directory of the artifact
2025-07-01T16:15:20.5026212Z With the provided path, there will be 150 files uploaded
2025-07-01T16:15:20.5032016Z Artifact name is valid!
2025-07-01T16:15:20.5033142Z Root directory input is valid!
2025-07-01T16:15:20.6516619Z Beginning upload of artifact content to blob storage
2025-07-01T16:15:21.5410074Z Uploaded bytes 8388608
2025-07-01T16:15:22.0350303Z Uploaded bytes 16777216
2025-07-01T16:15:22.4508841Z Uploaded bytes 25165824
2025-07-01T16:15:22.9391048Z Uploaded bytes 33554432
2025-07-01T16:15:23.3735410Z Uploaded bytes 41943040
2025-07-01T16:15:23.6628863Z Uploaded bytes 50331648
2025-07-01T16:15:23.8241976Z Uploaded bytes 52147797
2025-07-01T16:15:23.8565035Z Finished uploading artifact content to blob storage!
2025-07-01T16:15:23.8568020Z SHA256 digest of uploaded artifact zip is ee00ace4245c15a1407c744be893f9d996e68b380a7125cf1346399125c32031
2025-07-01T16:15:23.8569493Z Finalizing artifact upload
2025-07-01T16:15:23.9458948Z Artifact load-tmpnet-data.zip successfully finalized. Artifact ID 3442472779
2025-07-01T16:15:23.9460088Z Artifact load-tmpnet-data has been successfully uploaded! Final size is 52147797 bytes. Artifact ID is 3442472779
2025-07-01T16:15:23.9467649Z Artifact download URL: https://github.com/ava-labs/subnet-evm/actions/runs/16004559474/artifacts/3442472779
2025-07-01T16:15:23.9697619Z Post job cleanup.
2025-07-01T16:15:24.1322497Z [command]/opt/hostedtoolcache/go/1.23.9/x64/bin/go env GOMODCACHE
2025-07-01T16:15:24.1368649Z [command]/opt/hostedtoolcache/go/1.23.9/x64/bin/go env GOCACHE
2025-07-01T16:15:24.1398076Z /home/runner/go/pkg/mod
2025-07-01T16:15:24.1430525Z /home/runner/.cache/go-build
2025-07-01T16:15:24.1436451Z Cache hit occurred on the primary key setup-go-Linux-x64-ubuntu24-go-1.23.9-8a5f6b0ec156c644c456755461212fdb4b5f31e3982b840cb9a5e30f16f98494, not saving cache.
2025-07-01T16:15:24.1547465Z Post job cleanup.
2025-07-01T16:15:24.2564063Z [command]/usr/bin/git version
2025-07-01T16:15:24.2601911Z git version 2.49.0
2025-07-01T16:15:24.2654891Z Temporarily overriding HOME='/home/runner/work/_temp/d0c83196-2373-4537-a0cd-ea3d7384ef0c' before making global git config changes
2025-07-01T16:15:24.2656288Z Adding repository directory to the temporary git global config as a safe directory
2025-07-01T16:15:24.2661106Z [command]/usr/bin/git config --global --add safe.directory /home/runner/work/subnet-evm/subnet-evm
2025-07-01T16:15:24.2697824Z [command]/usr/bin/git config --local --name-only --get-regexp core\.sshCommand
2025-07-01T16:15:24.2730907Z [command]/usr/bin/git submodule foreach --recursive sh -c "git config --local --name-only --get-regexp 'core\.sshCommand' && git config --local --unset-all 'core.sshCommand' || :"
2025-07-01T16:15:24.2963714Z [command]/usr/bin/git config --local --name-only --get-regexp http\.https\:\/\/github\.com\/\.extraheader
2025-07-01T16:15:24.2989345Z http.https://github.com/.extraheader
2025-07-01T16:15:24.3003651Z [command]/usr/bin/git config --local --unset-all http.https://github.com/.extraheader
2025-07-01T16:15:24.3036261Z [command]/usr/bin/git submodule foreach --recursive sh -c "git config --local --name-only --get-regexp 'http\.https\:\/\/github\.com\/\.extraheader' && git config --local --unset-all 'http.https://github.com/.extraheader' || :"
2025-07-01T16:15:24.3396448Z Cleaning up orphan processes
2025-07-01T16:15:24.3733977Z Terminate orphan process: pid (19017) (prometheus)
2025-07-01T16:15:24.3780705Z Terminate orphan process: pid (19027) (.promtail-wrapp)
