2025-07-01T16:09:22.5156240Z Current runner version: '2.325.0'
2025-07-01T16:09:22.5180354Z ##[group]Runner Image Provisioner
2025-07-01T16:09:22.5181218Z Hosted Compute Agent
2025-07-01T16:09:22.5181763Z Version: 20250620.352
2025-07-01T16:09:22.5182515Z Commit: f262f3aba23b10ea191b2a62bdee1ca4c3d344da
2025-07-01T16:09:22.5183214Z Build Date: 2025-06-20T19:27:17Z
2025-07-01T16:09:22.5183772Z ##[endgroup]
2025-07-01T16:09:22.5184805Z ##[group]Operating System
2025-07-01T16:09:22.5185375Z Ubuntu
2025-07-01T16:09:22.5185828Z 24.04.2
2025-07-01T16:09:22.5186400Z LTS
2025-07-01T16:09:22.5186830Z ##[endgroup]
2025-07-01T16:09:22.5187349Z ##[group]Runner Image
2025-07-01T16:09:22.5187999Z Image: ubuntu-24.04
2025-07-01T16:09:22.5188520Z Version: 20250622.1.0
2025-07-01T16:09:22.5189473Z Included Software: https://github.com/actions/runner-images/blob/ubuntu24/20250622.1/images/ubuntu/Ubuntu2404-Readme.md
2025-07-01T16:09:22.5191101Z Image Release: https://github.com/actions/runner-images/releases/tag/ubuntu24%2F20250622.1
2025-07-01T16:09:22.5192170Z ##[endgroup]
2025-07-01T16:09:22.5194757Z ##[group]GITHUB_TOKEN Permissions
2025-07-01T16:09:22.5196840Z Actions: write
2025-07-01T16:09:22.5197439Z Attestations: write
2025-07-01T16:09:22.5197932Z Checks: write
2025-07-01T16:09:22.5198544Z Contents: write
2025-07-01T16:09:22.5199087Z Deployments: write
2025-07-01T16:09:22.5199614Z Discussions: write
2025-07-01T16:09:22.5200156Z Issues: write
2025-07-01T16:09:22.5200674Z Metadata: read
2025-07-01T16:09:22.5201200Z Models: read
2025-07-01T16:09:22.5201771Z Packages: write
2025-07-01T16:09:22.5202256Z Pages: write
2025-07-01T16:09:22.5202754Z PullRequests: write
2025-07-01T16:09:22.5203375Z RepositoryProjects: write
2025-07-01T16:09:22.5204183Z SecurityEvents: write
2025-07-01T16:09:22.5204954Z Statuses: write
2025-07-01T16:09:22.5205590Z ##[endgroup]
2025-07-01T16:09:22.5207720Z Secret source: Actions
2025-07-01T16:09:22.5208414Z Prepare workflow directory
2025-07-01T16:09:22.5539439Z Prepare all required actions
2025-07-01T16:09:22.5580443Z Getting action download info
2025-07-01T16:09:23.2079939Z ##[group]Download immutable action package 'actions/checkout@v4'
2025-07-01T16:09:23.2081107Z Version: 4.2.2
2025-07-01T16:09:23.2082186Z Digest: sha256:ccb2698953eaebd21c7bf6268a94f9c26518a7e38e27e0b83c1fe1ad049819b1
2025-07-01T16:09:23.2083507Z Source commit SHA: 11bd71901bbe5b1630ceea73d27597364c9af683
2025-07-01T16:09:23.2084566Z ##[endgroup]
2025-07-01T16:09:23.2884318Z ##[group]Download immutable action package 'actions/setup-go@v5'
2025-07-01T16:09:23.2885199Z Version: 5.5.0
2025-07-01T16:09:23.2885961Z Digest: sha256:f5eeb2233d0c6714b5236de9b44ad0b935014e15eeab3c28d73dc44c1c641ebb
2025-07-01T16:09:23.2887136Z Source commit SHA: d35c59abb061a4a6fb18e82ac0862c26744d6ab5
2025-07-01T16:09:23.2887899Z ##[endgroup]
2025-07-01T16:09:23.6482391Z ##[group]Download immutable action package 'actions/setup-node@v4'
2025-07-01T16:09:23.6484069Z Version: 4.4.0
2025-07-01T16:09:23.6484907Z Digest: sha256:9427cefe82346e992fb5b949e3569b39d537ae41aa3086483b14eceebfc16bc1
2025-07-01T16:09:23.6485890Z Source commit SHA: 49933ea5288caeca8642d1e84afbd3f7d6820020
2025-07-01T16:09:23.6486576Z ##[endgroup]
2025-07-01T16:09:23.7392646Z Download action repository 'ava-labs/avalanchego@092cf182dd92b66a8ab882b657d3ae52b174c913' (SHA:092cf182dd92b66a8ab882b657d3ae52b174c913)
2025-07-01T16:09:25.1447372Z Getting action download info
2025-07-01T16:09:25.4149072Z Download action repository 'cachix/install-nix-action@02a151ada4993995686f9ed4f1be7cfbb229e56f' (SHA:02a151ada4993995686f9ed4f1be7cfbb229e56f)
2025-07-01T16:09:25.8822521Z ##[group]Download immutable action package 'actions/upload-artifact@v4'
2025-07-01T16:09:25.8822982Z Version: 4.6.2
2025-07-01T16:09:25.8823377Z Digest: sha256:290722aa3281d5caf23d0acdc3dbeb3424786a1a01a9cc97e72f147225e37c38
2025-07-01T16:09:25.8824145Z Source commit SHA: ea165f8d65b6e75b540449e92b4886f43607fa02
2025-07-01T16:09:25.8824576Z ##[endgroup]
2025-07-01T16:09:26.0190002Z Complete job name: e2e warp tests
2025-07-01T16:09:26.0869672Z ##[group]Run actions/checkout@v4
2025-07-01T16:09:26.0870563Z with:
2025-07-01T16:09:26.0870807Z   fetch-depth: 0
2025-07-01T16:09:26.0871079Z   repository: ava-labs/subnet-evm
2025-07-01T16:09:26.0871549Z   token: ***
2025-07-01T16:09:26.0871807Z   ssh-strict: true
2025-07-01T16:09:26.0872069Z   ssh-user: git
2025-07-01T16:09:26.0872322Z   persist-credentials: true
2025-07-01T16:09:26.0872605Z   clean: true
2025-07-01T16:09:26.0872870Z   sparse-checkout-cone-mode: true
2025-07-01T16:09:26.0873173Z   fetch-tags: false
2025-07-01T16:09:26.0873413Z   show-progress: true
2025-07-01T16:09:26.0873699Z   lfs: false
2025-07-01T16:09:26.0874136Z   submodules: false
2025-07-01T16:09:26.0874397Z   set-safe-directory: true
2025-07-01T16:09:26.0874920Z ##[endgroup]
2025-07-01T16:09:26.1967271Z Syncing repository: ava-labs/subnet-evm
2025-07-01T16:09:26.1968733Z ##[group]Getting Git version info
2025-07-01T16:09:26.1969211Z Working directory is '/home/runner/work/subnet-evm/subnet-evm'
2025-07-01T16:09:26.1969906Z [command]/usr/bin/git version
2025-07-01T16:09:26.2012811Z git version 2.49.0
2025-07-01T16:09:26.2039782Z ##[endgroup]
2025-07-01T16:09:26.2054458Z Temporarily overriding HOME='/home/runner/work/_temp/2942e248-7fa7-449e-bded-e3233d95d821' before making global git config changes
2025-07-01T16:09:26.2055813Z Adding repository directory to the temporary git global config as a safe directory
2025-07-01T16:09:26.2059881Z [command]/usr/bin/git config --global --add safe.directory /home/runner/work/subnet-evm/subnet-evm
2025-07-01T16:09:26.2095970Z Deleting the contents of '/home/runner/work/subnet-evm/subnet-evm'
2025-07-01T16:09:26.2099654Z ##[group]Initializing the repository
2025-07-01T16:09:26.2103614Z [command]/usr/bin/git init /home/runner/work/subnet-evm/subnet-evm
2025-07-01T16:09:26.2166890Z hint: Using 'master' as the name for the initial branch. This default branch name
2025-07-01T16:09:26.2167715Z hint: is subject to change. To configure the initial branch name to use in all
2025-07-01T16:09:26.2168731Z hint: of your new repositories, which will suppress this warning, call:
2025-07-01T16:09:26.2169459Z hint:
2025-07-01T16:09:26.2170016Z hint: 	git config --global init.defaultBranch <name>
2025-07-01T16:09:26.2170635Z hint:
2025-07-01T16:09:26.2171178Z hint: Names commonly chosen instead of 'master' are 'main', 'trunk' and
2025-07-01T16:09:26.2172052Z hint: 'development'. The just-created branch can be renamed via this command:
2025-07-01T16:09:26.2172751Z hint:
2025-07-01T16:09:26.2173111Z hint: 	git branch -m <name>
2025-07-01T16:09:26.2173582Z Initialized empty Git repository in /home/runner/work/subnet-evm/subnet-evm/.git/
2025-07-01T16:09:26.2183610Z [command]/usr/bin/git remote add origin https://github.com/ava-labs/subnet-evm
2025-07-01T16:09:26.2217163Z ##[endgroup]
2025-07-01T16:09:26.2218012Z ##[group]Disabling automatic garbage collection
2025-07-01T16:09:26.2222004Z [command]/usr/bin/git config --local gc.auto 0
2025-07-01T16:09:26.2250922Z ##[endgroup]
2025-07-01T16:09:26.2251641Z ##[group]Setting up auth
2025-07-01T16:09:26.2258274Z [command]/usr/bin/git config --local --name-only --get-regexp core\.sshCommand
2025-07-01T16:09:26.2288608Z [command]/usr/bin/git submodule foreach --recursive sh -c "git config --local --name-only --get-regexp 'core\.sshCommand' && git config --local --unset-all 'core.sshCommand' || :"
2025-07-01T16:09:26.2579270Z [command]/usr/bin/git config --local --name-only --get-regexp http\.https\:\/\/github\.com\/\.extraheader
2025-07-01T16:09:26.2611717Z [command]/usr/bin/git submodule foreach --recursive sh -c "git config --local --name-only --get-regexp 'http\.https\:\/\/github\.com\/\.extraheader' && git config --local --unset-all 'http.https://github.com/.extraheader' || :"
2025-07-01T16:09:26.2835551Z [command]/usr/bin/git config --local http.https://github.com/.extraheader AUTHORIZATION: basic ***
2025-07-01T16:09:26.2871928Z ##[endgroup]
2025-07-01T16:09:26.2872809Z ##[group]Fetching the repository
2025-07-01T16:09:26.2882390Z [command]/usr/bin/git -c protocol.version=2 fetch --prune --no-recurse-submodules origin +refs/heads/*:refs/remotes/origin/* +refs/tags/*:refs/tags/* +24d42c4a5aa0c26b2727d8d8210c4ae7db4855fd:refs/remotes/pull/1610/merge
2025-07-01T16:09:39.4157830Z From https://github.com/ava-labs/subnet-evm
2025-07-01T16:09:39.4158730Z  * [new branch]          0.7.2-avalanchego-v1.13.0-fuji-rc.2 -> origin/0.7.2-avalanchego-v1.13.0-fuji-rc.2
2025-07-01T16:09:39.4159888Z  * [new branch]          HelloWorldOfficialTutorial -> origin/HelloWorldOfficialTutorial
2025-07-01T16:09:39.4160712Z  * [new branch]          abi-fuzz-testing          -> origin/abi-fuzz-testing
2025-07-01T16:09:39.4162107Z  * [new branch]          abi-standardize           -> origin/abi-standardize
2025-07-01T16:09:39.4164605Z  * [new branch]          acceptor-queue            -> origin/acceptor-queue
2025-07-01T16:09:39.4166635Z  * [new branch]          acp-176                   -> origin/acp-176
2025-07-01T16:09:39.4169232Z  * [new branch]          acp-176-config            -> origin/acp-176-config
2025-07-01T16:09:39.4171578Z  * [new branch]          add-aggregator-unit-test  -> origin/add-aggregator-unit-test
2025-07-01T16:09:39.4173600Z  * [new branch]          add-cpu-profiling         -> origin/add-cpu-profiling
2025-07-01T16:09:39.4177672Z  * [new branch]          add-cross-chain-request-to-s-evm -> origin/add-cross-chain-request-to-s-evm
2025-07-01T16:09:39.4179158Z  * [new branch]          add-else                  -> origin/add-else
2025-07-01T16:09:39.4180973Z  * [new branch]          add-manager-role          -> origin/add-manager-role
2025-07-01T16:09:39.4183125Z  * [new branch]          add-max-cache-size        -> origin/add-max-cache-size
2025-07-01T16:09:39.4185587Z  * [new branch]          add-more-unit-tests-for-aggregator -> origin/add-more-unit-tests-for-aggregator
2025-07-01T16:09:39.4188038Z  * [new branch]          add-pong-request-to-s-evm -> origin/add-pong-request-to-s-evm
2025-07-01T16:09:39.4190210Z  * [new branch]          addTestScript             -> origin/addTestScript
2025-07-01T16:09:39.4192094Z  * [new branch]          ago-v1.7.17               -> origin/ago-v1.7.17
2025-07-01T16:09:39.4195347Z  * [new branch]          alarso16/acp176-config    -> origin/alarso16/acp176-config
2025-07-01T16:09:39.4197344Z  * [new branch]          align-big2                -> origin/align-big2
2025-07-01T16:09:39.4199543Z  * [new branch]          align-block-request       -> origin/align-block-request
2025-07-01T16:09:39.4201696Z  * [new branch]          always-sign-uptime        -> origin/always-sign-uptime
2025-07-01T16:09:39.4204226Z  * [new branch]          always-sign-validator-uptimes -> origin/always-sign-validator-uptimes
2025-07-01T16:09:39.4207156Z  * [new branch]          anr-functionality-test    -> origin/anr-functionality-test
2025-07-01T16:09:39.4208541Z  * [new branch]          anusha-test-remote-sync   -> origin/anusha-test-remote-sync
2025-07-01T16:09:39.4210848Z  * [new branch]          anusha-test-remove-verify -> origin/anusha-test-remove-verify
2025-07-01T16:09:39.4214623Z  * [new branch]          arr4n/allowlist-refactor  -> origin/arr4n/allowlist-refactor
2025-07-01T16:09:39.4216541Z  * [new branch]          arr4n/circular-dep-types-precompiles -> origin/arr4n/circular-dep-types-precompiles
2025-07-01T16:09:39.4219060Z  * [new branch]          arr4n/geth-1.13.14        -> origin/arr4n/geth-1.13.14
2025-07-01T16:09:39.4220719Z  * [new branch]          arr4n/geth-1.13.14-squashed -> origin/arr4n/geth-1.13.14-squashed
2025-07-01T16:09:39.4222582Z  * [new branch]          arr4n/gethclone           -> origin/arr4n/gethclone
2025-07-01T16:09:39.4225034Z  * [new branch]          arr4n/gethclone-extension -> origin/arr4n/gethclone-extension
2025-07-01T16:09:39.4227795Z  * [new branch]          arr4n/gethclone-stateful-precompiles -> origin/arr4n/gethclone-stateful-precompiles
2025-07-01T16:09:39.4229273Z  * [new branch]          arr4n/move-precompile-interfaces -> origin/arr4n/move-precompile-interfaces
2025-07-01T16:09:39.4233230Z  * [new branch]          arr4n/precompile-go-tests -> origin/arr4n/precompile-go-tests
2025-07-01T16:09:39.4235667Z  * [new branch]          arr4n/solc-downloader     -> origin/arr4n/solc-downloader
2025-07-01T16:09:39.4236673Z  * [new branch]          ava-lru                   -> origin/ava-lru
2025-07-01T16:09:39.4239046Z  * [new branch]          avago-databaseconfig      -> origin/avago-databaseconfig
2025-07-01T16:09:39.4241059Z  * [new branch]          avagobump-for-relayer     -> origin/avagobump-for-relayer
2025-07-01T16:09:39.4243595Z  * [new branch]          avalanche-boundaries      -> origin/avalanche-boundaries
2025-07-01T16:09:39.4245888Z  * [new branch]          avalanchego-v1.9.2        -> origin/avalanchego-v1.9.2
2025-07-01T16:09:39.4248517Z  * [new branch]          awm-precompile-interface  -> origin/awm-precompile-interface
2025-07-01T16:09:39.4250843Z  * [new branch]          awm-precompile-interface-nits -> origin/awm-precompile-interface-nits
2025-07-01T16:09:39.4255471Z  * [new branch]          batch-inner               -> origin/batch-inner
2025-07-01T16:09:39.4257243Z  * [new branch]          bench-storage-trie        -> origin/bench-storage-trie
2025-07-01T16:09:39.4258005Z  * [new branch]          bench-study               -> origin/bench-study
2025-07-01T16:09:39.4259089Z  * [new branch]          break-cyclic              -> origin/break-cyclic
2025-07-01T16:09:39.4261903Z  * [new branch]          bump-ago                  -> origin/bump-ago
2025-07-01T16:09:39.4264293Z  * [new branch]          bump-anr-nits             -> origin/bump-anr-nits
2025-07-01T16:09:39.4266650Z  * [new branch]          bump-avago-master         -> origin/bump-avago-master
2025-07-01T16:09:39.4269279Z  * [new branch]          bump-avalanchego-c-chain-warp -> origin/bump-avalanchego-c-chain-warp
2025-07-01T16:09:39.4271158Z  * [new branch]          changes-to-requester      -> origin/changes-to-requester
2025-07-01T16:09:39.4274148Z  * [new branch]          check-code-scanning       -> origin/check-code-scanning
2025-07-01T16:09:39.4276353Z  * [new branch]          ci-enabled-fuzz           -> origin/ci-enabled-fuzz
2025-07-01T16:09:39.4278656Z  * [new branch]          cleanup-client            -> origin/cleanup-client
2025-07-01T16:09:39.4281362Z  * [new branch]          cleanup-jobs              -> origin/cleanup-jobs
2025-07-01T16:09:39.4283382Z  * [new branch]          cleanup-upgrades          -> origin/cleanup-upgrades
2025-07-01T16:09:39.4286228Z  * [new branch]          config-mainnet-warp-optimization -> origin/config-mainnet-warp-optimization
2025-07-01T16:09:39.4288172Z  * [new branch]          config-test-suites        -> origin/config-test-suites
2025-07-01T16:09:39.4290916Z  * [new branch]          configurable-suggestpriceoptions -> origin/configurable-suggestpriceoptions
2025-07-01T16:09:39.4292950Z  * [new branch]          containerize-vm-runtime   -> origin/containerize-vm-runtime
2025-07-01T16:09:39.4295750Z  * [new branch]          coreth-0.12.4-sync-x      -> origin/coreth-0.12.4-sync-x
2025-07-01T16:09:39.4297886Z  * [new branch]          coreth-diff               -> origin/coreth-diff
2025-07-01T16:09:39.4300410Z  * [new branch]          coreth-diff-script        -> origin/coreth-diff-script
2025-07-01T16:09:39.4302707Z  * [new branch]          coreth-merge              -> origin/coreth-merge
2025-07-01T16:09:39.4305026Z  * [new branch]          coreth-test-0             -> origin/coreth-test-0
2025-07-01T16:09:39.4307434Z  * [new branch]          custom-log-format         -> origin/custom-log-format
2025-07-01T16:09:39.4310492Z  * [new branch]          darioush/simplify-ci-monitoring -> origin/darioush/simplify-ci-monitoring
2025-07-01T16:09:39.4312522Z  * [new branch]          debian-update-to-debian12 -> origin/debian-update-to-debian12
2025-07-01T16:09:39.4315493Z  * [new branch]          debug-cache-rate          -> origin/debug-cache-rate
2025-07-01T16:09:39.4317798Z  * [new branch]          debug-fee-config-manager  -> origin/debug-fee-config-manager
2025-07-01T16:09:39.4320550Z  * [new branch]          decouple-precompiles      -> origin/decouple-precompiles
2025-07-01T16:09:39.4322495Z  * [new branch]          decouple-precompiles-0    -> origin/decouple-precompiles-0
2025-07-01T16:09:39.4325083Z  * [new branch]          default-rejournal         -> origin/default-rejournal
2025-07-01T16:09:39.4327551Z  * [new branch]          delete-redundant-tests    -> origin/delete-redundant-tests
2025-07-01T16:09:39.4329651Z  * [new branch]          deleteme                  -> origin/deleteme
2025-07-01T16:09:39.4334676Z  * [new branch]          dependabot/github_actions/docker/setup-buildx-action-3.11.1 -> origin/dependabot/github_actions/docker/setup-buildx-action-3.11.1
2025-07-01T16:09:39.4337359Z  * [new branch]          dependabot/github_actions/github/codeql-action-3.29.1 -> origin/dependabot/github_actions/github/codeql-action-3.29.1
2025-07-01T16:09:39.4340857Z  * [new branch]          dependabot/github_actions/golangci/golangci-lint-action-6.5.2 -> origin/dependabot/github_actions/golangci/golangci-lint-action-6.5.2
2025-07-01T16:09:39.4343635Z  * [new branch]          dependabot/github_actions/goreleaser/goreleaser-action-6.3.0 -> origin/dependabot/github_actions/goreleaser/goreleaser-action-6.3.0
2025-07-01T16:09:39.4348397Z  * [new branch]          dependabot/go_modules/github.com/antithesishq/antithesis-sdk-go-0.4.3 -> origin/dependabot/go_modules/github.com/antithesishq/antithesis-sdk-go-0.4.3
2025-07-01T16:09:39.4351166Z  * [new branch]          dependabot/go_modules/github.com/docker/docker-24.0.6incompatible -> origin/dependabot/go_modules/github.com/docker/docker-24.0.6incompatible
2025-07-01T16:09:39.4354414Z  * [new branch]          dependabot/go_modules/github.com/go-cmd/cmd-1.4.3 -> origin/dependabot/go_modules/github.com/go-cmd/cmd-1.4.3
2025-07-01T16:09:39.4357765Z  * [new branch]          dependabot/go_modules/github.com/gorilla/rpc-1.2.1 -> origin/dependabot/go_modules/github.com/gorilla/rpc-1.2.1
2025-07-01T16:09:39.4360778Z  * [new branch]          dependabot/go_modules/github.com/spf13/viper-1.20.1 -> origin/dependabot/go_modules/github.com/spf13/viper-1.20.1
2025-07-01T16:09:39.4364828Z  * [new branch]          dependabot/npm_and_yarn/contracts/base-x-3.0.11 -> origin/dependabot/npm_and_yarn/contracts/base-x-3.0.11
2025-07-01T16:09:39.4366979Z  * [new branch]          dependabot/npm_and_yarn/contracts/multi-456de2e4f1 -> origin/dependabot/npm_and_yarn/contracts/multi-456de2e4f1
2025-07-01T16:09:39.4369363Z  * [new branch]          dependabot/npm_and_yarn/contracts/multi-997cdae7c5 -> origin/dependabot/npm_and_yarn/contracts/multi-997cdae7c5
2025-07-01T16:09:39.4371746Z  * [new branch]          dependabot/npm_and_yarn/contracts/multi-d371db0872 -> origin/dependabot/npm_and_yarn/contracts/multi-d371db0872
2025-07-01T16:09:39.4374271Z  * [new branch]          dependabot/npm_and_yarn/contracts/pbkdf2-3.1.3 -> origin/dependabot/npm_and_yarn/contracts/pbkdf2-3.1.3
2025-07-01T16:09:39.4377097Z  * [new branch]          dependabot/npm_and_yarn/contracts/secp256k1-4.0.4 -> origin/dependabot/npm_and_yarn/contracts/secp256k1-4.0.4
2025-07-01T16:09:39.4379020Z  * [new branch]          dev-setup-testing         -> origin/dev-setup-testing
2025-07-01T16:09:39.4381822Z  * [new branch]          docker-tag                -> origin/docker-tag
2025-07-01T16:09:39.4384755Z  * [new branch]          docs/avalanche-ops        -> origin/docs/avalanche-ops
2025-07-01T16:09:39.4387218Z  * [new branch]          e2e                       -> origin/e2e
2025-07-01T16:09:39.4389274Z  * [new branch]          e2e-testing-s-evm         -> origin/e2e-testing-s-evm
2025-07-01T16:09:39.4391808Z  * [new branch]          e2e-to-tmpnet-x           -> origin/e2e-to-tmpnet-x
2025-07-01T16:09:39.4394351Z  * [new branch]          e2e-use-local-uri         -> origin/e2e-use-local-uri
2025-07-01T16:09:39.4396739Z  * [new branch]          e2e-verbose-logging       -> origin/e2e-verbose-logging
2025-07-01T16:09:39.4398927Z  * [new branch]          e2e-warp-to-tmpnet-x      -> origin/e2e-warp-to-tmpnet-x
2025-07-01T16:09:39.4401981Z  * [new branch]          eth-call-depth-metrics    -> origin/eth-call-depth-metrics
2025-07-01T16:09:39.4404782Z  * [new branch]          feature/ci-avago-commitish -> origin/feature/ci-avago-commitish
2025-07-01T16:09:39.4407197Z  * [new branch]          final-changes-ccr-send    -> origin/final-changes-ccr-send
2025-07-01T16:09:39.4409604Z  * [new branch]          fix-antithesis-image-build -> origin/fix-antithesis-image-build
2025-07-01T16:09:39.4412051Z  * [new branch]          fix-build-protobuf        -> origin/fix-build-protobuf
2025-07-01T16:09:39.4414563Z  * [new branch]          fix-contexts              -> origin/fix-contexts
2025-07-01T16:09:39.4417050Z  * [new branch]          fix-docker-binaries-2     -> origin/fix-docker-binaries-2
2025-07-01T16:09:39.4419477Z  * [new branch]          fix-docker-push           -> origin/fix-docker-push
2025-07-01T16:09:39.4421892Z  * [new branch]          fix-goreleaser            -> origin/fix-goreleaser
2025-07-01T16:09:39.4424374Z  * [new branch]          fix-goroutine-leak        -> origin/fix-goroutine-leak
2025-07-01T16:09:39.4426857Z  * [new branch]          fix-issuance              -> origin/fix-issuance
2025-07-01T16:09:39.4429326Z  * [new branch]          fix-load-test             -> origin/fix-load-test
2025-07-01T16:09:39.4431857Z  * [new branch]          fix-shutdown-hang         -> origin/fix-shutdown-hang
2025-07-01T16:09:39.4434310Z  * [new branch]          fix-size-checks           -> origin/fix-size-checks
2025-07-01T16:09:39.4436742Z  * [new branch]          fix-v1.13.0-fuji-rc.2     -> origin/fix-v1.13.0-fuji-rc.2
2025-07-01T16:09:39.4439069Z  * [new branch]          fix-verdb                 -> origin/fix-verdb
2025-07-01T16:09:39.4441711Z  * [new branch]          fix-warp-events           -> origin/fix-warp-events
2025-07-01T16:09:39.4444285Z  * [new branch]          fuji-warp                 -> origin/fuji-warp
2025-07-01T16:09:39.4446909Z  * [new branch]          geth-master               -> origin/geth-master
2025-07-01T16:09:39.4449405Z  * [new branch]          geth-v.13.2-x             -> origin/geth-v.13.2-x
2025-07-01T16:09:39.4451842Z  * [new branch]          geth-v1.12.2-x            -> origin/geth-v1.12.2-x
2025-07-01T16:09:39.4454941Z  * [new branch]          geth-v1.13.14-sq          -> origin/geth-v1.13.14-sq
2025-07-01T16:09:39.4461814Z  * [new branch]          geth-v1.13.14-sq-arr4n-sq -> origin/geth-v1.13.14-sq-arr4n-sq
2025-07-01T16:09:39.4462698Z  * [new branch]          geth-v1.13.2-squashed-diff -> origin/geth-v1.13.2-squashed-diff
2025-07-01T16:09:39.4463490Z  * [new branch]          geth-v1.14.7              -> origin/geth-v1.14.7
2025-07-01T16:09:39.4466675Z  * [new branch]          geth-v1.14.7-sq           -> origin/geth-v1.14.7-sq
2025-07-01T16:09:39.4467771Z  * [new branch]          geth-v1.14.7-sq-reset     -> origin/geth-v1.14.7-sq-reset
2025-07-01T16:09:39.4472038Z  * [new branch]          gh-readonly-queue/master/pr-1557-8b0ef322b993fea02a4341fe023b31424388ac17 -> origin/gh-readonly-queue/master/pr-1557-8b0ef322b993fea02a4341fe023b31424388ac17
2025-07-01T16:09:39.4473535Z  * [new branch]          go-ethereum-1.11.4        -> origin/go-ethereum-1.11.4
2025-07-01T16:09:39.4476258Z  * [new branch]          handshake-codec           -> origin/handshake-codec
2025-07-01T16:09:39.4478860Z  * [new branch]          handshake-codec-deterministic-json -> origin/handshake-codec-deterministic-json
2025-07-01T16:09:39.4481385Z  * [new branch]          hello-world-tutorial-walkthrough -> origin/hello-world-tutorial-walkthrough
2025-07-01T16:09:39.4484186Z  * [new branch]          helloworld-official-tutorial-v2 -> origin/helloworld-official-tutorial-v2
2025-07-01T16:09:39.4487023Z  * [new branch]          helloworld-official-tutorial-v2-generate-test -> origin/helloworld-official-tutorial-v2-generate-test
2025-07-01T16:09:39.4488916Z  * [new branch]          iface-dependency          -> origin/iface-dependency
2025-07-01T16:09:39.4491895Z  * [new branch]          improve-log-v0.5.3        -> origin/improve-log-v0.5.3
2025-07-01T16:09:39.4494930Z  * [new branch]          inspector                 -> origin/inspector
2025-07-01T16:09:39.4496822Z  * [new branch]          journal-clean             -> origin/journal-clean
2025-07-01T16:09:39.4501238Z  * [new branch]          libevm                    -> origin/libevm
2025-07-01T16:09:39.4503705Z  * [new branch]          libevm-sync-codeql        -> origin/libevm-sync-codeql
2025-07-01T16:09:39.4506199Z  * [new branch]          load-test-best-config     -> origin/load-test-best-config
2025-07-01T16:09:39.4508799Z  * [new branch]          loadtestN                 -> origin/loadtestN
2025-07-01T16:09:39.4511442Z  * [new branch]          macos-goreleaser          -> origin/macos-goreleaser
2025-07-01T16:09:39.4514112Z  * [new branch]          master                    -> origin/master
2025-07-01T16:09:39.4516699Z  * [new branch]          merge-coreth-master       -> origin/merge-coreth-master
2025-07-01T16:09:39.4519222Z  * [new branch]          merge-geth                -> origin/merge-geth
2025-07-01T16:09:39.4521806Z  * [new branch]          merge-master-libevm-387bbc1 -> origin/merge-master-libevm-387bbc1
2025-07-01T16:09:39.4524443Z  * [new branch]          merkledb-experiment-y     -> origin/merkledb-experiment-y
2025-07-01T16:09:39.4526878Z  * [new branch]          migrate-coreth-v0.8.16-rc2 -> origin/migrate-coreth-v0.8.16-rc2
2025-07-01T16:09:39.4529528Z  * [new branch]          migrate-hardhat-to-ds-test-backup -> origin/migrate-hardhat-to-ds-test-backup
2025-07-01T16:09:39.4531816Z  * [new branch]          move-ci-tasks             -> origin/move-ci-tasks
2025-07-01T16:09:39.4534698Z  * [new branch]          move-gas-limit-simplify   -> origin/move-gas-limit-simplify
2025-07-01T16:09:39.4536928Z  * [new branch]          multicoin-idea            -> origin/multicoin-idea
2025-07-01T16:09:39.4539450Z  * [new branch]          new-block-context-err     -> origin/new-block-context-err
2025-07-01T16:09:39.4542362Z  * [new branch]          nits-arr4n/geth-1.13.14   -> origin/nits-arr4n/geth-1.13.14
2025-07-01T16:09:39.4545162Z  * [new branch]          no-improvements           -> origin/no-improvements
2025-07-01T16:09:39.4547652Z  * [new branch]          off-chain-warp-messages   -> origin/off-chain-warp-messages
2025-07-01T16:09:39.4550040Z  * [new branch]          offchain-message-logging  -> origin/offchain-message-logging
2025-07-01T16:09:39.4552662Z  * [new branch]          only-load-test-ginkgo     -> origin/only-load-test-ginkgo
2025-07-01T16:09:39.4555526Z  * [new branch]          overflows-revisited       -> origin/overflows-revisited
2025-07-01T16:09:39.4558045Z  * [new branch]          parse-genesis             -> origin/parse-genesis
2025-07-01T16:09:39.4560626Z  * [new branch]          peer-tracker-test         -> origin/peer-tracker-test
2025-07-01T16:09:39.4563271Z  * [new branch]          pod-yaml                  -> origin/pod-yaml
2025-07-01T16:09:39.4566172Z  * [new branch]          precompile-hello-world    -> origin/precompile-hello-world
2025-07-01T16:09:39.4568792Z  * [new branch]          precompile-template-testing -> origin/precompile-template-testing
2025-07-01T16:09:39.4571213Z  * [new branch]          precompile-tutorial-only  -> origin/precompile-tutorial-only
2025-07-01T16:09:39.4573812Z  * [new branch]          pruning                   -> origin/pruning
2025-07-01T16:09:39.4576572Z  * [new branch]          readmesubnet              -> origin/readmesubnet
2025-07-01T16:09:39.4579059Z  * [new branch]          refactor-config           -> origin/refactor-config
2025-07-01T16:09:39.4582266Z  * [new branch]          refactor-e2e-tests-5-node-network-bash -> origin/refactor-e2e-tests-5-node-network-bash
2025-07-01T16:09:39.4584836Z  * [new branch]          refactored-warp-precompile -> origin/refactored-warp-precompile
2025-07-01T16:09:39.4587359Z  * [new branch]          release-v0.6.4-fix-pebble -> origin/release-v0.6.4-fix-pebble
2025-07-01T16:09:39.4590403Z  * [new branch]          remote-docs               -> origin/remote-docs
2025-07-01T16:09:39.4592964Z  * [new branch]          remove-codeowner          -> origin/remove-codeowner
2025-07-01T16:09:39.4595443Z  * [new branch]          remove-get-message        -> origin/remove-get-message
2025-07-01T16:09:39.4597816Z  * [new branch]          remove-status             -> origin/remove-status
2025-07-01T16:09:39.4600274Z  * [new branch]          remove-unused-mux         -> origin/remove-unused-mux
2025-07-01T16:09:39.4602803Z  * [new branch]          remove-vm-dead-code       -> origin/remove-vm-dead-code
2025-07-01T16:09:39.4605516Z  * [new branch]          reprocess-before-setpreference -> origin/reprocess-before-setpreference
2025-07-01T16:09:39.4607708Z  * [new branch]          reproduceable-ci          -> origin/reproduceable-ci
2025-07-01T16:09:39.4610077Z  * [new branch]          return-bytes              -> origin/return-bytes
2025-07-01T16:09:39.4612440Z  * [new branch]          run-linter                -> origin/run-linter
2025-07-01T16:09:39.4615009Z  * [new branch]          safe-balance-ops          -> origin/safe-balance-ops
2025-07-01T16:09:39.4617429Z  * [new branch]          sanity                    -> origin/sanity
2025-07-01T16:09:39.4619970Z  * [new branch]          send-multiple-gossip-txs  -> origin/send-multiple-gossip-txs
2025-07-01T16:09:39.4622339Z  * [new branch]          separate-precompiles      -> origin/separate-precompiles
2025-07-01T16:09:39.4625206Z  * [new branch]          separate-upgradeconfig    -> origin/separate-upgradeconfig
2025-07-01T16:09:39.4627689Z  * [new branch]          serialize-upgrade-config  -> origin/serialize-upgrade-config
2025-07-01T16:09:39.4630245Z  * [new branch]          setup-framework-for-ds-test -> origin/setup-framework-for-ds-test
2025-07-01T16:09:39.4632742Z  * [new branch]          shared-memory-precompile  -> origin/shared-memory-precompile
2025-07-01T16:09:39.4635625Z  * [new branch]          shared-memory-precompiles-regen0 -> origin/shared-memory-precompiles-regen0
2025-07-01T16:09:39.4637838Z  * [new branch]          simulator-2               -> origin/simulator-2
2025-07-01T16:09:39.4640107Z  * [new branch]          single-node-e2e-w         -> origin/single-node-e2e-w
2025-07-01T16:09:39.4642593Z  * [new branch]          single-predicate-verify-test -> origin/single-predicate-verify-test
2025-07-01T16:09:39.4645219Z  * [new branch]          specify-default-hashdb    -> origin/specify-default-hashdb
2025-07-01T16:09:39.4647634Z  * [new branch]          split-extra-data          -> origin/split-extra-data
2025-07-01T16:09:39.4650530Z  * [new branch]          start-release-cycle       -> origin/start-release-cycle
2025-07-01T16:09:39.4652720Z  * [new branch]          statesync-e2e             -> origin/statesync-e2e
2025-07-01T16:09:39.4654774Z  * [new branch]          subnet-evm-002            -> origin/subnet-evm-002
2025-07-01T16:09:39.4657328Z  * [new branch]          subnet-evm-002-wagmi      -> origin/subnet-evm-002-wagmi
2025-07-01T16:09:39.4659758Z  * [new branch]          subnet-evm-pod            -> origin/subnet-evm-pod
2025-07-01T16:09:39.4662227Z  * [new branch]          subnet-evm-rename-coreth  -> origin/subnet-evm-rename-coreth
2025-07-01T16:09:39.4664807Z  * [new branch]          sync-coreth-v0.12.4-rc0-xx -> origin/sync-coreth-v0.12.4-rc0-xx
2025-07-01T16:09:39.4667202Z  * [new branch]          teleporter-demo           -> origin/teleporter-demo
2025-07-01T16:09:39.4669557Z  * [new branch]          teleporter-demo-mod-sig-response -> origin/teleporter-demo-mod-sig-response
2025-07-01T16:09:39.4671918Z  * [new branch]          test-ago                  -> origin/test-ago
2025-07-01T16:09:39.4674459Z  * [new branch]          test-avago-updates        -> origin/test-avago-updates
2025-07-01T16:09:39.4676642Z  * [new branch]          test-branch-ci            -> origin/test-branch-ci
2025-07-01T16:09:39.4678960Z  * [new branch]          test-dockerfile           -> origin/test-dockerfile
2025-07-01T16:09:39.4681377Z  * [new branch]          test-hello-world-precompile-example -> origin/test-hello-world-precompile-example
2025-07-01T16:09:39.4683608Z  * [new branch]          test-libevm               -> origin/test-libevm
2025-07-01T16:09:39.4685932Z  * [new branch]          test_workers              -> origin/test_workers
2025-07-01T16:09:39.4688406Z  * [new branch]          testing-image-build-for-unmerged-commit-test -> origin/testing-image-build-for-unmerged-commit-test
2025-07-01T16:09:39.4693804Z  * [new branch]          tmp-master                -> origin/tmp-master
2025-07-01T16:09:39.4696458Z  * [new branch]          tmpnet-disjoint-validator-sets -> origin/tmpnet-disjoint-validator-sets
2025-07-01T16:09:39.4698725Z  * [new branch]          tps-fix                   -> origin/tps-fix
2025-07-01T16:09:39.4701297Z  * [new branch]          trie-prefetcher-alt       -> origin/trie-prefetcher-alt
2025-07-01T16:09:39.4704042Z  * [new branch]          trie-prefetcher-alt1      -> origin/trie-prefetcher-alt1
2025-07-01T16:09:39.4706610Z  * [new branch]          truncate-call-log         -> origin/truncate-call-log
2025-07-01T16:09:39.4709126Z  * [new branch]          tx-count-metrics          -> origin/tx-count-metrics
2025-07-01T16:09:39.4711558Z  * [new branch]          txpool-mutex              -> origin/txpool-mutex
2025-07-01T16:09:39.4714300Z  * [new branch]          typed-revert-error        -> origin/typed-revert-error
2025-07-01T16:09:39.4716657Z  * [new branch]          update-12.0-fuji          -> origin/update-12.0-fuji
2025-07-01T16:09:39.4719309Z  * [new branch]          update-avago-teleporter   -> origin/update-avago-teleporter
2025-07-01T16:09:39.4721693Z  * [new branch]          update-avalanchego        -> origin/update-avalanchego
2025-07-01T16:09:39.4724312Z  * [new branch]          update-subnet-evm         -> origin/update-subnet-evm
2025-07-01T16:09:39.4726807Z  * [new branch]          uptime-tracking-wip       -> origin/uptime-tracking-wip
2025-07-01T16:09:39.4729255Z  * [new branch]          use-libevm-params         -> origin/use-libevm-params
2025-07-01T16:09:39.4731752Z  * [new branch]          use-libevm-statedb        -> origin/use-libevm-statedb
2025-07-01T16:09:39.4734376Z  * [new branch]          v0.6.1-fix-client         -> origin/v0.6.1-fix-client
2025-07-01T16:09:39.4736824Z  * [new branch]          v1.7.17-rc.8              -> origin/v1.7.17-rc.8
2025-07-01T16:09:39.4739392Z  * [new branch]          validator-manager         -> origin/validator-manager
2025-07-01T16:09:39.4741860Z  * [new branch]          validator-metastate       -> origin/validator-metastate
2025-07-01T16:09:39.4744386Z  * [new branch]          verify-no-blobs           -> origin/verify-no-blobs
2025-07-01T16:09:39.4747000Z  * [new branch]          version-v0.6.0-fuji       -> origin/version-v0.6.0-fuji
2025-07-01T16:09:39.4749387Z  * [new branch]          vmerrs-putback            -> origin/vmerrs-putback
2025-07-01T16:09:39.4751860Z  * [new branch]          wagmi-upgrade-json        -> origin/wagmi-upgrade-json
2025-07-01T16:09:39.4754514Z  * [new branch]          warp-contract-feature     -> origin/warp-contract-feature
2025-07-01T16:09:39.4756995Z  * [new branch]          warp-contract-l           -> origin/warp-contract-l
2025-07-01T16:09:39.4759633Z  * [new branch]          warp-contract-l-repro     -> origin/warp-contract-l-repro
2025-07-01T16:09:39.4762026Z  * [new branch]          warp-contract-testing     -> origin/warp-contract-testing
2025-07-01T16:09:39.4764527Z  * [new branch]          warp-e2e                  -> origin/warp-e2e
2025-07-01T16:09:39.4767255Z  * [new branch]          warp-load-e2e             -> origin/warp-load-e2e
2025-07-01T16:09:39.4770138Z  * [new branch]          warp-load-e2e-bls-genesis-validators -> origin/warp-load-e2e-bls-genesis-validators
2025-07-01T16:09:39.4772180Z  * [new branch]          warp-load-test            -> origin/warp-load-test
2025-07-01T16:09:39.4775085Z  * [new branch]          warp-load-testing         -> origin/warp-load-testing
2025-07-01T16:09:39.4777657Z  * [new branch]          warp-network-run          -> origin/warp-network-run
2025-07-01T16:09:39.4780462Z  * [new branch]          warp-precompile           -> origin/warp-precompile
2025-07-01T16:09:39.4782689Z  * [new branch]          warp-precompile-on-accept -> origin/warp-precompile-on-accept
2025-07-01T16:09:39.4786652Z  * [new branch]          warp-requirePrimaryNetworkSignersAlt -> origin/warp-requirePrimaryNetworkSignersAlt
2025-07-01T16:09:39.4789564Z  * [new branch]          wip-script-ideas          -> origin/wip-script-ideas
2025-07-01T16:09:39.4792204Z  * [new branch]          worker-err-test           -> origin/worker-err-test
2025-07-01T16:09:39.4793759Z  * [new tag]             v0.0.0-apm-alpha          -> v0.0.0-apm-alpha
2025-07-01T16:09:39.4796116Z  * [new tag]             v0.0.1                    -> v0.0.1
2025-07-01T16:09:39.4796910Z  * [new tag]             v0.0.2                    -> v0.0.2
2025-07-01T16:09:39.4799242Z  * [new tag]             v0.1.0                    -> v0.1.0
2025-07-01T16:09:39.4799956Z  * [new tag]             v0.1.1                    -> v0.1.1
2025-07-01T16:09:39.4801502Z  * [new tag]             v0.1.2                    -> v0.1.2
2025-07-01T16:09:39.4802072Z  * [new tag]             v0.1.2-rc.0               -> v0.1.2-rc.0
2025-07-01T16:09:39.4806718Z  * [new tag]             v0.2.0                    -> v0.2.0
2025-07-01T16:09:39.4807330Z  * [new tag]             v0.2.1                    -> v0.2.1
2025-07-01T16:09:39.4807915Z  * [new tag]             v0.2.1-rc.0               -> v0.2.1-rc.0
2025-07-01T16:09:39.4808598Z  * [new tag]             v0.2.2                    -> v0.2.2
2025-07-01T16:09:39.4811439Z  * [new tag]             v0.2.3                    -> v0.2.3
2025-07-01T16:09:39.4812308Z  * [new tag]             v0.2.4                    -> v0.2.4
2025-07-01T16:09:39.4812860Z  * [new tag]             v0.2.5                    -> v0.2.5
2025-07-01T16:09:39.4813388Z  * [new tag]             v0.2.6                    -> v0.2.6
2025-07-01T16:09:39.4814326Z  * [new tag]             v0.2.7                    -> v0.2.7
2025-07-01T16:09:39.4814855Z  * [new tag]             v0.2.8                    -> v0.2.8
2025-07-01T16:09:39.4816931Z  * [new tag]             v0.2.9                    -> v0.2.9
2025-07-01T16:09:39.4817483Z  * [new tag]             v0.3.0                    -> v0.3.0
2025-07-01T16:09:39.4819406Z  * [new tag]             v0.3.0-rc.0               -> v0.3.0-rc.0
2025-07-01T16:09:39.4819974Z  * [new tag]             v0.4.0                    -> v0.4.0
2025-07-01T16:09:39.4821222Z  * [new tag]             v0.4.1                    -> v0.4.1
2025-07-01T16:09:39.4822975Z  * [new tag]             v0.4.1-rc.0               -> v0.4.1-rc.0
2025-07-01T16:09:39.4823633Z  * [new tag]             v0.4.1-rc.1               -> v0.4.1-rc.1
2025-07-01T16:09:39.4824903Z  * [new tag]             v0.4.1-rc.2               -> v0.4.1-rc.2
2025-07-01T16:09:39.4825657Z  * [new tag]             v0.4.1-rc.3               -> v0.4.1-rc.3
2025-07-01T16:09:39.4826819Z  * [new tag]             v0.4.1-rc.4               -> v0.4.1-rc.4
2025-07-01T16:09:39.4827698Z  * [new tag]             v0.4.1-rc.5               -> v0.4.1-rc.5
2025-07-01T16:09:39.4829136Z  * [new tag]             v0.4.10                   -> v0.4.10
2025-07-01T16:09:39.4830522Z  * [new tag]             v0.4.11                   -> v0.4.11
2025-07-01T16:09:39.4831652Z  * [new tag]             v0.4.11-rc.0              -> v0.4.11-rc.0
2025-07-01T16:09:39.4833017Z  * [new tag]             v0.4.12                   -> v0.4.12
2025-07-01T16:09:39.4834495Z  * [new tag]             v0.4.12-rc.0              -> v0.4.12-rc.0
2025-07-01T16:09:39.4835799Z  * [new tag]             v0.4.12-rc.1              -> v0.4.12-rc.1
2025-07-01T16:09:39.4837152Z  * [new tag]             v0.4.2                    -> v0.4.2
2025-07-01T16:09:39.4838507Z  * [new tag]             v0.4.2-rc.0               -> v0.4.2-rc.0
2025-07-01T16:09:39.4839834Z  * [new tag]             v0.4.2-rc.1               -> v0.4.2-rc.1
2025-07-01T16:09:39.4841032Z  * [new tag]             v0.4.2-rc.2               -> v0.4.2-rc.2
2025-07-01T16:09:39.4842383Z  * [new tag]             v0.4.2-rc.3               -> v0.4.2-rc.3
2025-07-01T16:09:39.4844071Z  * [new tag]             v0.4.2-rc.4               -> v0.4.2-rc.4
2025-07-01T16:09:39.4845158Z  * [new tag]             v0.4.2-rc.5               -> v0.4.2-rc.5
2025-07-01T16:09:39.4846583Z  * [new tag]             v0.4.2-rc.6               -> v0.4.2-rc.6
2025-07-01T16:09:39.4847659Z  * [new tag]             v0.4.2-rc.7               -> v0.4.2-rc.7
2025-07-01T16:09:39.4848688Z  * [new tag]             v0.4.2-rc.8               -> v0.4.2-rc.8
2025-07-01T16:09:39.4849635Z  * [new tag]             v0.4.2-rc.9               -> v0.4.2-rc.9
2025-07-01T16:09:39.4851330Z  * [new tag]             v0.4.3                    -> v0.4.3
2025-07-01T16:09:39.4852585Z  * [new tag]             v0.4.4                    -> v0.4.4
2025-07-01T16:09:39.4853706Z  * [new tag]             v0.4.4-rc.0               -> v0.4.4-rc.0
2025-07-01T16:09:39.4855213Z  * [new tag]             v0.4.5                    -> v0.4.5
2025-07-01T16:09:39.4857070Z  * [new tag]             v0.4.5-rc.0               -> v0.4.5-rc.0
2025-07-01T16:09:39.4858361Z  * [new tag]             v0.4.5-rc.1               -> v0.4.5-rc.1
2025-07-01T16:09:39.4859612Z  * [new tag]             v0.4.6                    -> v0.4.6
2025-07-01T16:09:39.4860939Z  * [new tag]             v0.4.6-rc.0               -> v0.4.6-rc.0
2025-07-01T16:09:39.4862048Z  * [new tag]             v0.4.6-rc.1               -> v0.4.6-rc.1
2025-07-01T16:09:39.4863408Z  * [new tag]             v0.4.7                    -> v0.4.7
2025-07-01T16:09:39.4864472Z  * [new tag]             v0.4.7-rc.0               -> v0.4.7-rc.0
2025-07-01T16:09:39.4866454Z  * [new tag]             v0.4.8                    -> v0.4.8
2025-07-01T16:09:39.4867617Z  * [new tag]             v0.4.8-rc.0               -> v0.4.8-rc.0
2025-07-01T16:09:39.4868947Z  * [new tag]             v0.4.9                    -> v0.4.9
2025-07-01T16:09:39.4870365Z  * [new tag]             v0.4.9-rc.0               -> v0.4.9-rc.0
2025-07-01T16:09:39.4871783Z  * [new tag]             v0.4.9-rc.1               -> v0.4.9-rc.1
2025-07-01T16:09:39.4873040Z  * [new tag]             v0.4.9-rc.2               -> v0.4.9-rc.2
2025-07-01T16:09:39.4874681Z  * [new tag]             v0.5.0                    -> v0.5.0
2025-07-01T16:09:39.4876089Z  * [new tag]             v0.5.0-fuji               -> v0.5.0-fuji
2025-07-01T16:09:39.4877437Z  * [new tag]             v0.5.0-fuji-1             -> v0.5.0-fuji-1
2025-07-01T16:09:39.4878530Z  * [new tag]             v0.5.0-fuji-rc.0          -> v0.5.0-fuji-rc.0
2025-07-01T16:09:39.4879827Z  * [new tag]             v0.5.1                    -> v0.5.1
2025-07-01T16:09:39.4881307Z  * [new tag]             v0.5.1-warp-rc.0          -> v0.5.1-warp-rc.0
2025-07-01T16:09:39.4882639Z  * [new tag]             v0.5.10                   -> v0.5.10
2025-07-01T16:09:39.4884228Z  * [new tag]             v0.5.10-rc.0              -> v0.5.10-rc.0
2025-07-01T16:09:39.4885640Z  * [new tag]             v0.5.11                   -> v0.5.11
2025-07-01T16:09:39.4887389Z  * [new tag]             v0.5.11-rc.0              -> v0.5.11-rc.0
2025-07-01T16:09:39.4888535Z  * [new tag]             v0.5.11-rc.1              -> v0.5.11-rc.1
2025-07-01T16:09:39.4889811Z  * [new tag]             v0.5.2                    -> v0.5.2
2025-07-01T16:09:39.4891111Z  * [new tag]             v0.5.2-call-depth-metrics -> v0.5.2-call-depth-metrics
2025-07-01T16:09:39.4892390Z  * [new tag]             v0.5.2-rc.0               -> v0.5.2-rc.0
2025-07-01T16:09:39.4893755Z  * [new tag]             v0.5.2-warp-rc.0          -> v0.5.2-warp-rc.0
2025-07-01T16:09:39.4895333Z  * [new tag]             v0.5.3                    -> v0.5.3
2025-07-01T16:09:39.4896697Z  * [new tag]             v0.5.3-coreth-sync-rc     -> v0.5.3-coreth-sync-rc
2025-07-01T16:09:39.4898181Z  * [new tag]             v0.5.4                    -> v0.5.4
2025-07-01T16:09:39.4900126Z  * [new tag]             v0.5.4-rc.0               -> v0.5.4-rc.0
2025-07-01T16:09:39.4901103Z  * [new tag]             v0.5.4-rc.1               -> v0.5.4-rc.1
2025-07-01T16:09:39.4902701Z  * [new tag]             v0.5.4-rc.2               -> v0.5.4-rc.2
2025-07-01T16:09:39.4904179Z  * [new tag]             v0.5.5                    -> v0.5.5
2025-07-01T16:09:39.4906023Z  * [new tag]             v0.5.6                    -> v0.5.6
2025-07-01T16:09:39.4907082Z  * [new tag]             v0.5.6-fuji-warp          -> v0.5.6-fuji-warp
2025-07-01T16:09:39.4908694Z  * [new tag]             v0.5.7                    -> v0.5.7
2025-07-01T16:09:39.4910206Z  * [new tag]             v0.5.7-rc.0               -> v0.5.7-rc.0
2025-07-01T16:09:39.4911438Z  * [new tag]             v0.5.8                    -> v0.5.8
2025-07-01T16:09:39.4913494Z  * [new tag]             v0.5.8-rc.0               -> v0.5.8-rc.0
2025-07-01T16:09:39.4915149Z  * [new tag]             v0.5.8-rc.1               -> v0.5.8-rc.1
2025-07-01T16:09:39.4916852Z  * [new tag]             v0.5.8-rc.2               -> v0.5.8-rc.2
2025-07-01T16:09:39.4918285Z  * [new tag]             v0.5.9                    -> v0.5.9
2025-07-01T16:09:39.4919868Z  * [new tag]             v0.5.9-rc.0               -> v0.5.9-rc.0
2025-07-01T16:09:39.4921267Z  * [new tag]             v0.5.9-rc.1               -> v0.5.9-rc.1
2025-07-01T16:09:39.4922900Z  * [new tag]             v0.5.9-rc.2               -> v0.5.9-rc.2
2025-07-01T16:09:39.4924457Z  * [new tag]             v0.6.0                    -> v0.6.0
2025-07-01T16:09:39.4925814Z  * [new tag]             v0.6.0-fuji               -> v0.6.0-fuji
2025-07-01T16:09:39.4928100Z  * [new tag]             v0.6.1                    -> v0.6.1
2025-07-01T16:09:39.4929490Z  * [new tag]             v0.6.10                   -> v0.6.10
2025-07-01T16:09:39.4930898Z  * [new tag]             v0.6.10-rc.0              -> v0.6.10-rc.0
2025-07-01T16:09:39.4932483Z  * [new tag]             v0.6.11                   -> v0.6.11
2025-07-01T16:09:39.4933717Z  * [new tag]             v0.6.11-rc.0              -> v0.6.11-rc.0
2025-07-01T16:09:39.4935850Z  * [new tag]             v0.6.12                   -> v0.6.12
2025-07-01T16:09:39.4937032Z  * [new tag]             v0.6.12-fuji-example      -> v0.6.12-fuji-example
2025-07-01T16:09:39.4938503Z  * [new tag]             v0.6.12-rc.0              -> v0.6.12-rc.0
2025-07-01T16:09:39.4940217Z  * [new tag]             v0.6.12-rc.1              -> v0.6.12-rc.1
2025-07-01T16:09:39.4941935Z  * [new tag]             v0.6.2                    -> v0.6.2
2025-07-01T16:09:39.4943680Z  * [new tag]             v0.6.3                    -> v0.6.3
2025-07-01T16:09:39.4945303Z  * [new tag]             v0.6.3-rc.0               -> v0.6.3-rc.0
2025-07-01T16:09:39.4947134Z  * [new tag]             v0.6.4                    -> v0.6.4
2025-07-01T16:09:39.4948772Z  * [new tag]             v0.6.4-rc.0               -> v0.6.4-rc.0
2025-07-01T16:09:39.4950462Z  * [new tag]             v0.6.4-rc.1               -> v0.6.4-rc.1
2025-07-01T16:09:39.4951791Z  * [new tag]             v0.6.4-rc.2               -> v0.6.4-rc.2
2025-07-01T16:09:39.4953435Z  * [new tag]             v0.6.5                    -> v0.6.5
2025-07-01T16:09:39.4955466Z  * [new tag]             v0.6.5-geth-1.13.8        -> v0.6.5-geth-1.13.8
2025-07-01T16:09:39.4956754Z  * [new tag]             v0.6.5-rc.0               -> v0.6.5-rc.0
2025-07-01T16:09:39.4958578Z  * [new tag]             v0.6.5-rc.1               -> v0.6.5-rc.1
2025-07-01T16:09:39.4960238Z  * [new tag]             v0.6.6                    -> v0.6.6
2025-07-01T16:09:39.4962139Z  * [new tag]             v0.6.6-rc.0               -> v0.6.6-rc.0
2025-07-01T16:09:39.4963766Z  * [new tag]             v0.6.7                    -> v0.6.7
2025-07-01T16:09:39.4966185Z  * [new tag]             v0.6.7-rc.0               -> v0.6.7-rc.0
2025-07-01T16:09:39.4967522Z  * [new tag]             v0.6.8                    -> v0.6.8
2025-07-01T16:09:39.4969429Z  * [new tag]             v0.6.8-acp-118-handlers   -> v0.6.8-acp-118-handlers
2025-07-01T16:09:39.4970933Z  * [new tag]             v0.6.8-geth-v1.13.14      -> v0.6.8-geth-v1.13.14
2025-07-01T16:09:39.4972764Z  * [new tag]             v0.6.8-rc.0               -> v0.6.8-rc.0
2025-07-01T16:09:39.4974087Z  * [new tag]             v0.6.8-rc.1               -> v0.6.8-rc.1
2025-07-01T16:09:39.4975758Z  * [new tag]             v0.6.8-rc.2               -> v0.6.8-rc.2
2025-07-01T16:09:39.4977133Z  * [new tag]             v0.6.8-rc.3               -> v0.6.8-rc.3
2025-07-01T16:09:39.4978857Z  * [new tag]             v0.6.8-status-removal     -> v0.6.8-status-removal
2025-07-01T16:09:39.4980264Z  * [new tag]             v0.6.9                    -> v0.6.9
2025-07-01T16:09:39.4982123Z  * [new tag]             v0.6.9-rc.0               -> v0.6.9-rc.0
2025-07-01T16:09:39.4984102Z  * [new tag]             v0.7.0                    -> v0.7.0
2025-07-01T16:09:39.4985503Z  * [new tag]             v0.7.0-rc.0               -> v0.7.0-rc.0
2025-07-01T16:09:39.4987181Z  * [new tag]             v0.7.1                    -> v0.7.1
2025-07-01T16:09:39.4988853Z  * [new tag]             v0.7.1-rc.0               -> v0.7.1-rc.0
2025-07-01T16:09:39.4990527Z  * [new tag]             v0.7.1-rc.1               -> v0.7.1-rc.1
2025-07-01T16:09:39.4991713Z  * [new tag]             v0.7.1-rc.2               -> v0.7.1-rc.2
2025-07-01T16:09:39.4993637Z  * [new tag]             v0.7.2                    -> v0.7.2
2025-07-01T16:09:39.4995172Z  * [new tag]             v0.7.2-fuji               -> v0.7.2-fuji
2025-07-01T16:09:39.4996547Z  * [new tag]             v0.7.2-rc.0               -> v0.7.2-rc.0
2025-07-01T16:09:39.4998285Z  * [new tag]             v0.7.3                    -> v0.7.3
2025-07-01T16:09:39.4999630Z  * [new tag]             v0.7.3-rc.0               -> v0.7.3-rc.0
2025-07-01T16:09:39.5001593Z  * [new tag]             v0.7.4                    -> v0.7.4
2025-07-01T16:09:39.5002949Z  * [new tag]             v0.7.4-rc.0               -> v0.7.4-rc.0
2025-07-01T16:09:39.5004326Z  * [new tag]             v0.7.5                    -> v0.7.5
2025-07-01T16:09:39.5006018Z  * [new tag]             v0.7.5-rc.0               -> v0.7.5-rc.0
2025-07-01T16:09:39.5009897Z  * [new ref]             24d42c4a5aa0c26b2727d8d8210c4ae7db4855fd -> pull/1610/merge
2025-07-01T16:09:39.5105750Z ##[endgroup]
2025-07-01T16:09:39.5106384Z ##[group]Determining the checkout info
2025-07-01T16:09:39.5107089Z ##[endgroup]
2025-07-01T16:09:39.5107490Z [command]/usr/bin/git sparse-checkout disable
2025-07-01T16:09:39.5148982Z [command]/usr/bin/git config --local --unset-all extensions.worktreeConfig
2025-07-01T16:09:39.5176372Z ##[group]Checking out the ref
2025-07-01T16:09:39.5180786Z [command]/usr/bin/git checkout --progress --force refs/remotes/pull/1610/merge
2025-07-01T16:09:39.6037904Z Note: switching to 'refs/remotes/pull/1610/merge'.
2025-07-01T16:09:39.6038453Z 
2025-07-01T16:09:39.6038778Z You are in 'detached HEAD' state. You can look around, make experimental
2025-07-01T16:09:39.6039381Z changes and commit them, and you can discard any commits you make in this
2025-07-01T16:09:39.6039905Z state without impacting any branches by switching back to a branch.
2025-07-01T16:09:39.6040211Z 
2025-07-01T16:09:39.6040430Z If you want to create a new branch to retain commits you create, you may
2025-07-01T16:09:39.6040918Z do so (now or later) by using -c with the switch command. Example:
2025-07-01T16:09:39.6041202Z 
2025-07-01T16:09:39.6041315Z   git switch -c <new-branch-name>
2025-07-01T16:09:39.6041512Z 
2025-07-01T16:09:39.6041620Z Or undo this operation with:
2025-07-01T16:09:39.6041792Z 
2025-07-01T16:09:39.6041879Z   git switch -
2025-07-01T16:09:39.6042014Z 
2025-07-01T16:09:39.6042244Z Turn off this advice by setting config variable advice.detachedHead to false
2025-07-01T16:09:39.6042581Z 
2025-07-01T16:09:39.6042967Z HEAD is now at 24d42c4a5 Merge 72fe798449dc295323c0bbd1689a53e43867529e into 7abb4c64d7a8a26513a93cd55d800f61e867ffe3
2025-07-01T16:09:39.6057264Z ##[endgroup]
2025-07-01T16:09:39.6098424Z [command]/usr/bin/git log -1 --format=%H
2025-07-01T16:09:39.6122876Z 24d42c4a5aa0c26b2727d8d8210c4ae7db4855fd
2025-07-01T16:09:39.6360751Z ##[group]Run actions/setup-go@v5
2025-07-01T16:09:39.6361019Z with:
2025-07-01T16:09:39.6361208Z   go-version-file: go.mod
2025-07-01T16:09:39.6361617Z   check-latest: false
2025-07-01T16:09:39.6362011Z   token: ***
2025-07-01T16:09:39.6362190Z   cache: true
2025-07-01T16:09:39.6362365Z ##[endgroup]
2025-07-01T16:09:39.8084800Z Setup go version spec 1.23.9
2025-07-01T16:09:39.8096839Z Attempting to download 1.23.9...
2025-07-01T16:09:40.4978123Z matching 1.23.9...
2025-07-01T16:09:40.5018094Z Acquiring 1.23.9 from https://github.com/actions/go-versions/releases/download/1.23.9-14875265214/go-1.23.9-linux-x64.tar.gz
2025-07-01T16:09:41.3597685Z Extracting Go...
2025-07-01T16:09:41.3702867Z [command]/usr/bin/tar xz --warning=no-unknown-keyword --overwrite -C /home/runner/work/_temp/ab73adb2-4d53-43c3-9fa2-eed73f5d6e07 -f /home/runner/work/_temp/7ce001d3-67db-499d-94f6-2097f9d95427
2025-07-01T16:09:43.0291196Z Successfully extracted go to /home/runner/work/_temp/ab73adb2-4d53-43c3-9fa2-eed73f5d6e07
2025-07-01T16:09:43.0291773Z Adding to the cache ...
2025-07-01T16:09:47.3001831Z Successfully cached go to /opt/hostedtoolcache/go/1.23.9/x64
2025-07-01T16:09:47.3004782Z Added go to the path
2025-07-01T16:09:47.3008022Z Successfully set up Go version 1.23.9
2025-07-01T16:09:47.3232320Z [command]/opt/hostedtoolcache/go/1.23.9/x64/bin/go env GOMODCACHE
2025-07-01T16:09:47.3268493Z [command]/opt/hostedtoolcache/go/1.23.9/x64/bin/go env GOCACHE
2025-07-01T16:09:47.3304902Z /home/runner/go/pkg/mod
2025-07-01T16:09:47.3322825Z /home/runner/.cache/go-build
2025-07-01T16:09:47.5795413Z Cache hit for: setup-go-Linux-x64-ubuntu24-go-1.23.9-8a5f6b0ec156c644c456755461212fdb4b5f31e3982b840cb9a5e30f16f98494
2025-07-01T16:09:47.9423161Z Received 9896 of 9896 (100.0%), 0.1 MBs/sec
2025-07-01T16:09:47.9423814Z Cache Size: ~0 MB (9896 B)
2025-07-01T16:09:47.9453201Z [command]/usr/bin/tar -xf /home/runner/work/_temp/7fc87b14-7e63-43c9-8593-d6e18d68d2d0/cache.tzst -P -C /home/runner/work/subnet-evm/subnet-evm --use-compress-program unzstd
2025-07-01T16:09:47.9666996Z Cache restored successfully
2025-07-01T16:09:47.9673013Z Cache restored from key: setup-go-Linux-x64-ubuntu24-go-1.23.9-8a5f6b0ec156c644c456755461212fdb4b5f31e3982b840cb9a5e30f16f98494
2025-07-01T16:09:47.9692753Z go version go1.23.9 linux/amd64
2025-07-01T16:09:47.9693038Z 
2025-07-01T16:09:47.9693474Z ##[group]go env
2025-07-01T16:09:47.9805864Z GO111MODULE=''
2025-07-01T16:09:47.9806262Z GOARCH='amd64'
2025-07-01T16:09:47.9806574Z GOBIN=''
2025-07-01T16:09:47.9806914Z GOCACHE='/home/runner/.cache/go-build'
2025-07-01T16:09:47.9807383Z GOENV='/home/runner/.config/go/env'
2025-07-01T16:09:47.9807777Z GOEXE=''
2025-07-01T16:09:47.9808063Z GOEXPERIMENT=''
2025-07-01T16:09:47.9808367Z GOFLAGS=''
2025-07-01T16:09:47.9808659Z GOHOSTARCH='amd64'
2025-07-01T16:09:47.9808977Z GOHOSTOS='linux'
2025-07-01T16:09:47.9809286Z GOINSECURE=''
2025-07-01T16:09:47.9809599Z GOMODCACHE='/home/runner/go/pkg/mod'
2025-07-01T16:09:47.9809851Z GONOPROXY=''
2025-07-01T16:09:47.9810050Z GONOSUMDB=''
2025-07-01T16:09:47.9810225Z GOOS='linux'
2025-07-01T16:09:47.9810449Z GOPATH='/home/runner/go'
2025-07-01T16:09:47.9810657Z GOPRIVATE=''
2025-07-01T16:09:47.9810929Z GOPROXY='https://proxy.golang.org,direct'
2025-07-01T16:09:47.9811254Z GOROOT='/opt/hostedtoolcache/go/1.23.9/x64'
2025-07-01T16:09:47.9811536Z GOSUMDB='sum.golang.org'
2025-07-01T16:09:47.9811748Z GOTMPDIR=''
2025-07-01T16:09:47.9811927Z GOTOOLCHAIN='auto'
2025-07-01T16:09:47.9812233Z GOTOOLDIR='/opt/hostedtoolcache/go/1.23.9/x64/pkg/tool/linux_amd64'
2025-07-01T16:09:47.9812558Z GOVCS=''
2025-07-01T16:09:47.9812734Z GOVERSION='go1.23.9'
2025-07-01T16:09:47.9812928Z GODEBUG=''
2025-07-01T16:09:47.9813105Z GOTELEMETRY='local'
2025-07-01T16:09:47.9813354Z GOTELEMETRYDIR='/home/runner/.config/go/telemetry'
2025-07-01T16:09:47.9813629Z GCCGO='gccgo'
2025-07-01T16:09:47.9813804Z GOAMD64='v1'
2025-07-01T16:09:47.9814286Z AR='ar'
2025-07-01T16:09:47.9814481Z CC='gcc'
2025-07-01T16:09:47.9814650Z CXX='g++'
2025-07-01T16:09:47.9815208Z CGO_ENABLED='1'
2025-07-01T16:09:47.9815495Z GOMOD='/home/runner/work/subnet-evm/subnet-evm/go.mod'
2025-07-01T16:09:47.9815786Z GOWORK=''
2025-07-01T16:09:47.9816127Z CGO_CFLAGS='-O2 -g'
2025-07-01T16:09:47.9816325Z CGO_CPPFLAGS=''
2025-07-01T16:09:47.9816524Z CGO_CXXFLAGS='-O2 -g'
2025-07-01T16:09:47.9816733Z CGO_FFLAGS='-O2 -g'
2025-07-01T16:09:47.9816923Z CGO_LDFLAGS='-O2 -g'
2025-07-01T16:09:47.9817133Z PKG_CONFIG='pkg-config'
2025-07-01T16:09:47.9817774Z GOGCCFLAGS='-fPIC -m64 -pthread -Wl,--no-gc-sections -fmessage-length=0 -ffile-prefix-map=/tmp/go-build2196691977=/tmp/go-build -gno-record-gcc-switches'
2025-07-01T16:09:47.9818297Z 
2025-07-01T16:09:47.9818624Z ##[endgroup]
2025-07-01T16:09:48.0052042Z ##[group]Run actions/setup-node@v4
2025-07-01T16:09:48.0052319Z with:
2025-07-01T16:09:48.0052503Z   node-version: 20.13
2025-07-01T16:09:48.0052710Z   always-auth: false
2025-07-01T16:09:48.0052918Z   check-latest: false
2025-07-01T16:09:48.0053247Z   token: ***
2025-07-01T16:09:48.0053440Z ##[endgroup]
2025-07-01T16:09:48.1954203Z Attempting to download 20.13...
2025-07-01T16:09:48.7974385Z Acquiring 20.13.1 - x64 from https://github.com/actions/node-versions/releases/download/20.13.1-9021092103/node-20.13.1-linux-x64.tar.gz
2025-07-01T16:09:49.5777594Z Extracting ...
2025-07-01T16:09:49.5886499Z [command]/usr/bin/tar xz --strip 1 --warning=no-unknown-keyword --overwrite -C /home/runner/work/_temp/3f418cb2-66e7-4d8c-9b68-cc8aa0b17891 -f /home/runner/work/_temp/26d70cdd-920d-4db8-b221-d990a675849c
2025-07-01T16:09:50.5728921Z Adding to the cache ...
2025-07-01T16:09:52.2369350Z ##[group]Environment details
2025-07-01T16:09:52.4576327Z node: v20.13.1
2025-07-01T16:09:52.4576847Z npm: 10.5.2
2025-07-01T16:09:52.4577172Z yarn: 1.22.22
2025-07-01T16:09:52.4577784Z ##[endgroup]
2025-07-01T16:09:52.4734371Z ##[group]Run ./scripts/run_task.sh setup-contracts
2025-07-01T16:09:52.4734855Z [36;1m./scripts/run_task.sh setup-contracts[0m
2025-07-01T16:09:52.4821769Z shell: /usr/bin/bash --noprofile --norc -e -o pipefail {0}
2025-07-01T16:09:52.4822114Z ##[endgroup]
2025-07-01T16:09:52.5291048Z go: downloading github.com/go-task/task/v3 v3.39.2
2025-07-01T16:09:52.6986977Z go: downloading github.com/spf13/pflag v1.0.5
2025-07-01T16:09:52.6995665Z go: downloading mvdan.cc/sh/v3 v3.9.0
2025-07-01T16:09:52.7031556Z go: downloading github.com/Masterminds/semver/v3 v3.3.0
2025-07-01T16:09:52.7080962Z go: downloading github.com/alecthomas/chroma/v2 v2.14.0
2025-07-01T16:09:52.7813130Z go: downloading github.com/fatih/color v1.17.0
2025-07-01T16:09:52.8010600Z go: downloading gopkg.in/yaml.v3 v3.0.1
2025-07-01T16:09:52.8350905Z go: downloading github.com/Ladicle/tabwriter v1.0.0
2025-07-01T16:09:52.8566748Z go: downloading github.com/joho/godotenv v1.5.1
2025-07-01T16:09:52.8977324Z go: downloading github.com/dominikbraun/graph v0.23.0
2025-07-01T16:09:52.9220537Z go: downloading golang.org/x/sync v0.8.0
2025-07-01T16:09:52.9229134Z go: downloading github.com/radovskyb/watcher v1.0.7
2025-07-01T16:09:52.9337423Z go: downloading github.com/sajari/fuzzy v1.0.0
2025-07-01T16:09:52.9784116Z go: downloading github.com/mattn/go-colorable v0.1.13
2025-07-01T16:09:52.9785189Z go: downloading github.com/mattn/go-isatty v0.0.20
2025-07-01T16:09:52.9907168Z go: downloading github.com/muesli/cancelreader v0.2.2
2025-07-01T16:09:52.9948645Z go: downloading golang.org/x/sys v0.25.0
2025-07-01T16:09:52.9957308Z go: downloading golang.org/x/term v0.24.0
2025-07-01T16:09:53.0275581Z go: downloading github.com/mattn/go-zglob v0.0.6
2025-07-01T16:09:53.0276708Z go: downloading github.com/zeebo/xxh3 v1.0.2
2025-07-01T16:09:53.0587574Z go: downloading github.com/mitchellh/hashstructure/v2 v2.0.2
2025-07-01T16:09:53.0708528Z go: downloading github.com/dlclark/regexp2 v1.11.0
2025-07-01T16:09:53.0800227Z go: downloading github.com/davecgh/go-spew v1.1.1
2025-07-01T16:09:53.1192008Z go: downloading github.com/go-task/slim-sprig/v3 v3.0.0
2025-07-01T16:09:53.1485264Z go: downloading github.com/go-task/template v0.1.0
2025-07-01T16:09:53.1866207Z go: downloading github.com/klauspost/cpuid/v2 v2.0.9
2025-07-01T16:10:07.7202931Z task: [setup-contracts] npm ci
2025-07-01T16:10:09.9748186Z npm WARN deprecated rimraf@2.7.1: Rimraf versions prior to v4 are no longer supported
2025-07-01T16:10:10.4258504Z npm WARN deprecated inflight@1.0.6: This module is not supported, and leaks memory. Do not use it. Check out lru-cache if you want a good and tested way to coalesce async requests by a key value, which is much more comprehensive and powerful.
2025-07-01T16:10:10.4818352Z npm WARN deprecated glob@7.2.0: Glob versions prior to v9 are no longer supported
2025-07-01T16:10:12.1877443Z npm WARN deprecated glob@7.1.7: Glob versions prior to v9 are no longer supported
2025-07-01T16:10:12.3467239Z npm WARN deprecated glob@5.0.15: Glob versions prior to v9 are no longer supported
2025-07-01T16:10:12.4278540Z npm WARN deprecated glob@8.1.0: Glob versions prior to v9 are no longer supported
2025-07-01T16:10:16.1484505Z 
2025-07-01T16:10:16.1485834Z > @avalabs/subnet-evm-contracts@1.2.2 prepublish
2025-07-01T16:10:16.1486577Z > npm run build
2025-07-01T16:10:16.1488886Z 
2025-07-01T16:10:16.2900443Z 
2025-07-01T16:10:16.2901247Z > @avalabs/subnet-evm-contracts@1.2.2 build
2025-07-01T16:10:16.2901797Z > rm -rf dist/ && npx hardhat compile && npx tsc -b
2025-07-01T16:10:16.2902046Z 
2025-07-01T16:10:17.4095066Z Downloading compiler 0.8.24
2025-07-01T16:10:18.4795084Z Generating typings for: 27 artifacts in dir: typechain-types for target: ethers-v6
2025-07-01T16:10:19.8462525Z Successfully generated 78 typings!
2025-07-01T16:10:19.8501329Z Compiled 24 Solidity files successfully (evm target: shanghai).
2025-07-01T16:10:22.5992903Z 
2025-07-01T16:10:22.5993639Z added 587 packages, and audited 588 packages in 15s
2025-07-01T16:10:22.5994319Z 
2025-07-01T16:10:22.5994857Z 97 packages are looking for funding
2025-07-01T16:10:22.5995207Z   run `npm fund` for details
2025-07-01T16:10:22.6214405Z 
2025-07-01T16:10:22.6215199Z 25 vulnerabilities (15 low, 3 moderate, 5 high, 2 critical)
2025-07-01T16:10:22.6215594Z 
2025-07-01T16:10:22.6215887Z To address issues that do not require attention, run:
2025-07-01T16:10:22.6216464Z   npm audit fix
2025-07-01T16:10:22.6216701Z 
2025-07-01T16:10:22.6217048Z Some issues need review, and may require choosing
2025-07-01T16:10:22.6217578Z a different dependency.
2025-07-01T16:10:22.6217808Z 
2025-07-01T16:10:22.6218011Z Run `npm audit` for details.
2025-07-01T16:10:22.6465334Z task: [setup-contracts] npx hardhat clean
2025-07-01T16:10:23.6470237Z task: [setup-contracts] npx hardhat compile
2025-07-01T16:10:25.3767617Z Generating typings for: 27 artifacts in dir: typechain-types for target: ethers-v6
2025-07-01T16:10:26.6935581Z Successfully generated 78 typings!
2025-07-01T16:10:26.6947741Z Compiled 24 Solidity files successfully (evm target: shanghai).
2025-07-01T16:10:26.8041460Z ##[group]Run ava-labs/avalanchego/.github/actions/run-monitored-tmpnet-cmd@092cf182dd92b66a8ab882b657d3ae52b174c913
2025-07-01T16:10:26.8042014Z with:
2025-07-01T16:10:26.8042253Z   run: ./scripts/run_task.sh test-e2e-warp-ci
2025-07-01T16:10:26.8042608Z   run_env: AVALANCHEGO_BUILD_PATH=/tmp/e2e-test/avalanchego
2025-07-01T16:10:26.8042943Z   artifact_prefix: warp
2025-07-01T16:10:26.8043256Z   prometheus_username: ***
2025-07-01T16:10:26.8043606Z   prometheus_password: ***
2025-07-01T16:10:26.8044096Z   loki_username: ***
2025-07-01T16:10:26.8044406Z   loki_password: ***
2025-07-01T16:10:26.8044618Z   runtime: process
2025-07-01T16:10:26.8044843Z   repository_owner: ava-labs
2025-07-01T16:10:26.8045097Z   repository_name: subnet-evm
2025-07-01T16:10:26.8059039Z   workflow: Tests
2025-07-01T16:10:26.8059270Z   run_id: 16004559474
2025-07-01T16:10:26.8059498Z   run_number: 2079
2025-07-01T16:10:26.8059703Z   run_attempt: 1
2025-07-01T16:10:26.8059912Z   job: e2e_warp
2025-07-01T16:10:26.8060166Z ##[endgroup]
2025-07-01T16:10:26.8154015Z ##[group]Run cachix/install-nix-action@02a151ada4993995686f9ed4f1be7cfbb229e56f
2025-07-01T16:10:26.8154412Z with:
2025-07-01T16:10:26.8154607Z   enable_kvm: true
2025-07-01T16:10:26.8154815Z ##[endgroup]
2025-07-01T16:10:26.8177030Z ##[group]Run ${GITHUB_ACTION_PATH}/install-nix.sh
2025-07-01T16:10:26.8177601Z [36;1m${GITHUB_ACTION_PATH}/install-nix.sh[0m
2025-07-01T16:10:26.8234670Z shell: /usr/bin/bash --noprofile --norc -e -o pipefail {0}
2025-07-01T16:10:26.8235004Z env:
2025-07-01T16:10:26.8235210Z   INPUT_EXTRA_NIX_CONFIG: 
2025-07-01T16:10:26.8235459Z   INPUT_GITHUB_ACCESS_TOKEN: 
2025-07-01T16:10:26.8235704Z   INPUT_INSTALL_OPTIONS: 
2025-07-01T16:10:26.8235927Z   INPUT_INSTALL_URL: 
2025-07-01T16:10:26.8236137Z   INPUT_NIX_PATH: 
2025-07-01T16:10:26.8236348Z   INPUT_ENABLE_KVM: true
2025-07-01T16:10:26.8236754Z   GITHUB_TOKEN: ***
2025-07-01T16:10:26.8236979Z ##[endgroup]
2025-07-01T16:10:26.8345294Z ##[group]Enabling KVM support
2025-07-01T16:10:26.8414947Z KERNEL=="kvm", GROUP="kvm", MODE="0666", OPTIONS+="static_node=kvm"
2025-07-01T16:10:26.8726799Z Enabled KVM
2025-07-01T16:10:26.8727622Z ##[endgroup]
2025-07-01T16:10:26.8728221Z ##[group]Installing Nix
2025-07-01T16:10:26.9027578Z installer options: --no-channel-add --darwin-use-unencrypted-nix-store-volume --nix-extra-conf-file /tmp/tmp.l2eLi7aVvp/nix.conf --daemon --daemon-user-count 8
2025-07-01T16:10:26.9130210Z * Host releases.nixos.org:443 was resolved.
2025-07-01T16:10:26.9130772Z * IPv6: 2a04:4e42:2f::729
2025-07-01T16:10:26.9131119Z * IPv4: 151.101.202.217
2025-07-01T16:10:26.9131469Z *   Trying 151.101.202.217:443...
2025-07-01T16:10:26.9140830Z * Connected to releases.nixos.org (151.101.202.217) port 443
2025-07-01T16:10:26.9154578Z * ALPN: curl offers h2,http/1.1
2025-07-01T16:10:26.9156388Z } [5 bytes data]
2025-07-01T16:10:26.9157117Z * TLSv1.3 (OUT), TLS handshake, Client hello (1):
2025-07-01T16:10:26.9157764Z } [512 bytes data]
2025-07-01T16:10:26.9368519Z *  CAfile: /etc/ssl/certs/ca-certificates.crt
2025-07-01T16:10:26.9369236Z *  CApath: /etc/ssl/certs
2025-07-01T16:10:26.9369587Z { [5 bytes data]
2025-07-01T16:10:26.9370042Z * TLSv1.3 (IN), TLS handshake, Server hello (2):
2025-07-01T16:10:26.9370483Z { [104 bytes data]
2025-07-01T16:10:26.9370915Z * TLSv1.2 (IN), TLS handshake, Certificate (11):
2025-07-01T16:10:26.9371341Z { [2827 bytes data]
2025-07-01T16:10:26.9374888Z * TLSv1.2 (IN), TLS handshake, Server key exchange (12):
2025-07-01T16:10:26.9375672Z { [300 bytes data]
2025-07-01T16:10:26.9376308Z * TLSv1.2 (IN), TLS handshake, Server finished (14):
2025-07-01T16:10:26.9376758Z { [4 bytes data]
2025-07-01T16:10:26.9377451Z * TLSv1.2 (OUT), TLS handshake, Client key exchange (16):
2025-07-01T16:10:26.9378098Z } [37 bytes data]
2025-07-01T16:10:26.9378779Z * TLSv1.2 (OUT), TLS change cipher, Change cipher spec (1):
2025-07-01T16:10:26.9379410Z } [1 bytes data]
2025-07-01T16:10:26.9379834Z * TLSv1.2 (OUT), TLS handshake, Finished (20):
2025-07-01T16:10:26.9380636Z } [16 bytes data]
2025-07-01T16:10:26.9479322Z * TLSv1.2 (IN), TLS handshake, Finished (20):
2025-07-01T16:10:26.9479992Z { [16 bytes data]
2025-07-01T16:10:26.9480989Z * SSL connection using TLSv1.2 / ECDHE-RSA-CHACHA20-POLY1305 / X25519 / RSASSA-PSS
2025-07-01T16:10:26.9481919Z * ALPN: server accepted h2
2025-07-01T16:10:26.9482451Z * Server certificate:
2025-07-01T16:10:26.9483011Z *  subject: CN=releases.nixos.org
2025-07-01T16:10:26.9483473Z *  start date: Oct 11 20:56:16 2024 GMT
2025-07-01T16:10:26.9484140Z *  expire date: Nov 12 20:56:15 2025 GMT
2025-07-01T16:10:26.9484874Z *  subjectAltName: host "releases.nixos.org" matched cert's "releases.nixos.org"
2025-07-01T16:10:26.9485741Z *  issuer: C=BE; O=GlobalSign nv-sa; CN=GlobalSign Atlas R3 DV TLS CA 2024 Q4
2025-07-01T16:10:26.9486212Z *  SSL certificate verify ok.
2025-07-01T16:10:26.9486912Z *   Certificate level 0: Public key type RSA (2048/112 Bits/secBits), signed using sha256WithRSAEncryption
2025-07-01T16:10:26.9487852Z *   Certificate level 1: Public key type RSA (2048/112 Bits/secBits), signed using sha256WithRSAEncryption
2025-07-01T16:10:26.9488889Z *   Certificate level 2: Public key type RSA (2048/112 Bits/secBits), signed using sha256WithRSAEncryption
2025-07-01T16:10:26.9489429Z } [5 bytes data]
2025-07-01T16:10:26.9489786Z * using HTTP/2
2025-07-01T16:10:26.9490465Z * [HTTP/2] [1] OPENED stream for https://releases.nixos.org/nix/nix-2.26.3/install
2025-07-01T16:10:26.9491507Z * [HTTP/2] [1] [:method: GET]
2025-07-01T16:10:26.9491850Z * [HTTP/2] [1] [:scheme: https]
2025-07-01T16:10:26.9492958Z * [HTTP/2] [1] [:authority: releases.nixos.org]
2025-07-01T16:10:26.9493652Z * [HTTP/2] [1] [:path: /nix/nix-2.26.3/install]
2025-07-01T16:10:26.9494193Z * [HTTP/2] [1] [user-agent: curl/8.5.0]
2025-07-01T16:10:26.9494561Z * [HTTP/2] [1] [accept: */*]
2025-07-01T16:10:26.9494960Z } [5 bytes data]
2025-07-01T16:10:26.9495365Z > GET /nix/nix-2.26.3/install HTTP/2
2025-07-01T16:10:26.9495719Z > Host: releases.nixos.org
2025-07-01T16:10:26.9496099Z > User-Agent: curl/8.5.0
2025-07-01T16:10:26.9496365Z > Accept: */*
2025-07-01T16:10:26.9496568Z > 
2025-07-01T16:10:26.9496779Z { [5 bytes data]
2025-07-01T16:10:26.9496998Z < HTTP/2 200 
2025-07-01T16:10:26.9497312Z < last-modified: Wed, 05 Mar 2025 18:21:15 GMT
2025-07-01T16:10:26.9497798Z < etag: "c6753896884bce9b95ec3ca7be157ef6"
2025-07-01T16:10:26.9498170Z < x-amz-server-side-encryption: AES256
2025-07-01T16:10:26.9498493Z < content-type: text/plain
2025-07-01T16:10:26.9498756Z < server: AmazonS3
2025-07-01T16:10:26.9499021Z < via: 1.1 varnish, 1.1 varnish
2025-07-01T16:10:26.9499328Z < access-control-allow-origin: *
2025-07-01T16:10:26.9499613Z < accept-ranges: bytes
2025-07-01T16:10:26.9499907Z < date: Tue, 01 Jul 2025 16:10:26 GMT
2025-07-01T16:10:26.9500171Z < age: 88441
2025-07-01T16:10:26.9500530Z < x-served-by: cache-dub4357-DUB, cache-pao-kpao1770039-PAO
2025-07-01T16:10:26.9500889Z < x-cache: HIT, HIT
2025-07-01T16:10:26.9501124Z < x-cache-hits: 435, 6
2025-07-01T16:10:26.9501377Z < content-length: 4267
2025-07-01T16:10:26.9501588Z < 
2025-07-01T16:10:26.9501779Z { [5 bytes data]
2025-07-01T16:10:26.9502119Z * Connection #0 to host releases.nixos.org left intact
2025-07-01T16:10:26.9573228Z downloading Nix 2.26.3 binary tarball for x86_64-linux from 'https://releases.nixos.org/nix/nix-2.26.3/nix-2.26.3-x86_64-linux.tar.xz' to '/tmp/nix-binary-tarball-unpack.RhcJF9bBbc'...
2025-07-01T16:10:26.9621052Z   % Total    % Received % Xferd  Average Speed   Time    Time     Time  Current
2025-07-01T16:10:26.9622473Z                                  Dload  Upload   Total   Spent    Left  Speed
2025-07-01T16:10:26.9622857Z 
2025-07-01T16:10:27.0714028Z   0     0    0     0    0     0      0      0 --:--:-- --:--:-- --:--:--     0
2025-07-01T16:10:27.0714980Z 100 22.6M  100 22.6M    0     0   207M      0 --:--:-- --:--:-- --:--:--  207M
2025-07-01T16:10:28.6766048Z Note: a multi-user installation is possible. See https://nixos.org/manual/nix/stable/installation/installing-binary.html#multi-user-installation
2025-07-01T16:10:28.6775928Z Warning: the flag --darwin-use-unencrypted-nix-store-volume
2025-07-01T16:10:28.6776588Z          is no longer needed and will be removed in the future.
2025-07-01T16:10:28.6776821Z 
2025-07-01T16:10:28.6786481Z [1;31mSwitching to the Multi-user Installer[0m
2025-07-01T16:10:28.6884906Z [32mWelcome to the Multi-User Nix Installation
2025-07-01T16:10:28.6894351Z [0m
2025-07-01T16:10:28.6895065Z This installation tool will set up your computer with the Nix package
2025-07-01T16:10:28.6895557Z manager. This will happen in a few stages:
2025-07-01T16:10:28.6895765Z 
2025-07-01T16:10:28.6896030Z 1. Make sure your computer doesn't already have Nix. If it does, I
2025-07-01T16:10:28.6896655Z    will show you instructions on how to clean up your old install.
2025-07-01T16:10:28.6897066Z 
2025-07-01T16:10:28.6897473Z 2. Show you what I am going to install and where. Then I will ask
2025-07-01T16:10:28.6897885Z    if you are ready to continue.
2025-07-01T16:10:28.6898054Z 
2025-07-01T16:10:28.6898520Z 3. Create the system users [34m(uids [30001..30008])[0m and groups [34m(gid 30000)[0m
2025-07-01T16:10:28.6899080Z    that the Nix daemon uses to run builds. To create system users
2025-07-01T16:10:28.6899560Z    in a different range, exit and run this tool again with
2025-07-01T16:10:28.6899909Z    NIX_FIRST_BUILD_UID set.
2025-07-01T16:10:28.6900344Z 
2025-07-01T16:10:28.6900580Z 4. Perform the basic installation of the Nix files daemon.
2025-07-01T16:10:28.6900822Z 
2025-07-01T16:10:28.6901095Z 5. Configure your shell to import special Nix Profile files, so you
2025-07-01T16:10:28.6901457Z    can use Nix.
2025-07-01T16:10:28.6901571Z 
2025-07-01T16:10:28.6901686Z 6. Start the Nix daemon.
2025-07-01T16:10:28.6901826Z 
2025-07-01T16:10:28.6902193Z [32m[4;32mWould you like to see a more detailed list of what I will do?
2025-07-01T16:10:28.6902669Z [0mNo TTY, assuming you would say yes :)
2025-07-01T16:10:28.6906589Z 
2025-07-01T16:10:28.6906755Z I will:
2025-07-01T16:10:28.6906932Z 
2025-07-01T16:10:28.6907292Z  - make sure your computer doesn't already have Nix files
2025-07-01T16:10:28.6907835Z    (if it does, I will tell you how to clean them up.)
2025-07-01T16:10:28.6908297Z  - create local users (see the list above for the users I'll make)
2025-07-01T16:10:28.6908709Z  - create a local group (nixbld)
2025-07-01T16:10:28.6908968Z  - install Nix in /nix
2025-07-01T16:10:28.6909254Z  - create a configuration file in /etc/nix
2025-07-01T16:10:28.6909666Z  - set up the "default profile" by creating some Nix-related files in
2025-07-01T16:10:28.6910017Z    /root
2025-07-01T16:10:28.6920822Z  - back up /etc/bash.bashrc to /etc/bash.bashrc.backup-before-nix
2025-07-01T16:10:28.6921349Z  - update /etc/bash.bashrc to include some Nix configuration
2025-07-01T16:10:28.6932005Z  - load and start a service (at /etc/systemd/system/nix-daemon.service
2025-07-01T16:10:28.6932557Z    and /etc/systemd/system/nix-daemon.socket) for nix-daemon
2025-07-01T16:10:28.6932894Z 
2025-07-01T16:10:28.6935219Z [32m[4;32mReady to continue?
2025-07-01T16:10:28.6935888Z [0mNo TTY, assuming you would say yes :)
2025-07-01T16:10:28.6957192Z 
2025-07-01T16:10:28.6958169Z [34m---- let's talk about sudo -----------------------------------------------------
2025-07-01T16:10:28.6968324Z [0mThis script is going to call sudo a lot. Normally, it would show you
2025-07-01T16:10:28.6969247Z exactly what commands it is running and why. However, the script is
2025-07-01T16:10:28.6969978Z run in a headless fashion, like this:
2025-07-01T16:10:28.6970293Z 
2025-07-01T16:10:28.6970627Z   $ curl -L https://nixos.org/nix/install | sh
2025-07-01T16:10:28.6971027Z 
2025-07-01T16:10:28.6971451Z or maybe in a CI pipeline. Because of that, I'm going to skip the
2025-07-01T16:10:28.6972141Z verbose output in the interest of brevity.
2025-07-01T16:10:28.6972449Z 
2025-07-01T16:10:28.6972622Z If you would like to
2025-07-01T16:10:28.6973055Z see the output, try like this:
2025-07-01T16:10:28.6973318Z 
2025-07-01T16:10:28.6974150Z   $ curl -L -o install-nix https://nixos.org/nix/install
2025-07-01T16:10:28.6974711Z   $ sh ./install-nix
2025-07-01T16:10:28.6974916Z 
2025-07-01T16:10:28.6976674Z 
2025-07-01T16:10:28.6977227Z [32m~~> Checking for artifacts of previous installs
2025-07-01T16:10:28.6986958Z [0mBefore I try to install, I'll check for signs Nix already is or has
2025-07-01T16:10:28.6987384Z been installed on this system.
2025-07-01T16:10:28.7022146Z 
2025-07-01T16:10:28.7023007Z [34m---- Nix config report ---------------------------------------------------------
2025-07-01T16:10:28.7024044Z [0m[1m        Temp Dir[0m:	/tmp/tmp.Xy7SUE6udX
2025-07-01T16:10:28.7024665Z [1m        Nix Root[0m:	/nix
2025-07-01T16:10:28.7025140Z [1m     Build Users[0m:	8
2025-07-01T16:10:28.7025463Z [1m  Build Group ID[0m:	30000
2025-07-01T16:10:28.7025787Z [1mBuild Group Name[0m:	nixbld
2025-07-01T16:10:28.7026051Z 
2025-07-01T16:10:28.7026275Z [4;34mbuild users:
2025-07-01T16:10:28.7026718Z [0m[1m    Username[0m:	UID
2025-07-01T16:10:28.7058465Z [1m     nixbld1[0m:	30001
2025-07-01T16:10:28.7068829Z [1m     nixbld2[0m:	30002
2025-07-01T16:10:28.7078875Z [1m     nixbld3[0m:	30003
2025-07-01T16:10:28.7089060Z [1m     nixbld4[0m:	30004
2025-07-01T16:10:28.7098886Z [1m     nixbld5[0m:	30005
2025-07-01T16:10:28.7109046Z [1m     nixbld6[0m:	30006
2025-07-01T16:10:28.7118954Z [1m     nixbld7[0m:	30007
2025-07-01T16:10:28.7129045Z [1m     nixbld8[0m:	30008
2025-07-01T16:10:28.7129317Z 
2025-07-01T16:10:28.7129621Z [32m[4;32mReady to continue?
2025-07-01T16:10:28.7130247Z [0mNo TTY, assuming you would say yes :)
2025-07-01T16:10:28.7130576Z 
2025-07-01T16:10:28.7130941Z [32m~~> Setting up the build group nixbld
2025-07-01T16:10:28.7530153Z [0m[1m            Created[0m:	Yes
2025-07-01T16:10:28.7555972Z 
2025-07-01T16:10:28.7556611Z [32m~~> Setting up the build user nixbld1
2025-07-01T16:10:28.7727491Z useradd warning: nixbld1's uid 30001 is greater than SYS_UID_MAX 999
2025-07-01T16:10:28.7829766Z [0m[1m           Created[0m:	Yes
2025-07-01T16:10:28.7835341Z [1m            Hidden[0m:	Yes
2025-07-01T16:10:28.7854320Z [1m    Home Directory[0m:	/var/empty
2025-07-01T16:10:28.7874733Z [1m              Note[0m:	Nix build user 1
2025-07-01T16:10:28.7892445Z [1m   Logins Disabled[0m:	Yes
2025-07-01T16:10:28.7916520Z [1m  Member of nixbld[0m:	Yes
2025-07-01T16:10:28.7939065Z [1m    PrimaryGroupID[0m:	30000
2025-07-01T16:10:28.7949994Z 
2025-07-01T16:10:28.7950497Z [32m~~> Setting up the build user nixbld2
2025-07-01T16:10:28.8098540Z useradd warning: nixbld2's uid 30002 is greater than SYS_UID_MAX 999
2025-07-01T16:10:28.8200460Z [0m[1m           Created[0m:	Yes
2025-07-01T16:10:28.8206543Z [1m            Hidden[0m:	Yes
2025-07-01T16:10:28.8225699Z [1m    Home Directory[0m:	/var/empty
2025-07-01T16:10:28.8246637Z [1m              Note[0m:	Nix build user 2
2025-07-01T16:10:28.8264768Z [1m   Logins Disabled[0m:	Yes
2025-07-01T16:10:28.8286417Z [1m  Member of nixbld[0m:	Yes
2025-07-01T16:10:28.8303393Z [1m    PrimaryGroupID[0m:	30000
2025-07-01T16:10:28.8314368Z 
2025-07-01T16:10:28.8314957Z [32m~~> Setting up the build user nixbld3
2025-07-01T16:10:28.8457981Z useradd warning: nixbld3's uid 30003 is greater than SYS_UID_MAX 999
2025-07-01T16:10:28.8551689Z [0m[1m           Created[0m:	Yes
2025-07-01T16:10:28.8557402Z [1m            Hidden[0m:	Yes
2025-07-01T16:10:28.8576981Z [1m    Home Directory[0m:	/var/empty
2025-07-01T16:10:28.8597646Z [1m              Note[0m:	Nix build user 3
2025-07-01T16:10:28.8615584Z [1m   Logins Disabled[0m:	Yes
2025-07-01T16:10:28.8635047Z [1m  Member of nixbld[0m:	Yes
2025-07-01T16:10:28.8652499Z [1m    PrimaryGroupID[0m:	30000
2025-07-01T16:10:28.8663385Z 
2025-07-01T16:10:28.8663801Z [32m~~> Setting up the build user nixbld4
2025-07-01T16:10:28.8802935Z useradd warning: nixbld4's uid 30004 is greater than SYS_UID_MAX 999
2025-07-01T16:10:28.8893685Z [0m[1m           Created[0m:	Yes
2025-07-01T16:10:28.8899654Z [1m            Hidden[0m:	Yes
2025-07-01T16:10:28.8919389Z [1m    Home Directory[0m:	/var/empty
2025-07-01T16:10:28.8941604Z [1m              Note[0m:	Nix build user 4
2025-07-01T16:10:28.8960565Z [1m   Logins Disabled[0m:	Yes
2025-07-01T16:10:28.8980410Z [1m  Member of nixbld[0m:	Yes
2025-07-01T16:10:28.8998600Z [1m    PrimaryGroupID[0m:	30000
2025-07-01T16:10:28.9009278Z 
2025-07-01T16:10:28.9009810Z [32m~~> Setting up the build user nixbld5
2025-07-01T16:10:28.9155513Z useradd warning: nixbld5's uid 30005 is greater than SYS_UID_MAX 999
2025-07-01T16:10:28.9246132Z [0m[1m           Created[0m:	Yes
2025-07-01T16:10:28.9251694Z [1m            Hidden[0m:	Yes
2025-07-01T16:10:28.9272539Z [1m    Home Directory[0m:	/var/empty
2025-07-01T16:10:28.9294214Z [1m              Note[0m:	Nix build user 5
2025-07-01T16:10:28.9312256Z [1m   Logins Disabled[0m:	Yes
2025-07-01T16:10:28.9331471Z [1m  Member of nixbld[0m:	Yes
2025-07-01T16:10:28.9349849Z [1m    PrimaryGroupID[0m:	30000
2025-07-01T16:10:28.9360529Z 
2025-07-01T16:10:28.9361111Z [32m~~> Setting up the build user nixbld6
2025-07-01T16:10:28.9500132Z useradd warning: nixbld6's uid 30006 is greater than SYS_UID_MAX 999
2025-07-01T16:10:28.9598873Z [0m[1m           Created[0m:	Yes
2025-07-01T16:10:28.9604545Z [1m            Hidden[0m:	Yes
2025-07-01T16:10:28.9623286Z [1m    Home Directory[0m:	/var/empty
2025-07-01T16:10:28.9644333Z [1m              Note[0m:	Nix build user 6
2025-07-01T16:10:28.9662220Z [1m   Logins Disabled[0m:	Yes
2025-07-01T16:10:28.9681607Z [1m  Member of nixbld[0m:	Yes
2025-07-01T16:10:28.9699870Z [1m    PrimaryGroupID[0m:	30000
2025-07-01T16:10:28.9710429Z 
2025-07-01T16:10:28.9710949Z [32m~~> Setting up the build user nixbld7
2025-07-01T16:10:28.9903449Z useradd warning: nixbld7's uid 30007 is greater than SYS_UID_MAX 999
2025-07-01T16:10:28.9994955Z [0m[1m           Created[0m:	Yes
2025-07-01T16:10:29.0000590Z [1m            Hidden[0m:	Yes
2025-07-01T16:10:29.0020198Z [1m    Home Directory[0m:	/var/empty
2025-07-01T16:10:29.0040926Z [1m              Note[0m:	Nix build user 7
2025-07-01T16:10:29.0059190Z [1m   Logins Disabled[0m:	Yes
2025-07-01T16:10:29.0078576Z [1m  Member of nixbld[0m:	Yes
2025-07-01T16:10:29.0096665Z [1m    PrimaryGroupID[0m:	30000
2025-07-01T16:10:29.0107362Z 
2025-07-01T16:10:29.0107761Z [32m~~> Setting up the build user nixbld8
2025-07-01T16:10:29.0246327Z useradd warning: nixbld8's uid 30008 is greater than SYS_UID_MAX 999
2025-07-01T16:10:29.0348602Z [0m[1m           Created[0m:	Yes
2025-07-01T16:10:29.0354355Z [1m            Hidden[0m:	Yes
2025-07-01T16:10:29.0373406Z [1m    Home Directory[0m:	/var/empty
2025-07-01T16:10:29.0394349Z [1m              Note[0m:	Nix build user 8
2025-07-01T16:10:29.0412669Z [1m   Logins Disabled[0m:	Yes
2025-07-01T16:10:29.0431918Z [1m  Member of nixbld[0m:	Yes
2025-07-01T16:10:29.0450176Z [1m    PrimaryGroupID[0m:	30000
2025-07-01T16:10:29.0450525Z 
2025-07-01T16:10:29.0450866Z [32m~~> Setting up the basic directory structure
2025-07-01T16:10:29.0539316Z [0minstall: creating directory '/nix'
2025-07-01T16:10:29.0539733Z install: creating directory '/nix/var'
2025-07-01T16:10:29.0540092Z install: creating directory '/nix/var/log'
2025-07-01T16:10:29.0540450Z install: creating directory '/nix/var/log/nix'
2025-07-01T16:10:29.0540832Z install: creating directory '/nix/var/log/nix/drvs'
2025-07-01T16:10:29.0541191Z install: creating directory '/nix/var/nix'
2025-07-01T16:10:29.0541783Z install: creating directory '/nix/var/nix/db'
2025-07-01T16:10:29.0542425Z install: creating directory '/nix/var/nix/gcroots'
2025-07-01T16:10:29.0542826Z install: creating directory '/nix/var/nix/profiles'
2025-07-01T16:10:29.0543237Z install: creating directory '/nix/var/nix/temproots'
2025-07-01T16:10:29.0543767Z install: creating directory '/nix/var/nix/userpool'
2025-07-01T16:10:29.0545049Z install: creating directory '/nix/var/nix/daemon-socket'
2025-07-01T16:10:29.0545532Z install: creating directory '/nix/var/nix/gcroots/per-user'
2025-07-01T16:10:29.0546232Z install: creating directory '/nix/var/nix/profiles/per-user'
2025-07-01T16:10:29.0626361Z install: creating directory '/nix/store'
2025-07-01T16:10:29.0711141Z install: creating directory '/etc/nix'
2025-07-01T16:10:29.0721407Z 
2025-07-01T16:10:29.0721926Z [32m~~> Installing Nix
2025-07-01T16:10:29.2705910Z [0m      Alright! We have our first nix at /nix/store/x3235311q3n51rppm2y2ycwd7nb3mgpn-nix-2.26.3
2025-07-01T16:10:29.3163561Z       Just finished getting the nix database ready.
2025-07-01T16:10:29.3166431Z 
2025-07-01T16:10:29.3167951Z [32m~~> Setting up shell profiles: /etc/bashrc /etc/profile.d/nix.sh /etc/zshrc /etc/bash.bashrc /etc/zsh/zshrc
2025-07-01T16:10:29.3341609Z [0m
2025-07-01T16:10:29.3341985Z # Nix
2025-07-01T16:10:29.3342522Z if [ -e '/nix/var/nix/profiles/default/etc/profile.d/nix-daemon.sh' ]; then
2025-07-01T16:10:29.3343100Z   . '/nix/var/nix/profiles/default/etc/profile.d/nix-daemon.sh'
2025-07-01T16:10:29.3343638Z fi
2025-07-01T16:10:29.3344320Z # End Nix
2025-07-01T16:10:29.3344445Z 
2025-07-01T16:10:29.3532310Z 
2025-07-01T16:10:29.3533002Z # Nix
2025-07-01T16:10:29.3535025Z if [ -e '/nix/var/nix/profiles/default/etc/profile.d/nix-daemon.sh' ]; then
2025-07-01T16:10:29.3536040Z   . '/nix/var/nix/profiles/default/etc/profile.d/nix-daemon.sh'
2025-07-01T16:10:29.3536600Z fi
2025-07-01T16:10:29.3536877Z # End Nix
2025-07-01T16:10:29.3537047Z 
2025-07-01T16:10:29.3721546Z 
2025-07-01T16:10:29.3722464Z # Nix
2025-07-01T16:10:29.3723322Z if [ -e '/nix/var/nix/profiles/default/etc/profile.d/nix-daemon.sh' ]; then
2025-07-01T16:10:29.3724642Z   . '/nix/var/nix/profiles/default/etc/profile.d/nix-daemon.sh'
2025-07-01T16:10:29.3725226Z fi
2025-07-01T16:10:29.3725529Z # End Nix
2025-07-01T16:10:29.3725706Z 
2025-07-01T16:10:29.3907679Z 
2025-07-01T16:10:29.3908205Z # Nix
2025-07-01T16:10:29.3908892Z if [ -e '/nix/var/nix/profiles/default/etc/profile.d/nix-daemon.sh' ]; then
2025-07-01T16:10:29.3909516Z   . '/nix/var/nix/profiles/default/etc/profile.d/nix-daemon.sh'
2025-07-01T16:10:29.3910019Z fi
2025-07-01T16:10:29.3910366Z # End Nix
2025-07-01T16:10:29.3910559Z 
2025-07-01T16:10:29.3935364Z 
2025-07-01T16:10:29.3936958Z [32m~~> Setting up shell profiles for Fish with conf.d/nix.fish inside /etc/fish /usr/local/etc/fish /opt/homebrew/etc/fish /opt/local/etc/fish
2025-07-01T16:10:29.4006255Z [0m
2025-07-01T16:10:29.4007028Z [32m~~> Setting up the default profile
2025-07-01T16:10:29.4330240Z installing 'nix-2.26.3'
2025-07-01T16:10:29.4468873Z building '/nix/store/5afca9ydks0pp5szkwwhi7a6m2zmgk9g-user-environment.drv'...
2025-07-01T16:10:29.4885733Z installing 'nss-cacert-3.107'
2025-07-01T16:10:29.5020820Z building '/nix/store/ilxzpc39hcw5jr229rmajjkyz1a0fym1-user-environment.drv'...
2025-07-01T16:10:29.5236659Z [0m
2025-07-01T16:10:29.5237200Z [32m~~> Setting up the nix-daemon systemd service
2025-07-01T16:10:29.5625348Z Created symlink /etc/systemd/system/nix-daemon.service → /nix/var/nix/profiles/default/lib/systemd/system/nix-daemon.service.
2025-07-01T16:10:29.8355743Z Created symlink /etc/systemd/system/nix-daemon.socket → /nix/var/nix/profiles/default/lib/systemd/system/nix-daemon.socket.
2025-07-01T16:10:29.8357257Z Created symlink /etc/systemd/system/sockets.target.wants/nix-daemon.socket → /nix/var/nix/profiles/default/lib/systemd/system/nix-daemon.socket.
2025-07-01T16:10:30.4083453Z [0m[32mAlright! We're done!
2025-07-01T16:10:30.4105717Z [0mTry it! Open a new terminal, and type:
2025-07-01T16:10:30.4106171Z 
2025-07-01T16:10:30.4106518Z   $ nix-shell -p nix-info --run "nix-info -m"
2025-07-01T16:10:30.4106878Z 
2025-07-01T16:10:30.4107373Z Thank you for using this installer. If you have any feedback or need
2025-07-01T16:10:30.4108050Z help, don't hesitate:
2025-07-01T16:10:30.4108295Z 
2025-07-01T16:10:30.4108497Z You can open an issue at
2025-07-01T16:10:30.4109331Z https://github.com/NixOS/nix/issues/new?labels=installer&template=installer.md
2025-07-01T16:10:30.4109876Z 
2025-07-01T16:10:30.4110310Z Or get in touch with the community: https://nixos.org/community
2025-07-01T16:10:30.4126089Z 
2025-07-01T16:10:30.4127624Z [34m---- Reminders -----------------------------------------------------------------
2025-07-01T16:10:30.4128357Z [0m[34m[ 1 ][0m
2025-07-01T16:10:30.4131785Z Nix won't work in active shell sessions until you restart them.
2025-07-01T16:10:30.4132228Z 
2025-07-01T16:10:30.4834478Z ##[endgroup]
2025-07-01T16:10:30.4911165Z ##[group]Run /home/runner/work/_actions/ava-labs/avalanchego/092cf182dd92b66a8ab882b657d3ae52b174c913/.github/actions/run-monitored-tmpnet-cmd/nix-develop.sh --command echo "dependencies installed"
2025-07-01T16:10:30.4912572Z [36;1m/home/runner/work/_actions/ava-labs/avalanchego/092cf182dd92b66a8ab882b657d3ae52b174c913/.github/actions/run-monitored-tmpnet-cmd/nix-develop.sh --command echo "dependencies installed"[0m
2025-07-01T16:10:30.4973120Z shell: /usr/bin/bash --noprofile --norc -e -o pipefail {0}
2025-07-01T16:10:30.4973463Z env:
2025-07-01T16:10:30.4973652Z   TMPDIR: /home/runner/work/_temp
2025-07-01T16:10:30.4974092Z ##[endgroup]
2025-07-01T16:10:30.5077870Z No local flake found, will attempt to use avalanchego flake
2025-07-01T16:10:30.5165730Z Starting nix shell for github:ava-labs/avalanchego?ref=v1.13.2
2025-07-01T16:10:30.7944549Z unpacking 'github:ava-labs/avalanchego/092cf182dd92b66a8ab882b657d3ae52b174c913' into the Git cache...
2025-07-01T16:10:32.5540764Z copying path '/nix/store/i99indk3y6pc3sm0k1xx3nakm193lqzb-source' from 'https://cache.nixos.org'...
2025-07-01T16:10:48.7558655Z copying path '/nix/store/899rx4l5zz1za8nx7ijp7swv5ibc8wx2-git-2.47.2-doc' from 'https://cache.nixos.org'...
2025-07-01T16:10:48.7565173Z copying path '/nix/store/zpab59ialz19x6f65jbjf5xb8waa54av-iana-etc-20240318' from 'https://cache.nixos.org'...
2025-07-01T16:10:48.7592119Z copying path '/nix/store/dgzz9k53hz1qgklnj9667xzliyidj9cs-mailcap-2.1.54' from 'https://cache.nixos.org'...
2025-07-01T16:10:48.7604209Z copying path '/nix/store/hnpph37w6p5jfspwf5pksljpf0wqwjg3-perl5.40.0-Digest-HMAC-1.04' from 'https://cache.nixos.org'...
2025-07-01T16:10:48.7613255Z copying path '/nix/store/cnb01qfmg8c3irp630nplhwa201d7xsr-perl5.40.0-FCGI-ProcManager-0.28' from 'https://cache.nixos.org'...
2025-07-01T16:10:48.7620859Z copying path '/nix/store/v657ak4hdkixvq99rk3qvyh28in945dv-perl5.40.0-HTML-TagCloud-0.38' from 'https://cache.nixos.org'...
2025-07-01T16:10:48.7634706Z copying path '/nix/store/9qrv0d0yd9wss610gjzv3507ry6v9mzw-perl5.40.0-URI-5.21' from 'https://cache.nixos.org'...
2025-07-01T16:10:48.7639985Z copying path '/nix/store/pz7y4qd8lyhg9y6wmb9hynivx36f53zp-perl5.40.0-libnet-3.15' from 'https://cache.nixos.org'...
2025-07-01T16:10:48.7651237Z copying path '/nix/store/l6mypzy4rvkxd5kwzs18d88syirislib-tzdata-2024b' from 'https://cache.nixos.org'...
2025-07-01T16:10:48.7676177Z copying path '/nix/store/czlhi3r9b6ip4xyynwibfhm458ljwsir-gcc-13.3.0-libgcc' from 'https://cache.nixos.org'...
2025-07-01T16:10:48.7679990Z copying path '/nix/store/d8qbcrirc6jidfacy0qa50zy07i15xcz-gnu-config-2024-01-01' from 'https://cache.nixos.org'...
2025-07-01T16:10:48.7722882Z copying path '/nix/store/krx6xw6wxakapdkviirq57yh3nl3227h-perl5.40.0-IO-HTML-1.004' from 'https://cache.nixos.org'...
2025-07-01T16:10:48.7727010Z copying path '/nix/store/3r0pprxsd9n52nb2yqq3idwb75d0spzd-perl5.40.0-LWP-MediaTypes-6.04' from 'https://cache.nixos.org'...
2025-07-01T16:10:48.7728960Z copying path '/nix/store/rscnjwdmhya0wcdmbygr3jpz6p39kvhr-perl5.40.0-Encode-Locale-1.05' from 'https://cache.nixos.org'...
2025-07-01T16:10:48.7736460Z copying path '/nix/store/w9yrswzdifcjhg0righ76aqb6bpslhkb-perl5.40.0-Mozilla-CA-20230821' from 'https://cache.nixos.org'...
2025-07-01T16:10:48.7741766Z copying path '/nix/store/74bbxwiamv62d2l089f1r8apv295vsry-perl5.40.0-HTML-Tagset-3.20' from 'https://cache.nixos.org'...
2025-07-01T16:10:48.7952916Z copying path '/nix/store/dvsai0ym9czjl5mcsarcdwccb70615n4-linux-headers-6.10' from 'https://cache.nixos.org'...
2025-07-01T16:10:48.7955161Z copying path '/nix/store/5ahjfkydg49xvbr3vghhv317prgspnf3-mirrors-list' from 'https://cache.nixos.org'...
2025-07-01T16:10:48.7972686Z copying path '/nix/store/swnhrfysvmwjvibcafm0im377pcfs80v-curl-8.12.1-man' from 'https://cache.nixos.org'...
2025-07-01T16:10:48.7975052Z copying path '/nix/store/x6i8jiz3yv3h209xfbz9a3ch1sm16167-dns-root-data-2024-06-20' from 'https://cache.nixos.org'...
2025-07-01T16:10:48.7977981Z copying path '/nix/store/970fk2m63qra4ybkpp99rw7mld9fphlv-nghttp2-1.64.0' from 'https://cache.nixos.org'...
2025-07-01T16:10:48.7979677Z copying path '/nix/store/maxa3xhmxggrc5v2vc0c3pjb79hjlkp9-glibc-2.40-66' from 'https://cache.nixos.org'...
2025-07-01T16:10:48.7981436Z copying path '/nix/store/frpqzb3223826xq72s0fcjmjmj50wpyn-perl5.40.0-Authen-SASL-2.1700' from 'https://cache.nixos.org'...
2025-07-01T16:10:48.7992511Z copying path '/nix/store/vlfgix8rcbj3l9yk0rna1damxkafbq18-perl5.40.0-Net-HTTP-6.23' from 'https://cache.nixos.org'...
2025-07-01T16:10:48.7996151Z copying path '/nix/store/hz5m52dx8x6vvi5pp0yikxb3b05bmi2j-perl5.40.0-Test-Needs-0.002010' from 'https://cache.nixos.org'...
2025-07-01T16:10:48.8008747Z copying path '/nix/store/vvjpgyk6jgd6k74pgpjrln6m6aqyiaig-perl5.40.0-Try-Tiny-0.31' from 'https://cache.nixos.org'...
2025-07-01T16:10:48.8010693Z copying path '/nix/store/6aqxgf5ygcscqsh4p9krd0dz2hc1cn0w-perl5.40.0-WWW-RobotRules-6.02' from 'https://cache.nixos.org'...
2025-07-01T16:10:48.8014140Z copying path '/nix/store/ldlsmrf2rrq28s08mzjk245vr26dwwhi-perl5.40.0-Test-RequiresInternet-0.05' from 'https://cache.nixos.org'...
2025-07-01T16:10:48.8016352Z copying path '/nix/store/5xvxvpl9armf0p6y9m4g1zl1mypvr9m7-perl5.40.0-TimeDate-2.33' from 'https://cache.nixos.org'...
2025-07-01T16:10:48.8092210Z copying path '/nix/store/lj7p9q5kgmdcq768rvsgvjndi42mjcn8-publicsuffix-list-0-unstable-2024-10-25' from 'https://cache.nixos.org'...
2025-07-01T16:10:48.8097670Z copying path '/nix/store/i9ymkbklv1q9yzl7wwx7300wbkqdln0r-update-autotools-gnu-config-scripts-hook' from 'https://cache.nixos.org'...
2025-07-01T16:10:48.8259367Z copying path '/nix/store/2h648f4xlzszyc01yf67xd2rgira65js-perl5.40.0-Test-Fatal-0.017' from 'https://cache.nixos.org'...
2025-07-01T16:10:48.8288215Z copying path '/nix/store/shx8jax9b662cd9nlml731hh9wks24v1-perl5.40.0-HTTP-Date-6.06' from 'https://cache.nixos.org'...
2025-07-01T16:10:48.8609099Z copying path '/nix/store/i9hiqc4dfksm9cpqvff39smfpn49zbj6-perl5.40.0-File-Listing-6.16' from 'https://cache.nixos.org'...
2025-07-01T16:10:48.8616724Z copying path '/nix/store/0m34prvcx3d3vd9f4djbaqji7yb9swsh-perl5.40.0-HTTP-CookieJar-0.014' from 'https://cache.nixos.org'...
2025-07-01T16:10:48.8941532Z copying path '/nix/store/as8g73awbgrhpf5p6qjnrd5v9anw74ix-go-task-3.39.2' from 'https://cache.nixos.org'...
2025-07-01T16:10:48.8946715Z copying path '/nix/store/19402vwa1rndilww6fpbviz0lza8846p-kind-0.24.0' from 'https://cache.nixos.org'...
2025-07-01T16:10:48.8948323Z copying path '/nix/store/23cshhh8k7z46gadr86krv15xphggawm-kubectl-1.31.2' from 'https://cache.nixos.org'...
2025-07-01T16:10:48.8954740Z copying path '/nix/store/i7r45jjmvfxiw8j7ihjx51jachylq1si-protoc-gen-go-1.35.1' from 'https://cache.nixos.org'...
2025-07-01T16:10:48.8956657Z copying path '/nix/store/1fqgvq0i498w4ynywyj224i49izzzqrk-protoc-gen-go-grpc-1.3.0' from 'https://cache.nixos.org'...
2025-07-01T16:10:49.3993390Z copying path '/nix/store/vlgwyb076hkz7yv96sjnj9msb1jn1ggz-attr-2.5.2' from 'https://cache.nixos.org'...
2025-07-01T16:10:49.3996424Z copying path '/nix/store/8vpg72ik2kgxfj05lc56hkqrdrfl8xi9-bash-5.2p37' from 'https://cache.nixos.org'...
2025-07-01T16:10:49.3999372Z copying path '/nix/store/83s1wqvrx7yvy3g6dmdr2icgg3qqbjcp-brotli-1.1.0-lib' from 'https://cache.nixos.org'...
2025-07-01T16:10:49.4010132Z copying path '/nix/store/qiisx6c7qpyzq522j3icsfhj8ayw6ah4-bzip2-1.0.8' from 'https://cache.nixos.org'...
2025-07-01T16:10:49.4011737Z copying path '/nix/store/c9z2sp8dyx1k0zk374v1142hmphashd0-buf-1.47.2' from 'https://cache.nixos.org'...
2025-07-01T16:10:49.4013488Z copying path '/nix/store/wg9gg3zkwcqhyycj0vkfnhgk5a4z9faq-ed-1.20.2' from 'https://cache.nixos.org'...
2025-07-01T16:10:49.4015730Z copying path '/nix/store/fcqfyri9kljs5jd7h556f004qmci1qin-expand-response-params' from 'https://cache.nixos.org'...
2025-07-01T16:10:49.4017528Z copying path '/nix/store/0hv5ymwkczx3ak8h3yldfbwbab33jnrw-expat-2.6.4' from 'https://cache.nixos.org'...
2025-07-01T16:10:49.4019207Z copying path '/nix/store/3p3fwczck2yn1wwfjnymzkz8w11vbvg7-gawk-5.3.1' from 'https://cache.nixos.org'...
2025-07-01T16:10:49.4021012Z copying path '/nix/store/mhd0rk497xm0xnip7262xdw9bylvzh99-gcc-13.3.0-lib' from 'https://cache.nixos.org'...
2025-07-01T16:10:49.4026481Z copying path '/nix/store/7zv1sq1k25gk2rvgxnm262vp5hydkv1a-gdbm-1.24-lib' from 'https://cache.nixos.org'...
2025-07-01T16:10:49.4028211Z copying path '/nix/store/cfb4pxnfh2sf4csk8xh7abfqv96k66nh-glibc-2.40-66-getent' from 'https://cache.nixos.org'...
2025-07-01T16:10:49.4030002Z copying path '/nix/store/2kiskq24j06g4qw3xs8zsy2dkawh4gxk-glibc-2.40-66-bin' from 'https://cache.nixos.org'...
2025-07-01T16:10:49.4031652Z copying path '/nix/store/8k19h07hh2g1w5kp5yglzddswnvdmxpy-gmp-6.3.0' from 'https://cache.nixos.org'...
2025-07-01T16:10:49.4033202Z copying path '/nix/store/m3da56j3r7h4hp0kr8v1xsnk16x900yf-gnumake-4.4.1' from 'https://cache.nixos.org'...
2025-07-01T16:10:49.4112474Z copying path '/nix/store/3ks7b6p43dpvnlnxgvlcy2jaf1np37p2-gnused-4.9' from 'https://cache.nixos.org'...
2025-07-01T16:10:49.4137212Z copying path '/nix/store/dyizbk50iglbibrbwbgw2mhgskwb6ham-acl-2.3.2' from 'https://cache.nixos.org'...
2025-07-01T16:10:49.4224204Z copying path '/nix/store/1fby1pxf0z16lgl728i2sqwqr2hrw2h8-json-c-0.17' from 'https://cache.nixos.org'...
2025-07-01T16:10:49.4237666Z copying path '/nix/store/mwwpv4k7skbx4vr2qjc89pvs7mhmgapb-k9s-0.32.7' from 'https://cache.nixos.org'...
2025-07-01T16:10:49.4247390Z copying path '/nix/store/yyfzan4mn874v885jy6fs598gjb31c4l-bzip2-1.0.8-bin' from 'https://cache.nixos.org'...
2025-07-01T16:10:49.4255968Z copying path '/nix/store/r4p475lxvaklr9rj8l2a4sahkx5c0209-getent-glibc-2.40-66' from 'https://cache.nixos.org'...
2025-07-01T16:10:49.4373074Z copying path '/nix/store/79kh226vw8rrk62jbs27hdad1clwy447-keyutils-1.6.3-lib' from 'https://cache.nixos.org'...
2025-07-01T16:10:49.4456478Z copying path '/nix/store/wnsn67xb3i072b6i496y002byvc3ipa3-kubernetes-helm-3.16.3' from 'https://cache.nixos.org'...
2025-07-01T16:10:49.4613694Z copying path '/nix/store/bpzy7snv1xr7s1z2xi7bw0q5z9j6g1gg-libantlr3c-3.4' from 'https://cache.nixos.org'...
2025-07-01T16:10:49.4672297Z copying path '/nix/store/0iabf1jhsfrrxkdi599kb8m37p82yr1z-audit-4.0' from 'https://cache.nixos.org'...
2025-07-01T16:10:49.4783350Z copying path '/nix/store/nc394xps4al1r99ziabqvajbkrhxr5b7-gzip-1.13' from 'https://cache.nixos.org'...
2025-07-01T16:10:49.4964223Z copying path '/nix/store/pmg7hw4ar16dhx5hk6jswvxy349wzsm7-gnutar-1.35' from 'https://cache.nixos.org'...
2025-07-01T16:10:49.4994456Z copying path '/nix/store/q57zi48njdcgxy4n8d5lm5pf746drc8f-isl-0.20' from 'https://cache.nixos.org'...
2025-07-01T16:10:49.5023540Z copying path '/nix/store/ky06iawcwsvxmx8yw66y2a7iy7b14yii-libapparmor-4.0.3' from 'https://cache.nixos.org'...
2025-07-01T16:10:49.5029184Z copying path '/nix/store/fx6mfndjsbb0dqn9jzf1ksz9wf1dlrq7-libcap-2.70-lib' from 'https://cache.nixos.org'...
2025-07-01T16:10:49.5097373Z copying path '/nix/store/7yf5ijcl2lh90xs5nkrdpfdvcmc9fnc5-libcbor-0.11.0' from 'https://cache.nixos.org'...
2025-07-01T16:10:49.5169852Z copying path '/nix/store/bldybfhh9v9dvpms8kh87v1a6jp6i28p-libevent-2.1.12' from 'https://cache.nixos.org'...
2025-07-01T16:10:49.5332178Z copying path '/nix/store/wxgvd9mivxdbahxidq751gxyz7x7jb8n-libffi-3.4.6' from 'https://cache.nixos.org'...
2025-07-01T16:10:49.5420231Z copying path '/nix/store/81awch8mhqanda1vy0c09bflgra4cxh0-glibc-2.40-66-dev' from 'https://cache.nixos.org'...
2025-07-01T16:10:49.5468943Z copying path '/nix/store/p0c3g3dxr818lggbk6ms3nhm97g0pir9-libgpg-error-1.50' from 'https://cache.nixos.org'...
2025-07-01T16:10:49.5710453Z copying path '/nix/store/2w8a5z0rcs4fk3ds3fnd03x6syjjl1hb-libmnl-1.0.5' from 'https://cache.nixos.org'...
2025-07-01T16:10:49.5714186Z copying path '/nix/store/ywvi2y4yv3qyh0phw9y2ji17smh8nawj-libnfnetlink-1.0.2' from 'https://cache.nixos.org'...
2025-07-01T16:10:49.5951181Z copying path '/nix/store/dg6d7zs1bwnhwb3sd3xdbldvpa163a5z-libnl-3.10.0' from 'https://cache.nixos.org'...
2025-07-01T16:10:49.5955099Z copying path '/nix/store/xxc6rkndd68cq1225asn380bbj0512dg-libpsl-0.21.5' from 'https://cache.nixos.org'...
2025-07-01T16:10:49.6187270Z copying path '/nix/store/68vmpyiabh89l7hbp9z2hmwci74vnfi4-libseccomp-2.5.5-lib' from 'https://cache.nixos.org'...
2025-07-01T16:10:49.6297601Z copying path '/nix/store/wr7w1x0x1j4qli60wm22q3bc02dga08c-libtasn1-4.20.0' from 'https://cache.nixos.org'...
2025-07-01T16:10:49.6468118Z copying path '/nix/store/hnh6ivl105y4sw0ifv4kbihrvbddmlkm-libxcrypt-4.4.36' from 'https://cache.nixos.org'...
2025-07-01T16:10:49.6470839Z copying path '/nix/store/9yh47sg27z9263ll65d414rgcyrclk57-libxml2-2.13.6' from 'https://cache.nixos.org'...
2025-07-01T16:10:49.6548718Z copying path '/nix/store/17195j62sjxjn0xwnmj3icr01n3d678r-libnetfilter_conntrack-1.1.0' from 'https://cache.nixos.org'...
2025-07-01T16:10:49.6639162Z copying path '/nix/store/96m2mjx55syyky6zymjnbl3pvgxlwchb-libnftnl-1.2.8' from 'https://cache.nixos.org'...
2025-07-01T16:10:49.6954579Z copying path '/nix/store/qhs6zflzhdr11j6byf1c1j52z39hnaaw-db-4.8.30' from 'https://cache.nixos.org'...
2025-07-01T16:10:49.6999530Z copying path '/nix/store/8g8wdqid20924fbppbljsl6l7gr0p21j-gettext-0.21.1' from 'https://cache.nixos.org'...
2025-07-01T16:10:49.7139731Z copying path '/nix/store/dsxb6qvi21bzy21c98kb71wfbdj4lmz7-gmp-with-cxx-6.3.0' from 'https://cache.nixos.org'...
2025-07-01T16:10:49.7208612Z copying path '/nix/store/nn7nj7xq8gdfyxqhchphzia7i34rwb0v-gmp-with-cxx-6.3.0' from 'https://cache.nixos.org'...
2025-07-01T16:10:49.7271707Z copying path '/nix/store/rq8lq7r8vjqrbn2bgfglm9dxfi83gdg9-icu4c-74.2' from 'https://cache.nixos.org'...
2025-07-01T16:10:49.7376760Z copying path '/nix/store/99jfkvhck3c2675n2cy71g40km6m0pf9-libassuan-2.5.7' from 'https://cache.nixos.org'...
2025-07-01T16:10:49.7384580Z copying path '/nix/store/h9c111ckc8wg3ksxb7kj8cwhgaj52118-libgcrypt-1.10.3-lib' from 'https://cache.nixos.org'...
2025-07-01T16:10:49.7387819Z copying path '/nix/store/p9k3wzaw6d3wjgcbrfv2g1chj0mj2inb-lz4-1.10.0-lib' from 'https://cache.nixos.org'...
2025-07-01T16:10:49.7751257Z copying path '/nix/store/yh2c9f04q1vcfhpkamidrg3sdnwk5bvy-mpdecimal-4.0.0' from 'https://cache.nixos.org'...
2025-07-01T16:10:49.7845108Z copying path '/nix/store/b75dbfz0gria25kn2qlfpnmp39h31spw-mpfr-4.2.1' from 'https://cache.nixos.org'...
2025-07-01T16:10:49.8146953Z copying path '/nix/store/1h2yigiwy6bgpyzlywj36s5nqkgca8bv-libpcap-1.10.5' from 'https://cache.nixos.org'...
2025-07-01T16:10:49.8150141Z copying path '/nix/store/z7ndn3k8zfjrf713gq443q7a2ixzaab5-ncurses-6.4.20221231' from 'https://cache.nixos.org'...
2025-07-01T16:10:49.8410947Z copying path '/nix/store/1w5jm9zaxwr5b8nvh41c7iz236my185m-nghttp2-1.64.0-lib' from 'https://cache.nixos.org'...
2025-07-01T16:10:49.8648855Z copying path '/nix/store/j4377imdqpm27h5hspds1skgsazyj0d9-nghttp2-1.64.0-lib' from 'https://cache.nixos.org'...
2025-07-01T16:10:49.8828416Z copying path '/nix/store/9m68vvhnsq5cpkskphgw84ikl9m6wjwp-coreutils-9.5' from 'https://cache.nixos.org'...
2025-07-01T16:10:49.8937214Z copying path '/nix/store/n9ya3i584zvcw6696326sdlg61d6lamf-npth-1.7' from 'https://cache.nixos.org'...
2025-07-01T16:10:49.9219409Z copying path '/nix/store/mgpn83jmnf37ky77a8qy6m466qqmlyqk-cln-1.3.7' from 'https://cache.nixos.org'...
2025-07-01T16:10:49.9364709Z copying path '/nix/store/qvrp85i3yc9vw5x1vyx714m03jsf60rc-cvc4-1.8' from 'https://cache.nixos.org'...
2025-07-01T16:10:49.9408504Z copying path '/nix/store/6s0zzvp9in28jkmzwh5p69v1zwpi5mi4-linux-pam-1.6.1' from 'https://cache.nixos.org'...
2025-07-01T16:10:49.9581104Z copying path '/nix/store/q95qgxy40rx1ifa13j8l38sx3myvkhb9-nettle-3.10' from 'https://cache.nixos.org'...
2025-07-01T16:10:49.9859217Z copying path '/nix/store/pbjp09wrnbklrfy7n2h5qix15fl5ylhj-libmpc-1.3.1' from 'https://cache.nixos.org'...
2025-07-01T16:10:49.9969000Z copying path '/nix/store/cjg4jmnnf26367irpagiiffrni9bk7z0-gnupg-2.4.5' from 'https://cache.nixos.org'...
2025-07-01T16:10:50.0175677Z copying path '/nix/store/isk8l71r4d1nl39mpv92ank2rs4cx3w9-openssl-3.3.3' from 'https://cache.nixos.org'...
2025-07-01T16:10:50.0344572Z copying path '/nix/store/kavgc464axad77kj4x4bza7s345nrhin-iptables-1.8.10' from 'https://cache.nixos.org'...
2025-07-01T16:10:50.0415769Z copying path '/nix/store/w8xb93nwhnhlkqd9kwahkzqvbg98qs74-nghttp2-1.64.0-dev' from 'https://cache.nixos.org'...
2025-07-01T16:10:50.1225557Z copying path '/nix/store/mqvgaq2bnb1701l7zcn0d6vd7w8b0z7l-openssl-3.3.3' from 'https://cache.nixos.org'...
2025-07-01T16:10:50.1396019Z copying path '/nix/store/lr3cvmq5ahqcj29p8c6m0fdl1y8krc86-diffutils-3.10' from 'https://cache.nixos.org'...
2025-07-01T16:10:50.1436325Z copying path '/nix/store/vc2d1bfy1a5y1195nq7k6p0zcm6q89nx-findutils-4.10.0' from 'https://cache.nixos.org'...
2025-07-01T16:10:50.1607621Z copying path '/nix/store/smd33cbgm2pwwnwj9l4b4fk39bdxfsfv-p11-kit-0.25.5' from 'https://cache.nixos.org'...
2025-07-01T16:10:50.1689857Z copying path '/nix/store/zfjv48ikkqn3yhi8zi7lvqvxyscbg87n-patch-2.7.6' from 'https://cache.nixos.org'...
2025-07-01T16:10:50.2060607Z copying path '/nix/store/9wwkzvmrlv43y71rbw8sbh9bamc62a16-patchelf-0.15.0' from 'https://cache.nixos.org'...
2025-07-01T16:10:50.2234699Z copying path '/nix/store/5md7gyz45fm4bmkg2kb9a1hnmg8ryk9j-pcre2-10.44' from 'https://cache.nixos.org'...
2025-07-01T16:10:50.2570748Z copying path '/nix/store/pgq4agv5wpanzr9a8mqlkncdbick7mn2-pcsclite-2.3.0-lib' from 'https://cache.nixos.org'...
2025-07-01T16:10:50.3043646Z copying path '/nix/store/9sqpmkq9fcycsrldbsdxw93hvspy8pr9-perl5.40.0-Clone-0.46' from 'https://cache.nixos.org'...
2025-07-01T16:10:50.3247326Z copying path '/nix/store/jpk7s673pli65raimpl43jbhbg6ja4kx-perl5.40.0-FCGI-0.82' from 'https://cache.nixos.org'...
2025-07-01T16:10:50.3307237Z copying path '/nix/store/x4kgvzlrndlsc9mn2gyrx9dla0a5y7y3-perl5.40.0-TermReadKey-2.38' from 'https://cache.nixos.org'...
2025-07-01T16:10:50.3380294Z copying path '/nix/store/gda0f0dw64h74i98vkk7b7jwzxbkigzs-prometheus-2.55.0' from 'https://cache.nixos.org'...
2025-07-01T16:10:50.3685507Z copying path '/nix/store/zwh1q2r2a1prmw4xxfpqa06ic7dl31yd-qrencode-4.1.1' from 'https://cache.nixos.org'...
2025-07-01T16:10:50.3706487Z copying path '/nix/store/53rkjnnkbgg8pfn6ffpcdx4xbrl98yh8-readline-8.2p13' from 'https://cache.nixos.org'...
2025-07-01T16:10:50.3865153Z copying path '/nix/store/flw2dwllbq50954bk1qm6xwdzp8ikacl-systemd-minimal-libs-256.10' from 'https://cache.nixos.org'...
2025-07-01T16:10:50.4231113Z copying path '/nix/store/7f8vg8z0q721jyahy1vjbg2x3irbk5az-unbound-1.22.0-lib' from 'https://cache.nixos.org'...
2025-07-01T16:10:50.4378246Z copying path '/nix/store/6hrwqlqxzvn3lry7fjyz4i6dkdmg38m6-perl5.40.0-HTTP-Message-6.45' from 'https://cache.nixos.org'...
2025-07-01T16:10:50.4402905Z copying path '/nix/store/88x6dfa5gnls0pmbvp4b9ci3bqqfja0n-util-linux-minimal-2.39.4-lib' from 'https://cache.nixos.org'...
2025-07-01T16:10:50.4454321Z copying path '/nix/store/qjsj5vnbfpbg6r7jhd7znfgmcy0arn8n-gnugrep-3.11' from 'https://cache.nixos.org'...
2025-07-01T16:10:50.4792649Z copying path '/nix/store/j7k6mzbdydimzw4mf23ahq6a7rz2f7w2-util-linux-minimal-2.39.4-login' from 'https://cache.nixos.org'...
2025-07-01T16:10:50.4954131Z copying path '/nix/store/sf31nmjhlsdp2h26vbwbpa7gwfn4i4na-xz-5.6.3' from 'https://cache.nixos.org'...
2025-07-01T16:10:50.5100751Z copying path '/nix/store/xxssfwyz4l32wiadvsrcf259nkb91myn-z3-4.11.2-lib' from 'https://cache.nixos.org'...
2025-07-01T16:10:50.5412806Z copying path '/nix/store/bhvah40258cfi5sj1wiy2zmdn5xgj4m1-krb5-1.21.3-lib' from 'https://cache.nixos.org'...
2025-07-01T16:10:50.5538249Z copying path '/nix/store/09pyjyjdr5mwmki9gb0yf809l54xr8p2-openssl-3.3.3-bin' from 'https://cache.nixos.org'...
2025-07-01T16:10:50.5748687Z copying path '/nix/store/pa7plncc30fhm909bis9haakh7gi0qbl-bash-interactive-5.2p37' from 'https://cache.nixos.org'...
2025-07-01T16:10:50.6120719Z copying path '/nix/store/mcr5gqxgkknqxa2vhnhixzd97vdsnsxi-perl5.40.0-HTML-Parser-3.81' from 'https://cache.nixos.org'...
2025-07-01T16:10:50.6185429Z copying path '/nix/store/dwyr8xvjby2l1zz92a5pfl6bq27jhrm6-krb5-1.21.3-lib' from 'https://cache.nixos.org'...
2025-07-01T16:10:50.6401273Z copying path '/nix/store/fvm65iknlk5kx9938xsc5485s9wzz1ig-lvm2-2.03.27-lib' from 'https://cache.nixos.org'...
2025-07-01T16:10:50.6516567Z copying path '/nix/store/q73n7qdcl9yvlwh6p4n414vkxgnjjryp-perl5.40.0-HTTP-Cookies-6.10' from 'https://cache.nixos.org'...
2025-07-01T16:10:50.6688878Z copying path '/nix/store/qxp4rv76dpjbvs37c3sfq33ial7mxgb0-perl5.40.0-HTTP-Daemon-6.16' from 'https://cache.nixos.org'...
2025-07-01T16:10:50.6938008Z copying path '/nix/store/q0fgny8kpagi6blmzyw15n4cmfx647kn-perl5.40.0-HTTP-Negotiate-6.01' from 'https://cache.nixos.org'...
2025-07-01T16:10:50.7105471Z copying path '/nix/store/6k8v1ffagipraln3nn12h1n22d5l9dvr-perl5.40.0-Net-SSLeay-1.92' from 'https://cache.nixos.org'...
2025-07-01T16:10:50.7505140Z copying path '/nix/store/0z09m6fwgmc2a0zazp6lhyadfig10fd6-perl5.40.0-CGI-4.59' from 'https://cache.nixos.org'...
2025-07-01T16:10:50.8111967Z copying path '/nix/store/a9vgxnafcgb1khpjgn87ixmyv4dsqlp0-util-linux-minimal-2.39.4-mount' from 'https://cache.nixos.org'...
2025-07-01T16:10:50.8248774Z copying path '/nix/store/blkjagm7k01k9sghpyckw4y6dd6z0knl-util-linux-minimal-2.39.4-swap' from 'https://cache.nixos.org'...
2025-07-01T16:10:50.8295624Z copying path '/nix/store/rbns8mzghhqxih4hj2js4mb4s6ivy5d1-xz-5.6.3-bin' from 'https://cache.nixos.org'...
2025-07-01T16:10:50.8442628Z copying path '/nix/store/vpg96mfr1jw5arlqg831i69g29v0sdb3-zlib-1.3.1' from 'https://cache.nixos.org'...
2025-07-01T16:10:50.8446124Z copying path '/nix/store/lmfya9by589b0qgc2pqps1zy4jhldkvq-cryptsetup-2.7.5' from 'https://cache.nixos.org'...
2025-07-01T16:10:50.8457151Z copying path '/nix/store/6cf2yj12gf51jn5vdbdw01gmgvyj431s-zstd-1.5.6' from 'https://cache.nixos.org'...
2025-07-01T16:10:50.8500209Z copying path '/nix/store/xv2bvwf6zv1hhlm9w4x0f7n0idhbsjh7-perl5.40.0-CGI-Fast-2.16' from 'https://cache.nixos.org'...
2025-07-01T16:10:50.8576202Z copying path '/nix/store/hgq0ircylcm0mx6y7ml9chcbwgrz9xg7-openssl-3.3.3-dev' from 'https://cache.nixos.org'...
2025-07-01T16:10:50.8598624Z copying path '/nix/store/73pq792gn6i9qfywsnd347vg0152w8rw-perl5.40.0-IO-Socket-SSL-2.083' from 'https://cache.nixos.org'...
2025-07-01T16:10:50.8659222Z copying path '/nix/store/23j515bg7lgis34f0jkm9j6g00dpp2sh-binutils-2.43.1-lib' from 'https://cache.nixos.org'...
2025-07-01T16:10:50.8857615Z copying path '/nix/store/yk246qv4bbmr0mmh9y3gnfdkra5nnjgi-cracklib-2.10.0' from 'https://cache.nixos.org'...
2025-07-01T16:10:50.9057884Z copying path '/nix/store/p751fjd81h3926ivxsq0x20lz5j7yscc-file-5.45' from 'https://cache.nixos.org'...
2025-07-01T16:10:50.9575823Z copying path '/nix/store/yg4ahy7gahx91nq80achmzilrjyv0scj-gcc-13.3.0' from 'https://cache.nixos.org'...
2025-07-01T16:10:50.9761078Z copying path '/nix/store/nfdnparxrnv6sy627lw1c27pdqzpbfs2-kexec-tools-2.0.29' from 'https://cache.nixos.org'...
2025-07-01T16:10:50.9763548Z copying path '/nix/store/1md58p5vm4dixcwwpwrs78a7kjf6nnqk-gnutls-3.8.6' from 'https://cache.nixos.org'...
2025-07-01T16:10:50.9967768Z copying path '/nix/store/yr9xanc3bgp95fj9kvbrrq47zhzni2i6-kmod-31' from 'https://cache.nixos.org'...
2025-07-01T16:10:51.0134928Z copying path '/nix/store/qdypipr8zp0nkyrwqnakn3q3xhpghsrb-kmod-31-lib' from 'https://cache.nixos.org'...
2025-07-01T16:10:51.0212627Z copying path '/nix/store/22qnvg3zddkf7rbpckv676qpsc2najv9-binutils-2.43.1' from 'https://cache.nixos.org'...
2025-07-01T16:10:51.0246295Z copying path '/nix/store/n6zw4496n0bd9r6gjwkjmf5ja6757q32-krb5-1.21.3' from 'https://cache.nixos.org'...
2025-07-01T16:10:51.1124704Z copying path '/nix/store/6m49g3aqk5d5vdxp7chpgim5l6cfm7d6-libarchive-3.7.7-lib' from 'https://cache.nixos.org'...
2025-07-01T16:10:51.1374078Z copying path '/nix/store/kc1sdzqnymjwy74chlnkq2xlxnmrg30x-libfido2-1.15.0' from 'https://cache.nixos.org'...
2025-07-01T16:10:51.1538745Z copying path '/nix/store/pvyhn761hgn17fpr6fy168vcv1ciwsgl-libssh2-1.11.1' from 'https://cache.nixos.org'...
2025-07-01T16:10:51.1573005Z copying path '/nix/store/qmz79v7x18zmi6g2iagxwazqfwbxzhra-libssh2-1.11.1' from 'https://cache.nixos.org'...
2025-07-01T16:10:51.2279274Z copying path '/nix/store/17rp2wzkp8xfhxcd5zihx6qmnbaadlhs-libmicrohttpd-1.0.1' from 'https://cache.nixos.org'...
2025-07-01T16:10:51.2941362Z copying path '/nix/store/q4j9jj8jw74216cw4chsqlwdnglwly6p-perl-5.40.0' from 'https://cache.nixos.org'...
2025-07-01T16:10:51.3517657Z copying path '/nix/store/zfk4v9lxal3ch98qnf7zlciwgmk4w1ij-krb5-1.21.3-dev' from 'https://cache.nixos.org'...
2025-07-01T16:10:51.3580675Z copying path '/nix/store/w2m5p0fb6pmqq6dz2jqlvnyw7n4vcbpx-curl-8.12.1' from 'https://cache.nixos.org'...
2025-07-01T16:10:51.3595243Z copying path '/nix/store/lgfp6sl5hpykmld29rqvi9pam8ji8k24-curl-8.12.1' from 'https://cache.nixos.org'...
2025-07-01T16:10:51.3599639Z copying path '/nix/store/0rg4nqym82ngd29dy8qm1bggm94dkry3-libssh2-1.11.1-dev' from 'https://cache.nixos.org'...
2025-07-01T16:10:51.4441683Z copying path '/nix/store/f2sjbvr2gbp1dl1fwak6b77j18wv2rm8-perl5.40.0-Net-SMTP-SSL-1.04' from 'https://cache.nixos.org'...
2025-07-01T16:10:51.4644527Z copying path '/nix/store/i7gfv740vcygvl9pgqwq29nkzmsp09ww-sqlite-3.46.1' from 'https://cache.nixos.org'...
2025-07-01T16:10:51.5242292Z copying path '/nix/store/hsxp8g7zdr6wxk1mp812g8nbzvajzn4w-stdenv-linux' from 'https://cache.nixos.org'...
2025-07-01T16:10:51.5394876Z copying path '/nix/store/gnnac2vpa466p2lpzskmbj5vjr6ikzhg-libpwquality-1.4.5-lib' from 'https://cache.nixos.org'...
2025-07-01T16:10:51.5544175Z copying path '/nix/store/ccrjbcfl5zcdp0n5mh69f4airrb9g8m4-zlib-1.3.1-dev' from 'https://cache.nixos.org'...
2025-07-01T16:10:51.5618250Z copying path '/nix/store/xmmli2ijsz2br6573z3sqsgg0spnj7i9-zstd-1.5.6-bin' from 'https://cache.nixos.org'...
2025-07-01T16:10:51.5693676Z copying path '/nix/store/sh26c2jcz7w2gii2px77bqy64fd026jd-boost-1.81.0' from 'https://cache.nixos.org'...
2025-07-01T16:10:51.5820075Z copying path '/nix/store/8qf68jid6rr2f4c8ppyp0ixdlv0axnpn-curl-8.12.1-bin' from 'https://cache.nixos.org'...
2025-07-01T16:10:51.6132680Z copying path '/nix/store/awbfciyq3cjvw6x8wd8wdjy8z2qxm98n-elfutils-0.191' from 'https://cache.nixos.org'...
2025-07-01T16:10:51.6329717Z copying path '/nix/store/3hgwjb5hp0jm8fyi4vx9s4f3hjvp0n1r-tpm2-tss-4.1.3' from 'https://cache.nixos.org'...
2025-07-01T16:10:51.7218158Z copying path '/nix/store/lhpwdis5hkyljz1d200bj1s6g51ljq9k-python3-3.12.8' from 'https://cache.nixos.org'...
2025-07-01T16:10:51.7398544Z copying path '/nix/store/z9lnvmqymg80hk671fm2533ncczkf7z2-kbd-2.6.4' from 'https://cache.nixos.org'...
2025-07-01T16:10:51.7901600Z copying path '/nix/store/04shrm4bvxw1yam87da7y9k872kqn777-curl-8.12.1-dev' from 'https://cache.nixos.org'...
2025-07-01T16:10:51.9337222Z copying path '/nix/store/f95nqmgp2vaz1h68n36k605ay1ixnj0a-libbpf-1.4.7' from 'https://cache.nixos.org'...
2025-07-01T16:10:51.9339070Z copying path '/nix/store/007wiy8x5irdxzsdx3bdqx0k0a8hp6ji-shellcheck-0.10.0-bin' from 'https://cache.nixos.org'...
2025-07-01T16:10:52.0567386Z building '/nix/store/rkn5fk95kmnbxk65bxlyzqnmsmafh1f1-kind-with-registry.sh.drv'...
2025-07-01T16:10:52.3951271Z copying path '/nix/store/w9qcpyhjrxsqrps91wkz8r4mqvg9zrxc-systemd-256.10' from 'https://cache.nixos.org'...
2025-07-01T16:10:52.5167164Z copying path '/nix/store/1mv8pj4nxwnd9bbxshljc9p4cnl3rakj-binutils-wrapper-2.43.1' from 'https://cache.nixos.org'...
2025-07-01T16:10:52.5198461Z copying path '/nix/store/ch1brsi5xwxgyv23csmvw1am9l40rf1c-shellcheck-0.10.0' from 'https://cache.nixos.org'...
2025-07-01T16:10:52.5369709Z copying path '/nix/store/00x4qvjp4kcm932rv281v8n9y4xk9dv1-solc-0.8.21' from 'https://cache.nixos.org'...
2025-07-01T16:10:53.4347751Z copying path '/nix/store/99accs107rzm78z74cj1wns59d0m1nh8-perl5.40.0-libwww-perl-6.72' from 'https://cache.nixos.org'...
2025-07-01T16:10:53.5085820Z copying path '/nix/store/7s649psqfmp6bf2ij6kba3nbwjp50z0w-promtail-3.2.1' from 'https://cache.nixos.org'...
2025-07-01T16:10:54.6473056Z copying path '/nix/store/1fwh9nv8n93rjc7i7j9gcm3whdqpgy84-git-2.47.2' from 'https://cache.nixos.org'...
2025-07-01T16:10:55.5591648Z copying path '/nix/store/gnd8f9h2ycxrfrvrga508c4n9cxy6720-gcc-wrapper-13.3.0' from 'https://cache.nixos.org'...
2025-07-01T16:10:55.5647079Z copying path '/nix/store/szfi0xd0cwdaldhkp8vlgi7jfv662nmd-stdenv-linux' from 'https://cache.nixos.org'...
2025-07-01T16:10:55.6212241Z building '/nix/store/mbmxfdxryq3wr2wxm5brh42mcad1gvzy-kind-with-registry-1.0.0.drv'...
2025-07-01T16:10:55.7120189Z building '/nix/store/l2gp0i5ccps3gdgrqx8mmvfl0jx2l5p5-nix-shell-env.drv'...
2025-07-01T16:10:56.1461644Z this path will be fetched (0.10 MiB download, 0.10 MiB unpacked):
2025-07-01T16:10:56.1462601Z   /nix/store/hlv28jlwzk6kqj6vljm9cn8i7pw030nx-bash-interactive-5.2p37-man
2025-07-01T16:10:56.1471021Z copying path '/nix/store/hlv28jlwzk6kqj6vljm9cn8i7pw030nx-bash-interactive-5.2p37-man' from 'https://cache.nixos.org'...
2025-07-01T16:10:56.1966442Z dependencies installed
2025-07-01T16:10:56.2011135Z ##[group]Run /home/runner/work/_actions/ava-labs/avalanchego/092cf182dd92b66a8ab882b657d3ae52b174c913/.github/actions/run-monitored-tmpnet-cmd/notify-metrics-availability.sh
2025-07-01T16:10:56.2013184Z [36;1m/home/runner/work/_actions/ava-labs/avalanchego/092cf182dd92b66a8ab882b657d3ae52b174c913/.github/actions/run-monitored-tmpnet-cmd/notify-metrics-availability.sh[0m
2025-07-01T16:10:56.2089460Z shell: /usr/bin/bash --noprofile --norc -e -o pipefail {0}
2025-07-01T16:10:56.2089963Z env:
2025-07-01T16:10:56.2090263Z   TMPDIR: /home/runner/work/_temp
2025-07-01T16:10:56.2091918Z   GRAFANA_URL: https://grafana-poc.avax-dev.network/d/kBQpRdWnk/avalanche-main-dashboard?orgId=1&refresh=10s&var-filter=is_ephemeral_node%7C%3D%7Cfalse&var-filter=gh_repo%7C%3D%7Cava-labs%2Fsubnet-evm&var-filter=gh_run_id%7C%3D%7C16004559474&var-filter=gh_run_attempt%7C%3D%7C1
2025-07-01T16:10:56.2093537Z   GH_JOB_ID: e2e_warp
2025-07-01T16:10:56.2093998Z   FILTER_BY_OWNER: 
2025-07-01T16:10:56.2094313Z ##[endgroup]
2025-07-01T16:10:56.2217572Z grafana link for shared network logs and metrics: https://grafana-poc.avax-dev.network/d/kBQpRdWnk/avalanche-main-dashboard?orgId=1&refresh=10s&var-filter=is_ephemeral_node%7C%3D%7Cfalse&var-filter=gh_repo%7C%3D%7Cava-labs%2Fsubnet-evm&var-filter=gh_run_id%7C%3D%7C16004559474&var-filter=gh_run_attempt%7C%3D%7C1&var-filter=gh_job_id%7C%3D%7Ce2e_warp&from=1751386256000&to=1751387156000
2025-07-01T16:10:56.2246974Z ##[group]Run AVALANCHEGO_BUILD_PATH=/tmp/e2e-test/avalanchego /home/runner/work/_actions/ava-labs/avalanchego/092cf182dd92b66a8ab882b657d3ae52b174c913/.github/actions/run-monitored-tmpnet-cmd/nix-develop.sh --impure --command bash -x ./scripts/run_task.sh test-e2e-warp-ci
2025-07-01T16:10:56.2248804Z [36;1mAVALANCHEGO_BUILD_PATH=/tmp/e2e-test/avalanchego /home/runner/work/_actions/ava-labs/avalanchego/092cf182dd92b66a8ab882b657d3ae52b174c913/.github/actions/run-monitored-tmpnet-cmd/nix-develop.sh --impure --command bash -x ./scripts/run_task.sh test-e2e-warp-ci[0m
2025-07-01T16:10:56.2308549Z shell: /usr/bin/bash --noprofile --norc -e -o pipefail {0}
2025-07-01T16:10:56.2308873Z env:
2025-07-01T16:10:56.2309068Z   TMPDIR: /home/runner/work/_temp
2025-07-01T16:10:56.2309321Z   TMPNET_START_METRICS_COLLECTOR: true
2025-07-01T16:10:56.2309578Z   TMPNET_START_LOGS_COLLECTOR: true
2025-07-01T16:10:56.2309825Z   TMPNET_CHECK_METRICS_COLLECTED: true
2025-07-01T16:10:56.2310078Z   TMPNET_CHECK_LOGS_COLLECTED: true
2025-07-01T16:10:56.2310394Z   LOKI_USERNAME: ***
2025-07-01T16:10:56.2310686Z   LOKI_PASSWORD: ***
2025-07-01T16:10:56.2310900Z   PROMETHEUS_USERNAME: ***
2025-07-01T16:10:56.2311245Z   PROMETHEUS_PASSWORD: ***
2025-07-01T16:10:56.2311471Z   GH_REPO: ava-labs/subnet-evm
2025-07-01T16:10:56.2311696Z   GH_WORKFLOW: Tests
2025-07-01T16:10:56.2311891Z   GH_RUN_ID: 16004559474
2025-07-01T16:10:56.2312093Z   GH_RUN_NUMBER: 2079
2025-07-01T16:10:56.2312288Z   GH_RUN_ATTEMPT: 1
2025-07-01T16:10:56.2312474Z   GH_JOB_ID: e2e_warp
2025-07-01T16:10:56.2312664Z ##[endgroup]
2025-07-01T16:10:56.2417023Z No local flake found, will attempt to use avalanchego flake
2025-07-01T16:10:56.2505746Z Starting nix shell for github:ava-labs/avalanchego?ref=v1.13.2
2025-07-01T16:10:58.7087494Z + set -euo pipefail
2025-07-01T16:10:58.7087983Z + command -v task
2025-07-01T16:10:58.7088362Z + exec task test-e2e-warp-ci
2025-07-01T16:10:58.7291118Z task: [install-avalanchego-release] ./scripts/install_avalanchego_release.sh
2025-07-01T16:10:58.7595625Z Using branch: 24d42c4a5
2025-07-01T16:10:58.8843309Z https://github.com/ava-labs/avalanchego/releases/download/v1.13.2/avalanchego-linux-amd64-v1.13.2.tar.gz found
2025-07-01T16:10:58.8845087Z downloading to /tmp/e2e-test/avalanchego-linux-amd64-v1.13.2.tar.gz
2025-07-01T16:10:58.8897067Z   % Total    % Received % Xferd  Average Speed   Time    Time     Time  Current
2025-07-01T16:10:58.8898384Z                                  Dload  Upload   Total   Spent    Left  Speed
2025-07-01T16:10:58.8898614Z 
2025-07-01T16:10:58.9540382Z   0     0    0     0    0     0      0      0 --:--:-- --:--:-- --:--:--     0
2025-07-01T16:10:58.9541247Z   0     0    0     0    0     0      0      0 --:--:-- --:--:-- --:--:--     0
2025-07-01T16:10:59.3941069Z 
2025-07-01T16:10:59.3941882Z 100 36.2M  100 36.2M    0     0  71.7M      0 --:--:-- --:--:-- --:--:-- 71.7M
2025-07-01T16:10:59.4040754Z avalanchego-v1.13.2/avalanchego
2025-07-01T16:11:00.0159745Z Installed AvalancheGo release v1.13.2
2025-07-01T16:11:00.0161061Z AvalancheGo Path: /tmp/e2e-test/avalanchego/avalanchego
2025-07-01T16:11:00.0161785Z Plugin Dir: /home/runner/.avalanchego/plugins
2025-07-01T16:11:00.0190627Z task: [build] ./scripts/build.sh
2025-07-01T16:11:00.0509777Z Using branch: 24d42c4a5
2025-07-01T16:11:00.0511940Z Building Subnet EVM @ GitCommit: 24d42c4a5aa0c26b2727d8d8210c4ae7db4855fd at /home/runner/.avalanchego/plugins/srEXiWaHuhNyGwPUi444Tu47ZEDwxTWrbQiuD7FmgSAQ6X7Dy
2025-07-01T16:11:00.0571592Z go: downloading github.com/ava-labs/avalanchego v1.13.2
2025-07-01T16:11:00.5061439Z go: downloading github.com/spf13/viper v1.12.0
2025-07-01T16:11:00.5103154Z go: downloading github.com/ava-labs/libevm v1.13.14-0.3.0.rc.1
2025-07-01T16:11:01.4726809Z go: downloading github.com/gorilla/rpc v1.2.0
2025-07-01T16:11:01.4733095Z go: downloading github.com/holiman/uint256 v1.2.4
2025-07-01T16:11:01.4738380Z go: downloading github.com/prometheus/client_golang v1.16.0
2025-07-01T16:11:01.4743080Z go: downloading golang.org/x/exp v0.0.0-20241215155358-4a5509556b9e
2025-07-01T16:11:01.4909666Z go: downloading go.uber.org/zap v1.26.0
2025-07-01T16:11:01.5503758Z go: downloading golang.org/x/term v0.30.0
2025-07-01T16:11:01.5505140Z go: downloading gopkg.in/natefinch/lumberjack.v2 v2.0.0
2025-07-01T16:11:01.5634774Z go: downloading github.com/grpc-ecosystem/go-grpc-prometheus v1.2.0
2025-07-01T16:11:01.5635881Z go: downloading github.com/prometheus/client_model v0.3.0
2025-07-01T16:11:01.5721421Z go: downloading google.golang.org/grpc v1.66.0
2025-07-01T16:11:01.5860742Z go: downloading google.golang.org/protobuf v1.35.2
2025-07-01T16:11:01.8045916Z go: downloading go.opentelemetry.io/otel v1.22.0
2025-07-01T16:11:01.8544973Z go: downloading go.opentelemetry.io/otel/trace v1.22.0
2025-07-01T16:11:01.8545854Z go: downloading github.com/prometheus/common v0.42.0
2025-07-01T16:11:01.8546840Z go: downloading github.com/cockroachdb/pebble v0.0.0-20230928194634-aa077af62593
2025-07-01T16:11:01.9020581Z go: downloading github.com/StephenButtolph/canoto v0.15.0
2025-07-01T16:11:01.9327364Z go: downloading github.com/google/renameio/v2 v2.0.0
2025-07-01T16:11:01.9328620Z go: downloading golang.org/x/sync v0.12.0
2025-07-01T16:11:01.9373476Z go: downloading github.com/fsnotify/fsnotify v1.6.0
2025-07-01T16:11:01.9483174Z go: downloading github.com/mitchellh/mapstructure v1.5.0
2025-07-01T16:11:01.9493807Z go: downloading github.com/spf13/afero v1.8.2
2025-07-01T16:11:01.9543127Z go: downloading github.com/spf13/cast v1.5.0
2025-07-01T16:11:01.9604819Z go: downloading github.com/spf13/jwalterweatherman v1.1.0
2025-07-01T16:11:01.9629514Z go: downloading golang.org/x/crypto v0.36.0
2025-07-01T16:11:01.9717847Z go: downloading github.com/gofrs/flock v0.8.1
2025-07-01T16:11:01.9724910Z go: downloading github.com/golang/snappy v0.0.5-0.20220116011046-fa5810519dcb
2025-07-01T16:11:01.9850689Z go: downloading github.com/olekukonko/tablewriter v0.0.5
2025-07-01T16:11:01.9906037Z go: downloading github.com/shirou/gopsutil v3.21.11+incompatible
2025-07-01T16:11:01.9984360Z go: downloading golang.org/x/sys v0.31.0
2025-07-01T16:11:02.0494594Z go: downloading github.com/dop251/goja v0.0.0-20230806174421-c933cf95e127
2025-07-01T16:11:02.1319092Z go: downloading github.com/gballet/go-verkle v0.1.1-0.20231031103413-a67434b50f46
2025-07-01T16:11:02.1697391Z go: downloading github.com/stretchr/testify v1.10.0
2025-07-01T16:11:02.2312528Z go: downloading github.com/holiman/bloomfilter/v2 v2.0.3
2025-07-01T16:11:02.2554996Z go: downloading go.uber.org/mock v0.5.0
2025-07-01T16:11:02.2581493Z go: downloading github.com/deckarep/golang-set/v2 v2.1.0
2025-07-01T16:11:02.2788020Z go: downloading github.com/gorilla/websocket v1.5.0
2025-07-01T16:11:02.3038773Z go: downloading golang.org/x/time v0.3.0
2025-07-01T16:11:02.3140700Z go: downloading github.com/beorn7/perks v1.0.1
2025-07-01T16:11:02.3141746Z go: downloading github.com/cespare/xxhash/v2 v2.3.0
2025-07-01T16:11:02.3255494Z go: downloading github.com/prometheus/procfs v0.10.1
2025-07-01T16:11:02.3300931Z go: downloading go.uber.org/multierr v1.11.0
2025-07-01T16:11:02.3305954Z go: downloading github.com/supranational/blst v0.3.14
2025-07-01T16:11:02.3441023Z go: downloading google.golang.org/genproto/googleapis/rpc v0.0.0-20240827150818-7e3bb234dfed
2025-07-01T16:11:02.3580408Z go: downloading github.com/golang/protobuf v1.5.4
2025-07-01T16:11:02.4031479Z go: downloading golang.org/x/net v0.38.0
2025-07-01T16:11:02.4039833Z go: downloading go.opentelemetry.io/otel/exporters/otlp/otlptrace v1.22.0
2025-07-01T16:11:02.4043507Z go: downloading go.opentelemetry.io/otel/exporters/otlp/otlptrace/otlptracegrpc v1.22.0
2025-07-01T16:11:02.4158060Z go: downloading go.opentelemetry.io/otel/exporters/otlp/otlptrace/otlptracehttp v1.22.0
2025-07-01T16:11:02.4202796Z go: downloading go.opentelemetry.io/otel/sdk v1.22.0
2025-07-01T16:11:02.4586864Z go: downloading github.com/syndtr/goleveldb v1.0.1-0.20220614013038-64ee5596c38a
2025-07-01T16:11:02.4919914Z go: downloading github.com/matttproud/golang_protobuf_extensions v1.0.4
2025-07-01T16:11:02.4927523Z go: downloading github.com/mr-tron/base58 v1.2.0
2025-07-01T16:11:02.5031714Z go: downloading gonum.org/v1/gonum v0.11.0
2025-07-01T16:11:02.5048030Z go: downloading github.com/DataDog/zstd v1.5.2
2025-07-01T16:11:02.5953600Z go: downloading github.com/subosito/gotenv v1.3.0
2025-07-01T16:11:02.6025807Z go: downloading github.com/hashicorp/hcl v1.0.0
2025-07-01T16:11:02.6360060Z go: downloading gopkg.in/ini.v1 v1.67.0
2025-07-01T16:11:02.6517648Z go: downloading github.com/magiconair/properties v1.8.6
2025-07-01T16:11:02.6524279Z go: downloading github.com/pelletier/go-toml/v2 v2.0.5
2025-07-01T16:11:02.6533750Z go: downloading golang.org/x/text v0.23.0
2025-07-01T16:11:02.7058629Z go: downloading github.com/pelletier/go-toml v1.9.5
2025-07-01T16:11:02.7277323Z go: downloading github.com/mattn/go-runewidth v0.0.13
2025-07-01T16:11:02.7379674Z go: downloading github.com/tklauser/go-sysconf v0.3.12
2025-07-01T16:11:02.7608775Z go: downloading github.com/crate-crypto/go-kzg-4844 v0.7.0
2025-07-01T16:11:03.0205575Z go: downloading github.com/VictoriaMetrics/fastcache v1.12.1
2025-07-01T16:11:03.0335264Z go: downloading github.com/dlclark/regexp2 v1.7.0
2025-07-01T16:11:03.2488182Z go: downloading github.com/google/pprof v0.0.0-20230207041349-798e818bf904
2025-07-01T16:11:03.4152631Z go: downloading github.com/crate-crypto/go-ipa v0.0.0-20231025140028-3c0104f4b233
2025-07-01T16:11:03.4160427Z go: downloading github.com/pmezard/go-difflib v1.0.0
2025-07-01T16:11:03.4273774Z go: downloading github.com/holiman/billy v0.0.0-20240216141850-2abb0c79d3c4
2025-07-01T16:11:03.4357174Z go: downloading github.com/hashicorp/golang-lru v0.5.5-0.20210104140557-80c98217689d
2025-07-01T16:11:03.4368284Z go: downloading github.com/tyler-smith/go-bip39 v1.1.0
2025-07-01T16:11:03.4453644Z go: downloading github.com/google/uuid v1.6.0
2025-07-01T16:11:03.4486364Z go: downloading github.com/hashicorp/go-bexpr v0.1.10
2025-07-01T16:11:03.4505697Z go: downloading github.com/mattn/go-isatty v0.0.17
2025-07-01T16:11:03.4666935Z go: downloading github.com/urfave/cli/v2 v2.25.7
2025-07-01T16:11:03.4723481Z go: downloading github.com/cockroachdb/errors v1.9.1
2025-07-01T16:11:03.5285096Z go: downloading github.com/cockroachdb/redact v1.1.3
2025-07-01T16:11:03.5290771Z go: downloading github.com/cockroachdb/tokenbucket v0.0.0-20230807174530-cc333fc44b06
2025-07-01T16:11:03.5380070Z go: downloading go.opentelemetry.io/proto/otlp v1.0.0
2025-07-01T16:11:03.5632508Z go: downloading github.com/rivo/uniseg v0.2.0
2025-07-01T16:11:03.5641190Z go: downloading github.com/tklauser/numcpus v0.6.1
2025-07-01T16:11:03.5771045Z go: downloading github.com/go-sourcemap/sourcemap v2.1.3+incompatible
2025-07-01T16:11:03.5782595Z go: downloading github.com/gballet/go-libpcsclite v0.0.0-20191108122812-4678299bea08
2025-07-01T16:11:03.5849521Z go: downloading github.com/status-im/keycard-go v0.2.0
2025-07-01T16:11:03.5896579Z go: downloading github.com/mitchellh/pointerstructure v1.2.0
2025-07-01T16:11:03.6191489Z go: downloading github.com/cockroachdb/logtags v0.0.0-20230118201751-21c54148d20b
2025-07-01T16:11:03.6244538Z go: downloading github.com/getsentry/sentry-go v0.18.0
2025-07-01T16:11:03.6351548Z go: downloading github.com/pkg/errors v0.9.1
2025-07-01T16:11:03.6375375Z go: downloading github.com/go-logr/logr v1.4.1
2025-07-01T16:11:03.6469358Z go: downloading go.opentelemetry.io/otel/metric v1.22.0
2025-07-01T16:11:03.6639080Z go: downloading github.com/cenkalti/backoff/v4 v4.2.1
2025-07-01T16:11:03.6701300Z go: downloading github.com/grpc-ecosystem/grpc-gateway/v2 v2.16.0
2025-07-01T16:11:03.6836845Z go: downloading github.com/go-logr/stdr v1.2.2
2025-07-01T16:11:03.6976119Z go: downloading github.com/consensys/gnark-crypto v0.12.1
2025-07-01T16:11:03.8272916Z go: downloading github.com/gogo/protobuf v1.3.2
2025-07-01T16:11:04.1319990Z go: downloading github.com/kr/pretty v0.3.1
2025-07-01T16:11:04.1329976Z go: downloading github.com/cpuguy83/go-md2man/v2 v2.0.4
2025-07-01T16:11:04.1455535Z go: downloading github.com/xrash/smetrics v0.0.0-20201216005158-039620a65673
2025-07-01T16:11:04.1475633Z go: downloading github.com/huin/goupnp v1.3.0
2025-07-01T16:11:04.1765527Z go: downloading github.com/jackpal/go-nat-pmp v1.0.2
2025-07-01T16:11:04.1866909Z go: downloading google.golang.org/genproto/googleapis/api v0.0.0-20240604185151-ef581f913117
2025-07-01T16:11:04.2406048Z go: downloading github.com/kr/text v0.2.0
2025-07-01T16:11:04.2498929Z go: downloading github.com/rogpeppe/go-internal v1.12.0
2025-07-01T16:11:04.3071727Z go: downloading github.com/russross/blackfriday/v2 v2.1.0
2025-07-01T16:11:04.3802803Z go: downloading github.com/bits-and-blooms/bitset v1.10.0
2025-07-01T16:11:04.3804109Z go: downloading github.com/mmcloughlin/addchain v0.4.0
2025-07-01T16:11:04.3805158Z go: downloading github.com/consensys/bavard v0.1.13
2025-07-01T16:11:04.4215731Z go: downloading rsc.io/tmplfunc v0.0.3
2025-07-01T16:12:11.0172353Z task: [test-e2e-warp] ./scripts/run_ginkgo_warp.sh
2025-07-01T16:12:11.0460175Z Using branch: 24d42c4a5
2025-07-01T16:12:11.0461037Z Running with extra args: --avalanchego-path=/tmp/e2e-test/avalanchego/avalanchego
2025-07-01T16:12:11.0561086Z go: downloading github.com/onsi/ginkgo/v2 v2.13.1
2025-07-01T16:12:11.1941394Z go: downloading github.com/go-task/slim-sprig v0.0.0-20230315185526-52ccab3ef572
2025-07-01T16:12:11.1949304Z go: downloading golang.org/x/tools v0.29.0
2025-07-01T16:13:04.0476486Z go: downloading github.com/ava-labs/coreth v0.15.2-rc.0.0.20250620163936-0058a7ec6d9d
2025-07-01T16:13:04.0477430Z go: downloading k8s.io/api v0.29.0
2025-07-01T16:13:04.0478003Z go: downloading k8s.io/apimachinery v0.29.0
2025-07-01T16:13:04.0478790Z go: downloading k8s.io/client-go v0.29.0
2025-07-01T16:13:04.0479396Z go: downloading k8s.io/utils v0.0.0-20230726121419-3b25d923346b
2025-07-01T16:13:04.0480028Z go: downloading github.com/go-cmd/cmd v1.4.1
2025-07-01T16:13:04.0480707Z go: downloading github.com/pires/go-proxyproto v0.6.2
2025-07-01T16:13:04.0481348Z go: downloading github.com/decred/dcrd/dcrec/secp256k1/v4 v4.1.0
2025-07-01T16:13:04.0481948Z go: downloading github.com/btcsuite/btcd/btcutil v1.1.3
2025-07-01T16:13:04.0482479Z go: downloading github.com/json-iterator/go v1.1.12
2025-07-01T16:13:04.0482988Z go: downloading gopkg.in/inf.v0 v0.9.1
2025-07-01T16:13:04.0483406Z go: downloading github.com/google/gofuzz v1.2.0
2025-07-01T16:13:04.0486739Z go: downloading k8s.io/klog/v2 v2.110.1
2025-07-01T16:13:04.0487490Z go: downloading github.com/google/btree v1.1.2
2025-07-01T16:13:04.0488024Z go: downloading sigs.k8s.io/yaml v1.3.0
2025-07-01T16:13:04.0488607Z go: downloading github.com/imdario/mergo v0.3.16
2025-07-01T16:13:04.0489196Z go: downloading github.com/gorilla/mux v1.8.0
2025-07-01T16:13:04.0492495Z go: downloading github.com/rs/cors v1.7.0
2025-07-01T16:13:04.0493322Z go: downloading sigs.k8s.io/structured-merge-diff/v4 v4.4.1
2025-07-01T16:13:04.0494257Z go: downloading github.com/modern-go/reflect2 v1.0.2
2025-07-01T16:13:04.0495193Z go: downloading github.com/modern-go/concurrent v0.0.0-20180306012644-bacd9c7ef1dd
2025-07-01T16:13:04.0496451Z go: downloading sigs.k8s.io/json v0.0.0-20221116044647-bc3834ca7abd
2025-07-01T16:13:04.0497244Z go: downloading github.com/google/gnostic-models v0.6.8
2025-07-01T16:13:04.0497941Z go: downloading github.com/moby/spdystream v0.2.0
2025-07-01T16:13:04.0498574Z go: downloading golang.org/x/oauth2 v0.21.0
2025-07-01T16:13:04.0499156Z go: downloading gopkg.in/yaml.v2 v2.4.0
2025-07-01T16:13:04.0499919Z go: downloading k8s.io/kube-openapi v0.0.0-20231010175941-2dd684a91f00
2025-07-01T16:13:04.0500872Z go: downloading github.com/mxk/go-flowrate v0.0.0-20140419014527-cca7078d478f
2025-07-01T16:13:04.0501860Z go: downloading github.com/munnerz/goautoneg v0.0.0-20191010083416-a7dc8b61c822
2025-07-01T16:13:04.0502684Z go: downloading github.com/go-openapi/swag v0.22.3
2025-07-01T16:13:04.0503422Z go: downloading github.com/go-openapi/jsonreference v0.20.2
2025-07-01T16:13:04.0504356Z go: downloading github.com/emicklei/go-restful/v3 v3.11.0
2025-07-01T16:13:04.0505103Z go: downloading github.com/go-openapi/jsonpointer v0.19.6
2025-07-01T16:13:04.0505808Z go: downloading github.com/mailru/easyjson v0.7.7
2025-07-01T16:13:04.0506491Z go: downloading github.com/josharian/intern v1.0.0
2025-07-01T16:13:04.0506862Z 
2025-07-01T16:13:04.1416623Z Running Suite: subnet-evm warp e2e test - /home/runner/work/subnet-evm/subnet-evm/tests/warp
2025-07-01T16:13:04.1417793Z ============================================================================================
2025-07-01T16:13:04.1418683Z Random Seed: [1m1751386332[0m
2025-07-01T16:13:04.1418971Z 
2025-07-01T16:13:04.1419304Z Will run [1m5[0m of [1m5[0m specs
2025-07-01T16:13:04.1419983Z [38;5;243m------------------------------[0m
2025-07-01T16:13:04.1420628Z [0m[1m[SynchronizedBeforeSuite] [0m
2025-07-01T16:13:04.1421757Z [38;5;243m/home/runner/work/subnet-evm/subnet-evm/tests/warp/warp_test.go:92[0m
2025-07-01T16:13:04.1423689Z   > Enter [1m[SynchronizedBeforeSuite][0m TOP-LEVEL [38;5;243m- /home/runner/work/subnet-evm/subnet-evm/tests/warp/warp_test.go:92 @ 07/01/25 16:13:04.141[0m
2025-07-01T16:13:04.1432648Z    [0;0mINFO[0;0m	writing collector config	{"cmd": "prometheus", "path": "/home/runner/.tmpnet/prometheus/prometheus.yaml"}
2025-07-01T16:13:04.1436201Z    [0;0mINFO[0;0m	starting collector	{"cmd": "prometheus", "workingDir": "/home/runner/.tmpnet/prometheus", "fullCmd": "nohup prometheus --config.file=prometheus.yaml --web.listen-address=127.0.0.1:9090 --enable-feature=agent --storage.agent.path=./data > prometheus.log 2>&1 & echo -n \"$!\" > /home/runner/.tmpnet/prometheus/run.pid", "logPath": "/home/runner/.tmpnet/prometheus/prometheus.log"}
2025-07-01T16:13:04.2443189Z    [0;0mINFO[0;0m	started collector	{"cmd": "prometheus", "pid": 20086}
2025-07-01T16:13:04.2446280Z    [0;0mINFO[0;0m	waiting for collector readiness	{"cmd": "prometheus", "url": "http://127.0.0.1:9090/-/ready", "logPath": "/home/runner/.tmpnet/prometheus/prometheus.log"}
2025-07-01T16:13:04.2449914Z    [0;0mINFO[0;0m	collector ready	{"cmd": "prometheus"}
2025-07-01T16:13:04.2451116Z    [0;0mINFO[0;0m	To stop: tmpnetctl stop-metrics-collector
2025-07-01T16:13:04.2452943Z    [0;0mINFO[0;0m	writing collector config	{"cmd": "promtail", "path": "/home/runner/.tmpnet/promtail/promtail.yaml"}
2025-07-01T16:13:04.2456864Z    [0;0mINFO[0;0m	starting collector	{"cmd": "promtail", "workingDir": "/home/runner/.tmpnet/promtail", "fullCmd": "nohup promtail -config.file=promtail.yaml > promtail.log 2>&1 & echo -n \"$!\" > /home/runner/.tmpnet/promtail/run.pid", "logPath": "/home/runner/.tmpnet/promtail/promtail.log"}
2025-07-01T16:13:04.3462267Z    [0;0mINFO[0;0m	started collector	{"cmd": "promtail", "pid": 20096}
2025-07-01T16:13:04.4465134Z    [0;0mINFO[0;0m	skipping promtail readiness check until one or more nodes have written their service discovery configuration
2025-07-01T16:13:04.4466219Z    [0;0mINFO[0;0m	To stop: tmpnetctl stop-logs-collector
2025-07-01T16:13:04.4466879Z    [0;0mINFO[0;0m	waiting for network to start	{"timeoutSeconds": 120}
2025-07-01T16:13:04.6900295Z    [0;0mINFO[0;0m	preparing configuration for new network	{"runtimeConfig": {"process":{"avalancheGoPath":"/tmp/e2e-test/avalanchego/avalanchego","pluginDir":"/home/runner/.avalanchego/plugins"}}}
2025-07-01T16:13:04.7027736Z    [0;0mINFO[0;0m	starting a single-node network with sybil protection disabled for quicker subnet creation
2025-07-01T16:13:04.7029155Z    [0;0mINFO[0;0m	starting network	{"networkDir": "/home/runner/.tmpnet/networks/20250701-161304.689902-subnet-evm-warp-e2e", "uuid": "31bf987e-361e-4586-a38d-841f5b87e718"}
2025-07-01T16:13:05.3450694Z    [0;0mINFO[0;0m	started local node	{"nodeID": "NodeID-6xnp5gKWsPFP1G37nX9WVmw7nyFrchwtr", "dataDir": "/home/runner/.tmpnet/networks/20250701-161304.689902-subnet-evm-warp-e2e/NodeID-6xnp5gKWsPFP1G37nX9WVmw7nyFrchwtr", "isEphemeral": false}
2025-07-01T16:13:05.3453308Z    [0;0mINFO[0;0m	waiting for nodes to report healthy
2025-07-01T16:13:07.3470566Z    [0;0mINFO[0;0m	node is healthy	{"nodeID": "NodeID-6xnp5gKWsPFP1G37nX9WVmw7nyFrchwtr", "uri": "http://127.0.0.1:35847"}
2025-07-01T16:13:07.3473100Z    [0;0mINFO[0;0m	started network	{"networkDir": "/home/runner/.tmpnet/networks/20250701-161304.689902-subnet-evm-warp-e2e", "uuid": "31bf987e-361e-4586-a38d-841f5b87e718"}
2025-07-01T16:13:07.3477880Z    [0;0mINFO[0;0m	metrics and logs available via grafana (collectors must be running)	{"url": "https://grafana-poc.avax-dev.network/d/kBQpRdWnk/avalanche-main-dashboard?&var-filter=network_uuid%7C%3D%7C31bf987e-361e-4586-a38d-841f5b87e718&var-filter=is_ephemeral_node%7C%3D%7Cfalse&from=1751386384702&to=now", "linkPath": "/home/runner/.tmpnet/networks/20250701-161304.689902-subnet-evm-warp-e2e/metrics.txt"}
2025-07-01T16:13:07.3480136Z    [0;0mINFO[0;0m	creating subnet	{"name": "warp-subnet-a"}
2025-07-01T16:13:07.4644720Z    [0;0mINFO[0;0m	created subnet	{"name": "warp-subnet-a", "id": "2umPeJrhDSjvHZYXoY4DY4S6f4R5wTUnjmwgiENWQTsY3yfExB"}
2025-07-01T16:13:07.4646636Z    [0;0mINFO[0;0m	wrote subnet configuration	{"name": "warp-subnet-a"}
2025-07-01T16:13:07.4647694Z    [0;0mINFO[0;0m	creating subnet	{"name": "warp-subnet-b"}
2025-07-01T16:13:08.0737623Z    [0;0mINFO[0;0m	created subnet	{"name": "warp-subnet-b", "id": "7ZghdxEoHQemyi6KnwsLJShA8BwZ7f9s5r6Qvn4uTB4nS8ArB"}
2025-07-01T16:13:08.0738975Z    [0;0mINFO[0;0m	wrote subnet configuration	{"name": "warp-subnet-b"}
2025-07-01T16:13:08.0749346Z    [0;0mINFO[0;0m	adding validators for subnet	{"name": "warp-subnet-a"}
2025-07-01T16:13:09.0846950Z    [0;0mINFO[0;0m	added validator to subnet	{"subnet": "warp-subnet-a", "nodeID": "NodeID-6xnp5gKWsPFP1G37nX9WVmw7nyFrchwtr"}
2025-07-01T16:13:10.0868348Z    [0;0mINFO[0;0m	added validator to subnet	{"subnet": "warp-subnet-a", "nodeID": "NodeID-5M5xGCAGuumuKpU6occoH8FmTwb34EhPX"}
2025-07-01T16:13:10.0870058Z    [0;0mINFO[0;0m	adding validators for subnet	{"name": "warp-subnet-b"}
2025-07-01T16:13:11.0964246Z    [0;0mINFO[0;0m	added validator to subnet	{"subnet": "warp-subnet-b", "nodeID": "NodeID-6xnp5gKWsPFP1G37nX9WVmw7nyFrchwtr"}
2025-07-01T16:13:12.0985623Z    [0;0mINFO[0;0m	added validator to subnet	{"subnet": "warp-subnet-b", "nodeID": "NodeID-5M5xGCAGuumuKpU6occoH8FmTwb34EhPX"}
2025-07-01T16:13:12.0987132Z    [0;0mINFO[0;0m	waiting for subnet validators to become active	{"subnet": "warp-subnet-a"}
2025-07-01T16:13:12.0989170Z    [0;0mINFO[0;0m	saw the expected active validators of the subnet	{"subnet": "warp-subnet-a"}
2025-07-01T16:13:12.1056843Z    [0;0mINFO[0;0m	creating chains for subnet	{"subnet": "warp-subnet-a"}
2025-07-01T16:13:13.0081043Z    [0;0mINFO[0;0m	created chain	{"chain": "8uMTjzDUHq4LEY6pGFsHRTXTBjJqPdJYD4Ckw79BRMcbvLHkD", "subnet": "warp-subnet-a", "vm": "srEXiWaHuhNyGwPUi444Tu47ZEDwxTWrbQiuD7FmgSAQ6X7Dy"}
2025-07-01T16:13:13.0083360Z    [0;0mINFO[0;0m	wrote subnet configuration	{"name": "warp-subnet-a", "id": "2umPeJrhDSjvHZYXoY4DY4S6f4R5wTUnjmwgiENWQTsY3yfExB"}
2025-07-01T16:13:13.0085091Z    [0;0mINFO[0;0m	waiting for subnet validators to become active	{"subnet": "warp-subnet-b"}
2025-07-01T16:13:13.0086748Z    [0;0mINFO[0;0m	saw the expected active validators of the subnet	{"subnet": "warp-subnet-b"}
2025-07-01T16:13:13.0154705Z    [0;0mINFO[0;0m	creating chains for subnet	{"subnet": "warp-subnet-b"}
2025-07-01T16:13:14.0182203Z    [0;0mINFO[0;0m	created chain	{"chain": "2SpjtMgu3b8s1dxEa8CfFqYF3BUU8xze1XmoEetaQbSxRji5hh", "subnet": "warp-subnet-b", "vm": "srEXiWaHuhNyGwPUi444Tu47ZEDwxTWrbQiuD7FmgSAQ6X7Dy"}
2025-07-01T16:13:14.0184680Z    [0;0mINFO[0;0m	wrote subnet configuration	{"name": "warp-subnet-b", "id": "7ZghdxEoHQemyi6KnwsLJShA8BwZ7f9s5r6Qvn4uTB4nS8ArB"}
2025-07-01T16:13:14.0186313Z    [0;0mINFO[0;0m	re-enabling sybil protection	{"nodeID": "NodeID-6xnp5gKWsPFP1G37nX9WVmw7nyFrchwtr"}
2025-07-01T16:13:14.0187708Z    [0;0mINFO[0;0m	restarting bootstrap node	{"nodeID": "NodeID-6xnp5gKWsPFP1G37nX9WVmw7nyFrchwtr"}
2025-07-01T16:13:14.6966765Z    [0;0mINFO[0;0m	started local node	{"nodeID": "NodeID-6xnp5gKWsPFP1G37nX9WVmw7nyFrchwtr", "dataDir": "/home/runner/.tmpnet/networks/20250701-161304.689902-subnet-evm-warp-e2e/NodeID-6xnp5gKWsPFP1G37nX9WVmw7nyFrchwtr", "isEphemeral": false}
2025-07-01T16:13:14.6971282Z    [0;0mINFO[0;0m	starting remaining nodes
2025-07-01T16:13:15.2993704Z    [0;0mINFO[0;0m	started local node	{"nodeID": "NodeID-5M5xGCAGuumuKpU6occoH8FmTwb34EhPX", "dataDir": "/home/runner/.tmpnet/networks/20250701-161304.689902-subnet-evm-warp-e2e/NodeID-5M5xGCAGuumuKpU6occoH8FmTwb34EhPX", "isEphemeral": false}
2025-07-01T16:13:15.2999264Z    [0;0mINFO[0;0m	waiting for nodes to report healthy
2025-07-01T16:13:17.3012002Z    [0;0mINFO[0;0m	node is healthy	{"nodeID": "NodeID-5M5xGCAGuumuKpU6occoH8FmTwb34EhPX", "uri": "http://127.0.0.1:36627"}
2025-07-01T16:13:20.7005204Z    [0;0mINFO[0;0m	node is healthy	{"nodeID": "NodeID-6xnp5gKWsPFP1G37nX9WVmw7nyFrchwtr", "uri": "http://127.0.0.1:39771"}
2025-07-01T16:13:20.7007603Z    [0;0mINFO[0;0m	started network	{"networkDir": "/home/runner/.tmpnet/networks/20250701-161304.689902-subnet-evm-warp-e2e", "uuid": "31bf987e-361e-4586-a38d-841f5b87e718"}
2025-07-01T16:13:20.7012119Z    [0;0mINFO[0;0m	metrics and logs available via grafana (collectors must be running)	{"url": "https://grafana-poc.avax-dev.network/d/kBQpRdWnk/avalanche-main-dashboard?&var-filter=network_uuid%7C%3D%7C31bf987e-361e-4586-a38d-841f5b87e718&var-filter=is_ephemeral_node%7C%3D%7Cfalse&from=1751386394696&to=now", "linkPath": "/home/runner/.tmpnet/networks/20250701-161304.689902-subnet-evm-warp-e2e/metrics.txt"}
2025-07-01T16:13:20.7014498Z    [0;0mINFO[0;0m	network started successfully
2025-07-01T16:13:20.7016104Z    [0;0mINFO[0;0m	waiting for collector readiness	{"cmd": "promtail", "url": "http://127.0.0.1:3101/ready", "logPath": "/home/runner/.tmpnet/promtail/promtail.log"}
2025-07-01T16:13:20.7017183Z    [0;0mINFO[0;0m	collector ready	{"cmd": "promtail"}
2025-07-01T16:13:20.7026757Z    [0;0mINFO[0;0m	network nodes are available	{"uris": [{"NodeID":"NodeID-5M5xGCAGuumuKpU6occoH8FmTwb34EhPX","URI":"http://127.0.0.1:36627"},{"NodeID":"NodeID-6xnp5gKWsPFP1G37nX9WVmw7nyFrchwtr","URI":"http://127.0.0.1:39771"}]}
2025-07-01T16:13:20.7029725Z   < Exit [1m[SynchronizedBeforeSuite][0m TOP-LEVEL [38;5;243m- /home/runner/work/subnet-evm/subnet-evm/tests/warp/warp_test.go:92 @ 07/01/25 16:13:20.702 (16.561s)[0m
2025-07-01T16:13:20.7032218Z   > Enter [1m[SynchronizedBeforeSuite][0m TOP-LEVEL [38;5;243m- /home/runner/work/subnet-evm/subnet-evm/tests/warp/warp_test.go:92 @ 07/01/25 16:13:20.702[0m
2025-07-01T16:13:20.7054894Z   < Exit [1m[SynchronizedBeforeSuite][0m TOP-LEVEL [38;5;243m- /home/runner/work/subnet-evm/subnet-evm/tests/warp/warp_test.go:92 @ 07/01/25 16:13:20.705 (3ms)[0m
2025-07-01T16:13:20.7056472Z [38;5;10m[SynchronizedBeforeSuite] PASSED [16.564 seconds][0m
2025-07-01T16:13:20.7057286Z [38;5;243m------------------------------[0m
2025-07-01T16:13:20.7057753Z [Warp]
2025-07-01T16:13:20.7058439Z [38;5;243m/home/runner/work/subnet-evm/subnet-evm/tests/warp/warp_test.go:160[0m
2025-07-01T16:13:20.7059063Z   [0m[1mSubnetA -> SubnetB[0m
2025-07-01T16:13:20.7060344Z   [38;5;243m/home/runner/work/subnet-evm/subnet-evm/tests/warp/warp_test.go:186[0m
2025-07-01T16:13:20.7062182Z   > Enter [1m[BeforeEach][0m TOP-LEVEL [38;5;243m- /home/runner/go/pkg/mod/github.com/ava-labs/avalanchego@v1.13.2/tests/fixture/e2e/metrics_link.go:27 @ 07/01/25 16:13:20.705[0m
2025-07-01T16:13:20.7064534Z   < Exit [1m[BeforeEach][0m TOP-LEVEL [38;5;243m- /home/runner/go/pkg/mod/github.com/ava-labs/avalanchego@v1.13.2/tests/fixture/e2e/metrics_link.go:27 @ 07/01/25 16:13:20.705 (0s)[0m
2025-07-01T16:13:20.7066806Z   > Enter [1m[It][0m SubnetA -> SubnetB [38;5;243m- /home/runner/work/subnet-evm/subnet-evm/tests/warp/warp_test.go:186 @ 07/01/25 16:13:20.705[0m
2025-07-01T16:13:27.9836335Z 
2025-07-01T16:13:27.9836859Z Combined output:
2025-07-01T16:13:27.9837135Z 
2025-07-01T16:13:27.9837147Z 
2025-07-01T16:13:27.9837156Z 
2025-07-01T16:13:27.9837327Z   IWarpMessenger
2025-07-01T16:13:27.9839368Z Sending warp message with payload 0x010203, expected unsigned message 0x000000015b3811f1a343332a3b71941f1260785e367543c8df02ec3ac65eb56f416f482e977500000025000000000001000000148db97c7cece249c2b98bdc0226cc4c2a57bf52fc00000003010203
2025-07-01T16:13:27.9841728Z     ✔ contract should be to send warp message (693ms)
2025-07-01T16:13:27.9842670Z     ✔ should be able to fetch correct blockchain ID
2025-07-01T16:13:27.9842938Z 
2025-07-01T16:13:27.9842948Z 
2025-07-01T16:13:27.9843156Z   2 passing (716ms)
2025-07-01T16:13:27.9843384Z 
2025-07-01T16:13:27.9843394Z 
2025-07-01T16:13:31.1717802Z   < Exit [1m[It][0m SubnetA -> SubnetB [38;5;243m- /home/runner/work/subnet-evm/subnet-evm/tests/warp/warp_test.go:186 @ 07/01/25 16:13:31.171 (10.466s)[0m
2025-07-01T16:13:31.1720497Z   > Enter [1m[AfterEach][0m TOP-LEVEL [38;5;243m- /home/runner/go/pkg/mod/github.com/ava-labs/avalanchego@v1.13.2/tests/fixture/e2e/metrics_link.go:33 @ 07/01/25 16:13:31.171[0m
2025-07-01T16:13:31.1732218Z    [0;0mINFO[0;0m	metrics and logs available via grafana (collectors must be running)	{"uri": "https://grafana-poc.avax-dev.network/d/kBQpRdWnk/avalanche-main-dashboard?&var-filter=network_uuid%7C%3D%7C31bf987e-361e-4586-a38d-841f5b87e718&var-filter=is_ephemeral_node%7C%3D%7Cfalse&from=1751386400705&to=1751386423171"}
2025-07-01T16:13:31.1735839Z   < Exit [1m[AfterEach][0m TOP-LEVEL [38;5;243m- /home/runner/go/pkg/mod/github.com/ava-labs/avalanchego@v1.13.2/tests/fixture/e2e/metrics_link.go:33 @ 07/01/25 16:13:31.172 (1ms)[0m
2025-07-01T16:13:31.1738202Z   > Enter [1m[DeferCleanup (Each)][0m TOP-LEVEL [38;5;243m- /home/runner/go/pkg/mod/github.com/ava-labs/avalanchego@v1.13.2/tests/fixture/e2e/ginkgo_test_context.go:96 @ 07/01/25 16:13:31.172[0m
2025-07-01T16:13:31.1740240Z   < Exit [1m[DeferCleanup (Each)][0m TOP-LEVEL [38;5;243m- /home/runner/go/pkg/mod/github.com/ava-labs/avalanchego@v1.13.2/tests/fixture/e2e/ginkgo_test_context.go:96 @ 07/01/25 16:13:31.172 (0s)[0m
2025-07-01T16:13:31.1742898Z   > Enter [1m[DeferCleanup (Each)][0m [Warp] [38;5;243m- /home/runner/go/pkg/mod/github.com/ava-labs/avalanchego@v1.13.2/tests/fixture/e2e/ginkgo_test_context.go:96 @ 07/01/25 16:13:31.172[0m
2025-07-01T16:13:31.1745750Z   < Exit [1m[DeferCleanup (Each)][0m [Warp] [38;5;243m- /home/runner/go/pkg/mod/github.com/ava-labs/avalanchego@v1.13.2/tests/fixture/e2e/ginkgo_test_context.go:96 @ 07/01/25 16:13:31.173 (0s)[0m
2025-07-01T16:13:31.1748401Z   > Enter [1m[DeferCleanup (Each)][0m [Warp] [38;5;243m- /home/runner/go/pkg/mod/github.com/ava-labs/avalanchego@v1.13.2/tests/fixture/e2e/ginkgo_test_context.go:96 @ 07/01/25 16:13:31.173[0m
2025-07-01T16:13:31.1751295Z   < Exit [1m[DeferCleanup (Each)][0m [Warp] [38;5;243m- /home/runner/go/pkg/mod/github.com/ava-labs/avalanchego@v1.13.2/tests/fixture/e2e/ginkgo_test_context.go:96 @ 07/01/25 16:13:31.173 (0s)[0m
2025-07-01T16:13:31.1754169Z   > Enter [1m[DeferCleanup (Each)][0m [Warp] [38;5;243m- /home/runner/go/pkg/mod/github.com/ava-labs/avalanchego@v1.13.2/tests/fixture/e2e/ginkgo_test_context.go:96 @ 07/01/25 16:13:31.173[0m
2025-07-01T16:13:31.1756679Z   < Exit [1m[DeferCleanup (Each)][0m [Warp] [38;5;243m- /home/runner/go/pkg/mod/github.com/ava-labs/avalanchego@v1.13.2/tests/fixture/e2e/ginkgo_test_context.go:96 @ 07/01/25 16:13:31.173 (0s)[0m
2025-07-01T16:13:31.1759579Z   > Enter [1m[DeferCleanup (Each)][0m [Warp] [38;5;243m- /home/runner/go/pkg/mod/github.com/ava-labs/avalanchego@v1.13.2/tests/fixture/e2e/ginkgo_test_context.go:96 @ 07/01/25 16:13:31.173[0m
2025-07-01T16:13:31.1762524Z   < Exit [1m[DeferCleanup (Each)][0m [Warp] [38;5;243m- /home/runner/go/pkg/mod/github.com/ava-labs/avalanchego@v1.13.2/tests/fixture/e2e/ginkgo_test_context.go:96 @ 07/01/25 16:13:31.173 (0s)[0m
2025-07-01T16:13:31.1765254Z   > Enter [1m[DeferCleanup (Each)][0m [Warp] [38;5;243m- /home/runner/go/pkg/mod/github.com/ava-labs/avalanchego@v1.13.2/tests/fixture/e2e/ginkgo_test_context.go:96 @ 07/01/25 16:13:31.173[0m
2025-07-01T16:13:31.1767966Z   < Exit [1m[DeferCleanup (Each)][0m [Warp] [38;5;243m- /home/runner/go/pkg/mod/github.com/ava-labs/avalanchego@v1.13.2/tests/fixture/e2e/ginkgo_test_context.go:96 @ 07/01/25 16:13:31.173 (0s)[0m
2025-07-01T16:13:31.1770289Z   > Enter [1m[DeferCleanup (Each)][0m [Warp] [38;5;243m- /home/runner/go/pkg/mod/github.com/ava-labs/avalanchego@v1.13.2/tests/fixture/e2e/ginkgo_test_context.go:96 @ 07/01/25 16:13:31.173[0m
2025-07-01T16:13:31.1772529Z   < Exit [1m[DeferCleanup (Each)][0m [Warp] [38;5;243m- /home/runner/go/pkg/mod/github.com/ava-labs/avalanchego@v1.13.2/tests/fixture/e2e/ginkgo_test_context.go:96 @ 07/01/25 16:13:31.173 (0s)[0m
2025-07-01T16:13:31.1775578Z   > Enter [1m[DeferCleanup (Each)][0m [Warp] [38;5;243m- /home/runner/go/pkg/mod/github.com/ava-labs/avalanchego@v1.13.2/tests/fixture/e2e/ginkgo_test_context.go:96 @ 07/01/25 16:13:31.173[0m
2025-07-01T16:13:31.1778098Z   < Exit [1m[DeferCleanup (Each)][0m [Warp] [38;5;243m- /home/runner/go/pkg/mod/github.com/ava-labs/avalanchego@v1.13.2/tests/fixture/e2e/ginkgo_test_context.go:96 @ 07/01/25 16:13:31.173 (0s)[0m
2025-07-01T16:13:31.1780182Z   > Enter [1m[DeferCleanup (Each)][0m [Warp] [38;5;243m- /home/runner/go/pkg/mod/github.com/ava-labs/avalanchego@v1.13.2/tests/fixture/e2e/ginkgo_test_context.go:96 @ 07/01/25 16:13:31.173[0m
2025-07-01T16:13:31.1782471Z   < Exit [1m[DeferCleanup (Each)][0m [Warp] [38;5;243m- /home/runner/go/pkg/mod/github.com/ava-labs/avalanchego@v1.13.2/tests/fixture/e2e/ginkgo_test_context.go:96 @ 07/01/25 16:13:31.173 (0s)[0m
2025-07-01T16:13:31.1784403Z [38;5;10m• [10.468 seconds][0m
2025-07-01T16:13:31.1785170Z [38;5;243m------------------------------[0m
2025-07-01T16:13:31.1785643Z [Warp]
2025-07-01T16:13:31.1786852Z [38;5;243m/home/runner/work/subnet-evm/subnet-evm/tests/warp/warp_test.go:160[0m
2025-07-01T16:13:31.1787798Z   [0m[1mSubnetA -> SubnetA[0m
2025-07-01T16:13:31.1788740Z   [38;5;243m/home/runner/work/subnet-evm/subnet-evm/tests/warp/warp_test.go:187[0m
2025-07-01T16:13:31.1790589Z   > Enter [1m[BeforeEach][0m TOP-LEVEL [38;5;243m- /home/runner/go/pkg/mod/github.com/ava-labs/avalanchego@v1.13.2/tests/fixture/e2e/metrics_link.go:27 @ 07/01/25 16:13:31.173[0m
2025-07-01T16:13:31.1792594Z   < Exit [1m[BeforeEach][0m TOP-LEVEL [38;5;243m- /home/runner/go/pkg/mod/github.com/ava-labs/avalanchego@v1.13.2/tests/fixture/e2e/metrics_link.go:27 @ 07/01/25 16:13:31.173 (0s)[0m
2025-07-01T16:13:31.1794010Z   > Enter [1m[It][0m SubnetA -> SubnetA [38;5;243m- /home/runner/work/subnet-evm/subnet-evm/tests/warp/warp_test.go:187 @ 07/01/25 16:13:31.173[0m
2025-07-01T16:13:43.3435383Z 
2025-07-01T16:13:43.3435899Z Combined output:
2025-07-01T16:13:43.3436174Z 
2025-07-01T16:13:43.3436185Z 
2025-07-01T16:13:43.3436224Z 
2025-07-01T16:13:43.3436412Z   IWarpMessenger
2025-07-01T16:13:43.3438605Z Sending warp message with payload 0x010203, expected unsigned message 0x000000015b3811f1a343332a3b71941f1260785e367543c8df02ec3ac65eb56f416f482e977500000025000000000001000000148db97c7cece249c2b98bdc0226cc4c2a57bf52fc00000003010203
2025-07-01T16:13:43.3440983Z     ✔ contract should be to send warp message (1197ms)
2025-07-01T16:13:43.3442320Z     ✔ should be able to fetch correct blockchain ID
2025-07-01T16:13:43.3442686Z 
2025-07-01T16:13:43.3442693Z 
2025-07-01T16:13:43.3442874Z   2 passing (1s)
2025-07-01T16:13:43.3443087Z 
2025-07-01T16:13:43.3443099Z 
2025-07-01T16:13:49.1895472Z   < Exit [1m[It][0m SubnetA -> SubnetA [38;5;243m- /home/runner/work/subnet-evm/subnet-evm/tests/warp/warp_test.go:187 @ 07/01/25 16:13:49.189 (18.016s)[0m
2025-07-01T16:13:49.1896933Z   > Enter [1m[AfterEach][0m TOP-LEVEL [38;5;243m- /home/runner/go/pkg/mod/github.com/ava-labs/avalanchego@v1.13.2/tests/fixture/e2e/metrics_link.go:33 @ 07/01/25 16:13:49.189[0m
2025-07-01T16:13:49.1909585Z    [0;0mINFO[0;0m	metrics and logs available via grafana (collectors must be running)	{"uri": "https://grafana-poc.avax-dev.network/d/kBQpRdWnk/avalanche-main-dashboard?&var-filter=network_uuid%7C%3D%7C31bf987e-361e-4586-a38d-841f5b87e718&var-filter=is_ephemeral_node%7C%3D%7Cfalse&from=1751386411173&to=1751386441189"}
2025-07-01T16:13:49.1912814Z   < Exit [1m[AfterEach][0m TOP-LEVEL [38;5;243m- /home/runner/go/pkg/mod/github.com/ava-labs/avalanchego@v1.13.2/tests/fixture/e2e/metrics_link.go:33 @ 07/01/25 16:13:49.19 (1ms)[0m
2025-07-01T16:13:49.1915595Z   > Enter [1m[DeferCleanup (Each)][0m TOP-LEVEL [38;5;243m- /home/runner/go/pkg/mod/github.com/ava-labs/avalanchego@v1.13.2/tests/fixture/e2e/ginkgo_test_context.go:96 @ 07/01/25 16:13:49.19[0m
2025-07-01T16:13:49.1917519Z   < Exit [1m[DeferCleanup (Each)][0m TOP-LEVEL [38;5;243m- /home/runner/go/pkg/mod/github.com/ava-labs/avalanchego@v1.13.2/tests/fixture/e2e/ginkgo_test_context.go:96 @ 07/01/25 16:13:49.19 (0s)[0m
2025-07-01T16:13:49.1920150Z   > Enter [1m[DeferCleanup (Each)][0m [Warp] [38;5;243m- /home/runner/go/pkg/mod/github.com/ava-labs/avalanchego@v1.13.2/tests/fixture/e2e/ginkgo_test_context.go:96 @ 07/01/25 16:13:49.19[0m
2025-07-01T16:13:49.1922839Z   < Exit [1m[DeferCleanup (Each)][0m [Warp] [38;5;243m- /home/runner/go/pkg/mod/github.com/ava-labs/avalanchego@v1.13.2/tests/fixture/e2e/ginkgo_test_context.go:96 @ 07/01/25 16:13:49.19 (0s)[0m
2025-07-01T16:13:49.1925124Z   > Enter [1m[DeferCleanup (Each)][0m [Warp] [38;5;243m- /home/runner/go/pkg/mod/github.com/ava-labs/avalanchego@v1.13.2/tests/fixture/e2e/ginkgo_test_context.go:96 @ 07/01/25 16:13:49.19[0m
2025-07-01T16:13:49.1927796Z   < Exit [1m[DeferCleanup (Each)][0m [Warp] [38;5;243m- /home/runner/go/pkg/mod/github.com/ava-labs/avalanchego@v1.13.2/tests/fixture/e2e/ginkgo_test_context.go:96 @ 07/01/25 16:13:49.19 (0s)[0m
2025-07-01T16:13:49.1930852Z   > Enter [1m[DeferCleanup (Each)][0m [Warp] [38;5;243m- /home/runner/go/pkg/mod/github.com/ava-labs/avalanchego@v1.13.2/tests/fixture/e2e/ginkgo_test_context.go:96 @ 07/01/25 16:13:49.19[0m
2025-07-01T16:13:49.1933701Z   < Exit [1m[DeferCleanup (Each)][0m [Warp] [38;5;243m- /home/runner/go/pkg/mod/github.com/ava-labs/avalanchego@v1.13.2/tests/fixture/e2e/ginkgo_test_context.go:96 @ 07/01/25 16:13:49.19 (0s)[0m
2025-07-01T16:13:49.1936644Z   > Enter [1m[DeferCleanup (Each)][0m [Warp] [38;5;243m- /home/runner/go/pkg/mod/github.com/ava-labs/avalanchego@v1.13.2/tests/fixture/e2e/ginkgo_test_context.go:96 @ 07/01/25 16:13:49.19[0m
2025-07-01T16:13:49.1939204Z   < Exit [1m[DeferCleanup (Each)][0m [Warp] [38;5;243m- /home/runner/go/pkg/mod/github.com/ava-labs/avalanchego@v1.13.2/tests/fixture/e2e/ginkgo_test_context.go:96 @ 07/01/25 16:13:49.19 (0s)[0m
2025-07-01T16:13:49.1941794Z   > Enter [1m[DeferCleanup (Each)][0m [Warp] [38;5;243m- /home/runner/go/pkg/mod/github.com/ava-labs/avalanchego@v1.13.2/tests/fixture/e2e/ginkgo_test_context.go:96 @ 07/01/25 16:13:49.19[0m
2025-07-01T16:13:49.1944404Z   < Exit [1m[DeferCleanup (Each)][0m [Warp] [38;5;243m- /home/runner/go/pkg/mod/github.com/ava-labs/avalanchego@v1.13.2/tests/fixture/e2e/ginkgo_test_context.go:96 @ 07/01/25 16:13:49.19 (0s)[0m
2025-07-01T16:13:49.1946907Z   > Enter [1m[DeferCleanup (Each)][0m [Warp] [38;5;243m- /home/runner/go/pkg/mod/github.com/ava-labs/avalanchego@v1.13.2/tests/fixture/e2e/ginkgo_test_context.go:96 @ 07/01/25 16:13:49.19[0m
2025-07-01T16:13:49.1949827Z   < Exit [1m[DeferCleanup (Each)][0m [Warp] [38;5;243m- /home/runner/go/pkg/mod/github.com/ava-labs/avalanchego@v1.13.2/tests/fixture/e2e/ginkgo_test_context.go:96 @ 07/01/25 16:13:49.19 (0s)[0m
2025-07-01T16:13:49.1952278Z   > Enter [1m[DeferCleanup (Each)][0m [Warp] [38;5;243m- /home/runner/go/pkg/mod/github.com/ava-labs/avalanchego@v1.13.2/tests/fixture/e2e/ginkgo_test_context.go:96 @ 07/01/25 16:13:49.19[0m
2025-07-01T16:13:49.1954420Z   < Exit [1m[DeferCleanup (Each)][0m [Warp] [38;5;243m- /home/runner/go/pkg/mod/github.com/ava-labs/avalanchego@v1.13.2/tests/fixture/e2e/ginkgo_test_context.go:96 @ 07/01/25 16:13:49.19 (0s)[0m
2025-07-01T16:13:49.1956834Z   > Enter [1m[DeferCleanup (Each)][0m [Warp] [38;5;243m- /home/runner/go/pkg/mod/github.com/ava-labs/avalanchego@v1.13.2/tests/fixture/e2e/ginkgo_test_context.go:96 @ 07/01/25 16:13:49.19[0m
2025-07-01T16:13:49.1970853Z   < Exit [1m[DeferCleanup (Each)][0m [Warp] [38;5;243m- /home/runner/go/pkg/mod/github.com/ava-labs/avalanchego@v1.13.2/tests/fixture/e2e/ginkgo_test_context.go:96 @ 07/01/25 16:13:49.19 (0s)[0m
2025-07-01T16:13:49.1972441Z [38;5;10m• [18.018 seconds][0m
2025-07-01T16:13:49.1973151Z [38;5;243m------------------------------[0m
2025-07-01T16:13:49.1973550Z [Warp]
2025-07-01T16:13:49.1974568Z [38;5;243m/home/runner/work/subnet-evm/subnet-evm/tests/warp/warp_test.go:160[0m
2025-07-01T16:13:49.1975355Z   [0m[1mSubnetA -> C-Chain[0m
2025-07-01T16:13:49.1976314Z   [38;5;243m/home/runner/work/subnet-evm/subnet-evm/tests/warp/warp_test.go:188[0m
2025-07-01T16:13:49.1978271Z   > Enter [1m[BeforeEach][0m TOP-LEVEL [38;5;243m- /home/runner/go/pkg/mod/github.com/ava-labs/avalanchego@v1.13.2/tests/fixture/e2e/metrics_link.go:27 @ 07/01/25 16:13:49.191[0m
2025-07-01T16:13:49.1980804Z   < Exit [1m[BeforeEach][0m TOP-LEVEL [38;5;243m- /home/runner/go/pkg/mod/github.com/ava-labs/avalanchego@v1.13.2/tests/fixture/e2e/metrics_link.go:27 @ 07/01/25 16:13:49.191 (0s)[0m
2025-07-01T16:13:49.1983171Z   > Enter [1m[It][0m SubnetA -> C-Chain [38;5;243m- /home/runner/work/subnet-evm/subnet-evm/tests/warp/warp_test.go:188 @ 07/01/25 16:13:49.191[0m
2025-07-01T16:13:55.8342527Z 
2025-07-01T16:13:55.8343035Z Combined output:
2025-07-01T16:13:55.8343322Z 
2025-07-01T16:13:55.8343342Z 
2025-07-01T16:13:55.8343351Z 
2025-07-01T16:13:55.8343621Z   IWarpMessenger
2025-07-01T16:13:55.8346651Z Sending warp message with payload 0x010203, expected unsigned message 0x000000015b3811f1a343332a3b71941f1260785e367543c8df02ec3ac65eb56f416f482e977500000025000000000001000000148db97c7cece249c2b98bdc0226cc4c2a57bf52fc00000003010203
2025-07-01T16:13:55.8349072Z     ✔ contract should be to send warp message (692ms)
2025-07-01T16:13:55.8349822Z     ✔ should be able to fetch correct blockchain ID
2025-07-01T16:13:55.8350074Z 
2025-07-01T16:13:55.8350082Z 
2025-07-01T16:13:55.8350239Z   2 passing (721ms)
2025-07-01T16:13:55.8350466Z 
2025-07-01T16:13:55.8350472Z 
2025-07-01T16:13:59.1187455Z   < Exit [1m[It][0m SubnetA -> C-Chain [38;5;243m- /home/runner/work/subnet-evm/subnet-evm/tests/warp/warp_test.go:188 @ 07/01/25 16:13:59.118 (9.927s)[0m
2025-07-01T16:13:59.1188936Z   > Enter [1m[AfterEach][0m TOP-LEVEL [38;5;243m- /home/runner/go/pkg/mod/github.com/ava-labs/avalanchego@v1.13.2/tests/fixture/e2e/metrics_link.go:33 @ 07/01/25 16:13:59.118[0m
2025-07-01T16:13:59.1201253Z    [0;0mINFO[0;0m	metrics and logs available via grafana (collectors must be running)	{"uri": "https://grafana-poc.avax-dev.network/d/kBQpRdWnk/avalanche-main-dashboard?&var-filter=network_uuid%7C%3D%7C31bf987e-361e-4586-a38d-841f5b87e718&var-filter=is_ephemeral_node%7C%3D%7Cfalse&from=1751386429191&to=1751386451118"}
2025-07-01T16:13:59.1204943Z   < Exit [1m[AfterEach][0m TOP-LEVEL [38;5;243m- /home/runner/go/pkg/mod/github.com/ava-labs/avalanchego@v1.13.2/tests/fixture/e2e/metrics_link.go:33 @ 07/01/25 16:13:59.119 (1ms)[0m
2025-07-01T16:13:59.1208034Z   > Enter [1m[DeferCleanup (Each)][0m TOP-LEVEL [38;5;243m- /home/runner/go/pkg/mod/github.com/ava-labs/avalanchego@v1.13.2/tests/fixture/e2e/ginkgo_test_context.go:96 @ 07/01/25 16:13:59.119[0m
2025-07-01T16:13:59.1210788Z   < Exit [1m[DeferCleanup (Each)][0m TOP-LEVEL [38;5;243m- /home/runner/go/pkg/mod/github.com/ava-labs/avalanchego@v1.13.2/tests/fixture/e2e/ginkgo_test_context.go:96 @ 07/01/25 16:13:59.119 (0s)[0m
2025-07-01T16:13:59.1213438Z   > Enter [1m[DeferCleanup (Each)][0m [Warp] [38;5;243m- /home/runner/go/pkg/mod/github.com/ava-labs/avalanchego@v1.13.2/tests/fixture/e2e/ginkgo_test_context.go:96 @ 07/01/25 16:13:59.119[0m
2025-07-01T16:13:59.1216142Z   < Exit [1m[DeferCleanup (Each)][0m [Warp] [38;5;243m- /home/runner/go/pkg/mod/github.com/ava-labs/avalanchego@v1.13.2/tests/fixture/e2e/ginkgo_test_context.go:96 @ 07/01/25 16:13:59.119 (0s)[0m
2025-07-01T16:13:59.1218586Z   > Enter [1m[DeferCleanup (Each)][0m [Warp] [38;5;243m- /home/runner/go/pkg/mod/github.com/ava-labs/avalanchego@v1.13.2/tests/fixture/e2e/ginkgo_test_context.go:96 @ 07/01/25 16:13:59.119[0m
2025-07-01T16:13:59.1221309Z   < Exit [1m[DeferCleanup (Each)][0m [Warp] [38;5;243m- /home/runner/go/pkg/mod/github.com/ava-labs/avalanchego@v1.13.2/tests/fixture/e2e/ginkgo_test_context.go:96 @ 07/01/25 16:13:59.119 (0s)[0m
2025-07-01T16:13:59.1224115Z   > Enter [1m[DeferCleanup (Each)][0m [Warp] [38;5;243m- /home/runner/go/pkg/mod/github.com/ava-labs/avalanchego@v1.13.2/tests/fixture/e2e/ginkgo_test_context.go:96 @ 07/01/25 16:13:59.119[0m
2025-07-01T16:13:59.1226523Z   < Exit [1m[DeferCleanup (Each)][0m [Warp] [38;5;243m- /home/runner/go/pkg/mod/github.com/ava-labs/avalanchego@v1.13.2/tests/fixture/e2e/ginkgo_test_context.go:96 @ 07/01/25 16:13:59.119 (0s)[0m
2025-07-01T16:13:59.1228896Z   > Enter [1m[DeferCleanup (Each)][0m [Warp] [38;5;243m- /home/runner/go/pkg/mod/github.com/ava-labs/avalanchego@v1.13.2/tests/fixture/e2e/ginkgo_test_context.go:96 @ 07/01/25 16:13:59.12[0m
2025-07-01T16:13:59.1231328Z   < Exit [1m[DeferCleanup (Each)][0m [Warp] [38;5;243m- /home/runner/go/pkg/mod/github.com/ava-labs/avalanchego@v1.13.2/tests/fixture/e2e/ginkgo_test_context.go:96 @ 07/01/25 16:13:59.12 (0s)[0m
2025-07-01T16:13:59.1233833Z   > Enter [1m[DeferCleanup (Each)][0m [Warp] [38;5;243m- /home/runner/go/pkg/mod/github.com/ava-labs/avalanchego@v1.13.2/tests/fixture/e2e/ginkgo_test_context.go:96 @ 07/01/25 16:13:59.12[0m
2025-07-01T16:13:59.1236500Z   < Exit [1m[DeferCleanup (Each)][0m [Warp] [38;5;243m- /home/runner/go/pkg/mod/github.com/ava-labs/avalanchego@v1.13.2/tests/fixture/e2e/ginkgo_test_context.go:96 @ 07/01/25 16:13:59.12 (0s)[0m
2025-07-01T16:13:59.1239354Z   > Enter [1m[DeferCleanup (Each)][0m [Warp] [38;5;243m- /home/runner/go/pkg/mod/github.com/ava-labs/avalanchego@v1.13.2/tests/fixture/e2e/ginkgo_test_context.go:96 @ 07/01/25 16:13:59.12[0m
2025-07-01T16:13:59.1241885Z   < Exit [1m[DeferCleanup (Each)][0m [Warp] [38;5;243m- /home/runner/go/pkg/mod/github.com/ava-labs/avalanchego@v1.13.2/tests/fixture/e2e/ginkgo_test_context.go:96 @ 07/01/25 16:13:59.12 (0s)[0m
2025-07-01T16:13:59.1244624Z   > Enter [1m[DeferCleanup (Each)][0m [Warp] [38;5;243m- /home/runner/go/pkg/mod/github.com/ava-labs/avalanchego@v1.13.2/tests/fixture/e2e/ginkgo_test_context.go:96 @ 07/01/25 16:13:59.12[0m
2025-07-01T16:13:59.1247237Z   < Exit [1m[DeferCleanup (Each)][0m [Warp] [38;5;243m- /home/runner/go/pkg/mod/github.com/ava-labs/avalanchego@v1.13.2/tests/fixture/e2e/ginkgo_test_context.go:96 @ 07/01/25 16:13:59.12 (0s)[0m
2025-07-01T16:13:59.1249788Z   > Enter [1m[DeferCleanup (Each)][0m [Warp] [38;5;243m- /home/runner/go/pkg/mod/github.com/ava-labs/avalanchego@v1.13.2/tests/fixture/e2e/ginkgo_test_context.go:96 @ 07/01/25 16:13:59.12[0m
2025-07-01T16:13:59.1252415Z   < Exit [1m[DeferCleanup (Each)][0m [Warp] [38;5;243m- /home/runner/go/pkg/mod/github.com/ava-labs/avalanchego@v1.13.2/tests/fixture/e2e/ginkgo_test_context.go:96 @ 07/01/25 16:13:59.12 (0s)[0m
2025-07-01T16:13:59.1254133Z [38;5;10m• [9.929 seconds][0m
2025-07-01T16:13:59.1255063Z [38;5;243m------------------------------[0m
2025-07-01T16:13:59.1255445Z [Warp]
2025-07-01T16:13:59.1256325Z [38;5;243m/home/runner/work/subnet-evm/subnet-evm/tests/warp/warp_test.go:160[0m
2025-07-01T16:13:59.1257112Z   [0m[1mC-Chain -> SubnetA[0m
2025-07-01T16:13:59.1258065Z   [38;5;243m/home/runner/work/subnet-evm/subnet-evm/tests/warp/warp_test.go:189[0m
2025-07-01T16:13:59.1259982Z   > Enter [1m[BeforeEach][0m TOP-LEVEL [38;5;243m- /home/runner/go/pkg/mod/github.com/ava-labs/avalanchego@v1.13.2/tests/fixture/e2e/metrics_link.go:27 @ 07/01/25 16:13:59.12[0m
2025-07-01T16:13:59.1262327Z   < Exit [1m[BeforeEach][0m TOP-LEVEL [38;5;243m- /home/runner/go/pkg/mod/github.com/ava-labs/avalanchego@v1.13.2/tests/fixture/e2e/metrics_link.go:27 @ 07/01/25 16:13:59.12 (0s)[0m
2025-07-01T16:13:59.1264551Z   > Enter [1m[It][0m C-Chain -> SubnetA [38;5;243m- /home/runner/work/subnet-evm/subnet-evm/tests/warp/warp_test.go:189 @ 07/01/25 16:13:59.12[0m
2025-07-01T16:14:08.8480501Z 
2025-07-01T16:14:08.8480948Z Combined output:
2025-07-01T16:14:08.8481225Z 
2025-07-01T16:14:08.8481236Z 
2025-07-01T16:14:08.8481254Z 
2025-07-01T16:14:08.8481433Z   IWarpMessenger
2025-07-01T16:14:08.8483565Z Sending warp message with payload 0x010203, expected unsigned message 0x000000015b386c469cfe3c633dc8f94d04d095a3d87eb581def72f224db4274c93172bc0d2ca00000025000000000001000000148db97c7cece249c2b98bdc0226cc4c2a57bf52fc00000003010203
2025-07-01T16:14:08.8485975Z     ✔ contract should be to send warp message (697ms)
2025-07-01T16:14:08.8486775Z     ✔ should be able to fetch correct blockchain ID
2025-07-01T16:14:08.8487170Z 
2025-07-01T16:14:08.8487183Z 
2025-07-01T16:14:08.8487353Z   2 passing (722ms)
2025-07-01T16:14:08.8487560Z 
2025-07-01T16:14:08.8487572Z 
2025-07-01T16:14:12.1054822Z   < Exit [1m[It][0m C-Chain -> SubnetA [38;5;243m- /home/runner/work/subnet-evm/subnet-evm/tests/warp/warp_test.go:189 @ 07/01/25 16:14:12.105 (12.985s)[0m
2025-07-01T16:14:12.1056583Z   > Enter [1m[AfterEach][0m TOP-LEVEL [38;5;243m- /home/runner/go/pkg/mod/github.com/ava-labs/avalanchego@v1.13.2/tests/fixture/e2e/metrics_link.go:33 @ 07/01/25 16:14:12.105[0m
2025-07-01T16:14:12.1067169Z    [0;0mINFO[0;0m	metrics and logs available via grafana (collectors must be running)	{"uri": "https://grafana-poc.avax-dev.network/d/kBQpRdWnk/avalanche-main-dashboard?&var-filter=network_uuid%7C%3D%7C31bf987e-361e-4586-a38d-841f5b87e718&var-filter=is_ephemeral_node%7C%3D%7Cfalse&from=1751386439120&to=1751386464105"}
2025-07-01T16:14:12.1071026Z   < Exit [1m[AfterEach][0m TOP-LEVEL [38;5;243m- /home/runner/go/pkg/mod/github.com/ava-labs/avalanchego@v1.13.2/tests/fixture/e2e/metrics_link.go:33 @ 07/01/25 16:14:12.106 (1ms)[0m
2025-07-01T16:14:12.1073765Z   > Enter [1m[DeferCleanup (Each)][0m TOP-LEVEL [38;5;243m- /home/runner/go/pkg/mod/github.com/ava-labs/avalanchego@v1.13.2/tests/fixture/e2e/ginkgo_test_context.go:96 @ 07/01/25 16:14:12.106[0m
2025-07-01T16:14:12.1075935Z   < Exit [1m[DeferCleanup (Each)][0m TOP-LEVEL [38;5;243m- /home/runner/go/pkg/mod/github.com/ava-labs/avalanchego@v1.13.2/tests/fixture/e2e/ginkgo_test_context.go:96 @ 07/01/25 16:14:12.106 (0s)[0m
2025-07-01T16:14:12.1078479Z   > Enter [1m[DeferCleanup (Each)][0m [Warp] [38;5;243m- /home/runner/go/pkg/mod/github.com/ava-labs/avalanchego@v1.13.2/tests/fixture/e2e/ginkgo_test_context.go:96 @ 07/01/25 16:14:12.106[0m
2025-07-01T16:14:12.1080736Z   < Exit [1m[DeferCleanup (Each)][0m [Warp] [38;5;243m- /home/runner/go/pkg/mod/github.com/ava-labs/avalanchego@v1.13.2/tests/fixture/e2e/ginkgo_test_context.go:96 @ 07/01/25 16:14:12.106 (0s)[0m
2025-07-01T16:14:12.1083577Z   > Enter [1m[DeferCleanup (Each)][0m [Warp] [38;5;243m- /home/runner/go/pkg/mod/github.com/ava-labs/avalanchego@v1.13.2/tests/fixture/e2e/ginkgo_test_context.go:96 @ 07/01/25 16:14:12.106[0m
2025-07-01T16:14:12.1086492Z   < Exit [1m[DeferCleanup (Each)][0m [Warp] [38;5;243m- /home/runner/go/pkg/mod/github.com/ava-labs/avalanchego@v1.13.2/tests/fixture/e2e/ginkgo_test_context.go:96 @ 07/01/25 16:14:12.106 (0s)[0m
2025-07-01T16:14:12.1088966Z   > Enter [1m[DeferCleanup (Each)][0m [Warp] [38;5;243m- /home/runner/go/pkg/mod/github.com/ava-labs/avalanchego@v1.13.2/tests/fixture/e2e/ginkgo_test_context.go:96 @ 07/01/25 16:14:12.106[0m
2025-07-01T16:14:12.1091713Z   < Exit [1m[DeferCleanup (Each)][0m [Warp] [38;5;243m- /home/runner/go/pkg/mod/github.com/ava-labs/avalanchego@v1.13.2/tests/fixture/e2e/ginkgo_test_context.go:96 @ 07/01/25 16:14:12.106 (0s)[0m
2025-07-01T16:14:12.1094468Z   > Enter [1m[DeferCleanup (Each)][0m [Warp] [38;5;243m- /home/runner/go/pkg/mod/github.com/ava-labs/avalanchego@v1.13.2/tests/fixture/e2e/ginkgo_test_context.go:96 @ 07/01/25 16:14:12.106[0m
2025-07-01T16:14:12.1096621Z   < Exit [1m[DeferCleanup (Each)][0m [Warp] [38;5;243m- /home/runner/go/pkg/mod/github.com/ava-labs/avalanchego@v1.13.2/tests/fixture/e2e/ginkgo_test_context.go:96 @ 07/01/25 16:14:12.106 (0s)[0m
2025-07-01T16:14:12.1099065Z   > Enter [1m[DeferCleanup (Each)][0m [Warp] [38;5;243m- /home/runner/go/pkg/mod/github.com/ava-labs/avalanchego@v1.13.2/tests/fixture/e2e/ginkgo_test_context.go:96 @ 07/01/25 16:14:12.106[0m
2025-07-01T16:14:12.1101250Z   < Exit [1m[DeferCleanup (Each)][0m [Warp] [38;5;243m- /home/runner/go/pkg/mod/github.com/ava-labs/avalanchego@v1.13.2/tests/fixture/e2e/ginkgo_test_context.go:96 @ 07/01/25 16:14:12.106 (0s)[0m
2025-07-01T16:14:12.1102762Z   > Enter [1m[DeferCleanup (Each)][0m [Warp] [38;5;243m- /home/runner/go/pkg/mod/github.com/ava-labs/avalanchego@v1.13.2/tests/fixture/e2e/ginkgo_test_context.go:96 @ 07/01/25 16:14:12.106[0m
2025-07-01T16:14:12.1105048Z   < Exit [1m[DeferCleanup (Each)][0m [Warp] [38;5;243m- /home/runner/go/pkg/mod/github.com/ava-labs/avalanchego@v1.13.2/tests/fixture/e2e/ginkgo_test_context.go:96 @ 07/01/25 16:14:12.106 (0s)[0m
2025-07-01T16:14:12.1107162Z   > Enter [1m[DeferCleanup (Each)][0m [Warp] [38;5;243m- /home/runner/go/pkg/mod/github.com/ava-labs/avalanchego@v1.13.2/tests/fixture/e2e/ginkgo_test_context.go:96 @ 07/01/25 16:14:12.106[0m
2025-07-01T16:14:12.1109110Z   < Exit [1m[DeferCleanup (Each)][0m [Warp] [38;5;243m- /home/runner/go/pkg/mod/github.com/ava-labs/avalanchego@v1.13.2/tests/fixture/e2e/ginkgo_test_context.go:96 @ 07/01/25 16:14:12.106 (0s)[0m
2025-07-01T16:14:12.1111067Z   > Enter [1m[DeferCleanup (Each)][0m [Warp] [38;5;243m- /home/runner/go/pkg/mod/github.com/ava-labs/avalanchego@v1.13.2/tests/fixture/e2e/ginkgo_test_context.go:96 @ 07/01/25 16:14:12.106[0m
2025-07-01T16:14:12.1112791Z   < Exit [1m[DeferCleanup (Each)][0m [Warp] [38;5;243m- /home/runner/go/pkg/mod/github.com/ava-labs/avalanchego@v1.13.2/tests/fixture/e2e/ginkgo_test_context.go:96 @ 07/01/25 16:14:12.106 (0s)[0m
2025-07-01T16:14:12.1113794Z [38;5;10m• [12.986 seconds][0m
2025-07-01T16:14:12.1114457Z [38;5;243m------------------------------[0m
2025-07-01T16:14:12.1114947Z [Warp]
2025-07-01T16:14:12.1115478Z [38;5;243m/home/runner/work/subnet-evm/subnet-evm/tests/warp/warp_test.go:160[0m
2025-07-01T16:14:12.1115960Z   [0m[1mC-Chain -> C-Chain[0m
2025-07-01T16:14:12.1116613Z   [38;5;243m/home/runner/work/subnet-evm/subnet-evm/tests/warp/warp_test.go:190[0m
2025-07-01T16:14:12.1118138Z   > Enter [1m[BeforeEach][0m TOP-LEVEL [38;5;243m- /home/runner/go/pkg/mod/github.com/ava-labs/avalanchego@v1.13.2/tests/fixture/e2e/metrics_link.go:27 @ 07/01/25 16:14:12.106[0m
2025-07-01T16:14:12.1120096Z   < Exit [1m[BeforeEach][0m TOP-LEVEL [38;5;243m- /home/runner/go/pkg/mod/github.com/ava-labs/avalanchego@v1.13.2/tests/fixture/e2e/metrics_link.go:27 @ 07/01/25 16:14:12.106 (0s)[0m
2025-07-01T16:14:12.1121363Z   > Enter [1m[It][0m C-Chain -> C-Chain [38;5;243m- /home/runner/work/subnet-evm/subnet-evm/tests/warp/warp_test.go:190 @ 07/01/25 16:14:12.106[0m
2025-07-01T16:14:23.8556035Z 
2025-07-01T16:14:23.8556510Z Combined output:
2025-07-01T16:14:23.8556795Z 
2025-07-01T16:14:23.8556805Z 
2025-07-01T16:14:23.8556814Z 
2025-07-01T16:14:23.8557002Z   IWarpMessenger
2025-07-01T16:14:23.8559603Z Sending warp message with payload 0x010203, expected unsigned message 0x000000015b386c469cfe3c633dc8f94d04d095a3d87eb581def72f224db4274c93172bc0d2ca00000025000000000001000000148db97c7cece249c2b98bdc0226cc4c2a57bf52fc00000003010203
2025-07-01T16:14:23.8561777Z     ✔ contract should be to send warp message (6709ms)
2025-07-01T16:14:23.8562600Z     ✔ should be able to fetch correct blockchain ID
2025-07-01T16:14:23.8562958Z 
2025-07-01T16:14:23.8562967Z 
2025-07-01T16:14:23.8563125Z   2 passing (7s)
2025-07-01T16:14:23.8563319Z 
2025-07-01T16:14:23.8563328Z 
2025-07-01T16:14:31.0185563Z   < Exit [1m[It][0m C-Chain -> C-Chain [38;5;243m- /home/runner/work/subnet-evm/subnet-evm/tests/warp/warp_test.go:190 @ 07/01/25 16:14:31.018 (18.911s)[0m
2025-07-01T16:14:31.0188064Z   > Enter [1m[AfterEach][0m TOP-LEVEL [38;5;243m- /home/runner/go/pkg/mod/github.com/ava-labs/avalanchego@v1.13.2/tests/fixture/e2e/metrics_link.go:33 @ 07/01/25 16:14:31.018[0m
2025-07-01T16:14:31.0199601Z    [0;0mINFO[0;0m	metrics and logs available via grafana (collectors must be running)	{"uri": "https://grafana-poc.avax-dev.network/d/kBQpRdWnk/avalanche-main-dashboard?&var-filter=network_uuid%7C%3D%7C31bf987e-361e-4586-a38d-841f5b87e718&var-filter=is_ephemeral_node%7C%3D%7Cfalse&from=1751386452106&to=1751386483018"}
2025-07-01T16:14:31.0203083Z   < Exit [1m[AfterEach][0m TOP-LEVEL [38;5;243m- /home/runner/go/pkg/mod/github.com/ava-labs/avalanchego@v1.13.2/tests/fixture/e2e/metrics_link.go:33 @ 07/01/25 16:14:31.019 (1ms)[0m
2025-07-01T16:14:31.0206121Z   > Enter [1m[DeferCleanup (Each)][0m TOP-LEVEL [38;5;243m- /home/runner/go/pkg/mod/github.com/ava-labs/avalanchego@v1.13.2/tests/fixture/e2e/ginkgo_test_context.go:96 @ 07/01/25 16:14:31.019[0m
2025-07-01T16:14:31.0207945Z   < Exit [1m[DeferCleanup (Each)][0m TOP-LEVEL [38;5;243m- /home/runner/go/pkg/mod/github.com/ava-labs/avalanchego@v1.13.2/tests/fixture/e2e/ginkgo_test_context.go:96 @ 07/01/25 16:14:31.019 (0s)[0m
2025-07-01T16:14:31.0209442Z   > Enter [1m[DeferCleanup (Each)][0m [Warp] [38;5;243m- /home/runner/go/pkg/mod/github.com/ava-labs/avalanchego@v1.13.2/tests/fixture/e2e/ginkgo_test_context.go:96 @ 07/01/25 16:14:31.019[0m
2025-07-01T16:14:31.0210961Z   < Exit [1m[DeferCleanup (Each)][0m [Warp] [38;5;243m- /home/runner/go/pkg/mod/github.com/ava-labs/avalanchego@v1.13.2/tests/fixture/e2e/ginkgo_test_context.go:96 @ 07/01/25 16:14:31.019 (0s)[0m
2025-07-01T16:14:31.0212571Z   > Enter [1m[DeferCleanup (Each)][0m [Warp] [38;5;243m- /home/runner/go/pkg/mod/github.com/ava-labs/avalanchego@v1.13.2/tests/fixture/e2e/ginkgo_test_context.go:96 @ 07/01/25 16:14:31.019[0m
2025-07-01T16:14:31.0214750Z   < Exit [1m[DeferCleanup (Each)][0m [Warp] [38;5;243m- /home/runner/go/pkg/mod/github.com/ava-labs/avalanchego@v1.13.2/tests/fixture/e2e/ginkgo_test_context.go:96 @ 07/01/25 16:14:31.019 (0s)[0m
2025-07-01T16:14:31.0216285Z   > Enter [1m[DeferCleanup (Each)][0m [Warp] [38;5;243m- /home/runner/go/pkg/mod/github.com/ava-labs/avalanchego@v1.13.2/tests/fixture/e2e/ginkgo_test_context.go:96 @ 07/01/25 16:14:31.019[0m
2025-07-01T16:14:31.0217772Z   < Exit [1m[DeferCleanup (Each)][0m [Warp] [38;5;243m- /home/runner/go/pkg/mod/github.com/ava-labs/avalanchego@v1.13.2/tests/fixture/e2e/ginkgo_test_context.go:96 @ 07/01/25 16:14:31.019 (0s)[0m
2025-07-01T16:14:31.0219213Z   > Enter [1m[DeferCleanup (Each)][0m [Warp] [38;5;243m- /home/runner/go/pkg/mod/github.com/ava-labs/avalanchego@v1.13.2/tests/fixture/e2e/ginkgo_test_context.go:96 @ 07/01/25 16:14:31.019[0m
2025-07-01T16:14:31.0220665Z   < Exit [1m[DeferCleanup (Each)][0m [Warp] [38;5;243m- /home/runner/go/pkg/mod/github.com/ava-labs/avalanchego@v1.13.2/tests/fixture/e2e/ginkgo_test_context.go:96 @ 07/01/25 16:14:31.019 (0s)[0m
2025-07-01T16:14:31.0222126Z   > Enter [1m[DeferCleanup (Each)][0m [Warp] [38;5;243m- /home/runner/go/pkg/mod/github.com/ava-labs/avalanchego@v1.13.2/tests/fixture/e2e/ginkgo_test_context.go:96 @ 07/01/25 16:14:31.019[0m
2025-07-01T16:14:31.0223566Z   < Exit [1m[DeferCleanup (Each)][0m [Warp] [38;5;243m- /home/runner/go/pkg/mod/github.com/ava-labs/avalanchego@v1.13.2/tests/fixture/e2e/ginkgo_test_context.go:96 @ 07/01/25 16:14:31.019 (0s)[0m
2025-07-01T16:14:31.0225316Z   > Enter [1m[DeferCleanup (Each)][0m [Warp] [38;5;243m- /home/runner/go/pkg/mod/github.com/ava-labs/avalanchego@v1.13.2/tests/fixture/e2e/ginkgo_test_context.go:96 @ 07/01/25 16:14:31.019[0m
2025-07-01T16:14:31.0226780Z   < Exit [1m[DeferCleanup (Each)][0m [Warp] [38;5;243m- /home/runner/go/pkg/mod/github.com/ava-labs/avalanchego@v1.13.2/tests/fixture/e2e/ginkgo_test_context.go:96 @ 07/01/25 16:14:31.019 (0s)[0m
2025-07-01T16:14:31.0228251Z   > Enter [1m[DeferCleanup (Each)][0m [Warp] [38;5;243m- /home/runner/go/pkg/mod/github.com/ava-labs/avalanchego@v1.13.2/tests/fixture/e2e/ginkgo_test_context.go:96 @ 07/01/25 16:14:31.019[0m
2025-07-01T16:14:31.0229702Z   < Exit [1m[DeferCleanup (Each)][0m [Warp] [38;5;243m- /home/runner/go/pkg/mod/github.com/ava-labs/avalanchego@v1.13.2/tests/fixture/e2e/ginkgo_test_context.go:96 @ 07/01/25 16:14:31.019 (0s)[0m
2025-07-01T16:14:31.0231153Z   > Enter [1m[DeferCleanup (Each)][0m [Warp] [38;5;243m- /home/runner/go/pkg/mod/github.com/ava-labs/avalanchego@v1.13.2/tests/fixture/e2e/ginkgo_test_context.go:96 @ 07/01/25 16:14:31.019[0m
2025-07-01T16:14:31.0232601Z   < Exit [1m[DeferCleanup (Each)][0m [Warp] [38;5;243m- /home/runner/go/pkg/mod/github.com/ava-labs/avalanchego@v1.13.2/tests/fixture/e2e/ginkgo_test_context.go:96 @ 07/01/25 16:14:31.019 (0s)[0m
2025-07-01T16:14:31.0233396Z [38;5;10m• [18.913 seconds][0m
2025-07-01T16:14:31.0233753Z [38;5;243m------------------------------[0m
2025-07-01T16:14:31.0234229Z [0m[1m[DeferCleanup (Suite)] [0m
2025-07-01T16:14:31.0235005Z [38;5;243m/home/runner/go/pkg/mod/github.com/ava-labs/avalanchego@v1.13.2/tests/fixture/e2e/ginkgo_test_context.go:96[0m
2025-07-01T16:14:31.0236326Z   > Enter [1m[DeferCleanup (Suite)][0m TOP-LEVEL [38;5;243m- /home/runner/go/pkg/mod/github.com/ava-labs/avalanchego@v1.13.2/tests/fixture/e2e/ginkgo_test_context.go:96 @ 07/01/25 16:14:31.02[0m
2025-07-01T16:14:31.0237840Z   < Exit [1m[DeferCleanup (Suite)][0m TOP-LEVEL [38;5;243m- /home/runner/go/pkg/mod/github.com/ava-labs/avalanchego@v1.13.2/tests/fixture/e2e/ginkgo_test_context.go:96 @ 07/01/25 16:14:31.02 (0s)[0m
2025-07-01T16:14:31.0238722Z [38;5;10m[DeferCleanup (Suite)] PASSED [0.000 seconds][0m
2025-07-01T16:14:31.0239136Z [38;5;243m------------------------------[0m
2025-07-01T16:14:31.0239480Z [0m[1m[DeferCleanup (Suite)] [0m
2025-07-01T16:14:31.0240360Z [38;5;243m/home/runner/go/pkg/mod/github.com/ava-labs/avalanchego@v1.13.2/tests/fixture/e2e/ginkgo_test_context.go:96[0m
2025-07-01T16:14:31.0241699Z   > Enter [1m[DeferCleanup (Suite)][0m TOP-LEVEL [38;5;243m- /home/runner/go/pkg/mod/github.com/ava-labs/avalanchego@v1.13.2/tests/fixture/e2e/ginkgo_test_context.go:96 @ 07/01/25 16:14:31.02[0m
2025-07-01T16:14:31.0243315Z   < Exit [1m[DeferCleanup (Suite)][0m TOP-LEVEL [38;5;243m- /home/runner/go/pkg/mod/github.com/ava-labs/avalanchego@v1.13.2/tests/fixture/e2e/ginkgo_test_context.go:96 @ 07/01/25 16:14:31.02 (0s)[0m
2025-07-01T16:14:31.0244418Z [38;5;10m[DeferCleanup (Suite)] PASSED [0.000 seconds][0m
2025-07-01T16:14:31.0244833Z [38;5;243m------------------------------[0m
2025-07-01T16:14:31.0245185Z [0m[1m[DeferCleanup (Suite)] [0m
2025-07-01T16:14:31.0245941Z [38;5;243m/home/runner/go/pkg/mod/github.com/ava-labs/avalanchego@v1.13.2/tests/fixture/e2e/ginkgo_test_context.go:96[0m
2025-07-01T16:14:31.0247269Z   > Enter [1m[DeferCleanup (Suite)][0m TOP-LEVEL [38;5;243m- /home/runner/go/pkg/mod/github.com/ava-labs/avalanchego@v1.13.2/tests/fixture/e2e/ginkgo_test_context.go:96 @ 07/01/25 16:14:31.02[0m
2025-07-01T16:14:31.0248777Z   < Exit [1m[DeferCleanup (Suite)][0m TOP-LEVEL [38;5;243m- /home/runner/go/pkg/mod/github.com/ava-labs/avalanchego@v1.13.2/tests/fixture/e2e/ginkgo_test_context.go:96 @ 07/01/25 16:14:31.02 (0s)[0m
2025-07-01T16:14:31.0249658Z [38;5;10m[DeferCleanup (Suite)] PASSED [0.000 seconds][0m
2025-07-01T16:14:31.0250233Z [38;5;243m------------------------------[0m
2025-07-01T16:14:31.0250580Z [0m[1m[DeferCleanup (Suite)] [0m
2025-07-01T16:14:31.0251316Z [38;5;243m/home/runner/go/pkg/mod/github.com/ava-labs/avalanchego@v1.13.2/tests/fixture/e2e/ginkgo_test_context.go:96[0m
2025-07-01T16:14:31.0252623Z   > Enter [1m[DeferCleanup (Suite)][0m TOP-LEVEL [38;5;243m- /home/runner/go/pkg/mod/github.com/ava-labs/avalanchego@v1.13.2/tests/fixture/e2e/ginkgo_test_context.go:96 @ 07/01/25 16:14:31.02[0m
2025-07-01T16:14:31.0254237Z   < Exit [1m[DeferCleanup (Suite)][0m TOP-LEVEL [38;5;243m- /home/runner/go/pkg/mod/github.com/ava-labs/avalanchego@v1.13.2/tests/fixture/e2e/ginkgo_test_context.go:96 @ 07/01/25 16:14:31.02 (0s)[0m
2025-07-01T16:14:31.0255115Z [38;5;10m[DeferCleanup (Suite)] PASSED [0.000 seconds][0m
2025-07-01T16:14:31.0255514Z [38;5;243m------------------------------[0m
2025-07-01T16:14:31.0255849Z [0m[1m[DeferCleanup (Suite)] [0m
2025-07-01T16:14:31.0256590Z [38;5;243m/home/runner/go/pkg/mod/github.com/ava-labs/avalanchego@v1.13.2/tests/fixture/e2e/ginkgo_test_context.go:96[0m
2025-07-01T16:14:31.0257896Z   > Enter [1m[DeferCleanup (Suite)][0m TOP-LEVEL [38;5;243m- /home/runner/go/pkg/mod/github.com/ava-labs/avalanchego@v1.13.2/tests/fixture/e2e/ginkgo_test_context.go:96 @ 07/01/25 16:14:31.02[0m
2025-07-01T16:14:31.0259385Z   < Exit [1m[DeferCleanup (Suite)][0m TOP-LEVEL [38;5;243m- /home/runner/go/pkg/mod/github.com/ava-labs/avalanchego@v1.13.2/tests/fixture/e2e/ginkgo_test_context.go:96 @ 07/01/25 16:14:31.02 (0s)[0m
2025-07-01T16:14:31.0260255Z [38;5;10m[DeferCleanup (Suite)] PASSED [0.000 seconds][0m
2025-07-01T16:14:31.0260652Z [38;5;243m------------------------------[0m
2025-07-01T16:14:31.0260994Z [0m[1m[DeferCleanup (Suite)] [0m
2025-07-01T16:14:31.0261727Z [38;5;243m/home/runner/go/pkg/mod/github.com/ava-labs/avalanchego@v1.13.2/tests/fixture/e2e/ginkgo_test_context.go:96[0m
2025-07-01T16:14:31.0263026Z   > Enter [1m[DeferCleanup (Suite)][0m TOP-LEVEL [38;5;243m- /home/runner/go/pkg/mod/github.com/ava-labs/avalanchego@v1.13.2/tests/fixture/e2e/ginkgo_test_context.go:96 @ 07/01/25 16:14:31.02[0m
2025-07-01T16:14:31.0264657Z   < Exit [1m[DeferCleanup (Suite)][0m TOP-LEVEL [38;5;243m- /home/runner/go/pkg/mod/github.com/ava-labs/avalanchego@v1.13.2/tests/fixture/e2e/ginkgo_test_context.go:96 @ 07/01/25 16:14:31.02 (0s)[0m
2025-07-01T16:14:31.0265536Z [38;5;10m[DeferCleanup (Suite)] PASSED [0.000 seconds][0m
2025-07-01T16:14:31.0265944Z [38;5;243m------------------------------[0m
2025-07-01T16:14:31.0266293Z [0m[1m[DeferCleanup (Suite)] [0m
2025-07-01T16:14:31.0267194Z [38;5;243m/home/runner/go/pkg/mod/github.com/ava-labs/avalanchego@v1.13.2/tests/fixture/e2e/ginkgo_test_context.go:96[0m
2025-07-01T16:14:31.0268535Z   > Enter [1m[DeferCleanup (Suite)][0m TOP-LEVEL [38;5;243m- /home/runner/go/pkg/mod/github.com/ava-labs/avalanchego@v1.13.2/tests/fixture/e2e/ginkgo_test_context.go:96 @ 07/01/25 16:14:31.02[0m
2025-07-01T16:14:31.0270038Z   < Exit [1m[DeferCleanup (Suite)][0m TOP-LEVEL [38;5;243m- /home/runner/go/pkg/mod/github.com/ava-labs/avalanchego@v1.13.2/tests/fixture/e2e/ginkgo_test_context.go:96 @ 07/01/25 16:14:31.02 (0s)[0m
2025-07-01T16:14:31.0270915Z [38;5;10m[DeferCleanup (Suite)] PASSED [0.000 seconds][0m
2025-07-01T16:14:31.0271319Z [38;5;243m------------------------------[0m
2025-07-01T16:14:31.0271660Z [0m[1m[DeferCleanup (Suite)] [0m
2025-07-01T16:14:31.0272393Z [38;5;243m/home/runner/go/pkg/mod/github.com/ava-labs/avalanchego@v1.13.2/tests/fixture/e2e/ginkgo_test_context.go:96[0m
2025-07-01T16:14:31.0273714Z   > Enter [1m[DeferCleanup (Suite)][0m TOP-LEVEL [38;5;243m- /home/runner/go/pkg/mod/github.com/ava-labs/avalanchego@v1.13.2/tests/fixture/e2e/ginkgo_test_context.go:96 @ 07/01/25 16:14:31.02[0m
2025-07-01T16:14:31.0275323Z   < Exit [1m[DeferCleanup (Suite)][0m TOP-LEVEL [38;5;243m- /home/runner/go/pkg/mod/github.com/ava-labs/avalanchego@v1.13.2/tests/fixture/e2e/ginkgo_test_context.go:96 @ 07/01/25 16:14:31.02 (0s)[0m
2025-07-01T16:14:31.0276342Z [38;5;10m[DeferCleanup (Suite)] PASSED [0.000 seconds][0m
2025-07-01T16:14:31.0276738Z [38;5;243m------------------------------[0m
2025-07-01T16:14:31.0277074Z [0m[1m[DeferCleanup (Suite)] [0m
2025-07-01T16:14:31.0277805Z [38;5;243m/home/runner/go/pkg/mod/github.com/ava-labs/avalanchego@v1.13.2/tests/fixture/e2e/ginkgo_test_context.go:96[0m
2025-07-01T16:14:31.0279114Z   > Enter [1m[DeferCleanup (Suite)][0m TOP-LEVEL [38;5;243m- /home/runner/go/pkg/mod/github.com/ava-labs/avalanchego@v1.13.2/tests/fixture/e2e/ginkgo_test_context.go:96 @ 07/01/25 16:14:31.02[0m
2025-07-01T16:14:31.0280156Z    [0;0mINFO[0;0m	delaying network shutdown to ensure final metrics scrape	{"delay": "12s"}
2025-07-01T16:14:43.0210108Z    [0;0mINFO[0;0m	shutting down network
2025-07-01T16:14:43.1397477Z   < Exit [1m[DeferCleanup (Suite)][0m TOP-LEVEL [38;5;243m- /home/runner/go/pkg/mod/github.com/ava-labs/avalanchego@v1.13.2/tests/fixture/e2e/ginkgo_test_context.go:96 @ 07/01/25 16:14:43.139 (12.119s)[0m
2025-07-01T16:14:43.1398941Z [38;5;10m[DeferCleanup (Suite)] PASSED [12.119 seconds][0m
2025-07-01T16:14:43.1399685Z [38;5;243m------------------------------[0m
2025-07-01T16:14:43.1400320Z [0m[1m[DeferCleanup (Suite)] [0m
2025-07-01T16:14:43.1401379Z [38;5;243m/home/runner/go/pkg/mod/github.com/ava-labs/avalanchego@v1.13.2/tests/fixture/e2e/ginkgo_test_context.go:96[0m
2025-07-01T16:14:43.1402982Z   > Enter [1m[DeferCleanup (Suite)][0m TOP-LEVEL [38;5;243m- /home/runner/go/pkg/mod/github.com/ava-labs/avalanchego@v1.13.2/tests/fixture/e2e/ginkgo_test_context.go:96 @ 07/01/25 16:14:43.139[0m
2025-07-01T16:14:43.1405562Z   < Exit [1m[DeferCleanup (Suite)][0m TOP-LEVEL [38;5;243m- /home/runner/go/pkg/mod/github.com/ava-labs/avalanchego@v1.13.2/tests/fixture/e2e/ginkgo_test_context.go:96 @ 07/01/25 16:14:43.139 (0s)[0m
2025-07-01T16:14:43.1406637Z [38;5;10m[DeferCleanup (Suite)] PASSED [0.000 seconds][0m
2025-07-01T16:14:43.1407188Z [38;5;243m------------------------------[0m
2025-07-01T16:14:43.1407573Z [0m[1m[DeferCleanup (Suite)] [0m
2025-07-01T16:14:43.1408349Z [38;5;243m/home/runner/go/pkg/mod/github.com/ava-labs/avalanchego@v1.13.2/tests/fixture/e2e/ginkgo_test_context.go:96[0m
2025-07-01T16:14:43.1410011Z   > Enter [1m[DeferCleanup (Suite)][0m TOP-LEVEL [38;5;243m- /home/runner/go/pkg/mod/github.com/ava-labs/avalanchego@v1.13.2/tests/fixture/e2e/ginkgo_test_context.go:96 @ 07/01/25 16:14:43.139[0m
2025-07-01T16:14:43.1411846Z    [0;0mINFO[0;0m	checking if logs exist	{"url": "https://loki-poc.avax-dev.network", "query": "sum(count_over_time({network_uuid=\"31bf987e-361e-4586-a38d-841f5b87e718\"}[1h]))"}
2025-07-01T16:14:43.2612869Z    [0;0mINFO[0;0m	collected count is non-zero	{"type": "logs", "count": 13372}
2025-07-01T16:14:43.2615436Z   < Exit [1m[DeferCleanup (Suite)][0m TOP-LEVEL [38;5;243m- /home/runner/go/pkg/mod/github.com/ava-labs/avalanchego@v1.13.2/tests/fixture/e2e/ginkgo_test_context.go:96 @ 07/01/25 16:14:43.261 (121ms)[0m
2025-07-01T16:14:43.2617079Z [38;5;10m[DeferCleanup (Suite)] PASSED [0.122 seconds][0m
2025-07-01T16:14:43.2617591Z [38;5;243m------------------------------[0m
2025-07-01T16:14:43.2618152Z [0m[1m[DeferCleanup (Suite)] [0m
2025-07-01T16:14:43.2619573Z [38;5;243m/home/runner/go/pkg/mod/github.com/ava-labs/avalanchego@v1.13.2/tests/fixture/e2e/ginkgo_test_context.go:96[0m
2025-07-01T16:14:43.2621965Z   > Enter [1m[DeferCleanup (Suite)][0m TOP-LEVEL [38;5;243m- /home/runner/go/pkg/mod/github.com/ava-labs/avalanchego@v1.13.2/tests/fixture/e2e/ginkgo_test_context.go:96 @ 07/01/25 16:14:43.261[0m
2025-07-01T16:14:43.2623778Z    [0;0mINFO[0;0m	checking if metrics exist	{"url": "https://prometheus-poc.avax-dev.network", "query": "count({network_uuid=\"31bf987e-361e-4586-a38d-841f5b87e718\"})"}
2025-07-01T16:14:43.3932128Z    [0;0mINFO[0;0m	collected count is non-zero	{"type": "metrics", "count": 8771}
2025-07-01T16:14:43.3935200Z   < Exit [1m[DeferCleanup (Suite)][0m TOP-LEVEL [38;5;243m- /home/runner/go/pkg/mod/github.com/ava-labs/avalanchego@v1.13.2/tests/fixture/e2e/ginkgo_test_context.go:96 @ 07/01/25 16:14:43.392 (132ms)[0m
2025-07-01T16:14:43.3937935Z [38;5;10m[DeferCleanup (Suite)] PASSED [0.132 seconds][0m
2025-07-01T16:14:43.3938738Z [38;5;243m------------------------------[0m
2025-07-01T16:14:43.3939412Z [0m[1m[DeferCleanup (Suite)] [0m
2025-07-01T16:14:43.3940916Z [38;5;243m/home/runner/go/pkg/mod/github.com/ava-labs/avalanchego@v1.13.2/tests/fixture/e2e/ginkgo_test_context.go:96[0m
2025-07-01T16:14:43.3943610Z   > Enter [1m[DeferCleanup (Suite)][0m TOP-LEVEL [38;5;243m- /home/runner/go/pkg/mod/github.com/ava-labs/avalanchego@v1.13.2/tests/fixture/e2e/ginkgo_test_context.go:96 @ 07/01/25 16:14:43.393[0m
2025-07-01T16:14:43.3946835Z   < Exit [1m[DeferCleanup (Suite)][0m TOP-LEVEL [38;5;243m- /home/runner/go/pkg/mod/github.com/ava-labs/avalanchego@v1.13.2/tests/fixture/e2e/ginkgo_test_context.go:96 @ 07/01/25 16:14:43.393 (0s)[0m
2025-07-01T16:14:43.3948576Z [38;5;10m[DeferCleanup (Suite)] PASSED [0.000 seconds][0m
2025-07-01T16:14:43.3949286Z [38;5;243m------------------------------[0m
2025-07-01T16:14:43.3949862Z [0m[1m[DeferCleanup (Suite)] [0m
2025-07-01T16:14:43.3951209Z [38;5;243m/home/runner/go/pkg/mod/github.com/ava-labs/avalanchego@v1.13.2/tests/fixture/e2e/ginkgo_test_context.go:96[0m
2025-07-01T16:14:43.3953640Z   > Enter [1m[DeferCleanup (Suite)][0m TOP-LEVEL [38;5;243m- /home/runner/go/pkg/mod/github.com/ava-labs/avalanchego@v1.13.2/tests/fixture/e2e/ginkgo_test_context.go:96 @ 07/01/25 16:14:43.393[0m
2025-07-01T16:14:43.3956344Z   < Exit [1m[DeferCleanup (Suite)][0m TOP-LEVEL [38;5;243m- /home/runner/go/pkg/mod/github.com/ava-labs/avalanchego@v1.13.2/tests/fixture/e2e/ginkgo_test_context.go:96 @ 07/01/25 16:14:43.393 (0s)[0m
2025-07-01T16:14:43.3957809Z [38;5;10m[DeferCleanup (Suite)] PASSED [0.000 seconds][0m
2025-07-01T16:14:43.3958457Z [38;5;243m------------------------------[0m
2025-07-01T16:14:43.3958750Z 
2025-07-01T16:14:43.3959138Z [38;5;10m[1mRan 5 of 5 Specs in 99.252 seconds[0m
2025-07-01T16:14:43.3960355Z [38;5;10m[1mSUCCESS![0m -- [38;5;10m[1m5 Passed[0m | [38;5;9m[1m0 Failed[0m | [38;5;11m[1m0 Pending[0m | [38;5;14m[1m0 Skipped[0m
2025-07-01T16:14:43.3961025Z PASS
2025-07-01T16:14:43.4124013Z 
2025-07-01T16:14:43.4124407Z Ginkgo ran 1 suite in 2m30.726001223s
2025-07-01T16:14:43.4124745Z Test Suite Passed
2025-07-01T16:14:43.4259529Z ##[group]Run actions/upload-artifact@v4
2025-07-01T16:14:43.4259810Z with:
2025-07-01T16:14:43.4260008Z   name: warp-tmpnet-data
2025-07-01T16:14:43.4260616Z   path: ~/.tmpnet/networks
~/.tmpnet/prometheus/prometheus.log
~/.tmpnet/promtail/promtail.log

2025-07-01T16:14:43.4261074Z   if-no-files-found: error
2025-07-01T16:14:43.4261309Z   compression-level: 6
2025-07-01T16:14:43.4261531Z   overwrite: false
2025-07-01T16:14:43.4261752Z   include-hidden-files: false
2025-07-01T16:14:43.4261988Z env:
2025-07-01T16:14:43.4262185Z   TMPDIR: /home/runner/work/_temp
2025-07-01T16:14:43.4262440Z ##[endgroup]
2025-07-01T16:14:43.6643025Z Multiple search paths detected. Calculating the least common ancestor of all paths
2025-07-01T16:14:43.6645815Z The least common ancestor is /home/runner/.tmpnet. This will be the root directory of the artifact
2025-07-01T16:14:43.6646800Z With the provided path, there will be 65 files uploaded
2025-07-01T16:14:43.6651176Z Artifact name is valid!
2025-07-01T16:14:43.6652293Z Root directory input is valid!
2025-07-01T16:14:43.9618275Z Beginning upload of artifact content to blob storage
2025-07-01T16:14:44.7481268Z Uploaded bytes 774838
2025-07-01T16:14:44.8257746Z Finished uploading artifact content to blob storage!
2025-07-01T16:14:44.8260563Z SHA256 digest of uploaded artifact zip is 6e6d958126c8410c96763bf2fca082f43e7c11bb0576b7e6d5ed162405a45b75
2025-07-01T16:14:44.8262577Z Finalizing artifact upload
2025-07-01T16:14:44.9740533Z Artifact warp-tmpnet-data.zip successfully finalized. Artifact ID 3442467435
2025-07-01T16:14:44.9741524Z Artifact warp-tmpnet-data has been successfully uploaded! Final size is 774838 bytes. Artifact ID is 3442467435
2025-07-01T16:14:44.9748891Z Artifact download URL: https://github.com/ava-labs/subnet-evm/actions/runs/16004559474/artifacts/3442467435
2025-07-01T16:14:44.9890583Z Post job cleanup.
2025-07-01T16:14:45.1550607Z Post job cleanup.
2025-07-01T16:14:45.3149251Z [command]/opt/hostedtoolcache/go/1.23.9/x64/bin/go env GOMODCACHE
2025-07-01T16:14:45.3194381Z [command]/opt/hostedtoolcache/go/1.23.9/x64/bin/go env GOCACHE
2025-07-01T16:14:45.3220475Z /home/runner/go/pkg/mod
2025-07-01T16:14:45.3251169Z /home/runner/.cache/go-build
2025-07-01T16:14:45.3271205Z Cache hit occurred on the primary key setup-go-Linux-x64-ubuntu24-go-1.23.9-8a5f6b0ec156c644c456755461212fdb4b5f31e3982b840cb9a5e30f16f98494, not saving cache.
2025-07-01T16:14:45.3390946Z Post job cleanup.
2025-07-01T16:14:45.4578122Z [command]/usr/bin/git version
2025-07-01T16:14:45.4616410Z git version 2.49.0
2025-07-01T16:14:45.4666455Z Temporarily overriding HOME='/home/runner/work/_temp/ead0316f-982b-4ce6-bdd3-42c738b42e3b' before making global git config changes
2025-07-01T16:14:45.4667950Z Adding repository directory to the temporary git global config as a safe directory
2025-07-01T16:14:45.4671475Z [command]/usr/bin/git config --global --add safe.directory /home/runner/work/subnet-evm/subnet-evm
2025-07-01T16:14:45.4707616Z [command]/usr/bin/git config --local --name-only --get-regexp core\.sshCommand
2025-07-01T16:14:45.4740516Z [command]/usr/bin/git submodule foreach --recursive sh -c "git config --local --name-only --get-regexp 'core\.sshCommand' && git config --local --unset-all 'core.sshCommand' || :"
2025-07-01T16:14:45.4969441Z [command]/usr/bin/git config --local --name-only --get-regexp http\.https\:\/\/github\.com\/\.extraheader
2025-07-01T16:14:45.4991399Z http.https://github.com/.extraheader
2025-07-01T16:14:45.5004479Z [command]/usr/bin/git config --local --unset-all http.https://github.com/.extraheader
2025-07-01T16:14:45.5036581Z [command]/usr/bin/git submodule foreach --recursive sh -c "git config --local --name-only --get-regexp 'http\.https\:\/\/github\.com\/\.extraheader' && git config --local --unset-all 'http.https://github.com/.extraheader' || :"
2025-07-01T16:14:45.5405079Z Cleaning up orphan processes
2025-07-01T16:14:45.5728590Z Terminate orphan process: pid (20086) (prometheus)
2025-07-01T16:14:45.5775361Z Terminate orphan process: pid (20096) (.promtail-wrapp)
