2025-07-01T16:09:22.0754962Z Current runner version: '2.325.0'
2025-07-01T16:09:22.0789015Z ##[group]Runner Image Provisioner
2025-07-01T16:09:22.0790256Z Hosted Compute Agent
2025-07-01T16:09:22.0791337Z Version: 20250620.352
2025-07-01T16:09:22.0792631Z Commit: f262f3aba23b10ea191b2a62bdee1ca4c3d344da
2025-07-01T16:09:22.0793717Z Build Date: 2025-06-20T19:27:17Z
2025-07-01T16:09:22.0794862Z ##[endgroup]
2025-07-01T16:09:22.0795730Z ##[group]Operating System
2025-07-01T16:09:22.0796630Z Ubuntu
2025-07-01T16:09:22.0797432Z 24.04.2
2025-07-01T16:09:22.0798169Z LTS
2025-07-01T16:09:22.0798870Z ##[endgroup]
2025-07-01T16:09:22.0799787Z ##[group]Runner Image
2025-07-01T16:09:22.0800707Z Image: ubuntu-24.04
2025-07-01T16:09:22.0801610Z Version: 20250622.1.0
2025-07-01T16:09:22.0803557Z Included Software: https://github.com/actions/runner-images/blob/ubuntu24/20250622.1/images/ubuntu/Ubuntu2404-Readme.md
2025-07-01T16:09:22.0806234Z Image Release: https://github.com/actions/runner-images/releases/tag/ubuntu24%2F20250622.1
2025-07-01T16:09:22.0808086Z ##[endgroup]
2025-07-01T16:09:22.0812897Z ##[group]GITHUB_TOKEN Permissions
2025-07-01T16:09:22.0815628Z Actions: write
2025-07-01T16:09:22.0816676Z Attestations: write
2025-07-01T16:09:22.0817557Z Checks: write
2025-07-01T16:09:22.0818419Z Contents: write
2025-07-01T16:09:22.0819262Z Deployments: write
2025-07-01T16:09:22.0820385Z Discussions: write
2025-07-01T16:09:22.0821282Z Issues: write
2025-07-01T16:09:22.0822165Z Metadata: read
2025-07-01T16:09:22.0823308Z Models: read
2025-07-01T16:09:22.0824133Z Packages: write
2025-07-01T16:09:22.0825178Z Pages: write
2025-07-01T16:09:22.0825960Z PullRequests: write
2025-07-01T16:09:22.0826829Z RepositoryProjects: write
2025-07-01T16:09:22.0827808Z SecurityEvents: write
2025-07-01T16:09:22.0828826Z Statuses: write
2025-07-01T16:09:22.0829623Z ##[endgroup]
2025-07-01T16:09:22.0832837Z Secret source: Actions
2025-07-01T16:09:22.0833921Z Prepare workflow directory
2025-07-01T16:09:22.1320985Z Prepare all required actions
2025-07-01T16:09:22.1378080Z Getting action download info
2025-07-01T16:09:22.3400790Z ##[group]Download immutable action package 'actions/checkout@v4'
2025-07-01T16:09:22.3401842Z Version: 4.2.2
2025-07-01T16:09:22.3403086Z Digest: sha256:ccb2698953eaebd21c7bf6268a94f9c26518a7e38e27e0b83c1fe1ad049819b1
2025-07-01T16:09:22.3404247Z Source commit SHA: 11bd71901bbe5b1630ceea73d27597364c9af683
2025-07-01T16:09:22.3405023Z ##[endgroup]
2025-07-01T16:09:22.4910297Z Complete job name: Image build
2025-07-01T16:09:22.5588558Z ##[group]Run actions/checkout@v4
2025-07-01T16:09:22.5589402Z with:
2025-07-01T16:09:22.5589808Z   repository: ava-labs/subnet-evm
2025-07-01T16:09:22.5590461Z   token: ***
2025-07-01T16:09:22.5590849Z   ssh-strict: true
2025-07-01T16:09:22.5591537Z   ssh-user: git
2025-07-01T16:09:22.5592169Z   persist-credentials: true
2025-07-01T16:09:22.5592940Z   clean: true
2025-07-01T16:09:22.5593349Z   sparse-checkout-cone-mode: true
2025-07-01T16:09:22.5593834Z   fetch-depth: 1
2025-07-01T16:09:22.5594218Z   fetch-tags: false
2025-07-01T16:09:22.5594641Z   show-progress: true
2025-07-01T16:09:22.5595044Z   lfs: false
2025-07-01T16:09:22.5595466Z   submodules: false
2025-07-01T16:09:22.5595876Z   set-safe-directory: true
2025-07-01T16:09:22.5596667Z ##[endgroup]
2025-07-01T16:09:22.6696449Z Syncing repository: ava-labs/subnet-evm
2025-07-01T16:09:22.6698113Z ##[group]Getting Git version info
2025-07-01T16:09:22.6698808Z Working directory is '/home/runner/work/subnet-evm/subnet-evm'
2025-07-01T16:09:22.6699886Z [command]/usr/bin/git version
2025-07-01T16:09:22.6733288Z git version 2.49.0
2025-07-01T16:09:22.6759312Z ##[endgroup]
2025-07-01T16:09:22.6775483Z Temporarily overriding HOME='/home/runner/work/_temp/6e679ef7-02eb-4c1b-86ce-560995df1c9b' before making global git config changes
2025-07-01T16:09:22.6777835Z Adding repository directory to the temporary git global config as a safe directory
2025-07-01T16:09:22.6781575Z [command]/usr/bin/git config --global --add safe.directory /home/runner/work/subnet-evm/subnet-evm
2025-07-01T16:09:22.6815382Z Deleting the contents of '/home/runner/work/subnet-evm/subnet-evm'
2025-07-01T16:09:22.6819270Z ##[group]Initializing the repository
2025-07-01T16:09:22.6824138Z [command]/usr/bin/git init /home/runner/work/subnet-evm/subnet-evm
2025-07-01T16:09:22.6875370Z hint: Using 'master' as the name for the initial branch. This default branch name
2025-07-01T16:09:22.6876679Z hint: is subject to change. To configure the initial branch name to use in all
2025-07-01T16:09:22.6877989Z hint: of your new repositories, which will suppress this warning, call:
2025-07-01T16:09:22.6878937Z hint:
2025-07-01T16:09:22.6879510Z hint: 	git config --global init.defaultBranch <name>
2025-07-01T16:09:22.6880730Z hint:
2025-07-01T16:09:22.6881785Z hint: Names commonly chosen instead of 'master' are 'main', 'trunk' and
2025-07-01T16:09:22.6883713Z hint: 'development'. The just-created branch can be renamed via this command:
2025-07-01T16:09:22.6885052Z hint:
2025-07-01T16:09:22.6885778Z hint: 	git branch -m <name>
2025-07-01T16:09:22.6887191Z Initialized empty Git repository in /home/runner/work/subnet-evm/subnet-evm/.git/
2025-07-01T16:09:22.6892486Z [command]/usr/bin/git remote add origin https://github.com/ava-labs/subnet-evm
2025-07-01T16:09:22.6923851Z ##[endgroup]
2025-07-01T16:09:22.6925036Z ##[group]Disabling automatic garbage collection
2025-07-01T16:09:22.6928669Z [command]/usr/bin/git config --local gc.auto 0
2025-07-01T16:09:22.6957264Z ##[endgroup]
2025-07-01T16:09:22.6958475Z ##[group]Setting up auth
2025-07-01T16:09:22.6964862Z [command]/usr/bin/git config --local --name-only --get-regexp core\.sshCommand
2025-07-01T16:09:22.6995388Z [command]/usr/bin/git submodule foreach --recursive sh -c "git config --local --name-only --get-regexp 'core\.sshCommand' && git config --local --unset-all 'core.sshCommand' || :"
2025-07-01T16:09:22.7248486Z [command]/usr/bin/git config --local --name-only --get-regexp http\.https\:\/\/github\.com\/\.extraheader
2025-07-01T16:09:22.7277652Z [command]/usr/bin/git submodule foreach --recursive sh -c "git config --local --name-only --get-regexp 'http\.https\:\/\/github\.com\/\.extraheader' && git config --local --unset-all 'http.https://github.com/.extraheader' || :"
2025-07-01T16:09:22.7496953Z [command]/usr/bin/git config --local http.https://github.com/.extraheader AUTHORIZATION: basic ***
2025-07-01T16:09:22.7540182Z ##[endgroup]
2025-07-01T16:09:22.7541623Z ##[group]Fetching the repository
2025-07-01T16:09:22.7551548Z [command]/usr/bin/git -c protocol.version=2 fetch --no-tags --prune --no-recurse-submodules --depth=1 origin +24d42c4a5aa0c26b2727d8d8210c4ae7db4855fd:refs/remotes/pull/1610/merge
2025-07-01T16:09:23.4914626Z From https://github.com/ava-labs/subnet-evm
2025-07-01T16:09:23.4916215Z  * [new ref]         24d42c4a5aa0c26b2727d8d8210c4ae7db4855fd -> pull/1610/merge
2025-07-01T16:09:23.4949881Z ##[endgroup]
2025-07-01T16:09:23.4951137Z ##[group]Determining the checkout info
2025-07-01T16:09:23.4952817Z ##[endgroup]
2025-07-01T16:09:23.4956775Z [command]/usr/bin/git sparse-checkout disable
2025-07-01T16:09:23.4993802Z [command]/usr/bin/git config --local --unset-all extensions.worktreeConfig
2025-07-01T16:09:23.5021638Z ##[group]Checking out the ref
2025-07-01T16:09:23.5025143Z [command]/usr/bin/git checkout --progress --force refs/remotes/pull/1610/merge
2025-07-01T16:09:23.5795241Z Note: switching to 'refs/remotes/pull/1610/merge'.
2025-07-01T16:09:23.5796916Z 
2025-07-01T16:09:23.5797956Z You are in 'detached HEAD' state. You can look around, make experimental
2025-07-01T16:09:23.5800458Z changes and commit them, and you can discard any commits you make in this
2025-07-01T16:09:23.5804062Z state without impacting any branches by switching back to a branch.
2025-07-01T16:09:23.5805971Z 
2025-07-01T16:09:23.5807259Z If you want to create a new branch to retain commits you create, you may
2025-07-01T16:09:23.5810694Z do so (now or later) by using -c with the switch command. Example:
2025-07-01T16:09:23.5812082Z 
2025-07-01T16:09:23.5812907Z   git switch -c <new-branch-name>
2025-07-01T16:09:23.5814378Z 
2025-07-01T16:09:23.5814995Z Or undo this operation with:
2025-07-01T16:09:23.5815859Z 
2025-07-01T16:09:23.5816318Z   git switch -
2025-07-01T16:09:23.5816996Z 
2025-07-01T16:09:23.5818100Z Turn off this advice by setting config variable advice.detachedHead to false
2025-07-01T16:09:23.5819722Z 
2025-07-01T16:09:23.5821345Z HEAD is now at 24d42c4 Merge 72fe798449dc295323c0bbd1689a53e43867529e into 7abb4c64d7a8a26513a93cd55d800f61e867ffe3
2025-07-01T16:09:23.5825622Z ##[endgroup]
2025-07-01T16:09:23.5848614Z [command]/usr/bin/git log -1 --format=%H
2025-07-01T16:09:23.5870504Z 24d42c4a5aa0c26b2727d8d8210c4ae7db4855fd
2025-07-01T16:09:23.6105600Z ##[group]Run sudo apt update
2025-07-01T16:09:23.6106784Z [36;1msudo apt update[0m
2025-07-01T16:09:23.6108052Z [36;1msudo apt -y install qemu-system qemu-user-static[0m
2025-07-01T16:09:23.6199897Z shell: /usr/bin/bash -e {0}
2025-07-01T16:09:23.6201070Z ##[endgroup]
2025-07-01T16:09:23.6406100Z 
2025-07-01T16:09:23.6407930Z WARNING: apt does not have a stable CLI interface. Use with caution in scripts.
2025-07-01T16:09:23.6410322Z 
2025-07-01T16:09:23.6893181Z Get:1 file:/etc/apt/apt-mirrors.txt Mirrorlist [144 B]
2025-07-01T16:09:23.7228257Z Hit:2 http://azure.archive.ubuntu.com/ubuntu noble InRelease
2025-07-01T16:09:23.7232873Z Get:6 https://packages.microsoft.com/repos/azure-cli noble InRelease [3564 B]
2025-07-01T16:09:23.7254628Z Get:3 http://azure.archive.ubuntu.com/ubuntu noble-updates InRelease [126 kB]
2025-07-01T16:09:23.7263909Z Get:7 https://packages.microsoft.com/ubuntu/24.04/prod noble InRelease [3600 B]
2025-07-01T16:09:23.7304295Z Get:4 http://azure.archive.ubuntu.com/ubuntu noble-backports InRelease [126 kB]
2025-07-01T16:09:23.7332762Z Get:5 http://azure.archive.ubuntu.com/ubuntu noble-security InRelease [126 kB]
2025-07-01T16:09:23.8306763Z Get:8 https://packages.microsoft.com/repos/azure-cli noble/main amd64 Packages [1437 B]
2025-07-01T16:09:23.8763226Z Get:9 https://packages.microsoft.com/ubuntu/24.04/prod noble/main arm64 Packages [24.7 kB]
2025-07-01T16:09:23.8830516Z Get:10 https://packages.microsoft.com/ubuntu/24.04/prod noble/main armhf Packages [8989 B]
2025-07-01T16:09:23.8865621Z Get:11 https://packages.microsoft.com/ubuntu/24.04/prod noble/main amd64 Packages [37.4 kB]
2025-07-01T16:09:23.9224070Z Get:12 http://azure.archive.ubuntu.com/ubuntu noble-updates/main amd64 Packages [1207 kB]
2025-07-01T16:09:23.9303722Z Get:13 http://azure.archive.ubuntu.com/ubuntu noble-updates/main Translation-en [250 kB]
2025-07-01T16:09:23.9335483Z Get:14 http://azure.archive.ubuntu.com/ubuntu noble-updates/main amd64 Components [161 kB]
2025-07-01T16:09:23.9360203Z Get:15 http://azure.archive.ubuntu.com/ubuntu noble-updates/universe amd64 Packages [1098 kB]
2025-07-01T16:09:23.9438621Z Get:16 http://azure.archive.ubuntu.com/ubuntu noble-updates/universe Translation-en [279 kB]
2025-07-01T16:09:23.9488016Z Get:17 http://azure.archive.ubuntu.com/ubuntu noble-updates/universe amd64 Components [376 kB]
2025-07-01T16:09:23.9551587Z Get:18 http://azure.archive.ubuntu.com/ubuntu noble-updates/restricted amd64 Packages [1367 kB]
2025-07-01T16:09:23.9705496Z Get:19 http://azure.archive.ubuntu.com/ubuntu noble-updates/restricted Translation-en [294 kB]
2025-07-01T16:09:23.9765087Z Get:20 http://azure.archive.ubuntu.com/ubuntu noble-updates/restricted amd64 Components [212 B]
2025-07-01T16:09:23.9771544Z Get:21 http://azure.archive.ubuntu.com/ubuntu noble-updates/multiverse amd64 Packages [22.1 kB]
2025-07-01T16:09:24.0210688Z Get:22 http://azure.archive.ubuntu.com/ubuntu noble-updates/multiverse Translation-en [4972 B]
2025-07-01T16:09:24.0264614Z Get:23 http://azure.archive.ubuntu.com/ubuntu noble-updates/multiverse amd64 Components [940 B]
2025-07-01T16:09:24.0273388Z Get:24 http://azure.archive.ubuntu.com/ubuntu noble-backports/main amd64 Components [7068 B]
2025-07-01T16:09:24.0276599Z Get:25 http://azure.archive.ubuntu.com/ubuntu noble-backports/universe amd64 Components [16.4 kB]
2025-07-01T16:09:24.0292600Z Get:26 http://azure.archive.ubuntu.com/ubuntu noble-backports/restricted amd64 Components [216 B]
2025-07-01T16:09:24.0306170Z Get:27 http://azure.archive.ubuntu.com/ubuntu noble-backports/multiverse amd64 Components [212 B]
2025-07-01T16:09:24.0321841Z Get:28 http://azure.archive.ubuntu.com/ubuntu noble-security/main amd64 Packages [920 kB]
2025-07-01T16:09:24.0377375Z Get:29 http://azure.archive.ubuntu.com/ubuntu noble-security/main Translation-en [169 kB]
2025-07-01T16:09:24.0410336Z Get:30 http://azure.archive.ubuntu.com/ubuntu noble-security/main amd64 Components [21.5 kB]
2025-07-01T16:09:24.0426775Z Get:31 http://azure.archive.ubuntu.com/ubuntu noble-security/universe amd64 Packages [863 kB]
2025-07-01T16:09:24.0480899Z Get:32 http://azure.archive.ubuntu.com/ubuntu noble-security/universe Translation-en [189 kB]
2025-07-01T16:09:24.0508604Z Get:33 http://azure.archive.ubuntu.com/ubuntu noble-security/universe amd64 Components [52.2 kB]
2025-07-01T16:09:24.0530116Z Get:34 http://azure.archive.ubuntu.com/ubuntu noble-security/restricted amd64 Packages [1235 kB]
2025-07-01T16:09:24.0698332Z Get:35 http://azure.archive.ubuntu.com/ubuntu noble-security/restricted Translation-en [263 kB]
2025-07-01T16:09:24.1216687Z Get:36 http://azure.archive.ubuntu.com/ubuntu noble-security/restricted amd64 Components [212 B]
2025-07-01T16:09:24.1238064Z Get:37 http://azure.archive.ubuntu.com/ubuntu noble-security/multiverse amd64 Components [212 B]
2025-07-01T16:09:30.5429652Z Fetched 9254 kB in 1s (7837 kB/s)
2025-07-01T16:09:31.2008455Z Reading package lists...
2025-07-01T16:09:31.3522267Z Building dependency tree...
2025-07-01T16:09:31.3528932Z Reading state information...
2025-07-01T16:09:31.3664586Z 45 packages can be upgraded. Run 'apt list --upgradable' to see them.
2025-07-01T16:09:31.3774625Z 
2025-07-01T16:09:31.3775169Z WARNING: apt does not have a stable CLI interface. Use with caution in scripts.
2025-07-01T16:09:31.3775698Z 
2025-07-01T16:09:31.3904743Z Reading package lists...
2025-07-01T16:09:31.5524676Z Building dependency tree...
2025-07-01T16:09:31.5536982Z Reading state information...
2025-07-01T16:09:31.7059817Z The following additional packages will be installed:
2025-07-01T16:09:31.7060899Z   cpu-checker glib-networking glib-networking-common glib-networking-services
2025-07-01T16:09:31.7061962Z   gsettings-desktop-schemas gstreamer1.0-plugins-base
2025-07-01T16:09:31.7062852Z   gstreamer1.0-plugins-good gstreamer1.0-x ipxe-qemu
2025-07-01T16:09:31.7063504Z   ipxe-qemu-256k-compat-efi-roms libaa1 libasyncns0 libavc1394-0
2025-07-01T16:09:31.7064175Z   libboost-iostreams1.83.0 libboost-thread1.83.0 libbrlapi0.8 libcaca0
2025-07-01T16:09:31.7064918Z   libcacard0 libcdparanoia0 libdaxctl1 libdecor-0-0 libdecor-0-plugin-1-gtk
2025-07-01T16:09:31.7065564Z   libdv4t64 libfdt1 libflac12t64 libgstreamer-plugins-base1.0-0
2025-07-01T16:09:31.7066180Z   libgstreamer-plugins-good1.0-0 libiec61883-0 libiscsi7 libjack-jackd2-0
2025-07-01T16:09:31.7066846Z   libmp3lame0 libmpg123-0t64 libndctl6 libnfs14 libopus0 liborc-0.4-0t64
2025-07-01T16:09:31.7067518Z   libpcsclite1 libpipewire-0.3-0t64 libpipewire-0.3-common libpmem1
2025-07-01T16:09:31.7068496Z   libpmemobj1 libproxy1v5 libpulse0 librados2 libraw1394-11 librbd1
2025-07-01T16:09:31.7069401Z   librdmacm1t64 libsamplerate0 libsdl2-2.0-0 libshout3 libsndfile1
2025-07-01T16:09:31.7070201Z   libsoup-3.0-0 libsoup-3.0-common libspa-0.2-modules libspeex1
2025-07-01T16:09:31.7071030Z   libspice-server1 libtag1v5 libtag1v5-vanilla libtheora0 libtwolame0
2025-07-01T16:09:31.7071827Z   liburing2 libusbredirparser1t64 libv4l-0t64 libv4lconvert0t64
2025-07-01T16:09:31.7072818Z   libvirglrenderer1 libvisual-0.4-0 libvorbisenc2 libvpx9 libvte-2.91-0
2025-07-01T16:09:31.7073664Z   libvte-2.91-common libwavpack1 libwebrtc-audio-processing1 libxv1 msr-tools
2025-07-01T16:09:31.7074566Z   ovmf qemu-block-extra qemu-efi-aarch64 qemu-efi-arm qemu-system-arm
2025-07-01T16:09:31.7075333Z   qemu-system-common qemu-system-data qemu-system-gui qemu-system-mips
2025-07-01T16:09:31.7076107Z   qemu-system-misc qemu-system-modules-opengl qemu-system-modules-spice
2025-07-01T16:09:31.7077460Z   qemu-system-ppc qemu-system-s390x qemu-system-sparc qemu-system-x86
2025-07-01T16:09:31.7078044Z   qemu-utils seabios session-migration
2025-07-01T16:09:31.7080515Z Suggested packages:
2025-07-01T16:09:31.7081294Z   gvfs libdv-bin oss-compat libvisual-0.4-plugins jackd2 opus-tools pcscd
2025-07-01T16:09:31.7082018Z   pipewire pulseaudio libraw1394-doc speex gstreamer1.0-libav
2025-07-01T16:09:31.7082771Z   gstreamer1.0-plugins-ugly samba vde2
2025-07-01T16:09:31.7709348Z The following NEW packages will be installed:
2025-07-01T16:09:31.7710813Z   cpu-checker glib-networking glib-networking-common glib-networking-services
2025-07-01T16:09:31.7712066Z   gsettings-desktop-schemas gstreamer1.0-plugins-base
2025-07-01T16:09:31.7712785Z   gstreamer1.0-plugins-good gstreamer1.0-x ipxe-qemu
2025-07-01T16:09:31.7713619Z   ipxe-qemu-256k-compat-efi-roms libaa1 libasyncns0 libavc1394-0
2025-07-01T16:09:31.7714511Z   libboost-iostreams1.83.0 libboost-thread1.83.0 libbrlapi0.8 libcaca0
2025-07-01T16:09:31.7715536Z   libcacard0 libcdparanoia0 libdaxctl1 libdecor-0-0 libdecor-0-plugin-1-gtk
2025-07-01T16:09:31.7716501Z   libdv4t64 libfdt1 libflac12t64 libgstreamer-plugins-base1.0-0
2025-07-01T16:09:31.7717449Z   libgstreamer-plugins-good1.0-0 libiec61883-0 libiscsi7 libjack-jackd2-0
2025-07-01T16:09:31.7718220Z   libmp3lame0 libmpg123-0t64 libndctl6 libnfs14 libopus0 liborc-0.4-0t64
2025-07-01T16:09:31.7718832Z   libpcsclite1 libpipewire-0.3-0t64 libpipewire-0.3-common libpmem1
2025-07-01T16:09:31.7719416Z   libpmemobj1 libproxy1v5 libpulse0 librados2 libraw1394-11 librbd1
2025-07-01T16:09:31.7719999Z   librdmacm1t64 libsamplerate0 libsdl2-2.0-0 libshout3 libsndfile1
2025-07-01T16:09:31.7720573Z   libsoup-3.0-0 libsoup-3.0-common libspa-0.2-modules libspeex1
2025-07-01T16:09:31.7721171Z   libspice-server1 libtag1v5 libtag1v5-vanilla libtheora0 libtwolame0
2025-07-01T16:09:31.7721708Z   liburing2 libusbredirparser1t64 libv4l-0t64 libv4lconvert0t64
2025-07-01T16:09:31.7722234Z   libvirglrenderer1 libvisual-0.4-0 libvorbisenc2 libvpx9 libvte-2.91-0
2025-07-01T16:09:31.7722927Z   libvte-2.91-common libwavpack1 libwebrtc-audio-processing1 libxv1 msr-tools
2025-07-01T16:09:31.7723471Z   ovmf qemu-block-extra qemu-efi-aarch64 qemu-efi-arm qemu-system
2025-07-01T16:09:31.7723968Z   qemu-system-arm qemu-system-common qemu-system-data qemu-system-gui
2025-07-01T16:09:31.7724456Z   qemu-system-mips qemu-system-misc qemu-system-modules-opengl
2025-07-01T16:09:31.7724925Z   qemu-system-modules-spice qemu-system-ppc qemu-system-s390x
2025-07-01T16:09:31.7725428Z   qemu-system-sparc qemu-system-x86 qemu-user-static qemu-utils seabios
2025-07-01T16:09:31.7725831Z   session-migration
2025-07-01T16:09:31.7886901Z 0 upgraded, 95 newly installed, 0 to remove and 45 not upgraded.
2025-07-01T16:09:31.8181943Z Need to get 169 MB of archives.
2025-07-01T16:09:31.8182745Z After this operation, 1217 MB of additional disk space will be used.
2025-07-01T16:09:31.8183397Z Get:1 file:/etc/apt/apt-mirrors.txt Mirrorlist [144 B]
2025-07-01T16:09:31.8519129Z Get:2 http://azure.archive.ubuntu.com/ubuntu noble/main amd64 msr-tools amd64 1.3-5build1 [9610 B]
2025-07-01T16:09:31.8670385Z Get:3 http://azure.archive.ubuntu.com/ubuntu noble/main amd64 cpu-checker amd64 0.7-1.3build2 [6148 B]
2025-07-01T16:09:31.8822692Z Get:4 http://azure.archive.ubuntu.com/ubuntu noble/main amd64 libproxy1v5 amd64 0.5.4-4build1 [26.5 kB]
2025-07-01T16:09:31.8986141Z Get:5 http://azure.archive.ubuntu.com/ubuntu noble/main amd64 glib-networking-common all 2.80.0-1build1 [6702 B]
2025-07-01T16:09:31.9143077Z Get:6 http://azure.archive.ubuntu.com/ubuntu noble/main amd64 glib-networking-services amd64 2.80.0-1build1 [12.8 kB]
2025-07-01T16:09:31.9326879Z Get:7 http://azure.archive.ubuntu.com/ubuntu noble/main amd64 session-migration amd64 0.3.9build1 [9034 B]
2025-07-01T16:09:31.9506340Z Get:8 http://azure.archive.ubuntu.com/ubuntu noble-updates/main amd64 gsettings-desktop-schemas all 46.1-0ubuntu1 [35.6 kB]
2025-07-01T16:09:31.9658599Z Get:9 http://azure.archive.ubuntu.com/ubuntu noble/main amd64 glib-networking amd64 2.80.0-1build1 [64.1 kB]
2025-07-01T16:09:31.9813055Z Get:10 http://azure.archive.ubuntu.com/ubuntu noble/main amd64 libcdparanoia0 amd64 3.10.2+debian-14build3 [48.5 kB]
2025-07-01T16:09:31.9990237Z Get:11 http://azure.archive.ubuntu.com/ubuntu noble-updates/main amd64 liborc-0.4-0t64 amd64 1:0.4.38-1ubuntu0.1 [207 kB]
2025-07-01T16:09:32.0181544Z Get:12 http://azure.archive.ubuntu.com/ubuntu noble-updates/main amd64 libgstreamer-plugins-base1.0-0 amd64 1.24.2-1ubuntu0.2 [862 kB]
2025-07-01T16:09:32.0500604Z Get:13 http://azure.archive.ubuntu.com/ubuntu noble/main amd64 libopus0 amd64 1.4-1build1 [208 kB]
2025-07-01T16:09:32.0681544Z Get:14 http://azure.archive.ubuntu.com/ubuntu noble/main amd64 libtheora0 amd64 1.1.1+dfsg.1-16.1build3 [211 kB]
2025-07-01T16:09:32.0853508Z Get:15 http://azure.archive.ubuntu.com/ubuntu noble/main amd64 libvisual-0.4-0 amd64 0.4.2-2build1 [115 kB]
2025-07-01T16:09:32.1013549Z Get:16 http://azure.archive.ubuntu.com/ubuntu noble/main amd64 libvorbisenc2 amd64 1.3.7-1build3 [80.8 kB]
2025-07-01T16:09:32.1188349Z Get:17 http://azure.archive.ubuntu.com/ubuntu noble-updates/main amd64 gstreamer1.0-plugins-base amd64 1.24.2-1ubuntu0.2 [721 kB]
2025-07-01T16:09:32.1478522Z Get:18 http://azure.archive.ubuntu.com/ubuntu noble/main amd64 libaa1 amd64 1.4p5-51.1 [49.9 kB]
2025-07-01T16:09:32.1666861Z Get:19 http://azure.archive.ubuntu.com/ubuntu noble/main amd64 libraw1394-11 amd64 2.1.2-2build3 [26.2 kB]
2025-07-01T16:09:32.2264980Z Get:20 http://azure.archive.ubuntu.com/ubuntu noble/main amd64 libavc1394-0 amd64 0.5.4-5build3 [15.4 kB]
2025-07-01T16:09:32.2414156Z Get:21 http://azure.archive.ubuntu.com/ubuntu noble/main amd64 libcaca0 amd64 0.99.beta20-4build2 [208 kB]
2025-07-01T16:09:32.2580400Z Get:22 http://azure.archive.ubuntu.com/ubuntu noble/main amd64 libdv4t64 amd64 1.0.0-17.1build1 [63.2 kB]
2025-07-01T16:09:32.2728871Z Get:23 http://azure.archive.ubuntu.com/ubuntu noble/main amd64 libflac12t64 amd64 1.4.3+ds-2.1ubuntu2 [197 kB]
2025-07-01T16:09:32.2901799Z Get:24 http://azure.archive.ubuntu.com/ubuntu noble-updates/main amd64 libgstreamer-plugins-good1.0-0 amd64 1.24.2-1ubuntu1.1 [32.9 kB]
2025-07-01T16:09:32.3052240Z Get:25 http://azure.archive.ubuntu.com/ubuntu noble/main amd64 libiec61883-0 amd64 1.2.0-6build1 [24.5 kB]
2025-07-01T16:09:32.3196707Z Get:26 http://azure.archive.ubuntu.com/ubuntu noble/main amd64 libmp3lame0 amd64 3.100-6build1 [142 kB]
2025-07-01T16:09:32.3360170Z Get:27 http://azure.archive.ubuntu.com/ubuntu noble-updates/main amd64 libmpg123-0t64 amd64 1.32.5-1ubuntu1.1 [169 kB]
2025-07-01T16:09:32.3525804Z Get:28 http://azure.archive.ubuntu.com/ubuntu noble/main amd64 libasyncns0 amd64 0.8-6build4 [11.3 kB]
2025-07-01T16:09:32.3681550Z Get:29 http://azure.archive.ubuntu.com/ubuntu noble-updates/main amd64 libsndfile1 amd64 1.2.2-1ubuntu5.24.04.1 [209 kB]
2025-07-01T16:09:32.3881402Z Get:30 http://azure.archive.ubuntu.com/ubuntu noble-updates/main amd64 libpulse0 amd64 1:16.1+dfsg1-2ubuntu10.1 [292 kB]
2025-07-01T16:09:32.4076272Z Get:31 http://azure.archive.ubuntu.com/ubuntu noble-updates/main amd64 libspeex1 amd64 1.2.1-2ubuntu2.24.04.1 [59.6 kB]
2025-07-01T16:09:32.4227879Z Get:32 http://azure.archive.ubuntu.com/ubuntu noble/main amd64 libshout3 amd64 2.4.6-1build2 [50.3 kB]
2025-07-01T16:09:32.4383191Z Get:33 http://azure.archive.ubuntu.com/ubuntu noble/main amd64 libtag1v5-vanilla amd64 1.13.1-1build1 [326 kB]
2025-07-01T16:09:32.4584334Z Get:34 http://azure.archive.ubuntu.com/ubuntu noble/main amd64 libtag1v5 amd64 1.13.1-1build1 [11.7 kB]
2025-07-01T16:09:32.4733920Z Get:35 http://azure.archive.ubuntu.com/ubuntu noble/main amd64 libtwolame0 amd64 0.4.0-2build3 [52.3 kB]
2025-07-01T16:09:32.4896389Z Get:36 http://azure.archive.ubuntu.com/ubuntu noble/main amd64 libv4lconvert0t64 amd64 1.26.1-4build3 [87.6 kB]
2025-07-01T16:09:32.5056140Z Get:37 http://azure.archive.ubuntu.com/ubuntu noble/main amd64 libv4l-0t64 amd64 1.26.1-4build3 [46.9 kB]
2025-07-01T16:09:32.5209224Z Get:38 http://azure.archive.ubuntu.com/ubuntu noble-updates/main amd64 libvpx9 amd64 1.14.0-1ubuntu2.2 [1143 kB]
2025-07-01T16:09:32.6094368Z Get:39 http://azure.archive.ubuntu.com/ubuntu noble/main amd64 libwavpack1 amd64 5.6.0-1build1 [84.6 kB]
2025-07-01T16:09:32.6254064Z Get:40 http://azure.archive.ubuntu.com/ubuntu noble-updates/main amd64 libsoup-3.0-common all 3.4.4-5ubuntu0.4 [11.1 kB]
2025-07-01T16:09:32.6405102Z Get:41 http://azure.archive.ubuntu.com/ubuntu noble-updates/main amd64 libsoup-3.0-0 amd64 3.4.4-5ubuntu0.4 [290 kB]
2025-07-01T16:09:32.6617176Z Get:42 http://azure.archive.ubuntu.com/ubuntu noble-updates/main amd64 gstreamer1.0-plugins-good amd64 1.24.2-1ubuntu1.1 [2238 kB]
2025-07-01T16:09:32.7247289Z Get:43 http://azure.archive.ubuntu.com/ubuntu noble/main amd64 libxv1 amd64 2:1.0.11-1.1build1 [10.7 kB]
2025-07-01T16:09:32.7404228Z Get:44 http://azure.archive.ubuntu.com/ubuntu noble-updates/main amd64 gstreamer1.0-x amd64 1.24.2-1ubuntu0.2 [85.0 kB]
2025-07-01T16:09:32.7555153Z Get:45 http://azure.archive.ubuntu.com/ubuntu noble/main amd64 ipxe-qemu all 1.21.1+git-20220113.fbbdc3926-0ubuntu2 [1565 kB]
2025-07-01T16:09:32.8042960Z Get:46 http://azure.archive.ubuntu.com/ubuntu noble/main amd64 ipxe-qemu-256k-compat-efi-roms all 1.0.0+git-20150424.a25a16d-0ubuntu5 [548 kB]
2025-07-01T16:09:32.8300502Z Get:47 http://azure.archive.ubuntu.com/ubuntu noble-updates/main amd64 libboost-iostreams1.83.0 amd64 1.83.0-2.1ubuntu3.1 [259 kB]
2025-07-01T16:09:32.8494253Z Get:48 http://azure.archive.ubuntu.com/ubuntu noble-updates/main amd64 libboost-thread1.83.0 amd64 1.83.0-2.1ubuntu3.1 [276 kB]
2025-07-01T16:09:32.8677234Z Get:49 http://azure.archive.ubuntu.com/ubuntu noble/main amd64 libbrlapi0.8 amd64 6.6-4ubuntu5 [31.4 kB]
2025-07-01T16:09:32.8825929Z Get:50 http://azure.archive.ubuntu.com/ubuntu noble/main amd64 libpcsclite1 amd64 2.0.3-1build1 [21.4 kB]
2025-07-01T16:09:32.8986283Z Get:51 http://azure.archive.ubuntu.com/ubuntu noble/main amd64 libcacard0 amd64 1:2.8.0-3build4 [36.5 kB]
2025-07-01T16:09:32.9146204Z Get:52 http://azure.archive.ubuntu.com/ubuntu noble/main amd64 libdaxctl1 amd64 77-2ubuntu2 [21.4 kB]
2025-07-01T16:09:32.9304327Z Get:53 http://azure.archive.ubuntu.com/ubuntu noble/main amd64 libdecor-0-0 amd64 0.2.2-1build2 [16.5 kB]
2025-07-01T16:09:32.9460435Z Get:54 http://azure.archive.ubuntu.com/ubuntu noble/main amd64 libdecor-0-plugin-1-gtk amd64 0.2.2-1build2 [22.2 kB]
2025-07-01T16:09:32.9599823Z Get:55 http://azure.archive.ubuntu.com/ubuntu noble-updates/main amd64 librdmacm1t64 amd64 50.0-2ubuntu0.2 [70.7 kB]
2025-07-01T16:09:32.9742655Z Get:56 http://azure.archive.ubuntu.com/ubuntu noble/main amd64 libiscsi7 amd64 1.19.0-3build4 [68.7 kB]
2025-07-01T16:09:33.0328235Z Get:57 http://azure.archive.ubuntu.com/ubuntu noble/main amd64 libsamplerate0 amd64 0.2.2-4build1 [1344 kB]
2025-07-01T16:09:33.0677226Z Get:58 http://azure.archive.ubuntu.com/ubuntu noble/main amd64 libjack-jackd2-0 amd64 1.9.21~dfsg-3ubuntu3 [289 kB]
2025-07-01T16:09:33.0845962Z Get:59 http://azure.archive.ubuntu.com/ubuntu noble/main amd64 libndctl6 amd64 77-2ubuntu2 [62.8 kB]
2025-07-01T16:09:33.0989577Z Get:60 http://azure.archive.ubuntu.com/ubuntu noble/main amd64 libnfs14 amd64 5.0.2-1build1 [109 kB]
2025-07-01T16:09:33.1255792Z Get:61 http://azure.archive.ubuntu.com/ubuntu noble/main amd64 libwebrtc-audio-processing1 amd64 0.3.1-0ubuntu6 [290 kB]
2025-07-01T16:09:33.1428634Z Get:62 http://azure.archive.ubuntu.com/ubuntu noble-updates/main amd64 libspa-0.2-modules amd64 1.0.5-1ubuntu3 [626 kB]
2025-07-01T16:09:33.1697753Z Get:63 http://azure.archive.ubuntu.com/ubuntu noble-updates/main amd64 libpipewire-0.3-0t64 amd64 1.0.5-1ubuntu3 [252 kB]
2025-07-01T16:09:33.1849684Z Get:64 http://azure.archive.ubuntu.com/ubuntu noble-updates/main amd64 libpipewire-0.3-common all 1.0.5-1ubuntu3 [18.8 kB]
2025-07-01T16:09:33.1988573Z Get:65 http://azure.archive.ubuntu.com/ubuntu noble/main amd64 libpmem1 amd64 1.13.1-1.1ubuntu2 [84.8 kB]
2025-07-01T16:09:33.2130537Z Get:66 http://azure.archive.ubuntu.com/ubuntu noble/main amd64 libpmemobj1 amd64 1.13.1-1.1ubuntu2 [116 kB]
2025-07-01T16:09:33.2277149Z Get:67 http://azure.archive.ubuntu.com/ubuntu noble-updates/main amd64 librados2 amd64 19.2.0-0ubuntu0.24.04.2 [3972 kB]
2025-07-01T16:09:33.2796499Z Get:68 http://azure.archive.ubuntu.com/ubuntu noble-updates/main amd64 librbd1 amd64 19.2.0-0ubuntu0.24.04.2 [3351 kB]
2025-07-01T16:09:33.3259370Z Get:69 http://azure.archive.ubuntu.com/ubuntu noble-updates/main amd64 libsdl2-2.0-0 amd64 2.30.0+dfsg-1ubuntu3.1 [686 kB]
2025-07-01T16:09:33.3546056Z Get:70 http://azure.archive.ubuntu.com/ubuntu noble/main amd64 libspice-server1 amd64 0.15.1-1build2 [349 kB]
2025-07-01T16:09:33.3739195Z Get:71 http://azure.archive.ubuntu.com/ubuntu noble/main amd64 liburing2 amd64 2.5-1build1 [21.1 kB]
2025-07-01T16:09:33.3893240Z Get:72 http://azure.archive.ubuntu.com/ubuntu noble/main amd64 libusbredirparser1t64 amd64 0.13.0-2.1build1 [16.5 kB]
2025-07-01T16:09:33.4090770Z Get:73 http://azure.archive.ubuntu.com/ubuntu noble/main amd64 libvirglrenderer1 amd64 1.0.0-1ubuntu2 [226 kB]
2025-07-01T16:09:33.4426924Z Get:74 http://azure.archive.ubuntu.com/ubuntu noble-updates/main amd64 libvte-2.91-common amd64 0.76.0-1ubuntu0.1 [13.5 kB]
2025-07-01T16:09:33.5027613Z Get:75 http://azure.archive.ubuntu.com/ubuntu noble-updates/main amd64 libvte-2.91-0 amd64 0.76.0-1ubuntu0.1 [230 kB]
2025-07-01T16:09:33.5224236Z Get:76 http://azure.archive.ubuntu.com/ubuntu noble/main amd64 libfdt1 amd64 1.7.0-2build1 [20.1 kB]
2025-07-01T16:09:33.5413251Z Get:77 http://azure.archive.ubuntu.com/ubuntu noble-updates/main amd64 qemu-system-common amd64 1:8.2.2+ds-0ubuntu1.7 [1253 kB]
2025-07-01T16:09:33.5814548Z Get:78 http://azure.archive.ubuntu.com/ubuntu noble-updates/main amd64 qemu-system-data all 1:8.2.2+ds-0ubuntu1.7 [1793 kB]
2025-07-01T16:09:33.6185460Z Get:79 http://azure.archive.ubuntu.com/ubuntu noble/main amd64 seabios all 1.16.3-2 [175 kB]
2025-07-01T16:09:33.6333081Z Get:80 http://azure.archive.ubuntu.com/ubuntu noble-updates/main amd64 qemu-system-x86 amd64 1:8.2.2+ds-0ubuntu1.7 [11.2 MB]
2025-07-01T16:09:33.7910851Z Get:81 http://azure.archive.ubuntu.com/ubuntu noble-updates/main amd64 qemu-system-sparc amd64 1:8.2.2+ds-0ubuntu1.7 [6287 kB]
2025-07-01T16:09:33.8800399Z Get:82 http://azure.archive.ubuntu.com/ubuntu noble-updates/main amd64 qemu-system-s390x amd64 1:8.2.2+ds-0ubuntu1.7 [3434 kB]
2025-07-01T16:09:33.9418550Z Get:83 http://azure.archive.ubuntu.com/ubuntu noble-updates/main amd64 qemu-system-ppc amd64 1:8.2.2+ds-0ubuntu1.7 [9111 kB]
2025-07-01T16:09:34.1082557Z Get:84 http://azure.archive.ubuntu.com/ubuntu noble-updates/main amd64 qemu-system-misc amd64 1:8.2.2+ds-0ubuntu1.7 [57.8 MB]
2025-07-01T16:09:34.9722555Z Get:85 http://azure.archive.ubuntu.com/ubuntu noble-updates/main amd64 qemu-system-mips amd64 1:8.2.2+ds-0ubuntu1.7 [16.3 MB]
2025-07-01T16:09:35.3472622Z Get:86 http://azure.archive.ubuntu.com/ubuntu noble-updates/main amd64 qemu-system-arm amd64 1:8.2.2+ds-0ubuntu1.7 [10.9 MB]
2025-07-01T16:09:35.7237247Z Get:87 http://azure.archive.ubuntu.com/ubuntu noble-updates/main amd64 qemu-utils amd64 1:8.2.2+ds-0ubuntu1.7 [2220 kB]
2025-07-01T16:09:35.7731439Z Get:88 http://azure.archive.ubuntu.com/ubuntu noble-updates/main amd64 qemu-block-extra amd64 1:8.2.2+ds-0ubuntu1.7 [111 kB]
2025-07-01T16:09:35.7899662Z Get:89 http://azure.archive.ubuntu.com/ubuntu noble-updates/main amd64 qemu-system amd64 1:8.2.2+ds-0ubuntu1.7 [56.3 kB]
2025-07-01T16:09:35.8063412Z Get:90 http://azure.archive.ubuntu.com/ubuntu noble-updates/main amd64 qemu-system-modules-opengl amd64 1:8.2.2+ds-0ubuntu1.7 [184 kB]
2025-07-01T16:09:35.8264841Z Get:91 http://azure.archive.ubuntu.com/ubuntu noble-updates/main amd64 qemu-system-gui amd64 1:8.2.2+ds-0ubuntu1.7 [314 kB]
2025-07-01T16:09:35.8633285Z Get:92 http://azure.archive.ubuntu.com/ubuntu noble-updates/main amd64 qemu-system-modules-spice amd64 1:8.2.2+ds-0ubuntu1.7 [70.2 kB]
2025-07-01T16:09:35.8853383Z Get:93 http://azure.archive.ubuntu.com/ubuntu noble-updates/universe amd64 qemu-user-static amd64 1:8.2.2+ds-0ubuntu1.7 [14.7 MB]
2025-07-01T16:09:36.3780777Z Get:94 http://azure.archive.ubuntu.com/ubuntu noble-updates/main amd64 ovmf all 2024.02-2ubuntu0.4 [4571 kB]
2025-07-01T16:09:36.6143321Z Get:95 http://azure.archive.ubuntu.com/ubuntu noble-updates/main amd64 qemu-efi-aarch64 all 2024.02-2ubuntu0.4 [4095 kB]
2025-07-01T16:09:36.7514194Z Get:96 http://azure.archive.ubuntu.com/ubuntu noble-updates/main amd64 qemu-efi-arm all 2024.02-2ubuntu0.4 [774 kB]
2025-07-01T16:09:37.1346023Z Fetched 169 MB in 5s (34.0 MB/s)
2025-07-01T16:09:37.1562997Z Selecting previously unselected package msr-tools.
2025-07-01T16:09:37.1739554Z (Reading database ... 
2025-07-01T16:09:37.1740436Z (Reading database ... 5%
2025-07-01T16:09:37.1741046Z (Reading database ... 10%
2025-07-01T16:09:37.1741615Z (Reading database ... 15%
2025-07-01T16:09:37.1741967Z (Reading database ... 20%
2025-07-01T16:09:37.1742433Z (Reading database ... 25%
2025-07-01T16:09:37.1742789Z (Reading database ... 30%
2025-07-01T16:09:37.1743144Z (Reading database ... 35%
2025-07-01T16:09:37.1743492Z (Reading database ... 40%
2025-07-01T16:09:37.1743855Z (Reading database ... 45%
2025-07-01T16:09:37.1744189Z (Reading database ... 50%
2025-07-01T16:09:37.1785480Z (Reading database ... 55%
2025-07-01T16:09:37.1906266Z (Reading database ... 60%
2025-07-01T16:09:37.2013328Z (Reading database ... 65%
2025-07-01T16:09:37.2182128Z (Reading database ... 70%
2025-07-01T16:09:37.2294045Z (Reading database ... 75%
2025-07-01T16:09:37.2513287Z (Reading database ... 80%
2025-07-01T16:09:37.2765235Z (Reading database ... 85%
2025-07-01T16:09:37.2932439Z (Reading database ... 90%
2025-07-01T16:09:37.3294622Z (Reading database ... 95%
2025-07-01T16:09:37.3295361Z (Reading database ... 100%
2025-07-01T16:09:37.3296152Z (Reading database ... 219349 files and directories currently installed.)
2025-07-01T16:09:37.3344313Z Preparing to unpack .../00-msr-tools_1.3-5build1_amd64.deb ...
2025-07-01T16:09:37.3373079Z Unpacking msr-tools (1.3-5build1) ...
2025-07-01T16:09:37.3617105Z Selecting previously unselected package cpu-checker.
2025-07-01T16:09:37.3758082Z Preparing to unpack .../01-cpu-checker_0.7-1.3build2_amd64.deb ...
2025-07-01T16:09:37.3766815Z Unpacking cpu-checker (0.7-1.3build2) ...
2025-07-01T16:09:37.4006932Z Selecting previously unselected package libproxy1v5:amd64.
2025-07-01T16:09:37.4144073Z Preparing to unpack .../02-libproxy1v5_0.5.4-4build1_amd64.deb ...
2025-07-01T16:09:37.4164490Z Unpacking libproxy1v5:amd64 (0.5.4-4build1) ...
2025-07-01T16:09:37.4386632Z Selecting previously unselected package glib-networking-common.
2025-07-01T16:09:37.4521874Z Preparing to unpack .../03-glib-networking-common_2.80.0-1build1_all.deb ...
2025-07-01T16:09:37.4532701Z Unpacking glib-networking-common (2.80.0-1build1) ...
2025-07-01T16:09:37.4736520Z Selecting previously unselected package glib-networking-services.
2025-07-01T16:09:37.4873791Z Preparing to unpack .../04-glib-networking-services_2.80.0-1build1_amd64.deb ...
2025-07-01T16:09:37.4882664Z Unpacking glib-networking-services (2.80.0-1build1) ...
2025-07-01T16:09:37.5106143Z Selecting previously unselected package session-migration.
2025-07-01T16:09:37.5243623Z Preparing to unpack .../05-session-migration_0.3.9build1_amd64.deb ...
2025-07-01T16:09:37.5253040Z Unpacking session-migration (0.3.9build1) ...
2025-07-01T16:09:37.5474853Z Selecting previously unselected package gsettings-desktop-schemas.
2025-07-01T16:09:37.5612842Z Preparing to unpack .../06-gsettings-desktop-schemas_46.1-0ubuntu1_all.deb ...
2025-07-01T16:09:37.5623559Z Unpacking gsettings-desktop-schemas (46.1-0ubuntu1) ...
2025-07-01T16:09:37.5914995Z Selecting previously unselected package glib-networking:amd64.
2025-07-01T16:09:37.6053078Z Preparing to unpack .../07-glib-networking_2.80.0-1build1_amd64.deb ...
2025-07-01T16:09:37.6063023Z Unpacking glib-networking:amd64 (2.80.0-1build1) ...
2025-07-01T16:09:37.6299016Z Selecting previously unselected package libcdparanoia0:amd64.
2025-07-01T16:09:37.6433900Z Preparing to unpack .../08-libcdparanoia0_3.10.2+debian-14build3_amd64.deb ...
2025-07-01T16:09:37.6443365Z Unpacking libcdparanoia0:amd64 (3.10.2+debian-14build3) ...
2025-07-01T16:09:37.6675855Z Selecting previously unselected package liborc-0.4-0t64:amd64.
2025-07-01T16:09:37.6810080Z Preparing to unpack .../09-liborc-0.4-0t64_1%3a0.4.38-1ubuntu0.1_amd64.deb ...
2025-07-01T16:09:37.6819448Z Unpacking liborc-0.4-0t64:amd64 (1:0.4.38-1ubuntu0.1) ...
2025-07-01T16:09:37.7076394Z Selecting previously unselected package libgstreamer-plugins-base1.0-0:amd64.
2025-07-01T16:09:37.7209431Z Preparing to unpack .../10-libgstreamer-plugins-base1.0-0_1.24.2-1ubuntu0.2_amd64.deb ...
2025-07-01T16:09:37.7219728Z Unpacking libgstreamer-plugins-base1.0-0:amd64 (1.24.2-1ubuntu0.2) ...
2025-07-01T16:09:37.7579391Z Selecting previously unselected package libopus0:amd64.
2025-07-01T16:09:37.7715261Z Preparing to unpack .../11-libopus0_1.4-1build1_amd64.deb ...
2025-07-01T16:09:37.7724913Z Unpacking libopus0:amd64 (1.4-1build1) ...
2025-07-01T16:09:37.7968547Z Selecting previously unselected package libtheora0:amd64.
2025-07-01T16:09:37.8102025Z Preparing to unpack .../12-libtheora0_1.1.1+dfsg.1-16.1build3_amd64.deb ...
2025-07-01T16:09:37.8177934Z Unpacking libtheora0:amd64 (1.1.1+dfsg.1-16.1build3) ...
2025-07-01T16:09:37.8367290Z Selecting previously unselected package libvisual-0.4-0:amd64.
2025-07-01T16:09:37.8504627Z Preparing to unpack .../13-libvisual-0.4-0_0.4.2-2build1_amd64.deb ...
2025-07-01T16:09:37.8516128Z Unpacking libvisual-0.4-0:amd64 (0.4.2-2build1) ...
2025-07-01T16:09:37.8761679Z Selecting previously unselected package libvorbisenc2:amd64.
2025-07-01T16:09:37.8900751Z Preparing to unpack .../14-libvorbisenc2_1.3.7-1build3_amd64.deb ...
2025-07-01T16:09:37.8911182Z Unpacking libvorbisenc2:amd64 (1.3.7-1build3) ...
2025-07-01T16:09:37.9154212Z Selecting previously unselected package gstreamer1.0-plugins-base:amd64.
2025-07-01T16:09:37.9292921Z Preparing to unpack .../15-gstreamer1.0-plugins-base_1.24.2-1ubuntu0.2_amd64.deb ...
2025-07-01T16:09:37.9301315Z Unpacking gstreamer1.0-plugins-base:amd64 (1.24.2-1ubuntu0.2) ...
2025-07-01T16:09:37.9659033Z Selecting previously unselected package libaa1:amd64.
2025-07-01T16:09:37.9796957Z Preparing to unpack .../16-libaa1_1.4p5-51.1_amd64.deb ...
2025-07-01T16:09:37.9806589Z Unpacking libaa1:amd64 (1.4p5-51.1) ...
2025-07-01T16:09:38.0036663Z Selecting previously unselected package libraw1394-11:amd64.
2025-07-01T16:09:38.0175749Z Preparing to unpack .../17-libraw1394-11_2.1.2-2build3_amd64.deb ...
2025-07-01T16:09:38.0186453Z Unpacking libraw1394-11:amd64 (2.1.2-2build3) ...
2025-07-01T16:09:38.0407805Z Selecting previously unselected package libavc1394-0:amd64.
2025-07-01T16:09:38.0543675Z Preparing to unpack .../18-libavc1394-0_0.5.4-5build3_amd64.deb ...
2025-07-01T16:09:38.0553888Z Unpacking libavc1394-0:amd64 (0.5.4-5build3) ...
2025-07-01T16:09:38.0796923Z Selecting previously unselected package libcaca0:amd64.
2025-07-01T16:09:38.0934258Z Preparing to unpack .../19-libcaca0_0.99.beta20-4build2_amd64.deb ...
2025-07-01T16:09:38.0946473Z Unpacking libcaca0:amd64 (0.99.beta20-4build2) ...
2025-07-01T16:09:38.1214794Z Selecting previously unselected package libdv4t64:amd64.
2025-07-01T16:09:38.1350592Z Preparing to unpack .../20-libdv4t64_1.0.0-17.1build1_amd64.deb ...
2025-07-01T16:09:38.1361472Z Unpacking libdv4t64:amd64 (1.0.0-17.1build1) ...
2025-07-01T16:09:38.1597795Z Selecting previously unselected package libflac12t64:amd64.
2025-07-01T16:09:38.1735185Z Preparing to unpack .../21-libflac12t64_1.4.3+ds-2.1ubuntu2_amd64.deb ...
2025-07-01T16:09:38.1745274Z Unpacking libflac12t64:amd64 (1.4.3+ds-2.1ubuntu2) ...
2025-07-01T16:09:38.1984403Z Selecting previously unselected package libgstreamer-plugins-good1.0-0:amd64.
2025-07-01T16:09:38.2125557Z Preparing to unpack .../22-libgstreamer-plugins-good1.0-0_1.24.2-1ubuntu1.1_amd64.deb ...
2025-07-01T16:09:38.2137751Z Unpacking libgstreamer-plugins-good1.0-0:amd64 (1.24.2-1ubuntu1.1) ...
2025-07-01T16:09:38.2368592Z Selecting previously unselected package libiec61883-0:amd64.
2025-07-01T16:09:38.2501674Z Preparing to unpack .../23-libiec61883-0_1.2.0-6build1_amd64.deb ...
2025-07-01T16:09:38.2511891Z Unpacking libiec61883-0:amd64 (1.2.0-6build1) ...
2025-07-01T16:09:38.2728087Z Selecting previously unselected package libmp3lame0:amd64.
2025-07-01T16:09:38.2857427Z Preparing to unpack .../24-libmp3lame0_3.100-6build1_amd64.deb ...
2025-07-01T16:09:38.2867182Z Unpacking libmp3lame0:amd64 (3.100-6build1) ...
2025-07-01T16:09:38.3097033Z Selecting previously unselected package libmpg123-0t64:amd64.
2025-07-01T16:09:38.3230490Z Preparing to unpack .../25-libmpg123-0t64_1.32.5-1ubuntu1.1_amd64.deb ...
2025-07-01T16:09:38.3241415Z Unpacking libmpg123-0t64:amd64 (1.32.5-1ubuntu1.1) ...
2025-07-01T16:09:38.3491156Z Selecting previously unselected package libasyncns0:amd64.
2025-07-01T16:09:38.3624333Z Preparing to unpack .../26-libasyncns0_0.8-6build4_amd64.deb ...
2025-07-01T16:09:38.3634676Z Unpacking libasyncns0:amd64 (0.8-6build4) ...
2025-07-01T16:09:38.3849641Z Selecting previously unselected package libsndfile1:amd64.
2025-07-01T16:09:38.3981330Z Preparing to unpack .../27-libsndfile1_1.2.2-1ubuntu5.24.04.1_amd64.deb ...
2025-07-01T16:09:38.3990846Z Unpacking libsndfile1:amd64 (1.2.2-1ubuntu5.24.04.1) ...
2025-07-01T16:09:38.4256609Z Selecting previously unselected package libpulse0:amd64.
2025-07-01T16:09:38.4389010Z Preparing to unpack .../28-libpulse0_1%3a16.1+dfsg1-2ubuntu10.1_amd64.deb ...
2025-07-01T16:09:38.4499169Z Unpacking libpulse0:amd64 (1:16.1+dfsg1-2ubuntu10.1) ...
2025-07-01T16:09:38.4768003Z Selecting previously unselected package libspeex1:amd64.
2025-07-01T16:09:38.4906497Z Preparing to unpack .../29-libspeex1_1.2.1-2ubuntu2.24.04.1_amd64.deb ...
2025-07-01T16:09:38.4916881Z Unpacking libspeex1:amd64 (1.2.1-2ubuntu2.24.04.1) ...
2025-07-01T16:09:38.5148082Z Selecting previously unselected package libshout3:amd64.
2025-07-01T16:09:38.5281231Z Preparing to unpack .../30-libshout3_2.4.6-1build2_amd64.deb ...
2025-07-01T16:09:38.5292683Z Unpacking libshout3:amd64 (2.4.6-1build2) ...
2025-07-01T16:09:38.5750480Z Selecting previously unselected package libtag1v5-vanilla:amd64.
2025-07-01T16:09:38.5887732Z Preparing to unpack .../31-libtag1v5-vanilla_1.13.1-1build1_amd64.deb ...
2025-07-01T16:09:38.5899218Z Unpacking libtag1v5-vanilla:amd64 (1.13.1-1build1) ...
2025-07-01T16:09:38.6155138Z Selecting previously unselected package libtag1v5:amd64.
2025-07-01T16:09:38.6291664Z Preparing to unpack .../32-libtag1v5_1.13.1-1build1_amd64.deb ...
2025-07-01T16:09:38.6299993Z Unpacking libtag1v5:amd64 (1.13.1-1build1) ...
2025-07-01T16:09:38.6516828Z Selecting previously unselected package libtwolame0:amd64.
2025-07-01T16:09:38.6650636Z Preparing to unpack .../33-libtwolame0_0.4.0-2build3_amd64.deb ...
2025-07-01T16:09:38.6660586Z Unpacking libtwolame0:amd64 (0.4.0-2build3) ...
2025-07-01T16:09:38.6875875Z Selecting previously unselected package libv4lconvert0t64:amd64.
2025-07-01T16:09:38.7013108Z Preparing to unpack .../34-libv4lconvert0t64_1.26.1-4build3_amd64.deb ...
2025-07-01T16:09:38.7023309Z Unpacking libv4lconvert0t64:amd64 (1.26.1-4build3) ...
2025-07-01T16:09:38.7255444Z Selecting previously unselected package libv4l-0t64:amd64.
2025-07-01T16:09:38.7389560Z Preparing to unpack .../35-libv4l-0t64_1.26.1-4build3_amd64.deb ...
2025-07-01T16:09:38.7398796Z Unpacking libv4l-0t64:amd64 (1.26.1-4build3) ...
2025-07-01T16:09:38.7627312Z Selecting previously unselected package libvpx9:amd64.
2025-07-01T16:09:38.7758181Z Preparing to unpack .../36-libvpx9_1.14.0-1ubuntu2.2_amd64.deb ...
2025-07-01T16:09:38.7768063Z Unpacking libvpx9:amd64 (1.14.0-1ubuntu2.2) ...
2025-07-01T16:09:38.8130260Z Selecting previously unselected package libwavpack1:amd64.
2025-07-01T16:09:38.8269462Z Preparing to unpack .../37-libwavpack1_5.6.0-1build1_amd64.deb ...
2025-07-01T16:09:38.8280279Z Unpacking libwavpack1:amd64 (5.6.0-1build1) ...
2025-07-01T16:09:38.8498084Z Selecting previously unselected package libsoup-3.0-common.
2025-07-01T16:09:38.8634726Z Preparing to unpack .../38-libsoup-3.0-common_3.4.4-5ubuntu0.4_all.deb ...
2025-07-01T16:09:38.8644295Z Unpacking libsoup-3.0-common (3.4.4-5ubuntu0.4) ...
2025-07-01T16:09:38.8864763Z Selecting previously unselected package libsoup-3.0-0:amd64.
2025-07-01T16:09:38.8997418Z Preparing to unpack .../39-libsoup-3.0-0_3.4.4-5ubuntu0.4_amd64.deb ...
2025-07-01T16:09:38.9007338Z Unpacking libsoup-3.0-0:amd64 (3.4.4-5ubuntu0.4) ...
2025-07-01T16:09:38.9254816Z Selecting previously unselected package gstreamer1.0-plugins-good:amd64.
2025-07-01T16:09:38.9387906Z Preparing to unpack .../40-gstreamer1.0-plugins-good_1.24.2-1ubuntu1.1_amd64.deb ...
2025-07-01T16:09:38.9397884Z Unpacking gstreamer1.0-plugins-good:amd64 (1.24.2-1ubuntu1.1) ...
2025-07-01T16:09:38.9993538Z Selecting previously unselected package libxv1:amd64.
2025-07-01T16:09:39.0134312Z Preparing to unpack .../41-libxv1_2%3a1.0.11-1.1build1_amd64.deb ...
2025-07-01T16:09:39.0145198Z Unpacking libxv1:amd64 (2:1.0.11-1.1build1) ...
2025-07-01T16:09:39.0354465Z Selecting previously unselected package gstreamer1.0-x:amd64.
2025-07-01T16:09:39.0493044Z Preparing to unpack .../42-gstreamer1.0-x_1.24.2-1ubuntu0.2_amd64.deb ...
2025-07-01T16:09:39.0503358Z Unpacking gstreamer1.0-x:amd64 (1.24.2-1ubuntu0.2) ...
2025-07-01T16:09:39.0730770Z Selecting previously unselected package ipxe-qemu.
2025-07-01T16:09:39.0873488Z Preparing to unpack .../43-ipxe-qemu_1.21.1+git-20220113.fbbdc3926-0ubuntu2_all.deb ...
2025-07-01T16:09:39.0884452Z Unpacking ipxe-qemu (1.21.1+git-20220113.fbbdc3926-0ubuntu2) ...
2025-07-01T16:09:39.1276540Z Selecting previously unselected package ipxe-qemu-256k-compat-efi-roms.
2025-07-01T16:09:39.1417343Z Preparing to unpack .../44-ipxe-qemu-256k-compat-efi-roms_1.0.0+git-20150424.a25a16d-0ubuntu5_all.deb ...
2025-07-01T16:09:39.1427093Z Unpacking ipxe-qemu-256k-compat-efi-roms (1.0.0+git-20150424.a25a16d-0ubuntu5) ...
2025-07-01T16:09:39.1694841Z Selecting previously unselected package libboost-iostreams1.83.0:amd64.
2025-07-01T16:09:39.1837139Z Preparing to unpack .../45-libboost-iostreams1.83.0_1.83.0-2.1ubuntu3.1_amd64.deb ...
2025-07-01T16:09:39.1848629Z Unpacking libboost-iostreams1.83.0:amd64 (1.83.0-2.1ubuntu3.1) ...
2025-07-01T16:09:39.2154943Z Selecting previously unselected package libboost-thread1.83.0:amd64.
2025-07-01T16:09:39.2306333Z Preparing to unpack .../46-libboost-thread1.83.0_1.83.0-2.1ubuntu3.1_amd64.deb ...
2025-07-01T16:09:39.2317304Z Unpacking libboost-thread1.83.0:amd64 (1.83.0-2.1ubuntu3.1) ...
2025-07-01T16:09:39.2634899Z Selecting previously unselected package libbrlapi0.8:amd64.
2025-07-01T16:09:39.2775424Z Preparing to unpack .../47-libbrlapi0.8_6.6-4ubuntu5_amd64.deb ...
2025-07-01T16:09:39.2786470Z Unpacking libbrlapi0.8:amd64 (6.6-4ubuntu5) ...
2025-07-01T16:09:39.3010723Z Selecting previously unselected package libpcsclite1:amd64.
2025-07-01T16:09:39.3151418Z Preparing to unpack .../48-libpcsclite1_2.0.3-1build1_amd64.deb ...
2025-07-01T16:09:39.3161402Z Unpacking libpcsclite1:amd64 (2.0.3-1build1) ...
2025-07-01T16:09:39.3386665Z Selecting previously unselected package libcacard0:amd64.
2025-07-01T16:09:39.3526562Z Preparing to unpack .../49-libcacard0_1%3a2.8.0-3build4_amd64.deb ...
2025-07-01T16:09:39.3536920Z Unpacking libcacard0:amd64 (1:2.8.0-3build4) ...
2025-07-01T16:09:39.3770454Z Selecting previously unselected package libdaxctl1:amd64.
2025-07-01T16:09:39.3909182Z Preparing to unpack .../50-libdaxctl1_77-2ubuntu2_amd64.deb ...
2025-07-01T16:09:39.3919878Z Unpacking libdaxctl1:amd64 (77-2ubuntu2) ...
2025-07-01T16:09:39.4148035Z Selecting previously unselected package libdecor-0-0:amd64.
2025-07-01T16:09:39.4288271Z Preparing to unpack .../51-libdecor-0-0_0.2.2-1build2_amd64.deb ...
2025-07-01T16:09:39.4298634Z Unpacking libdecor-0-0:amd64 (0.2.2-1build2) ...
2025-07-01T16:09:39.4515511Z Selecting previously unselected package libdecor-0-plugin-1-gtk:amd64.
2025-07-01T16:09:39.4653025Z Preparing to unpack .../52-libdecor-0-plugin-1-gtk_0.2.2-1build2_amd64.deb ...
2025-07-01T16:09:39.4661552Z Unpacking libdecor-0-plugin-1-gtk:amd64 (0.2.2-1build2) ...
2025-07-01T16:09:39.4921446Z Selecting previously unselected package librdmacm1t64:amd64.
2025-07-01T16:09:39.5060259Z Preparing to unpack .../53-librdmacm1t64_50.0-2ubuntu0.2_amd64.deb ...
2025-07-01T16:09:39.5072016Z Unpacking librdmacm1t64:amd64 (50.0-2ubuntu0.2) ...
2025-07-01T16:09:39.5314022Z Selecting previously unselected package libiscsi7:amd64.
2025-07-01T16:09:39.5454185Z Preparing to unpack .../54-libiscsi7_1.19.0-3build4_amd64.deb ...
2025-07-01T16:09:39.5464446Z Unpacking libiscsi7:amd64 (1.19.0-3build4) ...
2025-07-01T16:09:39.5694260Z Selecting previously unselected package libsamplerate0:amd64.
2025-07-01T16:09:39.5835521Z Preparing to unpack .../55-libsamplerate0_0.2.2-4build1_amd64.deb ...
2025-07-01T16:09:39.5845832Z Unpacking libsamplerate0:amd64 (0.2.2-4build1) ...
2025-07-01T16:09:39.6136163Z Selecting previously unselected package libjack-jackd2-0:amd64.
2025-07-01T16:09:39.6283762Z Preparing to unpack .../56-libjack-jackd2-0_1.9.21~dfsg-3ubuntu3_amd64.deb ...
2025-07-01T16:09:39.6294721Z Unpacking libjack-jackd2-0:amd64 (1.9.21~dfsg-3ubuntu3) ...
2025-07-01T16:09:39.6586164Z Selecting previously unselected package libndctl6:amd64.
2025-07-01T16:09:39.6727453Z Preparing to unpack .../57-libndctl6_77-2ubuntu2_amd64.deb ...
2025-07-01T16:09:39.6738474Z Unpacking libndctl6:amd64 (77-2ubuntu2) ...
2025-07-01T16:09:39.6977791Z Selecting previously unselected package libnfs14:amd64.
2025-07-01T16:09:39.7113255Z Preparing to unpack .../58-libnfs14_5.0.2-1build1_amd64.deb ...
2025-07-01T16:09:39.7124167Z Unpacking libnfs14:amd64 (5.0.2-1build1) ...
2025-07-01T16:09:39.7371854Z Selecting previously unselected package libwebrtc-audio-processing1:amd64.
2025-07-01T16:09:39.7513439Z Preparing to unpack .../59-libwebrtc-audio-processing1_0.3.1-0ubuntu6_amd64.deb ...
2025-07-01T16:09:39.7524712Z Unpacking libwebrtc-audio-processing1:amd64 (0.3.1-0ubuntu6) ...
2025-07-01T16:09:39.7779238Z Selecting previously unselected package libspa-0.2-modules:amd64.
2025-07-01T16:09:39.7917340Z Preparing to unpack .../60-libspa-0.2-modules_1.0.5-1ubuntu3_amd64.deb ...
2025-07-01T16:09:39.7926469Z Unpacking libspa-0.2-modules:amd64 (1.0.5-1ubuntu3) ...
2025-07-01T16:09:39.8272117Z Selecting previously unselected package libpipewire-0.3-0t64:amd64.
2025-07-01T16:09:39.8411145Z Preparing to unpack .../61-libpipewire-0.3-0t64_1.0.5-1ubuntu3_amd64.deb ...
2025-07-01T16:09:39.8421399Z Unpacking libpipewire-0.3-0t64:amd64 (1.0.5-1ubuntu3) ...
2025-07-01T16:09:39.8680664Z Selecting previously unselected package libpipewire-0.3-common.
2025-07-01T16:09:39.8823408Z Preparing to unpack .../62-libpipewire-0.3-common_1.0.5-1ubuntu3_all.deb ...
2025-07-01T16:09:39.8834203Z Unpacking libpipewire-0.3-common (1.0.5-1ubuntu3) ...
2025-07-01T16:09:39.9057122Z Selecting previously unselected package libpmem1:amd64.
2025-07-01T16:09:39.9193283Z Preparing to unpack .../63-libpmem1_1.13.1-1.1ubuntu2_amd64.deb ...
2025-07-01T16:09:39.9203280Z Unpacking libpmem1:amd64 (1.13.1-1.1ubuntu2) ...
2025-07-01T16:09:39.9444675Z Selecting previously unselected package libpmemobj1:amd64.
2025-07-01T16:09:39.9577992Z Preparing to unpack .../64-libpmemobj1_1.13.1-1.1ubuntu2_amd64.deb ...
2025-07-01T16:09:39.9587515Z Unpacking libpmemobj1:amd64 (1.13.1-1.1ubuntu2) ...
2025-07-01T16:09:39.9862462Z Selecting previously unselected package librados2.
2025-07-01T16:09:40.0003434Z Preparing to unpack .../65-librados2_19.2.0-0ubuntu0.24.04.2_amd64.deb ...
2025-07-01T16:09:40.0015365Z Unpacking librados2 (19.2.0-0ubuntu0.24.04.2) ...
2025-07-01T16:09:40.0799606Z Selecting previously unselected package librbd1.
2025-07-01T16:09:40.0941890Z Preparing to unpack .../66-librbd1_19.2.0-0ubuntu0.24.04.2_amd64.deb ...
2025-07-01T16:09:40.0953425Z Unpacking librbd1 (19.2.0-0ubuntu0.24.04.2) ...
2025-07-01T16:09:40.1697432Z Selecting previously unselected package libsdl2-2.0-0:amd64.
2025-07-01T16:09:40.1839778Z Preparing to unpack .../67-libsdl2-2.0-0_2.30.0+dfsg-1ubuntu3.1_amd64.deb ...
2025-07-01T16:09:40.1851232Z Unpacking libsdl2-2.0-0:amd64 (2.30.0+dfsg-1ubuntu3.1) ...
2025-07-01T16:09:40.2171374Z Selecting previously unselected package libspice-server1:amd64.
2025-07-01T16:09:40.2312112Z Preparing to unpack .../68-libspice-server1_0.15.1-1build2_amd64.deb ...
2025-07-01T16:09:40.2322657Z Unpacking libspice-server1:amd64 (0.15.1-1build2) ...
2025-07-01T16:09:40.2597073Z Selecting previously unselected package liburing2:amd64.
2025-07-01T16:09:40.2738905Z Preparing to unpack .../69-liburing2_2.5-1build1_amd64.deb ...
2025-07-01T16:09:40.2750093Z Unpacking liburing2:amd64 (2.5-1build1) ...
2025-07-01T16:09:40.2977856Z Selecting previously unselected package libusbredirparser1t64:amd64.
2025-07-01T16:09:40.3127253Z Preparing to unpack .../70-libusbredirparser1t64_0.13.0-2.1build1_amd64.deb ...
2025-07-01T16:09:40.3137193Z Unpacking libusbredirparser1t64:amd64 (0.13.0-2.1build1) ...
2025-07-01T16:09:40.3366908Z Selecting previously unselected package libvirglrenderer1:amd64.
2025-07-01T16:09:40.3507286Z Preparing to unpack .../71-libvirglrenderer1_1.0.0-1ubuntu2_amd64.deb ...
2025-07-01T16:09:40.3517917Z Unpacking libvirglrenderer1:amd64 (1.0.0-1ubuntu2) ...
2025-07-01T16:09:40.3770988Z Selecting previously unselected package libvte-2.91-common.
2025-07-01T16:09:40.3917998Z Preparing to unpack .../72-libvte-2.91-common_0.76.0-1ubuntu0.1_amd64.deb ...
2025-07-01T16:09:40.3928671Z Unpacking libvte-2.91-common (0.76.0-1ubuntu0.1) ...
2025-07-01T16:09:40.4177369Z Selecting previously unselected package libvte-2.91-0:amd64.
2025-07-01T16:09:40.4326916Z Preparing to unpack .../73-libvte-2.91-0_0.76.0-1ubuntu0.1_amd64.deb ...
2025-07-01T16:09:40.4338437Z Unpacking libvte-2.91-0:amd64 (0.76.0-1ubuntu0.1) ...
2025-07-01T16:09:40.4626210Z Selecting previously unselected package libfdt1:amd64.
2025-07-01T16:09:40.4768397Z Preparing to unpack .../74-libfdt1_1.7.0-2build1_amd64.deb ...
2025-07-01T16:09:40.4778911Z Unpacking libfdt1:amd64 (1.7.0-2build1) ...
2025-07-01T16:09:40.5023321Z Selecting previously unselected package qemu-system-common.
2025-07-01T16:09:40.5167801Z Preparing to unpack .../75-qemu-system-common_1%3a8.2.2+ds-0ubuntu1.7_amd64.deb ...
2025-07-01T16:09:40.5179453Z Unpacking qemu-system-common (1:8.2.2+ds-0ubuntu1.7) ...
2025-07-01T16:09:40.6104814Z Selecting previously unselected package qemu-system-data.
2025-07-01T16:09:40.6242830Z Preparing to unpack .../76-qemu-system-data_1%3a8.2.2+ds-0ubuntu1.7_all.deb ...
2025-07-01T16:09:40.6252766Z Unpacking qemu-system-data (1:8.2.2+ds-0ubuntu1.7) ...
2025-07-01T16:09:40.6952743Z Selecting previously unselected package seabios.
2025-07-01T16:09:40.7091481Z Preparing to unpack .../77-seabios_1.16.3-2_all.deb ...
2025-07-01T16:09:40.7098543Z Unpacking seabios (1.16.3-2) ...
2025-07-01T16:09:40.7367367Z Selecting previously unselected package qemu-system-x86.
2025-07-01T16:09:40.7504614Z Preparing to unpack .../78-qemu-system-x86_1%3a8.2.2+ds-0ubuntu1.7_amd64.deb ...
2025-07-01T16:09:40.7568641Z Unpacking qemu-system-x86 (1:8.2.2+ds-0ubuntu1.7) ...
2025-07-01T16:09:40.9737220Z Selecting previously unselected package qemu-system-sparc.
2025-07-01T16:09:40.9877164Z Preparing to unpack .../79-qemu-system-sparc_1%3a8.2.2+ds-0ubuntu1.7_amd64.deb ...
2025-07-01T16:09:40.9940392Z Unpacking qemu-system-sparc (1:8.2.2+ds-0ubuntu1.7) ...
2025-07-01T16:09:41.1000593Z Selecting previously unselected package qemu-system-s390x.
2025-07-01T16:09:41.1140698Z Preparing to unpack .../80-qemu-system-s390x_1%3a8.2.2+ds-0ubuntu1.7_amd64.deb ...
2025-07-01T16:09:41.1204422Z Unpacking qemu-system-s390x (1:8.2.2+ds-0ubuntu1.7) ...
2025-07-01T16:09:41.1902060Z Selecting previously unselected package qemu-system-ppc.
2025-07-01T16:09:41.2040747Z Preparing to unpack .../81-qemu-system-ppc_1%3a8.2.2+ds-0ubuntu1.7_amd64.deb ...
2025-07-01T16:09:41.2106477Z Unpacking qemu-system-ppc (1:8.2.2+ds-0ubuntu1.7) ...
2025-07-01T16:09:41.3804461Z Selecting previously unselected package qemu-system-misc.
2025-07-01T16:09:41.3952892Z Preparing to unpack .../82-qemu-system-misc_1%3a8.2.2+ds-0ubuntu1.7_amd64.deb ...
2025-07-01T16:09:41.4026739Z Unpacking qemu-system-misc (1:8.2.2+ds-0ubuntu1.7) ...
2025-07-01T16:09:42.2131217Z Selecting previously unselected package qemu-system-mips.
2025-07-01T16:09:42.2274569Z Preparing to unpack .../83-qemu-system-mips_1%3a8.2.2+ds-0ubuntu1.7_amd64.deb ...
2025-07-01T16:09:42.2337621Z Unpacking qemu-system-mips (1:8.2.2+ds-0ubuntu1.7) ...
2025-07-01T16:09:42.4837004Z Selecting previously unselected package qemu-system-arm.
2025-07-01T16:09:42.4983537Z Preparing to unpack .../84-qemu-system-arm_1%3a8.2.2+ds-0ubuntu1.7_amd64.deb ...
2025-07-01T16:09:42.5049189Z Unpacking qemu-system-arm (1:8.2.2+ds-0ubuntu1.7) ...
2025-07-01T16:09:42.7261165Z Selecting previously unselected package qemu-utils.
2025-07-01T16:09:42.7412602Z Preparing to unpack .../85-qemu-utils_1%3a8.2.2+ds-0ubuntu1.7_amd64.deb ...
2025-07-01T16:09:42.7419700Z Unpacking qemu-utils (1:8.2.2+ds-0ubuntu1.7) ...
2025-07-01T16:09:42.8184225Z Selecting previously unselected package qemu-block-extra.
2025-07-01T16:09:42.8330960Z Preparing to unpack .../86-qemu-block-extra_1%3a8.2.2+ds-0ubuntu1.7_amd64.deb ...
2025-07-01T16:09:42.8338648Z Unpacking qemu-block-extra (1:8.2.2+ds-0ubuntu1.7) ...
2025-07-01T16:09:42.8576316Z Selecting previously unselected package qemu-system.
2025-07-01T16:09:42.8718453Z Preparing to unpack .../87-qemu-system_1%3a8.2.2+ds-0ubuntu1.7_amd64.deb ...
2025-07-01T16:09:42.8725673Z Unpacking qemu-system (1:8.2.2+ds-0ubuntu1.7) ...
2025-07-01T16:09:42.8930820Z Selecting previously unselected package qemu-system-modules-opengl.
2025-07-01T16:09:42.9068888Z Preparing to unpack .../88-qemu-system-modules-opengl_1%3a8.2.2+ds-0ubuntu1.7_amd64.deb ...
2025-07-01T16:09:42.9076386Z Unpacking qemu-system-modules-opengl (1:8.2.2+ds-0ubuntu1.7) ...
2025-07-01T16:09:42.9334078Z Selecting previously unselected package qemu-system-gui.
2025-07-01T16:09:42.9480568Z Preparing to unpack .../89-qemu-system-gui_1%3a8.2.2+ds-0ubuntu1.7_amd64.deb ...
2025-07-01T16:09:42.9487657Z Unpacking qemu-system-gui (1:8.2.2+ds-0ubuntu1.7) ...
2025-07-01T16:09:42.9749378Z Selecting previously unselected package qemu-system-modules-spice.
2025-07-01T16:09:42.9892491Z Preparing to unpack .../90-qemu-system-modules-spice_1%3a8.2.2+ds-0ubuntu1.7_amd64.deb ...
2025-07-01T16:09:42.9901258Z Unpacking qemu-system-modules-spice (1:8.2.2+ds-0ubuntu1.7) ...
2025-07-01T16:09:43.0137304Z Selecting previously unselected package qemu-user-static.
2025-07-01T16:09:43.0282019Z Preparing to unpack .../91-qemu-user-static_1%3a8.2.2+ds-0ubuntu1.7_amd64.deb ...
2025-07-01T16:09:43.0290928Z Unpacking qemu-user-static (1:8.2.2+ds-0ubuntu1.7) ...
2025-07-01T16:09:43.4887366Z Selecting previously unselected package ovmf.
2025-07-01T16:09:43.5030861Z Preparing to unpack .../92-ovmf_2024.02-2ubuntu0.4_all.deb ...
2025-07-01T16:09:43.5037885Z Unpacking ovmf (2024.02-2ubuntu0.4) ...
2025-07-01T16:09:43.5637482Z Selecting previously unselected package qemu-efi-aarch64.
2025-07-01T16:09:43.5783349Z Preparing to unpack .../93-qemu-efi-aarch64_2024.02-2ubuntu0.4_all.deb ...
2025-07-01T16:09:43.5794906Z Unpacking qemu-efi-aarch64 (2024.02-2ubuntu0.4) ...
2025-07-01T16:09:44.4961235Z Selecting previously unselected package qemu-efi-arm.
2025-07-01T16:09:44.5103280Z Preparing to unpack .../94-qemu-efi-arm_2024.02-2ubuntu0.4_all.deb ...
2025-07-01T16:09:44.5111604Z Unpacking qemu-efi-arm (2024.02-2ubuntu0.4) ...
2025-07-01T16:09:44.9082059Z Setting up libpipewire-0.3-common (1.0.5-1ubuntu3) ...
2025-07-01T16:09:44.9102850Z Setting up libcdparanoia0:amd64 (3.10.2+debian-14build3) ...
2025-07-01T16:09:44.9121619Z Setting up session-migration (0.3.9build1) ...
2025-07-01T16:09:45.0275142Z Created symlink /etc/systemd/user/graphical-session-pre.target.wants/session-migration.service → /usr/lib/systemd/user/session-migration.service.
2025-07-01T16:09:45.0275942Z 
2025-07-01T16:09:45.0304417Z Setting up libraw1394-11:amd64 (2.1.2-2build3) ...
2025-07-01T16:09:45.0324143Z Setting up libproxy1v5:amd64 (0.5.4-4build1) ...
2025-07-01T16:09:45.0342154Z Setting up libtag1v5-vanilla:amd64 (1.13.1-1build1) ...
2025-07-01T16:09:45.0363457Z Setting up libspeex1:amd64 (1.2.1-2ubuntu2.24.04.1) ...
2025-07-01T16:09:45.0405629Z Setting up libcaca0:amd64 (0.99.beta20-4build2) ...
2025-07-01T16:09:45.0425209Z Setting up libv4lconvert0t64:amd64 (1.26.1-4build3) ...
2025-07-01T16:09:45.0444650Z Setting up libtwolame0:amd64 (0.4.0-2build3) ...
2025-07-01T16:09:45.0466766Z Setting up libvte-2.91-common (0.76.0-1ubuntu0.1) ...
2025-07-01T16:09:45.0502050Z Setting up libvisual-0.4-0:amd64 (0.4.2-2build1) ...
2025-07-01T16:09:45.0521830Z Setting up qemu-user-static (1:8.2.2+ds-0ubuntu1.7) ...
2025-07-01T16:09:45.0565478Z Setting up msr-tools (1.3-5build1) ...
2025-07-01T16:09:45.0584769Z Setting up libwebrtc-audio-processing1:amd64 (0.3.1-0ubuntu6) ...
2025-07-01T16:09:45.0604501Z Setting up libboost-thread1.83.0:amd64 (1.83.0-2.1ubuntu3.1) ...
2025-07-01T16:09:45.0630013Z Setting up libsoup-3.0-common (3.4.4-5ubuntu0.4) ...
2025-07-01T16:09:45.0651034Z Setting up libmpg123-0t64:amd64 (1.32.5-1ubuntu1.1) ...
2025-07-01T16:09:45.0671693Z Setting up libfdt1:amd64 (1.7.0-2build1) ...
2025-07-01T16:09:45.0691019Z Setting up qemu-efi-aarch64 (2024.02-2ubuntu0.4) ...
2025-07-01T16:09:45.0709436Z Setting up libvte-2.91-0:amd64 (0.76.0-1ubuntu0.1) ...
2025-07-01T16:09:45.0728277Z Setting up libnfs14:amd64 (5.0.2-1build1) ...
2025-07-01T16:09:45.0747611Z Setting up liborc-0.4-0t64:amd64 (1:0.4.38-1ubuntu0.1) ...
2025-07-01T16:09:45.0766648Z Setting up ovmf (2024.02-2ubuntu0.4) ...
2025-07-01T16:09:45.0789476Z Setting up libvirglrenderer1:amd64 (1.0.0-1ubuntu2) ...
2025-07-01T16:09:45.0813226Z Setting up libspa-0.2-modules:amd64 (1.0.5-1ubuntu3) ...
2025-07-01T16:09:45.0834554Z Setting up libboost-iostreams1.83.0:amd64 (1.83.0-2.1ubuntu3.1) ...
2025-07-01T16:09:45.0854270Z Setting up libopus0:amd64 (1.4-1build1) ...
2025-07-01T16:09:45.0875066Z Setting up libxv1:amd64 (2:1.0.11-1.1build1) ...
2025-07-01T16:09:45.0895608Z Setting up libdv4t64:amd64 (1.0.0-17.1build1) ...
2025-07-01T16:09:45.0916159Z Setting up libpcsclite1:amd64 (2.0.3-1build1) ...
2025-07-01T16:09:45.0936650Z Setting up libdaxctl1:amd64 (77-2ubuntu2) ...
2025-07-01T16:09:45.0957267Z Setting up qemu-system-data (1:8.2.2+ds-0ubuntu1.7) ...
2025-07-01T16:09:45.0979432Z Setting up seabios (1.16.3-2) ...
2025-07-01T16:09:45.0999805Z Setting up libv4l-0t64:amd64 (1.26.1-4build3) ...
2025-07-01T16:09:45.1022073Z Setting up libvpx9:amd64 (1.14.0-1ubuntu2.2) ...
2025-07-01T16:09:45.1042492Z Setting up libtag1v5:amd64 (1.13.1-1build1) ...
2025-07-01T16:09:45.1091087Z Setting up cpu-checker (0.7-1.3build2) ...
2025-07-01T16:09:45.1111219Z Setting up libasyncns0:amd64 (0.8-6build4) ...
2025-07-01T16:09:45.1130994Z Setting up libwavpack1:amd64 (5.6.0-1build1) ...
2025-07-01T16:09:45.1150573Z Setting up libusbredirparser1t64:amd64 (0.13.0-2.1build1) ...
2025-07-01T16:09:45.1172539Z Setting up ipxe-qemu (1.21.1+git-20220113.fbbdc3926-0ubuntu2) ...
2025-07-01T16:09:45.1191447Z Setting up libtheora0:amd64 (1.1.1+dfsg.1-16.1build3) ...
2025-07-01T16:09:45.1210275Z Setting up libdecor-0-0:amd64 (0.2.2-1build2) ...
2025-07-01T16:09:45.1230191Z Setting up qemu-efi-arm (2024.02-2ubuntu0.4) ...
2025-07-01T16:09:45.1249900Z Setting up libndctl6:amd64 (77-2ubuntu2) ...
2025-07-01T16:09:45.1270665Z Setting up librdmacm1t64:amd64 (50.0-2ubuntu0.2) ...
2025-07-01T16:09:45.1291191Z Setting up ipxe-qemu-256k-compat-efi-roms (1.0.0+git-20150424.a25a16d-0ubuntu5) ...
2025-07-01T16:09:45.1310816Z Setting up libflac12t64:amd64 (1.4.3+ds-2.1ubuntu2) ...
2025-07-01T16:09:45.1330869Z Setting up libbrlapi0.8:amd64 (6.6-4ubuntu5) ...
2025-07-01T16:09:45.1351367Z Setting up glib-networking-common (2.80.0-1build1) ...
2025-07-01T16:09:45.1370531Z Setting up liburing2:amd64 (2.5-1build1) ...
2025-07-01T16:09:45.1389557Z Setting up libiscsi7:amd64 (1.19.0-3build4) ...
2025-07-01T16:09:45.1409055Z Setting up libsamplerate0:amd64 (0.2.2-4build1) ...
2025-07-01T16:09:45.1428776Z Setting up libpmem1:amd64 (1.13.1-1.1ubuntu2) ...
2025-07-01T16:09:45.1449387Z Setting up libpipewire-0.3-0t64:amd64 (1.0.5-1ubuntu3) ...
2025-07-01T16:09:45.1468693Z Setting up libdecor-0-plugin-1-gtk:amd64 (0.2.2-1build2) ...
2025-07-01T16:09:45.1489209Z Setting up libmp3lame0:amd64 (3.100-6build1) ...
2025-07-01T16:09:45.1508603Z Setting up libvorbisenc2:amd64 (1.3.7-1build3) ...
2025-07-01T16:09:45.1528909Z Setting up libaa1:amd64 (1.4p5-51.1) ...
2025-07-01T16:09:45.1548962Z Setting up libiec61883-0:amd64 (1.2.0-6build1) ...
2025-07-01T16:09:45.1568569Z Setting up libavc1394-0:amd64 (0.5.4-5build3) ...
2025-07-01T16:09:45.1590958Z Setting up gsettings-desktop-schemas (46.1-0ubuntu1) ...
2025-07-01T16:09:45.1610861Z Setting up glib-networking-services (2.80.0-1build1) ...
2025-07-01T16:09:45.1629102Z Setting up librados2 (19.2.0-0ubuntu0.24.04.2) ...
2025-07-01T16:09:45.1649243Z Setting up libgstreamer-plugins-base1.0-0:amd64 (1.24.2-1ubuntu0.2) ...
2025-07-01T16:09:45.1667458Z Setting up libcacard0:amd64 (1:2.8.0-3build4) ...
2025-07-01T16:09:45.1688140Z Setting up libgstreamer-plugins-good1.0-0:amd64 (1.24.2-1ubuntu1.1) ...
2025-07-01T16:09:45.1706730Z Setting up gstreamer1.0-plugins-base:amd64 (1.24.2-1ubuntu0.2) ...
2025-07-01T16:09:45.1725305Z Setting up libshout3:amd64 (2.4.6-1build2) ...
2025-07-01T16:09:45.1745581Z Setting up libpmemobj1:amd64 (1.13.1-1.1ubuntu2) ...
2025-07-01T16:09:45.1765333Z Setting up librbd1 (19.2.0-0ubuntu0.24.04.2) ...
2025-07-01T16:09:45.1786843Z Setting up libjack-jackd2-0:amd64 (1.9.21~dfsg-3ubuntu3) ...
2025-07-01T16:09:45.1807064Z Setting up libsndfile1:amd64 (1.2.2-1ubuntu5.24.04.1) ...
2025-07-01T16:09:45.1826993Z Setting up qemu-utils (1:8.2.2+ds-0ubuntu1.7) ...
2025-07-01T16:09:45.1846770Z Setting up qemu-block-extra (1:8.2.2+ds-0ubuntu1.7) ...
2025-07-01T16:09:45.2873836Z Created symlink /etc/systemd/system/multi-user.target.wants/run-qemu.mount → /usr/lib/systemd/system/run-qemu.mount.
2025-07-01T16:09:45.2874381Z 
2025-07-01T16:09:46.1352260Z Setting up gstreamer1.0-x:amd64 (1.24.2-1ubuntu0.2) ...
2025-07-01T16:09:46.1373154Z Setting up qemu-system-common (1:8.2.2+ds-0ubuntu1.7) ...
2025-07-01T16:09:46.2406947Z Created symlink /etc/systemd/system/multi-user.target.wants/qemu-kvm.service → /usr/lib/systemd/system/qemu-kvm.service.
2025-07-01T16:09:46.2407681Z 
2025-07-01T16:09:46.5433634Z Setting up libpulse0:amd64 (1:16.1+dfsg1-2ubuntu10.1) ...
2025-07-01T16:09:46.5504687Z Setting up qemu-system-mips (1:8.2.2+ds-0ubuntu1.7) ...
2025-07-01T16:09:46.5567603Z Setting up qemu-system-sparc (1:8.2.2+ds-0ubuntu1.7) ...
2025-07-01T16:09:46.5633064Z Setting up libspice-server1:amd64 (0.15.1-1build2) ...
2025-07-01T16:09:46.5766109Z Setting up qemu-system-x86 (1:8.2.2+ds-0ubuntu1.7) ...
2025-07-01T16:09:46.5831830Z Setting up qemu-system-ppc (1:8.2.2+ds-0ubuntu1.7) ...
2025-07-01T16:09:46.5896688Z Setting up qemu-system-misc (1:8.2.2+ds-0ubuntu1.7) ...
2025-07-01T16:09:46.5957791Z Setting up qemu-system-arm (1:8.2.2+ds-0ubuntu1.7) ...
2025-07-01T16:09:46.6019280Z Setting up qemu-system-s390x (1:8.2.2+ds-0ubuntu1.7) ...
2025-07-01T16:09:46.6083809Z Setting up libsdl2-2.0-0:amd64 (2.30.0+dfsg-1ubuntu3.1) ...
2025-07-01T16:09:46.6104720Z Setting up qemu-system-modules-opengl (1:8.2.2+ds-0ubuntu1.7) ...
2025-07-01T16:09:46.6126437Z Setting up qemu-system-gui (1:8.2.2+ds-0ubuntu1.7) ...
2025-07-01T16:09:46.6146652Z Setting up qemu-system (1:8.2.2+ds-0ubuntu1.7) ...
2025-07-01T16:09:46.6168718Z Setting up qemu-system-modules-spice (1:8.2.2+ds-0ubuntu1.7) ...
2025-07-01T16:09:46.6233985Z Processing triggers for hicolor-icon-theme (0.17-2) ...
2025-07-01T16:09:47.5316603Z Processing triggers for libc-bin (2.39-0ubuntu8.4) ...
2025-07-01T16:09:48.9401049Z Processing triggers for systemd (255.4-1ubuntu8.8) ...
2025-07-01T16:09:48.9811175Z Processing triggers for man-db (2.12.0-4build2) ...
2025-07-01T16:09:56.8531754Z Processing triggers for libglib2.0-0t64:amd64 (2.80.0-6ubuntu3.4) ...
2025-07-01T16:09:56.9000765Z Setting up glib-networking:amd64 (2.80.0-1build1) ...
2025-07-01T16:09:56.9037700Z Setting up libsoup-3.0-0:amd64 (3.4.4-5ubuntu0.4) ...
2025-07-01T16:09:56.9075225Z Setting up gstreamer1.0-plugins-good:amd64 (1.24.2-1ubuntu1.1) ...
2025-07-01T16:09:56.9099043Z Processing triggers for libc-bin (2.39-0ubuntu8.4) ...
2025-07-01T16:09:57.5099613Z 
2025-07-01T16:09:57.5100479Z Running kernel seems to be up-to-date.
2025-07-01T16:09:57.5101027Z 
2025-07-01T16:09:57.5101259Z Restarting services...
2025-07-01T16:09:57.5173586Z 
2025-07-01T16:09:57.5174109Z Service restarts being deferred:
2025-07-01T16:09:57.5175246Z  systemctl restart hosted-compute-agent.service
2025-07-01T16:09:57.5175587Z 
2025-07-01T16:09:57.5176024Z No containers need to be restarted.
2025-07-01T16:09:57.5176304Z 
2025-07-01T16:09:57.5176484Z No user sessions are running outdated binaries.
2025-07-01T16:09:57.5176788Z 
2025-07-01T16:09:57.5177362Z No VM guests are running outdated hypervisor (qemu) binaries on this host.
2025-07-01T16:09:58.4964213Z ##[group]Run ./scripts/run_task.sh test-build-image
2025-07-01T16:09:58.4964575Z [36;1m./scripts/run_task.sh test-build-image[0m
2025-07-01T16:09:58.5028136Z shell: /usr/bin/bash --noprofile --norc -e -o pipefail {0}
2025-07-01T16:09:58.5028506Z ##[endgroup]
2025-07-01T16:09:58.7066487Z go: downloading github.com/go-task/task/v3 v3.39.2
2025-07-01T16:09:59.2142012Z go: downloading github.com/spf13/pflag v1.0.5
2025-07-01T16:09:59.2144561Z go: downloading mvdan.cc/sh/v3 v3.9.0
2025-07-01T16:09:59.2643808Z go: downloading github.com/Masterminds/semver/v3 v3.3.0
2025-07-01T16:09:59.2651174Z go: downloading github.com/alecthomas/chroma/v2 v2.14.0
2025-07-01T16:09:59.4170367Z go: downloading github.com/fatih/color v1.17.0
2025-07-01T16:09:59.4261332Z go: downloading gopkg.in/yaml.v3 v3.0.1
2025-07-01T16:09:59.4430616Z go: downloading github.com/Ladicle/tabwriter v1.0.0
2025-07-01T16:09:59.4535482Z go: downloading github.com/joho/godotenv v1.5.1
2025-07-01T16:09:59.4883066Z go: downloading github.com/radovskyb/watcher v1.0.7
2025-07-01T16:09:59.5050455Z go: downloading github.com/sajari/fuzzy v1.0.0
2025-07-01T16:09:59.5090821Z go: downloading golang.org/x/sync v0.8.0
2025-07-01T16:09:59.5106511Z go: downloading github.com/dominikbraun/graph v0.23.0
2025-07-01T16:09:59.7806134Z go: downloading github.com/dlclark/regexp2 v1.11.0
2025-07-01T16:09:59.7967596Z go: downloading github.com/muesli/cancelreader v0.2.2
2025-07-01T16:09:59.8193681Z go: downloading golang.org/x/sys v0.25.0
2025-07-01T16:09:59.9584847Z go: downloading golang.org/x/term v0.24.0
2025-07-01T16:10:00.0963061Z go: downloading github.com/mattn/go-colorable v0.1.13
2025-07-01T16:10:00.1161327Z go: downloading github.com/mattn/go-isatty v0.0.20
2025-07-01T16:10:00.1351877Z go: downloading github.com/mattn/go-zglob v0.0.6
2025-07-01T16:10:00.1579319Z go: downloading github.com/zeebo/xxh3 v1.0.2
2025-07-01T16:10:00.1902655Z go: downloading github.com/mitchellh/hashstructure/v2 v2.0.2
2025-07-01T16:10:00.2157172Z go: downloading github.com/davecgh/go-spew v1.1.1
2025-07-01T16:10:00.2433272Z go: downloading github.com/go-task/slim-sprig/v3 v3.0.0
2025-07-01T16:10:00.2713226Z go: downloading github.com/go-task/template v0.1.0
2025-07-01T16:10:00.4119518Z go: downloading github.com/klauspost/cpuid/v2 v2.0.9
2025-07-01T16:10:16.4440483Z task: [test-build-image] bash -x scripts/tests.build_docker_image.sh
2025-07-01T16:10:16.4461526Z + set -euo pipefail
2025-07-01T16:10:16.4467474Z +++ dirname scripts/tests.build_docker_image.sh
2025-07-01T16:10:16.4477625Z ++ cd scripts
2025-07-01T16:10:16.4477921Z ++ cd ..
2025-07-01T16:10:16.4478213Z ++ pwd
2025-07-01T16:10:16.4480538Z + SUBNET_EVM_PATH=/home/runner/work/subnet-evm/subnet-evm
2025-07-01T16:10:16.4481397Z + source /home/runner/work/subnet-evm/subnet-evm/scripts/constants.sh
2025-07-01T16:10:16.4482118Z ++ set -euo pipefail
2025-07-01T16:10:16.4484377Z +++ go env GOPATH
2025-07-01T16:10:16.4513697Z ++ GOPATH=/home/runner/go
2025-07-01T16:10:16.4514264Z ++ DEFAULT_PLUGIN_DIR=/home/runner/.avalanchego/plugins
2025-07-01T16:10:16.4514851Z ++ DEFAULT_VM_NAME=subnet-evm
2025-07-01T16:10:16.4515499Z ++ DEFAULT_VM_ID=srEXiWaHuhNyGwPUi444Tu47ZEDwxTWrbQiuD7FmgSAQ6X7Dy
2025-07-01T16:10:16.4516070Z ++ IMAGE_NAME=subnet-evm_avalanchego
2025-07-01T16:10:16.4516424Z ++ AVALANCHEGO_IMAGE_NAME=avaplatform/avalanchego
2025-07-01T16:10:16.4516774Z ++ '[' '!' -d .git ']'
2025-07-01T16:10:16.4517998Z +++ git describe --tags --exact-match
2025-07-01T16:10:16.4535312Z +++ git symbolic-ref -q --short HEAD
2025-07-01T16:10:16.4550581Z +++ git rev-parse --short HEAD
2025-07-01T16:10:16.4566969Z ++ CURRENT_BRANCH=24d42c4
2025-07-01T16:10:16.4569782Z +++ git --git-dir=/home/runner/work/subnet-evm/subnet-evm/.git rev-parse HEAD
2025-07-01T16:10:16.4586102Z ++ SUBNET_EVM_COMMIT=24d42c4a5aa0c26b2727d8d8210c4ae7db4855fd
2025-07-01T16:10:16.4586865Z ++ [[ -z '' ]]
2025-07-01T16:10:16.4589082Z +++ go list -m github.com/ava-labs/avalanchego
2025-07-01T16:10:16.4929789Z ++ MODULE_DETAILS='github.com/ava-labs/avalanchego v1.13.2'
2025-07-01T16:10:16.4933755Z +++ echo 'github.com/ava-labs/avalanchego v1.13.2'
2025-07-01T16:10:16.4934815Z +++ awk '{print $2}'
2025-07-01T16:10:16.4958045Z ++ AVALANCHE_VERSION=v1.13.2
2025-07-01T16:10:16.4958647Z ++ [[ v1.13.2 =~ ^v.*[0-9]{14}-[0-9a-f]{12}$ ]]
2025-07-01T16:10:16.4959181Z ++ DOCKERHUB_TAG=24d42c4a_v1.13.2
2025-07-01T16:10:16.4959780Z ++ BUILD_IMAGE_ID=24d42c4_v1.13.2
2025-07-01T16:10:16.4960238Z ++ echo 'Using branch: 24d42c4'
2025-07-01T16:10:16.4960648Z ++ STATIC_LD_FLAGS=
2025-07-01T16:10:16.4960994Z ++ '[' '' = 1 ']'
2025-07-01T16:10:16.4961393Z ++ export 'CGO_CFLAGS=-O2 -D__BLST_PORTABLE__'
2025-07-01T16:10:16.4961915Z ++ CGO_CFLAGS='-O2 -D__BLST_PORTABLE__'
2025-07-01T16:10:16.4962617Z ++ export CGO_ENABLED=1
2025-07-01T16:10:16.4962989Z ++ CGO_ENABLED=1
2025-07-01T16:10:16.4963488Z + VM_ID=srEXiWaHuhNyGwPUi444Tu47ZEDwxTWrbQiuD7FmgSAQ6X7Dy
2025-07-01T16:10:16.4964154Z + echo 'checking build of single-arch image'
2025-07-01T16:10:16.4965179Z + build_and_test subnet-evm_avalanchego srEXiWaHuhNyGwPUi444Tu47ZEDwxTWrbQiuD7FmgSAQ6X7Dy false avalanchego
2025-07-01T16:10:16.4966330Z + local imagename=subnet-evm_avalanchego
2025-07-01T16:10:16.4967001Z + local vm_id=srEXiWaHuhNyGwPUi444Tu47ZEDwxTWrbQiuD7FmgSAQ6X7Dy
2025-07-01T16:10:16.4967668Z + local multiarch_image=false
2025-07-01T16:10:16.4968159Z + local avalanchego_local_image_name=avalanchego
2025-07-01T16:10:16.4968679Z + [[ false == true ]]
2025-07-01T16:10:16.4969031Z + local host_arch
2025-07-01T16:10:16.4969372Z Using branch: 24d42c4
2025-07-01T16:10:16.4969768Z checking build of single-arch image
2025-07-01T16:10:16.4970210Z ++ go env GOARCH
2025-07-01T16:10:16.4993702Z + host_arch=amd64
2025-07-01T16:10:16.4994041Z + local arches=linux/amd64
2025-07-01T16:10:16.4994428Z + local imgtag=testtag
2025-07-01T16:10:16.4994820Z + PLATFORMS=linux/amd64
2025-07-01T16:10:16.4995205Z + BUILD_IMAGE_ID=testtag
2025-07-01T16:10:16.4995762Z + VM_ID=srEXiWaHuhNyGwPUi444Tu47ZEDwxTWrbQiuD7FmgSAQ6X7Dy
2025-07-01T16:10:16.4996394Z + IMAGE_NAME=subnet-evm_avalanchego
2025-07-01T16:10:16.4996912Z + AVALANCHEGO_LOCAL_IMAGE_NAME=avalanchego
2025-07-01T16:10:16.4997423Z + ./scripts/build_docker_image.sh
2025-07-01T16:10:16.5213754Z Using branch: 24d42c4
2025-07-01T16:10:16.7470695Z v1.13.2: Pulling from avaplatform/avalanchego
2025-07-01T16:10:16.8435137Z dad67da3f26b: Pulling fs layer
2025-07-01T16:10:16.8435824Z db6e49493072: Pulling fs layer
2025-07-01T16:10:16.8436504Z 4f4fb700ef54: Pulling fs layer
2025-07-01T16:10:16.8437084Z 1814880c8843: Pulling fs layer
2025-07-01T16:10:16.8437596Z 1814880c8843: Waiting
2025-07-01T16:10:16.8988715Z 4f4fb700ef54: Verifying Checksum
2025-07-01T16:10:16.8989366Z 4f4fb700ef54: Download complete
2025-07-01T16:10:16.9131311Z db6e49493072: Download complete
2025-07-01T16:10:17.0687762Z dad67da3f26b: Verifying Checksum
2025-07-01T16:10:17.0688362Z dad67da3f26b: Download complete
2025-07-01T16:10:17.5536479Z 1814880c8843: Verifying Checksum
2025-07-01T16:10:17.5537132Z 1814880c8843: Download complete
2025-07-01T16:10:18.1398093Z dad67da3f26b: Pull complete
2025-07-01T16:10:19.2778968Z db6e49493072: Pull complete
2025-07-01T16:10:19.2872803Z 4f4fb700ef54: Pull complete
2025-07-01T16:10:19.6752098Z 1814880c8843: Pull complete
2025-07-01T16:10:19.6791660Z Digest: sha256:6b92161ac0297783753016a9cd4f35eefaaf9d8c9ae150befd3f64967b0f053b
2025-07-01T16:10:19.6804455Z Status: Downloaded newer image for avaplatform/avalanchego:v1.13.2
2025-07-01T16:10:19.6814354Z docker.io/avaplatform/avalanchego:v1.13.2
2025-07-01T16:10:19.6831784Z Building Docker Image: subnet-evm_avalanchego:testtag based of AvalancheGo@v1.13.2
2025-07-01T16:10:20.0411905Z #0 building with "default" instance using docker driver
2025-07-01T16:10:20.0412914Z 
2025-07-01T16:10:20.0413269Z #1 [internal] load build definition from Dockerfile
2025-07-01T16:10:20.0414187Z #1 transferring dockerfile: 2.42kB done
2025-07-01T16:10:20.0414916Z #1 DONE 0.0s
2025-07-01T16:10:20.0415219Z 
2025-07-01T16:10:20.0416134Z #2 [internal] load metadata for docker.io/avaplatform/avalanchego:v1.13.2
2025-07-01T16:10:20.0416834Z #2 DONE 0.0s
2025-07-01T16:10:20.0416995Z 
2025-07-01T16:10:20.0417219Z #3 [auth] library/golang:pull token for registry-1.docker.io
2025-07-01T16:10:20.0417684Z #3 DONE 0.0s
2025-07-01T16:10:20.0417848Z 
2025-07-01T16:10:20.0418118Z #4 [internal] load metadata for docker.io/library/golang:1.23.9-bookworm
2025-07-01T16:10:20.2254719Z #4 DONE 0.3s
2025-07-01T16:10:20.3484840Z 
2025-07-01T16:10:20.3485574Z #5 [internal] load .dockerignore
2025-07-01T16:10:20.3486353Z #5 transferring context: 105B done
2025-07-01T16:10:20.3487986Z #5 DONE 0.0s
2025-07-01T16:10:20.3488233Z 
2025-07-01T16:10:20.3488959Z #6 [execution 1/2] FROM docker.io/avaplatform/avalanchego:v1.13.2
2025-07-01T16:10:20.3489948Z #6 DONE 0.0s
2025-07-01T16:10:20.3490495Z 
2025-07-01T16:10:20.3491690Z #7 [builder 1/8] FROM docker.io/library/golang:1.23.9-bookworm@sha256:6a3aa4fd2c3e15bc8cb450e4a0ae353fb73b5f593bcbb5b25ffeee860cc2ec2a
2025-07-01T16:10:20.3493915Z #7 resolve docker.io/library/golang:1.23.9-bookworm@sha256:6a3aa4fd2c3e15bc8cb450e4a0ae353fb73b5f593bcbb5b25ffeee860cc2ec2a done
2025-07-01T16:10:20.3496549Z #7 sha256:6a3aa4fd2c3e15bc8cb450e4a0ae353fb73b5f593bcbb5b25ffeee860cc2ec2a 9.10kB / 9.10kB done
2025-07-01T16:10:20.3497776Z #7 sha256:79b2f47ad4443652b9b5cc81a95ede249fd976310efdbee159f29638783778c0 3.15MB / 64.40MB 0.1s
2025-07-01T16:10:20.3499731Z #7 sha256:0c9738aabadd34e99cf5263ae1337ad5330126c87a1fab4ffabec2284944c991 2.32kB / 2.32kB done
2025-07-01T16:10:20.3500854Z #7 sha256:7a0d537c74048d90164dee15b033ba23c217803a53cd9e2efc48482d9b7b4e51 2.80kB / 2.80kB done
2025-07-01T16:10:20.3501987Z #7 sha256:3e6b9d1a95114e19f12262a4e8a59ad1d1a10ca7b82108adcf0605a200294964 2.10MB / 48.49MB 0.1s
2025-07-01T16:10:20.3503144Z #7 sha256:37927ed901b1b2608b72796c6881bf645480268eca4ac9a37b9219e050bb4d84 1.05MB / 24.02MB 0.1s
2025-07-01T16:10:20.5428567Z #7 ...
2025-07-01T16:10:20.5428882Z 
2025-07-01T16:10:20.5429055Z #8 [internal] load build context
2025-07-01T16:10:20.5429601Z #8 transferring context: 13.12MB 0.2s done
2025-07-01T16:10:20.5430092Z #8 DONE 0.2s
2025-07-01T16:10:20.5430292Z 
2025-07-01T16:10:20.5431073Z #7 [builder 1/8] FROM docker.io/library/golang:1.23.9-bookworm@sha256:6a3aa4fd2c3e15bc8cb450e4a0ae353fb73b5f593bcbb5b25ffeee860cc2ec2a
2025-07-01T16:10:20.5432748Z #7 sha256:79b2f47ad4443652b9b5cc81a95ede249fd976310efdbee159f29638783778c0 33.55MB / 64.40MB 0.3s
2025-07-01T16:10:20.5433926Z #7 sha256:3e6b9d1a95114e19f12262a4e8a59ad1d1a10ca7b82108adcf0605a200294964 19.92MB / 48.49MB 0.3s
2025-07-01T16:10:20.5434852Z #7 sha256:37927ed901b1b2608b72796c6881bf645480268eca4ac9a37b9219e050bb4d84 12.58MB / 24.02MB 0.3s
2025-07-01T16:10:20.7441911Z #7 sha256:79b2f47ad4443652b9b5cc81a95ede249fd976310efdbee159f29638783778c0 54.53MB / 64.40MB 0.5s
2025-07-01T16:10:20.7442993Z #7 sha256:3e6b9d1a95114e19f12262a4e8a59ad1d1a10ca7b82108adcf0605a200294964 32.51MB / 48.49MB 0.5s
2025-07-01T16:10:20.7443795Z #7 sha256:37927ed901b1b2608b72796c6881bf645480268eca4ac9a37b9219e050bb4d84 23.07MB / 24.02MB 0.5s
2025-07-01T16:10:20.9430180Z #7 sha256:79b2f47ad4443652b9b5cc81a95ede249fd976310efdbee159f29638783778c0 64.40MB / 64.40MB 0.6s done
2025-07-01T16:10:20.9431548Z #7 sha256:3e6b9d1a95114e19f12262a4e8a59ad1d1a10ca7b82108adcf0605a200294964 48.49MB / 48.49MB 0.7s
2025-07-01T16:10:20.9433025Z #7 sha256:37927ed901b1b2608b72796c6881bf645480268eca4ac9a37b9219e050bb4d84 24.02MB / 24.02MB 0.5s done
2025-07-01T16:10:20.9434445Z #7 sha256:e10405b45d13228df144c8d42d389347041bf176392f5f9606fc4a4d7826647d 11.44MB / 74.06MB 0.7s
2025-07-01T16:10:20.9435493Z #7 sha256:86e38a7bd2e6ef4808a08ab7f5de538ee046e73d5eed810956ebe5e2dd30967f 11.53MB / 92.34MB 0.7s
2025-07-01T16:10:21.0430547Z #7 sha256:3e6b9d1a95114e19f12262a4e8a59ad1d1a10ca7b82108adcf0605a200294964 48.49MB / 48.49MB 0.7s done
2025-07-01T16:10:21.0431761Z #7 sha256:e10405b45d13228df144c8d42d389347041bf176392f5f9606fc4a4d7826647d 24.12MB / 74.06MB 0.8s
2025-07-01T16:10:21.0433001Z #7 sha256:86e38a7bd2e6ef4808a08ab7f5de538ee046e73d5eed810956ebe5e2dd30967f 18.87MB / 92.34MB 0.8s
2025-07-01T16:10:21.0434296Z #7 extracting sha256:3e6b9d1a95114e19f12262a4e8a59ad1d1a10ca7b82108adcf0605a200294964
2025-07-01T16:10:21.0435279Z #7 sha256:4f4fb700ef54461cfa02571ae0db9a0dc1e0cdb5577484a6d75e68dc38e8acc1 32B / 32B 0.8s
2025-07-01T16:10:21.0436948Z #7 sha256:05996fe98294b61bc5bf02c69305b84d9db840baad71fd1b5c2fd7cf1686088c 126B / 126B 0.8s done
2025-07-01T16:10:21.2112831Z #7 sha256:e10405b45d13228df144c8d42d389347041bf176392f5f9606fc4a4d7826647d 29.36MB / 74.06MB 0.9s
2025-07-01T16:10:21.2113978Z #7 sha256:86e38a7bd2e6ef4808a08ab7f5de538ee046e73d5eed810956ebe5e2dd30967f 25.17MB / 92.34MB 0.9s
2025-07-01T16:10:21.2114796Z #7 sha256:4f4fb700ef54461cfa02571ae0db9a0dc1e0cdb5577484a6d75e68dc38e8acc1 32B / 32B 0.8s done
2025-07-01T16:10:21.3157041Z #7 sha256:e10405b45d13228df144c8d42d389347041bf176392f5f9606fc4a4d7826647d 38.80MB / 74.06MB 1.0s
2025-07-01T16:10:21.4194359Z #7 sha256:e10405b45d13228df144c8d42d389347041bf176392f5f9606fc4a4d7826647d 51.38MB / 74.06MB 1.1s
2025-07-01T16:10:21.4195707Z #7 sha256:86e38a7bd2e6ef4808a08ab7f5de538ee046e73d5eed810956ebe5e2dd30967f 32.51MB / 92.34MB 1.1s
2025-07-01T16:10:21.5427100Z #7 sha256:e10405b45d13228df144c8d42d389347041bf176392f5f9606fc4a4d7826647d 74.06MB / 74.06MB 1.3s done
2025-07-01T16:10:21.5428275Z #7 sha256:86e38a7bd2e6ef4808a08ab7f5de538ee046e73d5eed810956ebe5e2dd30967f 42.99MB / 92.34MB 1.3s
2025-07-01T16:10:21.7998399Z #7 sha256:86e38a7bd2e6ef4808a08ab7f5de538ee046e73d5eed810956ebe5e2dd30967f 51.38MB / 92.34MB 1.5s
2025-07-01T16:10:22.0187042Z #7 sha256:86e38a7bd2e6ef4808a08ab7f5de538ee046e73d5eed810956ebe5e2dd30967f 56.62MB / 92.34MB 1.7s
2025-07-01T16:10:22.2448402Z #7 sha256:86e38a7bd2e6ef4808a08ab7f5de538ee046e73d5eed810956ebe5e2dd30967f 78.64MB / 92.34MB 2.0s
2025-07-01T16:10:22.4425501Z #7 sha256:86e38a7bd2e6ef4808a08ab7f5de538ee046e73d5eed810956ebe5e2dd30967f 92.34MB / 92.34MB 2.2s done
2025-07-01T16:10:22.6633497Z #7 extracting sha256:3e6b9d1a95114e19f12262a4e8a59ad1d1a10ca7b82108adcf0605a200294964 1.7s done
2025-07-01T16:10:22.8272751Z #7 extracting sha256:37927ed901b1b2608b72796c6881bf645480268eca4ac9a37b9219e050bb4d84 0.1s
2025-07-01T16:10:23.3521325Z #7 extracting sha256:37927ed901b1b2608b72796c6881bf645480268eca4ac9a37b9219e050bb4d84 0.5s done
2025-07-01T16:10:23.5272766Z #7 extracting sha256:79b2f47ad4443652b9b5cc81a95ede249fd976310efdbee159f29638783778c0
2025-07-01T16:10:25.6850741Z #7 extracting sha256:79b2f47ad4443652b9b5cc81a95ede249fd976310efdbee159f29638783778c0 2.0s done
2025-07-01T16:10:25.8095752Z #7 extracting sha256:86e38a7bd2e6ef4808a08ab7f5de538ee046e73d5eed810956ebe5e2dd30967f
2025-07-01T16:10:27.7751275Z #7 extracting sha256:86e38a7bd2e6ef4808a08ab7f5de538ee046e73d5eed810956ebe5e2dd30967f 1.8s done
2025-07-01T16:10:28.0465636Z #7 extracting sha256:e10405b45d13228df144c8d42d389347041bf176392f5f9606fc4a4d7826647d
2025-07-01T16:10:32.0761300Z #7 extracting sha256:e10405b45d13228df144c8d42d389347041bf176392f5f9606fc4a4d7826647d 3.9s done
2025-07-01T16:10:32.5847784Z #7 extracting sha256:05996fe98294b61bc5bf02c69305b84d9db840baad71fd1b5c2fd7cf1686088c
2025-07-01T16:10:32.8010969Z #7 extracting sha256:05996fe98294b61bc5bf02c69305b84d9db840baad71fd1b5c2fd7cf1686088c done
2025-07-01T16:10:32.8012071Z #7 extracting sha256:4f4fb700ef54461cfa02571ae0db9a0dc1e0cdb5577484a6d75e68dc38e8acc1 done
2025-07-01T16:10:32.8012953Z #7 DONE 12.4s
2025-07-01T16:10:32.8013113Z 
2025-07-01T16:10:32.8013236Z #9 [builder 2/8] WORKDIR /build
2025-07-01T16:10:32.8013841Z #9 DONE 0.0s
2025-07-01T16:10:32.8013989Z 
2025-07-01T16:10:32.8014185Z #10 [builder 3/8] COPY go.mod go.sum avalanchego* ./
2025-07-01T16:10:32.8014595Z #10 DONE 0.0s
2025-07-01T16:10:32.8014747Z 
2025-07-01T16:10:32.8014914Z #11 [builder 4/8] RUN go mod download && go mod tidy
2025-07-01T16:10:39.4125777Z #11 6.761 go: warning: "all" matched no packages
2025-07-01T16:10:41.1857698Z #11 DONE 8.5s
2025-07-01T16:10:41.3367298Z 
2025-07-01T16:10:41.3367984Z #12 [builder 5/8] COPY . .
2025-07-01T16:10:41.3467128Z #12 DONE 0.2s
2025-07-01T16:10:41.4558507Z 
2025-07-01T16:10:41.4560076Z #13 [builder 6/8] RUN [ -d ./build ] && rm -rf ./build/* || true
2025-07-01T16:10:41.4560673Z #13 DONE 0.1s
2025-07-01T16:10:41.5892865Z 
2025-07-01T16:10:41.5895405Z #14 [builder 7/8] RUN if [ "linux/amd64" = "linux/arm64" ] && [ "linux/amd64" != "linux/arm64" ]; then   apt-get update && apt-get install -y gcc-aarch64-linux-gnu &&   echo "export CC=aarch64-linux-gnu-gcc" > ./build_env.sh   ; elif [ "linux/amd64" = "linux/amd64" ] && [ "linux/amd64" != "linux/amd64" ]; then   apt-get update && apt-get install -y gcc-x86-64-linux-gnu &&   echo "export CC=x86_64-linux-gnu-gcc" > ./build_env.sh   ; else   echo "export CC=gcc" > ./build_env.sh   ; fi
2025-07-01T16:10:41.5898729Z #14 DONE 0.1s
2025-07-01T16:10:41.7022815Z 
2025-07-01T16:10:41.7025944Z #15 [builder 8/8] RUN . ./build_env.sh &&   echo "{CC=$CC, TARGETPLATFORM=linux/amd64, BUILDPLATFORM=linux/amd64}" &&   export GOARCH=$(echo linux/amd64 | cut -d / -f2) &&   export CURRENT_BRANCH=24d42c4 &&   export SUBNET_EVM_COMMIT=24d42c4a5aa0c26b2727d8d8210c4ae7db4855fd &&   ./scripts/build.sh build/subnet-evm
2025-07-01T16:10:41.7028264Z #15 0.112 {CC=gcc, TARGETPLATFORM=linux/amd64, BUILDPLATFORM=linux/amd64}
2025-07-01T16:10:41.8723751Z #15 0.131 Using branch: 24d42c4
2025-07-01T16:10:41.8724674Z #15 0.131 Building Subnet EVM @ GitCommit: 24d42c4a5aa0c26b2727d8d8210c4ae7db4855fd at build/subnet-evm
2025-07-01T16:11:49.1704605Z #15 DONE 67.6s
2025-07-01T16:11:49.2905128Z 
2025-07-01T16:11:49.2906301Z #16 [execution 2/2] COPY --from=builder /build/build/subnet-evm /avalanchego/build/plugins/srEXiWaHuhNyGwPUi444Tu47ZEDwxTWrbQiuD7FmgSAQ6X7Dy
2025-07-01T16:11:49.2907356Z #16 DONE 0.1s
2025-07-01T16:11:49.4421214Z 
2025-07-01T16:11:49.4421852Z #17 exporting to image
2025-07-01T16:11:49.4422428Z #17 exporting layers
2025-07-01T16:11:50.0042864Z #17 exporting layers 0.7s done
2025-07-01T16:11:50.0221946Z #17 writing image sha256:85b082631e4952439e7e1409dbb555855985233b48a708a952993988187e3e80 done
2025-07-01T16:11:50.0223556Z #17 naming to docker.io/library/subnet-evm_avalanchego:testtag done
2025-07-01T16:11:50.0224458Z #17 naming to docker.io/library/subnet-evm_avalanchego:24d42c4a_v1.13.2 done
2025-07-01T16:11:50.0225020Z #17 DONE 0.7s
2025-07-01T16:11:50.0265639Z + echo 'listing images'
2025-07-01T16:11:50.0265961Z listing images
2025-07-01T16:11:50.0267255Z + docker images
2025-07-01T16:11:50.0379060Z REPOSITORY                TAG                IMAGE ID       CREATED        SIZE
2025-07-01T16:11:50.0380044Z subnet-evm_avalanchego    24d42c4a_v1.13.2   85b082631e49   1 second ago   215MB
2025-07-01T16:11:50.0380936Z subnet-evm_avalanchego    testtag            85b082631e49   1 second ago   215MB
2025-07-01T16:11:50.0381572Z avaplatform/avalanchego   v1.13.2            d15023d3a8cf   6 days ago     159MB
2025-07-01T16:11:50.0393500Z + target_images=('subnet-evm_avalanchego:testtag' 'subnet-evm_avalanchego:24d42c4a_v1.13.2')
2025-07-01T16:11:50.0394336Z + local target_images
2025-07-01T16:11:50.0394699Z + IFS=,
2025-07-01T16:11:50.0395018Z + read -r -a archarray
2025-07-01T16:11:50.0395989Z checking sanity of image subnet-evm_avalanchego:testtag for linux/amd64 by running 'srEXiWaHuhNyGwPUi444Tu47ZEDwxTWrbQiuD7FmgSAQ6X7Dy version'
2025-07-01T16:11:50.0396767Z + for arch in "${archarray[@]}"
2025-07-01T16:11:50.0397060Z + for target_image in "${target_images[@]}"
2025-07-01T16:11:50.0397867Z + echo 'checking sanity of image subnet-evm_avalanchego:testtag for linux/amd64 by running '\''srEXiWaHuhNyGwPUi444Tu47ZEDwxTWrbQiuD7FmgSAQ6X7Dy version'\'''
2025-07-01T16:11:50.0399477Z + docker run -t --rm --platform linux/amd64 subnet-evm_avalanchego:testtag /avalanchego/build/plugins/srEXiWaHuhNyGwPUi444Tu47ZEDwxTWrbQiuD7FmgSAQ6X7Dy --version
2025-07-01T16:11:50.2005022Z Subnet-EVM/v0.7.5@24d42c4a5aa0c26b2727d8d8210c4ae7db4855fd [AvalancheGo=v1.13.2, rpcchainvm=41]
2025-07-01T16:11:50.2683535Z + for target_image in "${target_images[@]}"
2025-07-01T16:11:50.2684911Z checking sanity of image subnet-evm_avalanchego:24d42c4a_v1.13.2 for linux/amd64 by running 'srEXiWaHuhNyGwPUi444Tu47ZEDwxTWrbQiuD7FmgSAQ6X7Dy version'
2025-07-01T16:11:50.2686430Z + echo 'checking sanity of image subnet-evm_avalanchego:24d42c4a_v1.13.2 for linux/amd64 by running '\''srEXiWaHuhNyGwPUi444Tu47ZEDwxTWrbQiuD7FmgSAQ6X7Dy version'\'''
2025-07-01T16:11:50.2687596Z + docker run -t --rm --platform linux/amd64 subnet-evm_avalanchego:24d42c4a_v1.13.2 /avalanchego/build/plugins/srEXiWaHuhNyGwPUi444Tu47ZEDwxTWrbQiuD7FmgSAQ6X7Dy --version
2025-07-01T16:11:50.4301692Z Subnet-EVM/v0.7.5@24d42c4a5aa0c26b2727d8d8210c4ae7db4855fd [AvalancheGo=v1.13.2, rpcchainvm=41]
2025-07-01T16:11:50.4933025Z + echo 'starting local docker registry to allow verification of multi-arch image builds'
2025-07-01T16:11:50.4933960Z starting local docker registry to allow verification of multi-arch image builds
2025-07-01T16:11:50.4934716Z ++ docker run --rm -d -P registry:2
2025-07-01T16:11:50.5063622Z Unable to find image 'registry:2' locally
2025-07-01T16:11:50.7120537Z 2: Pulling from library/registry
2025-07-01T16:11:50.7633976Z 44cf07d57ee4: Pulling fs layer
2025-07-01T16:11:50.7634646Z bbbdd6c6894b: Pulling fs layer
2025-07-01T16:11:50.7635220Z 8e82f80af0de: Pulling fs layer
2025-07-01T16:11:50.7635718Z 3493bf46cdec: Pulling fs layer
2025-07-01T16:11:50.7636250Z 6d464ea18732: Pulling fs layer
2025-07-01T16:11:50.7636776Z 3493bf46cdec: Waiting
2025-07-01T16:11:50.7637226Z 6d464ea18732: Waiting
2025-07-01T16:11:50.8328510Z bbbdd6c6894b: Verifying Checksum
2025-07-01T16:11:50.8329146Z bbbdd6c6894b: Download complete
2025-07-01T16:11:50.8436437Z 44cf07d57ee4: Verifying Checksum
2025-07-01T16:11:50.8438042Z 44cf07d57ee4: Download complete
2025-07-01T16:11:50.8976230Z 3493bf46cdec: Verifying Checksum
2025-07-01T16:11:50.8976684Z 3493bf46cdec: Download complete
2025-07-01T16:11:50.9081394Z 6d464ea18732: Verifying Checksum
2025-07-01T16:11:50.9081823Z 6d464ea18732: Download complete
2025-07-01T16:11:50.9104659Z 8e82f80af0de: Verifying Checksum
2025-07-01T16:11:50.9105183Z 8e82f80af0de: Download complete
2025-07-01T16:11:50.9484958Z 44cf07d57ee4: Pull complete
2025-07-01T16:11:51.0470896Z bbbdd6c6894b: Pull complete
2025-07-01T16:11:51.1368478Z 8e82f80af0de: Pull complete
2025-07-01T16:11:51.1450191Z 3493bf46cdec: Pull complete
2025-07-01T16:11:51.1521919Z 6d464ea18732: Pull complete
2025-07-01T16:11:51.1552674Z Digest: sha256:a3d8aaa63ed8681a604f1dea0aa03f100d5895b6a58ace528858a7b332415373
2025-07-01T16:11:51.1562002Z Status: Downloaded newer image for registry:2
2025-07-01T16:11:51.3030077Z + REGISTRY_CONTAINER_ID=d00780909df985bc36f504f2b1e836156bdb7ef1ec6399304dc60d51d7eed0c3
2025-07-01T16:11:51.3036675Z ++ docker port d00780909df985bc36f504f2b1e836156bdb7ef1ec6399304dc60d51d7eed0c3 5000/tcp
2025-07-01T16:11:51.3044040Z ++ grep -v ::
2025-07-01T16:11:51.3044389Z ++ awk -F: '{print $NF}'
2025-07-01T16:11:51.3174887Z + REGISTRY_PORT=32768
2025-07-01T16:11:51.3175444Z + echo 'starting docker builder that supports multiplatform builds'
2025-07-01T16:11:51.3176233Z + docker buildx create --use --name ci-builder --driver-opt network=host
2025-07-01T16:11:51.3176998Z starting docker builder that supports multiplatform builds
2025-07-01T16:11:51.3682715Z ci-builder
2025-07-01T16:11:51.3716541Z + trap cleanup EXIT
2025-07-01T16:11:51.3716967Z + echo 'checking build of multi-arch images'
2025-07-01T16:11:51.3718245Z + build_and_test localhost:32768/subnet-evm_avalanchego srEXiWaHuhNyGwPUi444Tu47ZEDwxTWrbQiuD7FmgSAQ6X7Dy true localhost:32768/avalanchego
2025-07-01T16:11:51.3719457Z checking build of multi-arch images
2025-07-01T16:11:51.3719847Z + local imagename=localhost:32768/subnet-evm_avalanchego
2025-07-01T16:11:51.3720339Z + local vm_id=srEXiWaHuhNyGwPUi444Tu47ZEDwxTWrbQiuD7FmgSAQ6X7Dy
2025-07-01T16:11:51.3720833Z + local multiarch_image=true
2025-07-01T16:11:51.3721386Z + local avalanchego_local_image_name=localhost:32768/avalanchego
2025-07-01T16:11:51.3721966Z + [[ true == true ]]
2025-07-01T16:11:51.3722505Z + local arches=linux/amd64,linux/arm64
2025-07-01T16:11:51.3722871Z + local imgtag=testtag
2025-07-01T16:11:51.3723132Z + PLATFORMS=linux/amd64,linux/arm64
2025-07-01T16:11:51.3723625Z + BUILD_IMAGE_ID=testtag
2025-07-01T16:11:51.3723980Z + VM_ID=srEXiWaHuhNyGwPUi444Tu47ZEDwxTWrbQiuD7FmgSAQ6X7Dy
2025-07-01T16:11:51.3724413Z + IMAGE_NAME=localhost:32768/subnet-evm_avalanchego
2025-07-01T16:11:51.3724833Z + AVALANCHEGO_LOCAL_IMAGE_NAME=localhost:32768/avalanchego
2025-07-01T16:11:51.3725214Z + ./scripts/build_docker_image.sh
2025-07-01T16:11:51.3932967Z Using branch: 24d42c4
2025-07-01T16:11:51.5702479Z v1.13.2: Pulling from avaplatform/avalanchego
2025-07-01T16:11:51.5757583Z Digest: sha256:6b92161ac0297783753016a9cd4f35eefaaf9d8c9ae150befd3f64967b0f053b
2025-07-01T16:11:51.5758440Z Status: Image is up to date for avaplatform/avalanchego:v1.13.2
2025-07-01T16:11:51.5764000Z docker.io/avaplatform/avalanchego:v1.13.2
2025-07-01T16:11:51.5778953Z Building Docker Image: localhost:32768/subnet-evm_avalanchego:testtag based of AvalancheGo@v1.13.2
2025-07-01T16:11:51.6196858Z #0 building with "ci-builder" instance using docker-container driver
2025-07-01T16:11:51.6197456Z 
2025-07-01T16:11:51.6197662Z #1 [internal] booting buildkit
2025-07-01T16:11:51.7702269Z #1 pulling image moby/buildkit:buildx-stable-1
2025-07-01T16:11:54.0456089Z #1 pulling image moby/buildkit:buildx-stable-1 2.4s done
2025-07-01T16:11:54.1957592Z #1 creating container buildx_buildkit_ci-builder0
2025-07-01T16:11:54.3931929Z #1 creating container buildx_buildkit_ci-builder0 0.3s done
2025-07-01T16:11:54.6267864Z #1 DONE 2.8s
2025-07-01T16:11:54.6268195Z 
2025-07-01T16:11:54.6268474Z #2 [internal] load build definition from Dockerfile
2025-07-01T16:11:54.6269024Z #2 transferring dockerfile: 2.42kB done
2025-07-01T16:11:54.6269557Z #2 DONE 0.0s
2025-07-01T16:11:54.6269754Z 
2025-07-01T16:11:54.6270100Z #3 [auth] avaplatform/avalanchego:pull token for registry-1.docker.io
2025-07-01T16:11:54.6270687Z #3 DONE 0.0s
2025-07-01T16:11:54.6270854Z 
2025-07-01T16:11:54.6271091Z #4 [auth] library/golang:pull token for registry-1.docker.io
2025-07-01T16:11:54.6271601Z #4 DONE 0.0s
2025-07-01T16:11:54.6271769Z 
2025-07-01T16:11:54.6272171Z #5 [linux/amd64 internal] load metadata for docker.io/avaplatform/avalanchego:v1.13.2
2025-07-01T16:11:54.7838615Z #5 ...
2025-07-01T16:11:54.7839349Z 
2025-07-01T16:11:54.7840141Z #6 [linux/arm64 internal] load metadata for docker.io/avaplatform/avalanchego:v1.13.2
2025-07-01T16:11:54.7841270Z #6 DONE 0.3s
2025-07-01T16:11:54.9573719Z 
2025-07-01T16:11:54.9574503Z #5 [linux/amd64 internal] load metadata for docker.io/avaplatform/avalanchego:v1.13.2
2025-07-01T16:11:54.9575370Z #5 DONE 0.4s
2025-07-01T16:11:54.9575526Z 
2025-07-01T16:11:54.9575852Z #7 [linux/amd64 internal] load metadata for docker.io/library/golang:1.23.9-bookworm
2025-07-01T16:11:56.6858339Z #7 DONE 2.2s
2025-07-01T16:11:56.7971606Z 
2025-07-01T16:11:56.7986891Z #8 [internal] load .dockerignore
2025-07-01T16:11:56.7988208Z #8 transferring context: 105B done
2025-07-01T16:11:56.7989239Z #8 DONE 0.0s
2025-07-01T16:11:56.7989856Z 
2025-07-01T16:11:56.7990938Z #9 [linux/amd64 builder 1/8] FROM docker.io/library/golang:1.23.9-bookworm@sha256:6a3aa4fd2c3e15bc8cb450e4a0ae353fb73b5f593bcbb5b25ffeee860cc2ec2a
2025-07-01T16:11:56.7993609Z #9 resolve docker.io/library/golang:1.23.9-bookworm@sha256:6a3aa4fd2c3e15bc8cb450e4a0ae353fb73b5f593bcbb5b25ffeee860cc2ec2a done
2025-07-01T16:11:56.8000168Z #9 DONE 0.1s
2025-07-01T16:11:56.8001374Z 
2025-07-01T16:11:56.8002270Z #10 [linux/arm64 execution 1/2] FROM docker.io/avaplatform/avalanchego:v1.13.2@sha256:6b92161ac0297783753016a9cd4f35eefaaf9d8c9ae150befd3f64967b0f053b
2025-07-01T16:11:56.8007942Z #10 resolve docker.io/avaplatform/avalanchego:v1.13.2@sha256:6b92161ac0297783753016a9cd4f35eefaaf9d8c9ae150befd3f64967b0f053b done
2025-07-01T16:11:56.9029286Z #10 sha256:272efa7954e04efa6a7c169a4dc8d8fe6ed877ef9393ec68d05a9fd09b58f682 121B / 121B 0.1s done
2025-07-01T16:11:56.9033677Z #10 sha256:4f4fb700ef54461cfa02571ae0db9a0dc1e0cdb5577484a6d75e68dc38e8acc1 32B / 32B 0.1s done
2025-07-01T16:11:56.9037105Z #10 sha256:ea3cac4eba0494a7bee38405270f5ae90481068957a9f66112c76caba3be4bb3 8.39MB / 35.71MB 0.2s
2025-07-01T16:11:57.0226165Z #10 sha256:34ef2a75627f6089e01995bfd3b3786509bbdc7cfb4dbc804b642e195340dbc9 13.63MB / 28.08MB 0.2s
2025-07-01T16:11:57.1291253Z #10 ...
2025-07-01T16:11:57.1293610Z 
2025-07-01T16:11:57.1293970Z #11 [internal] load build context
2025-07-01T16:11:57.1294432Z #11 transferring context: 13.12MB 0.3s done
2025-07-01T16:11:57.1300332Z #11 DONE 0.3s
2025-07-01T16:11:57.1300550Z 
2025-07-01T16:11:57.1301374Z #10 [linux/arm64 execution 1/2] FROM docker.io/avaplatform/avalanchego:v1.13.2@sha256:6b92161ac0297783753016a9cd4f35eefaaf9d8c9ae150befd3f64967b0f053b
2025-07-01T16:11:57.1302995Z #10 sha256:ea3cac4eba0494a7bee38405270f5ae90481068957a9f66112c76caba3be4bb3 16.02MB / 35.71MB 0.3s
2025-07-01T16:11:57.1304141Z #10 sha256:34ef2a75627f6089e01995bfd3b3786509bbdc7cfb4dbc804b642e195340dbc9 28.08MB / 28.08MB 0.3s done
2025-07-01T16:11:57.1305191Z #10 extracting sha256:34ef2a75627f6089e01995bfd3b3786509bbdc7cfb4dbc804b642e195340dbc9
2025-07-01T16:11:57.2359758Z #10 sha256:ea3cac4eba0494a7bee38405270f5ae90481068957a9f66112c76caba3be4bb3 26.21MB / 35.71MB 0.5s
2025-07-01T16:11:57.3519902Z #10 sha256:ea3cac4eba0494a7bee38405270f5ae90481068957a9f66112c76caba3be4bb3 31.46MB / 35.71MB 0.6s
2025-07-01T16:11:57.5357308Z #10 sha256:ea3cac4eba0494a7bee38405270f5ae90481068957a9f66112c76caba3be4bb3 35.71MB / 35.71MB 0.7s done
2025-07-01T16:11:58.4268962Z #10 extracting sha256:34ef2a75627f6089e01995bfd3b3786509bbdc7cfb4dbc804b642e195340dbc9 1.4s done
2025-07-01T16:11:58.4274380Z #10 extracting sha256:272efa7954e04efa6a7c169a4dc8d8fe6ed877ef9393ec68d05a9fd09b58f682
2025-07-01T16:11:58.5911012Z #10 extracting sha256:272efa7954e04efa6a7c169a4dc8d8fe6ed877ef9393ec68d05a9fd09b58f682 done
2025-07-01T16:11:58.5912094Z #10 extracting sha256:4f4fb700ef54461cfa02571ae0db9a0dc1e0cdb5577484a6d75e68dc38e8acc1 done
2025-07-01T16:11:58.5913222Z #10 extracting sha256:ea3cac4eba0494a7bee38405270f5ae90481068957a9f66112c76caba3be4bb3
2025-07-01T16:11:58.9387909Z #10 extracting sha256:ea3cac4eba0494a7bee38405270f5ae90481068957a9f66112c76caba3be4bb3 0.5s done
2025-07-01T16:11:58.9388724Z #10 DONE 2.2s
2025-07-01T16:11:58.9388906Z 
2025-07-01T16:11:58.9390634Z #9 [linux/amd64 builder 1/8] FROM docker.io/library/golang:1.23.9-bookworm@sha256:6a3aa4fd2c3e15bc8cb450e4a0ae353fb73b5f593bcbb5b25ffeee860cc2ec2a
2025-07-01T16:11:58.9392212Z #9 sha256:05996fe98294b61bc5bf02c69305b84d9db840baad71fd1b5c2fd7cf1686088c 126B / 126B 0.0s done
2025-07-01T16:11:58.9395022Z #9 sha256:e10405b45d13228df144c8d42d389347041bf176392f5f9606fc4a4d7826647d 74.06MB / 74.06MB 0.5s done
2025-07-01T16:11:58.9396146Z #9 sha256:86e38a7bd2e6ef4808a08ab7f5de538ee046e73d5eed810956ebe5e2dd30967f 92.34MB / 92.34MB 1.0s done
2025-07-01T16:11:58.9397294Z #9 sha256:79b2f47ad4443652b9b5cc81a95ede249fd976310efdbee159f29638783778c0 64.40MB / 64.40MB 1.1s done
2025-07-01T16:11:58.9398431Z #9 sha256:37927ed901b1b2608b72796c6881bf645480268eca4ac9a37b9219e050bb4d84 24.02MB / 24.02MB 0.3s done
2025-07-01T16:11:58.9399549Z #9 sha256:3e6b9d1a95114e19f12262a4e8a59ad1d1a10ca7b82108adcf0605a200294964 48.49MB / 48.49MB 0.4s done
2025-07-01T16:11:58.9400646Z #9 extracting sha256:3e6b9d1a95114e19f12262a4e8a59ad1d1a10ca7b82108adcf0605a200294964
2025-07-01T16:11:59.1140660Z #9 ...
2025-07-01T16:11:59.1140895Z 
2025-07-01T16:11:59.1141732Z #12 [linux/amd64 execution 1/2] FROM docker.io/avaplatform/avalanchego:v1.13.2@sha256:6b92161ac0297783753016a9cd4f35eefaaf9d8c9ae150befd3f64967b0f053b
2025-07-01T16:11:59.1143890Z #12 resolve docker.io/avaplatform/avalanchego:v1.13.2@sha256:6b92161ac0297783753016a9cd4f35eefaaf9d8c9ae150befd3f64967b0f053b done
2025-07-01T16:11:59.1145194Z #12 sha256:db6e494930728358026b5375cbc110ddf117d44cb140cdd0da7e6c0dad727968 123B / 123B 0.0s done
2025-07-01T16:11:59.1146318Z #12 sha256:1814880c88433dc1ece608596ed0f09734a83fb5582a7581f0e2d166b67e6fa5 37.92MB / 37.92MB 0.4s done
2025-07-01T16:11:59.1147482Z #12 sha256:dad67da3f26bce15939543965e09c4059533b025f707aad72ed3d3f3a09c66f8 28.23MB / 28.23MB 0.2s done
2025-07-01T16:11:59.1148837Z #12 extracting sha256:dad67da3f26bce15939543965e09c4059533b025f707aad72ed3d3f3a09c66f8 1.3s done
2025-07-01T16:11:59.1149931Z #12 extracting sha256:db6e494930728358026b5375cbc110ddf117d44cb140cdd0da7e6c0dad727968 0.0s done
2025-07-01T16:11:59.1150997Z #12 extracting sha256:4f4fb700ef54461cfa02571ae0db9a0dc1e0cdb5577484a6d75e68dc38e8acc1 done
2025-07-01T16:11:59.1152037Z #12 extracting sha256:1814880c88433dc1ece608596ed0f09734a83fb5582a7581f0e2d166b67e6fa5 0.5s done
2025-07-01T16:11:59.1152930Z #12 DONE 2.3s
2025-07-01T16:11:59.2642877Z 
2025-07-01T16:11:59.2643693Z #9 [linux/amd64 builder 1/8] FROM docker.io/library/golang:1.23.9-bookworm@sha256:6a3aa4fd2c3e15bc8cb450e4a0ae353fb73b5f593bcbb5b25ffeee860cc2ec2a
2025-07-01T16:11:59.4098283Z #9 extracting sha256:3e6b9d1a95114e19f12262a4e8a59ad1d1a10ca7b82108adcf0605a200294964 1.5s done
2025-07-01T16:11:59.4099302Z #9 DONE 2.7s
2025-07-01T16:11:59.5608540Z 
2025-07-01T16:11:59.5610226Z #9 [linux/amd64 builder 1/8] FROM docker.io/library/golang:1.23.9-bookworm@sha256:6a3aa4fd2c3e15bc8cb450e4a0ae353fb73b5f593bcbb5b25ffeee860cc2ec2a
2025-07-01T16:11:59.5611644Z #9 extracting sha256:37927ed901b1b2608b72796c6881bf645480268eca4ac9a37b9219e050bb4d84
2025-07-01T16:11:59.7740939Z #9 extracting sha256:37927ed901b1b2608b72796c6881bf645480268eca4ac9a37b9219e050bb4d84 0.4s done
2025-07-01T16:11:59.7742236Z #9 DONE 3.1s
2025-07-01T16:11:59.9246024Z 
2025-07-01T16:11:59.9247104Z #9 [linux/amd64 builder 1/8] FROM docker.io/library/golang:1.23.9-bookworm@sha256:6a3aa4fd2c3e15bc8cb450e4a0ae353fb73b5f593bcbb5b25ffeee860cc2ec2a
2025-07-01T16:11:59.9248447Z #9 extracting sha256:79b2f47ad4443652b9b5cc81a95ede249fd976310efdbee159f29638783778c0
2025-07-01T16:12:01.1629029Z #9 extracting sha256:79b2f47ad4443652b9b5cc81a95ede249fd976310efdbee159f29638783778c0 1.4s done
2025-07-01T16:12:01.1629895Z #9 DONE 4.5s
2025-07-01T16:12:01.3135118Z 
2025-07-01T16:12:01.3136423Z #9 [linux/amd64 builder 1/8] FROM docker.io/library/golang:1.23.9-bookworm@sha256:6a3aa4fd2c3e15bc8cb450e4a0ae353fb73b5f593bcbb5b25ffeee860cc2ec2a
2025-07-01T16:12:01.3137857Z #9 extracting sha256:86e38a7bd2e6ef4808a08ab7f5de538ee046e73d5eed810956ebe5e2dd30967f
2025-07-01T16:12:02.5409645Z #9 extracting sha256:86e38a7bd2e6ef4808a08ab7f5de538ee046e73d5eed810956ebe5e2dd30967f 1.4s done
2025-07-01T16:12:02.5410758Z #9 DONE 5.8s
2025-07-01T16:12:02.6913243Z 
2025-07-01T16:12:02.6914887Z #9 [linux/amd64 builder 1/8] FROM docker.io/library/golang:1.23.9-bookworm@sha256:6a3aa4fd2c3e15bc8cb450e4a0ae353fb73b5f593bcbb5b25ffeee860cc2ec2a
2025-07-01T16:12:02.6917235Z #9 extracting sha256:e10405b45d13228df144c8d42d389347041bf176392f5f9606fc4a4d7826647d
2025-07-01T16:12:05.3557406Z #9 extracting sha256:e10405b45d13228df144c8d42d389347041bf176392f5f9606fc4a4d7826647d 2.8s done
2025-07-01T16:12:05.3558404Z #9 DONE 8.7s
2025-07-01T16:12:05.5153513Z 
2025-07-01T16:12:05.5154892Z #9 [linux/amd64 builder 1/8] FROM docker.io/library/golang:1.23.9-bookworm@sha256:6a3aa4fd2c3e15bc8cb450e4a0ae353fb73b5f593bcbb5b25ffeee860cc2ec2a
2025-07-01T16:12:05.5156400Z #9 extracting sha256:05996fe98294b61bc5bf02c69305b84d9db840baad71fd1b5c2fd7cf1686088c done
2025-07-01T16:12:05.5157444Z #9 extracting sha256:4f4fb700ef54461cfa02571ae0db9a0dc1e0cdb5577484a6d75e68dc38e8acc1 done
2025-07-01T16:12:05.5158171Z #9 DONE 8.7s
2025-07-01T16:12:05.5158342Z 
2025-07-01T16:12:05.5158507Z #13 [linux/amd64 builder 2/8] WORKDIR /build
2025-07-01T16:12:07.9974501Z #13 DONE 2.6s
2025-07-01T16:12:08.1670162Z 
2025-07-01T16:12:08.1670862Z #14 [linux/amd64 builder 3/8] COPY go.mod go.sum avalanchego* ./
2025-07-01T16:12:08.1671332Z #14 DONE 0.0s
2025-07-01T16:12:08.1671555Z 
2025-07-01T16:12:08.1671775Z #15 [linux/amd64 builder 4/8] RUN go mod download && go mod tidy
2025-07-01T16:12:14.8567688Z #15 6.840 go: warning: "all" matched no packages
2025-07-01T16:12:16.2797431Z #15 DONE 8.3s
2025-07-01T16:12:16.4320450Z 
2025-07-01T16:12:16.4320904Z #16 [linux/amd64 builder 5/8] COPY . .
2025-07-01T16:12:16.7426464Z #16 DONE 0.5s
2025-07-01T16:12:16.9245527Z 
2025-07-01T16:12:16.9247938Z #17 [linux/amd64 builder 6/8] RUN [ -d ./build ] && rm -rf ./build/* || true
2025-07-01T16:12:16.9248637Z #17 DONE 0.1s
2025-07-01T16:12:16.9248809Z 
2025-07-01T16:12:16.9251127Z #18 [linux/amd64 builder 7/8] RUN if [ "linux/amd64" = "linux/arm64" ] && [ "linux/amd64" != "linux/arm64" ]; then   apt-get update && apt-get install -y gcc-aarch64-linux-gnu &&   echo "export CC=aarch64-linux-gnu-gcc" > ./build_env.sh   ; elif [ "linux/amd64" = "linux/amd64" ] && [ "linux/amd64" != "linux/amd64" ]; then   apt-get update && apt-get install -y gcc-x86-64-linux-gnu &&   echo "export CC=x86_64-linux-gnu-gcc" > ./build_env.sh   ; else   echo "export CC=gcc" > ./build_env.sh   ; fi
2025-07-01T16:12:16.9257372Z #18 DONE 0.1s
2025-07-01T16:12:16.9257635Z 
2025-07-01T16:12:16.9261723Z #19 [linux/amd64->arm64 builder 7/8] RUN if [ "linux/arm64" = "linux/arm64" ] && [ "linux/amd64" != "linux/arm64" ]; then   apt-get update && apt-get install -y gcc-aarch64-linux-gnu &&   echo "export CC=aarch64-linux-gnu-gcc" > ./build_env.sh   ; elif [ "linux/arm64" = "linux/amd64" ] && [ "linux/amd64" != "linux/amd64" ]; then   apt-get update && apt-get install -y gcc-x86-64-linux-gnu &&   echo "export CC=x86_64-linux-gnu-gcc" > ./build_env.sh   ; else   echo "export CC=gcc" > ./build_env.sh   ; fi
2025-07-01T16:12:17.0363570Z #19 0.148 Get:1 http://deb.debian.org/debian bookworm InRelease [151 kB]
2025-07-01T16:12:17.0372114Z #19 0.159 Get:2 http://deb.debian.org/debian bookworm-updates InRelease [55.4 kB]
2025-07-01T16:12:17.0373279Z #19 0.159 Get:3 http://deb.debian.org/debian-security bookworm-security InRelease [48.0 kB]
2025-07-01T16:12:17.0374150Z #19 0.229 Get:4 http://deb.debian.org/debian bookworm/main amd64 Packages [8793 kB]
2025-07-01T16:12:17.1533026Z #19 0.291 Get:5 http://deb.debian.org/debian bookworm-updates/main amd64 Packages [756 B]
2025-07-01T16:12:17.1535539Z #19 0.346 Get:6 http://deb.debian.org/debian-security bookworm-security/main amd64 Packages [270 kB]
2025-07-01T16:12:18.0165271Z #19 1.210 Fetched 9318 kB in 1s (8639 kB/s)
2025-07-01T16:12:18.7280838Z #19 1.210 Reading package lists...
2025-07-01T16:12:19.1979614Z #19 1.948 Reading package lists...
2025-07-01T16:12:19.3266273Z #19 2.402 Building dependency tree...
2025-07-01T16:12:19.4939139Z #19 2.520 Reading state information...
2025-07-01T16:12:19.4939831Z #19 2.619 The following additional packages will be installed:
2025-07-01T16:12:19.4940847Z #19 2.619   binutils-aarch64-linux-gnu cpp-12-aarch64-linux-gnu cpp-aarch64-linux-gnu
2025-07-01T16:12:19.4942141Z #19 2.619   gcc-12-aarch64-linux-gnu gcc-12-aarch64-linux-gnu-base gcc-12-cross-base
2025-07-01T16:12:19.4944306Z #19 2.619   libasan8-arm64-cross libatomic1-arm64-cross libc6-arm64-cross
2025-07-01T16:12:19.4945742Z #19 2.619   libc6-dev-arm64-cross libgcc-12-dev-arm64-cross libgcc-s1-arm64-cross
2025-07-01T16:12:19.4946704Z #19 2.620   libgomp1-arm64-cross libhwasan0-arm64-cross libitm1-arm64-cross
2025-07-01T16:12:19.4947852Z #19 2.620   liblsan0-arm64-cross libstdc++6-arm64-cross libtsan2-arm64-cross
2025-07-01T16:12:19.4948602Z #19 2.620   libubsan1-arm64-cross linux-libc-dev-arm64-cross
2025-07-01T16:12:19.4949102Z #19 2.620 Suggested packages:
2025-07-01T16:12:19.4949658Z #19 2.620   binutils-doc gcc-12-locales cpp-12-doc cpp-doc gcc-12-doc manpages-dev
2025-07-01T16:12:19.4950435Z #19 2.620   autoconf automake libtool flex bison gdb-aarch64-linux-gnu gcc-doc
2025-07-01T16:12:19.4951067Z #19 2.688 The following NEW packages will be installed:
2025-07-01T16:12:19.6054333Z #19 2.688   binutils-aarch64-linux-gnu cpp-12-aarch64-linux-gnu cpp-aarch64-linux-gnu
2025-07-01T16:12:19.6055261Z #19 2.688   gcc-12-aarch64-linux-gnu gcc-12-aarch64-linux-gnu-base gcc-12-cross-base
2025-07-01T16:12:19.6056099Z #19 2.688   gcc-aarch64-linux-gnu libasan8-arm64-cross libatomic1-arm64-cross
2025-07-01T16:12:19.6056866Z #19 2.688   libc6-arm64-cross libc6-dev-arm64-cross libgcc-12-dev-arm64-cross
2025-07-01T16:12:19.6057610Z #19 2.688   libgcc-s1-arm64-cross libgomp1-arm64-cross libhwasan0-arm64-cross
2025-07-01T16:12:19.6058731Z #19 2.688   libitm1-arm64-cross liblsan0-arm64-cross libstdc++6-arm64-cross
2025-07-01T16:12:19.6059586Z #19 2.689   libtsan2-arm64-cross libubsan1-arm64-cross linux-libc-dev-arm64-cross
2025-07-01T16:12:19.6060466Z #19 2.711 0 upgraded, 21 newly installed, 0 to remove and 4 not upgraded.
2025-07-01T16:12:19.6061033Z #19 2.711 Need to get 43.6 MB of archives.
2025-07-01T16:12:19.6061631Z #19 2.711 After this operation, 159 MB of additional disk space will be used.
2025-07-01T16:12:19.6062853Z #19 2.711 Get:1 http://deb.debian.org/debian bookworm/main amd64 binutils-aarch64-linux-gnu amd64 2.40-2 [3353 kB]
2025-07-01T16:12:19.6064033Z #19 2.735 Get:2 http://deb.debian.org/debian bookworm/main amd64 gcc-12-aarch64-linux-gnu-base amd64 12.2.0-14cross1 [37.7 kB]
2025-07-01T16:12:19.6065279Z #19 2.736 Get:3 http://deb.debian.org/debian bookworm/main amd64 cpp-12-aarch64-linux-gnu amd64 12.2.0-14cross1 [9150 kB]
2025-07-01T16:12:19.6066416Z #19 2.771 Get:4 http://deb.debian.org/debian bookworm/main amd64 cpp-aarch64-linux-gnu amd64 4:12.2.0-3 [3980 B]
2025-07-01T16:12:19.6067556Z #19 2.771 Get:5 http://deb.debian.org/debian bookworm/main amd64 gcc-12-cross-base all 12.2.0-14cross1 [33.2 kB]
2025-07-01T16:12:19.6068667Z #19 2.771 Get:6 http://deb.debian.org/debian bookworm/main amd64 libc6-arm64-cross all 2.36-8cross1 [1005 kB]
2025-07-01T16:12:19.6069775Z #19 2.775 Get:7 http://deb.debian.org/debian bookworm/main amd64 libgcc-s1-arm64-cross all 12.2.0-14cross1 [34.8 kB]
2025-07-01T16:12:19.6070925Z #19 2.775 Get:8 http://deb.debian.org/debian bookworm/main amd64 libgomp1-arm64-cross all 12.2.0-14cross1 [102 kB]
2025-07-01T16:12:19.6072057Z #19 2.776 Get:9 http://deb.debian.org/debian bookworm/main amd64 libitm1-arm64-cross all 12.2.0-14cross1 [23.5 kB]
2025-07-01T16:12:19.6073328Z #19 2.777 Get:10 http://deb.debian.org/debian bookworm/main amd64 libatomic1-arm64-cross all 12.2.0-14cross1 [9292 B]
2025-07-01T16:12:19.6074506Z #19 2.777 Get:11 http://deb.debian.org/debian bookworm/main amd64 libasan8-arm64-cross all 12.2.0-14cross1 [2097 kB]
2025-07-01T16:12:19.6075605Z #19 2.795 Get:12 http://deb.debian.org/debian bookworm/main amd64 liblsan0-arm64-cross all 12.2.0-14cross1 [926 kB]
2025-07-01T16:12:19.7446112Z #19 2.801 Get:13 http://deb.debian.org/debian bookworm/main amd64 libtsan2-arm64-cross all 12.2.0-14cross1 [2179 kB]
2025-07-01T16:12:19.7447547Z #19 2.814 Get:14 http://deb.debian.org/debian bookworm/main amd64 libstdc++6-arm64-cross all 12.2.0-14cross1 [514 kB]
2025-07-01T16:12:19.7451321Z #19 2.817 Get:15 http://deb.debian.org/debian bookworm/main amd64 libubsan1-arm64-cross all 12.2.0-14cross1 [861 kB]
2025-07-01T16:12:19.7453426Z #19 2.823 Get:16 http://deb.debian.org/debian bookworm/main amd64 libhwasan0-arm64-cross all 12.2.0-14cross1 [998 kB]
2025-07-01T16:12:19.7455880Z #19 2.831 Get:17 http://deb.debian.org/debian bookworm/main amd64 libgcc-12-dev-arm64-cross all 12.2.0-14cross1 [961 kB]
2025-07-01T16:12:19.7463355Z #19 2.835 Get:18 http://deb.debian.org/debian bookworm/main amd64 gcc-12-aarch64-linux-gnu amd64 12.2.0-14cross1 [18.0 MB]
2025-07-01T16:12:19.7465756Z #19 2.938 Get:19 http://deb.debian.org/debian bookworm/main amd64 gcc-aarch64-linux-gnu amd64 4:12.2.0-3 [1468 B]
2025-07-01T16:12:19.9095467Z #19 2.940 Get:20 http://deb.debian.org/debian bookworm/main amd64 linux-libc-dev-arm64-cross all 6.1.4-1cross1 [1815 kB]
2025-07-01T16:12:19.9099297Z #19 2.950 Get:21 http://deb.debian.org/debian bookworm/main amd64 libc6-dev-arm64-cross all 2.36-8cross1 [1424 kB]
2025-07-01T16:12:19.9355852Z #19 3.129 debconf: delaying package configuration, since apt-utils is not installed
2025-07-01T16:12:20.0407307Z #19 3.164 Fetched 43.6 MB in 0s (166 MB/s)
2025-07-01T16:12:20.0408309Z #19 3.207 Selecting previously unselected package binutils-aarch64-linux-gnu.
2025-07-01T16:12:20.0410088Z #19 3.207 (Reading database ... 
2025-07-01T16:12:20.0410810Z (Reading database ... 5%
2025-07-01T16:12:20.0411317Z (Reading database ... 10%
2025-07-01T16:12:20.0411803Z (Reading database ... 15%
2025-07-01T16:12:20.0412471Z (Reading database ... 20%
2025-07-01T16:12:20.0413603Z (Reading database ... 25%
2025-07-01T16:12:20.0414500Z (Reading database ... 30%
2025-07-01T16:12:20.0415855Z (Reading database ... 35%
2025-07-01T16:12:20.0416566Z (Reading database ... 40%
2025-07-01T16:12:20.0417130Z (Reading database ... 45%
2025-07-01T16:12:20.0417756Z (Reading database ... 50%
2025-07-01T16:12:20.0418195Z (Reading database ... 55%
2025-07-01T16:12:20.0419551Z (Reading database ... 60%
2025-07-01T16:12:20.0420254Z (Reading database ... 65%
2025-07-01T16:12:20.0420752Z (Reading database ... 70%
2025-07-01T16:12:20.0421239Z (Reading database ... 75%
2025-07-01T16:12:20.2034266Z (Reading database ... 80%
2025-07-01T16:12:20.2034700Z (Reading database ... 85%
2025-07-01T16:12:20.2035042Z (Reading database ... 90%
2025-07-01T16:12:20.2035378Z (Reading database ... 95%
2025-07-01T16:12:20.2035708Z (Reading database ... 100%
2025-07-01T16:12:20.2036219Z (Reading database ... 15609 files and directories currently installed.)
2025-07-01T16:12:20.2037038Z #19 3.244 Preparing to unpack .../00-binutils-aarch64-linux-gnu_2.40-2_amd64.deb ...
2025-07-01T16:12:20.2037765Z #19 3.247 Unpacking binutils-aarch64-linux-gnu (2.40-2) ...
2025-07-01T16:12:20.4702204Z #19 3.664 Selecting previously unselected package gcc-12-aarch64-linux-gnu-base:amd64.
2025-07-01T16:12:20.6676982Z #19 3.667 Preparing to unpack .../01-gcc-12-aarch64-linux-gnu-base_12.2.0-14cross1_amd64.deb ...
2025-07-01T16:12:20.6677917Z #19 3.668 Unpacking gcc-12-aarch64-linux-gnu-base:amd64 (12.2.0-14cross1) ...
2025-07-01T16:12:20.6678672Z #19 3.702 Selecting previously unselected package cpp-12-aarch64-linux-gnu.
2025-07-01T16:12:20.6679491Z #19 3.706 Preparing to unpack .../02-cpp-12-aarch64-linux-gnu_12.2.0-14cross1_amd64.deb ...
2025-07-01T16:12:20.6680231Z #19 3.711 Unpacking cpp-12-aarch64-linux-gnu (12.2.0-14cross1) ...
2025-07-01T16:12:21.2020043Z #19 4.396 Selecting previously unselected package cpp-aarch64-linux-gnu.
2025-07-01T16:12:21.3932639Z #19 4.398 Preparing to unpack .../03-cpp-aarch64-linux-gnu_4%3a12.2.0-3_amd64.deb ...
2025-07-01T16:12:21.3933678Z #19 4.399 Unpacking cpp-aarch64-linux-gnu (4:12.2.0-3) ...
2025-07-01T16:12:21.3934309Z #19 4.426 Selecting previously unselected package gcc-12-cross-base.
2025-07-01T16:12:21.3935035Z #19 4.427 Preparing to unpack .../04-gcc-12-cross-base_12.2.0-14cross1_all.deb ...
2025-07-01T16:12:21.3935695Z #19 4.429 Unpacking gcc-12-cross-base (12.2.0-14cross1) ...
2025-07-01T16:12:21.3936335Z #19 4.452 Selecting previously unselected package libc6-arm64-cross.
2025-07-01T16:12:21.3943662Z #19 4.457 Preparing to unpack .../05-libc6-arm64-cross_2.36-8cross1_all.deb ...
2025-07-01T16:12:21.3944332Z #19 4.459 Unpacking libc6-arm64-cross (2.36-8cross1) ...
2025-07-01T16:12:21.3944981Z #19 4.585 Selecting previously unselected package libgcc-s1-arm64-cross.
2025-07-01T16:12:21.5245546Z #19 4.590 Preparing to unpack .../06-libgcc-s1-arm64-cross_12.2.0-14cross1_all.deb ...
2025-07-01T16:12:21.5246356Z #19 4.593 Unpacking libgcc-s1-arm64-cross (12.2.0-14cross1) ...
2025-07-01T16:12:21.5247054Z #19 4.627 Selecting previously unselected package libgomp1-arm64-cross.
2025-07-01T16:12:21.5247805Z #19 4.631 Preparing to unpack .../07-libgomp1-arm64-cross_12.2.0-14cross1_all.deb ...
2025-07-01T16:12:21.5248488Z #19 4.634 Unpacking libgomp1-arm64-cross (12.2.0-14cross1) ...
2025-07-01T16:12:21.5249114Z #19 4.674 Selecting previously unselected package libitm1-arm64-cross.
2025-07-01T16:12:21.5250185Z #19 4.678 Preparing to unpack .../08-libitm1-arm64-cross_12.2.0-14cross1_all.deb ...
2025-07-01T16:12:21.5250885Z #19 4.682 Unpacking libitm1-arm64-cross (12.2.0-14cross1) ...
2025-07-01T16:12:21.5251549Z #19 4.716 Selecting previously unselected package libatomic1-arm64-cross.
2025-07-01T16:12:21.7226116Z #19 4.723 Preparing to unpack .../09-libatomic1-arm64-cross_12.2.0-14cross1_all.deb ...
2025-07-01T16:12:21.7226953Z #19 4.725 Unpacking libatomic1-arm64-cross (12.2.0-14cross1) ...
2025-07-01T16:12:21.7227696Z #19 4.758 Selecting previously unselected package libasan8-arm64-cross.
2025-07-01T16:12:21.7228890Z #19 4.763 Preparing to unpack .../10-libasan8-arm64-cross_12.2.0-14cross1_all.deb ...
2025-07-01T16:12:21.7229682Z #19 4.766 Unpacking libasan8-arm64-cross (12.2.0-14cross1) ...
2025-07-01T16:12:21.8141401Z #19 5.008 Selecting previously unselected package liblsan0-arm64-cross.
2025-07-01T16:12:21.9529173Z #19 5.016 Preparing to unpack .../11-liblsan0-arm64-cross_12.2.0-14cross1_all.deb ...
2025-07-01T16:12:21.9529954Z #19 5.016 Unpacking liblsan0-arm64-cross (12.2.0-14cross1) ...
2025-07-01T16:12:21.9531967Z #19 5.145 Selecting previously unselected package libtsan2-arm64-cross.
2025-07-01T16:12:22.1094618Z #19 5.150 Preparing to unpack .../12-libtsan2-arm64-cross_12.2.0-14cross1_all.deb ...
2025-07-01T16:12:22.1095683Z #19 5.153 Unpacking libtsan2-arm64-cross (12.2.0-14cross1) ...
2025-07-01T16:12:22.2068677Z #19 5.400 Selecting previously unselected package libstdc++6-arm64-cross.
2025-07-01T16:12:22.3150394Z #19 5.407 Preparing to unpack .../13-libstdc++6-arm64-cross_12.2.0-14cross1_all.deb ...
2025-07-01T16:12:22.3152576Z #19 5.408 Unpacking libstdc++6-arm64-cross (12.2.0-14cross1) ...
2025-07-01T16:12:22.3153513Z #19 5.508 Selecting previously unselected package libubsan1-arm64-cross.
2025-07-01T16:12:22.4712558Z #19 5.513 Preparing to unpack .../14-libubsan1-arm64-cross_12.2.0-14cross1_all.deb ...
2025-07-01T16:12:22.4713350Z #19 5.515 Unpacking libubsan1-arm64-cross (12.2.0-14cross1) ...
2025-07-01T16:12:22.4832566Z #19 5.677 Selecting previously unselected package libhwasan0-arm64-cross.
2025-07-01T16:12:22.6268775Z #19 5.679 Preparing to unpack .../15-libhwasan0-arm64-cross_12.2.0-14cross1_all.deb ...
2025-07-01T16:12:22.6272242Z #19 5.680 Unpacking libhwasan0-arm64-cross (12.2.0-14cross1) ...
2025-07-01T16:12:22.6275871Z #19 5.820 Selecting previously unselected package libgcc-12-dev-arm64-cross.
2025-07-01T16:12:22.7826185Z #19 5.825 Preparing to unpack .../16-libgcc-12-dev-arm64-cross_12.2.0-14cross1_all.deb ...
2025-07-01T16:12:22.7827681Z #19 5.826 Unpacking libgcc-12-dev-arm64-cross (12.2.0-14cross1) ...
2025-07-01T16:12:22.7906849Z #19 5.984 Selecting previously unselected package gcc-12-aarch64-linux-gnu.
2025-07-01T16:12:22.9523465Z #19 5.988 Preparing to unpack .../17-gcc-12-aarch64-linux-gnu_12.2.0-14cross1_amd64.deb ...
2025-07-01T16:12:22.9524566Z #19 5.992 Unpacking gcc-12-aarch64-linux-gnu (12.2.0-14cross1) ...
2025-07-01T16:12:23.7866039Z #19 6.980 Selecting previously unselected package gcc-aarch64-linux-gnu.
2025-07-01T16:12:23.9821733Z #19 6.985 Preparing to unpack .../18-gcc-aarch64-linux-gnu_4%3a12.2.0-3_amd64.deb ...
2025-07-01T16:12:23.9823332Z #19 6.987 Unpacking gcc-aarch64-linux-gnu (4:12.2.0-3) ...
2025-07-01T16:12:23.9824418Z #19 7.019 Selecting previously unselected package linux-libc-dev-arm64-cross.
2025-07-01T16:12:23.9825576Z #19 7.024 Preparing to unpack .../19-linux-libc-dev-arm64-cross_6.1.4-1cross1_all.deb ...
2025-07-01T16:12:23.9827805Z #19 7.025 Unpacking linux-libc-dev-arm64-cross (6.1.4-1cross1) ...
2025-07-01T16:12:24.1444233Z #19 7.338 Selecting previously unselected package libc6-dev-arm64-cross.
2025-07-01T16:12:24.3044097Z #19 7.342 Preparing to unpack .../20-libc6-dev-arm64-cross_2.36-8cross1_all.deb ...
2025-07-01T16:12:24.3046169Z #19 7.346 Unpacking libc6-dev-arm64-cross (2.36-8cross1) ...
2025-07-01T16:12:24.3611845Z #19 7.555 Setting up gcc-12-cross-base (12.2.0-14cross1) ...
2025-07-01T16:12:24.5856638Z #19 7.556 Setting up gcc-12-aarch64-linux-gnu-base:amd64 (12.2.0-14cross1) ...
2025-07-01T16:12:24.5858167Z #19 7.559 Setting up binutils-aarch64-linux-gnu (2.40-2) ...
2025-07-01T16:12:24.5859482Z #19 7.562 Setting up libc6-arm64-cross (2.36-8cross1) ...
2025-07-01T16:12:24.5860372Z #19 7.565 Setting up libitm1-arm64-cross (12.2.0-14cross1) ...
2025-07-01T16:12:24.5862682Z #19 7.573 Setting up linux-libc-dev-arm64-cross (6.1.4-1cross1) ...
2025-07-01T16:12:24.5863363Z #19 7.576 Setting up libgcc-s1-arm64-cross (12.2.0-14cross1) ...
2025-07-01T16:12:24.5864008Z #19 7.585 Setting up libatomic1-arm64-cross (12.2.0-14cross1) ...
2025-07-01T16:12:24.5864927Z #19 7.588 Setting up liblsan0-arm64-cross (12.2.0-14cross1) ...
2025-07-01T16:12:24.5865561Z #19 7.591 Setting up libgomp1-arm64-cross (12.2.0-14cross1) ...
2025-07-01T16:12:24.5866190Z #19 7.593 Setting up cpp-12-aarch64-linux-gnu (12.2.0-14cross1) ...
2025-07-01T16:12:24.5866824Z #19 7.596 Setting up libhwasan0-arm64-cross (12.2.0-14cross1) ...
2025-07-01T16:12:24.5867426Z #19 7.600 Setting up libc6-dev-arm64-cross (2.36-8cross1) ...
2025-07-01T16:12:24.5868032Z #19 7.604 Setting up libstdc++6-arm64-cross (12.2.0-14cross1) ...
2025-07-01T16:12:24.5868694Z #19 7.606 Setting up cpp-aarch64-linux-gnu (4:12.2.0-3) ...
2025-07-01T16:12:24.5869272Z #19 7.609 Setting up libasan8-arm64-cross (12.2.0-14cross1) ...
2025-07-01T16:12:24.5869859Z #19 7.612 Setting up libtsan2-arm64-cross (12.2.0-14cross1) ...
2025-07-01T16:12:24.5870459Z #19 7.615 Setting up libubsan1-arm64-cross (12.2.0-14cross1) ...
2025-07-01T16:12:24.5871081Z #19 7.618 Setting up libgcc-12-dev-arm64-cross (12.2.0-14cross1) ...
2025-07-01T16:12:24.5871739Z #19 7.621 Setting up gcc-12-aarch64-linux-gnu (12.2.0-14cross1) ...
2025-07-01T16:12:24.5872587Z #19 7.626 Setting up gcc-aarch64-linux-gnu (4:12.2.0-3) ...
2025-07-01T16:12:24.5873208Z #19 7.629 Processing triggers for libc-bin (2.36-9+deb12u10) ...
2025-07-01T16:12:24.8239365Z #19 DONE 8.0s
2025-07-01T16:12:24.8250135Z 
2025-07-01T16:12:24.8251751Z #20 [linux/amd64 builder 8/8] RUN . ./build_env.sh &&   echo "{CC=$CC, TARGETPLATFORM=linux/amd64, BUILDPLATFORM=linux/amd64}" &&   export GOARCH=$(echo linux/amd64 | cut -d / -f2) &&   export CURRENT_BRANCH=24d42c4 &&   export SUBNET_EVM_COMMIT=24d42c4a5aa0c26b2727d8d8210c4ae7db4855fd &&   ./scripts/build.sh build/subnet-evm
2025-07-01T16:12:24.8254109Z #20 0.054 {CC=gcc, TARGETPLATFORM=linux/amd64, BUILDPLATFORM=linux/amd64}
2025-07-01T16:12:24.8254669Z #20 0.074 Using branch: 24d42c4
2025-07-01T16:12:24.8255379Z #20 0.074 Building Subnet EVM @ GitCommit: 24d42c4a5aa0c26b2727d8d8210c4ae7db4855fd at build/subnet-evm
2025-07-01T16:12:24.9691837Z #20 ...
2025-07-01T16:12:24.9692091Z 
2025-07-01T16:12:24.9696769Z #21 [linux/amd64->arm64 builder 8/8] RUN . ./build_env.sh &&   echo "{CC=$CC, TARGETPLATFORM=linux/arm64, BUILDPLATFORM=linux/amd64}" &&   export GOARCH=$(echo linux/arm64 | cut -d / -f2) &&   export CURRENT_BRANCH=24d42c4 &&   export SUBNET_EVM_COMMIT=24d42c4a5aa0c26b2727d8d8210c4ae7db4855fd &&   ./scripts/build.sh build/subnet-evm
2025-07-01T16:12:24.9699006Z #21 0.094 {CC=aarch64-linux-gnu-gcc, TARGETPLATFORM=linux/arm64, BUILDPLATFORM=linux/amd64}
2025-07-01T16:12:24.9699683Z #21 0.141 Using branch: 24d42c4
2025-07-01T16:12:25.1190253Z #21 0.142 Building Subnet EVM @ GitCommit: 24d42c4a5aa0c26b2727d8d8210c4ae7db4855fd at build/subnet-evm
2025-07-01T16:14:13.2954069Z #21 ...
2025-07-01T16:14:13.2954765Z 
2025-07-01T16:14:13.2965096Z #20 [linux/amd64 builder 8/8] RUN . ./build_env.sh &&   echo "{CC=$CC, TARGETPLATFORM=linux/amd64, BUILDPLATFORM=linux/amd64}" &&   export GOARCH=$(echo linux/amd64 | cut -d / -f2) &&   export CURRENT_BRANCH=24d42c4 &&   export SUBNET_EVM_COMMIT=24d42c4a5aa0c26b2727d8d8210c4ae7db4855fd &&   ./scripts/build.sh build/subnet-evm
2025-07-01T16:14:13.2967050Z #20 DONE 116.4s
2025-07-01T16:14:13.4920910Z 
2025-07-01T16:14:13.4924779Z #22 [linux/amd64 execution 2/2] COPY --from=builder /build/build/subnet-evm /avalanchego/build/plugins/srEXiWaHuhNyGwPUi444Tu47ZEDwxTWrbQiuD7FmgSAQ6X7Dy
2025-07-01T16:14:13.4926306Z #22 DONE 0.1s
2025-07-01T16:14:13.4927182Z 
2025-07-01T16:14:13.4929070Z #21 [linux/amd64->arm64 builder 8/8] RUN . ./build_env.sh &&   echo "{CC=$CC, TARGETPLATFORM=linux/arm64, BUILDPLATFORM=linux/amd64}" &&   export GOARCH=$(echo linux/arm64 | cut -d / -f2) &&   export CURRENT_BRANCH=24d42c4 &&   export SUBNET_EVM_COMMIT=24d42c4a5aa0c26b2727d8d8210c4ae7db4855fd &&   ./scripts/build.sh build/subnet-evm
2025-07-01T16:14:24.4797551Z #21 DONE 119.7s
2025-07-01T16:14:24.6329953Z 
2025-07-01T16:14:24.6331916Z #23 [linux/arm64 execution 2/2] COPY --from=builder /build/build/subnet-evm /avalanchego/build/plugins/srEXiWaHuhNyGwPUi444Tu47ZEDwxTWrbQiuD7FmgSAQ6X7Dy
2025-07-01T16:14:24.6333362Z #23 DONE 0.1s
2025-07-01T16:14:24.7850809Z 
2025-07-01T16:14:26.4315651Z #24 exporting to image
2025-07-01T16:14:26.4316106Z #24 exporting layers
2025-07-01T16:14:26.4316708Z #24 exporting layers 1.8s done
2025-07-01T16:14:26.6090574Z #24 exporting manifest sha256:b19c20d96188f04df9204b198b58a01816fa4612654d58a94bbd3a3fbc089982 done
2025-07-01T16:14:26.6091772Z #24 exporting config sha256:d29b176d3d5b01d82ef0476a472cd2ac268ebcf0e8192b0c18b4e42f1ca570c5 done
2025-07-01T16:14:26.6093148Z #24 exporting attestation manifest sha256:ef4acdf57400cedea69afc0df6d072adfc5707a958fc335b4506253fa149acb6 done
2025-07-01T16:14:26.6094347Z #24 exporting manifest sha256:5b7b47fe3f8d373b101cad030b1a01a56a7605b097b19ab55d18d8b0bae4cd25 done
2025-07-01T16:14:26.6095413Z #24 exporting config sha256:ced3c44095ec13b77550f84413667f86a6cb4e558dc4d77dc7ebd3921a65a8c4 done
2025-07-01T16:14:26.6096556Z #24 exporting attestation manifest sha256:40bd10e802583285dc5e3595de0db41d02d2b84531cc378d61a83c9d7053a728 done
2025-07-01T16:14:26.6097723Z #24 exporting manifest list sha256:47aa698653efd26fc3a6f8e34251c2a31738b45f42a1264ff779f2c30810fa91 done
2025-07-01T16:14:26.6098475Z #24 pushing layers
2025-07-01T16:14:26.8680507Z #24 pushing layers 0.4s done
2025-07-01T16:14:26.8682141Z #24 pushing manifest for localhost:32768/subnet-evm_avalanchego:testtag@sha256:47aa698653efd26fc3a6f8e34251c2a31738b45f42a1264ff779f2c30810fa91
2025-07-01T16:14:26.9443299Z #24 pushing layers 0.0s done
2025-07-01T16:14:26.9444778Z #24 pushing manifest for localhost:32768/subnet-evm_avalanchego:testtag@sha256:47aa698653efd26fc3a6f8e34251c2a31738b45f42a1264ff779f2c30810fa91 0.0s done
2025-07-01T16:14:26.9447011Z #24 pushing manifest for localhost:32768/subnet-evm_avalanchego:24d42c4a_v1.13.2@sha256:47aa698653efd26fc3a6f8e34251c2a31738b45f42a1264ff779f2c30810fa91 done
2025-07-01T16:14:26.9448356Z #24 DONE 2.3s
2025-07-01T16:14:26.9504627Z + echo 'listing images'
2025-07-01T16:14:26.9504975Z + docker images
2025-07-01T16:14:26.9505273Z listing images
2025-07-01T16:14:26.9622991Z REPOSITORY                TAG                IMAGE ID       CREATED         SIZE
2025-07-01T16:14:26.9624161Z subnet-evm_avalanchego    24d42c4a_v1.13.2   85b082631e49   2 minutes ago   215MB
2025-07-01T16:14:26.9624907Z subnet-evm_avalanchego    testtag            85b082631e49   2 minutes ago   215MB
2025-07-01T16:14:26.9625653Z avaplatform/avalanchego   v1.13.2            d15023d3a8cf   6 days ago      159MB
2025-07-01T16:14:26.9626338Z moby/buildkit             buildx-stable-1    72a94020693f   5 weeks ago     216MB
2025-07-01T16:14:26.9626933Z registry                  2                  26b2eb03618e   21 months ago   25.4MB
2025-07-01T16:14:26.9637774Z + target_images=('localhost:32768/subnet-evm_avalanchego:testtag' 'localhost:32768/subnet-evm_avalanchego:24d42c4a_v1.13.2')
2025-07-01T16:14:26.9639188Z + local target_images
2025-07-01T16:14:26.9639740Z + IFS=,
2025-07-01T16:14:26.9640140Z + read -r -a archarray
2025-07-01T16:14:26.9640691Z + for arch in "${archarray[@]}"
2025-07-01T16:14:26.9641285Z + for target_image in "${target_images[@]}"
2025-07-01T16:14:26.9643015Z + echo 'checking sanity of image localhost:32768/subnet-evm_avalanchego:testtag for linux/amd64 by running '\''srEXiWaHuhNyGwPUi444Tu47ZEDwxTWrbQiuD7FmgSAQ6X7Dy version'\'''
2025-07-01T16:14:26.9644792Z checking sanity of image localhost:32768/subnet-evm_avalanchego:testtag for linux/amd64 by running 'srEXiWaHuhNyGwPUi444Tu47ZEDwxTWrbQiuD7FmgSAQ6X7Dy version'
2025-07-01T16:14:26.9646919Z + docker run -t --rm --platform linux/amd64 localhost:32768/subnet-evm_avalanchego:testtag /avalanchego/build/plugins/srEXiWaHuhNyGwPUi444Tu47ZEDwxTWrbQiuD7FmgSAQ6X7Dy --version
2025-07-01T16:14:26.9748982Z Unable to find image 'localhost:32768/subnet-evm_avalanchego:testtag' locally
2025-07-01T16:14:26.9870162Z testtag: Pulling from subnet-evm_avalanchego
2025-07-01T16:14:26.9925986Z dad67da3f26b: Already exists
2025-07-01T16:14:26.9936634Z db6e49493072: Already exists
2025-07-01T16:14:26.9948126Z 4f4fb700ef54: Already exists
2025-07-01T16:14:26.9961943Z 1814880c8843: Already exists
2025-07-01T16:14:26.9970890Z 3772298713c1: Pulling fs layer
2025-07-01T16:14:27.0495411Z 3772298713c1: Download complete
2025-07-01T16:14:27.3029616Z 3772298713c1: Pull complete
2025-07-01T16:14:27.3065215Z Digest: sha256:47aa698653efd26fc3a6f8e34251c2a31738b45f42a1264ff779f2c30810fa91
2025-07-01T16:14:27.3074901Z Status: Downloaded newer image for localhost:32768/subnet-evm_avalanchego:testtag
2025-07-01T16:14:27.4359887Z Subnet-EVM/v0.7.5@24d42c4a5aa0c26b2727d8d8210c4ae7db4855fd [AvalancheGo=v1.13.2, rpcchainvm=41]
2025-07-01T16:14:27.4957646Z + for target_image in "${target_images[@]}"
2025-07-01T16:14:27.4958939Z + echo 'checking sanity of image localhost:32768/subnet-evm_avalanchego:24d42c4a_v1.13.2 for linux/amd64 by running '\''srEXiWaHuhNyGwPUi444Tu47ZEDwxTWrbQiuD7FmgSAQ6X7Dy version'\'''
2025-07-01T16:14:27.4960344Z + docker run -t --rm --platform linux/amd64 localhost:32768/subnet-evm_avalanchego:24d42c4a_v1.13.2 /avalanchego/build/plugins/srEXiWaHuhNyGwPUi444Tu47ZEDwxTWrbQiuD7FmgSAQ6X7Dy --version
2025-07-01T16:14:27.4961493Z checking sanity of image localhost:32768/subnet-evm_avalanchego:24d42c4a_v1.13.2 for linux/amd64 by running 'srEXiWaHuhNyGwPUi444Tu47ZEDwxTWrbQiuD7FmgSAQ6X7Dy version'
2025-07-01T16:14:27.5070115Z Unable to find image 'localhost:32768/subnet-evm_avalanchego:24d42c4a_v1.13.2' locally
2025-07-01T16:14:27.5191782Z 24d42c4a_v1.13.2: Pulling from subnet-evm_avalanchego
2025-07-01T16:14:27.5235236Z Digest: sha256:47aa698653efd26fc3a6f8e34251c2a31738b45f42a1264ff779f2c30810fa91
2025-07-01T16:14:27.5243270Z Status: Downloaded newer image for localhost:32768/subnet-evm_avalanchego:24d42c4a_v1.13.2
2025-07-01T16:14:27.6503015Z Subnet-EVM/v0.7.5@24d42c4a5aa0c26b2727d8d8210c4ae7db4855fd [AvalancheGo=v1.13.2, rpcchainvm=41]
2025-07-01T16:14:27.7121156Z + for arch in "${archarray[@]}"
2025-07-01T16:14:27.7121628Z + for target_image in "${target_images[@]}"
2025-07-01T16:14:27.7122868Z + echo 'checking sanity of image localhost:32768/subnet-evm_avalanchego:testtag for linux/arm64 by running '\''srEXiWaHuhNyGwPUi444Tu47ZEDwxTWrbQiuD7FmgSAQ6X7Dy version'\'''
2025-07-01T16:14:27.7124222Z + docker run -t --rm --platform linux/arm64 localhost:32768/subnet-evm_avalanchego:testtag /avalanchego/build/plugins/srEXiWaHuhNyGwPUi444Tu47ZEDwxTWrbQiuD7FmgSAQ6X7Dy --version
2025-07-01T16:14:27.7125491Z checking sanity of image localhost:32768/subnet-evm_avalanchego:testtag for linux/arm64 by running 'srEXiWaHuhNyGwPUi444Tu47ZEDwxTWrbQiuD7FmgSAQ6X7Dy version'
2025-07-01T16:14:27.7284341Z Unable to find image 'localhost:32768/subnet-evm_avalanchego:testtag' locally
2025-07-01T16:14:27.7376517Z testtag: Pulling from subnet-evm_avalanchego
2025-07-01T16:14:27.7434005Z 34ef2a75627f: Pulling fs layer
2025-07-01T16:14:27.7434676Z 272efa7954e0: Pulling fs layer
2025-07-01T16:14:27.7435118Z 4f4fb700ef54: Pulling fs layer
2025-07-01T16:14:27.7435710Z ea3cac4eba04: Pulling fs layer
2025-07-01T16:14:27.7436288Z 323baf6f1b77: Pulling fs layer
2025-07-01T16:14:27.7436725Z ea3cac4eba04: Waiting
2025-07-01T16:14:27.7437238Z 323baf6f1b77: Waiting
2025-07-01T16:14:27.7515118Z 4f4fb700ef54: Download complete
2025-07-01T16:14:27.7524661Z 272efa7954e0: Verifying Checksum
2025-07-01T16:14:27.7526069Z 272efa7954e0: Download complete
2025-07-01T16:14:27.8186061Z 323baf6f1b77: Verifying Checksum
2025-07-01T16:14:27.8186814Z 323baf6f1b77: Download complete
2025-07-01T16:14:27.8228406Z 34ef2a75627f: Verifying Checksum
2025-07-01T16:14:27.8229087Z 34ef2a75627f: Download complete
2025-07-01T16:14:27.8331953Z ea3cac4eba04: Verifying Checksum
2025-07-01T16:14:27.8332497Z ea3cac4eba04: Download complete
2025-07-01T16:14:28.9450729Z 34ef2a75627f: Pull complete
2025-07-01T16:14:29.0990348Z 272efa7954e0: Pull complete
2025-07-01T16:14:29.1078728Z 4f4fb700ef54: Pull complete
2025-07-01T16:14:29.4572135Z ea3cac4eba04: Pull complete
2025-07-01T16:14:29.6914194Z 323baf6f1b77: Pull complete
2025-07-01T16:14:29.6948386Z Digest: sha256:47aa698653efd26fc3a6f8e34251c2a31738b45f42a1264ff779f2c30810fa91
2025-07-01T16:14:29.6955684Z Status: Downloaded newer image for localhost:32768/subnet-evm_avalanchego:testtag
2025-07-01T16:14:30.4126200Z Subnet-EVM/v0.7.5@24d42c4a5aa0c26b2727d8d8210c4ae7db4855fd [AvalancheGo=v1.13.2, rpcchainvm=41]
2025-07-01T16:14:30.4841709Z + for target_image in "${target_images[@]}"
2025-07-01T16:14:30.4843578Z checking sanity of image localhost:32768/subnet-evm_avalanchego:24d42c4a_v1.13.2 for linux/arm64 by running 'srEXiWaHuhNyGwPUi444Tu47ZEDwxTWrbQiuD7FmgSAQ6X7Dy version'
2025-07-01T16:14:30.4844766Z + echo 'checking sanity of image localhost:32768/subnet-evm_avalanchego:24d42c4a_v1.13.2 for linux/arm64 by running '\''srEXiWaHuhNyGwPUi444Tu47ZEDwxTWrbQiuD7FmgSAQ6X7Dy version'\'''
2025-07-01T16:14:30.4846026Z + docker run -t --rm --platform linux/arm64 localhost:32768/subnet-evm_avalanchego:24d42c4a_v1.13.2 /avalanchego/build/plugins/srEXiWaHuhNyGwPUi444Tu47ZEDwxTWrbQiuD7FmgSAQ6X7Dy --version
2025-07-01T16:14:30.4994297Z Unable to find image 'localhost:32768/subnet-evm_avalanchego:24d42c4a_v1.13.2' locally
2025-07-01T16:14:30.5090202Z 24d42c4a_v1.13.2: Pulling from subnet-evm_avalanchego
2025-07-01T16:14:30.5129868Z Digest: sha256:47aa698653efd26fc3a6f8e34251c2a31738b45f42a1264ff779f2c30810fa91
2025-07-01T16:14:30.5138447Z Status: Downloaded newer image for localhost:32768/subnet-evm_avalanchego:24d42c4a_v1.13.2
2025-07-01T16:14:31.2177072Z Subnet-EVM/v0.7.5@24d42c4a5aa0c26b2727d8d8210c4ae7db4855fd [AvalancheGo=v1.13.2, rpcchainvm=41]
2025-07-01T16:14:31.2883124Z + cleanup
2025-07-01T16:14:31.2883471Z + echo 'stopping local docker registry'
2025-07-01T16:14:31.2883964Z + docker stop d00780909df985bc36f504f2b1e836156bdb7ef1ec6399304dc60d51d7eed0c3
2025-07-01T16:14:31.2884346Z stopping local docker registry
2025-07-01T16:14:31.3941207Z d00780909df985bc36f504f2b1e836156bdb7ef1ec6399304dc60d51d7eed0c3
2025-07-01T16:14:31.3961853Z + echo 'removing multiplatform builder'
2025-07-01T16:14:31.3963705Z + docker buildx rm ci-builder
2025-07-01T16:14:31.3964124Z removing multiplatform builder
2025-07-01T16:14:34.8744475Z ci-builder removed
2025-07-01T16:14:34.9546809Z Post job cleanup.
2025-07-01T16:14:35.0477499Z [command]/usr/bin/git version
2025-07-01T16:14:35.0516538Z git version 2.49.0
2025-07-01T16:14:35.0559441Z Temporarily overriding HOME='/home/runner/work/_temp/b9e8c5e5-8dad-44fb-8611-0cc7ba953b98' before making global git config changes
2025-07-01T16:14:35.0560628Z Adding repository directory to the temporary git global config as a safe directory
2025-07-01T16:14:35.0572012Z [command]/usr/bin/git config --global --add safe.directory /home/runner/work/subnet-evm/subnet-evm
2025-07-01T16:14:35.0605088Z [command]/usr/bin/git config --local --name-only --get-regexp core\.sshCommand
2025-07-01T16:14:35.0636698Z [command]/usr/bin/git submodule foreach --recursive sh -c "git config --local --name-only --get-regexp 'core\.sshCommand' && git config --local --unset-all 'core.sshCommand' || :"
2025-07-01T16:14:35.0857614Z [command]/usr/bin/git config --local --name-only --get-regexp http\.https\:\/\/github\.com\/\.extraheader
2025-07-01T16:14:35.0877753Z http.https://github.com/.extraheader
2025-07-01T16:14:35.0889740Z [command]/usr/bin/git config --local --unset-all http.https://github.com/.extraheader
2025-07-01T16:14:35.0919145Z [command]/usr/bin/git submodule foreach --recursive sh -c "git config --local --name-only --get-regexp 'http\.https\:\/\/github\.com\/\.extraheader' && git config --local --unset-all 'http.https://github.com/.extraheader' || :"
2025-07-01T16:14:35.1236743Z Cleaning up orphan processes
