2025-07-28T18:53:12.6209723Z ##[group]Run ava-labs/avalanchego/.github/actions/run-monitored-tmpnet-cmd@e2bcbaffcb771ed08eda454d03d3001e558438f1
2025-07-28T18:53:12.6210353Z with:
2025-07-28T18:53:12.6210577Z   run: ./scripts/run_task.sh test-e2e-load-ci
2025-07-28T18:53:12.6210866Z   artifact_prefix: load
2025-07-28T18:53:12.6211216Z   prometheus_username: ***
2025-07-28T18:53:12.6211555Z   prometheus_password: ***
2025-07-28T18:53:12.6211790Z   loki_username: ***
2025-07-28T18:53:12.6212074Z   loki_password: ***
2025-07-28T18:53:12.6212280Z   runtime: process
2025-07-28T18:53:12.6212490Z   repository_owner: ava-labs
2025-07-28T18:53:12.6212732Z   repository_name: subnet-evm
2025-07-28T18:53:12.6212961Z   workflow: Tests
2025-07-28T18:53:12.6213159Z   run_id: 16577648665
2025-07-28T18:53:12.6213356Z   run_number: 2357
2025-07-28T18:53:12.6213831Z   run_attempt: 1
2025-07-28T18:53:12.6214027Z   job: e2e_load
2025-07-28T18:53:12.6214285Z   grafana_dashboard_id: kBQpRdWnk/avalanche-main-dashboard
2025-07-28T18:53:12.6214611Z ##[endgroup]
2025-07-28T18:53:12.6313593Z ##[group]Run cachix/install-nix-action@02a151ada4993995686f9ed4f1be7cfbb229e56f
2025-07-28T18:53:12.6314008Z with:
2025-07-28T18:53:12.6314191Z   enable_kvm: true
2025-07-28T18:53:12.6314392Z ##[endgroup]
2025-07-28T18:53:12.6349587Z ##[group]Run ${GITHUB_ACTION_PATH}/install-nix.sh
2025-07-28T18:53:12.6350038Z [36;1m${GITHUB_ACTION_PATH}/install-nix.sh[0m
2025-07-28T18:53:12.6384667Z shell: /usr/bin/bash --noprofile --norc -e -o pipefail {0}
2025-07-28T18:53:12.6385042Z env:
2025-07-28T18:53:12.6385238Z   INPUT_EXTRA_NIX_CONFIG: 
2025-07-28T18:53:12.6385478Z   INPUT_GITHUB_ACCESS_TOKEN: 
2025-07-28T18:53:12.6385717Z   INPUT_INSTALL_OPTIONS: 
2025-07-28T18:53:12.6385936Z   INPUT_INSTALL_URL: 
2025-07-28T18:53:12.6386152Z   INPUT_NIX_PATH: 
2025-07-28T18:53:12.6386360Z   INPUT_ENABLE_KVM: true
2025-07-28T18:53:12.6386874Z   GITHUB_TOKEN: ***
2025-07-28T18:53:12.6387077Z ##[endgroup]
2025-07-28T18:53:12.6489069Z ##[group]Enabling KVM support
2025-07-28T18:53:12.6560933Z KERNEL=="kvm", GROUP="kvm", MODE="0666", OPTIONS+="static_node=kvm"
2025-07-28T18:53:12.6893107Z Enabled KVM
2025-07-28T18:53:12.6895963Z ##[endgroup]
2025-07-28T18:53:12.6896373Z ##[group]Installing Nix
2025-07-28T18:53:12.7200334Z installer options: --no-channel-add --darwin-use-unencrypted-nix-store-volume --nix-extra-conf-file /tmp/tmp.UzQcUAhQDC/nix.conf --daemon --daemon-user-count 8
2025-07-28T18:53:12.7372009Z * Host releases.nixos.org:443 was resolved.
2025-07-28T18:53:12.7372640Z * IPv6: 2a04:4e42:2f::729
2025-07-28T18:53:12.7372930Z * IPv4: 151.101.202.217
2025-07-28T18:53:12.7373213Z *   Trying 151.101.202.217:443...
2025-07-28T18:53:12.7380906Z * Connected to releases.nixos.org (151.101.202.217) port 443
2025-07-28T18:53:12.7395093Z * ALPN: curl offers h2,http/1.1
2025-07-28T18:53:12.7396705Z } [5 bytes data]
2025-07-28T18:53:12.7397527Z * TLSv1.3 (OUT), TLS handshake, Client hello (1):
2025-07-28T18:53:12.7398103Z } [512 bytes data]
2025-07-28T18:53:12.7609085Z *  CAfile: /etc/ssl/certs/ca-certificates.crt
2025-07-28T18:53:12.7609814Z *  CApath: /etc/ssl/certs
2025-07-28T18:53:12.7610263Z { [5 bytes data]
2025-07-28T18:53:12.7610734Z * TLSv1.3 (IN), TLS handshake, Server hello (2):
2025-07-28T18:53:12.7611298Z { [104 bytes data]
2025-07-28T18:53:12.7611794Z * TLSv1.2 (IN), TLS handshake, Certificate (11):
2025-07-28T18:53:12.7612453Z { [2827 bytes data]
2025-07-28T18:53:12.7615408Z * TLSv1.2 (IN), TLS handshake, Server key exchange (12):
2025-07-28T18:53:12.7616051Z { [300 bytes data]
2025-07-28T18:53:12.7616555Z * TLSv1.2 (IN), TLS handshake, Server finished (14):
2025-07-28T18:53:12.7617139Z { [4 bytes data]
2025-07-28T18:53:12.7617811Z * TLSv1.2 (OUT), TLS handshake, Client key exchange (16):
2025-07-28T18:53:12.7618426Z } [37 bytes data]
2025-07-28T18:53:12.7618968Z * TLSv1.2 (OUT), TLS change cipher, Change cipher spec (1):
2025-07-28T18:53:12.7619607Z } [1 bytes data]
2025-07-28T18:53:12.7620075Z * TLSv1.2 (OUT), TLS handshake, Finished (20):
2025-07-28T18:53:12.7620552Z } [16 bytes data]
2025-07-28T18:53:12.7629357Z * TLSv1.2 (IN), TLS handshake, Finished (20):
2025-07-28T18:53:12.7629853Z { [16 bytes data]
2025-07-28T18:53:12.7630431Z * SSL connection using TLSv1.2 / ECDHE-RSA-CHACHA20-POLY1305 / X25519 / RSASSA-PSS
2025-07-28T18:53:12.7631105Z * ALPN: server accepted h2
2025-07-28T18:53:12.7631485Z * Server certificate:
2025-07-28T18:53:12.7631890Z *  subject: CN=releases.nixos.org
2025-07-28T18:53:12.7632323Z *  start date: Oct 11 20:56:16 2024 GMT
2025-07-28T18:53:12.7632773Z *  expire date: Nov 12 20:56:15 2025 GMT
2025-07-28T18:53:12.7633256Z *  subjectAltName: host "releases.nixos.org" matched cert's "releases.nixos.org"
2025-07-28T18:53:12.7634046Z *  issuer: C=BE; O=GlobalSign nv-sa; CN=GlobalSign Atlas R3 DV TLS CA 2024 Q4
2025-07-28T18:53:12.7634476Z *  SSL certificate verify ok.
2025-07-28T18:53:12.7634985Z *   Certificate level 0: Public key type RSA (2048/112 Bits/secBits), signed using sha256WithRSAEncryption
2025-07-28T18:53:12.7635701Z *   Certificate level 1: Public key type RSA (2048/112 Bits/secBits), signed using sha256WithRSAEncryption
2025-07-28T18:53:12.7636439Z *   Certificate level 2: Public key type RSA (2048/112 Bits/secBits), signed using sha256WithRSAEncryption
2025-07-28T18:53:12.7636935Z } [5 bytes data]
2025-07-28T18:53:12.7637144Z * using HTTP/2
2025-07-28T18:53:12.7637513Z * [HTTP/2] [1] OPENED stream for https://releases.nixos.org/nix/nix-2.26.3/install
2025-07-28T18:53:12.7637930Z * [HTTP/2] [1] [:method: GET]
2025-07-28T18:53:12.7638187Z * [HTTP/2] [1] [:scheme: https]
2025-07-28T18:53:12.7638482Z * [HTTP/2] [1] [:authority: releases.nixos.org]
2025-07-28T18:53:12.7638819Z * [HTTP/2] [1] [:path: /nix/nix-2.26.3/install]
2025-07-28T18:53:12.7639197Z * [HTTP/2] [1] [user-agent: curl/8.5.0]
2025-07-28T18:53:12.7639535Z * [HTTP/2] [1] [accept: */*]
2025-07-28T18:53:12.7639776Z } [5 bytes data]
2025-07-28T18:53:12.7640006Z > GET /nix/nix-2.26.3/install HTTP/2
2025-07-28T18:53:12.7640288Z > Host: releases.nixos.org
2025-07-28T18:53:12.7640537Z > User-Agent: curl/8.5.0
2025-07-28T18:53:12.7640835Z > Accept: */*
2025-07-28T18:53:12.7641119Z > 
2025-07-28T18:53:12.7641493Z { [5 bytes data]
2025-07-28T18:53:12.7655564Z < HTTP/2 200 
2025-07-28T18:53:12.7655990Z < last-modified: Wed, 05 Mar 2025 18:21:15 GMT
2025-07-28T18:53:12.7656449Z < etag: "c6753896884bce9b95ec3ca7be157ef6"
2025-07-28T18:53:12.7656746Z < x-amz-server-side-encryption: AES256
2025-07-28T18:53:12.7657031Z < content-type: text/plain
2025-07-28T18:53:12.7657260Z < server: AmazonS3
2025-07-28T18:53:12.7657616Z < via: 1.1 varnish, 1.1 varnish
2025-07-28T18:53:12.7658026Z < access-control-allow-origin: *
2025-07-28T18:53:12.7658286Z < accept-ranges: bytes
2025-07-28T18:53:12.7658502Z < age: 22596
2025-07-28T18:53:12.7658703Z < date: Mon, 28 Jul 2025 18:53:12 GMT
2025-07-28T18:53:12.7659032Z < x-served-by: cache-dub4357-DUB, cache-pao-kpao1770042-PAO
2025-07-28T18:53:12.7659588Z < x-cache: HIT, HIT
2025-07-28T18:53:12.7659793Z < x-cache-hits: 233, 0
2025-07-28T18:53:12.7660014Z < content-length: 4267
2025-07-28T18:53:12.7660213Z < 
2025-07-28T18:53:12.7660385Z { [5 bytes data]
2025-07-28T18:53:12.7660649Z * Connection #0 to host releases.nixos.org left intact
2025-07-28T18:53:12.7738051Z downloading Nix 2.26.3 binary tarball for x86_64-linux from 'https://releases.nixos.org/nix/nix-2.26.3/nix-2.26.3-x86_64-linux.tar.xz' to '/tmp/nix-binary-tarball-unpack.k7Z2EMOGqy'...
2025-07-28T18:53:12.7787793Z   % Total    % Received % Xferd  Average Speed   Time    Time     Time  Current
2025-07-28T18:53:12.7789349Z                                  Dload  Upload   Total   Spent    Left  Speed
2025-07-28T18:53:12.7789782Z 
2025-07-28T18:53:12.8415346Z   0     0    0     0    0     0      0      0 --:--:-- --:--:-- --:--:--     0
2025-07-28T18:53:12.9048106Z  29 22.6M   29 6926k    0     0   107M      0 --:--:-- --:--:-- --:--:--  107M
2025-07-28T18:53:12.9048894Z 100 22.6M  100 22.6M    0     0   179M      0 --:--:-- --:--:-- --:--:--  178M
2025-07-28T18:53:14.4785724Z Note: a multi-user installation is possible. See https://nixos.org/manual/nix/stable/installation/installing-binary.html#multi-user-installation
2025-07-28T18:53:14.4795134Z Warning: the flag --darwin-use-unencrypted-nix-store-volume
2025-07-28T18:53:14.4795910Z          is no longer needed and will be removed in the future.
2025-07-28T18:53:14.4796163Z 
2025-07-28T18:53:14.4806046Z [1;31mSwitching to the Multi-user Installer[0m
2025-07-28T18:53:14.4905053Z [32mWelcome to the Multi-User Nix Installation
2025-07-28T18:53:14.4915201Z [0m
2025-07-28T18:53:14.4915753Z This installation tool will set up your computer with the Nix package
2025-07-28T18:53:14.4916349Z manager. This will happen in a few stages:
2025-07-28T18:53:14.4916699Z 
2025-07-28T18:53:14.4917008Z 1. Make sure your computer doesn't already have Nix. If it does, I
2025-07-28T18:53:14.4917855Z    will show you instructions on how to clean up your old install.
2025-07-28T18:53:14.4918303Z 
2025-07-28T18:53:14.4918598Z 2. Show you what I am going to install and where. Then I will ask
2025-07-28T18:53:14.4919217Z    if you are ready to continue.
2025-07-28T18:53:14.4919514Z 
2025-07-28T18:53:14.4919954Z 3. Create the system users [34m(uids [30001..30008])[0m and groups [34m(gid 30000)[0m
2025-07-28T18:53:14.4920481Z    that the Nix daemon uses to run builds. To create system users
2025-07-28T18:53:14.4920906Z    in a different range, exit and run this tool again with
2025-07-28T18:53:14.4921279Z    NIX_FIRST_BUILD_UID set.
2025-07-28T18:53:14.4921424Z 
2025-07-28T18:53:14.4921586Z 4. Perform the basic installation of the Nix files daemon.
2025-07-28T18:53:14.4921816Z 
2025-07-28T18:53:14.4922006Z 5. Configure your shell to import special Nix Profile files, so you
2025-07-28T18:53:14.4922343Z    can use Nix.
2025-07-28T18:53:14.4922468Z 
2025-07-28T18:53:14.4922554Z 6. Start the Nix daemon.
2025-07-28T18:53:14.4922697Z 
2025-07-28T18:53:14.4922967Z [32m[4;32mWould you like to see a more detailed list of what I will do?
2025-07-28T18:53:14.4923390Z [0mNo TTY, assuming you would say yes :)
2025-07-28T18:53:14.4927960Z 
2025-07-28T18:53:14.4928134Z I will:
2025-07-28T18:53:14.4928301Z 
2025-07-28T18:53:14.4928584Z  - make sure your computer doesn't already have Nix files
2025-07-28T18:53:14.4929169Z    (if it does, I will tell you how to clean them up.)
2025-07-28T18:53:14.4929579Z  - create local users (see the list above for the users I'll make)
2025-07-28T18:53:14.4929941Z  - create a local group (nixbld)
2025-07-28T18:53:14.4930199Z  - install Nix in /nix
2025-07-28T18:53:14.4930450Z  - create a configuration file in /etc/nix
2025-07-28T18:53:14.4930830Z  - set up the "default profile" by creating some Nix-related files in
2025-07-28T18:53:14.4931164Z    /root
2025-07-28T18:53:14.4942867Z  - back up /etc/bash.bashrc to /etc/bash.bashrc.backup-before-nix
2025-07-28T18:53:14.4944523Z  - update /etc/bash.bashrc to include some Nix configuration
2025-07-28T18:53:14.4954144Z  - load and start a service (at /etc/systemd/system/nix-daemon.service
2025-07-28T18:53:14.4954940Z    and /etc/systemd/system/nix-daemon.socket) for nix-daemon
2025-07-28T18:53:14.4955208Z 
2025-07-28T18:53:14.4956059Z [32m[4;32mReady to continue?
2025-07-28T18:53:14.4956577Z [0mNo TTY, assuming you would say yes :)
2025-07-28T18:53:14.4977759Z 
2025-07-28T18:53:14.4978488Z [34m---- let's talk about sudo -----------------------------------------------------
2025-07-28T18:53:14.4988742Z [0mThis script is going to call sudo a lot. Normally, it would show you
2025-07-28T18:53:14.4989501Z exactly what commands it is running and why. However, the script is
2025-07-28T18:53:14.4989939Z run in a headless fashion, like this:
2025-07-28T18:53:14.4990142Z 
2025-07-28T18:53:14.4990337Z   $ curl -L https://nixos.org/nix/install | sh
2025-07-28T18:53:14.4990622Z 
2025-07-28T18:53:14.4990940Z or maybe in a CI pipeline. Because of that, I'm going to skip the
2025-07-28T18:53:14.4991597Z verbose output in the interest of brevity.
2025-07-28T18:53:14.4991929Z 
2025-07-28T18:53:14.4992083Z If you would like to
2025-07-28T18:53:14.4992466Z see the output, try like this:
2025-07-28T18:53:14.4993025Z 
2025-07-28T18:53:14.4993330Z   $ curl -L -o install-nix https://nixos.org/nix/install
2025-07-28T18:53:14.4994084Z   $ sh ./install-nix
2025-07-28T18:53:14.4994350Z 
2025-07-28T18:53:14.4994472Z 
2025-07-28T18:53:14.4994826Z [32m~~> Checking for artifacts of previous installs
2025-07-28T18:53:14.5001040Z [0mBefore I try to install, I'll check for signs Nix already is or has
2025-07-28T18:53:14.5001706Z been installed on this system.
2025-07-28T18:53:14.5034422Z 
2025-07-28T18:53:14.5035009Z [34m---- Nix config report ---------------------------------------------------------
2025-07-28T18:53:14.5035786Z [0m[1m        Temp Dir[0m:	/tmp/tmp.TFM9LrRv51
2025-07-28T18:53:14.5036332Z [1m        Nix Root[0m:	/nix
2025-07-28T18:53:14.5036774Z [1m     Build Users[0m:	8
2025-07-28T18:53:14.5037226Z [1m  Build Group ID[0m:	30000
2025-07-28T18:53:14.5037616Z [1mBuild Group Name[0m:	nixbld
2025-07-28T18:53:14.5037780Z 
2025-07-28T18:53:14.5037891Z [4;34mbuild users:
2025-07-28T18:53:14.5038168Z [0m[1m    Username[0m:	UID
2025-07-28T18:53:14.5071146Z [1m     nixbld1[0m:	30001
2025-07-28T18:53:14.5081429Z [1m     nixbld2[0m:	30002
2025-07-28T18:53:14.5091515Z [1m     nixbld3[0m:	30003
2025-07-28T18:53:14.5101740Z [1m     nixbld4[0m:	30004
2025-07-28T18:53:14.5111823Z [1m     nixbld5[0m:	30005
2025-07-28T18:53:14.5121702Z [1m     nixbld6[0m:	30006
2025-07-28T18:53:14.5131744Z [1m     nixbld7[0m:	30007
2025-07-28T18:53:14.5141542Z [1m     nixbld8[0m:	30008
2025-07-28T18:53:14.5141844Z 
2025-07-28T18:53:14.5142113Z [32m[4;32mReady to continue?
2025-07-28T18:53:14.5142703Z [0mNo TTY, assuming you would say yes :)
2025-07-28T18:53:14.5143079Z 
2025-07-28T18:53:14.5143389Z [32m~~> Setting up the build group nixbld
2025-07-28T18:53:14.5546859Z [0m[1m            Created[0m:	Yes
2025-07-28T18:53:14.5571713Z 
2025-07-28T18:53:14.5572332Z [32m~~> Setting up the build user nixbld1
2025-07-28T18:53:14.5765367Z useradd warning: nixbld1's uid 30001 is greater than SYS_UID_MAX 999
2025-07-28T18:53:14.5891821Z [0m[1m           Created[0m:	Yes
2025-07-28T18:53:14.5897504Z [1m            Hidden[0m:	Yes
2025-07-28T18:53:14.5917722Z [1m    Home Directory[0m:	/var/empty
2025-07-28T18:53:14.5938397Z [1m              Note[0m:	Nix build user 1
2025-07-28T18:53:14.5956659Z [1m   Logins Disabled[0m:	Yes
2025-07-28T18:53:14.5983934Z [1m  Member of nixbld[0m:	Yes
2025-07-28T18:53:14.6002274Z [1m    PrimaryGroupID[0m:	30000
2025-07-28T18:53:14.6014241Z 
2025-07-28T18:53:14.6014845Z [32m~~> Setting up the build user nixbld2
2025-07-28T18:53:14.6181003Z useradd warning: nixbld2's uid 30002 is greater than SYS_UID_MAX 999
2025-07-28T18:53:14.6311549Z [0m[1m           Created[0m:	Yes
2025-07-28T18:53:14.6317256Z [1m            Hidden[0m:	Yes
2025-07-28T18:53:14.6337500Z [1m    Home Directory[0m:	/var/empty
2025-07-28T18:53:14.6358270Z [1m              Note[0m:	Nix build user 2
2025-07-28T18:53:14.6376636Z [1m   Logins Disabled[0m:	Yes
2025-07-28T18:53:14.6396320Z [1m  Member of nixbld[0m:	Yes
2025-07-28T18:53:14.6414922Z [1m    PrimaryGroupID[0m:	30000
2025-07-28T18:53:14.6426067Z 
2025-07-28T18:53:14.6426397Z [32m~~> Setting up the build user nixbld3
2025-07-28T18:53:14.6584572Z useradd warning: nixbld3's uid 30003 is greater than SYS_UID_MAX 999
2025-07-28T18:53:14.6716437Z [0m[1m           Created[0m:	Yes
2025-07-28T18:53:14.6722196Z [1m            Hidden[0m:	Yes
2025-07-28T18:53:14.6742895Z [1m    Home Directory[0m:	/var/empty
2025-07-28T18:53:14.6764326Z [1m              Note[0m:	Nix build user 3
2025-07-28T18:53:14.6784341Z [1m   Logins Disabled[0m:	Yes
2025-07-28T18:53:14.6804966Z [1m  Member of nixbld[0m:	Yes
2025-07-28T18:53:14.6824129Z [1m    PrimaryGroupID[0m:	30000
2025-07-28T18:53:14.6836579Z 
2025-07-28T18:53:14.6837147Z [32m~~> Setting up the build user nixbld4
2025-07-28T18:53:14.6997218Z useradd warning: nixbld4's uid 30004 is greater than SYS_UID_MAX 999
2025-07-28T18:53:14.7124643Z [0m[1m           Created[0m:	Yes
2025-07-28T18:53:14.7130202Z [1m            Hidden[0m:	Yes
2025-07-28T18:53:14.7150651Z [1m    Home Directory[0m:	/var/empty
2025-07-28T18:53:14.7171494Z [1m              Note[0m:	Nix build user 4
2025-07-28T18:53:14.7189676Z [1m   Logins Disabled[0m:	Yes
2025-07-28T18:53:14.7209321Z [1m  Member of nixbld[0m:	Yes
2025-07-28T18:53:14.7227905Z [1m    PrimaryGroupID[0m:	30000
2025-07-28T18:53:14.7239005Z 
2025-07-28T18:53:14.7239478Z [32m~~> Setting up the build user nixbld5
2025-07-28T18:53:14.7395946Z useradd warning: nixbld5's uid 30005 is greater than SYS_UID_MAX 999
2025-07-28T18:53:14.7526034Z [0m[1m           Created[0m:	Yes
2025-07-28T18:53:14.7531839Z [1m            Hidden[0m:	Yes
2025-07-28T18:53:14.7553284Z [1m    Home Directory[0m:	/var/empty
2025-07-28T18:53:14.7578173Z [1m              Note[0m:	Nix build user 5
2025-07-28T18:53:14.7596604Z [1m   Logins Disabled[0m:	Yes
2025-07-28T18:53:14.7617091Z [1m  Member of nixbld[0m:	Yes
2025-07-28T18:53:14.7636015Z [1m    PrimaryGroupID[0m:	30000
2025-07-28T18:53:14.7647185Z 
2025-07-28T18:53:14.7647543Z [32m~~> Setting up the build user nixbld6
2025-07-28T18:53:14.7798550Z useradd warning: nixbld6's uid 30006 is greater than SYS_UID_MAX 999
2025-07-28T18:53:14.7924953Z [0m[1m           Created[0m:	Yes
2025-07-28T18:53:14.7930694Z [1m            Hidden[0m:	Yes
2025-07-28T18:53:14.7951165Z [1m    Home Directory[0m:	/var/empty
2025-07-28T18:53:14.7972055Z [1m              Note[0m:	Nix build user 6
2025-07-28T18:53:14.7990366Z [1m   Logins Disabled[0m:	Yes
2025-07-28T18:53:14.8010317Z [1m  Member of nixbld[0m:	Yes
2025-07-28T18:53:14.8029506Z [1m    PrimaryGroupID[0m:	30000
2025-07-28T18:53:14.8041075Z 
2025-07-28T18:53:14.8041723Z [32m~~> Setting up the build user nixbld7
2025-07-28T18:53:14.8202039Z useradd warning: nixbld7's uid 30007 is greater than SYS_UID_MAX 999
2025-07-28T18:53:14.8328704Z [0m[1m           Created[0m:	Yes
2025-07-28T18:53:14.8334580Z [1m            Hidden[0m:	Yes
2025-07-28T18:53:14.8355666Z [1m    Home Directory[0m:	/var/empty
2025-07-28T18:53:14.8377389Z [1m              Note[0m:	Nix build user 7
2025-07-28T18:53:14.8396624Z [1m   Logins Disabled[0m:	Yes
2025-07-28T18:53:14.8416802Z [1m  Member of nixbld[0m:	Yes
2025-07-28T18:53:14.8439675Z [1m    PrimaryGroupID[0m:	30000
2025-07-28T18:53:14.8451561Z 
2025-07-28T18:53:14.8452249Z [32m~~> Setting up the build user nixbld8
2025-07-28T18:53:14.8617707Z useradd warning: nixbld8's uid 30008 is greater than SYS_UID_MAX 999
2025-07-28T18:53:14.8770258Z [0m[1m           Created[0m:	Yes
2025-07-28T18:53:14.8776186Z [1m            Hidden[0m:	Yes
2025-07-28T18:53:14.8796768Z [1m    Home Directory[0m:	/var/empty
2025-07-28T18:53:14.8818068Z [1m              Note[0m:	Nix build user 8
2025-07-28T18:53:14.8836761Z [1m   Logins Disabled[0m:	Yes
2025-07-28T18:53:14.8856641Z [1m  Member of nixbld[0m:	Yes
2025-07-28T18:53:14.8875686Z [1m    PrimaryGroupID[0m:	30000
2025-07-28T18:53:14.8876010Z 
2025-07-28T18:53:14.8876475Z [32m~~> Setting up the basic directory structure
2025-07-28T18:53:14.8972186Z [0minstall: creating directory '/nix'
2025-07-28T18:53:14.8972627Z install: creating directory '/nix/var'
2025-07-28T18:53:14.8973078Z install: creating directory '/nix/var/log'
2025-07-28T18:53:14.8973777Z install: creating directory '/nix/var/log/nix'
2025-07-28T18:53:14.8974388Z install: creating directory '/nix/var/log/nix/drvs'
2025-07-28T18:53:14.8974984Z install: creating directory '/nix/var/nix'
2025-07-28T18:53:14.8975517Z install: creating directory '/nix/var/nix/db'
2025-07-28T18:53:14.8976078Z install: creating directory '/nix/var/nix/gcroots'
2025-07-28T18:53:14.8976670Z install: creating directory '/nix/var/nix/profiles'
2025-07-28T18:53:14.8977266Z install: creating directory '/nix/var/nix/temproots'
2025-07-28T18:53:14.8977839Z install: creating directory '/nix/var/nix/userpool'
2025-07-28T18:53:14.8978456Z install: creating directory '/nix/var/nix/daemon-socket'
2025-07-28T18:53:14.8979134Z install: creating directory '/nix/var/nix/gcroots/per-user'
2025-07-28T18:53:14.8980330Z install: creating directory '/nix/var/nix/profiles/per-user'
2025-07-28T18:53:14.9066103Z install: creating directory '/nix/store'
2025-07-28T18:53:14.9154176Z install: creating directory '/etc/nix'
2025-07-28T18:53:14.9165246Z 
2025-07-28T18:53:14.9165736Z [32m~~> Installing Nix
2025-07-28T18:53:15.1124230Z [0m      Alright! We have our first nix at /nix/store/x3235311q3n51rppm2y2ycwd7nb3mgpn-nix-2.26.3
2025-07-28T18:53:15.1580083Z       Just finished getting the nix database ready.
2025-07-28T18:53:15.1582685Z 
2025-07-28T18:53:15.1584249Z [32m~~> Setting up shell profiles: /etc/bashrc /etc/profile.d/nix.sh /etc/zshrc /etc/bash.bashrc /etc/zsh/zshrc
2025-07-28T18:53:15.1764155Z [0m
2025-07-28T18:53:15.1764568Z # Nix
2025-07-28T18:53:15.1765248Z if [ -e '/nix/var/nix/profiles/default/etc/profile.d/nix-daemon.sh' ]; then
2025-07-28T18:53:15.1766278Z   . '/nix/var/nix/profiles/default/etc/profile.d/nix-daemon.sh'
2025-07-28T18:53:15.1766898Z fi
2025-07-28T18:53:15.1767238Z # End Nix
2025-07-28T18:53:15.1767436Z 
2025-07-28T18:53:15.1943128Z 
2025-07-28T18:53:15.1943618Z # Nix
2025-07-28T18:53:15.1944255Z if [ -e '/nix/var/nix/profiles/default/etc/profile.d/nix-daemon.sh' ]; then
2025-07-28T18:53:15.1944879Z   . '/nix/var/nix/profiles/default/etc/profile.d/nix-daemon.sh'
2025-07-28T18:53:15.1945246Z fi
2025-07-28T18:53:15.1945440Z # End Nix
2025-07-28T18:53:15.1945615Z 
2025-07-28T18:53:15.2124498Z 
2025-07-28T18:53:15.2125222Z # Nix
2025-07-28T18:53:15.2125856Z if [ -e '/nix/var/nix/profiles/default/etc/profile.d/nix-daemon.sh' ]; then
2025-07-28T18:53:15.2126710Z   . '/nix/var/nix/profiles/default/etc/profile.d/nix-daemon.sh'
2025-07-28T18:53:15.2127237Z fi
2025-07-28T18:53:15.2127513Z # End Nix
2025-07-28T18:53:15.2127688Z 
2025-07-28T18:53:15.2306000Z 
2025-07-28T18:53:15.2306457Z # Nix
2025-07-28T18:53:15.2307155Z if [ -e '/nix/var/nix/profiles/default/etc/profile.d/nix-daemon.sh' ]; then
2025-07-28T18:53:15.2307775Z   . '/nix/var/nix/profiles/default/etc/profile.d/nix-daemon.sh'
2025-07-28T18:53:15.2308155Z fi
2025-07-28T18:53:15.2308334Z # End Nix
2025-07-28T18:53:15.2308470Z 
2025-07-28T18:53:15.2355316Z 
2025-07-28T18:53:15.2357425Z [32m~~> Setting up shell profiles for Fish with conf.d/nix.fish inside /etc/fish /usr/local/etc/fish /opt/homebrew/etc/fish /opt/local/etc/fish
2025-07-28T18:53:15.2456215Z [0m
2025-07-28T18:53:15.2456660Z [32m~~> Setting up the default profile
2025-07-28T18:53:15.2757193Z installing 'nix-2.26.3'
2025-07-28T18:53:15.2912345Z building '/nix/store/5afca9ydks0pp5szkwwhi7a6m2zmgk9g-user-environment.drv'...
2025-07-28T18:53:15.3339836Z installing 'nss-cacert-3.107'
2025-07-28T18:53:15.3478710Z building '/nix/store/ilxzpc39hcw5jr229rmajjkyz1a0fym1-user-environment.drv'...
2025-07-28T18:53:15.3701211Z [0m
2025-07-28T18:53:15.3701859Z [32m~~> Setting up the nix-daemon systemd service
2025-07-28T18:53:15.4092336Z Created symlink /etc/systemd/system/nix-daemon.service → /nix/var/nix/profiles/default/lib/systemd/system/nix-daemon.service.
2025-07-28T18:53:15.6880493Z Created symlink /etc/systemd/system/nix-daemon.socket → /nix/var/nix/profiles/default/lib/systemd/system/nix-daemon.socket.
2025-07-28T18:53:15.6882338Z Created symlink /etc/systemd/system/sockets.target.wants/nix-daemon.socket → /nix/var/nix/profiles/default/lib/systemd/system/nix-daemon.socket.
2025-07-28T18:53:16.2632487Z [0m[32mAlright! We're done!
2025-07-28T18:53:16.2653145Z [0mTry it! Open a new terminal, and type:
2025-07-28T18:53:16.2653780Z 
2025-07-28T18:53:16.2654061Z   $ nix-shell -p nix-info --run "nix-info -m"
2025-07-28T18:53:16.2654427Z 
2025-07-28T18:53:16.2654756Z Thank you for using this installer. If you have any feedback or need
2025-07-28T18:53:16.2655372Z help, don't hesitate:
2025-07-28T18:53:16.2655617Z 
2025-07-28T18:53:16.2655773Z You can open an issue at
2025-07-28T18:53:16.2656518Z https://github.com/NixOS/nix/issues/new?labels=installer&template=installer.md
2025-07-28T18:53:16.2657040Z 
2025-07-28T18:53:16.2657256Z Or get in touch with the community: https://nixos.org/community
2025-07-28T18:53:16.2676154Z 
2025-07-28T18:53:16.2676957Z [34m---- Reminders -----------------------------------------------------------------
2025-07-28T18:53:16.2677677Z [0m[34m[ 1 ][0m
2025-07-28T18:53:16.2678168Z Nix won't work in active shell sessions until you restart them.
2025-07-28T18:53:16.2678584Z 
2025-07-28T18:53:16.3366395Z ##[endgroup]
2025-07-28T18:53:16.3430351Z ##[group]Run $GITHUB_ACTION_PATH/nix-develop.sh --command echo "dependencies installed"
2025-07-28T18:53:16.3430953Z [36;1m$GITHUB_ACTION_PATH/nix-develop.sh --command echo "dependencies installed"[0m
2025-07-28T18:53:16.3460034Z shell: /usr/bin/bash --noprofile --norc -e -o pipefail {0}
2025-07-28T18:53:16.3460380Z env:
2025-07-28T18:53:16.3460574Z   TMPDIR: /home/runner/work/_temp
2025-07-28T18:53:16.3460832Z ##[endgroup]
2025-07-28T18:53:16.3535370Z No local flake found, will attempt to use avalanchego flake
2025-07-28T18:53:16.3624011Z Starting nix shell for github:ava-labs/avalanchego?ref=v1.13.3
2025-07-28T18:53:16.6367472Z unpacking 'github:ava-labs/avalanchego/e2bcbaffcb771ed08eda454d03d3001e558438f1' into the Git cache...
2025-07-28T18:53:18.3842993Z copying path '/nix/store/j95fcik6rzsydwips4m89dmlvfj9hg9y-source' from 'https://cache.nixos.org'...
2025-07-28T18:53:35.3642905Z copying path '/nix/store/7dfxlvdhr5g57b1v8gxwpa2gs7i9g3y5-git-2.49.0-doc' from 'https://cache.nixos.org'...
2025-07-28T18:53:35.3649185Z copying path '/nix/store/j4gc8fk7wazgn2hqnh0m8b12xx6m1n75-iana-etc-20250108' from 'https://cache.nixos.org'...
2025-07-28T18:53:35.3679985Z copying path '/nix/store/1jj2lq1kzys105rqq5n1a2r4v59arz43-mailcap-2.1.54' from 'https://cache.nixos.org'...
2025-07-28T18:53:35.3694877Z copying path '/nix/store/v0r2ndk31k1lsj967qrywdwxb87zdil6-perl5.40.0-Digest-HMAC-1.04' from 'https://cache.nixos.org'...
2025-07-28T18:53:35.3696898Z copying path '/nix/store/mri94g6brszrzi5spdp3yjqig0dix246-perl5.40.0-FCGI-ProcManager-0.28' from 'https://cache.nixos.org'...
2025-07-28T18:53:35.3699921Z copying path '/nix/store/jvy29fslpki9ygmipnawxkacs0gdpwbg-perl5.40.0-HTML-TagCloud-0.38' from 'https://cache.nixos.org'...
2025-07-28T18:53:35.3724227Z copying path '/nix/store/1hb2dxywm239rfwgdrd55z090hb1zbg3-perl5.40.0-URI-5.21' from 'https://cache.nixos.org'...
2025-07-28T18:53:35.3746017Z copying path '/nix/store/5vc5pjg9yqxkxk855il2anp6jm5gkpa3-perl5.40.0-libnet-3.15' from 'https://cache.nixos.org'...
2025-07-28T18:53:35.3751720Z copying path '/nix/store/qyihkwbhd70ynz380whj3bsxk1d2lyc4-tzdata-2025b' from 'https://cache.nixos.org'...
2025-07-28T18:53:35.3823284Z copying path '/nix/store/6hqzbvz50bm87hcj4qfn51gh7arxj8a6-gcc-14.2.1.20250322-libgcc' from 'https://cache.nixos.org'...
2025-07-28T18:53:35.3850260Z copying path '/nix/store/rzdjxxf4jkv3qdsjxkg54fxbma5zr05k-gnu-config-2024-01-01' from 'https://cache.nixos.org'...
2025-07-28T18:53:35.3916564Z copying path '/nix/store/q6gp62h0h2z2lx3qh318crhikwc86m2y-perl5.40.0-HTML-Tagset-3.20' from 'https://cache.nixos.org'...
2025-07-28T18:53:35.3918222Z copying path '/nix/store/l6b79dzj572yjifnwnrmjmf2r8qx1542-perl5.40.0-Encode-Locale-1.05' from 'https://cache.nixos.org'...
2025-07-28T18:53:35.3921976Z copying path '/nix/store/3fvhcxjgn3a4r6pkidwz9nd4cs84p6jv-perl5.40.0-Mozilla-CA-20230821' from 'https://cache.nixos.org'...
2025-07-28T18:53:35.3925492Z copying path '/nix/store/1f3pkwqxmhglz59hdl9mizgaafrcxr2g-perl5.40.0-IO-HTML-1.004' from 'https://cache.nixos.org'...
2025-07-28T18:53:35.3927137Z copying path '/nix/store/gvjb0301bm7lc20cbbp6q4mznb3k09j3-perl5.40.0-LWP-MediaTypes-6.04' from 'https://cache.nixos.org'...
2025-07-28T18:53:35.4027088Z copying path '/nix/store/c5k72696a984v5gcxd7grg6f4154yv8d-curl-8.13.0-man' from 'https://cache.nixos.org'...
2025-07-28T18:53:35.4028582Z copying path '/nix/store/yypqcvqhnv8y4zpicgxdigp3giq81gzb-libunistring-1.3' from 'https://cache.nixos.org'...
2025-07-28T18:53:35.4030141Z copying path '/nix/store/j5agsmr85pb3waxmzxn2m79yb1i7hhmh-perl5.40.0-TimeDate-2.33' from 'https://cache.nixos.org'...
2025-07-28T18:53:35.4031669Z copying path '/nix/store/qxk9122p34qwivq20k154jflwxjjjxb3-dns-root-data-2025-04-14' from 'https://cache.nixos.org'...
2025-07-28T18:53:35.4033389Z copying path '/nix/store/hxrjrzngydk24ah8b5n8cl777n39y08b-linux-headers-6.12.7' from 'https://cache.nixos.org'...
2025-07-28T18:53:35.4035226Z copying path '/nix/store/nfwlyasnxxdbnpiziw2nixwkz9b5f7g3-publicsuffix-list-0-unstable-2025-03-12' from 'https://cache.nixos.org'...
2025-07-28T18:53:35.4036820Z copying path '/nix/store/yq3yqv9limsk8w5vimygq1h23vjv6i3m-nghttp2-1.65.0' from 'https://cache.nixos.org'...
2025-07-28T18:53:35.4038142Z copying path '/nix/store/nqlhzbplrrhkm2rynv3ild1236p0h1c3-mirrors-list' from 'https://cache.nixos.org'...
2025-07-28T18:53:35.4039546Z copying path '/nix/store/lyr4v74c0vw9j77fvr0d6dribm1lmfsr-perl5.40.0-Try-Tiny-0.31' from 'https://cache.nixos.org'...
2025-07-28T18:53:35.4041095Z copying path '/nix/store/pimqpkya3wybrpcm17zk298gpivhps5j-perl5.40.0-Test-Needs-0.002010' from 'https://cache.nixos.org'...
2025-07-28T18:53:35.4042713Z copying path '/nix/store/wq3ij7g3r6jfkx61d3nbxrfmyw3f3bng-perl5.40.0-Test-RequiresInternet-0.05' from 'https://cache.nixos.org'...
2025-07-28T18:53:35.4185059Z copying path '/nix/store/za53jjhjl1xajv3y1zpjvr9mh4w0c1ay-xgcc-14.2.1.20250322-libgcc' from 'https://cache.nixos.org'...
2025-07-28T18:53:35.4189471Z copying path '/nix/store/187sf67ng5l08pirjv1hcnvvsx6bg6vi-perl5.40.0-Authen-SASL-2.1700' from 'https://cache.nixos.org'...
2025-07-28T18:53:35.4198928Z copying path '/nix/store/3zf0hlfxwam2pcpr28374plf3zwcbkr0-perl5.40.0-Net-HTTP-6.23' from 'https://cache.nixos.org'...
2025-07-28T18:53:35.4264382Z copying path '/nix/store/5i759vgj25fdy680l9v0sjhjg65q0q4h-perl5.40.0-WWW-RobotRules-6.02' from 'https://cache.nixos.org'...
2025-07-28T18:53:35.4288018Z copying path '/nix/store/lmc7x75jvrca79fc2r2j1frmklzvh04h-update-autotools-gnu-config-scripts-hook' from 'https://cache.nixos.org'...
2025-07-28T18:53:35.4315844Z copying path '/nix/store/blgz4vzk56rbajaavr6kg437zr7jcabp-perl5.40.0-HTTP-Date-6.06' from 'https://cache.nixos.org'...
2025-07-28T18:53:35.4373858Z copying path '/nix/store/xnfzahna7b6jb6m1vdczap4v103qmr6w-perl5.40.0-Test-Fatal-0.017' from 'https://cache.nixos.org'...
2025-07-28T18:53:35.4482162Z copying path '/nix/store/x51649mj5ppmj97qrgxwr0calf82m9a5-perl5.40.0-File-Listing-6.16' from 'https://cache.nixos.org'...
2025-07-28T18:53:35.4506544Z copying path '/nix/store/krfhnl4n5a9w201z5pzwgps9fgz8z5j5-perl5.40.0-HTTP-CookieJar-0.014' from 'https://cache.nixos.org'...
2025-07-28T18:53:35.4600393Z copying path '/nix/store/6nkqdqzpa75514lhglgnjs5k4dklw4sb-libidn2-2.3.8' from 'https://cache.nixos.org'...
2025-07-28T18:53:35.4888259Z copying path '/nix/store/cg9s562sa33k78m63njfn1rw47dp9z0i-glibc-2.40-66' from 'https://cache.nixos.org'...
2025-07-28T18:53:35.5068352Z copying path '/nix/store/gjdgw1zhvl9hl7mmiw6ncpnpmpxlk2yb-go-task-3.43.3' from 'https://cache.nixos.org'...
2025-07-28T18:53:35.5074065Z copying path '/nix/store/52vfnn1wcqn3d5jzrqvcd6yzp3i1gw2m-kind-0.29.0' from 'https://cache.nixos.org'...
2025-07-28T18:53:35.5076524Z copying path '/nix/store/f93la7iy82zzmhr9wc5rxh18yqajr95v-kubectl-1.33.0' from 'https://cache.nixos.org'...
2025-07-28T18:53:35.5077951Z copying path '/nix/store/dssdkka6y0sjkiknyrsc73lbrw6x70w5-protoc-gen-go-1.36.6' from 'https://cache.nixos.org'...
2025-07-28T18:53:35.5081673Z copying path '/nix/store/h1cbksykikg9wfhrh5304bfh6xhbbziy-protoc-gen-go-grpc-1.5.1' from 'https://cache.nixos.org'...
2025-07-28T18:53:36.0745727Z copying path '/nix/store/8syylmkvnn7lg2nar9fddpp5izb4gh56-attr-2.5.2' from 'https://cache.nixos.org'...
2025-07-28T18:53:36.0754567Z copying path '/nix/store/2x51wvk10m9l014lyrfdskc3b360ifjp-ed-1.21.1' from 'https://cache.nixos.org'...
2025-07-28T18:53:36.0755970Z copying path '/nix/store/xy4jjgw87sbgwylm5kn047d9gkbhsr9x-bash-5.2p37' from 'https://cache.nixos.org'...
2025-07-28T18:53:36.0757637Z copying path '/nix/store/p9k7bd23v5yvmap9594f9x7hpvacdh32-expand-response-params' from 'https://cache.nixos.org'...
2025-07-28T18:53:36.0759144Z copying path '/nix/store/7a8gf62bfl22k4gy2cd300h7cvqmn9yl-brotli-1.1.0-lib' from 'https://cache.nixos.org'...
2025-07-28T18:53:36.0761634Z copying path '/nix/store/7c0v0kbrrdc2cqgisi78jdqxn73n3401-gcc-14.2.1.20250322-lib' from 'https://cache.nixos.org'...
2025-07-28T18:53:36.0767211Z copying path '/nix/store/zrnqzhcvlpiycqbswl0w172y4bpn0lb4-bzip2-1.0.8' from 'https://cache.nixos.org'...
2025-07-28T18:53:36.0768821Z copying path '/nix/store/v684vrham0343x1dwzdi8v2l68hb28zp-buf-1.52.1' from 'https://cache.nixos.org'...
2025-07-28T18:53:36.0770267Z copying path '/nix/store/j0bzxly2rvcym1zkhn393adiqcwn8np6-expat-2.7.1' from 'https://cache.nixos.org'...
2025-07-28T18:53:36.0771585Z copying path '/nix/store/fcyn0dqszgfysiasdmkv1jh3syncajay-gawk-5.3.2' from 'https://cache.nixos.org'...
2025-07-28T18:53:36.0773050Z copying path '/nix/store/303islqk386z1w2g1ngvxnkl4glfpgrs-glibc-2.40-66-bin' from 'https://cache.nixos.org'...
2025-07-28T18:53:36.0774670Z copying path '/nix/store/if83fp73ln7ksdnp1wkywvyv53b6fw3f-glibc-2.40-66-getent' from 'https://cache.nixos.org'...
2025-07-28T18:53:36.0776250Z copying path '/nix/store/dwwc14ppzkl0yphcgsz25xvi24c9d1zm-gmp-6.3.0' from 'https://cache.nixos.org'...
2025-07-28T18:53:36.0777697Z copying path '/nix/store/kv10h4pidkmx8cjs2sw2pi9rlcnighbc-gnumake-4.4.1' from 'https://cache.nixos.org'...
2025-07-28T18:53:36.0779137Z copying path '/nix/store/qkzkz12l4q06lzbji0ifgynzrd44bpjs-gdbm-1.25-lib' from 'https://cache.nixos.org'...
2025-07-28T18:53:36.0837176Z copying path '/nix/store/clbb2cvigynr235ab5zgi18dyavznlk2-gnused-4.9' from 'https://cache.nixos.org'...
2025-07-28T18:53:36.0846013Z copying path '/nix/store/3mi59bgj22xx29dyss7jhmx3sgznd85m-acl-2.3.2' from 'https://cache.nixos.org'...
2025-07-28T18:53:36.0972682Z copying path '/nix/store/677sx4qrmnmgk83ynn0sw8hqgh439g6b-json-c-0.18' from 'https://cache.nixos.org'...
2025-07-28T18:53:36.1045379Z copying path '/nix/store/j2v7jjnczkj7ra7jsgq6kv3242a1l52x-getent-glibc-2.40-66' from 'https://cache.nixos.org'...
2025-07-28T18:53:36.1160445Z copying path '/nix/store/0jzwmqm1j81n7696azyvxmk007qza014-k9s-0.50.5' from 'https://cache.nixos.org'...
2025-07-28T18:53:36.1239583Z copying path '/nix/store/1abbyfv3bpxalfjfgpmwg8jcy931bf76-bzip2-1.0.8-bin' from 'https://cache.nixos.org'...
2025-07-28T18:53:36.1258991Z copying path '/nix/store/wrxvqj822kz8746608lgns7h8mkpn79f-gnutar-1.35' from 'https://cache.nixos.org'...
2025-07-28T18:53:36.1456728Z copying path '/nix/store/4v64wga9rk0c919ip673j36g6ikx26ha-keyutils-1.6.3-lib' from 'https://cache.nixos.org'...
2025-07-28T18:53:36.1477748Z copying path '/nix/store/z8fh9w8y3hlckw7zqi29hgfz0x5gyi0s-kubernetes-helm-3.17.3' from 'https://cache.nixos.org'...
2025-07-28T18:53:36.1488072Z copying path '/nix/store/1rlljm73ch98b2q9qqk8g0vhv2n9mya8-libapparmor-4.1.0' from 'https://cache.nixos.org'...
2025-07-28T18:53:36.1549563Z copying path '/nix/store/afhkqb5a94zlwjxigsnwsfwkf38h21dk-gzip-1.14' from 'https://cache.nixos.org'...
2025-07-28T18:53:36.1640344Z copying path '/nix/store/aq5b44b37zp5dfwz5330pxqm699gs4g3-isl-0.20' from 'https://cache.nixos.org'...
2025-07-28T18:53:36.1746359Z copying path '/nix/store/bh1hxs692a2fv806wkiprig10j5znd7c-libcap-2.75-lib' from 'https://cache.nixos.org'...
2025-07-28T18:53:36.1780282Z copying path '/nix/store/dfznrcrr2raj9x4bdysvs896jfnx84ih-libcbor-0.12.0' from 'https://cache.nixos.org'...
2025-07-28T18:53:36.1803271Z copying path '/nix/store/yai7mpy5d4rw0jvflyxdf0vzjkiqxhv6-libevent-2.1.12' from 'https://cache.nixos.org'...
2025-07-28T18:53:36.1915715Z copying path '/nix/store/90c412b9wqhfny300rg5s2gpsbrqb31q-libffi-3.4.8' from 'https://cache.nixos.org'...
2025-07-28T18:53:36.2027818Z copying path '/nix/store/9z7wv6k9i38k83xpbgqcapaxhdkbaqhz-libgpg-error-1.51' from 'https://cache.nixos.org'...
2025-07-28T18:53:36.2057030Z copying path '/nix/store/9hbdbr5hikxjb16ir40w2v24gbivv22x-libmnl-1.0.5' from 'https://cache.nixos.org'...
2025-07-28T18:53:36.2073663Z copying path '/nix/store/r25srliigrrv5q3n7y8ms6z10spvjcd9-glibc-2.40-66-dev' from 'https://cache.nixos.org'...
2025-07-28T18:53:36.2182362Z copying path '/nix/store/ygz5dcpzd7qkw44wpbd65rl6amwpxp5f-libnfnetlink-1.0.2' from 'https://cache.nixos.org'...
2025-07-28T18:53:36.2328222Z copying path '/nix/store/635dz3p1afjwym9snp2r9hm0vaznwngy-libnl-3.11.0' from 'https://cache.nixos.org'...
2025-07-28T18:53:36.2337756Z copying path '/nix/store/bxs5j3zhh35nwhyhwc3db724c7nzfl36-libpsl-0.21.5' from 'https://cache.nixos.org'...
2025-07-28T18:53:36.2447831Z copying path '/nix/store/a7zbljj0cwkbfzn22v6s2cbh39dj9hip-libseccomp-2.6.0-lib' from 'https://cache.nixos.org'...
2025-07-28T18:53:36.2510264Z copying path '/nix/store/zf61wng66ik05clni78571wfmfp5kqzq-libtasn1-4.20.0' from 'https://cache.nixos.org'...
2025-07-28T18:53:36.2678686Z copying path '/nix/store/qizipyz9y17nr4w4gmxvwd3x4k0bp2rh-libxcrypt-4.4.38' from 'https://cache.nixos.org'...
2025-07-28T18:53:36.2795452Z copying path '/nix/store/f7y5q4jwja2z3i5zlylgbv5av6839a54-libnftnl-1.2.9' from 'https://cache.nixos.org'...
2025-07-28T18:53:36.3007590Z copying path '/nix/store/6wrjb93m2arv7adx6k2x9nlb0y7rmgpi-libnetfilter_conntrack-1.1.0' from 'https://cache.nixos.org'...
2025-07-28T18:53:36.3058893Z copying path '/nix/store/xv0pc5nc41v5vi0lac1i2d353s3rqlkm-libxml2-2.13.8' from 'https://cache.nixos.org'...
2025-07-28T18:53:36.3099725Z copying path '/nix/store/wyf93cvh25b2xg82mkjcpmwgcspk0ggr-mpdecimal-4.0.0' from 'https://cache.nixos.org'...
2025-07-28T18:53:36.3141406Z copying path '/nix/store/51sr6m5fb8fff9vydnz7gkqyl5sjpixl-lz4-1.10.0-lib' from 'https://cache.nixos.org'...
2025-07-28T18:53:36.3367546Z copying path '/nix/store/n52k1dccv0mipz1s4gkk45x64cmmcvrf-mpfr-4.2.2' from 'https://cache.nixos.org'...
2025-07-28T18:53:36.3657807Z copying path '/nix/store/0dqmgjr0jsc2s75sbgdvkk7d08zx5g61-libgcrypt-1.10.3-lib' from 'https://cache.nixos.org'...
2025-07-28T18:53:36.3660484Z copying path '/nix/store/rmrbzp98xrk54pdlm7cxhayj4344zw6h-libassuan-3.0.2' from 'https://cache.nixos.org'...
2025-07-28T18:53:36.3732029Z copying path '/nix/store/vfmnmqsnfiiqmphy7ffh2zqynsxfck1q-ncurses-6.5' from 'https://cache.nixos.org'...
2025-07-28T18:53:36.3962200Z copying path '/nix/store/v7rzgm8p6p0ghg5mqcin4vbx6pcrvc0j-nghttp2-1.65.0-lib' from 'https://cache.nixos.org'...
2025-07-28T18:53:36.4130747Z copying path '/nix/store/w5jysn25rynd1d4f3z1nzdkm3rv7rmf0-nghttp2-1.65.0-lib' from 'https://cache.nixos.org'...
2025-07-28T18:53:36.4207494Z copying path '/nix/store/ci5nyvrii461hnaw267c1zvna0sjfxif-npth-1.8' from 'https://cache.nixos.org'...
2025-07-28T18:53:36.4421617Z copying path '/nix/store/1r4qwdkxwc1r3n0bij0sq9q4nvfraw6i-libpcap-1.10.5' from 'https://cache.nixos.org'...
2025-07-28T18:53:36.4426174Z copying path '/nix/store/8pviily4fgsl02ijm65binz236717wfs-openssl-3.4.1' from 'https://cache.nixos.org'...
2025-07-28T18:53:36.4434777Z copying path '/nix/store/qr2rzzddcyvmdlrq1fy68c3nwcz29jyb-openssl-3.4.1' from 'https://cache.nixos.org'...
2025-07-28T18:53:36.4587944Z copying path '/nix/store/fm2ky0fkkkici6zpf2s41c1lvkcpfbm5-db-4.8.30' from 'https://cache.nixos.org'...
2025-07-28T18:53:36.4594259Z copying path '/nix/store/sdqvwr8gc74ms9cgf56yvy409xvl8hsf-gettext-0.22.5' from 'https://cache.nixos.org'...
2025-07-28T18:53:36.4687198Z copying path '/nix/store/kxhsmlrscry4pvbpwkbbbxsksmzg0gp0-gmp-with-cxx-6.3.0' from 'https://cache.nixos.org'...
2025-07-28T18:53:36.4899171Z copying path '/nix/store/nzg6zqsijbv7yc95wlfcdswx6bg69srq-gmp-with-cxx-6.3.0' from 'https://cache.nixos.org'...
2025-07-28T18:53:36.5104209Z copying path '/nix/store/i4lj3w4yd9x9jbi7a1xhjqsr7bg8jq7p-icu4c-76.1' from 'https://cache.nixos.org'...
2025-07-28T18:53:36.5108134Z copying path '/nix/store/mb407pssv7zc7pfb4d910k6fshfagm6j-libmpc-1.3.1' from 'https://cache.nixos.org'...
2025-07-28T18:53:36.5112894Z copying path '/nix/store/zh2hx7p0dgkpn08m4gx1csg970dp8b0g-nghttp2-1.65.0-dev' from 'https://cache.nixos.org'...
2025-07-28T18:53:36.5441589Z copying path '/nix/store/9m6a4iv2nh6v4aga830r499s4arknsfb-p11-kit-0.25.5' from 'https://cache.nixos.org'...
2025-07-28T18:53:36.5900950Z copying path '/nix/store/md8kapandyhs7bbw5s782aanw38p2kax-gnupg-2.4.7' from 'https://cache.nixos.org'...
2025-07-28T18:53:36.6001936Z copying path '/nix/store/wxkbp7kwvpxvjh28rigmf6lfq64zlsyj-iptables-1.8.11' from 'https://cache.nixos.org'...
2025-07-28T18:53:36.6286773Z copying path '/nix/store/x0kaspzb5jqvgp357bj27z6iq24ximfg-patch-2.7.6' from 'https://cache.nixos.org'...
2025-07-28T18:53:36.6547925Z copying path '/nix/store/m4yrdwg3zv50mw8hy2zni5dyy7ljlg7j-nettle-3.10.1' from 'https://cache.nixos.org'...
2025-07-28T18:53:36.6696367Z copying path '/nix/store/2jc1jmzis19adawjwhl8qhdvh7vlbk0q-patchelf-0.15.0' from 'https://cache.nixos.org'...
2025-07-28T18:53:36.7036017Z copying path '/nix/store/87fck6hm17chxjq7badb11mq036zbyv9-coreutils-9.7' from 'https://cache.nixos.org'...
2025-07-28T18:53:36.7822696Z copying path '/nix/store/a9c6rz5183psp30q1nhkakis6ab4km4b-pcre2-10.44' from 'https://cache.nixos.org'...
2025-07-28T18:53:36.7824800Z copying path '/nix/store/qqpgwzhpakcqaz6fiy95x19iydj471ca-pcsclite-2.3.0-lib' from 'https://cache.nixos.org'...
2025-07-28T18:53:36.8078304Z copying path '/nix/store/r4bvdpg1761bqc4jxn4sqxr6ymbcdw8f-perl5.40.0-Clone-0.46' from 'https://cache.nixos.org'...
2025-07-28T18:53:36.8384289Z copying path '/nix/store/vqhxms7i64vb86p07i8q50x32yi9gv5c-perl5.40.0-FCGI-0.82' from 'https://cache.nixos.org'...
2025-07-28T18:53:36.8617968Z copying path '/nix/store/bafwfabi148bigqra4nc5w029zj7dx7c-perl5.40.0-TermReadKey-2.38' from 'https://cache.nixos.org'...
2025-07-28T18:53:36.8731097Z copying path '/nix/store/8235ynhyv1ilxb8b45mfm2gg00c7514r-prometheus-3.1.0' from 'https://cache.nixos.org'...
2025-07-28T18:53:36.8820596Z copying path '/nix/store/7dac1achpwid46gi2a0p751jgn907p6w-protoc-gen-connect-go-1.18.1' from 'https://cache.nixos.org'...
2025-07-28T18:53:36.8968688Z copying path '/nix/store/1l2x502h3j9bkp2ln3axm9qp70ibg7a1-qrencode-4.1.1' from 'https://cache.nixos.org'...
2025-07-28T18:53:36.9045870Z copying path '/nix/store/971mpk4nqhqcxggx0yi60w9y1ya570bj-readline-8.2p13' from 'https://cache.nixos.org'...
2025-07-28T18:53:36.9117117Z copying path '/nix/store/vim07ywfgdqz217qnmik9knbmm5glpcn-perl5.40.0-HTTP-Message-6.45' from 'https://cache.nixos.org'...
2025-07-28T18:53:36.9222499Z copying path '/nix/store/v03zr9slrp64psxlpwh7gn0m5gcdglwm-systemd-minimal-libs-257.5' from 'https://cache.nixos.org'...
2025-07-28T18:53:36.9356587Z copying path '/nix/store/bmjb20jhxkq881f43pd264240sp677an-krb5-1.21.3-lib' from 'https://cache.nixos.org'...
2025-07-28T18:53:36.9442269Z copying path '/nix/store/jc4bqxwq93ki4b5wf638sgygd1ghjz7a-krb5-1.21.3-lib' from 'https://cache.nixos.org'...
2025-07-28T18:53:36.9447237Z copying path '/nix/store/7h0sard22wnbz0jyz07w8y9y0fcs795r-diffutils-3.12' from 'https://cache.nixos.org'...
2025-07-28T18:53:36.9562231Z copying path '/nix/store/7y59hzi3svdj1xjddjn2k7km96pifcyl-findutils-4.10.0' from 'https://cache.nixos.org'...
2025-07-28T18:53:36.9779657Z copying path '/nix/store/bmckdjhp1cn78n4md1m55zglpqxwijj3-libtpms-0.10.0' from 'https://cache.nixos.org'...
2025-07-28T18:53:36.9908293Z copying path '/nix/store/xr3wxsyn60shsns69sgkxfhv2d95536w-openssl-3.4.1-bin' from 'https://cache.nixos.org'...
2025-07-28T18:53:36.9967114Z copying path '/nix/store/d4knbwl8kbkaai01bp5pb0ph0xpb7bnz-perl5.40.0-Net-SSLeay-1.92' from 'https://cache.nixos.org'...
2025-07-28T18:53:37.0098629Z copying path '/nix/store/j6rlrmd7jqk1902s98mjjxj8d563hv8q-perl5.40.0-HTML-Parser-3.81' from 'https://cache.nixos.org'...
2025-07-28T18:53:37.0300641Z copying path '/nix/store/gqmr3gixlddz3667ba1iyqck3c0dkpvd-gnugrep-3.11' from 'https://cache.nixos.org'...
2025-07-28T18:53:37.1015879Z copying path '/nix/store/1q9lw4r2mbap8rsr8cja46nap6wvrw2p-bash-interactive-5.2p37' from 'https://cache.nixos.org'...
2025-07-28T18:53:37.1279961Z copying path '/nix/store/2pvhq9kgqh5669qj6805vpasngivad8h-lvm2-2.03.31-lib' from 'https://cache.nixos.org'...
2025-07-28T18:53:37.1312210Z copying path '/nix/store/cxqg93vhjddswn75f5bdzbkcpbix32gg-perl5.40.0-HTTP-Cookies-6.10' from 'https://cache.nixos.org'...
2025-07-28T18:53:37.1367051Z copying path '/nix/store/fmf4095h2x5rxsgsyxz655049k2ibchl-perl5.40.0-CGI-4.59' from 'https://cache.nixos.org'...
2025-07-28T18:53:37.1657000Z copying path '/nix/store/dfyds9allpyy0nwhr2j729jvkb49mrxn-perl5.40.0-HTTP-Daemon-6.16' from 'https://cache.nixos.org'...
2025-07-28T18:53:37.1853085Z copying path '/nix/store/3pd9kl0nnn22in35ad4p6v5zha8s24gj-perl5.40.0-HTTP-Negotiate-6.01' from 'https://cache.nixos.org'...
2025-07-28T18:53:37.1858391Z copying path '/nix/store/dd8qw391ljsri9mkx07mihb1ap0g52mp-krb5-1.21.3' from 'https://cache.nixos.org'...
2025-07-28T18:53:37.1940719Z copying path '/nix/store/n75k5rjvbc7gfp4zpajpab5rykajdcmy-perl5.40.0-IO-Socket-SSL-2.083' from 'https://cache.nixos.org'...
2025-07-28T18:53:37.1942382Z copying path '/nix/store/8y5hcryppj548yfx6akiw93qrw8zv6js-unbound-1.23.0-lib' from 'https://cache.nixos.org'...
2025-07-28T18:53:37.2052311Z copying path '/nix/store/jrfl1fwkb3aqbh19ap1ipk8sjlbpcjy4-openssl-3.4.1-dev' from 'https://cache.nixos.org'...
2025-07-28T18:53:37.2467067Z copying path '/nix/store/675r4l9rpmaxdanw0i48z4n7gzchngv7-util-linux-minimal-2.41-login' from 'https://cache.nixos.org'...
2025-07-28T18:53:37.2468885Z copying path '/nix/store/pa60s415p92gnhv5ffz1bmfgzzfvhvd8-xz-5.8.1' from 'https://cache.nixos.org'...
2025-07-28T18:53:37.2647805Z copying path '/nix/store/ab94zphiyyy8xa1adssy4n94f4nn799l-z3-4.15.1-lib' from 'https://cache.nixos.org'...
2025-07-28T18:53:37.2712718Z copying path '/nix/store/srby6wmvg7dp454pwb6qvaxdiri38sc1-zlib-1.3.1' from 'https://cache.nixos.org'...
2025-07-28T18:53:37.2868195Z copying path '/nix/store/k8asbblj2xn748rslklcll68b4ygh2am-zlib-ng-2.2.4' from 'https://cache.nixos.org'...
2025-07-28T18:53:37.2892800Z copying path '/nix/store/0gn4mrgjlx9dhffs19yshpdrhi9pcbyl-perl5.40.0-CGI-Fast-2.16' from 'https://cache.nixos.org'...
2025-07-28T18:53:37.3216319Z copying path '/nix/store/d8vq999dg607ha6718fimpakacfax0gd-zstd-1.5.7' from 'https://cache.nixos.org'...
2025-07-28T18:53:37.3274704Z copying path '/nix/store/qih5jc5im739yjgdslbswyxmz8kslqdl-perl5.40.0-Net-SMTP-SSL-1.04' from 'https://cache.nixos.org'...
2025-07-28T18:53:37.3448646Z copying path '/nix/store/974a51073v6cb7cr5j0dazanxzmk9bxg-binutils-2.44-lib' from 'https://cache.nixos.org'...
2025-07-28T18:53:37.3502729Z copying path '/nix/store/a7h3ly9qzh8wk1vsycpdk69xp82dl5ry-cracklib-2.10.0' from 'https://cache.nixos.org'...
2025-07-28T18:53:37.3632946Z copying path '/nix/store/imhzyxqr7swq08ip81az5kfa07r07kg0-file-5.46' from 'https://cache.nixos.org'...
2025-07-28T18:53:37.3719429Z copying path '/nix/store/9ds850ifd4jwcccpp3v14818kk74ldf2-gcc-14.2.1.20250322' from 'https://cache.nixos.org'...
2025-07-28T18:53:37.3965931Z copying path '/nix/store/yba197xwc8vvxv9wmcrs9bngmmgp5njb-gnutls-3.8.9' from 'https://cache.nixos.org'...
2025-07-28T18:53:37.3998992Z copying path '/nix/store/4f7ssdb8qgaajl4pr1s1p77r51qsrb8y-kexec-tools-2.0.29' from 'https://cache.nixos.org'...
2025-07-28T18:53:37.4218570Z copying path '/nix/store/mgzqqyadpfwhqq68lpfp7c91ywzrzm10-krb5-1.21.3-dev' from 'https://cache.nixos.org'...
2025-07-28T18:53:37.4249917Z copying path '/nix/store/5f0bv68v1sjrp4pnr8c6p7k04271659w-libfido2-1.15.0' from 'https://cache.nixos.org'...
2025-07-28T18:53:37.4806615Z copying path '/nix/store/9642gi5dl4w9nkhab0l6xry685cg403c-libssh2-1.11.1' from 'https://cache.nixos.org'...
2025-07-28T18:53:37.5385150Z copying path '/nix/store/mzvz45f54a0r0zjjygvlzn6pidfkkwj3-audit-4.0.3-lib' from 'https://cache.nixos.org'...
2025-07-28T18:53:37.5453396Z copying path '/nix/store/qvyvscqgr6vyqvmjdgxqa521myv5db0p-kmod-31' from 'https://cache.nixos.org'...
2025-07-28T18:53:37.5722152Z copying path '/nix/store/89bxhx3rhk6r4d5fvwaysrykpmvmgcnm-kmod-31-lib' from 'https://cache.nixos.org'...
2025-07-28T18:53:37.5780193Z copying path '/nix/store/v63bxfiacw082c7ijshf60alvvrpfxsq-binutils-2.44' from 'https://cache.nixos.org'...
2025-07-28T18:53:37.6137553Z copying path '/nix/store/g91dviqva4rkkw8lw30zy3gj14c1p23s-libarchive-3.7.8-lib' from 'https://cache.nixos.org'...
2025-07-28T18:53:37.6846235Z copying path '/nix/store/hbg912lq82jclwv8xnrwx5dgm8wq79sb-libssh2-1.11.1' from 'https://cache.nixos.org'...
2025-07-28T18:53:37.6897027Z copying path '/nix/store/al9x8cr5xifp3qd2f5cdzh6z603kb5ps-perl-5.40.0' from 'https://cache.nixos.org'...
2025-07-28T18:53:37.6926835Z copying path '/nix/store/yfjzkkkyxcalyj7l1n4d4y6s81i65hmy-sqlite-3.48.0' from 'https://cache.nixos.org'...
2025-07-28T18:53:37.7049205Z copying path '/nix/store/v578vkzh0qhzczjvrzf64lqb2c74d5pk-curl-8.13.0' from 'https://cache.nixos.org'...
2025-07-28T18:53:37.7177981Z copying path '/nix/store/1dxfw2zshri809ddyfqllvff3cfj96ma-libmicrohttpd-1.0.1' from 'https://cache.nixos.org'...
2025-07-28T18:53:37.7273912Z copying path '/nix/store/98zamhd8d0jq3skqwz28dlgph94mrqir-xz-5.8.1-bin' from 'https://cache.nixos.org'...
2025-07-28T18:53:37.8018059Z copying path '/nix/store/vrdwlbzr74ibnzcli2yl1nxg9jqmr237-linux-pam-1.6.1' from 'https://cache.nixos.org'...
2025-07-28T18:53:37.8277516Z copying path '/nix/store/aq801xbgs98nxx3lckrym06qfvl8mfsf-stdenv-linux' from 'https://cache.nixos.org'...
2025-07-28T18:53:37.8398702Z copying path '/nix/store/cbdvjyn19y77m8l06n089x30v7irqz3j-zlib-1.3.1-dev' from 'https://cache.nixos.org'...
2025-07-28T18:53:37.8657226Z copying path '/nix/store/3f5adc5ygjllrbgm913gabzf9afmkh7s-curl-8.13.0' from 'https://cache.nixos.org'...
2025-07-28T18:53:37.9047249Z copying path '/nix/store/9pfg9c10kjqzbdfy37vhylkqhmwf1208-libssh2-1.11.1-dev' from 'https://cache.nixos.org'...
2025-07-28T18:53:37.9366365Z copying path '/nix/store/cly4pxh7avd579girjmpxmx8z6ad4dyp-elfutils-0.192' from 'https://cache.nixos.org'...
2025-07-28T18:53:37.9591991Z copying path '/nix/store/l9xn7mbn0wh0z7swfcfj1n56byvcrisw-zstd-1.5.7-bin' from 'https://cache.nixos.org'...
2025-07-28T18:53:37.9601230Z copying path '/nix/store/r03ly1w54924k8fag1dhjl3yrllj6czd-util-linux-minimal-2.41-lib' from 'https://cache.nixos.org'...
2025-07-28T18:53:38.0697175Z copying path '/nix/store/a1v66jvhbr6xia023m16c4pkhxrpkqqr-curl-8.13.0-bin' from 'https://cache.nixos.org'...
2025-07-28T18:53:38.0898729Z copying path '/nix/store/bmmmy3sz3fmlxx64rlw1apm7ffywpyap-libpwquality-1.4.5-lib' from 'https://cache.nixos.org'...
2025-07-28T18:53:38.1378587Z copying path '/nix/store/9r81a64smasyz3j7x3ah684hyzivmplx-kbd-2.7.1' from 'https://cache.nixos.org'...
2025-07-28T18:53:38.2129970Z copying path '/nix/store/7f3nwfvk0f32663rz1xn38cbsl66idx2-libbpf-1.5.0' from 'https://cache.nixos.org'...
2025-07-28T18:53:38.2169620Z copying path '/nix/store/dw5aa0sf40aahg0fbwgfjwhjxnnrmipl-shellcheck-0.10.0-bin' from 'https://cache.nixos.org'...
2025-07-28T18:53:38.2357655Z copying path '/nix/store/0dw5b8ypwqy87xrb0jgn5ygpzsiv6di9-curl-8.13.0-dev' from 'https://cache.nixos.org'...
2025-07-28T18:53:38.2439163Z copying path '/nix/store/m4w8d2h3v76anng7s9cv9c1iq9w6y2jj-cryptsetup-2.7.5' from 'https://cache.nixos.org'...
2025-07-28T18:53:38.2468526Z copying path '/nix/store/8w718rm43x7z73xhw9d6vh8s4snrq67h-python3-3.12.10' from 'https://cache.nixos.org'...
2025-07-28T18:53:38.2486813Z copying path '/nix/store/a885zzx9s5y8dxbfvahwdcwcx6pdzm9q-tpm2-tss-4.1.3' from 'https://cache.nixos.org'...
2025-07-28T18:53:38.4072028Z copying path '/nix/store/agpxymqp96k4bksyz3bbzr5y8jgykf4p-util-linux-minimal-2.41-mount' from 'https://cache.nixos.org'...
2025-07-28T18:53:38.5617902Z building '/nix/store/99c82r6q9jma7g5hzimr3l4z629afmqk-kind-with-registry.sh.drv'...
2025-07-28T18:53:38.5635444Z copying path '/nix/store/jws80m7djgv03chq0ylw7vmv3vqsbvgg-util-linux-minimal-2.41-swap' from 'https://cache.nixos.org'...
2025-07-28T18:53:38.7115281Z copying path '/nix/store/grpscx1ba72r34zbdkq8im08xmjrkad0-boost-1.87.0' from 'https://cache.nixos.org'...
2025-07-28T18:53:38.8089107Z copying path '/nix/store/if9z6wmzmb07j63c02mvfkhn1mw1w5p4-systemd-257.5' from 'https://cache.nixos.org'...
2025-07-28T18:53:38.8484274Z copying path '/nix/store/gxzk021q0f0h0jqwxiqikl1gkiih7qiq-shellcheck-0.10.0' from 'https://cache.nixos.org'...
2025-07-28T18:53:39.2954616Z copying path '/nix/store/hhfm5fkvb1alg1np5a69m2qlcjqhr062-binutils-wrapper-2.44' from 'https://cache.nixos.org'...
2025-07-28T18:53:39.5451581Z copying path '/nix/store/lzy7d0z17q11m9g3ggx0kqq498wz9g6m-solc-0.8.28' from 'https://cache.nixos.org'...
2025-07-28T18:53:40.2528577Z copying path '/nix/store/p90lckzsmp16zh0rfx7pfc6ryf77y3c6-perl5.40.0-libwww-perl-6.72' from 'https://cache.nixos.org'...
2025-07-28T18:53:40.3025013Z copying path '/nix/store/0yh5wr3mhk09q1bxzh1l7fakkvdsdi67-promtail-3.4.4' from 'https://cache.nixos.org'...
2025-07-28T18:53:41.3817853Z copying path '/nix/store/805a5wv1cyah5awij184yfad1ksmbh9f-git-2.49.0' from 'https://cache.nixos.org'...
2025-07-28T18:53:42.6839818Z copying path '/nix/store/0fsnicvfpf55nkza12cjnad0w84d6ba7-gcc-wrapper-14.2.1.20250322' from 'https://cache.nixos.org'...
2025-07-28T18:53:42.6901655Z copying path '/nix/store/nivcx63drxqzm6pic6vm2wbkxl368w83-stdenv-linux' from 'https://cache.nixos.org'...
2025-07-28T18:53:42.7457438Z building '/nix/store/v8pnp5xw7q2k443b6vd42qb4b1hwxjyx-kind-with-registry-1.0.0.drv'...
2025-07-28T18:53:42.8428971Z building '/nix/store/ayfxm9ax1f2w9k8ngmdx8ddlk9zg1n2d-nix-shell-env.drv'...
2025-07-28T18:53:43.5116829Z this path will be fetched (0.10 MiB download, 0.10 MiB unpacked):
2025-07-28T18:53:43.5117928Z   /nix/store/s3zz5nasd7qr894a8jrp6fy52pdrz2f1-bash-interactive-5.2p37-man
2025-07-28T18:53:43.5127116Z copying path '/nix/store/s3zz5nasd7qr894a8jrp6fy52pdrz2f1-bash-interactive-5.2p37-man' from 'https://cache.nixos.org'...
2025-07-28T18:53:43.5889754Z dependencies installed
2025-07-28T18:53:43.5961473Z ##[group]Run $GITHUB_ACTION_PATH/notify-metrics-availability.sh
2025-07-28T18:53:43.5962168Z [36;1m$GITHUB_ACTION_PATH/notify-metrics-availability.sh[0m
2025-07-28T18:53:43.6000149Z shell: /usr/bin/bash --noprofile --norc -e -o pipefail {0}
2025-07-28T18:53:43.6000674Z env:
2025-07-28T18:53:43.6000973Z   TMPDIR: /home/runner/work/_temp
2025-07-28T18:53:43.6002687Z   GRAFANA_URL: https://grafana-poc.avax-dev.network/d/kBQpRdWnk/avalanche-main-dashboard?orgId=1&refresh=10s&var-filter=is_ephemeral_node%7C%3D%7Cfalse&var-filter=gh_repo%7C%3D%7Cava-labs%2Fsubnet-evm&var-filter=gh_run_id%7C%3D%7C16577648665&var-filter=gh_run_attempt%7C%3D%7C1
2025-07-28T18:53:43.6004583Z   GH_JOB_ID: e2e_load
2025-07-28T18:53:43.6004938Z   FILTER_BY_OWNER: 
2025-07-28T18:53:43.6005251Z ##[endgroup]
2025-07-28T18:53:43.6115799Z grafana link for shared network logs and metrics: https://grafana-poc.avax-dev.network/d/kBQpRdWnk/avalanche-main-dashboard?orgId=1&refresh=10s&var-filter=is_ephemeral_node%7C%3D%7Cfalse&var-filter=gh_repo%7C%3D%7Cava-labs%2Fsubnet-evm&var-filter=gh_run_id%7C%3D%7C16577648665&var-filter=gh_run_attempt%7C%3D%7C1&var-filter=gh_job_id%7C%3D%7Ce2e_load&from=1753728823000&to=1753729723000
2025-07-28T18:53:43.6159711Z ##[group]Run $GITHUB_ACTION_PATH/nix-develop.sh --impure --command bash -x ./scripts/run_task.sh test-e2e-load-ci
2025-07-28T18:53:43.6160858Z [36;1m $GITHUB_ACTION_PATH/nix-develop.sh --impure --command bash -x ./scripts/run_task.sh test-e2e-load-ci[0m
2025-07-28T18:53:43.6197861Z shell: /usr/bin/bash --noprofile --norc -e -o pipefail {0}
2025-07-28T18:53:43.6198608Z env:
2025-07-28T18:53:43.6198913Z   TMPDIR: /home/runner/work/_temp
2025-07-28T18:53:43.6199319Z   TMPNET_START_METRICS_COLLECTOR: true
2025-07-28T18:53:43.6199780Z   TMPNET_START_LOGS_COLLECTOR: true
2025-07-28T18:53:43.6200213Z   TMPNET_CHECK_METRICS_COLLECTED: true
2025-07-28T18:53:43.6200644Z   TMPNET_CHECK_LOGS_COLLECTED: true
2025-07-28T18:53:43.6201147Z   LOKI_USERNAME: ***
2025-07-28T18:53:43.6201619Z   LOKI_PASSWORD: ***
2025-07-28T18:53:43.6201979Z   PROMETHEUS_USERNAME: ***
2025-07-28T18:53:43.6202515Z   PROMETHEUS_PASSWORD: ***
2025-07-28T18:53:43.6202891Z   GH_REPO: ava-labs/subnet-evm
2025-07-28T18:53:43.6203268Z   GH_WORKFLOW: Tests
2025-07-28T18:53:43.6203767Z   GH_RUN_ID: 16577648665
2025-07-28T18:53:43.6204111Z   GH_RUN_NUMBER: 2357
2025-07-28T18:53:43.6204430Z   GH_RUN_ATTEMPT: 1
2025-07-28T18:53:43.6204745Z   GH_JOB_ID: e2e_load
2025-07-28T18:53:43.6205066Z ##[endgroup]
2025-07-28T18:53:43.6331571Z No local flake found, will attempt to use avalanchego flake
2025-07-28T18:53:43.6418798Z Starting nix shell for github:ava-labs/avalanchego?ref=v1.13.3
2025-07-28T18:53:46.2623121Z + set -euo pipefail
2025-07-28T18:53:46.2623753Z + command -v task
2025-07-28T18:53:46.2624400Z + exec task test-e2e-load-ci
2025-07-28T18:53:46.2850221Z task: [install-avalanchego-release] ./scripts/install_avalanchego_release.sh
2025-07-28T18:53:46.3357425Z Using branch: 740f5ebbe
2025-07-28T18:53:46.5661983Z https://github.com/ava-labs/avalanchego/releases/download/v1.13.3/avalanchego-linux-amd64-v1.13.3.tar.gz found
2025-07-28T18:53:46.5662744Z downloading to /tmp/e2e-test/avalanchego-linux-amd64-v1.13.3.tar.gz
2025-07-28T18:53:46.5716817Z   % Total    % Received % Xferd  Average Speed   Time    Time     Time  Current
2025-07-28T18:53:46.5718422Z                                  Dload  Upload   Total   Spent    Left  Speed
2025-07-28T18:53:46.5718836Z 
2025-07-28T18:53:46.6360738Z   0     0    0     0    0     0      0      0 --:--:-- --:--:-- --:--:--     0
2025-07-28T18:53:46.6361638Z   0     0    0     0    0     0      0      0 --:--:-- --:--:-- --:--:--     0
2025-07-28T18:53:46.8416265Z 
2025-07-28T18:53:46.8947737Z  81 39.2M   81 32.0M    0     0   118M      0 --:--:-- --:--:-- --:--:--  118M
2025-07-28T18:53:46.8948539Z 100 39.2M  100 39.2M    0     0   121M      0 --:--:-- --:--:-- --:--:--  135M
2025-07-28T18:53:46.9065442Z avalanchego-v1.13.3/avalanchego
2025-07-28T18:53:47.3354034Z Installed AvalancheGo release v1.13.3
2025-07-28T18:53:47.3354735Z AvalancheGo Path: /tmp/e2e-test/avalanchego/avalanchego
2025-07-28T18:53:47.3355341Z Plugin Dir: /home/runner/.avalanchego/plugins
2025-07-28T18:53:47.3394028Z task: [build] ./scripts/build.sh
2025-07-28T18:53:47.3908683Z Using branch: 740f5ebbe
2025-07-28T18:53:47.3910088Z Building Subnet EVM @ GitCommit: 740f5ebbe5df6a0c1d20e5e4bc958b48e1ed9c6b at /home/runner/.avalanchego/plugins/srEXiWaHuhNyGwPUi444Tu47ZEDwxTWrbQiuD7FmgSAQ6X7Dy
2025-07-28T18:53:47.3964411Z go: downloading github.com/ava-labs/avalanchego v1.13.3
2025-07-28T18:53:47.8345722Z go: downloading github.com/spf13/viper v1.12.0
2025-07-28T18:53:47.8481478Z go: downloading github.com/ava-labs/libevm v1.13.14-0.3.0.rc.1
2025-07-28T18:53:49.0066447Z go: downloading github.com/gorilla/rpc v1.2.0
2025-07-28T18:53:49.0067219Z go: downloading github.com/holiman/uint256 v1.2.4
2025-07-28T18:53:49.0067910Z go: downloading github.com/prometheus/client_golang v1.16.0
2025-07-28T18:53:49.0139297Z go: downloading go.uber.org/zap v1.26.0
2025-07-28T18:53:49.0390218Z go: downloading golang.org/x/exp v0.0.0-20241215155358-4a5509556b9e
2025-07-28T18:53:49.0731825Z go: downloading golang.org/x/term v0.30.0
2025-07-28T18:53:49.0732534Z go: downloading gopkg.in/natefinch/lumberjack.v2 v2.0.0
2025-07-28T18:53:49.0889035Z go: downloading github.com/grpc-ecosystem/go-grpc-prometheus v1.2.0
2025-07-28T18:53:49.0909340Z go: downloading github.com/prometheus/client_model v0.3.0
2025-07-28T18:53:49.0981617Z go: downloading google.golang.org/grpc v1.66.0
2025-07-28T18:53:49.1432039Z go: downloading google.golang.org/protobuf v1.35.2
2025-07-28T18:53:49.3645272Z go: downloading go.opentelemetry.io/otel v1.22.0
2025-07-28T18:53:49.3798607Z go: downloading go.opentelemetry.io/otel/trace v1.22.0
2025-07-28T18:53:49.3799981Z go: downloading github.com/prometheus/common v0.42.0
2025-07-28T18:53:49.3804329Z go: downloading github.com/cockroachdb/pebble v0.0.0-20230928194634-aa077af62593
2025-07-28T18:53:49.4329303Z go: downloading github.com/StephenButtolph/canoto v0.17.1
2025-07-28T18:53:49.4701112Z go: downloading github.com/google/renameio/v2 v2.0.0
2025-07-28T18:53:49.4795558Z go: downloading golang.org/x/sync v0.12.0
2025-07-28T18:53:49.4967214Z go: downloading github.com/fsnotify/fsnotify v1.6.0
2025-07-28T18:53:49.5139905Z go: downloading github.com/mitchellh/mapstructure v1.5.0
2025-07-28T18:53:49.5185670Z go: downloading github.com/spf13/afero v1.8.2
2025-07-28T18:53:49.5215244Z go: downloading github.com/spf13/cast v1.5.0
2025-07-28T18:53:49.5299290Z go: downloading github.com/spf13/jwalterweatherman v1.1.0
2025-07-28T18:53:49.5408156Z go: downloading golang.org/x/crypto v0.36.0
2025-07-28T18:53:49.5435939Z go: downloading github.com/gofrs/flock v0.8.1
2025-07-28T18:53:49.5504640Z go: downloading github.com/golang/snappy v0.0.5-0.20220116011046-fa5810519dcb
2025-07-28T18:53:49.5565460Z go: downloading github.com/olekukonko/tablewriter v0.0.5
2025-07-28T18:53:49.5696170Z go: downloading github.com/shirou/gopsutil v3.21.11+incompatible
2025-07-28T18:53:49.5766513Z go: downloading github.com/dop251/goja v0.0.0-20230806174421-c933cf95e127
2025-07-28T18:53:49.6370084Z go: downloading golang.org/x/sys v0.31.0
2025-07-28T18:53:49.6516978Z go: downloading github.com/gballet/go-verkle v0.1.1-0.20231031103413-a67434b50f46
2025-07-28T18:53:49.7032892Z go: downloading github.com/holiman/bloomfilter/v2 v2.0.3
2025-07-28T18:53:49.7309951Z go: downloading go.uber.org/mock v0.5.0
2025-07-28T18:53:49.7356755Z go: downloading github.com/deckarep/golang-set/v2 v2.1.0
2025-07-28T18:53:49.7547597Z go: downloading github.com/gorilla/websocket v1.5.0
2025-07-28T18:53:49.7838945Z go: downloading golang.org/x/time v0.3.0
2025-07-28T18:53:49.7993200Z go: downloading go.uber.org/multierr v1.11.0
2025-07-28T18:53:49.8002322Z go: downloading github.com/beorn7/perks v1.0.1
2025-07-28T18:53:49.8122710Z go: downloading github.com/cespare/xxhash/v2 v2.3.0
2025-07-28T18:53:49.8134527Z go: downloading github.com/prometheus/procfs v0.10.1
2025-07-28T18:53:49.8267356Z go: downloading github.com/supranational/blst v0.3.14
2025-07-28T18:53:49.8867175Z go: downloading google.golang.org/genproto/googleapis/rpc v0.0.0-20240827150818-7e3bb234dfed
2025-07-28T18:53:49.8975228Z go: downloading github.com/golang/protobuf v1.5.4
2025-07-28T18:53:49.9006652Z go: downloading golang.org/x/net v0.38.0
2025-07-28T18:53:49.9252683Z go: downloading go.opentelemetry.io/otel/exporters/otlp/otlptrace v1.22.0
2025-07-28T18:53:49.9274778Z go: downloading go.opentelemetry.io/otel/exporters/otlp/otlptrace/otlptracegrpc v1.22.0
2025-07-28T18:53:49.9277293Z go: downloading go.opentelemetry.io/otel/exporters/otlp/otlptrace/otlptracehttp v1.22.0
2025-07-28T18:53:49.9361191Z go: downloading go.opentelemetry.io/otel/sdk v1.22.0
2025-07-28T18:53:49.9657992Z go: downloading github.com/syndtr/goleveldb v1.0.1-0.20220614013038-64ee5596c38a
2025-07-28T18:53:50.0005266Z go: downloading github.com/matttproud/golang_protobuf_extensions v1.0.4
2025-07-28T18:53:50.0025726Z go: downloading github.com/mr-tron/base58 v1.2.0
2025-07-28T18:53:50.0126091Z go: downloading gonum.org/v1/gonum v0.11.0
2025-07-28T18:53:50.0147814Z go: downloading github.com/DataDog/zstd v1.5.2
2025-07-28T18:53:50.0941669Z go: downloading github.com/subosito/gotenv v1.3.0
2025-07-28T18:53:50.1021206Z go: downloading github.com/hashicorp/hcl v1.0.0
2025-07-28T18:53:50.1111948Z go: downloading gopkg.in/ini.v1 v1.67.0
2025-07-28T18:53:50.1295650Z go: downloading github.com/magiconair/properties v1.8.6
2025-07-28T18:53:50.1375004Z go: downloading github.com/pelletier/go-toml/v2 v2.0.5
2025-07-28T18:53:50.1402321Z go: downloading golang.org/x/text v0.23.0
2025-07-28T18:53:50.1738188Z go: downloading github.com/pelletier/go-toml v1.9.5
2025-07-28T18:53:50.2045481Z go: downloading github.com/mattn/go-runewidth v0.0.13
2025-07-28T18:53:50.2164206Z go: downloading github.com/tklauser/go-sysconf v0.3.12
2025-07-28T18:53:50.2397571Z go: downloading github.com/dlclark/regexp2 v1.7.0
2025-07-28T18:53:50.4286396Z go: downloading github.com/google/pprof v0.0.0-20230207041349-798e818bf904
2025-07-28T18:53:50.7481174Z go: downloading github.com/VictoriaMetrics/fastcache v1.12.1
2025-07-28T18:53:50.7527547Z go: downloading github.com/crate-crypto/go-kzg-4844 v0.7.0
2025-07-28T18:53:50.7528578Z go: downloading github.com/crate-crypto/go-ipa v0.0.0-20231025140028-3c0104f4b233
2025-07-28T18:53:50.7529191Z go: downloading github.com/holiman/billy v0.0.0-20240216141850-2abb0c79d3c4
2025-07-28T18:53:50.7869001Z go: downloading github.com/hashicorp/golang-lru v0.5.5-0.20210104140557-80c98217689d
2025-07-28T18:53:50.7995515Z go: downloading github.com/tyler-smith/go-bip39 v1.1.0
2025-07-28T18:53:50.8136503Z go: downloading github.com/google/uuid v1.6.0
2025-07-28T18:53:50.8214121Z go: downloading github.com/hashicorp/go-bexpr v0.1.10
2025-07-28T18:53:50.8275509Z go: downloading github.com/mattn/go-isatty v0.0.17
2025-07-28T18:53:50.8464653Z go: downloading github.com/urfave/cli/v2 v2.25.7
2025-07-28T18:53:50.8671869Z go: downloading github.com/cockroachdb/errors v1.9.1
2025-07-28T18:53:50.9256013Z go: downloading github.com/cockroachdb/redact v1.1.3
2025-07-28T18:53:50.9257744Z go: downloading github.com/cockroachdb/tokenbucket v0.0.0-20230807174530-cc333fc44b06
2025-07-28T18:53:50.9417062Z go: downloading go.opentelemetry.io/proto/otlp v1.0.0
2025-07-28T18:53:50.9618928Z go: downloading github.com/rivo/uniseg v0.2.0
2025-07-28T18:53:50.9624529Z go: downloading github.com/tklauser/numcpus v0.6.1
2025-07-28T18:53:50.9748041Z go: downloading github.com/go-sourcemap/sourcemap v2.1.3+incompatible
2025-07-28T18:53:50.9771103Z go: downloading github.com/ava-labs/firewood-go-ethhash/ffi v0.0.8
2025-07-28T18:53:50.9830377Z go: downloading github.com/gballet/go-libpcsclite v0.0.0-20191108122812-4678299bea08
2025-07-28T18:53:50.9918191Z go: downloading github.com/status-im/keycard-go v0.2.0
2025-07-28T18:53:51.0107589Z go: downloading github.com/mitchellh/pointerstructure v1.2.0
2025-07-28T18:53:51.0237457Z go: downloading github.com/cockroachdb/logtags v0.0.0-20230118201751-21c54148d20b
2025-07-28T18:53:51.0247752Z go: downloading github.com/getsentry/sentry-go v0.18.0
2025-07-28T18:53:51.0330138Z go: downloading github.com/pkg/errors v0.9.1
2025-07-28T18:53:51.0431073Z go: downloading github.com/go-logr/logr v1.4.1
2025-07-28T18:53:51.0573057Z go: downloading go.opentelemetry.io/otel/metric v1.22.0
2025-07-28T18:53:51.0658701Z go: downloading github.com/cenkalti/backoff/v4 v4.2.1
2025-07-28T18:53:51.0695091Z go: downloading github.com/grpc-ecosystem/grpc-gateway/v2 v2.16.0
2025-07-28T18:53:51.2317478Z go: downloading github.com/go-logr/stdr v1.2.2
2025-07-28T18:53:51.2340099Z go: downloading github.com/consensys/gnark-crypto v0.12.1
2025-07-28T18:53:51.9626189Z go: downloading github.com/cpuguy83/go-md2man/v2 v2.0.4
2025-07-28T18:53:51.9709873Z go: downloading github.com/xrash/smetrics v0.0.0-20201216005158-039620a65673
2025-07-28T18:53:51.9837286Z go: downloading github.com/gogo/protobuf v1.3.2
2025-07-28T18:53:52.0549500Z go: downloading github.com/kr/pretty v0.3.1
2025-07-28T18:53:52.0677900Z go: downloading google.golang.org/genproto/googleapis/api v0.0.0-20240604185151-ef581f913117
2025-07-28T18:53:52.1026648Z go: downloading github.com/huin/goupnp v1.3.0
2025-07-28T18:53:52.1264670Z go: downloading github.com/jackpal/go-nat-pmp v1.0.2
2025-07-28T18:53:52.1365574Z go: downloading github.com/russross/blackfriday/v2 v2.1.0
2025-07-28T18:53:52.1703851Z go: downloading github.com/bits-and-blooms/bitset v1.10.0
2025-07-28T18:53:52.2652892Z go: downloading github.com/kr/text v0.2.0
2025-07-28T18:53:52.2654243Z go: downloading github.com/rogpeppe/go-internal v1.12.0
2025-07-28T18:53:52.2706066Z go: downloading github.com/consensys/bavard v0.1.13
2025-07-28T18:53:52.2765969Z go: downloading github.com/mmcloughlin/addchain v0.4.0
2025-07-28T18:53:52.3168815Z go: downloading rsc.io/tmplfunc v0.0.3
2025-07-28T18:55:02.4353130Z task: [test-e2e-load] ./scripts/run_ginkgo_load.sh
2025-07-28T18:55:02.4869568Z Using branch: 740f5ebbe
2025-07-28T18:55:02.4870174Z Running with extra args: --avalanchego-path=/tmp/e2e-test/avalanchego/avalanchego
2025-07-28T18:55:02.4977045Z go: downloading github.com/onsi/ginkgo/v2 v2.13.1
2025-07-28T18:55:02.6216701Z go: downloading github.com/go-task/slim-sprig v0.0.0-20230315185526-52ccab3ef572
2025-07-28T18:55:02.6243785Z go: downloading golang.org/x/tools v0.29.0
2025-07-28T18:55:57.6369960Z go: downloading github.com/stretchr/testify v1.10.0
2025-07-28T18:55:57.6371938Z go: downloading k8s.io/api v0.29.0
2025-07-28T18:55:57.6375088Z go: downloading k8s.io/apimachinery v0.29.0
2025-07-28T18:55:57.6375764Z go: downloading k8s.io/client-go v0.29.0
2025-07-28T18:55:57.6376394Z go: downloading k8s.io/utils v0.0.0-20230726121419-3b25d923346b
2025-07-28T18:55:57.6377056Z go: downloading github.com/ava-labs/coreth v0.15.3-rc.1
2025-07-28T18:55:57.6378033Z go: downloading github.com/go-cmd/cmd v1.4.3
2025-07-28T18:55:57.6378623Z go: downloading github.com/btcsuite/btcd/btcutil v1.1.3
2025-07-28T18:55:57.6379313Z go: downloading github.com/decred/dcrd/dcrec/secp256k1/v4 v4.1.0
2025-07-28T18:55:57.6379986Z go: downloading github.com/json-iterator/go v1.1.12
2025-07-28T18:55:57.6380484Z go: downloading gopkg.in/inf.v0 v0.9.1
2025-07-28T18:55:57.6380975Z go: downloading github.com/google/gofuzz v1.2.0
2025-07-28T18:55:57.6381458Z go: downloading k8s.io/klog/v2 v2.110.1
2025-07-28T18:55:57.6381901Z go: downloading sigs.k8s.io/yaml v1.3.0
2025-07-28T18:55:57.6382388Z go: downloading github.com/imdario/mergo v0.3.16
2025-07-28T18:55:57.6382999Z go: downloading github.com/pires/go-proxyproto v0.6.2
2025-07-28T18:55:57.6383732Z go: downloading github.com/gorilla/mux v1.8.0
2025-07-28T18:55:57.6384253Z go: downloading github.com/rs/cors v1.7.0
2025-07-28T18:55:57.6384753Z go: downloading github.com/google/btree v1.1.2
2025-07-28T18:55:57.6385445Z go: downloading github.com/modern-go/concurrent v0.0.0-20180306012644-bacd9c7ef1dd
2025-07-28T18:55:57.6386152Z go: downloading github.com/modern-go/reflect2 v1.0.2
2025-07-28T18:55:57.6386703Z go: downloading github.com/pmezard/go-difflib v1.0.0
2025-07-28T18:55:57.6387290Z go: downloading sigs.k8s.io/structured-merge-diff/v4 v4.4.1
2025-07-28T18:55:57.6387939Z go: downloading sigs.k8s.io/json v0.0.0-20221116044647-bc3834ca7abd
2025-07-28T18:55:57.6388496Z go: downloading gopkg.in/yaml.v2 v2.4.0
2025-07-28T18:55:57.6388977Z go: downloading github.com/moby/spdystream v0.2.0
2025-07-28T18:55:57.6389530Z go: downloading github.com/google/gnostic-models v0.6.8
2025-07-28T18:55:57.6390051Z go: downloading golang.org/x/oauth2 v0.27.0
2025-07-28T18:55:57.6390671Z go: downloading github.com/mxk/go-flowrate v0.0.0-20140419014527-cca7078d478f
2025-07-28T18:55:57.6391427Z go: downloading k8s.io/kube-openapi v0.0.0-20231010175941-2dd684a91f00
2025-07-28T18:55:57.6392183Z go: downloading github.com/munnerz/goautoneg v0.0.0-20191010083416-a7dc8b61c822
2025-07-28T18:55:57.6392859Z go: downloading github.com/go-openapi/swag v0.22.3
2025-07-28T18:55:57.6393581Z go: downloading github.com/go-openapi/jsonreference v0.20.2
2025-07-28T18:55:57.6394199Z go: downloading github.com/emicklei/go-restful/v3 v3.11.0
2025-07-28T18:55:57.6394793Z go: downloading github.com/go-openapi/jsonpointer v0.19.6
2025-07-28T18:55:57.6395344Z go: downloading github.com/mailru/easyjson v0.7.7
2025-07-28T18:55:57.6395858Z go: downloading github.com/josharian/intern v1.0.0
2025-07-28T18:55:57.6396183Z 
2025-07-28T18:55:57.7530778Z Running Suite: subnet-evm small load simulator test suite - /home/runner/work/subnet-evm/subnet-evm/tests/load
2025-07-28T18:55:57.7531800Z ==============================================================================================================
2025-07-28T18:55:57.7533059Z Random Seed: [1m1753728904[0m
2025-07-28T18:55:57.7533314Z 
2025-07-28T18:55:57.7533806Z Will run [1m1[0m of [1m1[0m specs
2025-07-28T18:55:57.7534365Z [38;5;243m------------------------------[0m
2025-07-28T18:55:57.7534801Z [Load Simulator]
2025-07-28T18:55:57.7535573Z [38;5;243m/home/runner/work/subnet-evm/subnet-evm/tests/load/load_test.go:50[0m
2025-07-28T18:55:57.7536468Z   [0m[1mbasic subnet load test[0m [38;5;204m[load][0m
2025-07-28T18:55:57.7537413Z   [38;5;243m/home/runner/work/subnet-evm/subnet-evm/tests/load/load_test.go:72[0m
2025-07-28T18:55:57.7539291Z   > Enter [1m[BeforeEach][0m TOP-LEVEL [38;5;243m- /home/runner/go/pkg/mod/github.com/ava-labs/avalanchego@v1.13.3/tests/fixture/e2e/metrics_link.go:27 @ 07/28/25 18:55:57.752[0m
2025-07-28T18:55:57.7541875Z   < Exit [1m[BeforeEach][0m TOP-LEVEL [38;5;243m- /home/runner/go/pkg/mod/github.com/ava-labs/avalanchego@v1.13.3/tests/fixture/e2e/metrics_link.go:27 @ 07/28/25 18:55:57.753 (0s)[0m
2025-07-28T18:55:57.7544350Z   > Enter [1m[BeforeAll][0m [Load Simulator] [38;5;243m- /home/runner/work/subnet-evm/subnet-evm/tests/load/load_test.go:55 @ 07/28/25 18:55:57.753[0m
2025-07-28T18:55:57.7558593Z    [0;0mINFO[0;0m	writing collector config	{"cmd": "prometheus", "path": "/home/runner/.tmpnet/prometheus/prometheus.yaml"}
2025-07-28T18:55:57.7561674Z    [0;0mINFO[0;0m	starting collector	{"cmd": "prometheus", "workingDir": "/home/runner/.tmpnet/prometheus", "fullCmd": "nohup prometheus --config.file=prometheus.yaml --web.listen-address=127.0.0.1:9090 --agent --storage.agent.path=./data > prometheus.log 2>&1 & echo -n \"$!\" > /home/runner/.tmpnet/prometheus/run.pid", "logPath": "/home/runner/.tmpnet/prometheus/prometheus.log"}
2025-07-28T18:55:57.8567482Z    [0;0mINFO[0;0m	started collector	{"cmd": "prometheus", "pid": 18104}
2025-07-28T18:55:57.8569950Z    [0;0mINFO[0;0m	waiting for collector readiness	{"cmd": "prometheus", "url": "http://127.0.0.1:9090/-/ready", "logPath": "/home/runner/.tmpnet/prometheus/prometheus.log"}
2025-07-28T18:55:57.8575479Z    [0;0mINFO[0;0m	collector ready	{"cmd": "prometheus"}
2025-07-28T18:55:57.8576756Z    [0;0mINFO[0;0m	To stop: tmpnetctl stop-metrics-collector
2025-07-28T18:55:57.8579415Z    [0;0mINFO[0;0m	writing collector config	{"cmd": "promtail", "path": "/home/runner/.tmpnet/promtail/promtail.yaml"}
2025-07-28T18:55:57.8582166Z    [0;0mINFO[0;0m	starting collector	{"cmd": "promtail", "workingDir": "/home/runner/.tmpnet/promtail", "fullCmd": "nohup promtail -config.file=promtail.yaml > promtail.log 2>&1 & echo -n \"$!\" > /home/runner/.tmpnet/promtail/run.pid", "logPath": "/home/runner/.tmpnet/promtail/promtail.log"}
2025-07-28T18:55:57.9588525Z    [0;0mINFO[0;0m	started collector	{"cmd": "promtail", "pid": 18114}
2025-07-28T18:55:58.0591416Z    [0;0mINFO[0;0m	skipping promtail readiness check until one or more nodes have written their service discovery configuration
2025-07-28T18:55:58.0592975Z    [0;0mINFO[0;0m	To stop: tmpnetctl stop-logs-collector
2025-07-28T18:55:58.0594275Z    [0;0mINFO[0;0m	waiting for network to start	{"timeoutSeconds": 120}
2025-07-28T18:55:58.3266953Z    [0;0mINFO[0;0m	preparing configuration for new network	{"runtimeConfig": {"process":{"avalancheGoPath":"/tmp/e2e-test/avalanchego/avalanchego","pluginDir":"/home/runner/.avalanchego/plugins"}}}
2025-07-28T18:55:58.3431253Z    [0;0mINFO[0;0m	starting a single-node network with sybil protection disabled for quicker subnet creation
2025-07-28T18:55:58.3432878Z    [0;0mINFO[0;0m	starting network	{"networkDir": "/home/runner/.tmpnet/networks/20250728-185558.326605-subnet-evm-small-load", "uuid": "73586520-12f5-4052-a470-6a91b090f24e"}
2025-07-28T18:55:59.0683800Z    [0;0mINFO[0;0m	started local node	{"nodeID": "NodeID-zRBkbPBtKkKiGaH3PsMGbTrTJNUEMsxd", "dataDir": "/home/runner/.tmpnet/networks/20250728-185558.326605-subnet-evm-small-load/NodeID-zRBkbPBtKkKiGaH3PsMGbTrTJNUEMsxd", "isEphemeral": false}
2025-07-28T18:55:59.0689424Z    [0;0mINFO[0;0m	waiting for nodes to report healthy
2025-07-28T18:56:01.0703137Z    [0;0mINFO[0;0m	node is healthy	{"nodeID": "NodeID-zRBkbPBtKkKiGaH3PsMGbTrTJNUEMsxd", "uri": "http://127.0.0.1:44535"}
2025-07-28T18:56:01.0705754Z    [0;0mINFO[0;0m	started network	{"networkDir": "/home/runner/.tmpnet/networks/20250728-185558.326605-subnet-evm-small-load", "uuid": "73586520-12f5-4052-a470-6a91b090f24e"}
2025-07-28T18:56:01.0710390Z    [0;0mINFO[0;0m	metrics and logs available via grafana (collectors must be running)	{"url": "https://grafana-poc.avax-dev.network/d/kBQpRdWnk/avalanche-main-dashboard?&var-filter=network_uuid%7C%3D%7C73586520-12f5-4052-a470-6a91b090f24e&var-filter=is_ephemeral_node%7C%3D%7Cfalse&from=1753728958342&to=now", "linkPath": "/home/runner/.tmpnet/networks/20250728-185558.326605-subnet-evm-small-load/metrics.txt"}
2025-07-28T18:56:01.0713734Z    [0;0mINFO[0;0m	creating subnet	{"name": "load-subnet-a"}
2025-07-28T18:56:01.1857925Z    [0;0mINFO[0;0m	created subnet	{"name": "load-subnet-a", "id": "e7TRr9VgkHwzDNyXdxFGkgghSPjNtJfBdTgRF77wg7ChDte5Z"}
2025-07-28T18:56:01.1859688Z    [0;0mINFO[0;0m	wrote subnet configuration	{"name": "load-subnet-a"}
2025-07-28T18:56:01.1872518Z    [0;0mINFO[0;0m	adding validators for subnet	{"name": "load-subnet-a"}
2025-07-28T18:56:02.0960635Z    [0;0mINFO[0;0m	added validator to subnet	{"subnet": "load-subnet-a", "nodeID": "NodeID-zRBkbPBtKkKiGaH3PsMGbTrTJNUEMsxd"}
2025-07-28T18:56:03.0978392Z    [0;0mINFO[0;0m	added validator to subnet	{"subnet": "load-subnet-a", "nodeID": "NodeID-HXX5YzfFrgCSh93Ywyab1QTcnx2QwZ3eF"}
2025-07-28T18:56:04.0997568Z    [0;0mINFO[0;0m	added validator to subnet	{"subnet": "load-subnet-a", "nodeID": "NodeID-BibNc1GwmtyDBoy8wiuNVHyz2DyEZKqgS"}
2025-07-28T18:56:05.1019049Z    [0;0mINFO[0;0m	added validator to subnet	{"subnet": "load-subnet-a", "nodeID": "NodeID-6M33Nk3tGUyCN7DgJWaPiRKtzmtzmQDuA"}
2025-07-28T18:56:06.0035604Z    [0;0mINFO[0;0m	added validator to subnet	{"subnet": "load-subnet-a", "nodeID": "NodeID-MwDLcwMqJ2xiJru9jr1uX9pdjuFohKwXy"}
2025-07-28T18:56:06.0036863Z    [0;0mINFO[0;0m	waiting for subnet validators to become active	{"subnet": "load-subnet-a"}
2025-07-28T18:56:06.0039936Z    [0;0mINFO[0;0m	saw the expected active validators of the subnet	{"subnet": "load-subnet-a"}
2025-07-28T18:56:06.0101714Z    [0;0mINFO[0;0m	creating chains for subnet	{"subnet": "load-subnet-a"}
2025-07-28T18:56:07.0127881Z    [0;0mINFO[0;0m	created chain	{"chain": "um9zeyxyZrSQxfcCkr5KodPNZK4CsRNPame8DE79nYidCavGT", "subnet": "load-subnet-a", "vm": "srEXiWaHuhNyGwPUi444Tu47ZEDwxTWrbQiuD7FmgSAQ6X7Dy"}
2025-07-28T18:56:07.0130937Z    [0;0mINFO[0;0m	wrote subnet configuration	{"name": "load-subnet-a", "id": "e7TRr9VgkHwzDNyXdxFGkgghSPjNtJfBdTgRF77wg7ChDte5Z"}
2025-07-28T18:56:07.0132691Z    [0;0mINFO[0;0m	re-enabling sybil protection	{"nodeID": "NodeID-zRBkbPBtKkKiGaH3PsMGbTrTJNUEMsxd"}
2025-07-28T18:56:07.0133824Z    [0;0mINFO[0;0m	restarting bootstrap node	{"nodeID": "NodeID-zRBkbPBtKkKiGaH3PsMGbTrTJNUEMsxd"}
2025-07-28T18:56:07.7957516Z    [0;0mINFO[0;0m	started local node	{"nodeID": "NodeID-zRBkbPBtKkKiGaH3PsMGbTrTJNUEMsxd", "dataDir": "/home/runner/.tmpnet/networks/20250728-185558.326605-subnet-evm-small-load/NodeID-zRBkbPBtKkKiGaH3PsMGbTrTJNUEMsxd", "isEphemeral": false}
2025-07-28T18:56:07.7961326Z    [0;0mINFO[0;0m	starting remaining nodes
2025-07-28T18:56:08.4846497Z    [0;0mINFO[0;0m	started local node	{"nodeID": "NodeID-HXX5YzfFrgCSh93Ywyab1QTcnx2QwZ3eF", "dataDir": "/home/runner/.tmpnet/networks/20250728-185558.326605-subnet-evm-small-load/NodeID-HXX5YzfFrgCSh93Ywyab1QTcnx2QwZ3eF", "isEphemeral": false}
2025-07-28T18:56:09.2067441Z    [0;0mINFO[0;0m	started local node	{"nodeID": "NodeID-BibNc1GwmtyDBoy8wiuNVHyz2DyEZKqgS", "dataDir": "/home/runner/.tmpnet/networks/20250728-185558.326605-subnet-evm-small-load/NodeID-BibNc1GwmtyDBoy8wiuNVHyz2DyEZKqgS", "isEphemeral": false}
2025-07-28T18:56:09.9266228Z    [0;0mINFO[0;0m	started local node	{"nodeID": "NodeID-6M33Nk3tGUyCN7DgJWaPiRKtzmtzmQDuA", "dataDir": "/home/runner/.tmpnet/networks/20250728-185558.326605-subnet-evm-small-load/NodeID-6M33Nk3tGUyCN7DgJWaPiRKtzmtzmQDuA", "isEphemeral": false}
2025-07-28T18:56:10.5982576Z    [0;0mINFO[0;0m	started local node	{"nodeID": "NodeID-MwDLcwMqJ2xiJru9jr1uX9pdjuFohKwXy", "dataDir": "/home/runner/.tmpnet/networks/20250728-185558.326605-subnet-evm-small-load/NodeID-MwDLcwMqJ2xiJru9jr1uX9pdjuFohKwXy", "isEphemeral": false}
2025-07-28T18:56:10.5993644Z    [0;0mINFO[0;0m	waiting for nodes to report healthy
2025-07-28T18:56:12.5992038Z    [0;0mINFO[0;0m	node is healthy	{"nodeID": "NodeID-HXX5YzfFrgCSh93Ywyab1QTcnx2QwZ3eF", "uri": "http://127.0.0.1:39121"}
2025-07-28T18:56:12.6007610Z    [0;0mINFO[0;0m	node is healthy	{"nodeID": "NodeID-MwDLcwMqJ2xiJru9jr1uX9pdjuFohKwXy", "uri": "http://127.0.0.1:40493"}
2025-07-28T18:56:13.2007749Z    [0;0mINFO[0;0m	node is healthy	{"nodeID": "NodeID-BibNc1GwmtyDBoy8wiuNVHyz2DyEZKqgS", "uri": "http://127.0.0.1:37737"}
2025-07-28T18:56:13.7996629Z    [0;0mINFO[0;0m	node is healthy	{"nodeID": "NodeID-zRBkbPBtKkKiGaH3PsMGbTrTJNUEMsxd", "uri": "http://127.0.0.1:36291"}
2025-07-28T18:56:13.9991823Z    [0;0mINFO[0;0m	node is healthy	{"nodeID": "NodeID-6M33Nk3tGUyCN7DgJWaPiRKtzmtzmQDuA", "uri": "http://127.0.0.1:33907"}
2025-07-28T18:56:13.9995001Z    [0;0mINFO[0;0m	started network	{"networkDir": "/home/runner/.tmpnet/networks/20250728-185558.326605-subnet-evm-small-load", "uuid": "73586520-12f5-4052-a470-6a91b090f24e"}
2025-07-28T18:56:13.9999849Z    [0;0mINFO[0;0m	metrics and logs available via grafana (collectors must be running)	{"url": "https://grafana-poc.avax-dev.network/d/kBQpRdWnk/avalanche-main-dashboard?&var-filter=network_uuid%7C%3D%7C73586520-12f5-4052-a470-6a91b090f24e&var-filter=is_ephemeral_node%7C%3D%7Cfalse&from=1753728967795&to=now", "linkPath": "/home/runner/.tmpnet/networks/20250728-185558.326605-subnet-evm-small-load/metrics.txt"}
2025-07-28T18:56:14.0002488Z    [0;0mINFO[0;0m	network started successfully
2025-07-28T18:56:14.0004087Z    [0;0mINFO[0;0m	waiting for collector readiness	{"cmd": "promtail", "url": "http://127.0.0.1:3101/ready", "logPath": "/home/runner/.tmpnet/promtail/promtail.log"}
2025-07-28T18:56:14.0004988Z    [0;0mINFO[0;0m	collector ready	{"cmd": "promtail"}
2025-07-28T18:56:14.0022737Z    [0;0mINFO[0;0m	network nodes are available	{"uris": [{"NodeID":"NodeID-6M33Nk3tGUyCN7DgJWaPiRKtzmtzmQDuA","URI":"http://127.0.0.1:33907"},{"NodeID":"NodeID-BibNc1GwmtyDBoy8wiuNVHyz2DyEZKqgS","URI":"http://127.0.0.1:37737"},{"NodeID":"NodeID-HXX5YzfFrgCSh93Ywyab1QTcnx2QwZ3eF","URI":"http://127.0.0.1:39121"},{"NodeID":"NodeID-MwDLcwMqJ2xiJru9jr1uX9pdjuFohKwXy","URI":"http://127.0.0.1:40493"},{"NodeID":"NodeID-zRBkbPBtKkKiGaH3PsMGbTrTJNUEMsxd","URI":"http://127.0.0.1:36291"}]}
2025-07-28T18:56:14.0026957Z   < Exit [1m[BeforeAll][0m [Load Simulator] [38;5;243m- /home/runner/work/subnet-evm/subnet-evm/tests/load/load_test.go:55 @ 07/28/25 18:56:14.001 (16.249s)[0m
2025-07-28T18:56:14.0028926Z   > Enter [1m[It][0m basic subnet load test [38;5;243m- /home/runner/work/subnet-evm/subnet-evm/tests/load/load_test.go:72 @ 07/28/25 18:56:14.001[0m
2025-07-28T18:58:22.4677187Z 
2025-07-28T18:58:22.4677662Z Combined output:
2025-07-28T18:58:22.4677939Z 
2025-07-28T18:58:22.4678143Z Beginning simulator script
2025-07-28T18:58:22.4678664Z Using branch: 740f5ebbe
2025-07-28T18:58:22.4679041Z building simulator
2025-07-28T18:58:22.4679603Z ~/work/subnet-evm/subnet-evm/cmd/simulator ~/work/subnet-evm/subnet-evm
2025-07-28T18:58:22.4680101Z 
2025-07-28T18:58:22.4680257Z ~/work/subnet-evm/subnet-evm
2025-07-28T18:58:22.4680809Z running simulator from /home/runner/work/subnet-evm/subnet-evm
2025-07-28T18:58:22.4681811Z [07-28|18:56:16.429] [32mINFO[0m Metrics Server: localhost:8082/metrics
2025-07-28T18:58:22.4683156Z [07-28|18:56:16.429] [32mINFO[0m Distributing funds                       [32mnumTxsPerWorker[0m=50000 [32mminFunds[0m=1,050,000,000,000,000,000,000,000
2025-07-28T18:58:22.4684450Z [07-28|18:56:16.429] [32mINFO[0m Checking balance of each key to distribute funds
2025-07-28T18:58:22.4686441Z [07-28|18:56:16.431] [32mINFO[0m Found max funded key                     [32maddress[0m=0x8db97C7cEcE249c2b98bDC0226Cc4C2A57BF52FC [32mbalance[0m=100,000,000,000,000,000,000,000,000 [32mnumFundAddrs[0m=0
2025-07-28T18:58:22.4687581Z [07-28|18:56:16.431] [32mINFO[0m Distributed funds successfully           [32mtime[0m=1.807839ms
2025-07-28T18:58:22.4688134Z [07-28|18:56:16.432] [32mINFO[0m Creating transaction sequences...
2025-07-28T18:58:22.4688705Z [07-28|18:56:19.358] [32mINFO[0m Created transaction sequences successfully [32mtime[0m=2.926536874s
2025-07-28T18:58:22.4689325Z [07-28|18:56:19.358] [32mINFO[0m Constructing tx agents...                [32mnumAgents[0m=1
2025-07-28T18:58:22.4689798Z [07-28|18:56:19.358] [32mINFO[0m Starting tx agents...
2025-07-28T18:58:22.4690174Z [07-28|18:56:19.358] [32mINFO[0m Waiting for tx agents...
2025-07-28T18:58:22.4690696Z [07-28|18:57:53.527] [32mINFO[0m Issuance Batch Done                      [32mbatch[0m=0 [32mtime[0m=94.169
2025-07-28T18:58:22.4691302Z [07-28|18:58:22.462] [32mINFO[0m Confirmed Batch Done                     [32mbatch[0m=0 [32mtime[0m=28.935
2025-07-28T18:58:22.4692093Z [07-28|18:58:22.462] [32mINFO[0m Issuance Batch Done                      [32mbatch[0m=1 [32mtime[0m=0.000
2025-07-28T18:58:22.4692695Z [07-28|18:58:22.462] [32mINFO[0m Confirmed Batch Done                     [32mbatch[0m=1 [32mtime[0m=0.000
2025-07-28T18:58:22.4694207Z [07-28|18:58:22.462] [32mINFO[0m Execution complete                       [32mtotalTxs[0m=50000 [32mtotalTime[0m=123.104 [32mTPS[0m=406.162 [32missuanceTime[0m=94.169 [32mconfirmedTime[0m=28.935
2025-07-28T18:58:22.4695095Z [07-28|18:58:22.462] [32mINFO[0m Tx agents completed successfully.
2025-07-28T18:58:22.4695420Z *** Metrics ***
2025-07-28T18:58:22.4696201Z Type: COUNTER, Name: promhttp_metric_handler_errors_total, Description: Total number of internal errors encountered by the promhttp metric handler., Values: label:<name:"cause" value:"encoding" > counter:<value:0 > 
2025-07-28T18:58:22.4697553Z Type: COUNTER, Name: promhttp_metric_handler_errors_total, Description: Total number of internal errors encountered by the promhttp metric handler., Values: label:<name:"cause" value:"gathering" > counter:<value:0 > 
2025-07-28T18:58:22.4699152Z Type: SUMMARY, Name: tx_confirmation_time, Description: Individual Tx Confirmation Times for a Load Test, Values: summary:<sample_count:50000 sample_sum:28.853613490000054 quantile:<quantile:0.5 value:0.000545384 > quantile:<quantile:0.9 value:0.000612461 > quantile:<quantile:0.99 value:0.000968058 > > 
2025-07-28T18:58:22.4700913Z Type: SUMMARY, Name: tx_issuance_time, Description: Individual Tx Issuance Times for a Load Test, Values: summary:<sample_count:50000 sample_sum:94.12302257100053 quantile:<quantile:0.5 value:0.001206867 > quantile:<quantile:0.9 value:0.003574153 > quantile:<quantile:0.99 value:0.011790254 > > 
2025-07-28T18:58:22.4702758Z Type: SUMMARY, Name: tx_issuance_to_confirmation_time, Description: Individual Tx Issuance To Confirmation Times for a Load Test, Values: summary:<sample_count:50000 sample_sum:3.1039350681550936e+06 quantile:<quantile:0.5 value:57.652652068 > quantile:<quantile:0.9 value:87.777325776 > quantile:<quantile:0.99 value:93.886334648 > > 
2025-07-28T18:58:22.4704045Z ***************
2025-07-28T18:58:22.4704162Z 
2025-07-28T18:58:22.4704848Z   < Exit [1m[It][0m basic subnet load test [38;5;243m- /home/runner/work/subnet-evm/subnet-evm/tests/load/load_test.go:72 @ 07/28/25 18:58:22.467 (2m8.466s)[0m
2025-07-28T18:58:22.4706099Z   > Enter [1m[AfterEach][0m TOP-LEVEL [38;5;243m- /home/runner/go/pkg/mod/github.com/ava-labs/avalanchego@v1.13.3/tests/fixture/e2e/metrics_link.go:33 @ 07/28/25 18:58:22.467[0m
2025-07-28T18:58:22.4707392Z   < Exit [1m[AfterEach][0m TOP-LEVEL [38;5;243m- /home/runner/go/pkg/mod/github.com/ava-labs/avalanchego@v1.13.3/tests/fixture/e2e/metrics_link.go:33 @ 07/28/25 18:58:22.467 (0s)[0m
2025-07-28T18:58:22.4710585Z   > Enter [1m[DeferCleanup (Each)][0m [Load Simulator] [38;5;243m- /home/runner/go/pkg/mod/github.com/ava-labs/avalanchego@v1.13.3/tests/fixture/e2e/ginkgo_test_context.go:96 @ 07/28/25 18:58:22.467[0m
2025-07-28T18:58:22.4712159Z   < Exit [1m[DeferCleanup (Each)][0m [Load Simulator] [38;5;243m- /home/runner/go/pkg/mod/github.com/ava-labs/avalanchego@v1.13.3/tests/fixture/e2e/ginkgo_test_context.go:96 @ 07/28/25 18:58:22.467 (0s)[0m
2025-07-28T18:58:22.4713883Z   > Enter [1m[DeferCleanup (Each)][0m [Load Simulator] [38;5;243m- /home/runner/go/pkg/mod/github.com/ava-labs/avalanchego@v1.13.3/tests/fixture/e2e/ginkgo_test_context.go:96 @ 07/28/25 18:58:22.467[0m
2025-07-28T18:58:22.4715367Z   < Exit [1m[DeferCleanup (Each)][0m [Load Simulator] [38;5;243m- /home/runner/go/pkg/mod/github.com/ava-labs/avalanchego@v1.13.3/tests/fixture/e2e/ginkgo_test_context.go:96 @ 07/28/25 18:58:22.467 (0s)[0m
2025-07-28T18:58:22.4716801Z   > Enter [1m[DeferCleanup (Each)][0m [Load Simulator] [38;5;243m- /home/runner/go/pkg/mod/github.com/ava-labs/avalanchego@v1.13.3/tests/fixture/e2e/ginkgo_test_context.go:96 @ 07/28/25 18:58:22.467[0m
2025-07-28T18:58:22.4718230Z   < Exit [1m[DeferCleanup (Each)][0m [Load Simulator] [38;5;243m- /home/runner/go/pkg/mod/github.com/ava-labs/avalanchego@v1.13.3/tests/fixture/e2e/ginkgo_test_context.go:96 @ 07/28/25 18:58:22.467 (0s)[0m
2025-07-28T18:58:22.4719904Z   > Enter [1m[DeferCleanup (Each)][0m [Load Simulator] [38;5;243m- /home/runner/go/pkg/mod/github.com/ava-labs/avalanchego@v1.13.3/tests/fixture/e2e/ginkgo_test_context.go:96 @ 07/28/25 18:58:22.467[0m
2025-07-28T18:58:22.4721340Z   < Exit [1m[DeferCleanup (Each)][0m [Load Simulator] [38;5;243m- /home/runner/go/pkg/mod/github.com/ava-labs/avalanchego@v1.13.3/tests/fixture/e2e/ginkgo_test_context.go:96 @ 07/28/25 18:58:22.467 (0s)[0m
2025-07-28T18:58:22.4722757Z   > Enter [1m[DeferCleanup (Each)][0m [Load Simulator] [38;5;243m- /home/runner/go/pkg/mod/github.com/ava-labs/avalanchego@v1.13.3/tests/fixture/e2e/ginkgo_test_context.go:96 @ 07/28/25 18:58:22.468[0m
2025-07-28T18:58:22.4724431Z   < Exit [1m[DeferCleanup (Each)][0m [Load Simulator] [38;5;243m- /home/runner/go/pkg/mod/github.com/ava-labs/avalanchego@v1.13.3/tests/fixture/e2e/ginkgo_test_context.go:96 @ 07/28/25 18:58:22.468 (0s)[0m
2025-07-28T18:58:22.4725876Z   > Enter [1m[DeferCleanup (Each)][0m [Load Simulator] [38;5;243m- /home/runner/go/pkg/mod/github.com/ava-labs/avalanchego@v1.13.3/tests/fixture/e2e/ginkgo_test_context.go:96 @ 07/28/25 18:58:22.468[0m
2025-07-28T18:58:22.4727366Z   < Exit [1m[DeferCleanup (Each)][0m [Load Simulator] [38;5;243m- /home/runner/go/pkg/mod/github.com/ava-labs/avalanchego@v1.13.3/tests/fixture/e2e/ginkgo_test_context.go:96 @ 07/28/25 18:58:22.468 (0s)[0m
2025-07-28T18:58:22.4728823Z   > Enter [1m[DeferCleanup (Each)][0m [Load Simulator] [38;5;243m- /home/runner/go/pkg/mod/github.com/ava-labs/avalanchego@v1.13.3/tests/fixture/e2e/ginkgo_test_context.go:96 @ 07/28/25 18:58:22.468[0m
2025-07-28T18:58:22.4730250Z   < Exit [1m[DeferCleanup (Each)][0m [Load Simulator] [38;5;243m- /home/runner/go/pkg/mod/github.com/ava-labs/avalanchego@v1.13.3/tests/fixture/e2e/ginkgo_test_context.go:96 @ 07/28/25 18:58:22.468 (0s)[0m
2025-07-28T18:58:22.4731720Z   > Enter [1m[DeferCleanup (Each)][0m [Load Simulator] [38;5;243m- /home/runner/go/pkg/mod/github.com/ava-labs/avalanchego@v1.13.3/tests/fixture/e2e/ginkgo_test_context.go:96 @ 07/28/25 18:58:22.468[0m
2025-07-28T18:58:22.4733414Z   < Exit [1m[DeferCleanup (Each)][0m [Load Simulator] [38;5;243m- /home/runner/go/pkg/mod/github.com/ava-labs/avalanchego@v1.13.3/tests/fixture/e2e/ginkgo_test_context.go:96 @ 07/28/25 18:58:22.468 (0s)[0m
2025-07-28T18:58:22.4735062Z   > Enter [1m[DeferCleanup (All)][0m [Load Simulator] [38;5;243m- /home/runner/go/pkg/mod/github.com/ava-labs/avalanchego@v1.13.3/tests/fixture/e2e/ginkgo_test_context.go:96 @ 07/28/25 18:58:22.468[0m
2025-07-28T18:58:22.4736486Z   < Exit [1m[DeferCleanup (All)][0m [Load Simulator] [38;5;243m- /home/runner/go/pkg/mod/github.com/ava-labs/avalanchego@v1.13.3/tests/fixture/e2e/ginkgo_test_context.go:96 @ 07/28/25 18:58:22.468 (0s)[0m
2025-07-28T18:58:22.4738078Z   > Enter [1m[DeferCleanup (All)][0m [Load Simulator] [38;5;243m- /home/runner/go/pkg/mod/github.com/ava-labs/avalanchego@v1.13.3/tests/fixture/e2e/ginkgo_test_context.go:96 @ 07/28/25 18:58:22.468[0m
2025-07-28T18:58:22.4739498Z   < Exit [1m[DeferCleanup (All)][0m [Load Simulator] [38;5;243m- /home/runner/go/pkg/mod/github.com/ava-labs/avalanchego@v1.13.3/tests/fixture/e2e/ginkgo_test_context.go:96 @ 07/28/25 18:58:22.468 (0s)[0m
2025-07-28T18:58:22.4740898Z   > Enter [1m[DeferCleanup (All)][0m [Load Simulator] [38;5;243m- /home/runner/go/pkg/mod/github.com/ava-labs/avalanchego@v1.13.3/tests/fixture/e2e/ginkgo_test_context.go:96 @ 07/28/25 18:58:22.468[0m
2025-07-28T18:58:22.4742313Z   < Exit [1m[DeferCleanup (All)][0m [Load Simulator] [38;5;243m- /home/runner/go/pkg/mod/github.com/ava-labs/avalanchego@v1.13.3/tests/fixture/e2e/ginkgo_test_context.go:96 @ 07/28/25 18:58:22.468 (0s)[0m
2025-07-28T18:58:22.4743993Z   > Enter [1m[DeferCleanup (All)][0m [Load Simulator] [38;5;243m- /home/runner/go/pkg/mod/github.com/ava-labs/avalanchego@v1.13.3/tests/fixture/e2e/ginkgo_test_context.go:96 @ 07/28/25 18:58:22.468[0m
2025-07-28T18:58:22.4745614Z   < Exit [1m[DeferCleanup (All)][0m [Load Simulator] [38;5;243m- /home/runner/go/pkg/mod/github.com/ava-labs/avalanchego@v1.13.3/tests/fixture/e2e/ginkgo_test_context.go:96 @ 07/28/25 18:58:22.468 (0s)[0m
2025-07-28T18:58:22.4747037Z   > Enter [1m[DeferCleanup (All)][0m [Load Simulator] [38;5;243m- /home/runner/go/pkg/mod/github.com/ava-labs/avalanchego@v1.13.3/tests/fixture/e2e/ginkgo_test_context.go:96 @ 07/28/25 18:58:22.468[0m
2025-07-28T18:58:22.4748452Z   < Exit [1m[DeferCleanup (All)][0m [Load Simulator] [38;5;243m- /home/runner/go/pkg/mod/github.com/ava-labs/avalanchego@v1.13.3/tests/fixture/e2e/ginkgo_test_context.go:96 @ 07/28/25 18:58:22.468 (0s)[0m
2025-07-28T18:58:22.4749874Z   > Enter [1m[DeferCleanup (All)][0m [Load Simulator] [38;5;243m- /home/runner/go/pkg/mod/github.com/ava-labs/avalanchego@v1.13.3/tests/fixture/e2e/ginkgo_test_context.go:96 @ 07/28/25 18:58:22.468[0m
2025-07-28T18:58:22.4751286Z   < Exit [1m[DeferCleanup (All)][0m [Load Simulator] [38;5;243m- /home/runner/go/pkg/mod/github.com/ava-labs/avalanchego@v1.13.3/tests/fixture/e2e/ginkgo_test_context.go:96 @ 07/28/25 18:58:22.468 (0s)[0m
2025-07-28T18:58:22.4752691Z   > Enter [1m[DeferCleanup (All)][0m [Load Simulator] [38;5;243m- /home/runner/go/pkg/mod/github.com/ava-labs/avalanchego@v1.13.3/tests/fixture/e2e/ginkgo_test_context.go:96 @ 07/28/25 18:58:22.468[0m
2025-07-28T18:58:22.4754314Z   < Exit [1m[DeferCleanup (All)][0m [Load Simulator] [38;5;243m- /home/runner/go/pkg/mod/github.com/ava-labs/avalanchego@v1.13.3/tests/fixture/e2e/ginkgo_test_context.go:96 @ 07/28/25 18:58:22.468 (0s)[0m
2025-07-28T18:58:22.4755753Z   > Enter [1m[DeferCleanup (All)][0m [Load Simulator] [38;5;243m- /home/runner/go/pkg/mod/github.com/ava-labs/avalanchego@v1.13.3/tests/fixture/e2e/ginkgo_test_context.go:96 @ 07/28/25 18:58:22.468[0m
2025-07-28T18:58:22.4757175Z   < Exit [1m[DeferCleanup (All)][0m [Load Simulator] [38;5;243m- /home/runner/go/pkg/mod/github.com/ava-labs/avalanchego@v1.13.3/tests/fixture/e2e/ginkgo_test_context.go:96 @ 07/28/25 18:58:22.468 (0s)[0m
2025-07-28T18:58:22.4758587Z   > Enter [1m[DeferCleanup (All)][0m [Load Simulator] [38;5;243m- /home/runner/go/pkg/mod/github.com/ava-labs/avalanchego@v1.13.3/tests/fixture/e2e/ginkgo_test_context.go:96 @ 07/28/25 18:58:22.468[0m
2025-07-28T18:58:22.4759566Z    [0;0mINFO[0;0m	delaying network shutdown to ensure final metrics scrape	{"delay": "12s"}
2025-07-28T18:58:34.4705553Z    [0;0mINFO[0;0m	shutting down network
2025-07-28T18:58:34.6451287Z   < Exit [1m[DeferCleanup (All)][0m [Load Simulator] [38;5;243m- /home/runner/go/pkg/mod/github.com/ava-labs/avalanchego@v1.13.3/tests/fixture/e2e/ginkgo_test_context.go:96 @ 07/28/25 18:58:34.644 (12.176s)[0m
2025-07-28T18:58:34.6464695Z   > Enter [1m[DeferCleanup (All)][0m [Load Simulator] [38;5;243m- /home/runner/go/pkg/mod/github.com/ava-labs/avalanchego@v1.13.3/tests/fixture/e2e/ginkgo_test_context.go:96 @ 07/28/25 18:58:34.644[0m
2025-07-28T18:58:34.6466718Z   < Exit [1m[DeferCleanup (All)][0m [Load Simulator] [38;5;243m- /home/runner/go/pkg/mod/github.com/ava-labs/avalanchego@v1.13.3/tests/fixture/e2e/ginkgo_test_context.go:96 @ 07/28/25 18:58:34.644 (0s)[0m
2025-07-28T18:58:34.6468449Z   > Enter [1m[DeferCleanup (All)][0m [Load Simulator] [38;5;243m- /home/runner/go/pkg/mod/github.com/ava-labs/avalanchego@v1.13.3/tests/fixture/e2e/ginkgo_test_context.go:96 @ 07/28/25 18:58:34.644[0m
2025-07-28T18:58:34.6470722Z    [0;0mINFO[0;0m	checking if logs exist	{"url": "https://loki-poc.avax-dev.network", "query": "sum(count_over_time({network_uuid=\"73586520-12f5-4052-a470-6a91b090f24e\"}[1h]))"}
2025-07-28T18:58:35.5947780Z    [0;0mINFO[0;0m	collected count is non-zero	{"type": "logs", "count": 954566}
2025-07-28T18:58:35.5950210Z   < Exit [1m[DeferCleanup (All)][0m [Load Simulator] [38;5;243m- /home/runner/go/pkg/mod/github.com/ava-labs/avalanchego@v1.13.3/tests/fixture/e2e/ginkgo_test_context.go:96 @ 07/28/25 18:58:35.594 (950ms)[0m
2025-07-28T18:58:35.5953979Z   > Enter [1m[DeferCleanup (All)][0m [Load Simulator] [38;5;243m- /home/runner/go/pkg/mod/github.com/ava-labs/avalanchego@v1.13.3/tests/fixture/e2e/ginkgo_test_context.go:96 @ 07/28/25 18:58:35.594[0m
2025-07-28T18:58:35.5956252Z    [0;0mINFO[0;0m	checking if metrics exist	{"url": "https://prometheus-poc.avax-dev.network", "query": "count({network_uuid=\"73586520-12f5-4052-a470-6a91b090f24e\"})"}
2025-07-28T18:58:35.7748745Z    [0;0mINFO[0;0m	collected count is non-zero	{"type": "metrics", "count": 15261}
2025-07-28T18:58:35.7751415Z   < Exit [1m[DeferCleanup (All)][0m [Load Simulator] [38;5;243m- /home/runner/go/pkg/mod/github.com/ava-labs/avalanchego@v1.13.3/tests/fixture/e2e/ginkgo_test_context.go:96 @ 07/28/25 18:58:35.774 (180ms)[0m
2025-07-28T18:58:35.7755352Z   > Enter [1m[DeferCleanup (All)][0m [Load Simulator] [38;5;243m- /home/runner/go/pkg/mod/github.com/ava-labs/avalanchego@v1.13.3/tests/fixture/e2e/ginkgo_test_context.go:96 @ 07/28/25 18:58:35.774[0m
2025-07-28T18:58:35.7759030Z   < Exit [1m[DeferCleanup (All)][0m [Load Simulator] [38;5;243m- /home/runner/go/pkg/mod/github.com/ava-labs/avalanchego@v1.13.3/tests/fixture/e2e/ginkgo_test_context.go:96 @ 07/28/25 18:58:35.774 (0s)[0m
2025-07-28T18:58:35.7762032Z   > Enter [1m[DeferCleanup (All)][0m [Load Simulator] [38;5;243m- /home/runner/go/pkg/mod/github.com/ava-labs/avalanchego@v1.13.3/tests/fixture/e2e/ginkgo_test_context.go:96 @ 07/28/25 18:58:35.774[0m
2025-07-28T18:58:35.7764815Z   < Exit [1m[DeferCleanup (All)][0m [Load Simulator] [38;5;243m- /home/runner/go/pkg/mod/github.com/ava-labs/avalanchego@v1.13.3/tests/fixture/e2e/ginkgo_test_context.go:96 @ 07/28/25 18:58:35.774 (0s)[0m
2025-07-28T18:58:35.7768648Z [38;5;10m• [158.022 seconds][0m
2025-07-28T18:58:35.7769286Z [38;5;243m------------------------------[0m
2025-07-28T18:58:35.7769597Z 
2025-07-28T18:58:35.7769903Z [38;5;10m[1mRan 1 of 1 Specs in 158.022 seconds[0m
2025-07-28T18:58:35.7770925Z [38;5;10m[1mSUCCESS![0m -- [38;5;10m[1m1 Passed[0m | [38;5;9m[1m0 Failed[0m | [38;5;11m[1m0 Pending[0m | [38;5;14m[1m0 Skipped[0m
2025-07-28T18:58:35.7771657Z PASS
2025-07-28T18:58:35.7942133Z 
2025-07-28T18:58:35.7942680Z Ginkgo ran 1 suite in 3m31.690581133s
2025-07-28T18:58:35.7943235Z Test Suite Passed
2025-07-28T18:58:35.8076743Z ##[group]Run actions/upload-artifact@v4
2025-07-28T18:58:35.8077019Z with:
2025-07-28T18:58:35.8077202Z   name: load-tmpnet-data
2025-07-28T18:58:35.8077622Z   path: ~/.tmpnet/networks
~/.tmpnet/prometheus/prometheus.log
~/.tmpnet/promtail/promtail.log

2025-07-28T18:58:35.8078072Z   if-no-files-found: error
2025-07-28T18:58:35.8078294Z   compression-level: 6
2025-07-28T18:58:35.8078498Z   overwrite: false
2025-07-28T18:58:35.8078900Z   include-hidden-files: false
2025-07-28T18:58:35.8079130Z env:
2025-07-28T18:58:35.8079315Z   TMPDIR: /home/runner/work/_temp
2025-07-28T18:58:35.8079549Z ##[endgroup]
2025-07-28T18:58:36.0717595Z Multiple search paths detected. Calculating the least common ancestor of all paths
2025-07-28T18:58:36.0720514Z The least common ancestor is /home/runner/.tmpnet. This will be the root directory of the artifact
2025-07-28T18:58:36.0721391Z With the provided path, there will be 150 files uploaded
2025-07-28T18:58:36.0727488Z Artifact name is valid!
2025-07-28T18:58:36.0729231Z Root directory input is valid!
2025-07-28T18:58:36.3878037Z Beginning upload of artifact content to blob storage
2025-07-28T18:58:37.8712466Z Uploaded bytes 8388608
2025-07-28T18:58:38.3393849Z Uploaded bytes 16777216
2025-07-28T18:58:38.6748881Z Uploaded bytes 25165824
2025-07-28T18:58:38.7644435Z Uploaded bytes 33554432
2025-07-28T18:58:39.1542809Z Uploaded bytes 41943040
2025-07-28T18:58:39.5831330Z Uploaded bytes 50331648
2025-07-28T18:58:39.7685854Z Uploaded bytes 52105737
2025-07-28T18:58:39.8492914Z Finished uploading artifact content to blob storage!
2025-07-28T18:58:39.8495879Z SHA256 digest of uploaded artifact zip is 561ebff2a1808162e55bf95ebb6c28c0726c6c04d9cfe2b45e5b30c6dc0c41a5
2025-07-28T18:58:39.8497360Z Finalizing artifact upload
2025-07-28T18:58:39.9887694Z Artifact load-tmpnet-data.zip successfully finalized. Artifact ID 3632473698
2025-07-28T18:58:39.9889043Z Artifact load-tmpnet-data has been successfully uploaded! Final size is 52105737 bytes. Artifact ID is 3632473698
2025-07-28T18:58:39.9895472Z Artifact download URL: https://github.com/ava-labs/subnet-evm/actions/runs/16577648665/artifacts/3632473698
